MPLINK 5.00, LINKER
Linker Map File - Created Thu Mar 19 20:00:44 2026

                                 Section Info
                  Section       Type    Address   Location Size(Bytes)
                ---------  ---------  ---------  ---------  ---------
    REMAPPED_RESET_VECTOR       code   0x001000    program   0x000006
REMAPPED_HIGH_INTERRUPT_VECTOR       code   0x001008    program   0x000006
REMAPPED_LOW_INTERRUPT_VECTOR       code   0x001018    program   0x000006
                   .cinit    romdata   0x00102a    program   0x000026
              .code_ebb.o       code   0x001050    program   0x0039c0
              .code_UBW.o       code   0x004a10    program   0x002c60
       .code_usb_device.o       code   0x007670    program   0x000d3e
         .code_RCServo2.o       code   0x0083ae    program   0x000472
                     PROG       code   0x008820    program   0x000466
 .code_usb_function_cdc.o       code   0x008c86    program   0x0003c6
             .stringtable    romdata   0x00904c    program   0x0002d2
        .code_ebb_print.o       code   0x00931e    program   0x000230
  .code_WriteBytesFlash.o       code   0x00954e    program   0x0001de
             .code_main.o       code   0x00972c    program   0x00014e
                    .code       code   0x00987a    program   0x000140
       .code_EraseFlash.o       code   0x0099ba    program   0x0000f8
           .romdata_UBW.o    romdata   0x009ab2    program   0x0000a8
               _cinit_scn       code   0x009b5a    program   0x00009e
        .code_ReadFlash.o       code   0x009bf8    program   0x000092
           .code_u1open.o       code   0x009c8a    program   0x000072
          .code_fxm3232.o       code   0x009cfc    program   0x000070
.romdata_usb_descriptors.o    romdata   0x009d6c    program   0x000057
        .idata_u1open.o_i    romdata   0x009dc3    program   0x000000
        .romdata_u1open.o    romdata   0x009dc3    program   0x000000
       .romdata_fxm3232.o    romdata   0x009dc3    program   0x000000
     .idata_ReadFlash.o_i    romdata   0x009dc3    program   0x000000
       .idata_fxm3232.o_i    romdata   0x009dc3    program   0x000000
     .romdata_ReadFlash.o    romdata   0x009dc3    program   0x000000
       .idata_u1write.o_i    romdata   0x009dc3    program   0x000000
       .romdata_u1write.o    romdata   0x009dc3    program   0x000000
       .romdata_pow2x16.o    romdata   0x009dc3    program   0x000000
       .idata_pow2x16.o_i    romdata   0x009dc3    program   0x000000
        .idata_u1defs.o_i    romdata   0x009dc3    program   0x000000
        .romdata_u1defs.o    romdata   0x009dc3    program   0x000000
.idata_WriteBytesFlash.o_i    romdata   0x009dc3    program   0x000000
.romdata_WriteBytesFlash.o    romdata   0x009dc3    program   0x000000
        .idata___init.o_i    romdata   0x009dc3    program   0x000000
        .romdata___init.o    romdata   0x009dc3    program   0x000000
        .idata_u1baud.o_i    romdata   0x009dc3    program   0x000000
        .romdata_u1baud.o    romdata   0x009dc3    program   0x000000
.romdata_usb_function_cdc.o    romdata   0x009dc3    program   0x000000
           .romdata_ebb.o    romdata   0x009dc3    program   0x000000
.idata_usb_function_cdc.o_i    romdata   0x009dc3    program   0x000000
          .idata_main.o_i    romdata   0x009dc3    program   0x000000
          .romdata_main.o    romdata   0x009dc3    program   0x000000
    .romdata_usb_device.o    romdata   0x009dc3    program   0x000000
      .idata_RCServo2.o_i    romdata   0x009dc3    program   0x000000
      .romdata_RCServo2.o    romdata   0x009dc3    program   0x000000
    .idata_usb_device.o_i    romdata   0x009dc3    program   0x000000
         .romdata_c018i.o    romdata   0x009dc3    program   0x000000
     .idata_ebb_print.o_i    romdata   0x009dc3    program   0x000000
     .romdata_ebb_print.o    romdata   0x009dc3    program   0x000000
    .idata_EraseFlash.o_i    romdata   0x009dc3    program   0x000000
    .romdata_EraseFlash.o    romdata   0x009dc3    program   0x000000
      .idata_fxd3232u.o_i    romdata   0x009dc3    program   0x000000
      .romdata_fxd3232u.o    romdata   0x009dc3    program   0x000000
         .idata_c018i.o_i    romdata   0x009dc3    program   0x000000
            .code_c018i.o       code   0x009dc4    program   0x000000
           .code_u1defs.o       code   0x009dc4    program   0x000000
  .code_usb_descriptors.o       code   0x009dc4    program   0x000000
         .code_fxd3232u.o       code   0x009dc4    program   0x000048
                   STRING       code   0x009e0c    program   0x000034
          .code_u1write.o       code   0x009e40    program   0x00002e
                    CTYPE       code   0x009e6e    program   0x000028
           .code_u1baud.o       code   0x009e96    program   0x000022
             _startup_scn       code   0x009eb8    program   0x00001c
          .code_pow2x16.o       code   0x009ed4    program   0x000016
           .code___init.o       code   0x009eea    program   0x000002
.idata_usb_descriptors.o_i    romdata   0x009eec    program   0x00007e
           .idata_ebb.o_i    romdata   0x009f6a    program   0x000002
           .idata_UBW.o_i    romdata   0x009f6c    program   0x000009
               ISR_access      udata   0x000000       data   0x00003a
                MATH_DATA      udata   0x00003a       data   0x000014
                 .tmpdata      udata   0x00004e       data   0x000008
              low_ISR_tmp      udata   0x000056       data   0x000004
             high_ISR_tmp      udata   0x00005a       data   0x000004
         RC2Servo_globals      udata   0x000060       data   0x000047
                  ISR_buf      udata   0x000100       data   0x000029
             .udata_ebb.o      udata   0x000129       data   0x00004f
              ISR_globals      udata   0x000180       data   0x000071
       .udata_ebb_print.o      udata   0x0001f1       data   0x00000e
               com_tx_buf      udata   0x000200       data   0x000080
 .idata_usb_descriptors.o      idata   0x000280       data   0x00007e
            .udata_main.o      udata   0x0002fe       data   0x000002
               com_rx_buf      udata   0x000300       data   0x000100
                  USB_BDT      udata   0x000400       data   0x000078
             .udata_UBW.o      udata   0x000478       data   0x00006f
             .idata_UBW.o      idata   0x0004e7       data   0x000009
                  sqrtVar      udata   0x000500       data   0x000014
.udata_usb_function_cdc.o      udata   0x000514       data   0x0000a8
      .udata_usb_device.o      udata   0x0005bc       data   0x000034
           .udata_c018i.o      udata   0x0005f0       data   0x00000a
             .idata_ebb.o      idata   0x0005fa       data   0x000002
          .udata_u1defs.o      udata   0x0005fc       data   0x000001
         .idata_u1write.o      idata   0x0005fd       data   0x000000
      .udata_EraseFlash.o      udata   0x0005fd       data   0x000000
          .idata_u1defs.o      idata   0x0005fd       data   0x000000
 .udata_WriteBytesFlash.o      udata   0x0005fd       data   0x000000
      .idata_EraseFlash.o      idata   0x0005fd       data   0x000000
 .idata_WriteBytesFlash.o      idata   0x0005fd       data   0x000000
        .udata_fxd3232u.o      udata   0x0005fd       data   0x000000
        .idata_fxd3232u.o      idata   0x0005fd       data   0x000000
         .udata_fxm3232.o      udata   0x0005fd       data   0x000000
         .idata_fxm3232.o      idata   0x0005fd       data   0x000000
          .udata_u1open.o      udata   0x0005fd       data   0x000000
          .idata_u1open.o      idata   0x0005fd       data   0x000000
       .udata_ReadFlash.o      udata   0x0005fd       data   0x000000
       .idata_ReadFlash.o      idata   0x0005fd       data   0x000000
         .udata_u1write.o      udata   0x0005fd       data   0x000000
          .udata___init.o      udata   0x0005fd       data   0x000000
          .idata___init.o      idata   0x0005fd       data   0x000000
          .udata_u1baud.o      udata   0x0005fd       data   0x000000
          .idata_u1baud.o      idata   0x0005fd       data   0x000000
         .udata_pow2x16.o      udata   0x0005fd       data   0x000000
         .idata_pow2x16.o      idata   0x0005fd       data   0x000000
       .idata_ebb_print.o      idata   0x0005fd       data   0x000000
           .idata_c018i.o      idata   0x0005fd       data   0x000000
 .udata_usb_descriptors.o      udata   0x0005fd       data   0x000000
      .idata_usb_device.o      idata   0x0005fd       data   0x000000
        .idata_RCServo2.o      idata   0x0005fd       data   0x000000
        .udata_RCServo2.o      udata   0x0005fd       data   0x000000
            .idata_main.o      idata   0x0005fd       data   0x000000
.idata_usb_function_cdc.o      idata   0x0005fd       data   0x000000
                 FIFO_scn      udata   0x000600       data   0x000800
                   .stack      udata   0x000e00       data   0x0000c0
              SFR_BANKED0      udata   0x000ec6       data   0x00000e
              SFR_BANKED1      udata   0x000ed7       data   0x000008
              SFR_BANKED2      udata   0x000ee7       data   0x000004
              SFR_BANKED3      udata   0x000eec       data   0x000003
              SFR_BANKED4      udata   0x000ef2       data   0x000002
              SFR_BANKED5      udata   0x000ef6       data   0x000002
              SFR_BANKED6      udata   0x000efb       data   0x000005
              SFR_BANKED7      udata   0x000f26       data   0x000014
              SFR_BANKED8      udata   0x000f3c       data   0x000007
              SFR_BANKED9      udata   0x000f48       data   0x000008
             SFR_BANKED10      udata   0x000f52       data   0x00000e
            SFR_UNBANKED0      udata   0x000f60       data   0x0000a0



                              Program Memory Usage 
                               Start         End      
                           ---------   ---------      
                            0x001000    0x001005      
                            0x001008    0x00100d      
                            0x001018    0x00101d      
                            0x00102a    0x009dc2      
                            0x009dc4    0x009f74      
            36700 out of 63498 program addresses used, program memory utilization is 57%



                              Symbols - Sorted by Name
                     Name    Address   Location    Storage File                     
                ---------  ---------  ---------  --------- ---------                
          AnalogConfigure   0x00623e    program     extern D:\Projects\EggBot1-GH\EBB_firmware\app.X\source\UBW.c
           BlinkUSBStatus   0x006fd8    program     extern D:\Projects\EggBot1-GH\EBB_firmware\app.X\source\UBW.c
                CDCInitEP   0x008d22    program     extern D:\Projects\EggBot1-GH\EBB_firmware\Microchip\USB\CDC Device Driver\usb_function_cdc.c
             CDCTxService   0x008eb8    program     extern D:\Projects\EggBot1-GH\EBB_firmware\Microchip\USB\CDC Device Driver\usb_function_cdc.c
   CheckForAndPrintErrors   0x004fe8    program     extern D:\Projects\EggBot1-GH\EBB_firmware\app.X\source\UBW.c
CheckForLimitSwitchReplies   0x00506c    program     extern D:\Projects\EggBot1-GH\EBB_firmware\app.X\source\UBW.c
      CheckForNextCommand   0x001798    program     static                          
                   D3232S   0x008a06    program     static E:\3.46\pic18-lt\cxx-framework\src\traditional\math\fxd3232s.asm
                D3232SNEG   0x008a14    program     static E:\3.46\pic18-lt\cxx-framework\src\traditional\math\fxd3232s.asm
                 D3232SOK   0x008a10    program     static E:\3.46\pic18-lt\cxx-framework\src\traditional\math\fxd3232s.asm
                  D3232SX   0x008a34    program     static E:\3.46\pic18-lt\cxx-framework\src\traditional\math\fxd3232s.asm
                  DA3232S   0x0089f0    program     static E:\3.46\pic18-lt\cxx-framework\src\traditional\math\fxd3232s.asm
                     Done   0x0098dc    program     static source\squareroot.s      
                   Done32   0x009950    program     static source\squareroot.s      
                 EBB_Init   0x0020cc    program     extern D:\Projects\EggBot1-GH\EBB_firmware\app.X\source\ebb.c
               EraseFlash   0x0099ba    program     extern E:\3.46\pic18-lt\cxx-framework\src\pmc_common\Flash\EraseFlash.c
                 ErrorSet   0x00716c    program     extern D:\Projects\EggBot1-GH\EBB_firmware\app.X\source\UBW.c
                 FLO3232S   0x008824    program     extern E:\3.46\pic18-lt\cxx-framework\src\traditional\math\cast32FP.asm
                 FLO3232U   0x008820    program     extern E:\3.46\pic18-lt\cxx-framework\src\traditional\math\cast32FP.asm
                    FPD32   0x008856    program     extern E:\3.46\pic18-lt\cxx-framework\src\traditional\math\divFP.asm
                    FPM32   0x0088fc    program     extern E:\3.46\pic18-lt\cxx-framework\src\traditional\math\mulFP.asm
                 FXD3232S   0x0089d6    program     extern E:\3.46\pic18-lt\cxx-framework\src\traditional\math\fxd3232s.asm
                 FXD3232U   0x009dc4    program     extern E:\3.46\pic18-lt\cxx-framework\src\traditional\math\fxd3232u.c
                  FXM3232   0x009cfc    program     extern E:\3.46\pic18-lt\cxx-framework\src\traditional\math\fxm3232.c
                  INT3232   0x008a3e    program     extern E:\3.46\pic18-lt\cxx-framework\src\traditional\math\castFP32.asm
         InitializeSystem   0x00973c    program     static D:\Projects\EggBot1-GH\EBB_firmware\app.X\source\main.c
                LongDelay   0x00689c    program     extern D:\Projects\EggBot1-GH\EBB_firmware\app.X\source\UBW.c
                  NextBit   0x0098cc    program     static source\squareroot.s      
       NonStepperCommands   0x0014f0    program     static                          
                  NxtBt16   0x009934    program     static source\squareroot.s      
               Open1USART   0x009c8a    program     extern E:\3.46\pic18-lt\cxx-framework\src\pmc_common\USART\u1open.c
               OutputBits   0x001430    program     static                          
                ProcessIO   0x0050ae    program     extern D:\Projects\EggBot1-GH\EBB_firmware\app.X\source\UBW.c
            RCServo2_Init   0x0083ae    program     extern D:\Projects\EggBot1-GH\EBB_firmware\app.X\source\RCServo2.c
            RCServo2_Move   0x00854c    program     extern D:\Projects\EggBot1-GH\EBB_firmware\app.X\source\RCServo2.c
      RCServo2_S2_command   0x008498    program     extern D:\Projects\EggBot1-GH\EBB_firmware\app.X\source\RCServo2.c
RCServo2_get_channel_from_RPn   0x00845e    program     extern D:\Projects\EggBot1-GH\EBB_firmware\app.X\source\RCServo2.c
                   RPnBit   0x009b41    program     extern D:\Projects\EggBot1-GH\EBB_firmware\app.X\source\UBW.c
               RPnLATPort   0x009b0f    program     extern D:\Projects\EggBot1-GH\EBB_firmware\app.X\source\UBW.c
              RPnTRISPort   0x009add    program     extern D:\Projects\EggBot1-GH\EBB_firmware\app.X\source\UBW.c
                ReadFlash   0x009bf8    program     extern E:\3.46\pic18-lt\cxx-framework\src\pmc_common\Flash\ReadFlash.c
        Remapped_High_ISR   0x001008    program     extern D:\Projects\EggBot1-GH\EBB_firmware\app.X\source\main.c
         Remapped_Low_ISR   0x001018    program     extern D:\Projects\EggBot1-GH\EBB_firmware\app.X\source\main.c
         SetPinLATFromRPn   0x0070b4    program     extern D:\Projects\EggBot1-GH\EBB_firmware\app.X\source\UBW.c
        SetPinTRISFromRPn   0x007110    program     extern D:\Projects\EggBot1-GH\EBB_firmware\app.X\source\UBW.c
                     Sq16   0x009960    program     static source\squareroot.s      
                     Sqrt   0x00987a    program     extern source\squareroot.s      
                   Sqrt16   0x0098a4    program     static source\squareroot.s      
                   Sqrt32   0x0098ea    program     static source\squareroot.s      
                  Squar16   0x0098f8    program     static source\squareroot.s      
                  Square8   0x0098ac    program     static source\squareroot.s      
                  TAGTB32   0x008aac    program     extern E:\3.46\pic18-lt\cxx-framework\src\traditional\math\gtFP.asm
                  TALTB32   0x008abe    program     extern E:\3.46\pic18-lt\cxx-framework\src\traditional\math\ltFP.asm
       USBCBCheckOtherReq   0x009798    program     extern D:\Projects\EggBot1-GH\EBB_firmware\app.X\source\main.c
        USBCBErrorHandler   0x009796    program     extern D:\Projects\EggBot1-GH\EBB_firmware\app.X\source\main.c
              USBCBInitEP   0x00979e    program     extern D:\Projects\EggBot1-GH\EBB_firmware\app.X\source\main.c
          USBCBSendResume   0x0097a2    program     extern D:\Projects\EggBot1-GH\EBB_firmware\app.X\source\main.c
    USBCBStdSetDscHandler   0x00979c    program     extern D:\Projects\EggBot1-GH\EBB_firmware\app.X\source\main.c
             USBCBSuspend   0x009790    program     extern D:\Projects\EggBot1-GH\EBB_firmware\app.X\source\main.c
     USBCBWakeFromSuspend   0x009792    program     extern D:\Projects\EggBot1-GH\EBB_firmware\app.X\source\main.c
        USBCB_SOF_Handler   0x009794    program     extern D:\Projects\EggBot1-GH\EBB_firmware\app.X\source\main.c
       USBCDCEventHandler   0x008d64    program     extern D:\Projects\EggBot1-GH\EBB_firmware\Microchip\USB\CDC Device Driver\usb_function_cdc.c
              USBCancelIO   0x00799c    program     extern D:\Projects\EggBot1-GH\EBB_firmware\Microchip\USB\usb_device.c
       USBCheckCDCRequest   0x008c86    program     extern D:\Projects\EggBot1-GH\EBB_firmware\Microchip\USB\CDC Device Driver\usb_function_cdc.c
       USBCheckStdRequest   0x007f9c    program     static D:\Projects\EggBot1-GH\EBB_firmware\Microchip\USB\usb_device.c
     USBConfigureEndpoint   0x007a5c    program     static D:\Projects\EggBot1-GH\EBB_firmware\Microchip\USB\usb_device.c
  USBCtrlEPAllowDataStage   0x007a1e    program     extern D:\Projects\EggBot1-GH\EBB_firmware\Microchip\USB\usb_device.c
USBCtrlEPAllowStatusStage   0x0079d2    program     extern D:\Projects\EggBot1-GH\EBB_firmware\Microchip\USB\usb_device.c
         USBCtrlEPService   0x007e40    program     static D:\Projects\EggBot1-GH\EBB_firmware\Microchip\USB\usb_device.c
 USBCtrlEPServiceComplete   0x007ab8    program     static D:\Projects\EggBot1-GH\EBB_firmware\Microchip\USB\usb_device.c
      USBCtrlTrfInHandler   0x007f22    program     static D:\Projects\EggBot1-GH\EBB_firmware\Microchip\USB\usb_device.c
     USBCtrlTrfOutHandler   0x007f04    program     static D:\Projects\EggBot1-GH\EBB_firmware\Microchip\USB\usb_device.c
      USBCtrlTrfRxService   0x007b92    program     static D:\Projects\EggBot1-GH\EBB_firmware\Microchip\USB\usb_device.c
   USBCtrlTrfSetupHandler   0x007ece    program     static D:\Projects\EggBot1-GH\EBB_firmware\Microchip\USB\usb_device.c
      USBCtrlTrfTxService   0x007b12    program     static D:\Projects\EggBot1-GH\EBB_firmware\Microchip\USB\usb_device.c
            USBDeviceInit   0x007670    program     extern D:\Projects\EggBot1-GH\EBB_firmware\Microchip\USB\usb_device.c
           USBDeviceTasks   0x00773c    program     extern D:\Projects\EggBot1-GH\EBB_firmware\Microchip\USB\usb_device.c
        USBEnableEndpoint   0x007896    program     extern D:\Projects\EggBot1-GH\EBB_firmware\Microchip\USB\usb_device.c
         USBStallEndpoint   0x00796a    program     extern D:\Projects\EggBot1-GH\EBB_firmware\Microchip\USB\usb_device.c
          USBStallHandler   0x007dee    program     static D:\Projects\EggBot1-GH\EBB_firmware\Microchip\USB\usb_device.c
  USBStdFeatureReqHandler   0x008044    program     static D:\Projects\EggBot1-GH\EBB_firmware\Microchip\USB\usb_device.c
      USBStdGetDscHandler   0x007cd2    program     static D:\Projects\EggBot1-GH\EBB_firmware\Microchip\USB\usb_device.c
   USBStdGetStatusHandler   0x007d78    program     static D:\Projects\EggBot1-GH\EBB_firmware\Microchip\USB\usb_device.c
      USBStdSetCfgHandler   0x007c5a    program     static D:\Projects\EggBot1-GH\EBB_firmware\Microchip\USB\usb_device.c
               USBSuspend   0x007e10    program     static D:\Projects\EggBot1-GH\EBB_firmware\Microchip\USB\usb_device.c
     USBTransferOnePacket   0x0078de    program     extern D:\Projects\EggBot1-GH\EBB_firmware\Microchip\USB\usb_device.c
       USBWakeFromSuspend   0x007e26    program     static D:\Projects\EggBot1-GH\EBB_firmware\Microchip\USB\usb_device.c
               USB_CD_Ptr   0x009dc1    program     extern D:\Projects\EggBot1-GH\EBB_firmware\app.X\source\usb_descriptors.c
USER_USB_CALLBACK_EVENT_HANDLER   0x0097e6    program     extern D:\Projects\EggBot1-GH\EBB_firmware\app.X\source\main.c
                 UserInit   0x004e72    program     extern D:\Projects\EggBot1-GH\EBB_firmware\app.X\source\UBW.c
              Write1USART   0x009e40    program     extern E:\3.46\pic18-lt\cxx-framework\src\pmc_common\USART\u1write.c
          WriteBytesFlash   0x00954e    program     extern E:\3.46\pic18-lt\cxx-framework\src\pmc_common\Flash\WriteBytesFlash.c
              _2jContinue   0x009e2c    program     static E:\3.46\pic18-lt\cxx-framework\src\traditional\stdclib\memset.asm
                   _3jEnd   0x009e36    program     static E:\3.46\pic18-lt\cxx-framework\src\traditional\stdclib\memset.asm
              __FpCompare   0x008ad0    program     extern E:\3.46\pic18-lt\cxx-framework\src\traditional\math\compFP.asm
                 __FpExit   0x008b86    program     extern E:\3.46\pic18-lt\cxx-framework\src\traditional\math\packFP.asm
                 __FpPack   0x008bb2    program     extern E:\3.46\pic18-lt\cxx-framework\src\traditional\math\packFP.asm
            __FpReturnNaN   0x008b7a    program     extern E:\3.46\pic18-lt\cxx-framework\src\traditional\math\packFP.asm
         __FpReturnNegInf   0x008b8c    program     extern E:\3.46\pic18-lt\cxx-framework\src\traditional\math\packFP.asm
        __FpReturnNegZero   0x008ba4    program     extern E:\3.46\pic18-lt\cxx-framework\src\traditional\math\packFP.asm
         __FpReturnPosInf   0x008b92    program     extern E:\3.46\pic18-lt\cxx-framework\src\traditional\math\packFP.asm
        __FpReturnPosZero   0x008bac    program     extern E:\3.46\pic18-lt\cxx-framework\src\traditional\math\packFP.asm
        __FpReturnSignInf   0x008b88    program     extern E:\3.46\pic18-lt\cxx-framework\src\traditional\math\packFP.asm
       __FpReturnSignZero   0x008ba0    program     extern E:\3.46\pic18-lt\cxx-framework\src\traditional\math\packFP.asm
              __FpReturnW   0x008c0a    program     extern E:\3.46\pic18-lt\cxx-framework\src\traditional\math\packFP.asm
              __FpUnPackA   0x008c2a    program     extern E:\3.46\pic18-lt\cxx-framework\src\traditional\math\UnpackFP.asm
              __FpUnPackB   0x008c5a    program     extern E:\3.46\pic18-lt\cxx-framework\src\traditional\math\UnpackFP.asm
       ___case_0_lbl00258   0x005daa    program     static                          
       ___case_1_lbl00259   0x005daa    program     static                          
       ___case_2_lbl00257   0x005d96    program     static                          
       ___case_3_lbl00261   0x005db0    program     static                          
      ___default_lbl00260   0x005daa    program     static                          
         ___else_lbl00022   0x00121c    program     static                          
         ___else_lbl00028   0x0012c2    program     static                          
         ___else_lbl00037   0x00131e    program     static                          
         ___else_lbl00040   0x0013a2    program     static                          
         ___else_lbl00044   0x00142a    program     static                          
         ___else_lbl00049   0x001452    program     static                          
         ___else_lbl00051   0x00145e    program     static                          
         ___else_lbl00055   0x001448    program     static                          
         ___else_lbl00059   0x001492    program     static                          
         ___else_lbl00064   0x0014d0    program     static                          
         ___else_lbl00069   0x001580    program     static                          
         ___else_lbl00074   0x001630    program     static                          
         ___else_lbl00081   0x0016e0    program     static                          
         ___else_lbl00084   0x001704    program     static                          
         ___else_lbl00091   0x001754    program     static                          
         ___else_lbl00093   0x00174c    program     static                          
         ___else_lbl00095   0x001766    program     static                          
         ___else_lbl00097   0x001772    program     static                          
         ___else_lbl00099   0x00176a    program     static                          
         ___else_lbl00189   0x001a24    program     static                          
         ___else_lbl00192   0x001e78    program     static                          
         ___else_lbl00194   0x001dc0    program     static                          
         ___else_lbl00196   0x001cd0    program     static                          
         ___else_lbl00198   0x001c32    program     static                          
         ___else_lbl00200   0x001b04    program     static                          
         ___else_lbl00208   0x001f74    program     static                          
         ___else_lbl00210   0x001f86    program     static                          
         ___else_lbl00219   0x001fee    program     static                          
         ___else_lbl00225   0x002034    program     static                          
         ___else_lbl00234   0x005ab4    program     static                          
         ___else_lbl00237   0x005b04    program     static                          
         ___else_lbl00239   0x005b58    program     static                          
         ___else_lbl00241   0x005b3c    program     static                          
         ___else_lbl00246   0x005bfa    program     static                          
         ___else_lbl00248   0x005bde    program     static                          
         ___else_lbl00250   0x005c32    program     static                          
         ___else_lbl00253   0x005cd2    program     static                          
         ___else_lbl00255   0x005d0e    program     static                          
         ___else_lbl00263   0x005d80    program     static                          
         ___else_lbl00265   0x005e0e    program     static                          
         ___else_lbl00267   0x005dec    program     static                          
         ___else_lbl00269   0x005e80    program     static                          
         ___else_lbl00271   0x005e46    program     static                          
         ___else_lbl00273   0x005ef2    program     static                          
         ___else_lbl00275   0x005eb8    program     static                          
         ___else_lbl00277   0x005f60    program     static                          
         ___else_lbl00279   0x005f28    program     static                          
         ___else_lbl00283   0x005ff6    program     static                          
         ___else_lbl00285   0x005fdc    program     static                          
         ___else_lbl00287   0x006046    program     static                          
         ___else_lbl00289   0x00602c    program     static                          
         ___else_lbl00291   0x00609c    program     static                          
         ___else_lbl00293   0x006080    program     static                          
         ___else_lbl00295   0x0060aa    program     static                          
         ___else_lbl00297   0x006054    program     static                          
         ___else_lbl00299   0x006004    program     static                          
         ___else_lbl00301   0x005fb6    program     static                          
         ___else_lbl00303   0x005f6e    program     static                          
         ___else_lbl00305   0x005f00    program     static                          
         ___else_lbl00307   0x005e8e    program     static                          
         ___else_lbl00309   0x005e1c    program     static                          
         ___else_lbl00311   0x005dc4    program     static                          
         ___else_lbl00313   0x005d42    program     static                          
         ___else_lbl00315   0x005d14    program     static                          
         ___else_lbl00317   0x005cdc    program     static                          
         ___else_lbl00319   0x005ca0    program     static                          
         ___else_lbl00321   0x005c70    program     static                          
         ___else_lbl00323   0x005c3a    program     static                          
         ___else_lbl00325   0x005c08    program     static                          
         ___else_lbl00327   0x005bb4    program     static                          
         ___else_lbl00329   0x005b66    program     static                          
         ___else_lbl00331   0x005b12    program     static                          
         ___else_lbl00333   0x005ac2    program     static                          
          ___for_lbl00180   0x0019f4    program     static                          
          ___for_lbl00181   0x0019f8    program     static                          
          ___for_lbl00182   0x0019d4    program     static                          
          ___for_lbl00230   0x002134    program     static                          
          ___for_lbl00231   0x002138    program     static                          
          ___for_lbl00232   0x0020d8    program     static                          
          ___for_lbl00233   0x00220a    program     static                          
          ___for_lbl00234   0x00220e    program     static                          
          ___for_lbl00235   0x0021f6    program     static                          
          ___for_lbl00457   0x0068be    program     static                          
          ___for_lbl00458   0x0068c2    program     static                          
          ___for_lbl00461   0x0068a8    program     static                          
           ___if_lbl00001   0x001088    program     static                          
           ___if_lbl00002   0x0010a0    program     static                          
           ___if_lbl00004   0x0010ba    program     static                          
           ___if_lbl00005   0x0010ba    program     static                          
           ___if_lbl00005   0x009696    program     static                          
           ___if_lbl00006   0x0096b8    program     static                          
           ___if_lbl00006   0x0010fa    program     static                          
           ___if_lbl00007   0x0096d0    program     static                          
           ___if_lbl00007   0x001108    program     static                          
           ___if_lbl00008   0x001108    program     static                          
           ___if_lbl00009   0x001108    program     static                          
           ___if_lbl00010   0x001148    program     static                          
           ___if_lbl00011   0x001156    program     static                          
           ___if_lbl00012   0x001156    program     static                          
           ___if_lbl00013   0x001156    program     static                          
           ___if_lbl00015   0x001164    program     static                          
           ___if_lbl00016   0x001166    program     static                          
           ___if_lbl00018   0x00118a    program     static                          
           ___if_lbl00019   0x00118a    program     static                          
           ___if_lbl00020   0x00120e    program     static                          
           ___if_lbl00021   0x001222    program     static                          
           ___if_lbl00023   0x001230    program     static                          
           ___if_lbl00024   0x001230    program     static                          
           ___if_lbl00025   0x001230    program     static                          
           ___if_lbl00026   0x0012b4    program     static                          
           ___if_lbl00027   0x0012c8    program     static                          
           ___if_lbl00029   0x0012d6    program     static                          
           ___if_lbl00030   0x0012d6    program     static                          
           ___if_lbl00031   0x0012d6    program     static                          
           ___if_lbl00033   0x0012e4    program     static                          
           ___if_lbl00034   0x0012e6    program     static                          
           ___if_lbl00035   0x001302    program     static                          
           ___if_lbl00036   0x001320    program     static                          
           ___if_lbl00038   0x001394    program     static                          
           ___if_lbl00039   0x0013a8    program     static                          
           ___if_lbl00041   0x0013a8    program     static                          
           ___if_lbl00042   0x00141c    program     static                          
           ___if_lbl00043   0x001430    program     static                          
           ___if_lbl00045   0x001430    program     static                          
           ___if_lbl00046   0x001430    program     static                          
           ___if_lbl00047   0x001430    program     static                          
           ___if_lbl00048   0x001454    program     static                          
           ___if_lbl00050   0x001460    program     static                          
           ___if_lbl00052   0x001466    program     static                          
           ___if_lbl00053   0x00146c    program     static                          
           ___if_lbl00054   0x00146c    program     static                          
           ___if_lbl00056   0x001490    program     static                          
           ___if_lbl00057   0x0014aa    program     static                          
           ___if_lbl00058   0x0014aa    program     static                          
           ___if_lbl00060   0x0014aa    program     static                          
           ___if_lbl00061   0x0014ce    program     static                          
           ___if_lbl00062   0x0014e8    program     static                          
           ___if_lbl00063   0x0014e8    program     static                          
           ___if_lbl00065   0x0014e8    program     static                          
           ___if_lbl00066   0x0014f0    program     static                          
           ___if_lbl00067   0x0015fe    program     static                          
           ___if_lbl00068   0x0015fe    program     static                          
           ___if_lbl00070   0x0015fe    program     static                          
           ___if_lbl00071   0x00162e    program     static                          
           ___if_lbl00072   0x001642    program     static                          
           ___if_lbl00073   0x001642    program     static                          
           ___if_lbl00075   0x001642    program     static                          
           ___if_lbl00076   0x001642    program     static                          
           ___if_lbl00077   0x001688    program     static                          
           ___if_lbl00078   0x001688    program     static                          
           ___if_lbl00079   0x00168a    program     static                          
           ___if_lbl00080   0x0016e8    program     static                          
           ___if_lbl00082   0x0016ec    program     static                          
           ___if_lbl00083   0x001706    program     static                          
           ___if_lbl00085   0x001712    program     static                          
           ___if_lbl00086   0x001720    program     static                          
           ___if_lbl00087   0x00172e    program     static                          
           ___if_lbl00088   0x00173c    program     static                          
           ___if_lbl00089   0x00174a    program     static                          
           ___if_lbl00090   0x001756    program     static                          
           ___if_lbl00092   0x001756    program     static                          
           ___if_lbl00094   0x001768    program     static                          
           ___if_lbl00096   0x001774    program     static                          
           ___if_lbl00098   0x001774    program     static                          
           ___if_lbl00100   0x001798    program     static                          
           ___if_lbl00176   0x00199a    program     static                          
           ___if_lbl00177   0x00199a    program     static                          
           ___if_lbl00178   0x00199a    program     static                          
           ___if_lbl00183   0x0019f8    program     static                          
           ___if_lbl00184   0x0019f8    program     static                          
           ___if_lbl00185   0x001a0a    program     static                          
           ___if_lbl00186   0x001a0e    program     static                          
           ___if_lbl00187   0x001a1a    program     static                          
           ___if_lbl00188   0x001a28    program     static                          
           ___if_lbl00191   0x001ec8    program     static                          
           ___if_lbl00193   0x001ec8    program     static                          
           ___if_lbl00195   0x001ec8    program     static                          
           ___if_lbl00197   0x001ec8    program     static                          
           ___if_lbl00199   0x001ec8    program     static                          
           ___if_lbl00201   0x001f12    program     static                          
           ___if_lbl00202   0x001f28    program     static                          
           ___if_lbl00203   0x001f36    program     static                          
           ___if_lbl00204   0x001f44    program     static                          
           ___if_lbl00205   0x001f54    program     static                          
           ___if_lbl00206   0x001f64    program     static                          
           ___if_lbl00207   0x001f76    program     static                          
           ___if_lbl00209   0x001f88    program     static                          
           ___if_lbl00211   0x001f88    program     static                          
           ___if_lbl00212   0x001fb4    program     static                          
           ___if_lbl00213   0x001fe6    program     static                          
           ___if_lbl00214   0x001fec    program     static                          
           ___if_lbl00215   0x00200c    program     static                          
           ___if_lbl00216   0x00201a    program     static                          
           ___if_lbl00217   0x00201e    program     static                          
           ___if_lbl00218   0x00201e    program     static                          
           ___if_lbl00220   0x00201e    program     static                          
           ___if_lbl00221   0x002022    program     static                          
           ___if_lbl00222   0x00202a    program     static                          
           ___if_lbl00223   0x00202a    program     static                          
           ___if_lbl00224   0x002038    program     static                          
           ___if_lbl00226   0x002044    program     static                          
           ___if_lbl00227   0x00204e    program     static                          
           ___if_lbl00231   0x005a72    program     static                          
           ___if_lbl00233   0x005ac0    program     static                          
           ___if_lbl00236   0x005b10    program     static                          
           ___if_lbl00238   0x005b64    program     static                          
           ___if_lbl00240   0x005b64    program     static                          
           ___if_lbl00242   0x005ba2    program     static                          
           ___if_lbl00245   0x005c06    program     static                          
           ___if_lbl00247   0x005c06    program     static                          
           ___if_lbl00249   0x005c38    program     static                          
           ___if_lbl00251   0x005c6e    program     static                          
           ___if_lbl00252   0x005cda    program     static                          
           ___if_lbl00254   0x005d12    program     static                          
           ___if_lbl00262   0x005dbe    program     static                          
           ___if_lbl00264   0x005e1a    program     static                          
           ___if_lbl00266   0x005e1a    program     static                          
           ___if_lbl00268   0x005e8c    program     static                          
           ___if_lbl00270   0x005e8c    program     static                          
           ___if_lbl00272   0x005efe    program     static                          
           ___if_lbl00274   0x005efe    program     static                          
           ___if_lbl00276   0x005f6c    program     static                          
           ___if_lbl00278   0x005f6c    program     static                          
           ___if_lbl00282   0x006002    program     static                          
           ___if_lbl00284   0x006002    program     static                          
           ___if_lbl00286   0x006052    program     static                          
           ___if_lbl00288   0x006052    program     static                          
           ___if_lbl00290   0x0060a8    program     static                          
           ___if_lbl00292   0x0060a8    program     static                          
           ___if_lbl00294   0x0060b6    program     static                          
           ___if_lbl00296   0x0060b6    program     static                          
           ___if_lbl00298   0x0060b6    program     static                          
           ___if_lbl00300   0x0060b6    program     static                          
           ___if_lbl00302   0x0060b6    program     static                          
           ___if_lbl00304   0x0060b6    program     static                          
           ___if_lbl00306   0x0060b6    program     static                          
           ___if_lbl00308   0x0060b6    program     static                          
           ___if_lbl00310   0x0060b6    program     static                          
           ___if_lbl00312   0x0060b6    program     static                          
           ___if_lbl00314   0x0060b6    program     static                          
           ___if_lbl00316   0x0060b6    program     static                          
           ___if_lbl00318   0x0060b6    program     static                          
           ___if_lbl00320   0x0060b6    program     static                          
           ___if_lbl00322   0x0060b6    program     static                          
           ___if_lbl00324   0x0060b6    program     static                          
           ___if_lbl00326   0x0060b6    program     static                          
           ___if_lbl00328   0x0060b6    program     static                          
           ___if_lbl00330   0x0060b6    program     static                          
           ___if_lbl00332   0x0060b6    program     static                          
       ___return_lbl00000   0x009e0a    program     static                          
       ___return_lbl00000   0x009d6a    program     static                          
       ___return_lbl00000   0x009c72    program     static                          
       ___return_lbl00000   0x009714    program     static                          
       ___return_lbl00000   0x009ee8    program     static                          
       ___return_lbl00000   0x009ed2    program     static                          
       ___return_lbl00000   0x00204e    program     static                          
       ___return_lbl00000   0x001004    program     static                          
       ___return_lbl00001   0x009bf6    program     static                          
       ___return_lbl00001   0x00100c    program     static                          
       ___return_lbl00002   0x00101c    program     static                          
       ___return_lbl00052   0x004df8    program     static                          
       ___return_lbl00229   0x002268    program     static                          
       ___return_lbl00230   0x0060bc    program     static                          
       ___return_lbl00456   0x0068c2    program     static                          
       ___return_lbl00462   0x0068da    program     static                          
       ___return_lbl00463   0x0068e8    program     static                          
   ___switchexit_lbl00256   0x005dbe    program     static                          
        ___while_lbl00001   0x009638    program     static                          
        ___while_lbl00001   0x009c40    program     static                          
        ___while_lbl00002   0x009714    program     static                          
        ___while_lbl00002   0x009c72    program     static                          
        ___while_lbl00003   0x00965c    program     static                          
        ___while_lbl00004   0x009698    program     static                          
        ___while_lbl00053   0x004dce    program     static                          
        ___while_lbl00054   0x004df8    program     static                          
        ___while_lbl00102   0x0017f2    program     static                          
        ___while_lbl00103   0x0017f6    program     static                          
        ___while_lbl00104   0x0017fa    program     static                          
        ___while_lbl00105   0x0017fe    program     static                          
        ___while_lbl00106   0x001802    program     static                          
        ___while_lbl00107   0x001806    program     static                          
        ___while_lbl00108   0x00180a    program     static                          
        ___while_lbl00109   0x00180e    program     static                          
        ___while_lbl00110   0x001822    program     static                          
        ___while_lbl00111   0x001826    program     static                          
        ___while_lbl00112   0x00182a    program     static                          
        ___while_lbl00113   0x00182e    program     static                          
        ___while_lbl00114   0x001832    program     static                          
        ___while_lbl00115   0x001836    program     static                          
        ___while_lbl00116   0x00183a    program     static                          
        ___while_lbl00117   0x00183e    program     static                          
        ___while_lbl00118   0x001852    program     static                          
        ___while_lbl00119   0x001856    program     static                          
        ___while_lbl00120   0x00185a    program     static                          
        ___while_lbl00121   0x00185e    program     static                          
        ___while_lbl00122   0x001862    program     static                          
        ___while_lbl00123   0x001866    program     static                          
        ___while_lbl00124   0x00186a    program     static                          
        ___while_lbl00125   0x00186e    program     static                          
        ___while_lbl00126   0x001882    program     static                          
        ___while_lbl00127   0x001886    program     static                          
        ___while_lbl00128   0x00188a    program     static                          
        ___while_lbl00129   0x00188e    program     static                          
        ___while_lbl00130   0x001892    program     static                          
        ___while_lbl00131   0x001896    program     static                          
        ___while_lbl00132   0x00189a    program     static                          
        ___while_lbl00133   0x00189e    program     static                          
        ___while_lbl00134   0x0018b2    program     static                          
        ___while_lbl00135   0x0018b6    program     static                          
        ___while_lbl00136   0x0018ba    program     static                          
        ___while_lbl00137   0x0018be    program     static                          
        ___while_lbl00138   0x0018c2    program     static                          
        ___while_lbl00139   0x0018c6    program     static                          
        ___while_lbl00140   0x0018ca    program     static                          
        ___while_lbl00141   0x0018ce    program     static                          
        ___while_lbl00142   0x0018e2    program     static                          
        ___while_lbl00143   0x0018e6    program     static                          
        ___while_lbl00144   0x0018ea    program     static                          
        ___while_lbl00145   0x0018ee    program     static                          
        ___while_lbl00146   0x0018f2    program     static                          
        ___while_lbl00147   0x0018f6    program     static                          
        ___while_lbl00148   0x0018fa    program     static                          
        ___while_lbl00149   0x0018fe    program     static                          
        ___while_lbl00150   0x001912    program     static                          
        ___while_lbl00151   0x001916    program     static                          
        ___while_lbl00152   0x00191a    program     static                          
        ___while_lbl00153   0x00191e    program     static                          
        ___while_lbl00154   0x001922    program     static                          
        ___while_lbl00155   0x001926    program     static                          
        ___while_lbl00156   0x00192a    program     static                          
        ___while_lbl00157   0x00192e    program     static                          
        ___while_lbl00158   0x001942    program     static                          
        ___while_lbl00159   0x001946    program     static                          
        ___while_lbl00160   0x00194a    program     static                          
        ___while_lbl00161   0x00194e    program     static                          
        ___while_lbl00162   0x001952    program     static                          
        ___while_lbl00163   0x001956    program     static                          
        ___while_lbl00164   0x00195a    program     static                          
        ___while_lbl00165   0x00195e    program     static                          
        ___while_lbl00166   0x001972    program     static                          
        ___while_lbl00167   0x001976    program     static                          
        ___while_lbl00168   0x00197a    program     static                          
        ___while_lbl00169   0x00197e    program     static                          
        ___while_lbl00170   0x001982    program     static                          
        ___while_lbl00171   0x001986    program     static                          
        ___while_lbl00172   0x00198a    program     static                          
        ___while_lbl00173   0x00198e    program     static                          
        ___while_lbl00174   0x001992    program     static                          
        ___while_lbl00175   0x001996    program     static                          
        ___while_lbl00243   0x005ba2    program     static                          
        ___while_lbl00244   0x005bac    program     static                          
        ___while_lbl00280   0x005f8a    program     static                          
        ___while_lbl00281   0x005fb4    program     static                          
        ___while_lbl00459   0x0068b0    program     static                          
        ___while_lbl00460   0x0068be    program     static                          
                   __init   0x009eea    program     extern E:\3.46\pic18-lt\cxx-framework\src\traditional\stdclib\__init.c
                   __pa_0   0x008f92    program     static D:\Projects\EggBot1-GH\EBB_firmware\Microchip\USB\CDC Device Driver\usb_function_cdc.c
                   __pa_0   0x00816e    program     static D:\Projects\EggBot1-GH\EBB_firmware\Microchip\USB\usb_device.c
                   __pa_0   0x009470    program     static D:\Projects\EggBot1-GH\EBB_firmware\app.X\source\ebb_print.c
                   __pa_0   0x00717c    program     static D:\Projects\EggBot1-GH\EBB_firmware\app.X\source\UBW.c
                   __pa_0   0x008704    program     static D:\Projects\EggBot1-GH\EBB_firmware\app.X\source\RCServo2.c
                   __pa_0   0x009aa4    program     static E:\3.46\pic18-lt\cxx-framework\src\pmc_common\Flash\EraseFlash.c
                   __pa_0   0x004064    program     static D:\Projects\EggBot1-GH\EBB_firmware\app.X\source\ebb.c
                   __pa_1   0x008734    program     static D:\Projects\EggBot1-GH\EBB_firmware\app.X\source\RCServo2.c
                   __pa_1   0x00948a    program     static D:\Projects\EggBot1-GH\EBB_firmware\app.X\source\ebb_print.c
                   __pa_1   0x007192    program     static D:\Projects\EggBot1-GH\EBB_firmware\app.X\source\UBW.c
                   __pa_1   0x008fac    program     static D:\Projects\EggBot1-GH\EBB_firmware\Microchip\USB\CDC Device Driver\usb_function_cdc.c
                   __pa_1   0x008176    program     static D:\Projects\EggBot1-GH\EBB_firmware\Microchip\USB\usb_device.c
                   __pa_1   0x00406e    program     static D:\Projects\EggBot1-GH\EBB_firmware\app.X\source\ebb.c
                  __pa_10   0x0087a2    program     static D:\Projects\EggBot1-GH\EBB_firmware\app.X\source\RCServo2.c
                  __pa_10   0x00952e    program     static D:\Projects\EggBot1-GH\EBB_firmware\app.X\source\ebb_print.c
                  __pa_10   0x0081d4    program     static D:\Projects\EggBot1-GH\EBB_firmware\Microchip\USB\usb_device.c
                  __pa_10   0x0041ec    program     static D:\Projects\EggBot1-GH\EBB_firmware\app.X\source\ebb.c
                  __pa_10   0x009032    program     static D:\Projects\EggBot1-GH\EBB_firmware\Microchip\USB\CDC Device Driver\usb_function_cdc.c
                  __pa_10   0x0071e4    program     static D:\Projects\EggBot1-GH\EBB_firmware\app.X\source\UBW.c
                 __pa_100   0x0046f6    program     static D:\Projects\EggBot1-GH\EBB_firmware\app.X\source\ebb.c
                 __pa_100   0x007610    program     static D:\Projects\EggBot1-GH\EBB_firmware\app.X\source\UBW.c
                 __pa_101   0x00761a    program     static D:\Projects\EggBot1-GH\EBB_firmware\app.X\source\UBW.c
                 __pa_101   0x0046fe    program     static D:\Projects\EggBot1-GH\EBB_firmware\app.X\source\ebb.c
                 __pa_102   0x007622    program     static D:\Projects\EggBot1-GH\EBB_firmware\app.X\source\UBW.c
                 __pa_102   0x004718    program     static D:\Projects\EggBot1-GH\EBB_firmware\app.X\source\ebb.c
                 __pa_103   0x004726    program     static D:\Projects\EggBot1-GH\EBB_firmware\app.X\source\ebb.c
                 __pa_103   0x00762a    program     static D:\Projects\EggBot1-GH\EBB_firmware\app.X\source\UBW.c
                 __pa_104   0x004746    program     static D:\Projects\EggBot1-GH\EBB_firmware\app.X\source\ebb.c
                 __pa_104   0x007632    program     static D:\Projects\EggBot1-GH\EBB_firmware\app.X\source\UBW.c
                 __pa_105   0x007638    program     static D:\Projects\EggBot1-GH\EBB_firmware\app.X\source\UBW.c
                 __pa_105   0x00474e    program     static D:\Projects\EggBot1-GH\EBB_firmware\app.X\source\ebb.c
                 __pa_106   0x007640    program     static D:\Projects\EggBot1-GH\EBB_firmware\app.X\source\UBW.c
                 __pa_106   0x004756    program     static D:\Projects\EggBot1-GH\EBB_firmware\app.X\source\ebb.c
                 __pa_107   0x00476a    program     static D:\Projects\EggBot1-GH\EBB_firmware\app.X\source\ebb.c
                 __pa_107   0x007646    program     static D:\Projects\EggBot1-GH\EBB_firmware\app.X\source\UBW.c
                 __pa_108   0x00477c    program     static D:\Projects\EggBot1-GH\EBB_firmware\app.X\source\ebb.c
                 __pa_108   0x007654    program     static D:\Projects\EggBot1-GH\EBB_firmware\app.X\source\UBW.c
                 __pa_109   0x00478e    program     static D:\Projects\EggBot1-GH\EBB_firmware\app.X\source\ebb.c
                 __pa_109   0x00765c    program     static D:\Projects\EggBot1-GH\EBB_firmware\app.X\source\UBW.c
                  __pa_11   0x0087ac    program     static D:\Projects\EggBot1-GH\EBB_firmware\app.X\source\RCServo2.c
                  __pa_11   0x009536    program     static D:\Projects\EggBot1-GH\EBB_firmware\app.X\source\ebb_print.c
                  __pa_11   0x0081e4    program     static D:\Projects\EggBot1-GH\EBB_firmware\Microchip\USB\usb_device.c
                  __pa_11   0x0041fa    program     static D:\Projects\EggBot1-GH\EBB_firmware\app.X\source\ebb.c
                  __pa_11   0x009040    program     static D:\Projects\EggBot1-GH\EBB_firmware\Microchip\USB\CDC Device Driver\usb_function_cdc.c
                  __pa_11   0x0071ee    program     static D:\Projects\EggBot1-GH\EBB_firmware\app.X\source\UBW.c
                 __pa_110   0x0047a0    program     static D:\Projects\EggBot1-GH\EBB_firmware\app.X\source\ebb.c
                 __pa_110   0x007666    program     static D:\Projects\EggBot1-GH\EBB_firmware\app.X\source\UBW.c
                 __pa_111   0x0047a8    program     static D:\Projects\EggBot1-GH\EBB_firmware\app.X\source\ebb.c
                 __pa_112   0x0047b0    program     static D:\Projects\EggBot1-GH\EBB_firmware\app.X\source\ebb.c
                 __pa_113   0x0047ba    program     static D:\Projects\EggBot1-GH\EBB_firmware\app.X\source\ebb.c
                 __pa_114   0x0047d0    program     static D:\Projects\EggBot1-GH\EBB_firmware\app.X\source\ebb.c
                 __pa_115   0x0047da    program     static D:\Projects\EggBot1-GH\EBB_firmware\app.X\source\ebb.c
                 __pa_116   0x0047de    program     static D:\Projects\EggBot1-GH\EBB_firmware\app.X\source\ebb.c
                 __pa_117   0x0047f0    program     static D:\Projects\EggBot1-GH\EBB_firmware\app.X\source\ebb.c
                 __pa_118   0x0047f8    program     static D:\Projects\EggBot1-GH\EBB_firmware\app.X\source\ebb.c
                 __pa_119   0x004800    program     static D:\Projects\EggBot1-GH\EBB_firmware\app.X\source\ebb.c
                  __pa_12   0x0081ee    program     static D:\Projects\EggBot1-GH\EBB_firmware\Microchip\USB\usb_device.c
                  __pa_12   0x0071f2    program     static D:\Projects\EggBot1-GH\EBB_firmware\app.X\source\UBW.c
                  __pa_12   0x0087b4    program     static D:\Projects\EggBot1-GH\EBB_firmware\app.X\source\RCServo2.c
                  __pa_12   0x009542    program     static D:\Projects\EggBot1-GH\EBB_firmware\app.X\source\ebb_print.c
                  __pa_12   0x004202    program     static D:\Projects\EggBot1-GH\EBB_firmware\app.X\source\ebb.c
                 __pa_120   0x004810    program     static D:\Projects\EggBot1-GH\EBB_firmware\app.X\source\ebb.c
                 __pa_121   0x004820    program     static D:\Projects\EggBot1-GH\EBB_firmware\app.X\source\ebb.c
                 __pa_122   0x00482e    program     static D:\Projects\EggBot1-GH\EBB_firmware\app.X\source\ebb.c
                 __pa_123   0x004834    program     static D:\Projects\EggBot1-GH\EBB_firmware\app.X\source\ebb.c
                 __pa_124   0x00483a    program     static D:\Projects\EggBot1-GH\EBB_firmware\app.X\source\ebb.c
                 __pa_125   0x004846    program     static D:\Projects\EggBot1-GH\EBB_firmware\app.X\source\ebb.c
                 __pa_126   0x004850    program     static D:\Projects\EggBot1-GH\EBB_firmware\app.X\source\ebb.c
                 __pa_127   0x00485e    program     static D:\Projects\EggBot1-GH\EBB_firmware\app.X\source\ebb.c
                 __pa_128   0x004866    program     static D:\Projects\EggBot1-GH\EBB_firmware\app.X\source\ebb.c
                 __pa_129   0x00486e    program     static D:\Projects\EggBot1-GH\EBB_firmware\app.X\source\ebb.c
                  __pa_13   0x008202    program     static D:\Projects\EggBot1-GH\EBB_firmware\Microchip\USB\usb_device.c
                  __pa_13   0x007200    program     static D:\Projects\EggBot1-GH\EBB_firmware\app.X\source\UBW.c
                  __pa_13   0x0087c4    program     static D:\Projects\EggBot1-GH\EBB_firmware\app.X\source\RCServo2.c
                  __pa_13   0x00421a    program     static D:\Projects\EggBot1-GH\EBB_firmware\app.X\source\ebb.c
                 __pa_130   0x004876    program     static D:\Projects\EggBot1-GH\EBB_firmware\app.X\source\ebb.c
                 __pa_131   0x00487e    program     static D:\Projects\EggBot1-GH\EBB_firmware\app.X\source\ebb.c
                 __pa_132   0x004884    program     static D:\Projects\EggBot1-GH\EBB_firmware\app.X\source\ebb.c
                 __pa_133   0x004898    program     static D:\Projects\EggBot1-GH\EBB_firmware\app.X\source\ebb.c
                 __pa_134   0x0048aa    program     static D:\Projects\EggBot1-GH\EBB_firmware\app.X\source\ebb.c
                 __pa_135   0x0048b2    program     static D:\Projects\EggBot1-GH\EBB_firmware\app.X\source\ebb.c
                 __pa_136   0x0048d0    program     static D:\Projects\EggBot1-GH\EBB_firmware\app.X\source\ebb.c
                 __pa_137   0x0048ee    program     static D:\Projects\EggBot1-GH\EBB_firmware\app.X\source\ebb.c
                 __pa_138   0x004908    program     static D:\Projects\EggBot1-GH\EBB_firmware\app.X\source\ebb.c
                 __pa_139   0x004916    program     static D:\Projects\EggBot1-GH\EBB_firmware\app.X\source\ebb.c
                  __pa_14   0x0087ce    program     static D:\Projects\EggBot1-GH\EBB_firmware\app.X\source\RCServo2.c
                  __pa_14   0x004222    program     static D:\Projects\EggBot1-GH\EBB_firmware\app.X\source\ebb.c
                  __pa_14   0x008216    program     static D:\Projects\EggBot1-GH\EBB_firmware\Microchip\USB\usb_device.c
                  __pa_14   0x007218    program     static D:\Projects\EggBot1-GH\EBB_firmware\app.X\source\UBW.c
                 __pa_140   0x004922    program     static D:\Projects\EggBot1-GH\EBB_firmware\app.X\source\ebb.c
                 __pa_141   0x00492e    program     static D:\Projects\EggBot1-GH\EBB_firmware\app.X\source\ebb.c
                 __pa_142   0x004946    program     static D:\Projects\EggBot1-GH\EBB_firmware\app.X\source\ebb.c
                 __pa_143   0x004952    program     static D:\Projects\EggBot1-GH\EBB_firmware\app.X\source\ebb.c
                 __pa_144   0x00495a    program     static D:\Projects\EggBot1-GH\EBB_firmware\app.X\source\ebb.c
                 __pa_145   0x00496c    program     static D:\Projects\EggBot1-GH\EBB_firmware\app.X\source\ebb.c
                 __pa_146   0x00497a    program     static D:\Projects\EggBot1-GH\EBB_firmware\app.X\source\ebb.c
                 __pa_147   0x00498c    program     static D:\Projects\EggBot1-GH\EBB_firmware\app.X\source\ebb.c
                 __pa_148   0x004992    program     static D:\Projects\EggBot1-GH\EBB_firmware\app.X\source\ebb.c
                 __pa_149   0x00499a    program     static D:\Projects\EggBot1-GH\EBB_firmware\app.X\source\ebb.c
                  __pa_15   0x0087de    program     static D:\Projects\EggBot1-GH\EBB_firmware\app.X\source\RCServo2.c
                  __pa_15   0x007220    program     static D:\Projects\EggBot1-GH\EBB_firmware\app.X\source\UBW.c
                  __pa_15   0x008222    program     static D:\Projects\EggBot1-GH\EBB_firmware\Microchip\USB\usb_device.c
                  __pa_15   0x004234    program     static D:\Projects\EggBot1-GH\EBB_firmware\app.X\source\ebb.c
                 __pa_150   0x0049a4    program     static D:\Projects\EggBot1-GH\EBB_firmware\app.X\source\ebb.c
                 __pa_151   0x0049b2    program     static D:\Projects\EggBot1-GH\EBB_firmware\app.X\source\ebb.c
                 __pa_152   0x0049c0    program     static D:\Projects\EggBot1-GH\EBB_firmware\app.X\source\ebb.c
                 __pa_153   0x0049c6    program     static D:\Projects\EggBot1-GH\EBB_firmware\app.X\source\ebb.c
                 __pa_154   0x0049ce    program     static D:\Projects\EggBot1-GH\EBB_firmware\app.X\source\ebb.c
                 __pa_155   0x0049d6    program     static D:\Projects\EggBot1-GH\EBB_firmware\app.X\source\ebb.c
                 __pa_156   0x0049e0    program     static D:\Projects\EggBot1-GH\EBB_firmware\app.X\source\ebb.c
                 __pa_157   0x0049e8    program     static D:\Projects\EggBot1-GH\EBB_firmware\app.X\source\ebb.c
                 __pa_158   0x0049f4    program     static D:\Projects\EggBot1-GH\EBB_firmware\app.X\source\ebb.c
                 __pa_159   0x0049fa    program     static D:\Projects\EggBot1-GH\EBB_firmware\app.X\source\ebb.c
                  __pa_16   0x004244    program     static D:\Projects\EggBot1-GH\EBB_firmware\app.X\source\ebb.c
                  __pa_16   0x0087e4    program     static D:\Projects\EggBot1-GH\EBB_firmware\app.X\source\RCServo2.c
                  __pa_16   0x00722c    program     static D:\Projects\EggBot1-GH\EBB_firmware\app.X\source\UBW.c
                  __pa_16   0x00823c    program     static D:\Projects\EggBot1-GH\EBB_firmware\Microchip\USB\usb_device.c
                 __pa_160   0x004a06    program     static D:\Projects\EggBot1-GH\EBB_firmware\app.X\source\ebb.c
                  __pa_17   0x007234    program     static D:\Projects\EggBot1-GH\EBB_firmware\app.X\source\UBW.c
                  __pa_17   0x0087f4    program     static D:\Projects\EggBot1-GH\EBB_firmware\app.X\source\RCServo2.c
                  __pa_17   0x008248    program     static D:\Projects\EggBot1-GH\EBB_firmware\Microchip\USB\usb_device.c
                  __pa_17   0x004248    program     static D:\Projects\EggBot1-GH\EBB_firmware\app.X\source\ebb.c
                  __pa_18   0x0087fc    program     static D:\Projects\EggBot1-GH\EBB_firmware\app.X\source\RCServo2.c
                  __pa_18   0x00723c    program     static D:\Projects\EggBot1-GH\EBB_firmware\app.X\source\UBW.c
                  __pa_18   0x008254    program     static D:\Projects\EggBot1-GH\EBB_firmware\Microchip\USB\usb_device.c
                  __pa_18   0x004252    program     static D:\Projects\EggBot1-GH\EBB_firmware\app.X\source\ebb.c
                  __pa_19   0x007250    program     static D:\Projects\EggBot1-GH\EBB_firmware\app.X\source\UBW.c
                  __pa_19   0x00825c    program     static D:\Projects\EggBot1-GH\EBB_firmware\Microchip\USB\usb_device.c
                  __pa_19   0x00425e    program     static D:\Projects\EggBot1-GH\EBB_firmware\app.X\source\ebb.c
                  __pa_19   0x00880a    program     static D:\Projects\EggBot1-GH\EBB_firmware\app.X\source\RCServo2.c
                   __pa_2   0x008180    program     static D:\Projects\EggBot1-GH\EBB_firmware\Microchip\USB\usb_device.c
                   __pa_2   0x008fbc    program     static D:\Projects\EggBot1-GH\EBB_firmware\Microchip\USB\CDC Device Driver\usb_function_cdc.c
                   __pa_2   0x00719a    program     static D:\Projects\EggBot1-GH\EBB_firmware\app.X\source\UBW.c
                   __pa_2   0x0094a4    program     static D:\Projects\EggBot1-GH\EBB_firmware\app.X\source\ebb_print.c
                   __pa_2   0x00873e    program     static D:\Projects\EggBot1-GH\EBB_firmware\app.X\source\RCServo2.c
                   __pa_2   0x00407a    program     static D:\Projects\EggBot1-GH\EBB_firmware\app.X\source\ebb.c
                  __pa_20   0x004262    program     static D:\Projects\EggBot1-GH\EBB_firmware\app.X\source\ebb.c
                  __pa_20   0x008264    program     static D:\Projects\EggBot1-GH\EBB_firmware\Microchip\USB\usb_device.c
                  __pa_20   0x008814    program     static D:\Projects\EggBot1-GH\EBB_firmware\app.X\source\RCServo2.c
                  __pa_20   0x00725c    program     static D:\Projects\EggBot1-GH\EBB_firmware\app.X\source\UBW.c
                  __pa_21   0x004268    program     static D:\Projects\EggBot1-GH\EBB_firmware\app.X\source\ebb.c
                  __pa_21   0x007266    program     static D:\Projects\EggBot1-GH\EBB_firmware\app.X\source\UBW.c
                  __pa_21   0x008270    program     static D:\Projects\EggBot1-GH\EBB_firmware\Microchip\USB\usb_device.c
                  __pa_22   0x008280    program     static D:\Projects\EggBot1-GH\EBB_firmware\Microchip\USB\usb_device.c
                  __pa_22   0x0042b2    program     static D:\Projects\EggBot1-GH\EBB_firmware\app.X\source\ebb.c
                  __pa_22   0x007274    program     static D:\Projects\EggBot1-GH\EBB_firmware\app.X\source\UBW.c
                  __pa_23   0x00828e    program     static D:\Projects\EggBot1-GH\EBB_firmware\Microchip\USB\usb_device.c
                  __pa_23   0x0042bc    program     static D:\Projects\EggBot1-GH\EBB_firmware\app.X\source\ebb.c
                  __pa_23   0x007286    program     static D:\Projects\EggBot1-GH\EBB_firmware\app.X\source\UBW.c
                  __pa_24   0x00829c    program     static D:\Projects\EggBot1-GH\EBB_firmware\Microchip\USB\usb_device.c
                  __pa_24   0x00728e    program     static D:\Projects\EggBot1-GH\EBB_firmware\app.X\source\UBW.c
                  __pa_24   0x0042c2    program     static D:\Projects\EggBot1-GH\EBB_firmware\app.X\source\ebb.c
                  __pa_25   0x0082aa    program     static D:\Projects\EggBot1-GH\EBB_firmware\Microchip\USB\usb_device.c
                  __pa_25   0x00729a    program     static D:\Projects\EggBot1-GH\EBB_firmware\app.X\source\UBW.c
                  __pa_25   0x0042e2    program     static D:\Projects\EggBot1-GH\EBB_firmware\app.X\source\ebb.c
                  __pa_26   0x0072a2    program     static D:\Projects\EggBot1-GH\EBB_firmware\app.X\source\UBW.c
                  __pa_26   0x0042ee    program     static D:\Projects\EggBot1-GH\EBB_firmware\app.X\source\ebb.c
                  __pa_26   0x0082b8    program     static D:\Projects\EggBot1-GH\EBB_firmware\Microchip\USB\usb_device.c
                  __pa_27   0x0072ac    program     static D:\Projects\EggBot1-GH\EBB_firmware\app.X\source\UBW.c
                  __pa_27   0x004302    program     static D:\Projects\EggBot1-GH\EBB_firmware\app.X\source\ebb.c
                  __pa_27   0x0082c2    program     static D:\Projects\EggBot1-GH\EBB_firmware\Microchip\USB\usb_device.c
                  __pa_28   0x00430a    program     static D:\Projects\EggBot1-GH\EBB_firmware\app.X\source\ebb.c
                  __pa_28   0x0082da    program     static D:\Projects\EggBot1-GH\EBB_firmware\Microchip\USB\usb_device.c
                  __pa_28   0x0072ce    program     static D:\Projects\EggBot1-GH\EBB_firmware\app.X\source\UBW.c
                  __pa_29   0x0082e6    program     static D:\Projects\EggBot1-GH\EBB_firmware\Microchip\USB\usb_device.c
                  __pa_29   0x004312    program     static D:\Projects\EggBot1-GH\EBB_firmware\app.X\source\ebb.c
                  __pa_29   0x0072dc    program     static D:\Projects\EggBot1-GH\EBB_firmware\app.X\source\UBW.c
                   __pa_3   0x008748    program     static D:\Projects\EggBot1-GH\EBB_firmware\app.X\source\RCServo2.c
                   __pa_3   0x0071a0    program     static D:\Projects\EggBot1-GH\EBB_firmware\app.X\source\UBW.c
                   __pa_3   0x008188    program     static D:\Projects\EggBot1-GH\EBB_firmware\Microchip\USB\usb_device.c
                   __pa_3   0x0094c2    program     static D:\Projects\EggBot1-GH\EBB_firmware\app.X\source\ebb_print.c
                   __pa_3   0x004090    program     static D:\Projects\EggBot1-GH\EBB_firmware\app.X\source\ebb.c
                   __pa_3   0x008fce    program     static D:\Projects\EggBot1-GH\EBB_firmware\Microchip\USB\CDC Device Driver\usb_function_cdc.c
                  __pa_30   0x00431a    program     static D:\Projects\EggBot1-GH\EBB_firmware\app.X\source\ebb.c
                  __pa_30   0x0072ea    program     static D:\Projects\EggBot1-GH\EBB_firmware\app.X\source\UBW.c
                  __pa_30   0x0082ee    program     static D:\Projects\EggBot1-GH\EBB_firmware\Microchip\USB\usb_device.c
                  __pa_31   0x0072f4    program     static D:\Projects\EggBot1-GH\EBB_firmware\app.X\source\UBW.c
                  __pa_31   0x004322    program     static D:\Projects\EggBot1-GH\EBB_firmware\app.X\source\ebb.c
                  __pa_31   0x008302    program     static D:\Projects\EggBot1-GH\EBB_firmware\Microchip\USB\usb_device.c
                  __pa_32   0x007316    program     static D:\Projects\EggBot1-GH\EBB_firmware\app.X\source\UBW.c
                  __pa_32   0x00432a    program     static D:\Projects\EggBot1-GH\EBB_firmware\app.X\source\ebb.c
                  __pa_32   0x008314    program     static D:\Projects\EggBot1-GH\EBB_firmware\Microchip\USB\usb_device.c
                  __pa_33   0x007320    program     static D:\Projects\EggBot1-GH\EBB_firmware\app.X\source\UBW.c
                  __pa_33   0x004332    program     static D:\Projects\EggBot1-GH\EBB_firmware\app.X\source\ebb.c
                  __pa_33   0x008322    program     static D:\Projects\EggBot1-GH\EBB_firmware\Microchip\USB\usb_device.c
                  __pa_34   0x00433a    program     static D:\Projects\EggBot1-GH\EBB_firmware\app.X\source\ebb.c
                  __pa_34   0x00832c    program     static D:\Projects\EggBot1-GH\EBB_firmware\Microchip\USB\usb_device.c
                  __pa_34   0x007326    program     static D:\Projects\EggBot1-GH\EBB_firmware\app.X\source\UBW.c
                  __pa_35   0x008336    program     static D:\Projects\EggBot1-GH\EBB_firmware\Microchip\USB\usb_device.c
                  __pa_35   0x007334    program     static D:\Projects\EggBot1-GH\EBB_firmware\app.X\source\UBW.c
                  __pa_35   0x004346    program     static D:\Projects\EggBot1-GH\EBB_firmware\app.X\source\ebb.c
                  __pa_36   0x00733a    program     static D:\Projects\EggBot1-GH\EBB_firmware\app.X\source\UBW.c
                  __pa_36   0x00833c    program     static D:\Projects\EggBot1-GH\EBB_firmware\Microchip\USB\usb_device.c
                  __pa_36   0x00435a    program     static D:\Projects\EggBot1-GH\EBB_firmware\app.X\source\ebb.c
                  __pa_37   0x007340    program     static D:\Projects\EggBot1-GH\EBB_firmware\app.X\source\UBW.c
                  __pa_37   0x008344    program     static D:\Projects\EggBot1-GH\EBB_firmware\Microchip\USB\usb_device.c
                  __pa_37   0x004368    program     static D:\Projects\EggBot1-GH\EBB_firmware\app.X\source\ebb.c
                  __pa_38   0x00437a    program     static D:\Projects\EggBot1-GH\EBB_firmware\app.X\source\ebb.c
                  __pa_38   0x00834a    program     static D:\Projects\EggBot1-GH\EBB_firmware\Microchip\USB\usb_device.c
                  __pa_38   0x00734a    program     static D:\Projects\EggBot1-GH\EBB_firmware\app.X\source\UBW.c
                  __pa_39   0x008358    program     static D:\Projects\EggBot1-GH\EBB_firmware\Microchip\USB\usb_device.c
                  __pa_39   0x007366    program     static D:\Projects\EggBot1-GH\EBB_firmware\app.X\source\UBW.c
                  __pa_39   0x00438c    program     static D:\Projects\EggBot1-GH\EBB_firmware\app.X\source\ebb.c
                   __pa_4   0x0040b0    program     static D:\Projects\EggBot1-GH\EBB_firmware\app.X\source\ebb.c
                   __pa_4   0x008192    program     static D:\Projects\EggBot1-GH\EBB_firmware\Microchip\USB\usb_device.c
                   __pa_4   0x0094da    program     static D:\Projects\EggBot1-GH\EBB_firmware\app.X\source\ebb_print.c
                   __pa_4   0x008fe8    program     static D:\Projects\EggBot1-GH\EBB_firmware\Microchip\USB\CDC Device Driver\usb_function_cdc.c
                   __pa_4   0x0071a8    program     static D:\Projects\EggBot1-GH\EBB_firmware\app.X\source\UBW.c
                   __pa_4   0x008752    program     static D:\Projects\EggBot1-GH\EBB_firmware\app.X\source\RCServo2.c
                  __pa_40   0x004398    program     static D:\Projects\EggBot1-GH\EBB_firmware\app.X\source\ebb.c
                  __pa_40   0x007370    program     static D:\Projects\EggBot1-GH\EBB_firmware\app.X\source\UBW.c
                  __pa_40   0x008366    program     static D:\Projects\EggBot1-GH\EBB_firmware\Microchip\USB\usb_device.c
                  __pa_41   0x008374    program     static D:\Projects\EggBot1-GH\EBB_firmware\Microchip\USB\usb_device.c
                  __pa_41   0x0043ae    program     static D:\Projects\EggBot1-GH\EBB_firmware\app.X\source\ebb.c
                  __pa_41   0x00737a    program     static D:\Projects\EggBot1-GH\EBB_firmware\app.X\source\UBW.c
                  __pa_42   0x00837e    program     static D:\Projects\EggBot1-GH\EBB_firmware\Microchip\USB\usb_device.c
                  __pa_42   0x007384    program     static D:\Projects\EggBot1-GH\EBB_firmware\app.X\source\UBW.c
                  __pa_42   0x0043b6    program     static D:\Projects\EggBot1-GH\EBB_firmware\app.X\source\ebb.c
                  __pa_43   0x008388    program     static D:\Projects\EggBot1-GH\EBB_firmware\Microchip\USB\usb_device.c
                  __pa_43   0x0043c6    program     static D:\Projects\EggBot1-GH\EBB_firmware\app.X\source\ebb.c
                  __pa_43   0x00739c    program     static D:\Projects\EggBot1-GH\EBB_firmware\app.X\source\UBW.c
                  __pa_44   0x008390    program     static D:\Projects\EggBot1-GH\EBB_firmware\Microchip\USB\usb_device.c
                  __pa_44   0x0073a4    program     static D:\Projects\EggBot1-GH\EBB_firmware\app.X\source\UBW.c
[...]
                   EECON2   0x000fa7       data     extern E:\3.46\pic18-lt\cxx-framework\src\traditional\proc\p18f46j50.asm
               TXSTA2bits   0x000fa8       data     extern E:\3.46\pic18-lt\cxx-framework\src\traditional\proc\p18f46j50.asm
                   TXSTA2   0x000fa8       data     extern E:\3.46\pic18-lt\cxx-framework\src\traditional\proc\p18f46j50.asm
                   TXREG2   0x000fa9       data     extern E:\3.46\pic18-lt\cxx-framework\src\traditional\proc\p18f46j50.asm
                   RCREG2   0x000faa       data     extern E:\3.46\pic18-lt\cxx-framework\src\traditional\proc\p18f46j50.asm
                   SPBRG2   0x000fab       data     extern E:\3.46\pic18-lt\cxx-framework\src\traditional\proc\p18f46j50.asm
                    RCSTA   0x000fac       data     extern E:\3.46\pic18-lt\cxx-framework\src\traditional\proc\p18f46j50.asm
                RCSTAbits   0x000fac       data     extern E:\3.46\pic18-lt\cxx-framework\src\traditional\proc\p18f46j50.asm
                   RCSTA1   0x000fac       data     extern E:\3.46\pic18-lt\cxx-framework\src\traditional\proc\p18f46j50.asm
               RCSTA1bits   0x000fac       data     extern E:\3.46\pic18-lt\cxx-framework\src\traditional\proc\p18f46j50.asm
                TXSTAbits   0x000fad       data     extern E:\3.46\pic18-lt\cxx-framework\src\traditional\proc\p18f46j50.asm
               TXSTA1bits   0x000fad       data     extern E:\3.46\pic18-lt\cxx-framework\src\traditional\proc\p18f46j50.asm
                   TXSTA1   0x000fad       data     extern E:\3.46\pic18-lt\cxx-framework\src\traditional\proc\p18f46j50.asm
                    TXSTA   0x000fad       data     extern E:\3.46\pic18-lt\cxx-framework\src\traditional\proc\p18f46j50.asm
                   TXREG1   0x000fae       data     extern E:\3.46\pic18-lt\cxx-framework\src\traditional\proc\p18f46j50.asm
                    TXREG   0x000fae       data     extern E:\3.46\pic18-lt\cxx-framework\src\traditional\proc\p18f46j50.asm
                    RCREG   0x000faf       data     extern E:\3.46\pic18-lt\cxx-framework\src\traditional\proc\p18f46j50.asm
                   RCREG1   0x000faf       data     extern E:\3.46\pic18-lt\cxx-framework\src\traditional\proc\p18f46j50.asm
                    SPBRG   0x000fb0       data     extern E:\3.46\pic18-lt\cxx-framework\src\traditional\proc\p18f46j50.asm
                   SPBRG1   0x000fb0       data     extern E:\3.46\pic18-lt\cxx-framework\src\traditional\proc\p18f46j50.asm
                 CTMUICON   0x000fb1       data     extern E:\3.46\pic18-lt\cxx-framework\src\traditional\proc\p18f46j50.asm
             CTMUICONbits   0x000fb1       data     extern E:\3.46\pic18-lt\cxx-framework\src\traditional\proc\p18f46j50.asm
             CTMUCONLbits   0x000fb2       data     extern E:\3.46\pic18-lt\cxx-framework\src\traditional\proc\p18f46j50.asm
                 CTMUCONL   0x000fb2       data     extern E:\3.46\pic18-lt\cxx-framework\src\traditional\proc\p18f46j50.asm
                 CTMUCONH   0x000fb3       data     extern E:\3.46\pic18-lt\cxx-framework\src\traditional\proc\p18f46j50.asm
             CTMUCONHbits   0x000fb3       data     extern E:\3.46\pic18-lt\cxx-framework\src\traditional\proc\p18f46j50.asm
                  CCP2CON   0x000fb4       data     extern E:\3.46\pic18-lt\cxx-framework\src\traditional\proc\p18f46j50.asm
              CCP2CONbits   0x000fb4       data     extern E:\3.46\pic18-lt\cxx-framework\src\traditional\proc\p18f46j50.asm
                 ECCP2CON   0x000fb4       data     extern E:\3.46\pic18-lt\cxx-framework\src\traditional\proc\p18f46j50.asm
             ECCP2CONbits   0x000fb4       data     extern E:\3.46\pic18-lt\cxx-framework\src\traditional\proc\p18f46j50.asm
                   CCPR2L   0x000fb5       data     extern E:\3.46\pic18-lt\cxx-framework\src\traditional\proc\p18f46j50.asm
                    CCPR2   0x000fb5       data     extern E:\3.46\pic18-lt\cxx-framework\src\traditional\proc\p18f46j50.asm
                   CCPR2H   0x000fb6       data     extern E:\3.46\pic18-lt\cxx-framework\src\traditional\proc\p18f46j50.asm
              PWM2CONbits   0x000fb7       data     extern E:\3.46\pic18-lt\cxx-framework\src\traditional\proc\p18f46j50.asm
             ECCP2DELbits   0x000fb7       data     extern E:\3.46\pic18-lt\cxx-framework\src\traditional\proc\p18f46j50.asm
                 ECCP2DEL   0x000fb7       data     extern E:\3.46\pic18-lt\cxx-framework\src\traditional\proc\p18f46j50.asm
                  PWM2CON   0x000fb7       data     extern E:\3.46\pic18-lt\cxx-framework\src\traditional\proc\p18f46j50.asm
                  ECCP2AS   0x000fb8       data     extern E:\3.46\pic18-lt\cxx-framework\src\traditional\proc\p18f46j50.asm
              ECCP2ASbits   0x000fb8       data     extern E:\3.46\pic18-lt\cxx-framework\src\traditional\proc\p18f46j50.asm
                 PSTR2CON   0x000fb9       data     extern E:\3.46\pic18-lt\cxx-framework\src\traditional\proc\p18f46j50.asm
             PSTR2CONbits   0x000fb9       data     extern E:\3.46\pic18-lt\cxx-framework\src\traditional\proc\p18f46j50.asm
              CCP1CONbits   0x000fba       data     extern E:\3.46\pic18-lt\cxx-framework\src\traditional\proc\p18f46j50.asm
                  CCP1CON   0x000fba       data     extern E:\3.46\pic18-lt\cxx-framework\src\traditional\proc\p18f46j50.asm
                 ECCP1CON   0x000fba       data     extern E:\3.46\pic18-lt\cxx-framework\src\traditional\proc\p18f46j50.asm
             ECCP1CONbits   0x000fba       data     extern E:\3.46\pic18-lt\cxx-framework\src\traditional\proc\p18f46j50.asm
                   CCPR1L   0x000fbb       data     extern E:\3.46\pic18-lt\cxx-framework\src\traditional\proc\p18f46j50.asm
                    CCPR1   0x000fbb       data     extern E:\3.46\pic18-lt\cxx-framework\src\traditional\proc\p18f46j50.asm
                   CCPR1H   0x000fbc       data     extern E:\3.46\pic18-lt\cxx-framework\src\traditional\proc\p18f46j50.asm
             ECCP1DELbits   0x000fbd       data     extern E:\3.46\pic18-lt\cxx-framework\src\traditional\proc\p18f46j50.asm
                  PWM1CON   0x000fbd       data     extern E:\3.46\pic18-lt\cxx-framework\src\traditional\proc\p18f46j50.asm
                 ECCP1DEL   0x000fbd       data     extern E:\3.46\pic18-lt\cxx-framework\src\traditional\proc\p18f46j50.asm
              PWM1CONbits   0x000fbd       data     extern E:\3.46\pic18-lt\cxx-framework\src\traditional\proc\p18f46j50.asm
              ECCP1ASbits   0x000fbe       data     extern E:\3.46\pic18-lt\cxx-framework\src\traditional\proc\p18f46j50.asm
                  ECCP1AS   0x000fbe       data     extern E:\3.46\pic18-lt\cxx-framework\src\traditional\proc\p18f46j50.asm
                 PSTR1CON   0x000fbf       data     extern E:\3.46\pic18-lt\cxx-framework\src\traditional\proc\p18f46j50.asm
             PSTR1CONbits   0x000fbf       data     extern E:\3.46\pic18-lt\cxx-framework\src\traditional\proc\p18f46j50.asm
                   WDTCON   0x000fc0       data     extern E:\3.46\pic18-lt\cxx-framework\src\traditional\proc\p18f46j50.asm
               WDTCONbits   0x000fc0       data     extern E:\3.46\pic18-lt\cxx-framework\src\traditional\proc\p18f46j50.asm
               ADCON1bits   0x000fc1       data     extern E:\3.46\pic18-lt\cxx-framework\src\traditional\proc\p18f46j50.asm
                   ADCON1   0x000fc1       data     extern E:\3.46\pic18-lt\cxx-framework\src\traditional\proc\p18f46j50.asm
                   ADCON0   0x000fc2       data     extern E:\3.46\pic18-lt\cxx-framework\src\traditional\proc\p18f46j50.asm
               ADCON0bits   0x000fc2       data     extern E:\3.46\pic18-lt\cxx-framework\src\traditional\proc\p18f46j50.asm
                   ADRESL   0x000fc3       data     extern E:\3.46\pic18-lt\cxx-framework\src\traditional\proc\p18f46j50.asm
                    ADRES   0x000fc3       data     extern E:\3.46\pic18-lt\cxx-framework\src\traditional\proc\p18f46j50.asm
                   ADRESH   0x000fc4       data     extern E:\3.46\pic18-lt\cxx-framework\src\traditional\proc\p18f46j50.asm
              SSPCON2bits   0x000fc5       data     extern E:\3.46\pic18-lt\cxx-framework\src\traditional\proc\p18f46j50.asm
             SSP1CON2bits   0x000fc5       data     extern E:\3.46\pic18-lt\cxx-framework\src\traditional\proc\p18f46j50.asm
                 SSP1CON2   0x000fc5       data     extern E:\3.46\pic18-lt\cxx-framework\src\traditional\proc\p18f46j50.asm
                  SSPCON2   0x000fc5       data     extern E:\3.46\pic18-lt\cxx-framework\src\traditional\proc\p18f46j50.asm
             SSP1CON1bits   0x000fc6       data     extern E:\3.46\pic18-lt\cxx-framework\src\traditional\proc\p18f46j50.asm
              SSPCON1bits   0x000fc6       data     extern E:\3.46\pic18-lt\cxx-framework\src\traditional\proc\p18f46j50.asm
                  SSPCON1   0x000fc6       data     extern E:\3.46\pic18-lt\cxx-framework\src\traditional\proc\p18f46j50.asm
                 SSP1CON1   0x000fc6       data     extern E:\3.46\pic18-lt\cxx-framework\src\traditional\proc\p18f46j50.asm
              SSPSTATbits   0x000fc7       data     extern E:\3.46\pic18-lt\cxx-framework\src\traditional\proc\p18f46j50.asm
                  SSPSTAT   0x000fc7       data     extern E:\3.46\pic18-lt\cxx-framework\src\traditional\proc\p18f46j50.asm
                 SSP1STAT   0x000fc7       data     extern E:\3.46\pic18-lt\cxx-framework\src\traditional\proc\p18f46j50.asm
             SSP1STATbits   0x000fc7       data     extern E:\3.46\pic18-lt\cxx-framework\src\traditional\proc\p18f46j50.asm
              SSP1ADDbits   0x000fc8       data     extern E:\3.46\pic18-lt\cxx-framework\src\traditional\proc\p18f46j50.asm
                  SSP1ADD   0x000fc8       data     extern E:\3.46\pic18-lt\cxx-framework\src\traditional\proc\p18f46j50.asm
               SSPADDbits   0x000fc8       data     extern E:\3.46\pic18-lt\cxx-framework\src\traditional\proc\p18f46j50.asm
                   SSPADD   0x000fc8       data     extern E:\3.46\pic18-lt\cxx-framework\src\traditional\proc\p18f46j50.asm
                  SSP1BUF   0x000fc9       data     extern E:\3.46\pic18-lt\cxx-framework\src\traditional\proc\p18f46j50.asm
                   SSPBUF   0x000fc9       data     extern E:\3.46\pic18-lt\cxx-framework\src\traditional\proc\p18f46j50.asm
                    T2CON   0x000fca       data     extern E:\3.46\pic18-lt\cxx-framework\src\traditional\proc\p18f46j50.asm
                T2CONbits   0x000fca       data     extern E:\3.46\pic18-lt\cxx-framework\src\traditional\proc\p18f46j50.asm
                      PR2   0x000fcb       data     extern E:\3.46\pic18-lt\cxx-framework\src\traditional\proc\p18f46j50.asm
                     TMR2   0x000fcc       data     extern E:\3.46\pic18-lt\cxx-framework\src\traditional\proc\p18f46j50.asm
                T1CONbits   0x000fcd       data     extern E:\3.46\pic18-lt\cxx-framework\src\traditional\proc\p18f46j50.asm
                    T1CON   0x000fcd       data     extern E:\3.46\pic18-lt\cxx-framework\src\traditional\proc\p18f46j50.asm
                    TMR1L   0x000fce       data     extern E:\3.46\pic18-lt\cxx-framework\src\traditional\proc\p18f46j50.asm
                    TMR1H   0x000fcf       data     extern E:\3.46\pic18-lt\cxx-framework\src\traditional\proc\p18f46j50.asm
                 RCONbits   0x000fd0       data     extern E:\3.46\pic18-lt\cxx-framework\src\traditional\proc\p18f46j50.asm
                     RCON   0x000fd0       data     extern E:\3.46\pic18-lt\cxx-framework\src\traditional\proc\p18f46j50.asm
               CM2CONbits   0x000fd1       data     extern E:\3.46\pic18-lt\cxx-framework\src\traditional\proc\p18f46j50.asm
              CM2CON1bits   0x000fd1       data     extern E:\3.46\pic18-lt\cxx-framework\src\traditional\proc\p18f46j50.asm
                  CM2CON1   0x000fd1       data     extern E:\3.46\pic18-lt\cxx-framework\src\traditional\proc\p18f46j50.asm
                   CM2CON   0x000fd1       data     extern E:\3.46\pic18-lt\cxx-framework\src\traditional\proc\p18f46j50.asm
                   CM1CON   0x000fd2       data     extern E:\3.46\pic18-lt\cxx-framework\src\traditional\proc\p18f46j50.asm
                  CM1CON1   0x000fd2       data     extern E:\3.46\pic18-lt\cxx-framework\src\traditional\proc\p18f46j50.asm
              CM1CON1bits   0x000fd2       data     extern E:\3.46\pic18-lt\cxx-framework\src\traditional\proc\p18f46j50.asm
               CM1CONbits   0x000fd2       data     extern E:\3.46\pic18-lt\cxx-framework\src\traditional\proc\p18f46j50.asm
                   OSCCON   0x000fd3       data     extern E:\3.46\pic18-lt\cxx-framework\src\traditional\proc\p18f46j50.asm
               OSCCONbits   0x000fd3       data     extern E:\3.46\pic18-lt\cxx-framework\src\traditional\proc\p18f46j50.asm
                T0CONbits   0x000fd5       data     extern E:\3.46\pic18-lt\cxx-framework\src\traditional\proc\p18f46j50.asm
                    T0CON   0x000fd5       data     extern E:\3.46\pic18-lt\cxx-framework\src\traditional\proc\p18f46j50.asm
                    TMR0L   0x000fd6       data     extern E:\3.46\pic18-lt\cxx-framework\src\traditional\proc\p18f46j50.asm
                    TMR0H   0x000fd7       data     extern E:\3.46\pic18-lt\cxx-framework\src\traditional\proc\p18f46j50.asm
               STATUSbits   0x000fd8       data     extern E:\3.46\pic18-lt\cxx-framework\src\traditional\proc\p18f46j50.asm
                   STATUS   0x000fd8       data     extern E:\3.46\pic18-lt\cxx-framework\src\traditional\proc\p18f46j50.asm
                     FSR2   0x000fd9       data     extern E:\3.46\pic18-lt\cxx-framework\src\traditional\proc\p18f46j50.asm
                    FSR2L   0x000fd9       data     extern E:\3.46\pic18-lt\cxx-framework\src\traditional\proc\p18f46j50.asm
                    FSR2H   0x000fda       data     extern E:\3.46\pic18-lt\cxx-framework\src\traditional\proc\p18f46j50.asm
                   PLUSW2   0x000fdb       data     extern E:\3.46\pic18-lt\cxx-framework\src\traditional\proc\p18f46j50.asm
                  PREINC2   0x000fdc       data     extern E:\3.46\pic18-lt\cxx-framework\src\traditional\proc\p18f46j50.asm
                 POSTDEC2   0x000fdd       data     extern E:\3.46\pic18-lt\cxx-framework\src\traditional\proc\p18f46j50.asm
                 POSTINC2   0x000fde       data     extern E:\3.46\pic18-lt\cxx-framework\src\traditional\proc\p18f46j50.asm
                    INDF2   0x000fdf       data     extern E:\3.46\pic18-lt\cxx-framework\src\traditional\proc\p18f46j50.asm
                      BSR   0x000fe0       data     extern E:\3.46\pic18-lt\cxx-framework\src\traditional\proc\p18f46j50.asm
                     FSR1   0x000fe1       data     extern E:\3.46\pic18-lt\cxx-framework\src\traditional\proc\p18f46j50.asm
                    FSR1L   0x000fe1       data     extern E:\3.46\pic18-lt\cxx-framework\src\traditional\proc\p18f46j50.asm
                    FSR1H   0x000fe2       data     extern E:\3.46\pic18-lt\cxx-framework\src\traditional\proc\p18f46j50.asm
                   PLUSW1   0x000fe3       data     extern E:\3.46\pic18-lt\cxx-framework\src\traditional\proc\p18f46j50.asm
                  PREINC1   0x000fe4       data     extern E:\3.46\pic18-lt\cxx-framework\src\traditional\proc\p18f46j50.asm
                 POSTDEC1   0x000fe5       data     extern E:\3.46\pic18-lt\cxx-framework\src\traditional\proc\p18f46j50.asm
                 POSTINC1   0x000fe6       data     extern E:\3.46\pic18-lt\cxx-framework\src\traditional\proc\p18f46j50.asm
                    INDF1   0x000fe7       data     extern E:\3.46\pic18-lt\cxx-framework\src\traditional\proc\p18f46j50.asm
                     WREG   0x000fe8       data     extern E:\3.46\pic18-lt\cxx-framework\src\traditional\proc\p18f46j50.asm
                    FSR0L   0x000fe9       data     extern E:\3.46\pic18-lt\cxx-framework\src\traditional\proc\p18f46j50.asm
                     FSR0   0x000fe9       data     extern E:\3.46\pic18-lt\cxx-framework\src\traditional\proc\p18f46j50.asm
                    FSR0H   0x000fea       data     extern E:\3.46\pic18-lt\cxx-framework\src\traditional\proc\p18f46j50.asm
                   PLUSW0   0x000feb       data     extern E:\3.46\pic18-lt\cxx-framework\src\traditional\proc\p18f46j50.asm
                  PREINC0   0x000fec       data     extern E:\3.46\pic18-lt\cxx-framework\src\traditional\proc\p18f46j50.asm
                 POSTDEC0   0x000fed       data     extern E:\3.46\pic18-lt\cxx-framework\src\traditional\proc\p18f46j50.asm
                 POSTINC0   0x000fee       data     extern E:\3.46\pic18-lt\cxx-framework\src\traditional\proc\p18f46j50.asm
                    INDF0   0x000fef       data     extern E:\3.46\pic18-lt\cxx-framework\src\traditional\proc\p18f46j50.asm
                  INTCON3   0x000ff0       data     extern E:\3.46\pic18-lt\cxx-framework\src\traditional\proc\p18f46j50.asm
              INTCON3bits   0x000ff0       data     extern E:\3.46\pic18-lt\cxx-framework\src\traditional\proc\p18f46j50.asm
                  INTCON2   0x000ff1       data     extern E:\3.46\pic18-lt\cxx-framework\src\traditional\proc\p18f46j50.asm
              INTCON2bits   0x000ff1       data     extern E:\3.46\pic18-lt\cxx-framework\src\traditional\proc\p18f46j50.asm
                   INTCON   0x000ff2       data     extern E:\3.46\pic18-lt\cxx-framework\src\traditional\proc\p18f46j50.asm
               INTCONbits   0x000ff2       data     extern E:\3.46\pic18-lt\cxx-framework\src\traditional\proc\p18f46j50.asm
                     PROD   0x000ff3       data     extern E:\3.46\pic18-lt\cxx-framework\src\traditional\proc\p18f46j50.asm
                    PRODL   0x000ff3       data     extern E:\3.46\pic18-lt\cxx-framework\src\traditional\proc\p18f46j50.asm
                    PRODH   0x000ff4       data     extern E:\3.46\pic18-lt\cxx-framework\src\traditional\proc\p18f46j50.asm
                   TABLAT   0x000ff5       data     extern E:\3.46\pic18-lt\cxx-framework\src\traditional\proc\p18f46j50.asm
                  TBLPTRL   0x000ff6       data     extern E:\3.46\pic18-lt\cxx-framework\src\traditional\proc\p18f46j50.asm
                   TBLPTR   0x000ff6       data     extern E:\3.46\pic18-lt\cxx-framework\src\traditional\proc\p18f46j50.asm
                  TBLPTRH   0x000ff7       data     extern E:\3.46\pic18-lt\cxx-framework\src\traditional\proc\p18f46j50.asm
                  TBLPTRU   0x000ff8       data     extern E:\3.46\pic18-lt\cxx-framework\src\traditional\proc\p18f46j50.asm
                      PCL   0x000ff9       data     extern E:\3.46\pic18-lt\cxx-framework\src\traditional\proc\p18f46j50.asm
                       PC   0x000ff9       data     extern E:\3.46\pic18-lt\cxx-framework\src\traditional\proc\p18f46j50.asm
                   PCLATH   0x000ffa       data     extern E:\3.46\pic18-lt\cxx-framework\src\traditional\proc\p18f46j50.asm
                   PCLATU   0x000ffb       data     extern E:\3.46\pic18-lt\cxx-framework\src\traditional\proc\p18f46j50.asm
                   STKPTR   0x000ffc       data     extern E:\3.46\pic18-lt\cxx-framework\src\traditional\proc\p18f46j50.asm
               STKPTRbits   0x000ffc       data     extern E:\3.46\pic18-lt\cxx-framework\src\traditional\proc\p18f46j50.asm
                      TOS   0x000ffd       data     extern E:\3.46\pic18-lt\cxx-framework\src\traditional\proc\p18f46j50.asm
                     TOSL   0x000ffd       data     extern E:\3.46\pic18-lt\cxx-framework\src\traditional\proc\p18f46j50.asm
                     TOSH   0x000ffe       data     extern E:\3.46\pic18-lt\cxx-framework\src\traditional\proc\p18f46j50.asm
                     TOSU   0x000fff       data     extern E:\3.46\pic18-lt\cxx-framework\src\traditional\proc\p18f46j50.asm


