MPLINK 4.48, Linker
Linker Map File - Created Wed Jan 09 06:49:51 2019

                                 Section Info
                  Section       Type    Address   Location Size(Bytes)
                ---------  ---------  ---------  ---------  ---------
    REMAPPED_RESET_VECTOR       code   0x001000    program   0x000006
REMAPPED_HIGH_INTERRUPT_VECTOR       code   0x001008    program   0x000006
REMAPPED_LOW_INTERRUPT_VECTOR       code   0x001018    program   0x000006
                   .cinit    romdata   0x00102a    program   0x000032
      .romdata_ebb_demo.o    romdata   0x00105c    program   0x00388c
              .code_ebb.o       code   0x0048e8    program   0x002a48
              .code_UBW.o       code   0x007330    program   0x00271c
       .code_usb_device.o       code   0x009a4c    program   0x000da4
         .code_vfprintf.o       code   0x00a7f0    program   0x000c22
                     PROG       code   0x00b412    program   0x0005ea
             .stringtable    romdata   0x00b9fc    program   0x000552
             .code_sqrt.o       code   0x00bf4e    program   0x000442
 .code_usb_function_cdc.o       code   0x00c390    program   0x0003fc
         .code_RCServo2.o       code   0x00c78c    program   0x00034a
  .code_WriteBytesFlash.o       code   0x00cad6    program   0x0001de
             .code_main.o       code   0x00ccb4    program   0x000148
            .code_ldexp.o       code   0x00cdfc    program   0x000138
         .code_UnpkMath.o       code   0x00cf34    program   0x00011c
         .code_PackMath.o       code   0x00d050    program   0x00011a
       .code_EraseFlash.o       code   0x00d16a    program   0x0000f8
               _cinit_scn       code   0x00d262    program   0x00009e
                   STRING       code   0x00d300    program   0x00009a
           .code_printf.o       code   0x00d39a    program   0x000098
        .code_ReadFlash.o       code   0x00d432    program   0x000092
             .code_putc.o       code   0x00d4c4    program   0x000084
          .code_fxm3232.o       code   0x00d548    program   0x000070
.romdata_usb_descriptors.o    romdata   0x00d5b8    program   0x000057
      .idata_UnpkMath.o_i    romdata   0x00d60f    program   0x000000
        .idata_printf.o_i    romdata   0x00d60f    program   0x000000
       .romdata_pow2x16.o    romdata   0x00d60f    program   0x000000
         .idata_ldexp.o_i    romdata   0x00d60f    program   0x000000
          .romdata_sqrt.o    romdata   0x00d60f    program   0x000000
        .romdata___init.o    romdata   0x00d60f    program   0x000000
      .idata_PackMath.o_i    romdata   0x00d60f    program   0x000000
         .romdata_errno.o    romdata   0x00d60f    program   0x000000
     .romdata_ReadFlash.o    romdata   0x00d60f    program   0x000000
       .romdata_fxm3232.o    romdata   0x00d60f    program   0x000000
      .idata_fxd1616u.o_i    romdata   0x00d60f    program   0x000000
         .idata_c018i.o_i    romdata   0x00d60f    program   0x000000
.romdata_usb_function_cdc.o    romdata   0x00d60f    program   0x000000
    .idata_usb_device.o_i    romdata   0x00d60f    program   0x000000
    .romdata_EraseFlash.o    romdata   0x00d60f    program   0x000000
           .code_stdout.o       code   0x00d610    program   0x000000
                    CTYPE       code   0x00d610    program   0x00004c
            .code_c018i.o       code   0x00d610    program   0x000000
         .code_fxd3232u.o       code   0x00d65c    program   0x000048
           .romdata_UBW.o    romdata   0x00d6a4    program   0x000035
         .idata_errno.o_i    romdata   0x00d6d9    program   0x000000
    .romdata_usb_device.o    romdata   0x00d6d9    program   0x000000
      .romdata_fxd3232u.o    romdata   0x00d6d9    program   0x000000
       .idata_fxm3232.o_i    romdata   0x00d6d9    program   0x000000
           .romdata_ebb.o    romdata   0x00d6d9    program   0x000000
          .romdata_main.o    romdata   0x00d6d9    program   0x000000
    .idata_EraseFlash.o_i    romdata   0x00d6d9    program   0x000000
          .idata_sqrt.o_i    romdata   0x00d6d9    program   0x000000
      .romdata_RCServo2.o    romdata   0x00d6d9    program   0x000000
     .idata_ReadFlash.o_i    romdata   0x00d6d9    program   0x000000
      .idata_vfprintf.o_i    romdata   0x00d6d9    program   0x000000
       .idata_pow2x16.o_i    romdata   0x00d6d9    program   0x000000
        .idata___init.o_i    romdata   0x00d6d9    program   0x000000
          .romdata_putc.o    romdata   0x00d6d9    program   0x000000
.romdata_WriteBytesFlash.o    romdata   0x00d6d9    program   0x000000
         .code_fxd1616u.o       code   0x00d6da    program   0x00002c
            .code_errno.o       code   0x00d6da    program   0x000000
                    .code       code   0x00d706    program   0x000020
             _startup_scn       code   0x00d726    program   0x00001c
                    STDIO       code   0x00d742    program   0x00001c
          .code_pow2x16.o       code   0x00d75e    program   0x000016
      .romdata_vfprintf.o    romdata   0x00d774    program   0x000011
        .romdata_stdout.o    romdata   0x00d785    program   0x000000
          .idata_putc.o_i    romdata   0x00d785    program   0x000000
         .romdata_ldexp.o    romdata   0x00d785    program   0x000000
         .romdata_c018i.o    romdata   0x00d785    program   0x000000
      .idata_fxd3232u.o_i    romdata   0x00d785    program   0x000000
.idata_WriteBytesFlash.o_i    romdata   0x00d785    program   0x000000
      .idata_ebb_demo.o_i    romdata   0x00d785    program   0x000000
        .romdata_printf.o    romdata   0x00d785    program   0x000000
      .idata_RCServo2.o_i    romdata   0x00d785    program   0x000000
          .idata_main.o_i    romdata   0x00d785    program   0x000000
      .romdata_fxd1616u.o    romdata   0x00d785    program   0x000000
      .romdata_PackMath.o    romdata   0x00d785    program   0x000000
      .romdata_UnpkMath.o    romdata   0x00d785    program   0x000000
.idata_usb_function_cdc.o_i    romdata   0x00d785    program   0x000000
           .code___init.o       code   0x00d786    program   0x000002
  .code_usb_descriptors.o       code   0x00d786    program   0x000000
         .code_ebb_demo.o       code   0x00d786    program   0x000000
.idata_usb_descriptors.o_i    romdata   0x00d788    program   0x00007e
        .idata_stdout.o_i    romdata   0x00d806    program   0x000002
           .idata_ebb.o_i    romdata   0x00d808    program   0x000009
           .idata_UBW.o_i    romdata   0x00d811    program   0x0000e9
                 .tmpdata      udata   0x000000       data   0x000034
                MATH_DATA      udata   0x000034       data   0x000014
              low_ISR_tmp      udata   0x000048       data   0x000004
             high_ISR_tmp      udata   0x00004c       data   0x000004
                  ISR_buf      udata   0x000100       data   0x000071
               com_tx_buf      udata   0x000200       data   0x000080
 .idata_usb_descriptors.o      idata   0x000280       data   0x00007e
            .udata_main.o      udata   0x0002fe       data   0x000002
               com_rx_buf      udata   0x000300       data   0x000100
                  USB_BDT      udata   0x000400       data   0x000078
      .udata_usb_device.o      udata   0x000478       data   0x000034
             .idata_UBW.o      idata   0x000500       data   0x0000e9
           .udata_c018i.o      udata   0x0005e9       data   0x00000a
           .udata_errno.o      udata   0x0005f3       data   0x000002
          .idata_stdout.o      idata   0x0005f5       data   0x000002
        .idata_PackMath.o      idata   0x0005f7       data   0x000000
      .udata_EraseFlash.o      udata   0x0005f7       data   0x000000
      .idata_EraseFlash.o      idata   0x0005f7       data   0x000000
        .udata_fxd3232u.o      udata   0x0005f7       data   0x000000
        .idata_fxd3232u.o      idata   0x0005f7       data   0x000000
         .udata_fxm3232.o      udata   0x0005f7       data   0x000000
         .idata_fxm3232.o      idata   0x0005f7       data   0x000000
       .udata_ReadFlash.o      udata   0x0005f7       data   0x000000
       .idata_ReadFlash.o      idata   0x0005f7       data   0x000000
 .udata_WriteBytesFlash.o      udata   0x0005f7       data   0x000000
 .idata_WriteBytesFlash.o      idata   0x0005f7       data   0x000000
          .udata___init.o      udata   0x0005f7       data   0x000000
          .idata___init.o      idata   0x0005f7       data   0x000000
         .udata_pow2x16.o      udata   0x0005f7       data   0x000000
         .idata_pow2x16.o      idata   0x0005f7       data   0x000000
          .udata_printf.o      udata   0x0005f7       data   0x000000
          .idata_printf.o      idata   0x0005f7       data   0x000000
            .udata_sqrt.o      udata   0x0005f7       data   0x000000
            .idata_sqrt.o      idata   0x0005f7       data   0x000000
        .udata_fxd1616u.o      udata   0x0005f7       data   0x000000
        .idata_fxd1616u.o      idata   0x0005f7       data   0x000000
        .udata_PackMath.o      udata   0x0005f7       data   0x000000
        .idata_RCServo2.o      idata   0x0005f7       data   0x000000
            .idata_putc.o      idata   0x0005f7       data   0x000000
            .idata_main.o      idata   0x0005f7       data   0x000000
.idata_usb_function_cdc.o      idata   0x0005f7       data   0x000000
 .udata_usb_descriptors.o      udata   0x0005f7       data   0x000000
        .udata_ebb_demo.o      udata   0x0005f7       data   0x000000
        .idata_ebb_demo.o      idata   0x0005f7       data   0x000000
            .udata_putc.o      udata   0x0005f7       data   0x000000
        .idata_vfprintf.o      idata   0x0005f7       data   0x000000
        .udata_vfprintf.o      udata   0x0005f7       data   0x000000
      .idata_usb_device.o      idata   0x0005f7       data   0x000000
          .udata_stdout.o      udata   0x0005f7       data   0x000000
           .idata_ldexp.o      idata   0x0005f7       data   0x000000
           .udata_ldexp.o      udata   0x0005f7       data   0x000000
           .idata_errno.o      idata   0x0005f7       data   0x000000
           .idata_c018i.o      idata   0x0005f7       data   0x000000
        .idata_UnpkMath.o      idata   0x0005f7       data   0x000000
        .udata_UnpkMath.o      udata   0x0005f7       data   0x000000
             .udata_ebb.o      udata   0x000600       data   0x0000e5
.udata_usb_function_cdc.o      udata   0x000700       data   0x0000a8
             .udata_UBW.o      udata   0x0007a8       data   0x00003d
                   .stack      udata   0x000d00       data   0x000100
        .udata_RCServo2.o      udata   0x000e00       data   0x0000b7
             .idata_ebb.o      idata   0x000eb7       data   0x000009
              SFR_BANKED0      udata   0x000ec6       data   0x00000e
              SFR_BANKED1      udata   0x000ed7       data   0x000008
              SFR_BANKED2      udata   0x000ee7       data   0x000004
              SFR_BANKED3      udata   0x000eec       data   0x000003
              SFR_BANKED4      udata   0x000ef2       data   0x000002
              SFR_BANKED5      udata   0x000ef6       data   0x000002
              SFR_BANKED6      udata   0x000efb       data   0x000005
              SFR_BANKED7      udata   0x000f26       data   0x000014
              SFR_BANKED8      udata   0x000f3c       data   0x000007
              SFR_BANKED9      udata   0x000f48       data   0x000008
             SFR_BANKED10      udata   0x000f52       data   0x00000e
            SFR_UNBANKED0      udata   0x000f60       data   0x0000a0



                              Program Memory Usage 
                               Start         End      
                           ---------   ---------      
                            0x001000    0x001005      
                            0x001008    0x00100d      
                            0x001018    0x00101d      
                            0x00102a    0x00d60e      
                            0x00d610    0x00d6d8      
                            0x00d6da    0x00d784      
                            0x00d786    0x00d8f9      
            51423 out of 63498 program addresses used, program memory utilization is 80%



                              Symbols - Sorted by Name
                     Name    Address   Location    Storage File                     
                ---------  ---------  ---------  --------- ---------                
          AnalogConfigure   0x0083b4    program     extern C:\Projects\EggBot-GH\EBB_firmware\app.X\source\UBW.c
           BlinkUSBStatus   0x0093e2    program     extern C:\Projects\EggBot-GH\EBB_firmware\app.X\source\UBW.c
                CDCInitEP   0x00c42c    program     extern C:\Projects\EggBot-GH\EBB_firmware\Microchip\USB\CDC Device Driver\usb_function_cdc.c
             CDCTxService   0x00c5ce    program     extern C:\Projects\EggBot-GH\EBB_firmware\Microchip\USB\CDC Device Driver\usb_function_cdc.c
                   D1616S   0x00b8bc    program     static E:\c18v3.46\pic18-lt\cxx-framework\src\traditional\math\fxd1616s.asm
                D1616SNEG   0x00b8ca    program     static E:\c18v3.46\pic18-lt\cxx-framework\src\traditional\math\fxd1616s.asm
                 D1616SOK   0x00b8c6    program     static E:\c18v3.46\pic18-lt\cxx-framework\src\traditional\math\fxd1616s.asm
                  D1616SX   0x00b8dc    program     static E:\c18v3.46\pic18-lt\cxx-framework\src\traditional\math\fxd1616s.asm
                  DA1616S   0x00b8ac    program     static E:\c18v3.46\pic18-lt\cxx-framework\src\traditional\math\fxd1616s.asm
                 EBB_Init   0x004ef2    program     extern C:\Projects\EggBot-GH\EBB_firmware\app.X\source\ebb.c
               EraseFlash   0x00d16a    program     extern E:\c18v3.46\pic18-lt\cxx-framework\src\pmc_common\Flash\EraseFlash.c
                 FLO1632S   0x00b416    program     extern E:\c18v3.46\pic18-lt\cxx-framework\src\traditional\math\cast16FP.asm
                 FLO1632U   0x00b412    program     extern E:\c18v3.46\pic18-lt\cxx-framework\src\traditional\math\cast16FP.asm
                 FLO3232S   0x00b440    program     extern E:\c18v3.46\pic18-lt\cxx-framework\src\traditional\math\cast32FP.asm
                 FLO3232U   0x00b43c    program     extern E:\c18v3.46\pic18-lt\cxx-framework\src\traditional\math\cast32FP.asm
                    FPA32   0x00b5f4    program     extern E:\c18v3.46\pic18-lt\cxx-framework\src\traditional\math\addFP.asm
                    FPD32   0x00b472    program     extern E:\c18v3.46\pic18-lt\cxx-framework\src\traditional\math\divFP.asm
                    FPM32   0x00b518    program     extern E:\c18v3.46\pic18-lt\cxx-framework\src\traditional\math\mulFP.asm
                    FPS32   0x00b5f2    program     extern E:\c18v3.46\pic18-lt\cxx-framework\src\traditional\math\addFP.asm
                 FXD1616S   0x00b89a    program     extern E:\c18v3.46\pic18-lt\cxx-framework\src\traditional\math\fxd1616s.asm
                 FXD1616U   0x00d6da    program     extern E:\c18v3.46\pic18-lt\cxx-framework\src\traditional\math\fxd1616u.c
                 FXD3232U   0x00d65c    program     extern E:\c18v3.46\pic18-lt\cxx-framework\src\traditional\math\fxd3232u.c
                 FXM1616S   0x00b9a2    program     extern E:\c18v3.46\pic18-lt\cxx-framework\src\traditional\math\fxm1616s.asm
                  FXM3232   0x00d548    program     extern E:\c18v3.46\pic18-lt\cxx-framework\src\traditional\math\fxm3232.c
                  INT3232   0x00b720    program     extern E:\c18v3.46\pic18-lt\cxx-framework\src\traditional\math\castFP32.asm
         InitializeSystem   0x00ccc0    program     static C:\Projects\EggBot-GH\EBB_firmware\app.X\source\main.c
                LongDelay   0x008ba2    program     extern C:\Projects\EggBot-GH\EBB_firmware\app.X\source\UBW.c
                ProcessIO   0x00797c    program     extern C:\Projects\EggBot-GH\EBB_firmware\app.X\source\UBW.c
            RCServo2_Init   0x00c78c    program     extern C:\Projects\EggBot-GH\EBB_firmware\app.X\source\RCServo2.c
            RCServo2_Move   0x00c926    program     extern C:\Projects\EggBot-GH\EBB_firmware\app.X\source\RCServo2.c
      RCServo2_S2_command   0x00c87c    program     extern C:\Projects\EggBot-GH\EBB_firmware\app.X\source\RCServo2.c
RCServo2_get_channel_from_RPn   0x00c83e    program     extern C:\Projects\EggBot-GH\EBB_firmware\app.X\source\RCServo2.c
                ReadFlash   0x00d432    program     extern E:\c18v3.46\pic18-lt\cxx-framework\src\pmc_common\Flash\ReadFlash.c
        Remapped_High_ISR   0x001008    program     extern C:\Projects\EggBot-GH\EBB_firmware\app.X\source\main.c
         Remapped_Low_ISR   0x001018    program     extern C:\Projects\EggBot-GH\EBB_firmware\app.X\source\main.c
         SetPinLATFromRPn   0x0094be    program     extern C:\Projects\EggBot-GH\EBB_firmware\app.X\source\UBW.c
        SetPinTRISFromRPn   0x00951a    program     extern C:\Projects\EggBot-GH\EBB_firmware\app.X\source\UBW.c
                  TALTB32   0x00b8e6    program     extern E:\c18v3.46\pic18-lt\cxx-framework\src\traditional\math\ltFP.asm
               TSIGN1616A   0x00b9ee    program     static E:\c18v3.46\pic18-lt\cxx-framework\src\traditional\math\fxm1616s.asm
       USBCBCheckOtherReq   0x00cd08    program     extern C:\Projects\EggBot-GH\EBB_firmware\app.X\source\main.c
        USBCBErrorHandler   0x00cd06    program     extern C:\Projects\EggBot-GH\EBB_firmware\app.X\source\main.c
              USBCBInitEP   0x00cd0e    program     extern C:\Projects\EggBot-GH\EBB_firmware\app.X\source\main.c
          USBCBSendResume   0x00cd12    program     extern C:\Projects\EggBot-GH\EBB_firmware\app.X\source\main.c
    USBCBStdSetDscHandler   0x00cd0c    program     extern C:\Projects\EggBot-GH\EBB_firmware\app.X\source\main.c
             USBCBSuspend   0x00cd00    program     extern C:\Projects\EggBot-GH\EBB_firmware\app.X\source\main.c
     USBCBWakeFromSuspend   0x00cd02    program     extern C:\Projects\EggBot-GH\EBB_firmware\app.X\source\main.c
        USBCB_SOF_Handler   0x00cd04    program     extern C:\Projects\EggBot-GH\EBB_firmware\app.X\source\main.c
       USBCDCEventHandler   0x00c476    program     extern C:\Projects\EggBot-GH\EBB_firmware\Microchip\USB\CDC Device Driver\usb_function_cdc.c
              USBCancelIO   0x009d84    program     extern C:\Projects\EggBot-GH\EBB_firmware\Microchip\USB\usb_device.c
       USBCheckCDCRequest   0x00c390    program     extern C:\Projects\EggBot-GH\EBB_firmware\Microchip\USB\CDC Device Driver\usb_function_cdc.c
       USBCheckStdRequest   0x00a3b4    program     static C:\Projects\EggBot-GH\EBB_firmware\Microchip\USB\usb_device.c
     USBConfigureEndpoint   0x009e54    program     static C:\Projects\EggBot-GH\EBB_firmware\Microchip\USB\usb_device.c
  USBCtrlEPAllowDataStage   0x009e14    program     extern C:\Projects\EggBot-GH\EBB_firmware\Microchip\USB\usb_device.c
USBCtrlEPAllowStatusStage   0x009dbe    program     extern C:\Projects\EggBot-GH\EBB_firmware\Microchip\USB\usb_device.c
         USBCtrlEPService   0x00a252    program     static C:\Projects\EggBot-GH\EBB_firmware\Microchip\USB\usb_device.c
 USBCtrlEPServiceComplete   0x009ea6    program     static C:\Projects\EggBot-GH\EBB_firmware\Microchip\USB\usb_device.c
      USBCtrlTrfInHandler   0x00a33c    program     static C:\Projects\EggBot-GH\EBB_firmware\Microchip\USB\usb_device.c
     USBCtrlTrfOutHandler   0x00a31e    program     static C:\Projects\EggBot-GH\EBB_firmware\Microchip\USB\usb_device.c
      USBCtrlTrfRxService   0x009f7c    program     static C:\Projects\EggBot-GH\EBB_firmware\Microchip\USB\usb_device.c
   USBCtrlTrfSetupHandler   0x00a2de    program     static C:\Projects\EggBot-GH\EBB_firmware\Microchip\USB\usb_device.c
      USBCtrlTrfTxService   0x009f00    program     static C:\Projects\EggBot-GH\EBB_firmware\Microchip\USB\usb_device.c
            USBDeviceInit   0x009a4c    program     extern C:\Projects\EggBot-GH\EBB_firmware\Microchip\USB\usb_device.c
           USBDeviceTasks   0x009b20    program     extern C:\Projects\EggBot-GH\EBB_firmware\Microchip\USB\usb_device.c
        USBEnableEndpoint   0x009c9c    program     extern C:\Projects\EggBot-GH\EBB_firmware\Microchip\USB\usb_device.c
         USBStallEndpoint   0x009d5c    program     extern C:\Projects\EggBot-GH\EBB_firmware\Microchip\USB\usb_device.c
          USBStallHandler   0x00a1ec    program     static C:\Projects\EggBot-GH\EBB_firmware\Microchip\USB\usb_device.c
  USBStdFeatureReqHandler   0x00a466    program     static C:\Projects\EggBot-GH\EBB_firmware\Microchip\USB\usb_device.c
      USBStdGetDscHandler   0x00a0da    program     static C:\Projects\EggBot-GH\EBB_firmware\Microchip\USB\usb_device.c
   USBStdGetStatusHandler   0x00a180    program     static C:\Projects\EggBot-GH\EBB_firmware\Microchip\USB\usb_device.c
      USBStdSetCfgHandler   0x00a03c    program     static C:\Projects\EggBot-GH\EBB_firmware\Microchip\USB\usb_device.c
               USBSuspend   0x00a20e    program     static C:\Projects\EggBot-GH\EBB_firmware\Microchip\USB\usb_device.c
     USBTransferOnePacket   0x009cda    program     extern C:\Projects\EggBot-GH\EBB_firmware\Microchip\USB\usb_device.c
       USBWakeFromSuspend   0x00a22e    program     static C:\Projects\EggBot-GH\EBB_firmware\Microchip\USB\usb_device.c
               USB_CD_Ptr   0x00d60d    program     extern C:\Projects\EggBot-GH\EBB_firmware\app.X\source\usb_descriptors.c
USER_USB_CALLBACK_EVENT_HANDLER   0x00cd56    program     extern C:\Projects\EggBot-GH\EBB_firmware\app.X\source\main.c
                 UserInit   0x0077e6    program     extern C:\Projects\EggBot-GH\EBB_firmware\app.X\source\UBW.c
          WriteBytesFlash   0x00cad6    program     extern E:\c18v3.46\pic18-lt\cxx-framework\src\pmc_common\Flash\WriteBytesFlash.c
              _2jContinue   0x00d320    program     static E:\c18v3.46\pic18-lt\cxx-framework\src\traditional\stdclib\memset.asm
                   _2jEnd   0x00d384    program     static E:\c18v3.46\pic18-lt\cxx-framework\src\traditional\stdclib\slenpgm.asm
                   _3jEnd   0x00d32a    program     static E:\c18v3.46\pic18-lt\cxx-framework\src\traditional\stdclib\memset.asm
                _PackMath   0x00d050    program     extern E:\c18v3.46\pic18-lt\cxx-framework\src\traditional\stdclib\PackMath.c
                _UnpkMath   0x00cf34    program     extern E:\c18v3.46\pic18-lt\cxx-framework\src\traditional\stdclib\UnpkMath.c
              __FpCompare   0x00b8f8    program     extern E:\c18v3.46\pic18-lt\cxx-framework\src\traditional\math\compFP.asm
                 __FpExit   0x00b79a    program     extern E:\c18v3.46\pic18-lt\cxx-framework\src\traditional\math\packFP.asm
                 __FpPack   0x00b7c6    program     extern E:\c18v3.46\pic18-lt\cxx-framework\src\traditional\math\packFP.asm
            __FpReturnNaN   0x00b78e    program     extern E:\c18v3.46\pic18-lt\cxx-framework\src\traditional\math\packFP.asm
         __FpReturnNegInf   0x00b7a0    program     extern E:\c18v3.46\pic18-lt\cxx-framework\src\traditional\math\packFP.asm
        __FpReturnNegZero   0x00b7b8    program     extern E:\c18v3.46\pic18-lt\cxx-framework\src\traditional\math\packFP.asm
         __FpReturnPosInf   0x00b7a6    program     extern E:\c18v3.46\pic18-lt\cxx-framework\src\traditional\math\packFP.asm
        __FpReturnPosZero   0x00b7c0    program     extern E:\c18v3.46\pic18-lt\cxx-framework\src\traditional\math\packFP.asm
        __FpReturnSignInf   0x00b79c    program     extern E:\c18v3.46\pic18-lt\cxx-framework\src\traditional\math\packFP.asm
       __FpReturnSignZero   0x00b7b4    program     extern E:\c18v3.46\pic18-lt\cxx-framework\src\traditional\math\packFP.asm
              __FpReturnW   0x00b81e    program     extern E:\c18v3.46\pic18-lt\cxx-framework\src\traditional\math\packFP.asm
              __FpUnPackA   0x00b83e    program     extern E:\c18v3.46\pic18-lt\cxx-framework\src\traditional\math\UnpackFP.asm
              __FpUnPackB   0x00b86e    program     extern E:\c18v3.46\pic18-lt\cxx-framework\src\traditional\math\UnpackFP.asm
         ___else_lbl00002   0x00494e    program     static                          
         ___else_lbl00007   0x00499c    program     static                          
         ___else_lbl00009   0x0049a8    program     static                          
         ___else_lbl00011   0x0049bc    program     static                          
         ___else_lbl00013   0x0049c8    program     static                          
         ___else_lbl00016   0x0049ac    program     static                          
         ___else_lbl00018   0x004a6e    program     static                          
         ___else_lbl00022   0x004b42    program     static                          
         ___else_lbl00031   0x004b8c    program     static                          
         ___else_lbl00034   0x004be0    program     static                          
         ___else_lbl00039   0x004c7a    program     static                          
         ___else_lbl00044   0x004d22    program     static                          
         ___else_lbl00047   0x004d8c    program     static                          
         ___else_lbl00050   0x004d36    program     static                          
         ___else_lbl00052   0x004bec    program     static                          
         ___else_lbl00055   0x004eb8    program     static                          
          ___for_lbl00062   0x004f92    program     static                          
          ___for_lbl00063   0x004f96    program     static                          
          ___for_lbl00064   0x004f06    program     static                          
          ___for_lbl00377   0x008bcc    program     static                          
          ___for_lbl00378   0x008bd0    program     static                          
          ___for_lbl00381   0x008bb6    program     static                          
           ___if_lbl00001   0x00495a    program     static                          
           ___if_lbl00003   0x00495a    program     static                          
           ___if_lbl00004   0x00496a    program     static                          
           ___if_lbl00005   0x00cc1e    program     static                          
           ___if_lbl00006   0x00cc40    program     static                          
           ___if_lbl00006   0x00499e    program     static                          
           ___if_lbl00007   0x00cc58    program     static                          
           ___if_lbl00008   0x0049aa    program     static                          
           ___if_lbl00010   0x0049be    program     static                          
           ___if_lbl00012   0x0049ca    program     static                          
           ___if_lbl00014   0x0049ca    program     static                          
           ___if_lbl00015   0x0049ca    program     static                          
           ___if_lbl00017   0x004a7a    program     static                          
           ___if_lbl00019   0x004a7a    program     static                          
           ___if_lbl00020   0x004a9e    program     static                          
           ___if_lbl00021   0x004b4e    program     static                          
           ___if_lbl00023   0x004b4e    program     static                          
           ___if_lbl00024   0x004b72    program     static                          
           ___if_lbl00025   0x004b84    program     static                          
           ___if_lbl00026   0x004b8a    program     static                          
           ___if_lbl00027   0x004b98    program     static                          
           ___if_lbl00028   0x004b9e    program     static                          
           ___if_lbl00029   0x004b9e    program     static                          
           ___if_lbl00030   0x004b9e    program     static                          
           ___if_lbl00032   0x004bea    program     static                          
           ___if_lbl00033   0x004bea    program     static                          
           ___if_lbl00035   0x004bea    program     static                          
           ___if_lbl00036   0x004bea    program     static                          
           ___if_lbl00037   0x004cf0    program     static                          
           ___if_lbl00038   0x004cf0    program     static                          
           ___if_lbl00040   0x004cf0    program     static                          
           ___if_lbl00041   0x004d20    program     static                          
           ___if_lbl00042   0x004d34    program     static                          
           ___if_lbl00043   0x004d34    program     static                          
           ___if_lbl00045   0x004d34    program     static                          
           ___if_lbl00046   0x004d94    program     static                          
           ___if_lbl00048   0x004d9a    program     static                          
           ___if_lbl00049   0x004d9a    program     static                          
           ___if_lbl00051   0x004d9a    program     static                          
           ___if_lbl00054   0x004ec2    program     static                          
           ___if_lbl00056   0x004ec2    program     static                          
           ___if_lbl00059   0x004eda    program     static                          
           ___if_lbl00060   0x004eda    program     static                          
       ___return_lbl00000   0x00d4ac    program     static                          
       ___return_lbl00000   0x00d772    program     static                          
       ___return_lbl00000   0x004eda    program     static                          
       ___return_lbl00000   0x00d5b6    program     static                          
       ___return_lbl00000   0x00d6a2    program     static                          
       ___return_lbl00000   0x00d704    program     static                          
       ___return_lbl00000   0x00cc9c    program     static                          
       ___return_lbl00000   0x00d740    program     static                          
       ___return_lbl00000   0x001004    program     static                          
       ___return_lbl00001   0x00d2fe    program     static                          
       ___return_lbl00001   0x00100c    program     static                          
       ___return_lbl00002   0x00101c    program     static                          
       ___return_lbl00061   0x00509c    program     static                          
       ___return_lbl00376   0x008bd0    program     static                          
       ___return_lbl00382   0x008bec    program     static                          
       ___return_lbl00383   0x008bfa    program     static                          
        ___while_lbl00001   0x00cbc0    program     static                          
        ___while_lbl00001   0x00d47a    program     static                          
        ___while_lbl00002   0x00cc9c    program     static                          
        ___while_lbl00002   0x00d4ac    program     static                          
        ___while_lbl00003   0x00cbe4    program     static                          
        ___while_lbl00004   0x00cc20    program     static                          
        ___while_lbl00379   0x008bbe    program     static                          
        ___while_lbl00380   0x008bcc    program     static                          
                   __init   0x00d786    program     extern E:\c18v3.46\pic18-lt\cxx-framework\src\traditional\stdclib\__init.c
                   __pa_0   0x006a5c    program     static C:\Projects\EggBot-GH\EBB_firmware\app.X\source\ebb.c
                   __pa_0   0x00c6b0    program     static C:\Projects\EggBot-GH\EBB_firmware\Microchip\USB\CDC Device Driver\usb_function_cdc.c
                   __pa_0   0x00ca64    program     static C:\Projects\EggBot-GH\EBB_firmware\app.X\source\RCServo2.c
                   __pa_0   0x00d118    program     static E:\c18v3.46\pic18-lt\cxx-framework\src\traditional\stdclib\PackMath.c
                   __pa_0   0x00cf2a    program     static E:\c18v3.46\pic18-lt\cxx-framework\src\traditional\stdclib\ldexp.c
                   __pa_0   0x009576    program     static C:\Projects\EggBot-GH\EBB_firmware\app.X\source\UBW.c
                   __pa_0   0x00d254    program     static E:\c18v3.46\pic18-lt\cxx-framework\src\pmc_common\Flash\EraseFlash.c
                   __pa_0   0x00a5a8    program     static C:\Projects\EggBot-GH\EBB_firmware\Microchip\USB\usb_device.c
                   __pa_0   0x00cdde    program     static C:\Projects\EggBot-GH\EBB_firmware\app.X\source\main.c
                   __pa_0   0x00d042    program     static E:\c18v3.46\pic18-lt\cxx-framework\src\traditional\stdclib\UnpkMath.c
                   __pa_0   0x00c2ec    program     static E:\c18v3.46\pic18-lt\cxx-framework\src\traditional\stdclib\sqrt.c
                   __pa_0   0x00b130    program     static E:\c18v3.46\pic18-lt\cxx-framework\src\traditional\stdclib\vfprintf.c
                   __pa_1   0x00b138    program     static E:\c18v3.46\pic18-lt\cxx-framework\src\traditional\stdclib\vfprintf.c
                   __pa_1   0x00a5b0    program     static C:\Projects\EggBot-GH\EBB_firmware\Microchip\USB\usb_device.c
                   __pa_1   0x009588    program     static C:\Projects\EggBot-GH\EBB_firmware\app.X\source\UBW.c
                   __pa_1   0x00d128    program     static E:\c18v3.46\pic18-lt\cxx-framework\src\traditional\stdclib\PackMath.c
                   __pa_1   0x00c2f6    program     static E:\c18v3.46\pic18-lt\cxx-framework\src\traditional\stdclib\sqrt.c
                   __pa_1   0x00cdf0    program     static C:\Projects\EggBot-GH\EBB_firmware\app.X\source\main.c
                   __pa_1   0x00ca76    program     static C:\Projects\EggBot-GH\EBB_firmware\app.X\source\RCServo2.c
                   __pa_1   0x006a6a    program     static C:\Projects\EggBot-GH\EBB_firmware\app.X\source\ebb.c
                   __pa_1   0x00c6c2    program     static C:\Projects\EggBot-GH\EBB_firmware\Microchip\USB\CDC Device Driver\usb_function_cdc.c
                  __pa_10   0x00a60e    program     static C:\Projects\EggBot-GH\EBB_firmware\Microchip\USB\usb_device.c
                  __pa_10   0x006b1a    program     static C:\Projects\EggBot-GH\EBB_firmware\app.X\source\ebb.c
                  __pa_10   0x00c748    program     static C:\Projects\EggBot-GH\EBB_firmware\Microchip\USB\CDC Device Driver\usb_function_cdc.c
                  __pa_10   0x0095de    program     static C:\Projects\EggBot-GH\EBB_firmware\app.X\source\UBW.c
                  __pa_10   0x00b1ec    program     static E:\c18v3.46\pic18-lt\cxx-framework\src\traditional\stdclib\vfprintf.c
                 __pa_100   0x0099e8    program     static C:\Projects\EggBot-GH\EBB_firmware\app.X\source\UBW.c
                 __pa_100   0x007188    program     static C:\Projects\EggBot-GH\EBB_firmware\app.X\source\ebb.c
                 __pa_101   0x0099f0    program     static C:\Projects\EggBot-GH\EBB_firmware\app.X\source\UBW.c
                 __pa_101   0x0071a0    program     static C:\Projects\EggBot-GH\EBB_firmware\app.X\source\ebb.c
                 __pa_102   0x0071aa    program     static C:\Projects\EggBot-GH\EBB_firmware\app.X\source\ebb.c
                 __pa_102   0x0099fc    program     static C:\Projects\EggBot-GH\EBB_firmware\app.X\source\UBW.c
                 __pa_103   0x009a08    program     static C:\Projects\EggBot-GH\EBB_firmware\app.X\source\UBW.c
                 __pa_103   0x0071b2    program     static C:\Projects\EggBot-GH\EBB_firmware\app.X\source\ebb.c
                 __pa_104   0x0071bc    program     static C:\Projects\EggBot-GH\EBB_firmware\app.X\source\ebb.c
                 __pa_104   0x009a10    program     static C:\Projects\EggBot-GH\EBB_firmware\app.X\source\UBW.c
                 __pa_105   0x0071c4    program     static C:\Projects\EggBot-GH\EBB_firmware\app.X\source\ebb.c
                 __pa_105   0x009a1a    program     static C:\Projects\EggBot-GH\EBB_firmware\app.X\source\UBW.c
                 __pa_106   0x0071d8    program     static C:\Projects\EggBot-GH\EBB_firmware\app.X\source\ebb.c
                 __pa_106   0x009a26    program     static C:\Projects\EggBot-GH\EBB_firmware\app.X\source\UBW.c
                 __pa_107   0x009a2e    program     static C:\Projects\EggBot-GH\EBB_firmware\app.X\source\UBW.c
                 __pa_107   0x0071ea    program     static C:\Projects\EggBot-GH\EBB_firmware\app.X\source\ebb.c
                 __pa_108   0x009a34    program     static C:\Projects\EggBot-GH\EBB_firmware\app.X\source\UBW.c
                 __pa_108   0x0071fc    program     static C:\Projects\EggBot-GH\EBB_firmware\app.X\source\ebb.c
                 __pa_109   0x009a3a    program     static C:\Projects\EggBot-GH\EBB_firmware\app.X\source\UBW.c
                 __pa_109   0x007206    program     static C:\Projects\EggBot-GH\EBB_firmware\app.X\source\ebb.c
                  __pa_11   0x00c756    program     static C:\Projects\EggBot-GH\EBB_firmware\Microchip\USB\CDC Device Driver\usb_function_cdc.c
                  __pa_11   0x0095ec    program     static C:\Projects\EggBot-GH\EBB_firmware\app.X\source\UBW.c
                  __pa_11   0x00a618    program     static C:\Projects\EggBot-GH\EBB_firmware\Microchip\USB\usb_device.c
                  __pa_11   0x00b1fa    program     static E:\c18v3.46\pic18-lt\cxx-framework\src\traditional\stdclib\vfprintf.c
                  __pa_11   0x006b2a    program     static C:\Projects\EggBot-GH\EBB_firmware\app.X\source\ebb.c
                 __pa_110   0x007214    program     static C:\Projects\EggBot-GH\EBB_firmware\app.X\source\ebb.c
                 __pa_110   0x009a42    program     static C:\Projects\EggBot-GH\EBB_firmware\app.X\source\UBW.c
                 __pa_111   0x007226    program     static C:\Projects\EggBot-GH\EBB_firmware\app.X\source\ebb.c
                 __pa_112   0x007232    program     static C:\Projects\EggBot-GH\EBB_firmware\app.X\source\ebb.c
                 __pa_113   0x00723c    program     static C:\Projects\EggBot-GH\EBB_firmware\app.X\source\ebb.c
                 __pa_114   0x007248    program     static C:\Projects\EggBot-GH\EBB_firmware\app.X\source\ebb.c
                 __pa_115   0x007250    program     static C:\Projects\EggBot-GH\EBB_firmware\app.X\source\ebb.c
                 __pa_116   0x007258    program     static C:\Projects\EggBot-GH\EBB_firmware\app.X\source\ebb.c
                 __pa_117   0x007260    program     static C:\Projects\EggBot-GH\EBB_firmware\app.X\source\ebb.c
                 __pa_118   0x00726e    program     static C:\Projects\EggBot-GH\EBB_firmware\app.X\source\ebb.c
                 __pa_119   0x007276    program     static C:\Projects\EggBot-GH\EBB_firmware\app.X\source\ebb.c
                  __pa_12   0x0095f4    program     static C:\Projects\EggBot-GH\EBB_firmware\app.X\source\UBW.c
                  __pa_12   0x006b78    program     static C:\Projects\EggBot-GH\EBB_firmware\app.X\source\ebb.c
                  __pa_12   0x00b210    program     static E:\c18v3.46\pic18-lt\cxx-framework\src\traditional\stdclib\vfprintf.c
                  __pa_12   0x00a62c    program     static C:\Projects\EggBot-GH\EBB_firmware\Microchip\USB\usb_device.c
                  __pa_12   0x00c760    program     static C:\Projects\EggBot-GH\EBB_firmware\Microchip\USB\CDC Device Driver\usb_function_cdc.c
                 __pa_120   0x007284    program     static C:\Projects\EggBot-GH\EBB_firmware\app.X\source\ebb.c
                 __pa_121   0x007290    program     static C:\Projects\EggBot-GH\EBB_firmware\app.X\source\ebb.c
                 __pa_122   0x00729a    program     static C:\Projects\EggBot-GH\EBB_firmware\app.X\source\ebb.c
                 __pa_123   0x0072a2    program     static C:\Projects\EggBot-GH\EBB_firmware\app.X\source\ebb.c
                 __pa_124   0x0072ac    program     static C:\Projects\EggBot-GH\EBB_firmware\app.X\source\ebb.c
                 __pa_125   0x0072c2    program     static C:\Projects\EggBot-GH\EBB_firmware\app.X\source\ebb.c
                 __pa_126   0x0072ca    program     static C:\Projects\EggBot-GH\EBB_firmware\app.X\source\ebb.c
                 __pa_127   0x0072d2    program     static C:\Projects\EggBot-GH\EBB_firmware\app.X\source\ebb.c
                 __pa_128   0x0072de    program     static C:\Projects\EggBot-GH\EBB_firmware\app.X\source\ebb.c
                 __pa_129   0x0072e6    program     static C:\Projects\EggBot-GH\EBB_firmware\app.X\source\ebb.c
                  __pa_13   0x00a640    program     static C:\Projects\EggBot-GH\EBB_firmware\Microchip\USB\usb_device.c
                  __pa_13   0x006b82    program     static C:\Projects\EggBot-GH\EBB_firmware\app.X\source\ebb.c
                  __pa_13   0x00b22a    program     static E:\c18v3.46\pic18-lt\cxx-framework\src\traditional\stdclib\vfprintf.c
                  __pa_13   0x0095fe    program     static C:\Projects\EggBot-GH\EBB_firmware\app.X\source\UBW.c
                  __pa_13   0x00c770    program     static C:\Projects\EggBot-GH\EBB_firmware\Microchip\USB\CDC Device Driver\usb_function_cdc.c
                 __pa_130   0x0072f0    program     static C:\Projects\EggBot-GH\EBB_firmware\app.X\source\ebb.c
                 __pa_131   0x0072fa    program     static C:\Projects\EggBot-GH\EBB_firmware\app.X\source\ebb.c
                 __pa_132   0x007306    program     static C:\Projects\EggBot-GH\EBB_firmware\app.X\source\ebb.c
                 __pa_133   0x007312    program     static C:\Projects\EggBot-GH\EBB_firmware\app.X\source\ebb.c
                 __pa_134   0x007318    program     static C:\Projects\EggBot-GH\EBB_firmware\app.X\source\ebb.c
                 __pa_135   0x007322    program     static C:\Projects\EggBot-GH\EBB_firmware\app.X\source\ebb.c
                 __pa_136   0x007328    program     static C:\Projects\EggBot-GH\EBB_firmware\app.X\source\ebb.c
                  __pa_14   0x00c77e    program     static C:\Projects\EggBot-GH\EBB_firmware\Microchip\USB\CDC Device Driver\usb_function_cdc.c
                  __pa_14   0x006b96    program     static C:\Projects\EggBot-GH\EBB_firmware\app.X\source\ebb.c
                  __pa_14   0x00b242    program     static E:\c18v3.46\pic18-lt\cxx-framework\src\traditional\stdclib\vfprintf.c
                  __pa_14   0x00a64e    program     static C:\Projects\EggBot-GH\EBB_firmware\Microchip\USB\usb_device.c
                  __pa_14   0x009606    program     static C:\Projects\EggBot-GH\EBB_firmware\app.X\source\UBW.c
                  __pa_15   0x006b9a    program     static C:\Projects\EggBot-GH\EBB_firmware\app.X\source\ebb.c
                  __pa_15   0x00a65a    program     static C:\Projects\EggBot-GH\EBB_firmware\Microchip\USB\usb_device.c
                  __pa_15   0x00b252    program     static E:\c18v3.46\pic18-lt\cxx-framework\src\traditional\stdclib\vfprintf.c
                  __pa_15   0x009612    program     static C:\Projects\EggBot-GH\EBB_firmware\app.X\source\UBW.c
                  __pa_16   0x00a674    program     static C:\Projects\EggBot-GH\EBB_firmware\Microchip\USB\usb_device.c
                  __pa_16   0x00b268    program     static E:\c18v3.46\pic18-lt\cxx-framework\src\traditional\stdclib\vfprintf.c
                  __pa_16   0x00961c    program     static C:\Projects\EggBot-GH\EBB_firmware\app.X\source\UBW.c
                  __pa_16   0x006bb0    program     static C:\Projects\EggBot-GH\EBB_firmware\app.X\source\ebb.c
                  __pa_17   0x00b27a    program     static E:\c18v3.46\pic18-lt\cxx-framework\src\traditional\stdclib\vfprintf.c
                  __pa_17   0x00a680    program     static C:\Projects\EggBot-GH\EBB_firmware\Microchip\USB\usb_device.c
                  __pa_17   0x009624    program     static C:\Projects\EggBot-GH\EBB_firmware\app.X\source\UBW.c
                  __pa_17   0x006bba    program     static C:\Projects\EggBot-GH\EBB_firmware\app.X\source\ebb.c
                  __pa_18   0x00b28c    program     static E:\c18v3.46\pic18-lt\cxx-framework\src\traditional\stdclib\vfprintf.c
                  __pa_18   0x00a68c    program     static C:\Projects\EggBot-GH\EBB_firmware\Microchip\USB\usb_device.c
                  __pa_18   0x009636    program     static C:\Projects\EggBot-GH\EBB_firmware\app.X\source\UBW.c
                  __pa_18   0x006bce    program     static C:\Projects\EggBot-GH\EBB_firmware\app.X\source\ebb.c
                  __pa_19   0x00b296    program     static E:\c18v3.46\pic18-lt\cxx-framework\src\traditional\stdclib\vfprintf.c
                  __pa_19   0x006be2    program     static C:\Projects\EggBot-GH\EBB_firmware\app.X\source\ebb.c
                  __pa_19   0x00a694    program     static C:\Projects\EggBot-GH\EBB_firmware\Microchip\USB\usb_device.c
                  __pa_19   0x00963c    program     static C:\Projects\EggBot-GH\EBB_firmware\app.X\source\UBW.c
                   __pa_2   0x00c310    program     static E:\c18v3.46\pic18-lt\cxx-framework\src\traditional\stdclib\sqrt.c
                   __pa_2   0x00b142    program     static E:\c18v3.46\pic18-lt\cxx-framework\src\traditional\stdclib\vfprintf.c
                   __pa_2   0x00d136    program     static E:\c18v3.46\pic18-lt\cxx-framework\src\traditional\stdclib\PackMath.c
                   __pa_2   0x00ca80    program     static C:\Projects\EggBot-GH\EBB_firmware\app.X\source\RCServo2.c
                   __pa_2   0x00a5b6    program     static C:\Projects\EggBot-GH\EBB_firmware\Microchip\USB\usb_device.c
                   __pa_2   0x00958e    program     static C:\Projects\EggBot-GH\EBB_firmware\app.X\source\UBW.c
                   __pa_2   0x006a84    program     static C:\Projects\EggBot-GH\EBB_firmware\app.X\source\ebb.c
                   __pa_2   0x00c6d2    program     static C:\Projects\EggBot-GH\EBB_firmware\Microchip\USB\CDC Device Driver\usb_function_cdc.c
                  __pa_20   0x006bfc    program     static C:\Projects\EggBot-GH\EBB_firmware\app.X\source\ebb.c
                  __pa_20   0x00b2a6    program     static E:\c18v3.46\pic18-lt\cxx-framework\src\traditional\stdclib\vfprintf.c
                  __pa_20   0x00a69c    program     static C:\Projects\EggBot-GH\EBB_firmware\Microchip\USB\usb_device.c
                  __pa_20   0x009648    program     static C:\Projects\EggBot-GH\EBB_firmware\app.X\source\UBW.c
                  __pa_21   0x006c0e    program     static C:\Projects\EggBot-GH\EBB_firmware\app.X\source\ebb.c
                  __pa_21   0x00a6a8    program     static C:\Projects\EggBot-GH\EBB_firmware\Microchip\USB\usb_device.c
                  __pa_21   0x00b2b6    program     static E:\c18v3.46\pic18-lt\cxx-framework\src\traditional\stdclib\vfprintf.c
                  __pa_21   0x009664    program     static C:\Projects\EggBot-GH\EBB_firmware\app.X\source\UBW.c
                  __pa_22   0x00a6b8    program     static C:\Projects\EggBot-GH\EBB_firmware\Microchip\USB\usb_device.c
                  __pa_22   0x006c1c    program     static C:\Projects\EggBot-GH\EBB_firmware\app.X\source\ebb.c
                  __pa_22   0x009672    program     static C:\Projects\EggBot-GH\EBB_firmware\app.X\source\UBW.c
                  __pa_22   0x00b2c6    program     static E:\c18v3.46\pic18-lt\cxx-framework\src\traditional\stdclib\vfprintf.c
                  __pa_23   0x006c2a    program     static C:\Projects\EggBot-GH\EBB_firmware\app.X\source\ebb.c
                  __pa_23   0x00a6c8    program     static C:\Projects\EggBot-GH\EBB_firmware\Microchip\USB\usb_device.c
                  __pa_23   0x00b2d2    program     static E:\c18v3.46\pic18-lt\cxx-framework\src\traditional\stdclib\vfprintf.c
                  __pa_23   0x009680    program     static C:\Projects\EggBot-GH\EBB_firmware\app.X\source\UBW.c
                  __pa_24   0x00b2e0    program     static E:\c18v3.46\pic18-lt\cxx-framework\src\traditional\stdclib\vfprintf.c
                  __pa_24   0x006c38    program     static C:\Projects\EggBot-GH\EBB_firmware\app.X\source\ebb.c
                  __pa_24   0x00968e    program     static C:\Projects\EggBot-GH\EBB_firmware\app.X\source\UBW.c
                  __pa_24   0x00a6d6    program     static C:\Projects\EggBot-GH\EBB_firmware\Microchip\USB\usb_device.c
                  __pa_25   0x00a6e4    program     static C:\Projects\EggBot-GH\EBB_firmware\Microchip\USB\usb_device.c
                  __pa_25   0x00b2e8    program     static E:\c18v3.46\pic18-lt\cxx-framework\src\traditional\stdclib\vfprintf.c
                  __pa_25   0x00969a    program     static C:\Projects\EggBot-GH\EBB_firmware\app.X\source\UBW.c
                  __pa_25   0x006c44    program     static C:\Projects\EggBot-GH\EBB_firmware\app.X\source\ebb.c
                  __pa_26   0x0096a0    program     static C:\Projects\EggBot-GH\EBB_firmware\app.X\source\UBW.c
                  __pa_26   0x006c64    program     static C:\Projects\EggBot-GH\EBB_firmware\app.X\source\ebb.c
                  __pa_26   0x00b2f2    program     static E:\c18v3.46\pic18-lt\cxx-framework\src\traditional\stdclib\vfprintf.c
                  __pa_26   0x00a6f2    program     static C:\Projects\EggBot-GH\EBB_firmware\Microchip\USB\usb_device.c
                  __pa_27   0x00b2fc    program     static E:\c18v3.46\pic18-lt\cxx-framework\src\traditional\stdclib\vfprintf.c
                  __pa_27   0x006c7a    program     static C:\Projects\EggBot-GH\EBB_firmware\app.X\source\ebb.c
                  __pa_27   0x0096aa    program     static C:\Projects\EggBot-GH\EBB_firmware\app.X\source\UBW.c
                  __pa_27   0x00a6fc    program     static C:\Projects\EggBot-GH\EBB_firmware\Microchip\USB\usb_device.c
                  __pa_28   0x00a714    program     static C:\Projects\EggBot-GH\EBB_firmware\Microchip\USB\usb_device.c
                  __pa_28   0x0096b4    program     static C:\Projects\EggBot-GH\EBB_firmware\app.X\source\UBW.c
                  __pa_28   0x006c88    program     static C:\Projects\EggBot-GH\EBB_firmware\app.X\source\ebb.c
                  __pa_28   0x00b304    program     static E:\c18v3.46\pic18-lt\cxx-framework\src\traditional\stdclib\vfprintf.c
                  __pa_29   0x00a720    program     static C:\Projects\EggBot-GH\EBB_firmware\Microchip\USB\usb_device.c
                  __pa_29   0x0096ba    program     static C:\Projects\EggBot-GH\EBB_firmware\app.X\source\UBW.c
                  __pa_29   0x006c9a    program     static C:\Projects\EggBot-GH\EBB_firmware\app.X\source\ebb.c
                  __pa_29   0x00b312    program     static E:\c18v3.46\pic18-lt\cxx-framework\src\traditional\stdclib\vfprintf.c
                   __pa_3   0x00ca90    program     static C:\Projects\EggBot-GH\EBB_firmware\app.X\source\RCServo2.c
                   __pa_3   0x00d140    program     static E:\c18v3.46\pic18-lt\cxx-framework\src\traditional\stdclib\PackMath.c
                   __pa_3   0x00b14c    program     static E:\c18v3.46\pic18-lt\cxx-framework\src\traditional\stdclib\vfprintf.c
                   __pa_3   0x00c6de    program     static C:\Projects\EggBot-GH\EBB_firmware\Microchip\USB\CDC Device Driver\usb_function_cdc.c
                   __pa_3   0x00a5ba    program     static C:\Projects\EggBot-GH\EBB_firmware\Microchip\USB\usb_device.c
                   __pa_3   0x00959a    program     static C:\Projects\EggBot-GH\EBB_firmware\app.X\source\UBW.c
                   __pa_3   0x00c32a    program     static E:\c18v3.46\pic18-lt\cxx-framework\src\traditional\stdclib\sqrt.c
                   __pa_3   0x006a9e    program     static C:\Projects\EggBot-GH\EBB_firmware\app.X\source\ebb.c
                  __pa_30   0x006cb6    program     static C:\Projects\EggBot-GH\EBB_firmware\app.X\source\ebb.c
                  __pa_30   0x00b32e    program     static E:\c18v3.46\pic18-lt\cxx-framework\src\traditional\stdclib\vfprintf.c
                  __pa_30   0x00a734    program     static C:\Projects\EggBot-GH\EBB_firmware\Microchip\USB\usb_device.c
                  __pa_30   0x0096c8    program     static C:\Projects\EggBot-GH\EBB_firmware\app.X\source\UBW.c
                  __pa_31   0x00b348    program     static E:\c18v3.46\pic18-lt\cxx-framework\src\traditional\stdclib\vfprintf.c
                  __pa_31   0x00a740    program     static C:\Projects\EggBot-GH\EBB_firmware\Microchip\USB\usb_device.c
                  __pa_31   0x006cc0    program     static C:\Projects\EggBot-GH\EBB_firmware\app.X\source\ebb.c
                  __pa_31   0x0096d6    program     static C:\Projects\EggBot-GH\EBB_firmware\app.X\source\UBW.c
                  __pa_32   0x006cc6    program     static C:\Projects\EggBot-GH\EBB_firmware\app.X\source\ebb.c
                  __pa_32   0x00b362    program     static E:\c18v3.46\pic18-lt\cxx-framework\src\traditional\stdclib\vfprintf.c
                  __pa_32   0x0096de    program     static C:\Projects\EggBot-GH\EBB_firmware\app.X\source\UBW.c
                  __pa_32   0x00a752    program     static C:\Projects\EggBot-GH\EBB_firmware\Microchip\USB\usb_device.c
                  __pa_33   0x006ce0    program     static C:\Projects\EggBot-GH\EBB_firmware\app.X\source\ebb.c
                  __pa_33   0x00b37a    program     static E:\c18v3.46\pic18-lt\cxx-framework\src\traditional\stdclib\vfprintf.c
                  __pa_33   0x00a760    program     static C:\Projects\EggBot-GH\EBB_firmware\Microchip\USB\usb_device.c
                  __pa_33   0x0096fa    program     static C:\Projects\EggBot-GH\EBB_firmware\app.X\source\UBW.c
                  __pa_34   0x00b384    program     static E:\c18v3.46\pic18-lt\cxx-framework\src\traditional\stdclib\vfprintf.c
                  __pa_34   0x00a772    program     static C:\Projects\EggBot-GH\EBB_firmware\Microchip\USB\usb_device.c
                  __pa_34   0x009716    program     static C:\Projects\EggBot-GH\EBB_firmware\app.X\source\UBW.c
                  __pa_34   0x006cfa    program     static C:\Projects\EggBot-GH\EBB_firmware\app.X\source\ebb.c
                  __pa_35   0x00a77c    program     static C:\Projects\EggBot-GH\EBB_firmware\Microchip\USB\usb_device.c
                  __pa_35   0x00b392    program     static E:\c18v3.46\pic18-lt\cxx-framework\src\traditional\stdclib\vfprintf.c
                  __pa_35   0x009730    program     static C:\Projects\EggBot-GH\EBB_firmware\app.X\source\UBW.c
                  __pa_35   0x006d14    program     static C:\Projects\EggBot-GH\EBB_firmware\app.X\source\ebb.c
                  __pa_36   0x006d2e    program     static C:\Projects\EggBot-GH\EBB_firmware\app.X\source\ebb.c
                  __pa_36   0x00a786    program     static C:\Projects\EggBot-GH\EBB_firmware\Microchip\USB\usb_device.c
                  __pa_36   0x00b39a    program     static E:\c18v3.46\pic18-lt\cxx-framework\src\traditional\stdclib\vfprintf.c
                  __pa_36   0x00973c    program     static C:\Projects\EggBot-GH\EBB_firmware\app.X\source\UBW.c
                  __pa_37   0x006d48    program     static C:\Projects\EggBot-GH\EBB_firmware\app.X\source\ebb.c
                  __pa_37   0x00b3a4    program     static E:\c18v3.46\pic18-lt\cxx-framework\src\traditional\stdclib\vfprintf.c
                  __pa_37   0x00a78c    program     static C:\Projects\EggBot-GH\EBB_firmware\Microchip\USB\usb_device.c
                  __pa_37   0x009746    program     static C:\Projects\EggBot-GH\EBB_firmware\app.X\source\UBW.c
                  __pa_38   0x006d68    program     static C:\Projects\EggBot-GH\EBB_firmware\app.X\source\ebb.c
                  __pa_38   0x00b3b4    program     static E:\c18v3.46\pic18-lt\cxx-framework\src\traditional\stdclib\vfprintf.c
                  __pa_38   0x00a794    program     static C:\Projects\EggBot-GH\EBB_firmware\Microchip\USB\usb_device.c
                  __pa_38   0x009752    program     static C:\Projects\EggBot-GH\EBB_firmware\app.X\source\UBW.c
                  __pa_39   0x00a79a    program     static C:\Projects\EggBot-GH\EBB_firmware\Microchip\USB\usb_device.c
                  __pa_39   0x00975e    program     static C:\Projects\EggBot-GH\EBB_firmware\app.X\source\UBW.c
                  __pa_39   0x00b3c2    program     static E:\c18v3.46\pic18-lt\cxx-framework\src\traditional\stdclib\vfprintf.c
                  __pa_39   0x006d74    program     static C:\Projects\EggBot-GH\EBB_firmware\app.X\source\ebb.c
                   __pa_4   0x00d14e    program     static E:\c18v3.46\pic18-lt\cxx-framework\src\traditional\stdclib\PackMath.c
                   __pa_4   0x00ca9c    program     static C:\Projects\EggBot-GH\EBB_firmware\app.X\source\RCServo2.c
                   __pa_4   0x00b164    program     static E:\c18v3.46\pic18-lt\cxx-framework\src\traditional\stdclib\vfprintf.c
                   __pa_4   0x00a5c4    program     static C:\Projects\EggBot-GH\EBB_firmware\Microchip\USB\usb_device.c
                   __pa_4   0x00c33c    program     static E:\c18v3.46\pic18-lt\cxx-framework\src\traditional\stdclib\sqrt.c
                   __pa_4   0x00c6f0    program     static C:\Projects\EggBot-GH\EBB_firmware\Microchip\USB\CDC Device Driver\usb_function_cdc.c
                   __pa_4   0x0095a6    program     static C:\Projects\EggBot-GH\EBB_firmware\app.X\source\UBW.c
                   __pa_4   0x006aaa    program     static C:\Projects\EggBot-GH\EBB_firmware\app.X\source\ebb.c
                  __pa_40   0x006d90    program     static C:\Projects\EggBot-GH\EBB_firmware\app.X\source\ebb.c
                  __pa_40   0x00b3ce    program     static E:\c18v3.46\pic18-lt\cxx-framework\src\traditional\stdclib\vfprintf.c
                  __pa_40   0x009766    program     static C:\Projects\EggBot-GH\EBB_firmware\app.X\source\UBW.c
                  __pa_40   0x00a7a8    program     static C:\Projects\EggBot-GH\EBB_firmware\Microchip\USB\usb_device.c
                  __pa_41   0x00b3da    program     static E:\c18v3.46\pic18-lt\cxx-framework\src\traditional\stdclib\vfprintf.c
                  __pa_41   0x00a7b6    program     static C:\Projects\EggBot-GH\EBB_firmware\Microchip\USB\usb_device.c
                  __pa_41   0x00977c    program     static C:\Projects\EggBot-GH\EBB_firmware\app.X\source\UBW.c
                  __pa_41   0x006d9c    program     static C:\Projects\EggBot-GH\EBB_firmware\app.X\source\ebb.c
                  __pa_42   0x00b3e2    program     static E:\c18v3.46\pic18-lt\cxx-framework\src\traditional\stdclib\vfprintf.c
                  __pa_42   0x00a7c0    program     static C:\Projects\EggBot-GH\EBB_firmware\Microchip\USB\usb_device.c
                  __pa_42   0x006da6    program     static C:\Projects\EggBot-GH\EBB_firmware\app.X\source\ebb.c
                  __pa_42   0x00978a    program     static C:\Projects\EggBot-GH\EBB_firmware\app.X\source\UBW.c
                  __pa_43   0x00b3ec    program     static E:\c18v3.46\pic18-lt\cxx-framework\src\traditional\stdclib\vfprintf.c
                  __pa_43   0x006dc0    program     static C:\Projects\EggBot-GH\EBB_firmware\app.X\source\ebb.c
                  __pa_43   0x009794    program     static C:\Projects\EggBot-GH\EBB_firmware\app.X\source\UBW.c
                  __pa_43   0x00a7ca    program     static C:\Projects\EggBot-GH\EBB_firmware\Microchip\USB\usb_device.c
                  __pa_44   0x00b3f2    program     static E:\c18v3.46\pic18-lt\cxx-framework\src\traditional\stdclib\vfprintf.c
                  __pa_44   0x0097a6    program     static C:\Projects\EggBot-GH\EBB_firmware\app.X\source\UBW.c
                  __pa_44   0x00a7d2    program     static C:\Projects\EggBot-GH\EBB_firmware\Microchip\USB\usb_device.c
                  __pa_44   0x006dde    program     static C:\Projects\EggBot-GH\EBB_firmware\app.X\source\ebb.c
                  __pa_45   0x006dfc    program     static C:\Projects\EggBot-GH\EBB_firmware\app.X\source\ebb.c
                  __pa_45   0x00a7de    program     static C:\Projects\EggBot-GH\EBB_firmware\Microchip\USB\usb_device.c
                  __pa_45   0x00b3fc    program     static E:\c18v3.46\pic18-lt\cxx-framework\src\traditional\stdclib\vfprintf.c
                  __pa_45   0x0097b8    program     static C:\Projects\EggBot-GH\EBB_firmware\app.X\source\UBW.c
                  __pa_46   0x006e1a    program     static C:\Projects\EggBot-GH\EBB_firmware\app.X\source\ebb.c
                  __pa_46   0x0097c4    program     static C:\Projects\EggBot-GH\EBB_firmware\app.X\source\UBW.c
                  __pa_46   0x00a7e8    program     static C:\Projects\EggBot-GH\EBB_firmware\Microchip\USB\usb_device.c
                  __pa_46   0x00b408    program     static E:\c18v3.46\pic18-lt\cxx-framework\src\traditional\stdclib\vfprintf.c
                  __pa_47   0x006e38    program     static C:\Projects\EggBot-GH\EBB_firmware\app.X\source\ebb.c
                  __pa_47   0x0097d0    program     static C:\Projects\EggBot-GH\EBB_firmware\app.X\source\UBW.c
                  __pa_48   0x006e50    program     static C:\Projects\EggBot-GH\EBB_firmware\app.X\source\ebb.c
                  __pa_48   0x0097da    program     static C:\Projects\EggBot-GH\EBB_firmware\app.X\source\UBW.c
                  __pa_49   0x0097e4    program     static C:\Projects\EggBot-GH\EBB_firmware\app.X\source\UBW.c
                  __pa_49   0x006e58    program     static C:\Projects\EggBot-GH\EBB_firmware\app.X\source\ebb.c
                   __pa_5   0x00d156    program     static E:\c18v3.46\pic18-lt\cxx-framework\src\traditional\stdclib\PackMath.c
                   __pa_5   0x00b178    program     static E:\c18v3.46\pic18-lt\cxx-framework\src\traditional\stdclib\vfprintf.c
                   __pa_5   0x00caa8    program     static C:\Projects\EggBot-GH\EBB_firmware\app.X\source\RCServo2.c
                   __pa_5   0x00c70a    program     static C:\Projects\EggBot-GH\EBB_firmware\Microchip\USB\CDC Device Driver\usb_function_cdc.c
                   __pa_5   0x0095ae    program     static C:\Projects\EggBot-GH\EBB_firmware\app.X\source\UBW.c
                   __pa_5   0x006ace    program     static C:\Projects\EggBot-GH\EBB_firmware\app.X\source\ebb.c
                   __pa_5   0x00a5d4    program     static C:\Projects\EggBot-GH\EBB_firmware\Microchip\USB\usb_device.c
                   __pa_5   0x00c34e    program     static E:\c18v3.46\pic18-lt\cxx-framework\src\traditional\stdclib\sqrt.c
                  __pa_50   0x006e60    program     static C:\Projects\EggBot-GH\EBB_firmware\app.X\source\ebb.c
                  __pa_50   0x0097f0    program     static C:\Projects\EggBot-GH\EBB_firmware\app.X\source\UBW.c
                  __pa_51   0x006e70    program     static C:\Projects\EggBot-GH\EBB_firmware\app.X\source\ebb.c
                  __pa_51   0x0097fc    program     static C:\Projects\EggBot-GH\EBB_firmware\app.X\source\UBW.c
                  __pa_52   0x00980a    program     static C:\Projects\EggBot-GH\EBB_firmware\app.X\source\UBW.c
                  __pa_52   0x006e86    program     static C:\Projects\EggBot-GH\EBB_firmware\app.X\source\ebb.c
                  __pa_53   0x009818    program     static C:\Projects\EggBot-GH\EBB_firmware\app.X\source\UBW.c
                  __pa_53   0x006e92    program     static C:\Projects\EggBot-GH\EBB_firmware\app.X\source\ebb.c
                  __pa_54   0x006eac    program     static C:\Projects\EggBot-GH\EBB_firmware\app.X\source\ebb.c
                  __pa_54   0x009826    program     static C:\Projects\EggBot-GH\EBB_firmware\app.X\source\UBW.c
                  __pa_55   0x006ec6    program     static C:\Projects\EggBot-GH\EBB_firmware\app.X\source\ebb.c
                  __pa_55   0x00982c    program     static C:\Projects\EggBot-GH\EBB_firmware\app.X\source\UBW.c
                  __pa_56   0x006ed2    program     static C:\Projects\EggBot-GH\EBB_firmware\app.X\source\ebb.c
                  __pa_56   0x00983a    program     static C:\Projects\EggBot-GH\EBB_firmware\app.X\source\UBW.c
                  __pa_57   0x006ee0    program     static C:\Projects\EggBot-GH\EBB_firmware\app.X\source\ebb.c
                  __pa_57   0x009844    program     static C:\Projects\EggBot-GH\EBB_firmware\app.X\source\UBW.c
                  __pa_58   0x006eee    program     static C:\Projects\EggBot-GH\EBB_firmware\app.X\source\ebb.c
                  __pa_58   0x00984e    program     static C:\Projects\EggBot-GH\EBB_firmware\app.X\source\UBW.c
                  __pa_59   0x006efc    program     static C:\Projects\EggBot-GH\EBB_firmware\app.X\source\ebb.c
                  __pa_59   0x009856    program     static C:\Projects\EggBot-GH\EBB_firmware\app.X\source\UBW.c
                   __pa_6   0x0095b8    program     static C:\Projects\EggBot-GH\EBB_firmware\app.X\source\UBW.c
                   __pa_6   0x006af2    program     static C:\Projects\EggBot-GH\EBB_firmware\app.X\source\ebb.c
                   __pa_6   0x00d15e    program     static E:\c18v3.46\pic18-lt\cxx-framework\src\traditional\stdclib\PackMath.c
                   __pa_6   0x00b194    program     static E:\c18v3.46\pic18-lt\cxx-framework\src\traditional\stdclib\vfprintf.c
                   __pa_6   0x00c718    program     static C:\Projects\EggBot-GH\EBB_firmware\Microchip\USB\CDC Device Driver\usb_function_cdc.c
                   __pa_6   0x00c360    program     static E:\c18v3.46\pic18-lt\cxx-framework\src\traditional\stdclib\sqrt.c
                   __pa_6   0x00a5de    program     static C:\Projects\EggBot-GH\EBB_firmware\Microchip\USB\usb_device.c
                   __pa_6   0x00cab4    program     static C:\Projects\EggBot-GH\EBB_firmware\app.X\source\RCServo2.c
                  __pa_60   0x00985c    program     static C:\Projects\EggBot-GH\EBB_firmware\app.X\source\UBW.c
                  __pa_60   0x006f02    program     static C:\Projects\EggBot-GH\EBB_firmware\app.X\source\ebb.c
                  __pa_61   0x009864    program     static C:\Projects\EggBot-GH\EBB_firmware\app.X\source\UBW.c
                  __pa_61   0x006f16    program     static C:\Projects\EggBot-GH\EBB_firmware\app.X\source\ebb.c
                  __pa_62   0x00986a    program     static C:\Projects\EggBot-GH\EBB_firmware\app.X\source\UBW.c
                  __pa_62   0x006f1e    program     static C:\Projects\EggBot-GH\EBB_firmware\app.X\source\ebb.c
                  __pa_63   0x006f30    program     static C:\Projects\EggBot-GH\EBB_firmware\app.X\source\ebb.c
                  __pa_63   0x009874    program     static C:\Projects\EggBot-GH\EBB_firmware\app.X\source\UBW.c
                  __pa_64   0x006f42    program     static C:\Projects\EggBot-GH\EBB_firmware\app.X\source\ebb.c
                  __pa_64   0x00987e    program     static C:\Projects\EggBot-GH\EBB_firmware\app.X\source\UBW.c
                  __pa_65   0x006f52    program     static C:\Projects\EggBot-GH\EBB_firmware\app.X\source\ebb.c
                  __pa_65   0x009884    program     static C:\Projects\EggBot-GH\EBB_firmware\app.X\source\UBW.c
                  __pa_66   0x006f64    program     static C:\Projects\EggBot-GH\EBB_firmware\app.X\source\ebb.c
                  __pa_66   0x00988e    program     static C:\Projects\EggBot-GH\EBB_firmware\app.X\source\UBW.c
                  __pa_67   0x006f6e    program     static C:\Projects\EggBot-GH\EBB_firmware\app.X\source\ebb.c
                  __pa_67   0x009892    program     static C:\Projects\EggBot-GH\EBB_firmware\app.X\source\UBW.c
                  __pa_68   0x00989c    program     static C:\Projects\EggBot-GH\EBB_firmware\app.X\source\UBW.c
                  __pa_68   0x006f76    program     static C:\Projects\EggBot-GH\EBB_firmware\app.X\source\ebb.c
                  __pa_69   0x0098a8    program     static C:\Projects\EggBot-GH\EBB_firmware\app.X\source\UBW.c
                  __pa_69   0x006f7e    program     static C:\Projects\EggBot-GH\EBB_firmware\app.X\source\ebb.c
                   __pa_7   0x0095c2    program     static C:\Projects\EggBot-GH\EBB_firmware\app.X\source\UBW.c
                   __pa_7   0x00cabc    program     static C:\Projects\EggBot-GH\EBB_firmware\app.X\source\RCServo2.c
                   __pa_7   0x006b04    program     static C:\Projects\EggBot-GH\EBB_firmware\app.X\source\ebb.c
                   __pa_7   0x00a5e8    program     static C:\Projects\EggBot-GH\EBB_firmware\Microchip\USB\usb_device.c
                   __pa_7   0x00c36e    program     static E:\c18v3.46\pic18-lt\cxx-framework\src\traditional\stdclib\sqrt.c
                   __pa_7   0x00c726    program     static C:\Projects\EggBot-GH\EBB_firmware\Microchip\USB\CDC Device Driver\usb_function_cdc.c
                   __pa_7   0x00b19e    program     static E:\c18v3.46\pic18-lt\cxx-framework\src\traditional\stdclib\vfprintf.c
                  __pa_70   0x0098b4    program     static C:\Projects\EggBot-GH\EBB_firmware\app.X\source\UBW.c
                  __pa_70   0x006f8e    program     static C:\Projects\EggBot-GH\EBB_firmware\app.X\source\ebb.c
                  __pa_71   0x0098bc    program     static C:\Projects\EggBot-GH\EBB_firmware\app.X\source\UBW.c
                  __pa_71   0x006f96    program     static C:\Projects\EggBot-GH\EBB_firmware\app.X\source\ebb.c
                  __pa_72   0x0098c4    program     static C:\Projects\EggBot-GH\EBB_firmware\app.X\source\UBW.c
                  __pa_72   0x006fa4    program     static C:\Projects\EggBot-GH\EBB_firmware\app.X\source\ebb.c
                  __pa_73   0x0098d2    program     static C:\Projects\EggBot-GH\EBB_firmware\app.X\source\UBW.c
                  __pa_73   0x006fb2    program     static C:\Projects\EggBot-GH\EBB_firmware\app.X\source\ebb.c
                  __pa_74   0x0098d8    program     static C:\Projects\EggBot-GH\EBB_firmware\app.X\source\UBW.c
                  __pa_74   0x006fc0    program     static C:\Projects\EggBot-GH\EBB_firmware\app.X\source\ebb.c
                  __pa_75   0x006fce    program     static C:\Projects\EggBot-GH\EBB_firmware\app.X\source\ebb.c
                  __pa_75   0x0098e2    program     static C:\Projects\EggBot-GH\EBB_firmware\app.X\source\UBW.c
                  __pa_76   0x006fd8    program     static C:\Projects\EggBot-GH\EBB_firmware\app.X\source\ebb.c
                  __pa_76   0x0098ec    program     static C:\Projects\EggBot-GH\EBB_firmware\app.X\source\UBW.c
                  __pa_77   0x006fe2    program     static C:\Projects\EggBot-GH\EBB_firmware\app.X\source\ebb.c
                  __pa_77   0x0098f6    program     static C:\Projects\EggBot-GH\EBB_firmware\app.X\source\UBW.c
                  __pa_78   0x006fec    program     static C:\Projects\EggBot-GH\EBB_firmware\app.X\source\ebb.c
                  __pa_78   0x009904    program     static C:\Projects\EggBot-GH\EBB_firmware\app.X\source\UBW.c
                  __pa_79   0x006ff6    program     static C:\Projects\EggBot-GH\EBB_firmware\app.X\source\ebb.c
                  __pa_79   0x009910    program     static C:\Projects\EggBot-GH\EBB_firmware\app.X\source\UBW.c
                   __pa_8   0x00cac6    program     static C:\Projects\EggBot-GH\EBB_firmware\app.X\source\RCServo2.c
                   __pa_8   0x00b1aa    program     static E:\c18v3.46\pic18-lt\cxx-framework\src\traditional\stdclib\vfprintf.c
                   __pa_8   0x006b08    program     static C:\Projects\EggBot-GH\EBB_firmware\app.X\source\ebb.c
                   __pa_8   0x0095cc    program     static C:\Projects\EggBot-GH\EBB_firmware\app.X\source\UBW.c
                   __pa_8   0x00a5f8    program     static C:\Projects\EggBot-GH\EBB_firmware\Microchip\USB\usb_device.c
                   __pa_8   0x00c376    program     static E:\c18v3.46\pic18-lt\cxx-framework\src\traditional\stdclib\sqrt.c
                   __pa_8   0x00c72c    program     static C:\Projects\EggBot-GH\EBB_firmware\Microchip\USB\CDC Device Driver\usb_function_cdc.c
                  __pa_80   0x006ffe    program     static C:\Projects\EggBot-GH\EBB_firmware\app.X\source\ebb.c
                  __pa_80   0x00991a    program     static C:\Projects\EggBot-GH\EBB_firmware\app.X\source\UBW.c
                  __pa_81   0x007014    program     static C:\Projects\EggBot-GH\EBB_firmware\app.X\source\ebb.c
                  __pa_81   0x009926    program     static C:\Projects\EggBot-GH\EBB_firmware\app.X\source\UBW.c
                  __pa_82   0x007026    program     static C:\Projects\EggBot-GH\EBB_firmware\app.X\source\ebb.c
                  __pa_82   0x009932    program     static C:\Projects\EggBot-GH\EBB_firmware\app.X\source\UBW.c
                  __pa_83   0x007038    program     static C:\Projects\EggBot-GH\EBB_firmware\app.X\source\ebb.c
                  __pa_83   0x00993c    program     static C:\Projects\EggBot-GH\EBB_firmware\app.X\source\UBW.c
                  __pa_84   0x007050    program     static C:\Projects\EggBot-GH\EBB_firmware\app.X\source\ebb.c
                  __pa_84   0x00994a    program     static C:\Projects\EggBot-GH\EBB_firmware\app.X\source\UBW.c
                  __pa_85   0x009956    program     static C:\Projects\EggBot-GH\EBB_firmware\app.X\source\UBW.c
                  __pa_85   0x007068    program     static C:\Projects\EggBot-GH\EBB_firmware\app.X\source\ebb.c
                  __pa_86   0x007080    program     static C:\Projects\EggBot-GH\EBB_firmware\app.X\source\ebb.c
                  __pa_86   0x009962    program     static C:\Projects\EggBot-GH\EBB_firmware\app.X\source\UBW.c
                  __pa_87   0x007094    program     static C:\Projects\EggBot-GH\EBB_firmware\app.X\source\ebb.c
                  __pa_87   0x00996a    program     static C:\Projects\EggBot-GH\EBB_firmware\app.X\source\UBW.c
                  __pa_88   0x0070a6    program     static C:\Projects\EggBot-GH\EBB_firmware\app.X\source\ebb.c
                  __pa_88   0x009974    program     static C:\Projects\EggBot-GH\EBB_firmware\app.X\source\UBW.c
                  __pa_89   0x0070b0    program     static C:\Projects\EggBot-GH\EBB_firmware\app.X\source\ebb.c
                  __pa_89   0x00997c    program     static C:\Projects\EggBot-GH\EBB_firmware\app.X\source\UBW.c
                   __pa_9   0x00c380    program     static E:\c18v3.46\pic18-lt\cxx-framework\src\traditional\stdclib\sqrt.c
                   __pa_9   0x00a602    program     static C:\Projects\EggBot-GH\EBB_firmware\Microchip\USB\usb_device.c
                   __pa_9   0x0095d4    program     static C:\Projects\EggBot-GH\EBB_firmware\app.X\source\UBW.c
                   __pa_9   0x006b14    program     static C:\Projects\EggBot-GH\EBB_firmware\app.X\source\ebb.c
                   __pa_9   0x00c73a    program     static C:\Projects\EggBot-GH\EBB_firmware\Microchip\USB\CDC Device Driver\usb_function_cdc.c
                   __pa_9   0x00b1cc    program     static E:\c18v3.46\pic18-lt\cxx-framework\src\traditional\stdclib\vfprintf.c
                  __pa_90   0x0070ca    program     static C:\Projects\EggBot-GH\EBB_firmware\app.X\source\ebb.c
                  __pa_90   0x009984    program     static C:\Projects\EggBot-GH\EBB_firmware\app.X\source\UBW.c
                  __pa_91   0x0070de    program     static C:\Projects\EggBot-GH\EBB_firmware\app.X\source\ebb.c
                  __pa_91   0x00998c    program     static C:\Projects\EggBot-GH\EBB_firmware\app.X\source\UBW.c
                  __pa_92   0x0070e8    program     static C:\Projects\EggBot-GH\EBB_firmware\app.X\source\ebb.c
                  __pa_92   0x009994    program     static C:\Projects\EggBot-GH\EBB_firmware\app.X\source\UBW.c
                  __pa_93   0x0070ee    program     static C:\Projects\EggBot-GH\EBB_firmware\app.X\source\ebb.c
                  __pa_93   0x00999e    program     static C:\Projects\EggBot-GH\EBB_firmware\app.X\source\UBW.c
                  __pa_94   0x0070f8    program     static C:\Projects\EggBot-GH\EBB_firmware\app.X\source\ebb.c
                  __pa_94   0x0099a6    program     static C:\Projects\EggBot-GH\EBB_firmware\app.X\source\UBW.c
                  __pa_95   0x0099b2    program     static C:\Projects\EggBot-GH\EBB_firmware\app.X\source\UBW.c
                  __pa_95   0x007110    program     static C:\Projects\EggBot-GH\EBB_firmware\app.X\source\ebb.c
                  __pa_96   0x0099bc    program     static C:\Projects\EggBot-GH\EBB_firmware\app.X\source\UBW.c
                  __pa_96   0x007128    program     static C:\Projects\EggBot-GH\EBB_firmware\app.X\source\ebb.c
                  __pa_97   0x0099c4    program     static C:\Projects\EggBot-GH\EBB_firmware\app.X\source\UBW.c
                  __pa_97   0x007140    program     static C:\Projects\EggBot-GH\EBB_firmware\app.X\source\ebb.c
                  __pa_98   0x0099d4    program     static C:\Projects\EggBot-GH\EBB_firmware\app.X\source\UBW.c
                  __pa_98   0x007158    program     static C:\Projects\EggBot-GH\EBB_firmware\app.X\source\ebb.c
                  __pa_99   0x007170    program     static C:\Projects\EggBot-GH\EBB_firmware\app.X\source\ebb.c
                  __pa_99   0x0099e0    program     static C:\Projects\EggBot-GH\EBB_firmware\app.X\source\UBW.c
               __string_0   0x00bd2b    program     static C:\Projects\EggBot-GH\EBB_firmware\app.X\source\ebb.c
               __string_1   0x00bcfd    program     static C:\Projects\EggBot-GH\EBB_firmware\app.X\source\ebb.c
               __string_1   0x00bf4b    program     static C:\Projects\EggBot-GH\EBB_firmware\app.X\source\UBW.c
              __string_10   0x00bb70    program     static C:\Projects\EggBot-GH\EBB_firmware\app.X\source\ebb.c
              __string_10   0x00bebd    program     static C:\Projects\EggBot-GH\EBB_firmware\app.X\source\UBW.c
              __string_11   0x00bb40    program     static C:\Projects\EggBot-GH\EBB_firmware\app.X\source\ebb.c
              __string_11   0x00be9c    program     static C:\Projects\EggBot-GH\EBB_firmware\app.X\source\UBW.c
              __string_12   0x00bb1a    program     static C:\Projects\EggBot-GH\EBB_firmware\app.X\source\ebb.c
              __string_12   0x00be83    program     static C:\Projects\EggBot-GH\EBB_firmware\app.X\source\UBW.c
              __string_13   0x00bae5    program     static C:\Projects\EggBot-GH\EBB_firmware\app.X\source\ebb.c
              __string_13   0x00be60    program     static C:\Projects\EggBot-GH\EBB_firmware\app.X\source\UBW.c
              __string_14   0x00be38    program     static C:\Projects\EggBot-GH\EBB_firmware\app.X\source\UBW.c
              __string_14   0x00baba    program     static C:\Projects\EggBot-GH\EBB_firmware\app.X\source\ebb.c
[...]
                RCSTAbits   0x000fac       data     extern E:\c18v3.46\pic18-lt\cxx-framework\src\traditional\proc\p18f46j50.asm
               RCSTA1bits   0x000fac       data     extern E:\c18v3.46\pic18-lt\cxx-framework\src\traditional\proc\p18f46j50.asm
                   RCSTA1   0x000fac       data     extern E:\c18v3.46\pic18-lt\cxx-framework\src\traditional\proc\p18f46j50.asm
                    RCSTA   0x000fac       data     extern E:\c18v3.46\pic18-lt\cxx-framework\src\traditional\proc\p18f46j50.asm
                    TXSTA   0x000fad       data     extern E:\c18v3.46\pic18-lt\cxx-framework\src\traditional\proc\p18f46j50.asm
                   TXSTA1   0x000fad       data     extern E:\c18v3.46\pic18-lt\cxx-framework\src\traditional\proc\p18f46j50.asm
               TXSTA1bits   0x000fad       data     extern E:\c18v3.46\pic18-lt\cxx-framework\src\traditional\proc\p18f46j50.asm
                TXSTAbits   0x000fad       data     extern E:\c18v3.46\pic18-lt\cxx-framework\src\traditional\proc\p18f46j50.asm
                    TXREG   0x000fae       data     extern E:\c18v3.46\pic18-lt\cxx-framework\src\traditional\proc\p18f46j50.asm
                   TXREG1   0x000fae       data     extern E:\c18v3.46\pic18-lt\cxx-framework\src\traditional\proc\p18f46j50.asm
                    RCREG   0x000faf       data     extern E:\c18v3.46\pic18-lt\cxx-framework\src\traditional\proc\p18f46j50.asm
                   RCREG1   0x000faf       data     extern E:\c18v3.46\pic18-lt\cxx-framework\src\traditional\proc\p18f46j50.asm
                    SPBRG   0x000fb0       data     extern E:\c18v3.46\pic18-lt\cxx-framework\src\traditional\proc\p18f46j50.asm
                   SPBRG1   0x000fb0       data     extern E:\c18v3.46\pic18-lt\cxx-framework\src\traditional\proc\p18f46j50.asm
                 CTMUICON   0x000fb1       data     extern E:\c18v3.46\pic18-lt\cxx-framework\src\traditional\proc\p18f46j50.asm
             CTMUICONbits   0x000fb1       data     extern E:\c18v3.46\pic18-lt\cxx-framework\src\traditional\proc\p18f46j50.asm
             CTMUCONLbits   0x000fb2       data     extern E:\c18v3.46\pic18-lt\cxx-framework\src\traditional\proc\p18f46j50.asm
                 CTMUCONL   0x000fb2       data     extern E:\c18v3.46\pic18-lt\cxx-framework\src\traditional\proc\p18f46j50.asm
             CTMUCONHbits   0x000fb3       data     extern E:\c18v3.46\pic18-lt\cxx-framework\src\traditional\proc\p18f46j50.asm
                 CTMUCONH   0x000fb3       data     extern E:\c18v3.46\pic18-lt\cxx-framework\src\traditional\proc\p18f46j50.asm
                 ECCP2CON   0x000fb4       data     extern E:\c18v3.46\pic18-lt\cxx-framework\src\traditional\proc\p18f46j50.asm
              CCP2CONbits   0x000fb4       data     extern E:\c18v3.46\pic18-lt\cxx-framework\src\traditional\proc\p18f46j50.asm
             ECCP2CONbits   0x000fb4       data     extern E:\c18v3.46\pic18-lt\cxx-framework\src\traditional\proc\p18f46j50.asm
                  CCP2CON   0x000fb4       data     extern E:\c18v3.46\pic18-lt\cxx-framework\src\traditional\proc\p18f46j50.asm
                   CCPR2L   0x000fb5       data     extern E:\c18v3.46\pic18-lt\cxx-framework\src\traditional\proc\p18f46j50.asm
                    CCPR2   0x000fb5       data     extern E:\c18v3.46\pic18-lt\cxx-framework\src\traditional\proc\p18f46j50.asm
                   CCPR2H   0x000fb6       data     extern E:\c18v3.46\pic18-lt\cxx-framework\src\traditional\proc\p18f46j50.asm
             ECCP2DELbits   0x000fb7       data     extern E:\c18v3.46\pic18-lt\cxx-framework\src\traditional\proc\p18f46j50.asm
                 ECCP2DEL   0x000fb7       data     extern E:\c18v3.46\pic18-lt\cxx-framework\src\traditional\proc\p18f46j50.asm
              PWM2CONbits   0x000fb7       data     extern E:\c18v3.46\pic18-lt\cxx-framework\src\traditional\proc\p18f46j50.asm
                  PWM2CON   0x000fb7       data     extern E:\c18v3.46\pic18-lt\cxx-framework\src\traditional\proc\p18f46j50.asm
              ECCP2ASbits   0x000fb8       data     extern E:\c18v3.46\pic18-lt\cxx-framework\src\traditional\proc\p18f46j50.asm
                  ECCP2AS   0x000fb8       data     extern E:\c18v3.46\pic18-lt\cxx-framework\src\traditional\proc\p18f46j50.asm
                 PSTR2CON   0x000fb9       data     extern E:\c18v3.46\pic18-lt\cxx-framework\src\traditional\proc\p18f46j50.asm
             PSTR2CONbits   0x000fb9       data     extern E:\c18v3.46\pic18-lt\cxx-framework\src\traditional\proc\p18f46j50.asm
              CCP1CONbits   0x000fba       data     extern E:\c18v3.46\pic18-lt\cxx-framework\src\traditional\proc\p18f46j50.asm
                  CCP1CON   0x000fba       data     extern E:\c18v3.46\pic18-lt\cxx-framework\src\traditional\proc\p18f46j50.asm
             ECCP1CONbits   0x000fba       data     extern E:\c18v3.46\pic18-lt\cxx-framework\src\traditional\proc\p18f46j50.asm
                 ECCP1CON   0x000fba       data     extern E:\c18v3.46\pic18-lt\cxx-framework\src\traditional\proc\p18f46j50.asm
                   CCPR1L   0x000fbb       data     extern E:\c18v3.46\pic18-lt\cxx-framework\src\traditional\proc\p18f46j50.asm
                    CCPR1   0x000fbb       data     extern E:\c18v3.46\pic18-lt\cxx-framework\src\traditional\proc\p18f46j50.asm
                   CCPR1H   0x000fbc       data     extern E:\c18v3.46\pic18-lt\cxx-framework\src\traditional\proc\p18f46j50.asm
                  PWM1CON   0x000fbd       data     extern E:\c18v3.46\pic18-lt\cxx-framework\src\traditional\proc\p18f46j50.asm
              PWM1CONbits   0x000fbd       data     extern E:\c18v3.46\pic18-lt\cxx-framework\src\traditional\proc\p18f46j50.asm
             ECCP1DELbits   0x000fbd       data     extern E:\c18v3.46\pic18-lt\cxx-framework\src\traditional\proc\p18f46j50.asm
                 ECCP1DEL   0x000fbd       data     extern E:\c18v3.46\pic18-lt\cxx-framework\src\traditional\proc\p18f46j50.asm
              ECCP1ASbits   0x000fbe       data     extern E:\c18v3.46\pic18-lt\cxx-framework\src\traditional\proc\p18f46j50.asm
                  ECCP1AS   0x000fbe       data     extern E:\c18v3.46\pic18-lt\cxx-framework\src\traditional\proc\p18f46j50.asm
             PSTR1CONbits   0x000fbf       data     extern E:\c18v3.46\pic18-lt\cxx-framework\src\traditional\proc\p18f46j50.asm
                 PSTR1CON   0x000fbf       data     extern E:\c18v3.46\pic18-lt\cxx-framework\src\traditional\proc\p18f46j50.asm
                   WDTCON   0x000fc0       data     extern E:\c18v3.46\pic18-lt\cxx-framework\src\traditional\proc\p18f46j50.asm
               WDTCONbits   0x000fc0       data     extern E:\c18v3.46\pic18-lt\cxx-framework\src\traditional\proc\p18f46j50.asm
                   ADCON1   0x000fc1       data     extern E:\c18v3.46\pic18-lt\cxx-framework\src\traditional\proc\p18f46j50.asm
               ADCON1bits   0x000fc1       data     extern E:\c18v3.46\pic18-lt\cxx-framework\src\traditional\proc\p18f46j50.asm
               ADCON0bits   0x000fc2       data     extern E:\c18v3.46\pic18-lt\cxx-framework\src\traditional\proc\p18f46j50.asm
                   ADCON0   0x000fc2       data     extern E:\c18v3.46\pic18-lt\cxx-framework\src\traditional\proc\p18f46j50.asm
                    ADRES   0x000fc3       data     extern E:\c18v3.46\pic18-lt\cxx-framework\src\traditional\proc\p18f46j50.asm
                   ADRESL   0x000fc3       data     extern E:\c18v3.46\pic18-lt\cxx-framework\src\traditional\proc\p18f46j50.asm
                   ADRESH   0x000fc4       data     extern E:\c18v3.46\pic18-lt\cxx-framework\src\traditional\proc\p18f46j50.asm
             SSP1CON2bits   0x000fc5       data     extern E:\c18v3.46\pic18-lt\cxx-framework\src\traditional\proc\p18f46j50.asm
                  SSPCON2   0x000fc5       data     extern E:\c18v3.46\pic18-lt\cxx-framework\src\traditional\proc\p18f46j50.asm
              SSPCON2bits   0x000fc5       data     extern E:\c18v3.46\pic18-lt\cxx-framework\src\traditional\proc\p18f46j50.asm
                 SSP1CON2   0x000fc5       data     extern E:\c18v3.46\pic18-lt\cxx-framework\src\traditional\proc\p18f46j50.asm
                  SSPCON1   0x000fc6       data     extern E:\c18v3.46\pic18-lt\cxx-framework\src\traditional\proc\p18f46j50.asm
              SSPCON1bits   0x000fc6       data     extern E:\c18v3.46\pic18-lt\cxx-framework\src\traditional\proc\p18f46j50.asm
                 SSP1CON1   0x000fc6       data     extern E:\c18v3.46\pic18-lt\cxx-framework\src\traditional\proc\p18f46j50.asm
             SSP1CON1bits   0x000fc6       data     extern E:\c18v3.46\pic18-lt\cxx-framework\src\traditional\proc\p18f46j50.asm
                  SSPSTAT   0x000fc7       data     extern E:\c18v3.46\pic18-lt\cxx-framework\src\traditional\proc\p18f46j50.asm
              SSPSTATbits   0x000fc7       data     extern E:\c18v3.46\pic18-lt\cxx-framework\src\traditional\proc\p18f46j50.asm
                 SSP1STAT   0x000fc7       data     extern E:\c18v3.46\pic18-lt\cxx-framework\src\traditional\proc\p18f46j50.asm
             SSP1STATbits   0x000fc7       data     extern E:\c18v3.46\pic18-lt\cxx-framework\src\traditional\proc\p18f46j50.asm
                   SSPADD   0x000fc8       data     extern E:\c18v3.46\pic18-lt\cxx-framework\src\traditional\proc\p18f46j50.asm
              SSP1ADDbits   0x000fc8       data     extern E:\c18v3.46\pic18-lt\cxx-framework\src\traditional\proc\p18f46j50.asm
                  SSP1ADD   0x000fc8       data     extern E:\c18v3.46\pic18-lt\cxx-framework\src\traditional\proc\p18f46j50.asm
               SSPADDbits   0x000fc8       data     extern E:\c18v3.46\pic18-lt\cxx-framework\src\traditional\proc\p18f46j50.asm
                  SSP1BUF   0x000fc9       data     extern E:\c18v3.46\pic18-lt\cxx-framework\src\traditional\proc\p18f46j50.asm
                   SSPBUF   0x000fc9       data     extern E:\c18v3.46\pic18-lt\cxx-framework\src\traditional\proc\p18f46j50.asm
                T2CONbits   0x000fca       data     extern E:\c18v3.46\pic18-lt\cxx-framework\src\traditional\proc\p18f46j50.asm
                    T2CON   0x000fca       data     extern E:\c18v3.46\pic18-lt\cxx-framework\src\traditional\proc\p18f46j50.asm
                      PR2   0x000fcb       data     extern E:\c18v3.46\pic18-lt\cxx-framework\src\traditional\proc\p18f46j50.asm
                     TMR2   0x000fcc       data     extern E:\c18v3.46\pic18-lt\cxx-framework\src\traditional\proc\p18f46j50.asm
                T1CONbits   0x000fcd       data     extern E:\c18v3.46\pic18-lt\cxx-framework\src\traditional\proc\p18f46j50.asm
                    T1CON   0x000fcd       data     extern E:\c18v3.46\pic18-lt\cxx-framework\src\traditional\proc\p18f46j50.asm
                    TMR1L   0x000fce       data     extern E:\c18v3.46\pic18-lt\cxx-framework\src\traditional\proc\p18f46j50.asm
                    TMR1H   0x000fcf       data     extern E:\c18v3.46\pic18-lt\cxx-framework\src\traditional\proc\p18f46j50.asm
                 RCONbits   0x000fd0       data     extern E:\c18v3.46\pic18-lt\cxx-framework\src\traditional\proc\p18f46j50.asm
                     RCON   0x000fd0       data     extern E:\c18v3.46\pic18-lt\cxx-framework\src\traditional\proc\p18f46j50.asm
               CM2CONbits   0x000fd1       data     extern E:\c18v3.46\pic18-lt\cxx-framework\src\traditional\proc\p18f46j50.asm
              CM2CON1bits   0x000fd1       data     extern E:\c18v3.46\pic18-lt\cxx-framework\src\traditional\proc\p18f46j50.asm
                  CM2CON1   0x000fd1       data     extern E:\c18v3.46\pic18-lt\cxx-framework\src\traditional\proc\p18f46j50.asm
                   CM2CON   0x000fd1       data     extern E:\c18v3.46\pic18-lt\cxx-framework\src\traditional\proc\p18f46j50.asm
               CM1CONbits   0x000fd2       data     extern E:\c18v3.46\pic18-lt\cxx-framework\src\traditional\proc\p18f46j50.asm
              CM1CON1bits   0x000fd2       data     extern E:\c18v3.46\pic18-lt\cxx-framework\src\traditional\proc\p18f46j50.asm
                  CM1CON1   0x000fd2       data     extern E:\c18v3.46\pic18-lt\cxx-framework\src\traditional\proc\p18f46j50.asm
                   CM1CON   0x000fd2       data     extern E:\c18v3.46\pic18-lt\cxx-framework\src\traditional\proc\p18f46j50.asm
                   OSCCON   0x000fd3       data     extern E:\c18v3.46\pic18-lt\cxx-framework\src\traditional\proc\p18f46j50.asm
               OSCCONbits   0x000fd3       data     extern E:\c18v3.46\pic18-lt\cxx-framework\src\traditional\proc\p18f46j50.asm
                    T0CON   0x000fd5       data     extern E:\c18v3.46\pic18-lt\cxx-framework\src\traditional\proc\p18f46j50.asm
                T0CONbits   0x000fd5       data     extern E:\c18v3.46\pic18-lt\cxx-framework\src\traditional\proc\p18f46j50.asm
                    TMR0L   0x000fd6       data     extern E:\c18v3.46\pic18-lt\cxx-framework\src\traditional\proc\p18f46j50.asm
                    TMR0H   0x000fd7       data     extern E:\c18v3.46\pic18-lt\cxx-framework\src\traditional\proc\p18f46j50.asm
               STATUSbits   0x000fd8       data     extern E:\c18v3.46\pic18-lt\cxx-framework\src\traditional\proc\p18f46j50.asm
                   STATUS   0x000fd8       data     extern E:\c18v3.46\pic18-lt\cxx-framework\src\traditional\proc\p18f46j50.asm
                    FSR2L   0x000fd9       data     extern E:\c18v3.46\pic18-lt\cxx-framework\src\traditional\proc\p18f46j50.asm
                     FSR2   0x000fd9       data     extern E:\c18v3.46\pic18-lt\cxx-framework\src\traditional\proc\p18f46j50.asm
                    FSR2H   0x000fda       data     extern E:\c18v3.46\pic18-lt\cxx-framework\src\traditional\proc\p18f46j50.asm
                   PLUSW2   0x000fdb       data     extern E:\c18v3.46\pic18-lt\cxx-framework\src\traditional\proc\p18f46j50.asm
                  PREINC2   0x000fdc       data     extern E:\c18v3.46\pic18-lt\cxx-framework\src\traditional\proc\p18f46j50.asm
                 POSTDEC2   0x000fdd       data     extern E:\c18v3.46\pic18-lt\cxx-framework\src\traditional\proc\p18f46j50.asm
                 POSTINC2   0x000fde       data     extern E:\c18v3.46\pic18-lt\cxx-framework\src\traditional\proc\p18f46j50.asm
                    INDF2   0x000fdf       data     extern E:\c18v3.46\pic18-lt\cxx-framework\src\traditional\proc\p18f46j50.asm
                      BSR   0x000fe0       data     extern E:\c18v3.46\pic18-lt\cxx-framework\src\traditional\proc\p18f46j50.asm
                     FSR1   0x000fe1       data     extern E:\c18v3.46\pic18-lt\cxx-framework\src\traditional\proc\p18f46j50.asm
                    FSR1L   0x000fe1       data     extern E:\c18v3.46\pic18-lt\cxx-framework\src\traditional\proc\p18f46j50.asm
                    FSR1H   0x000fe2       data     extern E:\c18v3.46\pic18-lt\cxx-framework\src\traditional\proc\p18f46j50.asm
                   PLUSW1   0x000fe3       data     extern E:\c18v3.46\pic18-lt\cxx-framework\src\traditional\proc\p18f46j50.asm
                  PREINC1   0x000fe4       data     extern E:\c18v3.46\pic18-lt\cxx-framework\src\traditional\proc\p18f46j50.asm
                 POSTDEC1   0x000fe5       data     extern E:\c18v3.46\pic18-lt\cxx-framework\src\traditional\proc\p18f46j50.asm
                 POSTINC1   0x000fe6       data     extern E:\c18v3.46\pic18-lt\cxx-framework\src\traditional\proc\p18f46j50.asm
                    INDF1   0x000fe7       data     extern E:\c18v3.46\pic18-lt\cxx-framework\src\traditional\proc\p18f46j50.asm
                     WREG   0x000fe8       data     extern E:\c18v3.46\pic18-lt\cxx-framework\src\traditional\proc\p18f46j50.asm
                    FSR0L   0x000fe9       data     extern E:\c18v3.46\pic18-lt\cxx-framework\src\traditional\proc\p18f46j50.asm
                     FSR0   0x000fe9       data     extern E:\c18v3.46\pic18-lt\cxx-framework\src\traditional\proc\p18f46j50.asm
                    FSR0H   0x000fea       data     extern E:\c18v3.46\pic18-lt\cxx-framework\src\traditional\proc\p18f46j50.asm
                   PLUSW0   0x000feb       data     extern E:\c18v3.46\pic18-lt\cxx-framework\src\traditional\proc\p18f46j50.asm
                  PREINC0   0x000fec       data     extern E:\c18v3.46\pic18-lt\cxx-framework\src\traditional\proc\p18f46j50.asm
                 POSTDEC0   0x000fed       data     extern E:\c18v3.46\pic18-lt\cxx-framework\src\traditional\proc\p18f46j50.asm
                 POSTINC0   0x000fee       data     extern E:\c18v3.46\pic18-lt\cxx-framework\src\traditional\proc\p18f46j50.asm
                    INDF0   0x000fef       data     extern E:\c18v3.46\pic18-lt\cxx-framework\src\traditional\proc\p18f46j50.asm
              INTCON3bits   0x000ff0       data     extern E:\c18v3.46\pic18-lt\cxx-framework\src\traditional\proc\p18f46j50.asm
                  INTCON3   0x000ff0       data     extern E:\c18v3.46\pic18-lt\cxx-framework\src\traditional\proc\p18f46j50.asm
              INTCON2bits   0x000ff1       data     extern E:\c18v3.46\pic18-lt\cxx-framework\src\traditional\proc\p18f46j50.asm
                  INTCON2   0x000ff1       data     extern E:\c18v3.46\pic18-lt\cxx-framework\src\traditional\proc\p18f46j50.asm
               INTCONbits   0x000ff2       data     extern E:\c18v3.46\pic18-lt\cxx-framework\src\traditional\proc\p18f46j50.asm
                   INTCON   0x000ff2       data     extern E:\c18v3.46\pic18-lt\cxx-framework\src\traditional\proc\p18f46j50.asm
                    PRODL   0x000ff3       data     extern E:\c18v3.46\pic18-lt\cxx-framework\src\traditional\proc\p18f46j50.asm
                     PROD   0x000ff3       data     extern E:\c18v3.46\pic18-lt\cxx-framework\src\traditional\proc\p18f46j50.asm
                    PRODH   0x000ff4       data     extern E:\c18v3.46\pic18-lt\cxx-framework\src\traditional\proc\p18f46j50.asm
                   TABLAT   0x000ff5       data     extern E:\c18v3.46\pic18-lt\cxx-framework\src\traditional\proc\p18f46j50.asm
                   TBLPTR   0x000ff6       data     extern E:\c18v3.46\pic18-lt\cxx-framework\src\traditional\proc\p18f46j50.asm
                  TBLPTRL   0x000ff6       data     extern E:\c18v3.46\pic18-lt\cxx-framework\src\traditional\proc\p18f46j50.asm
                  TBLPTRH   0x000ff7       data     extern E:\c18v3.46\pic18-lt\cxx-framework\src\traditional\proc\p18f46j50.asm
                  TBLPTRU   0x000ff8       data     extern E:\c18v3.46\pic18-lt\cxx-framework\src\traditional\proc\p18f46j50.asm
                       PC   0x000ff9       data     extern E:\c18v3.46\pic18-lt\cxx-framework\src\traditional\proc\p18f46j50.asm
                      PCL   0x000ff9       data     extern E:\c18v3.46\pic18-lt\cxx-framework\src\traditional\proc\p18f46j50.asm
                   PCLATH   0x000ffa       data     extern E:\c18v3.46\pic18-lt\cxx-framework\src\traditional\proc\p18f46j50.asm
                   PCLATU   0x000ffb       data     extern E:\c18v3.46\pic18-lt\cxx-framework\src\traditional\proc\p18f46j50.asm
                   STKPTR   0x000ffc       data     extern E:\c18v3.46\pic18-lt\cxx-framework\src\traditional\proc\p18f46j50.asm
               STKPTRbits   0x000ffc       data     extern E:\c18v3.46\pic18-lt\cxx-framework\src\traditional\proc\p18f46j50.asm
                      TOS   0x000ffd       data     extern E:\c18v3.46\pic18-lt\cxx-framework\src\traditional\proc\p18f46j50.asm
                     TOSL   0x000ffd       data     extern E:\c18v3.46\pic18-lt\cxx-framework\src\traditional\proc\p18f46j50.asm
                     TOSH   0x000ffe       data     extern E:\c18v3.46\pic18-lt\cxx-framework\src\traditional\proc\p18f46j50.asm
                     TOSU   0x000fff       data     extern E:\c18v3.46\pic18-lt\cxx-framework\src\traditional\proc\p18f46j50.asm


