MPLINK 5.00, LINKER
Linker Map File - Created Thu Oct 26 21:03:26 2023

                                 Section Info
                  Section       Type    Address   Location Size(Bytes)
                ---------  ---------  ---------  ---------  ---------
    REMAPPED_RESET_VECTOR       code   0x001000    program   0x000006
REMAPPED_HIGH_INTERRUPT_VECTOR       code   0x001008    program   0x000006
REMAPPED_LOW_INTERRUPT_VECTOR       code   0x001018    program   0x000006
                   .cinit    romdata   0x00102a    program   0x000026
              .code_ebb.o       code   0x001050    program   0x00340e
              .code_UBW.o       code   0x00445e    program   0x0029b6
       .code_usb_device.o       code   0x006e14    program   0x000d3e
             .stringtable    romdata   0x007b52    program   0x000490
         .code_RCServo2.o       code   0x007fe2    program   0x0003ea
 .code_usb_function_cdc.o       code   0x0083cc    program   0x0003c6
        .code_ebb_print.o       code   0x008792    program   0x000230
  .code_WriteBytesFlash.o       code   0x0089c2    program   0x0001de
             .code_main.o       code   0x008ba0    program   0x00014e
       .code_EraseFlash.o       code   0x008cee    program   0x0000f8
           .romdata_UBW.o    romdata   0x008de6    program   0x0000ac
               _cinit_scn       code   0x008e92    program   0x00009e
        .code_ReadFlash.o       code   0x008f30    program   0x000092
           .code_u1open.o       code   0x008fc2    program   0x000072
          .code_fxm3232.o       code   0x009034    program   0x000070
                     PROG       code   0x0090a4    program   0x000068
.romdata_usb_descriptors.o    romdata   0x00910c    program   0x000057
        .romdata___init.o    romdata   0x009163    program   0x000000
        .idata___init.o_i    romdata   0x009163    program   0x000000
      .romdata_fxd3232u.o    romdata   0x009163    program   0x000000
       .idata_fxm3232.o_i    romdata   0x009163    program   0x000000
       .romdata_fxm3232.o    romdata   0x009163    program   0x000000
.romdata_WriteBytesFlash.o    romdata   0x009163    program   0x000000
.idata_WriteBytesFlash.o_i    romdata   0x009163    program   0x000000
        .idata_u1open.o_i    romdata   0x009163    program   0x000000
        .romdata_u1open.o    romdata   0x009163    program   0x000000
        .romdata_u1defs.o    romdata   0x009163    program   0x000000
        .idata_u1defs.o_i    romdata   0x009163    program   0x000000
       .romdata_u1write.o    romdata   0x009163    program   0x000000
     .idata_ReadFlash.o_i    romdata   0x009163    program   0x000000
       .idata_u1write.o_i    romdata   0x009163    program   0x000000
     .romdata_ReadFlash.o    romdata   0x009163    program   0x000000
       .idata_pow2x16.o_i    romdata   0x009163    program   0x000000
       .romdata_pow2x16.o    romdata   0x009163    program   0x000000
         .idata_c018i.o_i    romdata   0x009163    program   0x000000
         .romdata_c018i.o    romdata   0x009163    program   0x000000
    .idata_usb_device.o_i    romdata   0x009163    program   0x000000
    .romdata_usb_device.o    romdata   0x009163    program   0x000000
.idata_usb_function_cdc.o_i    romdata   0x009163    program   0x000000
.romdata_usb_function_cdc.o    romdata   0x009163    program   0x000000
           .romdata_ebb.o    romdata   0x009163    program   0x000000
          .idata_main.o_i    romdata   0x009163    program   0x000000
          .romdata_main.o    romdata   0x009163    program   0x000000
      .idata_RCServo2.o_i    romdata   0x009163    program   0x000000
      .idata_fxd3232u.o_i    romdata   0x009163    program   0x000000
    .romdata_EraseFlash.o    romdata   0x009163    program   0x000000
    .idata_EraseFlash.o_i    romdata   0x009163    program   0x000000
     .romdata_ebb_print.o    romdata   0x009163    program   0x000000
     .idata_ebb_print.o_i    romdata   0x009163    program   0x000000
      .romdata_RCServo2.o    romdata   0x009163    program   0x000000
           .code_u1defs.o       code   0x009164    program   0x000000
  .code_usb_descriptors.o       code   0x009164    program   0x000000
         .code_fxd3232u.o       code   0x009164    program   0x000048
            .code_c018i.o       code   0x009164    program   0x000000
                   STRING       code   0x0091ac    program   0x000034
          .code_u1write.o       code   0x0091e0    program   0x00002e
                    CTYPE       code   0x00920e    program   0x000028
                    .code       code   0x009236    program   0x000020
             _startup_scn       code   0x009256    program   0x00001c
          .code_pow2x16.o       code   0x009272    program   0x000016
           .code___init.o       code   0x009288    program   0x000002
.idata_usb_descriptors.o_i    romdata   0x00928a    program   0x00007e
           .idata_ebb.o_i    romdata   0x009308    program   0x000002
           .idata_UBW.o_i    romdata   0x00930a    program   0x000007
               ISR_access      udata   0x000000       data   0x000037
                MATH_DATA      udata   0x000037       data   0x000010
                 .tmpdata      udata   0x000047       data   0x000008
              low_ISR_tmp      udata   0x00004f       data   0x000004
             high_ISR_tmp      udata   0x000053       data   0x000004
         RC2Servo_globals      udata   0x000060       data   0x00002b
             .udata_UBW.o      udata   0x00008b       data   0x00006f
             .idata_ebb.o      idata   0x0000fa       data   0x000002
          .udata_u1defs.o      udata   0x0000fc       data   0x000001
        .udata_fxd3232u.o      udata   0x0000fd       data   0x000000
 .udata_usb_descriptors.o      udata   0x0000fd       data   0x000000
      .idata_EraseFlash.o      idata   0x0000fd       data   0x000000
       .idata_ebb_print.o      idata   0x0000fd       data   0x000000
      .udata_EraseFlash.o      udata   0x0000fd       data   0x000000
         .idata_pow2x16.o      idata   0x0000fd       data   0x000000
         .udata_pow2x16.o      udata   0x0000fd       data   0x000000
          .idata___init.o      idata   0x0000fd       data   0x000000
          .udata___init.o      udata   0x0000fd       data   0x000000
 .idata_WriteBytesFlash.o      idata   0x0000fd       data   0x000000
 .udata_WriteBytesFlash.o      udata   0x0000fd       data   0x000000
          .idata_u1defs.o      idata   0x0000fd       data   0x000000
         .idata_u1write.o      idata   0x0000fd       data   0x000000
         .udata_u1write.o      udata   0x0000fd       data   0x000000
       .idata_ReadFlash.o      idata   0x0000fd       data   0x000000
       .udata_ReadFlash.o      udata   0x0000fd       data   0x000000
      .idata_usb_device.o      idata   0x0000fd       data   0x000000
          .idata_u1open.o      idata   0x0000fd       data   0x000000
          .udata_u1open.o      udata   0x0000fd       data   0x000000
.idata_usb_function_cdc.o      idata   0x0000fd       data   0x000000
         .idata_fxm3232.o      idata   0x0000fd       data   0x000000
           .idata_c018i.o      idata   0x0000fd       data   0x000000
         .udata_fxm3232.o      udata   0x0000fd       data   0x000000
            .idata_main.o      idata   0x0000fd       data   0x000000
        .udata_RCServo2.o      udata   0x0000fd       data   0x000000
        .idata_RCServo2.o      idata   0x0000fd       data   0x000000
        .idata_fxd3232u.o      idata   0x0000fd       data   0x000000
                  ISR_buf      udata   0x000100       data   0x000029
             .udata_ebb.o      udata   0x000129       data   0x00004f
              ISR_globals      udata   0x000180       data   0x00006b
       .udata_ebb_print.o      udata   0x0001eb       data   0x00000e
             .idata_UBW.o      idata   0x0001f9       data   0x000007
               com_tx_buf      udata   0x000200       data   0x000080
 .idata_usb_descriptors.o      idata   0x000280       data   0x00007e
            .udata_main.o      udata   0x0002fe       data   0x000002
               com_rx_buf      udata   0x000300       data   0x000100
                  USB_BDT      udata   0x000400       data   0x000078
.udata_usb_function_cdc.o      udata   0x000500       data   0x0000a8
      .udata_usb_device.o      udata   0x0005a8       data   0x000034
           .udata_c018i.o      udata   0x0005dc       data   0x00000a
                 FIFO_scn      udata   0x000600       data   0x000800
                   .stack      udata   0x000e00       data   0x0000c0
              SFR_BANKED0      udata   0x000ec6       data   0x00000e
              SFR_BANKED1      udata   0x000ed7       data   0x000008
              SFR_BANKED2      udata   0x000ee7       data   0x000004
              SFR_BANKED3      udata   0x000eec       data   0x000003
              SFR_BANKED4      udata   0x000ef2       data   0x000002
              SFR_BANKED5      udata   0x000ef6       data   0x000002
              SFR_BANKED6      udata   0x000efb       data   0x000005
              SFR_BANKED7      udata   0x000f26       data   0x000014
              SFR_BANKED8      udata   0x000f3c       data   0x000007
              SFR_BANKED9      udata   0x000f48       data   0x000008
             SFR_BANKED10      udata   0x000f52       data   0x00000e
            SFR_UNBANKED0      udata   0x000f60       data   0x0000a0



                              Program Memory Usage 
                               Start         End      
                           ---------   ---------      
                            0x001000    0x001005      
                            0x001008    0x00100d      
                            0x001018    0x00101d      
                            0x00102a    0x009162      
                            0x009164    0x009310      
            33528 out of 63498 program addresses used, program memory utilization is 52%



                              Symbols - Sorted by Name
                     Name    Address   Location    Storage File                     
                ---------  ---------  ---------  --------- ---------                
          AnalogConfigure   0x005a32    program     extern D:\Projects\EggBot1-GH\EBB_firmware\app.X\source\UBW.c
           BlinkUSBStatus   0x006776    program     extern D:\Projects\EggBot1-GH\EBB_firmware\app.X\source\UBW.c
                CDCInitEP   0x008468    program     extern D:\Projects\EggBot1-GH\EBB_firmware\Microchip\USB\CDC Device Driver\usb_function_cdc.c
             CDCTxService   0x0085fe    program     extern D:\Projects\EggBot1-GH\EBB_firmware\Microchip\USB\CDC Device Driver\usb_function_cdc.c
                   D3232S   0x0090d4    program     static E:\3.46\pic18-lt\cxx-framework\src\traditional\math\fxd3232s.asm
                D3232SNEG   0x0090e2    program     static E:\3.46\pic18-lt\cxx-framework\src\traditional\math\fxd3232s.asm
                 D3232SOK   0x0090de    program     static E:\3.46\pic18-lt\cxx-framework\src\traditional\math\fxd3232s.asm
                  D3232SX   0x009102    program     static E:\3.46\pic18-lt\cxx-framework\src\traditional\math\fxd3232s.asm
                  DA3232S   0x0090be    program     static E:\3.46\pic18-lt\cxx-framework\src\traditional\math\fxd3232s.asm
                 EBB_Init   0x001ba6    program     extern D:\Projects\EggBot1-GH\EBB_firmware\app.X\source\ebb.c
               EraseFlash   0x008cee    program     extern E:\3.46\pic18-lt\cxx-framework\src\pmc_common\Flash\EraseFlash.c
                 FXD3232S   0x0090a4    program     extern E:\3.46\pic18-lt\cxx-framework\src\traditional\math\fxd3232s.asm
                 FXD3232U   0x009164    program     extern E:\3.46\pic18-lt\cxx-framework\src\traditional\math\fxd3232u.c
                  FXM3232   0x009034    program     extern E:\3.46\pic18-lt\cxx-framework\src\traditional\math\fxm3232.c
         InitializeSystem   0x008bb0    program     static D:\Projects\EggBot1-GH\EBB_firmware\app.X\source\main.c
                LongDelay   0x006070    program     extern D:\Projects\EggBot1-GH\EBB_firmware\app.X\source\UBW.c
               Open1USART   0x008fc2    program     extern E:\3.46\pic18-lt\cxx-framework\src\pmc_common\USART\u1open.c
                ProcessIO   0x004a44    program     extern D:\Projects\EggBot1-GH\EBB_firmware\app.X\source\UBW.c
            RCServo2_Init   0x007fe2    program     extern D:\Projects\EggBot1-GH\EBB_firmware\app.X\source\RCServo2.c
            RCServo2_Move   0x00817c    program     extern D:\Projects\EggBot1-GH\EBB_firmware\app.X\source\RCServo2.c
      RCServo2_S2_command   0x0080d2    program     extern D:\Projects\EggBot1-GH\EBB_firmware\app.X\source\RCServo2.c
RCServo2_get_channel_from_RPn   0x008094    program     extern D:\Projects\EggBot1-GH\EBB_firmware\app.X\source\RCServo2.c
                   RPnBit   0x008e79    program     extern D:\Projects\EggBot1-GH\EBB_firmware\app.X\source\UBW.c
               RPnLATPort   0x008e47    program     extern D:\Projects\EggBot1-GH\EBB_firmware\app.X\source\UBW.c
              RPnTRISPort   0x008e15    program     extern D:\Projects\EggBot1-GH\EBB_firmware\app.X\source\UBW.c
                ReadFlash   0x008f30    program     extern E:\3.46\pic18-lt\cxx-framework\src\pmc_common\Flash\ReadFlash.c
        Remapped_High_ISR   0x001008    program     extern D:\Projects\EggBot1-GH\EBB_firmware\app.X\source\main.c
         Remapped_Low_ISR   0x001018    program     extern D:\Projects\EggBot1-GH\EBB_firmware\app.X\source\main.c
         SetPinLATFromRPn   0x006852    program     extern D:\Projects\EggBot1-GH\EBB_firmware\app.X\source\UBW.c
        SetPinTRISFromRPn   0x0068ae    program     extern D:\Projects\EggBot1-GH\EBB_firmware\app.X\source\UBW.c
       USBCBCheckOtherReq   0x008c0c    program     extern D:\Projects\EggBot1-GH\EBB_firmware\app.X\source\main.c
        USBCBErrorHandler   0x008c0a    program     extern D:\Projects\EggBot1-GH\EBB_firmware\app.X\source\main.c
              USBCBInitEP   0x008c12    program     extern D:\Projects\EggBot1-GH\EBB_firmware\app.X\source\main.c
          USBCBSendResume   0x008c16    program     extern D:\Projects\EggBot1-GH\EBB_firmware\app.X\source\main.c
    USBCBStdSetDscHandler   0x008c10    program     extern D:\Projects\EggBot1-GH\EBB_firmware\app.X\source\main.c
             USBCBSuspend   0x008c04    program     extern D:\Projects\EggBot1-GH\EBB_firmware\app.X\source\main.c
     USBCBWakeFromSuspend   0x008c06    program     extern D:\Projects\EggBot1-GH\EBB_firmware\app.X\source\main.c
        USBCB_SOF_Handler   0x008c08    program     extern D:\Projects\EggBot1-GH\EBB_firmware\app.X\source\main.c
       USBCDCEventHandler   0x0084aa    program     extern D:\Projects\EggBot1-GH\EBB_firmware\Microchip\USB\CDC Device Driver\usb_function_cdc.c
              USBCancelIO   0x007140    program     extern D:\Projects\EggBot1-GH\EBB_firmware\Microchip\USB\usb_device.c
       USBCheckCDCRequest   0x0083cc    program     extern D:\Projects\EggBot1-GH\EBB_firmware\Microchip\USB\CDC Device Driver\usb_function_cdc.c
       USBCheckStdRequest   0x007740    program     static D:\Projects\EggBot1-GH\EBB_firmware\Microchip\USB\usb_device.c
     USBConfigureEndpoint   0x007200    program     static D:\Projects\EggBot1-GH\EBB_firmware\Microchip\USB\usb_device.c
  USBCtrlEPAllowDataStage   0x0071c2    program     extern D:\Projects\EggBot1-GH\EBB_firmware\Microchip\USB\usb_device.c
USBCtrlEPAllowStatusStage   0x007176    program     extern D:\Projects\EggBot1-GH\EBB_firmware\Microchip\USB\usb_device.c
         USBCtrlEPService   0x0075e4    program     static D:\Projects\EggBot1-GH\EBB_firmware\Microchip\USB\usb_device.c
 USBCtrlEPServiceComplete   0x00725c    program     static D:\Projects\EggBot1-GH\EBB_firmware\Microchip\USB\usb_device.c
      USBCtrlTrfInHandler   0x0076c6    program     static D:\Projects\EggBot1-GH\EBB_firmware\Microchip\USB\usb_device.c
     USBCtrlTrfOutHandler   0x0076a8    program     static D:\Projects\EggBot1-GH\EBB_firmware\Microchip\USB\usb_device.c
      USBCtrlTrfRxService   0x007336    program     static D:\Projects\EggBot1-GH\EBB_firmware\Microchip\USB\usb_device.c
   USBCtrlTrfSetupHandler   0x007672    program     static D:\Projects\EggBot1-GH\EBB_firmware\Microchip\USB\usb_device.c
      USBCtrlTrfTxService   0x0072b6    program     static D:\Projects\EggBot1-GH\EBB_firmware\Microchip\USB\usb_device.c
            USBDeviceInit   0x006e14    program     extern D:\Projects\EggBot1-GH\EBB_firmware\Microchip\USB\usb_device.c
           USBDeviceTasks   0x006ee0    program     extern D:\Projects\EggBot1-GH\EBB_firmware\Microchip\USB\usb_device.c
        USBEnableEndpoint   0x00703a    program     extern D:\Projects\EggBot1-GH\EBB_firmware\Microchip\USB\usb_device.c
         USBStallEndpoint   0x00710e    program     extern D:\Projects\EggBot1-GH\EBB_firmware\Microchip\USB\usb_device.c
          USBStallHandler   0x007592    program     static D:\Projects\EggBot1-GH\EBB_firmware\Microchip\USB\usb_device.c
  USBStdFeatureReqHandler   0x0077e8    program     static D:\Projects\EggBot1-GH\EBB_firmware\Microchip\USB\usb_device.c
      USBStdGetDscHandler   0x007476    program     static D:\Projects\EggBot1-GH\EBB_firmware\Microchip\USB\usb_device.c
   USBStdGetStatusHandler   0x00751c    program     static D:\Projects\EggBot1-GH\EBB_firmware\Microchip\USB\usb_device.c
      USBStdSetCfgHandler   0x0073fe    program     static D:\Projects\EggBot1-GH\EBB_firmware\Microchip\USB\usb_device.c
               USBSuspend   0x0075b4    program     static D:\Projects\EggBot1-GH\EBB_firmware\Microchip\USB\usb_device.c
     USBTransferOnePacket   0x007082    program     extern D:\Projects\EggBot1-GH\EBB_firmware\Microchip\USB\usb_device.c
       USBWakeFromSuspend   0x0075ca    program     static D:\Projects\EggBot1-GH\EBB_firmware\Microchip\USB\usb_device.c
               USB_CD_Ptr   0x009161    program     extern D:\Projects\EggBot1-GH\EBB_firmware\app.X\source\usb_descriptors.c
USER_USB_CALLBACK_EVENT_HANDLER   0x008c5a    program     extern D:\Projects\EggBot1-GH\EBB_firmware\app.X\source\main.c
                 UserInit   0x0048b8    program     extern D:\Projects\EggBot1-GH\EBB_firmware\app.X\source\UBW.c
              Write1USART   0x0091e0    program     extern E:\3.46\pic18-lt\cxx-framework\src\pmc_common\USART\u1write.c
          WriteBytesFlash   0x0089c2    program     extern E:\3.46\pic18-lt\cxx-framework\src\pmc_common\Flash\WriteBytesFlash.c
              _2jContinue   0x0091cc    program     static E:\3.46\pic18-lt\cxx-framework\src\traditional\stdclib\memset.asm
                   _3jEnd   0x0091d6    program     static E:\3.46\pic18-lt\cxx-framework\src\traditional\stdclib\memset.asm
       ___case_0_lbl00242   0x0056ac    program     static                          
       ___case_1_lbl00243   0x0056ac    program     static                          
       ___case_2_lbl00241   0x005698    program     static                          
       ___case_3_lbl00245   0x0056b2    program     static                          
      ___default_lbl00244   0x0056ac    program     static                          
         ___else_lbl00218   0x005444    program     static                          
         ___else_lbl00221   0x005482    program     static                          
         ___else_lbl00223   0x0054c4    program     static                          
         ___else_lbl00225   0x0054a8    program     static                          
         ___else_lbl00230   0x00554a    program     static                          
         ___else_lbl00232   0x00552e    program     static                          
         ___else_lbl00234   0x005570    program     static                          
         ___else_lbl00237   0x0055f2    program     static                          
         ___else_lbl00239   0x005624    program     static                          
         ___else_lbl00247   0x005682    program     static                          
         ___else_lbl00249   0x005708    program     static                          
         ___else_lbl00251   0x0056e4    program     static                          
         ___else_lbl00253   0x00575e    program     static                          
         ___else_lbl00255   0x00572e    program     static                          
         ___else_lbl00257   0x0057b4    program     static                          
         ___else_lbl00259   0x005784    program     static                          
         ___else_lbl00261   0x005806    program     static                          
         ___else_lbl00263   0x0057d8    program     static                          
         ___else_lbl00267   0x005894    program     static                          
         ___else_lbl00269   0x005866    program     static                          
         ___else_lbl00271   0x00589a    program     static                          
         ___else_lbl00273   0x00584a    program     static                          
         ___else_lbl00275   0x00580c    program     static                          
         ___else_lbl00277   0x0057ba    program     static                          
         ___else_lbl00279   0x005764    program     static                          
         ___else_lbl00281   0x00570e    program     static                          
         ___else_lbl00283   0x0056c6    program     static                          
         ___else_lbl00285   0x00564e    program     static                          
         ___else_lbl00287   0x00562a    program     static                          
         ___else_lbl00289   0x0055fc    program     static                          
         ___else_lbl00291   0x0055ca    program     static                          
         ___else_lbl00293   0x0055a4    program     static                          
         ___else_lbl00295   0x005578    program     static                          
         ___else_lbl00297   0x005550    program     static                          
         ___else_lbl00299   0x00550e    program     static                          
         ___else_lbl00301   0x0054ca    program     static                          
         ___else_lbl00303   0x005488    program     static                          
         ___else_lbl00305   0x00544a    program     static                          
          ___for_lbl00414   0x001c0e    program     static                          
          ___for_lbl00415   0x001c12    program     static                          
          ___for_lbl00416   0x001bb2    program     static                          
          ___for_lbl00417   0x001cfe    program     static                          
          ___for_lbl00418   0x001d02    program     static                          
          ___for_lbl00419   0x001cea    program     static                          
          ___for_lbl00427   0x006092    program     static                          
          ___for_lbl00428   0x006096    program     static                          
          ___for_lbl00431   0x00607c    program     static                          
           ___if_lbl00005   0x008b0a    program     static                          
           ___if_lbl00006   0x008b2c    program     static                          
           ___if_lbl00007   0x008b44    program     static                          
           ___if_lbl00215   0x005412    program     static                          
           ___if_lbl00217   0x005448    program     static                          
           ___if_lbl00220   0x005486    program     static                          
           ___if_lbl00222   0x0054c8    program     static                          
           ___if_lbl00224   0x0054c8    program     static                          
           ___if_lbl00226   0x0054fc    program     static                          
           ___if_lbl00229   0x00554e    program     static                          
           ___if_lbl00231   0x00554e    program     static                          
           ___if_lbl00233   0x005576    program     static                          
           ___if_lbl00235   0x0055a2    program     static                          
           ___if_lbl00236   0x0055fa    program     static                          
           ___if_lbl00238   0x005628    program     static                          
           ___if_lbl00246   0x0056c0    program     static                          
           ___if_lbl00248   0x00570c    program     static                          
           ___if_lbl00250   0x00570c    program     static                          
           ___if_lbl00252   0x005762    program     static                          
           ___if_lbl00254   0x005762    program     static                          
           ___if_lbl00256   0x0057b8    program     static                          
           ___if_lbl00258   0x0057b8    program     static                          
           ___if_lbl00260   0x00580a    program     static                          
           ___if_lbl00262   0x00580a    program     static                          
           ___if_lbl00266   0x005898    program     static                          
           ___if_lbl00268   0x005898    program     static                          
           ___if_lbl00270   0x00589e    program     static                          
           ___if_lbl00272   0x00589e    program     static                          
           ___if_lbl00274   0x00589e    program     static                          
           ___if_lbl00276   0x00589e    program     static                          
           ___if_lbl00278   0x00589e    program     static                          
           ___if_lbl00280   0x00589e    program     static                          
           ___if_lbl00282   0x00589e    program     static                          
           ___if_lbl00284   0x00589e    program     static                          
           ___if_lbl00286   0x00589e    program     static                          
           ___if_lbl00288   0x00589e    program     static                          
           ___if_lbl00290   0x00589e    program     static                          
           ___if_lbl00292   0x00589e    program     static                          
           ___if_lbl00294   0x00589e    program     static                          
           ___if_lbl00296   0x00589e    program     static                          
           ___if_lbl00298   0x00589e    program     static                          
           ___if_lbl00300   0x00589e    program     static                          
           ___if_lbl00302   0x00589e    program     static                          
           ___if_lbl00304   0x00589e    program     static                          
       ___return_lbl00000   0x001004    program     static                          
       ___return_lbl00000   0x009286    program     static                          
       ___return_lbl00000   0x008faa    program     static                          
       ___return_lbl00000   0x0090a2    program     static                          
       ___return_lbl00000   0x0091aa    program     static                          
       ___return_lbl00000   0x009270    program     static                          
       ___return_lbl00000   0x008b88    program     static                          
       ___return_lbl00001   0x00100c    program     static                          
       ___return_lbl00001   0x008f2e    program     static                          
       ___return_lbl00002   0x00101c    program     static                          
       ___return_lbl00050   0x00483e    program     static                          
       ___return_lbl00214   0x0058a4    program     static                          
       ___return_lbl00413   0x001d3e    program     static                          
       ___return_lbl00426   0x006096    program     static                          
       ___return_lbl00432   0x0060ae    program     static                          
       ___return_lbl00433   0x0060bc    program     static                          
   ___switchexit_lbl00240   0x0056c0    program     static                          
        ___while_lbl00001   0x008aac    program     static                          
        ___while_lbl00001   0x008f78    program     static                          
        ___while_lbl00002   0x008faa    program     static                          
        ___while_lbl00002   0x008b88    program     static                          
        ___while_lbl00003   0x008ad0    program     static                          
        ___while_lbl00004   0x008b0c    program     static                          
        ___while_lbl00051   0x004814    program     static                          
        ___while_lbl00052   0x00483e    program     static                          
        ___while_lbl00227   0x0054fc    program     static                          
        ___while_lbl00228   0x005506    program     static                          
        ___while_lbl00264   0x00581e    program     static                          
        ___while_lbl00265   0x005848    program     static                          
        ___while_lbl00429   0x006084    program     static                          
        ___while_lbl00430   0x006092    program     static                          
                   __init   0x009288    program     extern E:\3.46\pic18-lt\cxx-framework\src\traditional\stdclib\__init.c
                   __pa_0   0x00690a    program     static D:\Projects\EggBot1-GH\EBB_firmware\app.X\source\UBW.c
                   __pa_0   0x008dd8    program     static E:\3.46\pic18-lt\cxx-framework\src\pmc_common\Flash\EraseFlash.c
                   __pa_0   0x0086d8    program     static D:\Projects\EggBot1-GH\EBB_firmware\Microchip\USB\CDC Device Driver\usb_function_cdc.c
                   __pa_0   0x00833c    program     static D:\Projects\EggBot1-GH\EBB_firmware\app.X\source\RCServo2.c
                   __pa_0   0x0088e4    program     static D:\Projects\EggBot1-GH\EBB_firmware\app.X\source\ebb_print.c
                   __pa_0   0x0035fa    program     static D:\Projects\EggBot1-GH\EBB_firmware\app.X\source\ebb.c
                   __pa_0   0x007912    program     static D:\Projects\EggBot1-GH\EBB_firmware\Microchip\USB\usb_device.c
                   __pa_1   0x006910    program     static D:\Projects\EggBot1-GH\EBB_firmware\app.X\source\UBW.c
                   __pa_1   0x0086f2    program     static D:\Projects\EggBot1-GH\EBB_firmware\Microchip\USB\CDC Device Driver\usb_function_cdc.c
                   __pa_1   0x008344    program     static D:\Projects\EggBot1-GH\EBB_firmware\app.X\source\RCServo2.c
                   __pa_1   0x0088fe    program     static D:\Projects\EggBot1-GH\EBB_firmware\app.X\source\ebb_print.c
                   __pa_1   0x00791a    program     static D:\Projects\EggBot1-GH\EBB_firmware\Microchip\USB\usb_device.c
                   __pa_1   0x003606    program     static D:\Projects\EggBot1-GH\EBB_firmware\app.X\source\ebb.c
                  __pa_10   0x0083a4    program     static D:\Projects\EggBot1-GH\EBB_firmware\app.X\source\RCServo2.c
                  __pa_10   0x0037c8    program     static D:\Projects\EggBot1-GH\EBB_firmware\app.X\source\ebb.c
                  __pa_10   0x007978    program     static D:\Projects\EggBot1-GH\EBB_firmware\Microchip\USB\usb_device.c
                  __pa_10   0x008778    program     static D:\Projects\EggBot1-GH\EBB_firmware\Microchip\USB\CDC Device Driver\usb_function_cdc.c
                  __pa_10   0x0089a2    program     static D:\Projects\EggBot1-GH\EBB_firmware\app.X\source\ebb_print.c
                  __pa_10   0x00695e    program     static D:\Projects\EggBot1-GH\EBB_firmware\app.X\source\UBW.c
                 __pa_100   0x003d94    program     static D:\Projects\EggBot1-GH\EBB_firmware\app.X\source\ebb.c
                 __pa_100   0x006da2    program     static D:\Projects\EggBot1-GH\EBB_firmware\app.X\source\UBW.c
                 __pa_101   0x003d9e    program     static D:\Projects\EggBot1-GH\EBB_firmware\app.X\source\ebb.c
                 __pa_101   0x006daa    program     static D:\Projects\EggBot1-GH\EBB_firmware\app.X\source\UBW.c
                 __pa_102   0x003dae    program     static D:\Projects\EggBot1-GH\EBB_firmware\app.X\source\ebb.c
                 __pa_102   0x006db4    program     static D:\Projects\EggBot1-GH\EBB_firmware\app.X\source\UBW.c
                 __pa_103   0x003dbe    program     static D:\Projects\EggBot1-GH\EBB_firmware\app.X\source\ebb.c
                 __pa_103   0x006dbc    program     static D:\Projects\EggBot1-GH\EBB_firmware\app.X\source\UBW.c
                 __pa_104   0x003dce    program     static D:\Projects\EggBot1-GH\EBB_firmware\app.X\source\ebb.c
                 __pa_104   0x006dc4    program     static D:\Projects\EggBot1-GH\EBB_firmware\app.X\source\UBW.c
                 __pa_105   0x003dde    program     static D:\Projects\EggBot1-GH\EBB_firmware\app.X\source\ebb.c
                 __pa_105   0x006dcc    program     static D:\Projects\EggBot1-GH\EBB_firmware\app.X\source\UBW.c
                 __pa_106   0x003dee    program     static D:\Projects\EggBot1-GH\EBB_firmware\app.X\source\ebb.c
                 __pa_106   0x006dd4    program     static D:\Projects\EggBot1-GH\EBB_firmware\app.X\source\UBW.c
                 __pa_107   0x003dfe    program     static D:\Projects\EggBot1-GH\EBB_firmware\app.X\source\ebb.c
                 __pa_107   0x006ddc    program     static D:\Projects\EggBot1-GH\EBB_firmware\app.X\source\UBW.c
                 __pa_108   0x003e0e    program     static D:\Projects\EggBot1-GH\EBB_firmware\app.X\source\ebb.c
                 __pa_108   0x006de2    program     static D:\Projects\EggBot1-GH\EBB_firmware\app.X\source\UBW.c
                 __pa_109   0x006df0    program     static D:\Projects\EggBot1-GH\EBB_firmware\app.X\source\UBW.c
                 __pa_109   0x003e14    program     static D:\Projects\EggBot1-GH\EBB_firmware\app.X\source\ebb.c
                  __pa_11   0x008786    program     static D:\Projects\EggBot1-GH\EBB_firmware\Microchip\USB\CDC Device Driver\usb_function_cdc.c
                  __pa_11   0x0089aa    program     static D:\Projects\EggBot1-GH\EBB_firmware\app.X\source\ebb_print.c
                  __pa_11   0x007988    program     static D:\Projects\EggBot1-GH\EBB_firmware\Microchip\USB\usb_device.c
                  __pa_11   0x0037e6    program     static D:\Projects\EggBot1-GH\EBB_firmware\app.X\source\ebb.c
                  __pa_11   0x0083ae    program     static D:\Projects\EggBot1-GH\EBB_firmware\app.X\source\RCServo2.c
                  __pa_11   0x006968    program     static D:\Projects\EggBot1-GH\EBB_firmware\app.X\source\UBW.c
                 __pa_110   0x003e24    program     static D:\Projects\EggBot1-GH\EBB_firmware\app.X\source\ebb.c
                 __pa_110   0x006df8    program     static D:\Projects\EggBot1-GH\EBB_firmware\app.X\source\UBW.c
                 __pa_111   0x003e2c    program     static D:\Projects\EggBot1-GH\EBB_firmware\app.X\source\ebb.c
                 __pa_111   0x006e02    program     static D:\Projects\EggBot1-GH\EBB_firmware\app.X\source\UBW.c
                 __pa_112   0x003e34    program     static D:\Projects\EggBot1-GH\EBB_firmware\app.X\source\ebb.c
                 __pa_112   0x006e0c    program     static D:\Projects\EggBot1-GH\EBB_firmware\app.X\source\UBW.c
                 __pa_113   0x003e42    program     static D:\Projects\EggBot1-GH\EBB_firmware\app.X\source\ebb.c
                 __pa_114   0x003e50    program     static D:\Projects\EggBot1-GH\EBB_firmware\app.X\source\ebb.c
                 __pa_115   0x003e5e    program     static D:\Projects\EggBot1-GH\EBB_firmware\app.X\source\ebb.c
                 __pa_116   0x003e6c    program     static D:\Projects\EggBot1-GH\EBB_firmware\app.X\source\ebb.c
                 __pa_117   0x003e7a    program     static D:\Projects\EggBot1-GH\EBB_firmware\app.X\source\ebb.c
                 __pa_118   0x003e88    program     static D:\Projects\EggBot1-GH\EBB_firmware\app.X\source\ebb.c
                 __pa_119   0x003e96    program     static D:\Projects\EggBot1-GH\EBB_firmware\app.X\source\ebb.c
                  __pa_12   0x007992    program     static D:\Projects\EggBot1-GH\EBB_firmware\Microchip\USB\usb_device.c
                  __pa_12   0x0089b6    program     static D:\Projects\EggBot1-GH\EBB_firmware\app.X\source\ebb_print.c
                  __pa_12   0x0083be    program     static D:\Projects\EggBot1-GH\EBB_firmware\app.X\source\RCServo2.c
                  __pa_12   0x006972    program     static D:\Projects\EggBot1-GH\EBB_firmware\app.X\source\UBW.c
                  __pa_12   0x0037fc    program     static D:\Projects\EggBot1-GH\EBB_firmware\app.X\source\ebb.c
                 __pa_120   0x003ea0    program     static D:\Projects\EggBot1-GH\EBB_firmware\app.X\source\ebb.c
                 __pa_121   0x003eaa    program     static D:\Projects\EggBot1-GH\EBB_firmware\app.X\source\ebb.c
                 __pa_122   0x003eb4    program     static D:\Projects\EggBot1-GH\EBB_firmware\app.X\source\ebb.c
                 __pa_123   0x003ebe    program     static D:\Projects\EggBot1-GH\EBB_firmware\app.X\source\ebb.c
                 __pa_124   0x003ec8    program     static D:\Projects\EggBot1-GH\EBB_firmware\app.X\source\ebb.c
                 __pa_125   0x003ed2    program     static D:\Projects\EggBot1-GH\EBB_firmware\app.X\source\ebb.c
                 __pa_126   0x003edc    program     static D:\Projects\EggBot1-GH\EBB_firmware\app.X\source\ebb.c
                 __pa_127   0x003ee6    program     static D:\Projects\EggBot1-GH\EBB_firmware\app.X\source\ebb.c
                 __pa_128   0x003ef0    program     static D:\Projects\EggBot1-GH\EBB_firmware\app.X\source\ebb.c
                 __pa_129   0x003f46    program     static D:\Projects\EggBot1-GH\EBB_firmware\app.X\source\ebb.c
                  __pa_13   0x006980    program     static D:\Projects\EggBot1-GH\EBB_firmware\app.X\source\UBW.c
                  __pa_13   0x0079a6    program     static D:\Projects\EggBot1-GH\EBB_firmware\Microchip\USB\usb_device.c
                  __pa_13   0x003806    program     static D:\Projects\EggBot1-GH\EBB_firmware\app.X\source\ebb.c
                 __pa_130   0x003f4c    program     static D:\Projects\EggBot1-GH\EBB_firmware\app.X\source\ebb.c
                 __pa_131   0x003f58    program     static D:\Projects\EggBot1-GH\EBB_firmware\app.X\source\ebb.c
                 __pa_132   0x003f94    program     static D:\Projects\EggBot1-GH\EBB_firmware\app.X\source\ebb.c
                 __pa_133   0x003f9e    program     static D:\Projects\EggBot1-GH\EBB_firmware\app.X\source\ebb.c
                 __pa_134   0x003fa4    program     static D:\Projects\EggBot1-GH\EBB_firmware\app.X\source\ebb.c
                 __pa_135   0x003faa    program     static D:\Projects\EggBot1-GH\EBB_firmware\app.X\source\ebb.c
                 __pa_136   0x003fb0    program     static D:\Projects\EggBot1-GH\EBB_firmware\app.X\source\ebb.c
                 __pa_137   0x003fba    program     static D:\Projects\EggBot1-GH\EBB_firmware\app.X\source\ebb.c
                 __pa_138   0x003fd2    program     static D:\Projects\EggBot1-GH\EBB_firmware\app.X\source\ebb.c
                 __pa_139   0x003fe4    program     static D:\Projects\EggBot1-GH\EBB_firmware\app.X\source\ebb.c
                  __pa_14   0x0079ba    program     static D:\Projects\EggBot1-GH\EBB_firmware\Microchip\USB\usb_device.c
                  __pa_14   0x003810    program     static D:\Projects\EggBot1-GH\EBB_firmware\app.X\source\ebb.c
                  __pa_14   0x006998    program     static D:\Projects\EggBot1-GH\EBB_firmware\app.X\source\UBW.c
                 __pa_140   0x004004    program     static D:\Projects\EggBot1-GH\EBB_firmware\app.X\source\ebb.c
                 __pa_141   0x004022    program     static D:\Projects\EggBot1-GH\EBB_firmware\app.X\source\ebb.c
                 __pa_142   0x004040    program     static D:\Projects\EggBot1-GH\EBB_firmware\app.X\source\ebb.c
                 __pa_143   0x004056    program     static D:\Projects\EggBot1-GH\EBB_firmware\app.X\source\ebb.c
                 __pa_144   0x004070    program     static D:\Projects\EggBot1-GH\EBB_firmware\app.X\source\ebb.c
                 __pa_145   0x00407e    program     static D:\Projects\EggBot1-GH\EBB_firmware\app.X\source\ebb.c
                 __pa_146   0x00408a    program     static D:\Projects\EggBot1-GH\EBB_firmware\app.X\source\ebb.c
                 __pa_147   0x004094    program     static D:\Projects\EggBot1-GH\EBB_firmware\app.X\source\ebb.c
                 __pa_148   0x00409e    program     static D:\Projects\EggBot1-GH\EBB_firmware\app.X\source\ebb.c
                 __pa_149   0x0040a8    program     static D:\Projects\EggBot1-GH\EBB_firmware\app.X\source\ebb.c
                  __pa_15   0x0069a0    program     static D:\Projects\EggBot1-GH\EBB_firmware\app.X\source\UBW.c
                  __pa_15   0x003816    program     static D:\Projects\EggBot1-GH\EBB_firmware\app.X\source\ebb.c
                  __pa_15   0x0079c6    program     static D:\Projects\EggBot1-GH\EBB_firmware\Microchip\USB\usb_device.c
                 __pa_150   0x0040b2    program     static D:\Projects\EggBot1-GH\EBB_firmware\app.X\source\ebb.c
                 __pa_151   0x0040ca    program     static D:\Projects\EggBot1-GH\EBB_firmware\app.X\source\ebb.c
                 __pa_152   0x0040e2    program     static D:\Projects\EggBot1-GH\EBB_firmware\app.X\source\ebb.c
                 __pa_153   0x0040ec    program     static D:\Projects\EggBot1-GH\EBB_firmware\app.X\source\ebb.c
                 __pa_154   0x0040f6    program     static D:\Projects\EggBot1-GH\EBB_firmware\app.X\source\ebb.c
                 __pa_155   0x0040fe    program     static D:\Projects\EggBot1-GH\EBB_firmware\app.X\source\ebb.c
                 __pa_156   0x004106    program     static D:\Projects\EggBot1-GH\EBB_firmware\app.X\source\ebb.c
                 __pa_157   0x004110    program     static D:\Projects\EggBot1-GH\EBB_firmware\app.X\source\ebb.c
                 __pa_158   0x004126    program     static D:\Projects\EggBot1-GH\EBB_firmware\app.X\source\ebb.c
                 __pa_159   0x004134    program     static D:\Projects\EggBot1-GH\EBB_firmware\app.X\source\ebb.c
                  __pa_16   0x0079e0    program     static D:\Projects\EggBot1-GH\EBB_firmware\Microchip\USB\usb_device.c
                  __pa_16   0x003820    program     static D:\Projects\EggBot1-GH\EBB_firmware\app.X\source\ebb.c
                  __pa_16   0x0069a8    program     static D:\Projects\EggBot1-GH\EBB_firmware\app.X\source\UBW.c
                 __pa_160   0x004140    program     static D:\Projects\EggBot1-GH\EBB_firmware\app.X\source\ebb.c
                 __pa_161   0x004148    program     static D:\Projects\EggBot1-GH\EBB_firmware\app.X\source\ebb.c
                 __pa_162   0x00415a    program     static D:\Projects\EggBot1-GH\EBB_firmware\app.X\source\ebb.c
                 __pa_163   0x00416c    program     static D:\Projects\EggBot1-GH\EBB_firmware\app.X\source\ebb.c
                 __pa_164   0x004178    program     static D:\Projects\EggBot1-GH\EBB_firmware\app.X\source\ebb.c
                 __pa_165   0x004184    program     static D:\Projects\EggBot1-GH\EBB_firmware\app.X\source\ebb.c
                 __pa_166   0x004190    program     static D:\Projects\EggBot1-GH\EBB_firmware\app.X\source\ebb.c
                 __pa_167   0x0041a0    program     static D:\Projects\EggBot1-GH\EBB_firmware\app.X\source\ebb.c
                 __pa_168   0x0041b2    program     static D:\Projects\EggBot1-GH\EBB_firmware\app.X\source\ebb.c
                 __pa_169   0x0041c4    program     static D:\Projects\EggBot1-GH\EBB_firmware\app.X\source\ebb.c
                  __pa_17   0x0079ec    program     static D:\Projects\EggBot1-GH\EBB_firmware\Microchip\USB\usb_device.c
                  __pa_17   0x00383a    program     static D:\Projects\EggBot1-GH\EBB_firmware\app.X\source\ebb.c
                  __pa_17   0x0069b4    program     static D:\Projects\EggBot1-GH\EBB_firmware\app.X\source\UBW.c
                 __pa_170   0x0041c8    program     static D:\Projects\EggBot1-GH\EBB_firmware\app.X\source\ebb.c
                 __pa_171   0x0041d8    program     static D:\Projects\EggBot1-GH\EBB_firmware\app.X\source\ebb.c
                 __pa_172   0x0041e2    program     static D:\Projects\EggBot1-GH\EBB_firmware\app.X\source\ebb.c
                 __pa_173   0x0041ec    program     static D:\Projects\EggBot1-GH\EBB_firmware\app.X\source\ebb.c
                 __pa_174   0x0041f6    program     static D:\Projects\EggBot1-GH\EBB_firmware\app.X\source\ebb.c
                 __pa_175   0x0041fc    program     static D:\Projects\EggBot1-GH\EBB_firmware\app.X\source\ebb.c
                 __pa_176   0x00420c    program     static D:\Projects\EggBot1-GH\EBB_firmware\app.X\source\ebb.c
                 __pa_177   0x00421a    program     static D:\Projects\EggBot1-GH\EBB_firmware\app.X\source\ebb.c
                 __pa_178   0x004228    program     static D:\Projects\EggBot1-GH\EBB_firmware\app.X\source\ebb.c
                 __pa_179   0x004236    program     static D:\Projects\EggBot1-GH\EBB_firmware\app.X\source\ebb.c
                  __pa_18   0x0079f8    program     static D:\Projects\EggBot1-GH\EBB_firmware\Microchip\USB\usb_device.c
                  __pa_18   0x0069be    program     static D:\Projects\EggBot1-GH\EBB_firmware\app.X\source\UBW.c
                  __pa_18   0x003858    program     static D:\Projects\EggBot1-GH\EBB_firmware\app.X\source\ebb.c
                 __pa_180   0x004244    program     static D:\Projects\EggBot1-GH\EBB_firmware\app.X\source\ebb.c
                 __pa_181   0x004252    program     static D:\Projects\EggBot1-GH\EBB_firmware\app.X\source\ebb.c
                 __pa_182   0x004260    program     static D:\Projects\EggBot1-GH\EBB_firmware\app.X\source\ebb.c
                 __pa_183   0x00426c    program     static D:\Projects\EggBot1-GH\EBB_firmware\app.X\source\ebb.c
                 __pa_184   0x004278    program     static D:\Projects\EggBot1-GH\EBB_firmware\app.X\source\ebb.c
                 __pa_185   0x004286    program     static D:\Projects\EggBot1-GH\EBB_firmware\app.X\source\ebb.c
                 __pa_186   0x004294    program     static D:\Projects\EggBot1-GH\EBB_firmware\app.X\source\ebb.c
                 __pa_187   0x00429c    program     static D:\Projects\EggBot1-GH\EBB_firmware\app.X\source\ebb.c
                 __pa_188   0x0042a6    program     static D:\Projects\EggBot1-GH\EBB_firmware\app.X\source\ebb.c
                 __pa_189   0x0042b0    program     static D:\Projects\EggBot1-GH\EBB_firmware\app.X\source\ebb.c
                  __pa_19   0x0069c6    program     static D:\Projects\EggBot1-GH\EBB_firmware\app.X\source\UBW.c
                  __pa_19   0x003860    program     static D:\Projects\EggBot1-GH\EBB_firmware\app.X\source\ebb.c
                  __pa_19   0x007a00    program     static D:\Projects\EggBot1-GH\EBB_firmware\Microchip\USB\usb_device.c
                 __pa_190   0x0042ba    program     static D:\Projects\EggBot1-GH\EBB_firmware\app.X\source\ebb.c
                 __pa_191   0x0042c2    program     static D:\Projects\EggBot1-GH\EBB_firmware\app.X\source\ebb.c
                 __pa_192   0x0042ca    program     static D:\Projects\EggBot1-GH\EBB_firmware\app.X\source\ebb.c
                 __pa_193   0x0042d0    program     static D:\Projects\EggBot1-GH\EBB_firmware\app.X\source\ebb.c
                 __pa_194   0x0042d8    program     static D:\Projects\EggBot1-GH\EBB_firmware\app.X\source\ebb.c
                 __pa_195   0x0042fc    program     static D:\Projects\EggBot1-GH\EBB_firmware\app.X\source\ebb.c
                 __pa_196   0x004310    program     static D:\Projects\EggBot1-GH\EBB_firmware\app.X\source\ebb.c
                 __pa_197   0x004320    program     static D:\Projects\EggBot1-GH\EBB_firmware\app.X\source\ebb.c
                 __pa_198   0x00433a    program     static D:\Projects\EggBot1-GH\EBB_firmware\app.X\source\ebb.c
                 __pa_199   0x004352    program     static D:\Projects\EggBot1-GH\EBB_firmware\app.X\source\ebb.c
                   __pa_2   0x00361c    program     static D:\Projects\EggBot1-GH\EBB_firmware\app.X\source\ebb.c
                   __pa_2   0x006916    program     static D:\Projects\EggBot1-GH\EBB_firmware\app.X\source\UBW.c
                   __pa_2   0x008702    program     static D:\Projects\EggBot1-GH\EBB_firmware\Microchip\USB\CDC Device Driver\usb_function_cdc.c
                   __pa_2   0x00834e    program     static D:\Projects\EggBot1-GH\EBB_firmware\app.X\source\RCServo2.c
                   __pa_2   0x008918    program     static D:\Projects\EggBot1-GH\EBB_firmware\app.X\source\ebb_print.c
                   __pa_2   0x007924    program     static D:\Projects\EggBot1-GH\EBB_firmware\Microchip\USB\usb_device.c
                  __pa_20   0x0069ce    program     static D:\Projects\EggBot1-GH\EBB_firmware\app.X\source\UBW.c
                  __pa_20   0x007a08    program     static D:\Projects\EggBot1-GH\EBB_firmware\Microchip\USB\usb_device.c
                  __pa_20   0x003868    program     static D:\Projects\EggBot1-GH\EBB_firmware\app.X\source\ebb.c
                 __pa_200   0x00435e    program     static D:\Projects\EggBot1-GH\EBB_firmware\app.X\source\ebb.c
                 __pa_201   0x004366    program     static D:\Projects\EggBot1-GH\EBB_firmware\app.X\source\ebb.c
                 __pa_202   0x004372    program     static D:\Projects\EggBot1-GH\EBB_firmware\app.X\source\ebb.c
                 __pa_203   0x00437a    program     static D:\Projects\EggBot1-GH\EBB_firmware\app.X\source\ebb.c
                 __pa_204   0x004382    program     static D:\Projects\EggBot1-GH\EBB_firmware\app.X\source\ebb.c
                 __pa_205   0x00438a    program     static D:\Projects\EggBot1-GH\EBB_firmware\app.X\source\ebb.c
                 __pa_206   0x004394    program     static D:\Projects\EggBot1-GH\EBB_firmware\app.X\source\ebb.c
                 __pa_207   0x0043a6    program     static D:\Projects\EggBot1-GH\EBB_firmware\app.X\source\ebb.c
                 __pa_208   0x0043b0    program     static D:\Projects\EggBot1-GH\EBB_firmware\app.X\source\ebb.c
                 __pa_209   0x0043b6    program     static D:\Projects\EggBot1-GH\EBB_firmware\app.X\source\ebb.c
                  __pa_21   0x003870    program     static D:\Projects\EggBot1-GH\EBB_firmware\app.X\source\ebb.c
                  __pa_21   0x007a14    program     static D:\Projects\EggBot1-GH\EBB_firmware\Microchip\USB\usb_device.c
                  __pa_21   0x0069e2    program     static D:\Projects\EggBot1-GH\EBB_firmware\app.X\source\UBW.c
                 __pa_210   0x0043c4    program     static D:\Projects\EggBot1-GH\EBB_firmware\app.X\source\ebb.c
                 __pa_211   0x0043cc    program     static D:\Projects\EggBot1-GH\EBB_firmware\app.X\source\ebb.c
                 __pa_212   0x0043d8    program     static D:\Projects\EggBot1-GH\EBB_firmware\app.X\source\ebb.c
                 __pa_213   0x0043e4    program     static D:\Projects\EggBot1-GH\EBB_firmware\app.X\source\ebb.c
                 __pa_214   0x0043ee    program     static D:\Projects\EggBot1-GH\EBB_firmware\app.X\source\ebb.c
                 __pa_215   0x0043fa    program     static D:\Projects\EggBot1-GH\EBB_firmware\app.X\source\ebb.c
                 __pa_216   0x004402    program     static D:\Projects\EggBot1-GH\EBB_firmware\app.X\source\ebb.c
                 __pa_217   0x00440c    program     static D:\Projects\EggBot1-GH\EBB_firmware\app.X\source\ebb.c
                 __pa_218   0x004414    program     static D:\Projects\EggBot1-GH\EBB_firmware\app.X\source\ebb.c
                 __pa_219   0x00441a    program     static D:\Projects\EggBot1-GH\EBB_firmware\app.X\source\ebb.c
                  __pa_22   0x007a24    program     static D:\Projects\EggBot1-GH\EBB_firmware\Microchip\USB\usb_device.c
                  __pa_22   0x0069ee    program     static D:\Projects\EggBot1-GH\EBB_firmware\app.X\source\UBW.c
                  __pa_22   0x003876    program     static D:\Projects\EggBot1-GH\EBB_firmware\app.X\source\ebb.c
                 __pa_220   0x00442a    program     static D:\Projects\EggBot1-GH\EBB_firmware\app.X\source\ebb.c
                 __pa_221   0x004436    program     static D:\Projects\EggBot1-GH\EBB_firmware\app.X\source\ebb.c
                 __pa_222   0x004440    program     static D:\Projects\EggBot1-GH\EBB_firmware\app.X\source\ebb.c
                 __pa_223   0x00444c    program     static D:\Projects\EggBot1-GH\EBB_firmware\app.X\source\ebb.c
                 __pa_224   0x004454    program     static D:\Projects\EggBot1-GH\EBB_firmware\app.X\source\ebb.c
                  __pa_23   0x00388a    program     static D:\Projects\EggBot1-GH\EBB_firmware\app.X\source\ebb.c
                  __pa_23   0x007a32    program     static D:\Projects\EggBot1-GH\EBB_firmware\Microchip\USB\usb_device.c
                  __pa_23   0x0069f8    program     static D:\Projects\EggBot1-GH\EBB_firmware\app.X\source\UBW.c
                  __pa_24   0x007a40    program     static D:\Projects\EggBot1-GH\EBB_firmware\Microchip\USB\usb_device.c
                  __pa_24   0x00389e    program     static D:\Projects\EggBot1-GH\EBB_firmware\app.X\source\ebb.c
                  __pa_24   0x006a06    program     static D:\Projects\EggBot1-GH\EBB_firmware\app.X\source\UBW.c
                  __pa_25   0x0038aa    program     static D:\Projects\EggBot1-GH\EBB_firmware\app.X\source\ebb.c
                  __pa_25   0x007a4e    program     static D:\Projects\EggBot1-GH\EBB_firmware\Microchip\USB\usb_device.c
                  __pa_25   0x006a18    program     static D:\Projects\EggBot1-GH\EBB_firmware\app.X\source\UBW.c
                  __pa_26   0x007a5c    program     static D:\Projects\EggBot1-GH\EBB_firmware\Microchip\USB\usb_device.c
                  __pa_26   0x0038d4    program     static D:\Projects\EggBot1-GH\EBB_firmware\app.X\source\ebb.c
                  __pa_26   0x006a20    program     static D:\Projects\EggBot1-GH\EBB_firmware\app.X\source\UBW.c
                  __pa_27   0x0038e6    program     static D:\Projects\EggBot1-GH\EBB_firmware\app.X\source\ebb.c
                  __pa_27   0x006a2c    program     static D:\Projects\EggBot1-GH\EBB_firmware\app.X\source\UBW.c
                  __pa_27   0x007a66    program     static D:\Projects\EggBot1-GH\EBB_firmware\Microchip\USB\usb_device.c
                  __pa_28   0x006a4e    program     static D:\Projects\EggBot1-GH\EBB_firmware\app.X\source\UBW.c
                  __pa_28   0x0038f8    program     static D:\Projects\EggBot1-GH\EBB_firmware\app.X\source\ebb.c
                  __pa_28   0x007a7e    program     static D:\Projects\EggBot1-GH\EBB_firmware\Microchip\USB\usb_device.c
                  __pa_29   0x007a8a    program     static D:\Projects\EggBot1-GH\EBB_firmware\Microchip\USB\usb_device.c
                  __pa_29   0x003904    program     static D:\Projects\EggBot1-GH\EBB_firmware\app.X\source\ebb.c
                  __pa_29   0x006a5c    program     static D:\Projects\EggBot1-GH\EBB_firmware\app.X\source\UBW.c
                   __pa_3   0x003622    program     static D:\Projects\EggBot1-GH\EBB_firmware\app.X\source\ebb.c
                   __pa_3   0x008936    program     static D:\Projects\EggBot1-GH\EBB_firmware\app.X\source\ebb_print.c
                   __pa_3   0x00792c    program     static D:\Projects\EggBot1-GH\EBB_firmware\Microchip\USB\usb_device.c
                   __pa_3   0x00835e    program     static D:\Projects\EggBot1-GH\EBB_firmware\app.X\source\RCServo2.c
                   __pa_3   0x00691e    program     static D:\Projects\EggBot1-GH\EBB_firmware\app.X\source\UBW.c
                   __pa_3   0x008714    program     static D:\Projects\EggBot1-GH\EBB_firmware\Microchip\USB\CDC Device Driver\usb_function_cdc.c
                  __pa_30   0x003912    program     static D:\Projects\EggBot1-GH\EBB_firmware\app.X\source\ebb.c
                  __pa_30   0x007a92    program     static D:\Projects\EggBot1-GH\EBB_firmware\Microchip\USB\usb_device.c
                  __pa_30   0x006a6a    program     static D:\Projects\EggBot1-GH\EBB_firmware\app.X\source\UBW.c
                  __pa_31   0x006a8c    program     static D:\Projects\EggBot1-GH\EBB_firmware\app.X\source\UBW.c
                  __pa_31   0x007aa6    program     static D:\Projects\EggBot1-GH\EBB_firmware\Microchip\USB\usb_device.c
                  __pa_31   0x003928    program     static D:\Projects\EggBot1-GH\EBB_firmware\app.X\source\ebb.c
                  __pa_32   0x00393a    program     static D:\Projects\EggBot1-GH\EBB_firmware\app.X\source\ebb.c
                  __pa_32   0x006a96    program     static D:\Projects\EggBot1-GH\EBB_firmware\app.X\source\UBW.c
                  __pa_32   0x007ab8    program     static D:\Projects\EggBot1-GH\EBB_firmware\Microchip\USB\usb_device.c
                  __pa_33   0x007ac6    program     static D:\Projects\EggBot1-GH\EBB_firmware\Microchip\USB\usb_device.c
                  __pa_33   0x006a9c    program     static D:\Projects\EggBot1-GH\EBB_firmware\app.X\source\UBW.c
                  __pa_33   0x003942    program     static D:\Projects\EggBot1-GH\EBB_firmware\app.X\source\ebb.c
                  __pa_34   0x003948    program     static D:\Projects\EggBot1-GH\EBB_firmware\app.X\source\ebb.c
                  __pa_34   0x007ad0    program     static D:\Projects\EggBot1-GH\EBB_firmware\Microchip\USB\usb_device.c
                  __pa_34   0x006aaa    program     static D:\Projects\EggBot1-GH\EBB_firmware\app.X\source\UBW.c
                  __pa_35   0x003956    program     static D:\Projects\EggBot1-GH\EBB_firmware\app.X\source\ebb.c
                  __pa_35   0x006ab0    program     static D:\Projects\EggBot1-GH\EBB_firmware\app.X\source\UBW.c
                  __pa_35   0x007ada    program     static D:\Projects\EggBot1-GH\EBB_firmware\Microchip\USB\usb_device.c
                  __pa_36   0x007ae0    program     static D:\Projects\EggBot1-GH\EBB_firmware\Microchip\USB\usb_device.c
                  __pa_36   0x006acc    program     static D:\Projects\EggBot1-GH\EBB_firmware\app.X\source\UBW.c
                  __pa_36   0x003964    program     static D:\Projects\EggBot1-GH\EBB_firmware\app.X\source\ebb.c
                  __pa_37   0x007ae8    program     static D:\Projects\EggBot1-GH\EBB_firmware\Microchip\USB\usb_device.c
                  __pa_37   0x006ad6    program     static D:\Projects\EggBot1-GH\EBB_firmware\app.X\source\UBW.c
                  __pa_37   0x003988    program     static D:\Projects\EggBot1-GH\EBB_firmware\app.X\source\ebb.c
                  __pa_38   0x007aee    program     static D:\Projects\EggBot1-GH\EBB_firmware\Microchip\USB\usb_device.c
                  __pa_38   0x006ae0    program     static D:\Projects\EggBot1-GH\EBB_firmware\app.X\source\UBW.c
                  __pa_38   0x0039ac    program     static D:\Projects\EggBot1-GH\EBB_firmware\app.X\source\ebb.c
                  __pa_39   0x0039c0    program     static D:\Projects\EggBot1-GH\EBB_firmware\app.X\source\ebb.c
                  __pa_39   0x006aea    program     static D:\Projects\EggBot1-GH\EBB_firmware\app.X\source\UBW.c
                  __pa_39   0x007afc    program     static D:\Projects\EggBot1-GH\EBB_firmware\Microchip\USB\usb_device.c
                   __pa_4   0x00872e    program     static D:\Projects\EggBot1-GH\EBB_firmware\Microchip\USB\CDC Device Driver\usb_function_cdc.c
                   __pa_4   0x00894e    program     static D:\Projects\EggBot1-GH\EBB_firmware\app.X\source\ebb_print.c
                   __pa_4   0x007936    program     static D:\Projects\EggBot1-GH\EBB_firmware\Microchip\USB\usb_device.c
                   __pa_4   0x006924    program     static D:\Projects\EggBot1-GH\EBB_firmware\app.X\source\UBW.c
                   __pa_4   0x00366c    program     static D:\Projects\EggBot1-GH\EBB_firmware\app.X\source\ebb.c
                   __pa_4   0x00836a    program     static D:\Projects\EggBot1-GH\EBB_firmware\app.X\source\RCServo2.c
                  __pa_40   0x006af4    program     static D:\Projects\EggBot1-GH\EBB_firmware\app.X\source\UBW.c
                  __pa_40   0x007b0a    program     static D:\Projects\EggBot1-GH\EBB_firmware\Microchip\USB\usb_device.c
                  __pa_40   0x0039d2    program     static D:\Projects\EggBot1-GH\EBB_firmware\app.X\source\ebb.c
                  __pa_41   0x007b18    program     static D:\Projects\EggBot1-GH\EBB_firmware\Microchip\USB\usb_device.c
                  __pa_41   0x006afe    program     static D:\Projects\EggBot1-GH\EBB_firmware\app.X\source\UBW.c
                  __pa_41   0x0039e4    program     static D:\Projects\EggBot1-GH\EBB_firmware\app.X\source\ebb.c
                  __pa_42   0x007b22    program     static D:\Projects\EggBot1-GH\EBB_firmware\Microchip\USB\usb_device.c
                  __pa_42   0x0039f6    program     static D:\Projects\EggBot1-GH\EBB_firmware\app.X\source\ebb.c
                  __pa_42   0x006b16    program     static D:\Projects\EggBot1-GH\EBB_firmware\app.X\source\UBW.c
                  __pa_43   0x003a08    program     static D:\Projects\EggBot1-GH\EBB_firmware\app.X\source\ebb.c
                  __pa_43   0x006b1e    program     static D:\Projects\EggBot1-GH\EBB_firmware\app.X\source\UBW.c
                  __pa_43   0x007b2c    program     static D:\Projects\EggBot1-GH\EBB_firmware\Microchip\USB\usb_device.c
                  __pa_44   0x006b24    program     static D:\Projects\EggBot1-GH\EBB_firmware\app.X\source\UBW.c
                  __pa_44   0x003a14    program     static D:\Projects\EggBot1-GH\EBB_firmware\app.X\source\ebb.c
                  __pa_44   0x007b34    program     static D:\Projects\EggBot1-GH\EBB_firmware\Microchip\USB\usb_device.c
                  __pa_45   0x006b2e    program     static D:\Projects\EggBot1-GH\EBB_firmware\app.X\source\UBW.c
                  __pa_45   0x003a30    program     static D:\Projects\EggBot1-GH\EBB_firmware\app.X\source\ebb.c
                  __pa_45   0x007b40    program     static D:\Projects\EggBot1-GH\EBB_firmware\Microchip\USB\usb_device.c
                  __pa_46   0x007b4a    program     static D:\Projects\EggBot1-GH\EBB_firmware\Microchip\USB\usb_device.c
                  __pa_46   0x006b3a    program     static D:\Projects\EggBot1-GH\EBB_firmware\app.X\source\UBW.c
                  __pa_46   0x003a48    program     static D:\Projects\EggBot1-GH\EBB_firmware\app.X\source\ebb.c
                  __pa_47   0x006b46    program     static D:\Projects\EggBot1-GH\EBB_firmware\app.X\source\UBW.c
                  __pa_47   0x003a52    program     static D:\Projects\EggBot1-GH\EBB_firmware\app.X\source\ebb.c
                  __pa_48   0x006b50    program     static D:\Projects\EggBot1-GH\EBB_firmware\app.X\source\UBW.c
                  __pa_48   0x003a60    program     static D:\Projects\EggBot1-GH\EBB_firmware\app.X\source\ebb.c
                  __pa_49   0x006b5e    program     static D:\Projects\EggBot1-GH\EBB_firmware\app.X\source\UBW.c
                  __pa_49   0x003a80    program     static D:\Projects\EggBot1-GH\EBB_firmware\app.X\source\ebb.c
                   __pa_5   0x008376    program     static D:\Projects\EggBot1-GH\EBB_firmware\app.X\source\RCServo2.c
                   __pa_5   0x008958    program     static D:\Projects\EggBot1-GH\EBB_firmware\app.X\source\ebb_print.c
                   __pa_5   0x008738    program     static D:\Projects\EggBot1-GH\EBB_firmware\Microchip\USB\CDC Device Driver\usb_function_cdc.c
                   __pa_5   0x0036a2    program     static D:\Projects\EggBot1-GH\EBB_firmware\app.X\source\ebb.c
                   __pa_5   0x00692c    program     static D:\Projects\EggBot1-GH\EBB_firmware\app.X\source\UBW.c
                   __pa_5   0x007940    program     static D:\Projects\EggBot1-GH\EBB_firmware\Microchip\USB\usb_device.c
                  __pa_50   0x003a90    program     static D:\Projects\EggBot1-GH\EBB_firmware\app.X\source\ebb.c
                  __pa_50   0x006b6c    program     static D:\Projects\EggBot1-GH\EBB_firmware\app.X\source\UBW.c
                  __pa_51   0x006b7a    program     static D:\Projects\EggBot1-GH\EBB_firmware\app.X\source\UBW.c
                  __pa_51   0x003a9c    program     static D:\Projects\EggBot1-GH\EBB_firmware\app.X\source\ebb.c
                  __pa_52   0x003aa8    program     static D:\Projects\EggBot1-GH\EBB_firmware\app.X\source\ebb.c
                  __pa_52   0x006b88    program     static D:\Projects\EggBot1-GH\EBB_firmware\app.X\source\UBW.c
                  __pa_53   0x003aca    program     static D:\Projects\EggBot1-GH\EBB_firmware\app.X\source\ebb.c
                  __pa_53   0x006b96    program     static D:\Projects\EggBot1-GH\EBB_firmware\app.X\source\UBW.c
                  __pa_54   0x006ba4    program     static D:\Projects\EggBot1-GH\EBB_firmware\app.X\source\UBW.c
                  __pa_54   0x003ad0    program     static D:\Projects\EggBot1-GH\EBB_firmware\app.X\source\ebb.c
                  __pa_55   0x003ae6    program     static D:\Projects\EggBot1-GH\EBB_firmware\app.X\source\ebb.c
                  __pa_55   0x006bae    program     static D:\Projects\EggBot1-GH\EBB_firmware\app.X\source\UBW.c
                  __pa_56   0x003af8    program     static D:\Projects\EggBot1-GH\EBB_firmware\app.X\source\ebb.c
                  __pa_56   0x006bb8    program     static D:\Projects\EggBot1-GH\EBB_firmware\app.X\source\UBW.c
                  __pa_57   0x003b0a    program     static D:\Projects\EggBot1-GH\EBB_firmware\app.X\source\ebb.c
                  __pa_57   0x006bc2    program     static D:\Projects\EggBot1-GH\EBB_firmware\app.X\source\UBW.c
                  __pa_58   0x006bca    program     static D:\Projects\EggBot1-GH\EBB_firmware\app.X\source\UBW.c
                  __pa_58   0x003b16    program     static D:\Projects\EggBot1-GH\EBB_firmware\app.X\source\ebb.c
                  __pa_59   0x003b28    program     static D:\Projects\EggBot1-GH\EBB_firmware\app.X\source\ebb.c
                  __pa_59   0x006bd2    program     static D:\Projects\EggBot1-GH\EBB_firmware\app.X\source\UBW.c
                   __pa_6   0x008740    program     static D:\Projects\EggBot1-GH\EBB_firmware\Microchip\USB\CDC Device Driver\usb_function_cdc.c
                   __pa_6   0x008964    program     static D:\Projects\EggBot1-GH\EBB_firmware\app.X\source\ebb_print.c
                   __pa_6   0x008382    program     static D:\Projects\EggBot1-GH\EBB_firmware\app.X\source\RCServo2.c
                   __pa_6   0x00794a    program     static D:\Projects\EggBot1-GH\EBB_firmware\Microchip\USB\usb_device.c
                   __pa_6   0x00376c    program     static D:\Projects\EggBot1-GH\EBB_firmware\app.X\source\ebb.c
                   __pa_6   0x006934    program     static D:\Projects\EggBot1-GH\EBB_firmware\app.X\source\UBW.c
                  __pa_60   0x003b3a    program     static D:\Projects\EggBot1-GH\EBB_firmware\app.X\source\ebb.c
                  __pa_60   0x006be0    program     static D:\Projects\EggBot1-GH\EBB_firmware\app.X\source\UBW.c
                  __pa_61   0x006bea    program     static D:\Projects\EggBot1-GH\EBB_firmware\app.X\source\UBW.c
                  __pa_61   0x003b4c    program     static D:\Projects\EggBot1-GH\EBB_firmware\app.X\source\ebb.c
                  __pa_62   0x006bf0    program     static D:\Projects\EggBot1-GH\EBB_firmware\app.X\source\UBW.c
                  __pa_62   0x003b5e    program     static D:\Projects\EggBot1-GH\EBB_firmware\app.X\source\ebb.c
                  __pa_63   0x006bf6    program     static D:\Projects\EggBot1-GH\EBB_firmware\app.X\source\UBW.c
                  __pa_63   0x003b66    program     static D:\Projects\EggBot1-GH\EBB_firmware\app.X\source\ebb.c
                  __pa_64   0x003b74    program     static D:\Projects\EggBot1-GH\EBB_firmware\app.X\source\ebb.c
                  __pa_64   0x006c10    program     static D:\Projects\EggBot1-GH\EBB_firmware\app.X\source\UBW.c
                  __pa_65   0x003b78    program     static D:\Projects\EggBot1-GH\EBB_firmware\app.X\source\ebb.c
                  __pa_65   0x006c1a    program     static D:\Projects\EggBot1-GH\EBB_firmware\app.X\source\UBW.c
                  __pa_66   0x003b7e    program     static D:\Projects\EggBot1-GH\EBB_firmware\app.X\source\ebb.c
                  __pa_66   0x006c22    program     static D:\Projects\EggBot1-GH\EBB_firmware\app.X\source\UBW.c
                  __pa_67   0x006c28    program     static D:\Projects\EggBot1-GH\EBB_firmware\app.X\source\UBW.c
                  __pa_67   0x003b96    program     static D:\Projects\EggBot1-GH\EBB_firmware\app.X\source\ebb.c
                  __pa_68   0x006c32    program     static D:\Projects\EggBot1-GH\EBB_firmware\app.X\source\UBW.c
                  __pa_68   0x003bae    program     static D:\Projects\EggBot1-GH\EBB_firmware\app.X\source\ebb.c
                  __pa_69   0x006c3e    program     static D:\Projects\EggBot1-GH\EBB_firmware\app.X\source\UBW.c
                  __pa_69   0x003bba    program     static D:\Projects\EggBot1-GH\EBB_firmware\app.X\source\ebb.c
                   __pa_7   0x003792    program     static D:\Projects\EggBot1-GH\EBB_firmware\app.X\source\ebb.c
                   __pa_7   0x007952    program     static D:\Projects\EggBot1-GH\EBB_firmware\Microchip\USB\usb_device.c
                   __pa_7   0x00838c    program     static D:\Projects\EggBot1-GH\EBB_firmware\app.X\source\RCServo2.c
                   __pa_7   0x008974    program     static D:\Projects\EggBot1-GH\EBB_firmware\app.X\source\ebb_print.c
                   __pa_7   0x00874e    program     static D:\Projects\EggBot1-GH\EBB_firmware\Microchip\USB\CDC Device Driver\usb_function_cdc.c
                   __pa_7   0x006942    program     static D:\Projects\EggBot1-GH\EBB_firmware\app.X\source\UBW.c
                  __pa_70   0x003bd0    program     static D:\Projects\EggBot1-GH\EBB_firmware\app.X\source\ebb.c
                  __pa_70   0x006c48    program     static D:\Projects\EggBot1-GH\EBB_firmware\app.X\source\UBW.c
                  __pa_71   0x003be6    program     static D:\Projects\EggBot1-GH\EBB_firmware\app.X\source\ebb.c
                  __pa_71   0x006c5e    program     static D:\Projects\EggBot1-GH\EBB_firmware\app.X\source\UBW.c
                  __pa_72   0x003bfc    program     static D:\Projects\EggBot1-GH\EBB_firmware\app.X\source\ebb.c
                  __pa_72   0x006c6c    program     static D:\Projects\EggBot1-GH\EBB_firmware\app.X\source\UBW.c
                  __pa_73   0x003c12    program     static D:\Projects\EggBot1-GH\EBB_firmware\app.X\source\ebb.c
                  __pa_73   0x006c7e    program     static D:\Projects\EggBot1-GH\EBB_firmware\app.X\source\UBW.c
                  __pa_74   0x003c20    program     static D:\Projects\EggBot1-GH\EBB_firmware\app.X\source\ebb.c
                  __pa_74   0x006c84    program     static D:\Projects\EggBot1-GH\EBB_firmware\app.X\source\UBW.c
                  __pa_75   0x003c2a    program     static D:\Projects\EggBot1-GH\EBB_firmware\app.X\source\ebb.c
                  __pa_75   0x006c94    program     static D:\Projects\EggBot1-GH\EBB_firmware\app.X\source\UBW.c
                  __pa_76   0x006ca4    program     static D:\Projects\EggBot1-GH\EBB_firmware\app.X\source\UBW.c
                  __pa_76   0x003c34    program     static D:\Projects\EggBot1-GH\EBB_firmware\app.X\source\ebb.c
                  __pa_77   0x006cae    program     static D:\Projects\EggBot1-GH\EBB_firmware\app.X\source\UBW.c
                  __pa_77   0x003c3e    program     static D:\Projects\EggBot1-GH\EBB_firmware\app.X\source\ebb.c
                  __pa_78   0x003c48    program     static D:\Projects\EggBot1-GH\EBB_firmware\app.X\source\ebb.c
                  __pa_78   0x006cb8    program     static D:\Projects\EggBot1-GH\EBB_firmware\app.X\source\UBW.c
                  __pa_79   0x003c52    program     static D:\Projects\EggBot1-GH\EBB_firmware\app.X\source\ebb.c
                  __pa_79   0x006cc0    program     static D:\Projects\EggBot1-GH\EBB_firmware\app.X\source\UBW.c
                   __pa_8   0x00875c    program     static D:\Projects\EggBot1-GH\EBB_firmware\Microchip\USB\CDC Device Driver\usb_function_cdc.c
                   __pa_8   0x00694c    program     static D:\Projects\EggBot1-GH\EBB_firmware\app.X\source\UBW.c
                   __pa_8   0x008982    program     static D:\Projects\EggBot1-GH\EBB_firmware\app.X\source\ebb_print.c
                   __pa_8   0x008394    program     static D:\Projects\EggBot1-GH\EBB_firmware\app.X\source\RCServo2.c
                   __pa_8   0x007962    program     static D:\Projects\EggBot1-GH\EBB_firmware\Microchip\USB\usb_device.c
                   __pa_8   0x0037b0    program     static D:\Projects\EggBot1-GH\EBB_firmware\app.X\source\ebb.c
                  __pa_80   0x006cc6    program     static D:\Projects\EggBot1-GH\EBB_firmware\app.X\source\UBW.c
                  __pa_80   0x003c58    program     static D:\Projects\EggBot1-GH\EBB_firmware\app.X\source\ebb.c
                  __pa_81   0x006cd2    program     static D:\Projects\EggBot1-GH\EBB_firmware\app.X\source\UBW.c
                  __pa_81   0x003c6c    program     static D:\Projects\EggBot1-GH\EBB_firmware\app.X\source\ebb.c
                  __pa_82   0x006ce0    program     static D:\Projects\EggBot1-GH\EBB_firmware\app.X\source\UBW.c
                  __pa_82   0x003c7e    program     static D:\Projects\EggBot1-GH\EBB_firmware\app.X\source\ebb.c
                  __pa_83   0x003c90    program     static D:\Projects\EggBot1-GH\EBB_firmware\app.X\source\ebb.c
                  __pa_83   0x006cee    program     static D:\Projects\EggBot1-GH\EBB_firmware\app.X\source\UBW.c
                  __pa_84   0x003ca2    program     static D:\Projects\EggBot1-GH\EBB_firmware\app.X\source\ebb.c
                  __pa_84   0x006cfa    program     static D:\Projects\EggBot1-GH\EBB_firmware\app.X\source\UBW.c
                  __pa_85   0x003cb4    program     static D:\Projects\EggBot1-GH\EBB_firmware\app.X\source\ebb.c
                  __pa_85   0x006d08    program     static D:\Projects\EggBot1-GH\EBB_firmware\app.X\source\UBW.c
                  __pa_86   0x003cc6    program     static D:\Projects\EggBot1-GH\EBB_firmware\app.X\source\ebb.c
                  __pa_86   0x006d14    program     static D:\Projects\EggBot1-GH\EBB_firmware\app.X\source\UBW.c
                  __pa_87   0x003cd8    program     static D:\Projects\EggBot1-GH\EBB_firmware\app.X\source\ebb.c
                  __pa_87   0x006d1e    program     static D:\Projects\EggBot1-GH\EBB_firmware\app.X\source\UBW.c
                  __pa_88   0x003cea    program     static D:\Projects\EggBot1-GH\EBB_firmware\app.X\source\ebb.c
                  __pa_88   0x006d2c    program     static D:\Projects\EggBot1-GH\EBB_firmware\app.X\source\UBW.c
                  __pa_89   0x006d38    program     static D:\Projects\EggBot1-GH\EBB_firmware\app.X\source\UBW.c
                  __pa_89   0x003cfc    program     static D:\Projects\EggBot1-GH\EBB_firmware\app.X\source\ebb.c
                   __pa_9   0x00898c    program     static D:\Projects\EggBot1-GH\EBB_firmware\app.X\source\ebb_print.c
                   __pa_9   0x006954    program     static D:\Projects\EggBot1-GH\EBB_firmware\app.X\source\UBW.c
                   __pa_9   0x00839c    program     static D:\Projects\EggBot1-GH\EBB_firmware\app.X\source\RCServo2.c
                   __pa_9   0x00796c    program     static D:\Projects\EggBot1-GH\EBB_firmware\Microchip\USB\usb_device.c
                   __pa_9   0x0037bc    program     static D:\Projects\EggBot1-GH\EBB_firmware\app.X\source\ebb.c
                   __pa_9   0x008766    program     static D:\Projects\EggBot1-GH\EBB_firmware\Microchip\USB\CDC Device Driver\usb_function_cdc.c
                  __pa_90   0x006d44    program     static D:\Projects\EggBot1-GH\EBB_firmware\app.X\source\UBW.c
                  __pa_90   0x003d0e    program     static D:\Projects\EggBot1-GH\EBB_firmware\app.X\source\ebb.c
                  __pa_91   0x006d4e    program     static D:\Projects\EggBot1-GH\EBB_firmware\app.X\source\UBW.c
                  __pa_91   0x003d20    program     static D:\Projects\EggBot1-GH\EBB_firmware\app.X\source\ebb.c
                  __pa_92   0x006d58    program     static D:\Projects\EggBot1-GH\EBB_firmware\app.X\source\UBW.c
                  __pa_92   0x003d32    program     static D:\Projects\EggBot1-GH\EBB_firmware\app.X\source\ebb.c
                  __pa_93   0x006d62    program     static D:\Projects\EggBot1-GH\EBB_firmware\app.X\source\UBW.c
                  __pa_93   0x003d44    program     static D:\Projects\EggBot1-GH\EBB_firmware\app.X\source\ebb.c
                  __pa_94   0x006d6a    program     static D:\Projects\EggBot1-GH\EBB_firmware\app.X\source\UBW.c
                  __pa_94   0x003d56    program     static D:\Projects\EggBot1-GH\EBB_firmware\app.X\source\ebb.c
                  __pa_95   0x006d72    program     static D:\Projects\EggBot1-GH\EBB_firmware\app.X\source\UBW.c
                  __pa_95   0x003d62    program     static D:\Projects\EggBot1-GH\EBB_firmware\app.X\source\ebb.c
                  __pa_96   0x006d7a    program     static D:\Projects\EggBot1-GH\EBB_firmware\app.X\source\UBW.c
                  __pa_96   0x003d6e    program     static D:\Projects\EggBot1-GH\EBB_firmware\app.X\source\ebb.c
                  __pa_97   0x006d88    program     static D:\Projects\EggBot1-GH\EBB_firmware\app.X\source\UBW.c
                  __pa_97   0x003d74    program     static D:\Projects\EggBot1-GH\EBB_firmware\app.X\source\ebb.c
                  __pa_98   0x006d94    program     static D:\Projects\EggBot1-GH\EBB_firmware\app.X\source\UBW.c
                  __pa_98   0x003d80    program     static D:\Projects\EggBot1-GH\EBB_firmware\app.X\source\ebb.c
                  __pa_99   0x006d9a    program     static D:\Projects\EggBot1-GH\EBB_firmware\app.X\source\UBW.c
                  __pa_99   0x003d8a    program     static D:\Projects\EggBot1-GH\EBB_firmware\app.X\source\ebb.c
               __string_0   0x007e34    program     static D:\Projects\EggBot1-GH\EBB_firmware\app.X\source\ebb.c
               __string_1   0x007e2f    program     static D:\Projects\EggBot1-GH\EBB_firmware\app.X\source\ebb.c
               __string_1   0x007fdf    program     static D:\Projects\EggBot1-GH\EBB_firmware\app.X\source\UBW.c
              __string_10   0x007ef0    program     static D:\Projects\EggBot1-GH\EBB_firmware\app.X\source\UBW.c
              __string_10   0x007d86    program     static D:\Projects\EggBot1-GH\EBB_firmware\app.X\source\ebb.c
              __string_11   0x007d62    program     static D:\Projects\EggBot1-GH\EBB_firmware\app.X\source\ebb.c
              __string_11   0x007ec7    program     static D:\Projects\EggBot1-GH\EBB_firmware\app.X\source\UBW.c
              __string_12   0x007d36    program     static D:\Projects\EggBot1-GH\EBB_firmware\app.X\source\ebb.c
[...]
                   EECON2   0x000fa7       data     extern E:\3.46\pic18-lt\cxx-framework\src\traditional\proc\p18f46j50.asm
                   TXSTA2   0x000fa8       data     extern E:\3.46\pic18-lt\cxx-framework\src\traditional\proc\p18f46j50.asm
               TXSTA2bits   0x000fa8       data     extern E:\3.46\pic18-lt\cxx-framework\src\traditional\proc\p18f46j50.asm
                   TXREG2   0x000fa9       data     extern E:\3.46\pic18-lt\cxx-framework\src\traditional\proc\p18f46j50.asm
                   RCREG2   0x000faa       data     extern E:\3.46\pic18-lt\cxx-framework\src\traditional\proc\p18f46j50.asm
                   SPBRG2   0x000fab       data     extern E:\3.46\pic18-lt\cxx-framework\src\traditional\proc\p18f46j50.asm
                RCSTAbits   0x000fac       data     extern E:\3.46\pic18-lt\cxx-framework\src\traditional\proc\p18f46j50.asm
                    RCSTA   0x000fac       data     extern E:\3.46\pic18-lt\cxx-framework\src\traditional\proc\p18f46j50.asm
                   RCSTA1   0x000fac       data     extern E:\3.46\pic18-lt\cxx-framework\src\traditional\proc\p18f46j50.asm
               RCSTA1bits   0x000fac       data     extern E:\3.46\pic18-lt\cxx-framework\src\traditional\proc\p18f46j50.asm
               TXSTA1bits   0x000fad       data     extern E:\3.46\pic18-lt\cxx-framework\src\traditional\proc\p18f46j50.asm
                   TXSTA1   0x000fad       data     extern E:\3.46\pic18-lt\cxx-framework\src\traditional\proc\p18f46j50.asm
                    TXSTA   0x000fad       data     extern E:\3.46\pic18-lt\cxx-framework\src\traditional\proc\p18f46j50.asm
                TXSTAbits   0x000fad       data     extern E:\3.46\pic18-lt\cxx-framework\src\traditional\proc\p18f46j50.asm
                   TXREG1   0x000fae       data     extern E:\3.46\pic18-lt\cxx-framework\src\traditional\proc\p18f46j50.asm
                    TXREG   0x000fae       data     extern E:\3.46\pic18-lt\cxx-framework\src\traditional\proc\p18f46j50.asm
                   RCREG1   0x000faf       data     extern E:\3.46\pic18-lt\cxx-framework\src\traditional\proc\p18f46j50.asm
                    RCREG   0x000faf       data     extern E:\3.46\pic18-lt\cxx-framework\src\traditional\proc\p18f46j50.asm
                   SPBRG1   0x000fb0       data     extern E:\3.46\pic18-lt\cxx-framework\src\traditional\proc\p18f46j50.asm
                    SPBRG   0x000fb0       data     extern E:\3.46\pic18-lt\cxx-framework\src\traditional\proc\p18f46j50.asm
             CTMUICONbits   0x000fb1       data     extern E:\3.46\pic18-lt\cxx-framework\src\traditional\proc\p18f46j50.asm
                 CTMUICON   0x000fb1       data     extern E:\3.46\pic18-lt\cxx-framework\src\traditional\proc\p18f46j50.asm
             CTMUCONLbits   0x000fb2       data     extern E:\3.46\pic18-lt\cxx-framework\src\traditional\proc\p18f46j50.asm
                 CTMUCONL   0x000fb2       data     extern E:\3.46\pic18-lt\cxx-framework\src\traditional\proc\p18f46j50.asm
             CTMUCONHbits   0x000fb3       data     extern E:\3.46\pic18-lt\cxx-framework\src\traditional\proc\p18f46j50.asm
                 CTMUCONH   0x000fb3       data     extern E:\3.46\pic18-lt\cxx-framework\src\traditional\proc\p18f46j50.asm
                  CCP2CON   0x000fb4       data     extern E:\3.46\pic18-lt\cxx-framework\src\traditional\proc\p18f46j50.asm
              CCP2CONbits   0x000fb4       data     extern E:\3.46\pic18-lt\cxx-framework\src\traditional\proc\p18f46j50.asm
                 ECCP2CON   0x000fb4       data     extern E:\3.46\pic18-lt\cxx-framework\src\traditional\proc\p18f46j50.asm
             ECCP2CONbits   0x000fb4       data     extern E:\3.46\pic18-lt\cxx-framework\src\traditional\proc\p18f46j50.asm
                    CCPR2   0x000fb5       data     extern E:\3.46\pic18-lt\cxx-framework\src\traditional\proc\p18f46j50.asm
                   CCPR2L   0x000fb5       data     extern E:\3.46\pic18-lt\cxx-framework\src\traditional\proc\p18f46j50.asm
                   CCPR2H   0x000fb6       data     extern E:\3.46\pic18-lt\cxx-framework\src\traditional\proc\p18f46j50.asm
                  PWM2CON   0x000fb7       data     extern E:\3.46\pic18-lt\cxx-framework\src\traditional\proc\p18f46j50.asm
              PWM2CONbits   0x000fb7       data     extern E:\3.46\pic18-lt\cxx-framework\src\traditional\proc\p18f46j50.asm
                 ECCP2DEL   0x000fb7       data     extern E:\3.46\pic18-lt\cxx-framework\src\traditional\proc\p18f46j50.asm
             ECCP2DELbits   0x000fb7       data     extern E:\3.46\pic18-lt\cxx-framework\src\traditional\proc\p18f46j50.asm
              ECCP2ASbits   0x000fb8       data     extern E:\3.46\pic18-lt\cxx-framework\src\traditional\proc\p18f46j50.asm
                  ECCP2AS   0x000fb8       data     extern E:\3.46\pic18-lt\cxx-framework\src\traditional\proc\p18f46j50.asm
             PSTR2CONbits   0x000fb9       data     extern E:\3.46\pic18-lt\cxx-framework\src\traditional\proc\p18f46j50.asm
                 PSTR2CON   0x000fb9       data     extern E:\3.46\pic18-lt\cxx-framework\src\traditional\proc\p18f46j50.asm
                  CCP1CON   0x000fba       data     extern E:\3.46\pic18-lt\cxx-framework\src\traditional\proc\p18f46j50.asm
              CCP1CONbits   0x000fba       data     extern E:\3.46\pic18-lt\cxx-framework\src\traditional\proc\p18f46j50.asm
                 ECCP1CON   0x000fba       data     extern E:\3.46\pic18-lt\cxx-framework\src\traditional\proc\p18f46j50.asm
             ECCP1CONbits   0x000fba       data     extern E:\3.46\pic18-lt\cxx-framework\src\traditional\proc\p18f46j50.asm
                    CCPR1   0x000fbb       data     extern E:\3.46\pic18-lt\cxx-framework\src\traditional\proc\p18f46j50.asm
                   CCPR1L   0x000fbb       data     extern E:\3.46\pic18-lt\cxx-framework\src\traditional\proc\p18f46j50.asm
                   CCPR1H   0x000fbc       data     extern E:\3.46\pic18-lt\cxx-framework\src\traditional\proc\p18f46j50.asm
                 ECCP1DEL   0x000fbd       data     extern E:\3.46\pic18-lt\cxx-framework\src\traditional\proc\p18f46j50.asm
             ECCP1DELbits   0x000fbd       data     extern E:\3.46\pic18-lt\cxx-framework\src\traditional\proc\p18f46j50.asm
                  PWM1CON   0x000fbd       data     extern E:\3.46\pic18-lt\cxx-framework\src\traditional\proc\p18f46j50.asm
              PWM1CONbits   0x000fbd       data     extern E:\3.46\pic18-lt\cxx-framework\src\traditional\proc\p18f46j50.asm
              ECCP1ASbits   0x000fbe       data     extern E:\3.46\pic18-lt\cxx-framework\src\traditional\proc\p18f46j50.asm
                  ECCP1AS   0x000fbe       data     extern E:\3.46\pic18-lt\cxx-framework\src\traditional\proc\p18f46j50.asm
             PSTR1CONbits   0x000fbf       data     extern E:\3.46\pic18-lt\cxx-framework\src\traditional\proc\p18f46j50.asm
                 PSTR1CON   0x000fbf       data     extern E:\3.46\pic18-lt\cxx-framework\src\traditional\proc\p18f46j50.asm
               WDTCONbits   0x000fc0       data     extern E:\3.46\pic18-lt\cxx-framework\src\traditional\proc\p18f46j50.asm
                   WDTCON   0x000fc0       data     extern E:\3.46\pic18-lt\cxx-framework\src\traditional\proc\p18f46j50.asm
               ADCON1bits   0x000fc1       data     extern E:\3.46\pic18-lt\cxx-framework\src\traditional\proc\p18f46j50.asm
                   ADCON1   0x000fc1       data     extern E:\3.46\pic18-lt\cxx-framework\src\traditional\proc\p18f46j50.asm
                   ADCON0   0x000fc2       data     extern E:\3.46\pic18-lt\cxx-framework\src\traditional\proc\p18f46j50.asm
               ADCON0bits   0x000fc2       data     extern E:\3.46\pic18-lt\cxx-framework\src\traditional\proc\p18f46j50.asm
                    ADRES   0x000fc3       data     extern E:\3.46\pic18-lt\cxx-framework\src\traditional\proc\p18f46j50.asm
                   ADRESL   0x000fc3       data     extern E:\3.46\pic18-lt\cxx-framework\src\traditional\proc\p18f46j50.asm
                   ADRESH   0x000fc4       data     extern E:\3.46\pic18-lt\cxx-framework\src\traditional\proc\p18f46j50.asm
              SSPCON2bits   0x000fc5       data     extern E:\3.46\pic18-lt\cxx-framework\src\traditional\proc\p18f46j50.asm
                  SSPCON2   0x000fc5       data     extern E:\3.46\pic18-lt\cxx-framework\src\traditional\proc\p18f46j50.asm
             SSP1CON2bits   0x000fc5       data     extern E:\3.46\pic18-lt\cxx-framework\src\traditional\proc\p18f46j50.asm
                 SSP1CON2   0x000fc5       data     extern E:\3.46\pic18-lt\cxx-framework\src\traditional\proc\p18f46j50.asm
             SSP1CON1bits   0x000fc6       data     extern E:\3.46\pic18-lt\cxx-framework\src\traditional\proc\p18f46j50.asm
                 SSP1CON1   0x000fc6       data     extern E:\3.46\pic18-lt\cxx-framework\src\traditional\proc\p18f46j50.asm
                  SSPCON1   0x000fc6       data     extern E:\3.46\pic18-lt\cxx-framework\src\traditional\proc\p18f46j50.asm
              SSPCON1bits   0x000fc6       data     extern E:\3.46\pic18-lt\cxx-framework\src\traditional\proc\p18f46j50.asm
                 SSP1STAT   0x000fc7       data     extern E:\3.46\pic18-lt\cxx-framework\src\traditional\proc\p18f46j50.asm
             SSP1STATbits   0x000fc7       data     extern E:\3.46\pic18-lt\cxx-framework\src\traditional\proc\p18f46j50.asm
                  SSPSTAT   0x000fc7       data     extern E:\3.46\pic18-lt\cxx-framework\src\traditional\proc\p18f46j50.asm
              SSPSTATbits   0x000fc7       data     extern E:\3.46\pic18-lt\cxx-framework\src\traditional\proc\p18f46j50.asm
                   SSPADD   0x000fc8       data     extern E:\3.46\pic18-lt\cxx-framework\src\traditional\proc\p18f46j50.asm
               SSPADDbits   0x000fc8       data     extern E:\3.46\pic18-lt\cxx-framework\src\traditional\proc\p18f46j50.asm
              SSP1ADDbits   0x000fc8       data     extern E:\3.46\pic18-lt\cxx-framework\src\traditional\proc\p18f46j50.asm
                  SSP1ADD   0x000fc8       data     extern E:\3.46\pic18-lt\cxx-framework\src\traditional\proc\p18f46j50.asm
                  SSP1BUF   0x000fc9       data     extern E:\3.46\pic18-lt\cxx-framework\src\traditional\proc\p18f46j50.asm
                   SSPBUF   0x000fc9       data     extern E:\3.46\pic18-lt\cxx-framework\src\traditional\proc\p18f46j50.asm
                    T2CON   0x000fca       data     extern E:\3.46\pic18-lt\cxx-framework\src\traditional\proc\p18f46j50.asm
                T2CONbits   0x000fca       data     extern E:\3.46\pic18-lt\cxx-framework\src\traditional\proc\p18f46j50.asm
                      PR2   0x000fcb       data     extern E:\3.46\pic18-lt\cxx-framework\src\traditional\proc\p18f46j50.asm
                     TMR2   0x000fcc       data     extern E:\3.46\pic18-lt\cxx-framework\src\traditional\proc\p18f46j50.asm
                    T1CON   0x000fcd       data     extern E:\3.46\pic18-lt\cxx-framework\src\traditional\proc\p18f46j50.asm
                T1CONbits   0x000fcd       data     extern E:\3.46\pic18-lt\cxx-framework\src\traditional\proc\p18f46j50.asm
                    TMR1L   0x000fce       data     extern E:\3.46\pic18-lt\cxx-framework\src\traditional\proc\p18f46j50.asm
                    TMR1H   0x000fcf       data     extern E:\3.46\pic18-lt\cxx-framework\src\traditional\proc\p18f46j50.asm
                 RCONbits   0x000fd0       data     extern E:\3.46\pic18-lt\cxx-framework\src\traditional\proc\p18f46j50.asm
                     RCON   0x000fd0       data     extern E:\3.46\pic18-lt\cxx-framework\src\traditional\proc\p18f46j50.asm
                  CM2CON1   0x000fd1       data     extern E:\3.46\pic18-lt\cxx-framework\src\traditional\proc\p18f46j50.asm
                   CM2CON   0x000fd1       data     extern E:\3.46\pic18-lt\cxx-framework\src\traditional\proc\p18f46j50.asm
               CM2CONbits   0x000fd1       data     extern E:\3.46\pic18-lt\cxx-framework\src\traditional\proc\p18f46j50.asm
              CM2CON1bits   0x000fd1       data     extern E:\3.46\pic18-lt\cxx-framework\src\traditional\proc\p18f46j50.asm
                   CM1CON   0x000fd2       data     extern E:\3.46\pic18-lt\cxx-framework\src\traditional\proc\p18f46j50.asm
                  CM1CON1   0x000fd2       data     extern E:\3.46\pic18-lt\cxx-framework\src\traditional\proc\p18f46j50.asm
              CM1CON1bits   0x000fd2       data     extern E:\3.46\pic18-lt\cxx-framework\src\traditional\proc\p18f46j50.asm
               CM1CONbits   0x000fd2       data     extern E:\3.46\pic18-lt\cxx-framework\src\traditional\proc\p18f46j50.asm
                   OSCCON   0x000fd3       data     extern E:\3.46\pic18-lt\cxx-framework\src\traditional\proc\p18f46j50.asm
               OSCCONbits   0x000fd3       data     extern E:\3.46\pic18-lt\cxx-framework\src\traditional\proc\p18f46j50.asm
                T0CONbits   0x000fd5       data     extern E:\3.46\pic18-lt\cxx-framework\src\traditional\proc\p18f46j50.asm
                    T0CON   0x000fd5       data     extern E:\3.46\pic18-lt\cxx-framework\src\traditional\proc\p18f46j50.asm
                    TMR0L   0x000fd6       data     extern E:\3.46\pic18-lt\cxx-framework\src\traditional\proc\p18f46j50.asm
                    TMR0H   0x000fd7       data     extern E:\3.46\pic18-lt\cxx-framework\src\traditional\proc\p18f46j50.asm
               STATUSbits   0x000fd8       data     extern E:\3.46\pic18-lt\cxx-framework\src\traditional\proc\p18f46j50.asm
                   STATUS   0x000fd8       data     extern E:\3.46\pic18-lt\cxx-framework\src\traditional\proc\p18f46j50.asm
                     FSR2   0x000fd9       data     extern E:\3.46\pic18-lt\cxx-framework\src\traditional\proc\p18f46j50.asm
                    FSR2L   0x000fd9       data     extern E:\3.46\pic18-lt\cxx-framework\src\traditional\proc\p18f46j50.asm
                    FSR2H   0x000fda       data     extern E:\3.46\pic18-lt\cxx-framework\src\traditional\proc\p18f46j50.asm
                   PLUSW2   0x000fdb       data     extern E:\3.46\pic18-lt\cxx-framework\src\traditional\proc\p18f46j50.asm
                  PREINC2   0x000fdc       data     extern E:\3.46\pic18-lt\cxx-framework\src\traditional\proc\p18f46j50.asm
                 POSTDEC2   0x000fdd       data     extern E:\3.46\pic18-lt\cxx-framework\src\traditional\proc\p18f46j50.asm
                 POSTINC2   0x000fde       data     extern E:\3.46\pic18-lt\cxx-framework\src\traditional\proc\p18f46j50.asm
                    INDF2   0x000fdf       data     extern E:\3.46\pic18-lt\cxx-framework\src\traditional\proc\p18f46j50.asm
                      BSR   0x000fe0       data     extern E:\3.46\pic18-lt\cxx-framework\src\traditional\proc\p18f46j50.asm
                    FSR1L   0x000fe1       data     extern E:\3.46\pic18-lt\cxx-framework\src\traditional\proc\p18f46j50.asm
                     FSR1   0x000fe1       data     extern E:\3.46\pic18-lt\cxx-framework\src\traditional\proc\p18f46j50.asm
                    FSR1H   0x000fe2       data     extern E:\3.46\pic18-lt\cxx-framework\src\traditional\proc\p18f46j50.asm
                   PLUSW1   0x000fe3       data     extern E:\3.46\pic18-lt\cxx-framework\src\traditional\proc\p18f46j50.asm
                  PREINC1   0x000fe4       data     extern E:\3.46\pic18-lt\cxx-framework\src\traditional\proc\p18f46j50.asm
                 POSTDEC1   0x000fe5       data     extern E:\3.46\pic18-lt\cxx-framework\src\traditional\proc\p18f46j50.asm
                 POSTINC1   0x000fe6       data     extern E:\3.46\pic18-lt\cxx-framework\src\traditional\proc\p18f46j50.asm
                    INDF1   0x000fe7       data     extern E:\3.46\pic18-lt\cxx-framework\src\traditional\proc\p18f46j50.asm
                     WREG   0x000fe8       data     extern E:\3.46\pic18-lt\cxx-framework\src\traditional\proc\p18f46j50.asm
                     FSR0   0x000fe9       data     extern E:\3.46\pic18-lt\cxx-framework\src\traditional\proc\p18f46j50.asm
                    FSR0L   0x000fe9       data     extern E:\3.46\pic18-lt\cxx-framework\src\traditional\proc\p18f46j50.asm
                    FSR0H   0x000fea       data     extern E:\3.46\pic18-lt\cxx-framework\src\traditional\proc\p18f46j50.asm
                   PLUSW0   0x000feb       data     extern E:\3.46\pic18-lt\cxx-framework\src\traditional\proc\p18f46j50.asm
                  PREINC0   0x000fec       data     extern E:\3.46\pic18-lt\cxx-framework\src\traditional\proc\p18f46j50.asm
                 POSTDEC0   0x000fed       data     extern E:\3.46\pic18-lt\cxx-framework\src\traditional\proc\p18f46j50.asm
                 POSTINC0   0x000fee       data     extern E:\3.46\pic18-lt\cxx-framework\src\traditional\proc\p18f46j50.asm
                    INDF0   0x000fef       data     extern E:\3.46\pic18-lt\cxx-framework\src\traditional\proc\p18f46j50.asm
              INTCON3bits   0x000ff0       data     extern E:\3.46\pic18-lt\cxx-framework\src\traditional\proc\p18f46j50.asm
                  INTCON3   0x000ff0       data     extern E:\3.46\pic18-lt\cxx-framework\src\traditional\proc\p18f46j50.asm
              INTCON2bits   0x000ff1       data     extern E:\3.46\pic18-lt\cxx-framework\src\traditional\proc\p18f46j50.asm
                  INTCON2   0x000ff1       data     extern E:\3.46\pic18-lt\cxx-framework\src\traditional\proc\p18f46j50.asm
                   INTCON   0x000ff2       data     extern E:\3.46\pic18-lt\cxx-framework\src\traditional\proc\p18f46j50.asm
               INTCONbits   0x000ff2       data     extern E:\3.46\pic18-lt\cxx-framework\src\traditional\proc\p18f46j50.asm
                     PROD   0x000ff3       data     extern E:\3.46\pic18-lt\cxx-framework\src\traditional\proc\p18f46j50.asm
                    PRODL   0x000ff3       data     extern E:\3.46\pic18-lt\cxx-framework\src\traditional\proc\p18f46j50.asm
                    PRODH   0x000ff4       data     extern E:\3.46\pic18-lt\cxx-framework\src\traditional\proc\p18f46j50.asm
                   TABLAT   0x000ff5       data     extern E:\3.46\pic18-lt\cxx-framework\src\traditional\proc\p18f46j50.asm
                  TBLPTRL   0x000ff6       data     extern E:\3.46\pic18-lt\cxx-framework\src\traditional\proc\p18f46j50.asm
                   TBLPTR   0x000ff6       data     extern E:\3.46\pic18-lt\cxx-framework\src\traditional\proc\p18f46j50.asm
                  TBLPTRH   0x000ff7       data     extern E:\3.46\pic18-lt\cxx-framework\src\traditional\proc\p18f46j50.asm
                  TBLPTRU   0x000ff8       data     extern E:\3.46\pic18-lt\cxx-framework\src\traditional\proc\p18f46j50.asm
                      PCL   0x000ff9       data     extern E:\3.46\pic18-lt\cxx-framework\src\traditional\proc\p18f46j50.asm
                       PC   0x000ff9       data     extern E:\3.46\pic18-lt\cxx-framework\src\traditional\proc\p18f46j50.asm
                   PCLATH   0x000ffa       data     extern E:\3.46\pic18-lt\cxx-framework\src\traditional\proc\p18f46j50.asm
                   PCLATU   0x000ffb       data     extern E:\3.46\pic18-lt\cxx-framework\src\traditional\proc\p18f46j50.asm
               STKPTRbits   0x000ffc       data     extern E:\3.46\pic18-lt\cxx-framework\src\traditional\proc\p18f46j50.asm
                   STKPTR   0x000ffc       data     extern E:\3.46\pic18-lt\cxx-framework\src\traditional\proc\p18f46j50.asm
                      TOS   0x000ffd       data     extern E:\3.46\pic18-lt\cxx-framework\src\traditional\proc\p18f46j50.asm
                     TOSL   0x000ffd       data     extern E:\3.46\pic18-lt\cxx-framework\src\traditional\proc\p18f46j50.asm
                     TOSH   0x000ffe       data     extern E:\3.46\pic18-lt\cxx-framework\src\traditional\proc\p18f46j50.asm
                     TOSU   0x000fff       data     extern E:\3.46\pic18-lt\cxx-framework\src\traditional\proc\p18f46j50.asm


