MPLINK 5.00, LINKER
Linker Map File - Created Wed Oct 04 22:08:36 2023

                                 Section Info
                  Section       Type    Address   Location Size(Bytes)
                ---------  ---------  ---------  ---------  ---------
    REMAPPED_RESET_VECTOR       code   0x001000    program   0x000006
REMAPPED_HIGH_INTERRUPT_VECTOR       code   0x001008    program   0x000006
REMAPPED_LOW_INTERRUPT_VECTOR       code   0x001018    program   0x000006
                   .cinit    romdata   0x00102a    program   0x000026
              .code_ebb.o       code   0x001050    program   0x003302
              .code_UBW.o       code   0x004352    program   0x002b1e
       .code_usb_device.o       code   0x006e70    program   0x000d3e
             .stringtable    romdata   0x007bae    program   0x00049c
         .code_RCServo2.o       code   0x00804a    program   0x0003ea
 .code_usb_function_cdc.o       code   0x008434    program   0x0003c6
        .code_ebb_print.o       code   0x0087fa    program   0x000230
  .code_WriteBytesFlash.o       code   0x008a2a    program   0x0001de
             .code_main.o       code   0x008c08    program   0x00014e
       .code_EraseFlash.o       code   0x008d56    program   0x0000f8
           .romdata_UBW.o    romdata   0x008e4e    program   0x0000ac
               _cinit_scn       code   0x008efa    program   0x00009e
        .code_ReadFlash.o       code   0x008f98    program   0x000092
           .code_u1open.o       code   0x00902a    program   0x000072
          .code_fxm3232.o       code   0x00909c    program   0x000070
                     PROG       code   0x00910c    program   0x000068
.romdata_usb_descriptors.o    romdata   0x009174    program   0x000057
        .romdata___init.o    romdata   0x0091cb    program   0x000000
        .idata___init.o_i    romdata   0x0091cb    program   0x000000
      .romdata_fxd3232u.o    romdata   0x0091cb    program   0x000000
       .idata_fxm3232.o_i    romdata   0x0091cb    program   0x000000
       .romdata_fxm3232.o    romdata   0x0091cb    program   0x000000
.romdata_WriteBytesFlash.o    romdata   0x0091cb    program   0x000000
.idata_WriteBytesFlash.o_i    romdata   0x0091cb    program   0x000000
        .idata_u1open.o_i    romdata   0x0091cb    program   0x000000
        .romdata_u1open.o    romdata   0x0091cb    program   0x000000
        .romdata_u1defs.o    romdata   0x0091cb    program   0x000000
        .idata_u1defs.o_i    romdata   0x0091cb    program   0x000000
       .romdata_u1write.o    romdata   0x0091cb    program   0x000000
     .idata_ReadFlash.o_i    romdata   0x0091cb    program   0x000000
       .idata_u1write.o_i    romdata   0x0091cb    program   0x000000
     .romdata_ReadFlash.o    romdata   0x0091cb    program   0x000000
       .idata_pow2x16.o_i    romdata   0x0091cb    program   0x000000
       .romdata_pow2x16.o    romdata   0x0091cb    program   0x000000
         .idata_c018i.o_i    romdata   0x0091cb    program   0x000000
         .romdata_c018i.o    romdata   0x0091cb    program   0x000000
    .idata_usb_device.o_i    romdata   0x0091cb    program   0x000000
    .romdata_usb_device.o    romdata   0x0091cb    program   0x000000
.idata_usb_function_cdc.o_i    romdata   0x0091cb    program   0x000000
.romdata_usb_function_cdc.o    romdata   0x0091cb    program   0x000000
           .romdata_ebb.o    romdata   0x0091cb    program   0x000000
          .idata_main.o_i    romdata   0x0091cb    program   0x000000
          .romdata_main.o    romdata   0x0091cb    program   0x000000
      .idata_RCServo2.o_i    romdata   0x0091cb    program   0x000000
      .idata_fxd3232u.o_i    romdata   0x0091cb    program   0x000000
    .romdata_EraseFlash.o    romdata   0x0091cb    program   0x000000
    .idata_EraseFlash.o_i    romdata   0x0091cb    program   0x000000
     .romdata_ebb_print.o    romdata   0x0091cb    program   0x000000
     .idata_ebb_print.o_i    romdata   0x0091cb    program   0x000000
      .romdata_RCServo2.o    romdata   0x0091cb    program   0x000000
           .code_u1defs.o       code   0x0091cc    program   0x000000
  .code_usb_descriptors.o       code   0x0091cc    program   0x000000
         .code_fxd3232u.o       code   0x0091cc    program   0x000048
            .code_c018i.o       code   0x0091cc    program   0x000000
                   STRING       code   0x009214    program   0x000034
          .code_u1write.o       code   0x009248    program   0x00002e
                    CTYPE       code   0x009276    program   0x000028
                    .code       code   0x00929e    program   0x000020
             _startup_scn       code   0x0092be    program   0x00001c
          .code_pow2x16.o       code   0x0092da    program   0x000016
           .code___init.o       code   0x0092f0    program   0x000002
.idata_usb_descriptors.o_i    romdata   0x0092f2    program   0x00007e
           .idata_ebb.o_i    romdata   0x009370    program   0x000002
           .idata_UBW.o_i    romdata   0x009372    program   0x00004b
               ISR_access      udata   0x000000       data   0x000023
                MATH_DATA      udata   0x000023       data   0x000010
                 .tmpdata      udata   0x000033       data   0x000008
              low_ISR_tmp      udata   0x00003b       data   0x000004
             high_ISR_tmp      udata   0x00003f       data   0x000004
         RC2Servo_globals      udata   0x000060       data   0x00002b
             .udata_UBW.o      udata   0x00008b       data   0x00006f
      .idata_EraseFlash.o      idata   0x0000fa       data   0x000000
      .udata_EraseFlash.o      udata   0x0000fa       data   0x000000
       .idata_ReadFlash.o      idata   0x0000fa       data   0x000000
         .udata_u1write.o      udata   0x0000fa       data   0x000000
 .udata_usb_descriptors.o      udata   0x0000fa       data   0x000000
         .idata_u1write.o      idata   0x0000fa       data   0x000000
       .idata_ebb_print.o      idata   0x0000fa       data   0x000000
          .idata_u1defs.o      idata   0x0000fa       data   0x000000
         .idata_pow2x16.o      idata   0x0000fa       data   0x000000
         .udata_pow2x16.o      udata   0x0000fa       data   0x000000
          .idata___init.o      idata   0x0000fa       data   0x000000
          .udata___init.o      udata   0x0000fa       data   0x000000
 .idata_WriteBytesFlash.o      idata   0x0000fa       data   0x000000
 .udata_WriteBytesFlash.o      udata   0x0000fa       data   0x000000
        .idata_RCServo2.o      idata   0x0000fa       data   0x000000
        .udata_RCServo2.o      udata   0x0000fa       data   0x000000
            .idata_main.o      idata   0x0000fa       data   0x000000
        .udata_fxd3232u.o      udata   0x0000fa       data   0x000000
           .idata_c018i.o      idata   0x0000fa       data   0x000000
        .idata_fxd3232u.o      idata   0x0000fa       data   0x000000
         .udata_fxm3232.o      udata   0x0000fa       data   0x000000
         .idata_fxm3232.o      idata   0x0000fa       data   0x000000
.idata_usb_function_cdc.o      idata   0x0000fa       data   0x000000
          .udata_u1open.o      udata   0x0000fa       data   0x000000
          .idata_u1open.o      idata   0x0000fa       data   0x000000
      .idata_usb_device.o      idata   0x0000fa       data   0x000000
       .udata_ReadFlash.o      udata   0x0000fa       data   0x000000
                  ISR_buf      udata   0x000100       data   0x000071
       .udata_ebb_print.o      udata   0x000171       data   0x00000e
              ISR_globals      udata   0x000180       data   0x000043
      .udata_usb_device.o      udata   0x0001c3       data   0x000034
               com_tx_buf      udata   0x000200       data   0x000080
 .idata_usb_descriptors.o      idata   0x000280       data   0x00007e
            .udata_main.o      udata   0x0002fe       data   0x000002
               com_rx_buf      udata   0x000300       data   0x000100
                  USB_BDT      udata   0x000400       data   0x000078
.udata_usb_function_cdc.o      udata   0x000500       data   0x0000a8
             .idata_UBW.o      idata   0x0005a8       data   0x00004b
           .udata_c018i.o      udata   0x0005f3       data   0x00000a
             .idata_ebb.o      idata   0x0005fd       data   0x000002
          .udata_u1defs.o      udata   0x0005ff       data   0x000001
                 FIFO_scn      udata   0x000600       data   0x000524
             .udata_ebb.o      udata   0x000b24       data   0x00008d
                   .stack      udata   0x000d00       data   0x0001c0
              SFR_BANKED0      udata   0x000ec6       data   0x00000e
              SFR_BANKED1      udata   0x000ed7       data   0x000008
              SFR_BANKED2      udata   0x000ee7       data   0x000004
              SFR_BANKED3      udata   0x000eec       data   0x000003
              SFR_BANKED4      udata   0x000ef2       data   0x000002
              SFR_BANKED5      udata   0x000ef6       data   0x000002
              SFR_BANKED6      udata   0x000efb       data   0x000005
              SFR_BANKED7      udata   0x000f26       data   0x000014
              SFR_BANKED8      udata   0x000f3c       data   0x000007
              SFR_BANKED9      udata   0x000f48       data   0x000008
             SFR_BANKED10      udata   0x000f52       data   0x00000e
            SFR_UNBANKED0      udata   0x000f60       data   0x0000a0



                              Program Memory Usage 
                               Start         End      
                           ---------   ---------      
                            0x001000    0x001005      
                            0x001008    0x00100d      
                            0x001018    0x00101d      
                            0x00102a    0x0091ca      
                            0x0091cc    0x0093bc      
            33700 out of 63498 program addresses used, program memory utilization is 53%



                              Symbols - Sorted by Name
                     Name    Address   Location    Storage File                     
                ---------  ---------  ---------  --------- ---------                
          AnalogConfigure   0x005a4c    program     extern C:\Projects\EggBot_GH\EBB_firmware\app.X\source\UBW.c
           BlinkUSBStatus   0x006796    program     extern C:\Projects\EggBot_GH\EBB_firmware\app.X\source\UBW.c
                CDCInitEP   0x0084d0    program     extern C:\Projects\EggBot_GH\EBB_firmware\Microchip\USB\CDC Device Driver\usb_function_cdc.c
             CDCTxService   0x008666    program     extern C:\Projects\EggBot_GH\EBB_firmware\Microchip\USB\CDC Device Driver\usb_function_cdc.c
                   D3232S   0x00913c    program     static E:\3.46\pic18-lt\cxx-framework\src\traditional\math\fxd3232s.asm
                D3232SNEG   0x00914a    program     static E:\3.46\pic18-lt\cxx-framework\src\traditional\math\fxd3232s.asm
                 D3232SOK   0x009146    program     static E:\3.46\pic18-lt\cxx-framework\src\traditional\math\fxd3232s.asm
                  D3232SX   0x00916a    program     static E:\3.46\pic18-lt\cxx-framework\src\traditional\math\fxd3232s.asm
                  DA3232S   0x009126    program     static E:\3.46\pic18-lt\cxx-framework\src\traditional\math\fxd3232s.asm
                 EBB_Init   0x001b68    program     extern C:\Projects\EggBot_GH\EBB_firmware\app.X\source\ebb.c
               EraseFlash   0x008d56    program     extern E:\3.46\pic18-lt\cxx-framework\src\pmc_common\Flash\EraseFlash.c
                 FXD3232S   0x00910c    program     extern E:\3.46\pic18-lt\cxx-framework\src\traditional\math\fxd3232s.asm
                 FXD3232U   0x0091cc    program     extern E:\3.46\pic18-lt\cxx-framework\src\traditional\math\fxd3232u.c
                  FXM3232   0x00909c    program     extern E:\3.46\pic18-lt\cxx-framework\src\traditional\math\fxm3232.c
         InitializeSystem   0x008c18    program     static C:\Projects\EggBot_GH\EBB_firmware\app.X\source\main.c
                LongDelay   0x00608a    program     extern C:\Projects\EggBot_GH\EBB_firmware\app.X\source\UBW.c
               Open1USART   0x00902a    program     extern E:\3.46\pic18-lt\cxx-framework\src\pmc_common\USART\u1open.c
                ProcessIO   0x0049f0    program     extern C:\Projects\EggBot_GH\EBB_firmware\app.X\source\UBW.c
            RCServo2_Init   0x00804a    program     extern C:\Projects\EggBot_GH\EBB_firmware\app.X\source\RCServo2.c
            RCServo2_Move   0x0081e4    program     extern C:\Projects\EggBot_GH\EBB_firmware\app.X\source\RCServo2.c
      RCServo2_S2_command   0x00813a    program     extern C:\Projects\EggBot_GH\EBB_firmware\app.X\source\RCServo2.c
RCServo2_get_channel_from_RPn   0x0080fc    program     extern C:\Projects\EggBot_GH\EBB_firmware\app.X\source\RCServo2.c
                   RPnBit   0x008ee1    program     extern C:\Projects\EggBot_GH\EBB_firmware\app.X\source\UBW.c
               RPnLATPort   0x008eaf    program     extern C:\Projects\EggBot_GH\EBB_firmware\app.X\source\UBW.c
              RPnTRISPort   0x008e7d    program     extern C:\Projects\EggBot_GH\EBB_firmware\app.X\source\UBW.c
                ReadFlash   0x008f98    program     extern E:\3.46\pic18-lt\cxx-framework\src\pmc_common\Flash\ReadFlash.c
        Remapped_High_ISR   0x001008    program     extern C:\Projects\EggBot_GH\EBB_firmware\app.X\source\main.c
         Remapped_Low_ISR   0x001018    program     extern C:\Projects\EggBot_GH\EBB_firmware\app.X\source\main.c
         SetPinLATFromRPn   0x006872    program     extern C:\Projects\EggBot_GH\EBB_firmware\app.X\source\UBW.c
        SetPinTRISFromRPn   0x0068ce    program     extern C:\Projects\EggBot_GH\EBB_firmware\app.X\source\UBW.c
       USBCBCheckOtherReq   0x008c74    program     extern C:\Projects\EggBot_GH\EBB_firmware\app.X\source\main.c
        USBCBErrorHandler   0x008c72    program     extern C:\Projects\EggBot_GH\EBB_firmware\app.X\source\main.c
              USBCBInitEP   0x008c7a    program     extern C:\Projects\EggBot_GH\EBB_firmware\app.X\source\main.c
          USBCBSendResume   0x008c7e    program     extern C:\Projects\EggBot_GH\EBB_firmware\app.X\source\main.c
    USBCBStdSetDscHandler   0x008c78    program     extern C:\Projects\EggBot_GH\EBB_firmware\app.X\source\main.c
             USBCBSuspend   0x008c6c    program     extern C:\Projects\EggBot_GH\EBB_firmware\app.X\source\main.c
     USBCBWakeFromSuspend   0x008c6e    program     extern C:\Projects\EggBot_GH\EBB_firmware\app.X\source\main.c
        USBCB_SOF_Handler   0x008c70    program     extern C:\Projects\EggBot_GH\EBB_firmware\app.X\source\main.c
       USBCDCEventHandler   0x008512    program     extern C:\Projects\EggBot_GH\EBB_firmware\Microchip\USB\CDC Device Driver\usb_function_cdc.c
              USBCancelIO   0x00719c    program     extern C:\Projects\EggBot_GH\EBB_firmware\Microchip\USB\usb_device.c
       USBCheckCDCRequest   0x008434    program     extern C:\Projects\EggBot_GH\EBB_firmware\Microchip\USB\CDC Device Driver\usb_function_cdc.c
       USBCheckStdRequest   0x00779c    program     static C:\Projects\EggBot_GH\EBB_firmware\Microchip\USB\usb_device.c
     USBConfigureEndpoint   0x00725c    program     static C:\Projects\EggBot_GH\EBB_firmware\Microchip\USB\usb_device.c
  USBCtrlEPAllowDataStage   0x00721e    program     extern C:\Projects\EggBot_GH\EBB_firmware\Microchip\USB\usb_device.c
USBCtrlEPAllowStatusStage   0x0071d2    program     extern C:\Projects\EggBot_GH\EBB_firmware\Microchip\USB\usb_device.c
         USBCtrlEPService   0x007640    program     static C:\Projects\EggBot_GH\EBB_firmware\Microchip\USB\usb_device.c
 USBCtrlEPServiceComplete   0x0072b8    program     static C:\Projects\EggBot_GH\EBB_firmware\Microchip\USB\usb_device.c
      USBCtrlTrfInHandler   0x007722    program     static C:\Projects\EggBot_GH\EBB_firmware\Microchip\USB\usb_device.c
     USBCtrlTrfOutHandler   0x007704    program     static C:\Projects\EggBot_GH\EBB_firmware\Microchip\USB\usb_device.c
      USBCtrlTrfRxService   0x007392    program     static C:\Projects\EggBot_GH\EBB_firmware\Microchip\USB\usb_device.c
   USBCtrlTrfSetupHandler   0x0076ce    program     static C:\Projects\EggBot_GH\EBB_firmware\Microchip\USB\usb_device.c
      USBCtrlTrfTxService   0x007312    program     static C:\Projects\EggBot_GH\EBB_firmware\Microchip\USB\usb_device.c
            USBDeviceInit   0x006e70    program     extern C:\Projects\EggBot_GH\EBB_firmware\Microchip\USB\usb_device.c
           USBDeviceTasks   0x006f3c    program     extern C:\Projects\EggBot_GH\EBB_firmware\Microchip\USB\usb_device.c
        USBEnableEndpoint   0x007096    program     extern C:\Projects\EggBot_GH\EBB_firmware\Microchip\USB\usb_device.c
         USBStallEndpoint   0x00716a    program     extern C:\Projects\EggBot_GH\EBB_firmware\Microchip\USB\usb_device.c
          USBStallHandler   0x0075ee    program     static C:\Projects\EggBot_GH\EBB_firmware\Microchip\USB\usb_device.c
  USBStdFeatureReqHandler   0x007844    program     static C:\Projects\EggBot_GH\EBB_firmware\Microchip\USB\usb_device.c
      USBStdGetDscHandler   0x0074d2    program     static C:\Projects\EggBot_GH\EBB_firmware\Microchip\USB\usb_device.c
   USBStdGetStatusHandler   0x007578    program     static C:\Projects\EggBot_GH\EBB_firmware\Microchip\USB\usb_device.c
      USBStdSetCfgHandler   0x00745a    program     static C:\Projects\EggBot_GH\EBB_firmware\Microchip\USB\usb_device.c
               USBSuspend   0x007610    program     static C:\Projects\EggBot_GH\EBB_firmware\Microchip\USB\usb_device.c
     USBTransferOnePacket   0x0070de    program     extern C:\Projects\EggBot_GH\EBB_firmware\Microchip\USB\usb_device.c
       USBWakeFromSuspend   0x007626    program     static C:\Projects\EggBot_GH\EBB_firmware\Microchip\USB\usb_device.c
               USB_CD_Ptr   0x0091c9    program     extern C:\Projects\EggBot_GH\EBB_firmware\app.X\source\usb_descriptors.c
USER_USB_CALLBACK_EVENT_HANDLER   0x008cc2    program     extern C:\Projects\EggBot_GH\EBB_firmware\app.X\source\main.c
                 UserInit   0x004812    program     extern C:\Projects\EggBot_GH\EBB_firmware\app.X\source\UBW.c
              Write1USART   0x009248    program     extern E:\3.46\pic18-lt\cxx-framework\src\pmc_common\USART\u1write.c
          WriteBytesFlash   0x008a2a    program     extern E:\3.46\pic18-lt\cxx-framework\src\pmc_common\Flash\WriteBytesFlash.c
              _2jContinue   0x009234    program     static E:\3.46\pic18-lt\cxx-framework\src\traditional\stdclib\memset.asm
                   _3jEnd   0x00923e    program     static E:\3.46\pic18-lt\cxx-framework\src\traditional\stdclib\memset.asm
       ___case_0_lbl00269   0x005708    program     static                          
       ___case_1_lbl00270   0x005708    program     static                          
       ___case_2_lbl00268   0x0056f4    program     static                          
       ___case_3_lbl00272   0x00570e    program     static                          
      ___default_lbl00271   0x005708    program     static                          
         ___else_lbl00245   0x0054a0    program     static                          
         ___else_lbl00248   0x0054de    program     static                          
         ___else_lbl00250   0x005520    program     static                          
         ___else_lbl00252   0x005504    program     static                          
         ___else_lbl00257   0x0055a6    program     static                          
         ___else_lbl00259   0x00558a    program     static                          
         ___else_lbl00261   0x0055cc    program     static                          
         ___else_lbl00264   0x00564e    program     static                          
         ___else_lbl00266   0x005680    program     static                          
         ___else_lbl00274   0x0056de    program     static                          
         ___else_lbl00276   0x005764    program     static                          
         ___else_lbl00278   0x005740    program     static                          
         ___else_lbl00280   0x0057ba    program     static                          
         ___else_lbl00282   0x00578a    program     static                          
         ___else_lbl00284   0x005810    program     static                          
         ___else_lbl00286   0x0057e0    program     static                          
         ___else_lbl00288   0x005862    program     static                          
         ___else_lbl00290   0x005834    program     static                          
         ___else_lbl00294   0x0058f0    program     static                          
         ___else_lbl00296   0x0058c2    program     static                          
         ___else_lbl00298   0x0058f6    program     static                          
         ___else_lbl00300   0x0058a6    program     static                          
         ___else_lbl00302   0x005868    program     static                          
         ___else_lbl00304   0x005816    program     static                          
         ___else_lbl00306   0x0057c0    program     static                          
         ___else_lbl00308   0x00576a    program     static                          
         ___else_lbl00310   0x005722    program     static                          
         ___else_lbl00312   0x0056aa    program     static                          
         ___else_lbl00314   0x005686    program     static                          
         ___else_lbl00316   0x005658    program     static                          
         ___else_lbl00318   0x005626    program     static                          
         ___else_lbl00320   0x005600    program     static                          
         ___else_lbl00322   0x0055d4    program     static                          
         ___else_lbl00324   0x0055ac    program     static                          
         ___else_lbl00326   0x00556a    program     static                          
         ___else_lbl00328   0x005526    program     static                          
         ___else_lbl00330   0x0054e4    program     static                          
         ___else_lbl00332   0x0054a6    program     static                          
          ___for_lbl00413   0x001bd0    program     static                          
          ___for_lbl00414   0x001bd4    program     static                          
          ___for_lbl00415   0x001b74    program     static                          
          ___for_lbl00416   0x001cc0    program     static                          
          ___for_lbl00417   0x001cc4    program     static                          
          ___for_lbl00418   0x001cac    program     static                          
          ___for_lbl00452   0x0060ac    program     static                          
          ___for_lbl00453   0x0060b0    program     static                          
          ___for_lbl00456   0x006096    program     static                          
           ___if_lbl00005   0x008b72    program     static                          
           ___if_lbl00006   0x008b94    program     static                          
           ___if_lbl00007   0x008bac    program     static                          
           ___if_lbl00242   0x00546e    program     static                          
           ___if_lbl00244   0x0054a4    program     static                          
           ___if_lbl00247   0x0054e2    program     static                          
           ___if_lbl00249   0x005524    program     static                          
           ___if_lbl00251   0x005524    program     static                          
           ___if_lbl00253   0x005558    program     static                          
           ___if_lbl00256   0x0055aa    program     static                          
           ___if_lbl00258   0x0055aa    program     static                          
           ___if_lbl00260   0x0055d2    program     static                          
           ___if_lbl00262   0x0055fe    program     static                          
           ___if_lbl00263   0x005656    program     static                          
           ___if_lbl00265   0x005684    program     static                          
           ___if_lbl00273   0x00571c    program     static                          
           ___if_lbl00275   0x005768    program     static                          
           ___if_lbl00277   0x005768    program     static                          
           ___if_lbl00279   0x0057be    program     static                          
           ___if_lbl00281   0x0057be    program     static                          
           ___if_lbl00283   0x005814    program     static                          
           ___if_lbl00285   0x005814    program     static                          
           ___if_lbl00287   0x005866    program     static                          
           ___if_lbl00289   0x005866    program     static                          
           ___if_lbl00293   0x0058f4    program     static                          
           ___if_lbl00295   0x0058f4    program     static                          
           ___if_lbl00297   0x0058fa    program     static                          
           ___if_lbl00299   0x0058fa    program     static                          
           ___if_lbl00301   0x0058fa    program     static                          
           ___if_lbl00303   0x0058fa    program     static                          
           ___if_lbl00305   0x0058fa    program     static                          
           ___if_lbl00307   0x0058fa    program     static                          
           ___if_lbl00309   0x0058fa    program     static                          
           ___if_lbl00311   0x0058fa    program     static                          
           ___if_lbl00313   0x0058fa    program     static                          
           ___if_lbl00315   0x0058fa    program     static                          
           ___if_lbl00317   0x0058fa    program     static                          
           ___if_lbl00319   0x0058fa    program     static                          
           ___if_lbl00321   0x0058fa    program     static                          
           ___if_lbl00323   0x0058fa    program     static                          
           ___if_lbl00325   0x0058fa    program     static                          
           ___if_lbl00327   0x0058fa    program     static                          
           ___if_lbl00329   0x0058fa    program     static                          
           ___if_lbl00331   0x0058fa    program     static                          
       ___return_lbl00000   0x001004    program     static                          
       ___return_lbl00000   0x009212    program     static                          
       ___return_lbl00000   0x00910a    program     static                          
       ___return_lbl00000   0x009012    program     static                          
       ___return_lbl00000   0x008bf0    program     static                          
       ___return_lbl00000   0x0092ee    program     static                          
       ___return_lbl00000   0x0092d8    program     static                          
       ___return_lbl00001   0x00100c    program     static                          
       ___return_lbl00001   0x008f96    program     static                          
       ___return_lbl00002   0x00101c    program     static                          
       ___return_lbl00056   0x004798    program     static                          
       ___return_lbl00241   0x005900    program     static                          
       ___return_lbl00412   0x001d00    program     static                          
       ___return_lbl00451   0x0060b0    program     static                          
       ___return_lbl00457   0x0060c8    program     static                          
       ___return_lbl00458   0x0060d6    program     static                          
   ___switchexit_lbl00267   0x00571c    program     static                          
        ___while_lbl00001   0x008b14    program     static                          
        ___while_lbl00001   0x008fe0    program     static                          
        ___while_lbl00002   0x009012    program     static                          
        ___while_lbl00002   0x008bf0    program     static                          
        ___while_lbl00003   0x008b38    program     static                          
        ___while_lbl00004   0x008b74    program     static                          
        ___while_lbl00057   0x00476e    program     static                          
        ___while_lbl00058   0x004798    program     static                          
        ___while_lbl00254   0x005558    program     static                          
        ___while_lbl00255   0x005562    program     static                          
        ___while_lbl00291   0x00587a    program     static                          
        ___while_lbl00292   0x0058a4    program     static                          
        ___while_lbl00454   0x00609e    program     static                          
        ___while_lbl00455   0x0060ac    program     static                          
                   __init   0x0092f0    program     extern E:\3.46\pic18-lt\cxx-framework\src\traditional\stdclib\__init.c
                   __pa_0   0x00796e    program     static C:\Projects\EggBot_GH\EBB_firmware\Microchip\USB\usb_device.c
                   __pa_0   0x0083a4    program     static C:\Projects\EggBot_GH\EBB_firmware\app.X\source\RCServo2.c
                   __pa_0   0x00894c    program     static C:\Projects\EggBot_GH\EBB_firmware\app.X\source\ebb_print.c
                   __pa_0   0x003522    program     static C:\Projects\EggBot_GH\EBB_firmware\app.X\source\ebb.c
                   __pa_0   0x008e40    program     static E:\3.46\pic18-lt\cxx-framework\src\pmc_common\Flash\EraseFlash.c
                   __pa_0   0x00692a    program     static C:\Projects\EggBot_GH\EBB_firmware\app.X\source\UBW.c
                   __pa_0   0x008740    program     static C:\Projects\EggBot_GH\EBB_firmware\Microchip\USB\CDC Device Driver\usb_function_cdc.c
                   __pa_1   0x0083ac    program     static C:\Projects\EggBot_GH\EBB_firmware\app.X\source\RCServo2.c
                   __pa_1   0x006930    program     static C:\Projects\EggBot_GH\EBB_firmware\app.X\source\UBW.c
                   __pa_1   0x007976    program     static C:\Projects\EggBot_GH\EBB_firmware\Microchip\USB\usb_device.c
                   __pa_1   0x008966    program     static C:\Projects\EggBot_GH\EBB_firmware\app.X\source\ebb_print.c
                   __pa_1   0x00875a    program     static C:\Projects\EggBot_GH\EBB_firmware\Microchip\USB\CDC Device Driver\usb_function_cdc.c
                   __pa_1   0x00352e    program     static C:\Projects\EggBot_GH\EBB_firmware\app.X\source\ebb.c
                  __pa_10   0x008a0a    program     static C:\Projects\EggBot_GH\EBB_firmware\app.X\source\ebb_print.c
                  __pa_10   0x006982    program     static C:\Projects\EggBot_GH\EBB_firmware\app.X\source\UBW.c
                  __pa_10   0x00840c    program     static C:\Projects\EggBot_GH\EBB_firmware\app.X\source\RCServo2.c
                  __pa_10   0x0087e0    program     static C:\Projects\EggBot_GH\EBB_firmware\Microchip\USB\CDC Device Driver\usb_function_cdc.c
                  __pa_10   0x0079d4    program     static C:\Projects\EggBot_GH\EBB_firmware\Microchip\USB\usb_device.c
                  __pa_10   0x0036f0    program     static C:\Projects\EggBot_GH\EBB_firmware\app.X\source\ebb.c
                 __pa_100   0x006dcc    program     static C:\Projects\EggBot_GH\EBB_firmware\app.X\source\UBW.c
                 __pa_100   0x003cc4    program     static C:\Projects\EggBot_GH\EBB_firmware\app.X\source\ebb.c
                 __pa_101   0x006ddc    program     static C:\Projects\EggBot_GH\EBB_firmware\app.X\source\UBW.c
                 __pa_101   0x003cce    program     static C:\Projects\EggBot_GH\EBB_firmware\app.X\source\ebb.c
                 __pa_102   0x003cd8    program     static C:\Projects\EggBot_GH\EBB_firmware\app.X\source\ebb.c
                 __pa_102   0x006de4    program     static C:\Projects\EggBot_GH\EBB_firmware\app.X\source\UBW.c
                 __pa_103   0x003ce2    program     static C:\Projects\EggBot_GH\EBB_firmware\app.X\source\ebb.c
                 __pa_103   0x006dee    program     static C:\Projects\EggBot_GH\EBB_firmware\app.X\source\UBW.c
                 __pa_104   0x003cec    program     static C:\Projects\EggBot_GH\EBB_firmware\app.X\source\ebb.c
                 __pa_104   0x006df6    program     static C:\Projects\EggBot_GH\EBB_firmware\app.X\source\UBW.c
                 __pa_105   0x003cfc    program     static C:\Projects\EggBot_GH\EBB_firmware\app.X\source\ebb.c
                 __pa_105   0x006dfe    program     static C:\Projects\EggBot_GH\EBB_firmware\app.X\source\UBW.c
                 __pa_106   0x003d0c    program     static C:\Projects\EggBot_GH\EBB_firmware\app.X\source\ebb.c
                 __pa_106   0x006e06    program     static C:\Projects\EggBot_GH\EBB_firmware\app.X\source\UBW.c
                 __pa_107   0x006e12    program     static C:\Projects\EggBot_GH\EBB_firmware\app.X\source\UBW.c
                 __pa_107   0x003d1c    program     static C:\Projects\EggBot_GH\EBB_firmware\app.X\source\ebb.c
                 __pa_108   0x006e1a    program     static C:\Projects\EggBot_GH\EBB_firmware\app.X\source\UBW.c
                 __pa_108   0x003d2c    program     static C:\Projects\EggBot_GH\EBB_firmware\app.X\source\ebb.c
                 __pa_109   0x006e22    program     static C:\Projects\EggBot_GH\EBB_firmware\app.X\source\UBW.c
                 __pa_109   0x003d32    program     static C:\Projects\EggBot_GH\EBB_firmware\app.X\source\ebb.c
                  __pa_11   0x008416    program     static C:\Projects\EggBot_GH\EBB_firmware\app.X\source\RCServo2.c
                  __pa_11   0x0079e4    program     static C:\Projects\EggBot_GH\EBB_firmware\Microchip\USB\usb_device.c
                  __pa_11   0x00698c    program     static C:\Projects\EggBot_GH\EBB_firmware\app.X\source\UBW.c
                  __pa_11   0x0087ee    program     static C:\Projects\EggBot_GH\EBB_firmware\Microchip\USB\CDC Device Driver\usb_function_cdc.c
                  __pa_11   0x008a12    program     static C:\Projects\EggBot_GH\EBB_firmware\app.X\source\ebb_print.c
                  __pa_11   0x00370e    program     static C:\Projects\EggBot_GH\EBB_firmware\app.X\source\ebb.c
                 __pa_110   0x003d42    program     static C:\Projects\EggBot_GH\EBB_firmware\app.X\source\ebb.c
                 __pa_110   0x006e2a    program     static C:\Projects\EggBot_GH\EBB_firmware\app.X\source\UBW.c
                 __pa_111   0x003d4a    program     static C:\Projects\EggBot_GH\EBB_firmware\app.X\source\ebb.c
                 __pa_111   0x006e30    program     static C:\Projects\EggBot_GH\EBB_firmware\app.X\source\UBW.c
                 __pa_112   0x003d52    program     static C:\Projects\EggBot_GH\EBB_firmware\app.X\source\ebb.c
                 __pa_112   0x006e38    program     static C:\Projects\EggBot_GH\EBB_firmware\app.X\source\UBW.c
                 __pa_113   0x006e3e    program     static C:\Projects\EggBot_GH\EBB_firmware\app.X\source\UBW.c
                 __pa_113   0x003d60    program     static C:\Projects\EggBot_GH\EBB_firmware\app.X\source\ebb.c
                 __pa_114   0x006e4c    program     static C:\Projects\EggBot_GH\EBB_firmware\app.X\source\UBW.c
                 __pa_114   0x003d6e    program     static C:\Projects\EggBot_GH\EBB_firmware\app.X\source\ebb.c
                 __pa_115   0x006e54    program     static C:\Projects\EggBot_GH\EBB_firmware\app.X\source\UBW.c
                 __pa_115   0x003d7c    program     static C:\Projects\EggBot_GH\EBB_firmware\app.X\source\ebb.c
                 __pa_116   0x006e5e    program     static C:\Projects\EggBot_GH\EBB_firmware\app.X\source\UBW.c
                 __pa_116   0x003d8a    program     static C:\Projects\EggBot_GH\EBB_firmware\app.X\source\ebb.c
                 __pa_117   0x003d98    program     static C:\Projects\EggBot_GH\EBB_firmware\app.X\source\ebb.c
                 __pa_117   0x006e68    program     static C:\Projects\EggBot_GH\EBB_firmware\app.X\source\UBW.c
                 __pa_118   0x003da6    program     static C:\Projects\EggBot_GH\EBB_firmware\app.X\source\ebb.c
                 __pa_119   0x003db0    program     static C:\Projects\EggBot_GH\EBB_firmware\app.X\source\ebb.c
                  __pa_12   0x003724    program     static C:\Projects\EggBot_GH\EBB_firmware\app.X\source\ebb.c
                  __pa_12   0x008a1e    program     static C:\Projects\EggBot_GH\EBB_firmware\app.X\source\ebb_print.c
                  __pa_12   0x006996    program     static C:\Projects\EggBot_GH\EBB_firmware\app.X\source\UBW.c
                  __pa_12   0x008426    program     static C:\Projects\EggBot_GH\EBB_firmware\app.X\source\RCServo2.c
                  __pa_12   0x0079ee    program     static C:\Projects\EggBot_GH\EBB_firmware\Microchip\USB\usb_device.c
                 __pa_120   0x003dba    program     static C:\Projects\EggBot_GH\EBB_firmware\app.X\source\ebb.c
                 __pa_121   0x003dc4    program     static C:\Projects\EggBot_GH\EBB_firmware\app.X\source\ebb.c
                 __pa_122   0x003dce    program     static C:\Projects\EggBot_GH\EBB_firmware\app.X\source\ebb.c
                 __pa_123   0x003dd8    program     static C:\Projects\EggBot_GH\EBB_firmware\app.X\source\ebb.c
                 __pa_124   0x003de2    program     static C:\Projects\EggBot_GH\EBB_firmware\app.X\source\ebb.c
                 __pa_125   0x003dec    program     static C:\Projects\EggBot_GH\EBB_firmware\app.X\source\ebb.c
                 __pa_126   0x003df6    program     static C:\Projects\EggBot_GH\EBB_firmware\app.X\source\ebb.c
                 __pa_127   0x003e00    program     static C:\Projects\EggBot_GH\EBB_firmware\app.X\source\ebb.c
                 __pa_128   0x003e56    program     static C:\Projects\EggBot_GH\EBB_firmware\app.X\source\ebb.c
                 __pa_129   0x003e5c    program     static C:\Projects\EggBot_GH\EBB_firmware\app.X\source\ebb.c
                  __pa_13   0x0069a4    program     static C:\Projects\EggBot_GH\EBB_firmware\app.X\source\UBW.c
                  __pa_13   0x00372e    program     static C:\Projects\EggBot_GH\EBB_firmware\app.X\source\ebb.c
                  __pa_13   0x007a02    program     static C:\Projects\EggBot_GH\EBB_firmware\Microchip\USB\usb_device.c
                 __pa_130   0x003e68    program     static C:\Projects\EggBot_GH\EBB_firmware\app.X\source\ebb.c
                 __pa_131   0x003ea4    program     static C:\Projects\EggBot_GH\EBB_firmware\app.X\source\ebb.c
                 __pa_132   0x003eaa    program     static C:\Projects\EggBot_GH\EBB_firmware\app.X\source\ebb.c
                 __pa_133   0x003eb4    program     static C:\Projects\EggBot_GH\EBB_firmware\app.X\source\ebb.c
                 __pa_134   0x003eba    program     static C:\Projects\EggBot_GH\EBB_firmware\app.X\source\ebb.c
                 __pa_135   0x003ec4    program     static C:\Projects\EggBot_GH\EBB_firmware\app.X\source\ebb.c
                 __pa_136   0x003ed2    program     static C:\Projects\EggBot_GH\EBB_firmware\app.X\source\ebb.c
                 __pa_137   0x003eea    program     static C:\Projects\EggBot_GH\EBB_firmware\app.X\source\ebb.c
                 __pa_138   0x003efc    program     static C:\Projects\EggBot_GH\EBB_firmware\app.X\source\ebb.c
                 __pa_139   0x003f10    program     static C:\Projects\EggBot_GH\EBB_firmware\app.X\source\ebb.c
                  __pa_14   0x0069bc    program     static C:\Projects\EggBot_GH\EBB_firmware\app.X\source\UBW.c
                  __pa_14   0x003738    program     static C:\Projects\EggBot_GH\EBB_firmware\app.X\source\ebb.c
                  __pa_14   0x007a16    program     static C:\Projects\EggBot_GH\EBB_firmware\Microchip\USB\usb_device.c
                 __pa_140   0x003f2e    program     static C:\Projects\EggBot_GH\EBB_firmware\app.X\source\ebb.c
                 __pa_141   0x003f4c    program     static C:\Projects\EggBot_GH\EBB_firmware\app.X\source\ebb.c
                 __pa_142   0x003f6a    program     static C:\Projects\EggBot_GH\EBB_firmware\app.X\source\ebb.c
                 __pa_143   0x003f80    program     static C:\Projects\EggBot_GH\EBB_firmware\app.X\source\ebb.c
                 __pa_144   0x003f9a    program     static C:\Projects\EggBot_GH\EBB_firmware\app.X\source\ebb.c
                 __pa_145   0x003fa8    program     static C:\Projects\EggBot_GH\EBB_firmware\app.X\source\ebb.c
                 __pa_146   0x003fb4    program     static C:\Projects\EggBot_GH\EBB_firmware\app.X\source\ebb.c
                 __pa_147   0x003fbe    program     static C:\Projects\EggBot_GH\EBB_firmware\app.X\source\ebb.c
                 __pa_148   0x003fc8    program     static C:\Projects\EggBot_GH\EBB_firmware\app.X\source\ebb.c
                 __pa_149   0x003fd2    program     static C:\Projects\EggBot_GH\EBB_firmware\app.X\source\ebb.c
                  __pa_15   0x007a22    program     static C:\Projects\EggBot_GH\EBB_firmware\Microchip\USB\usb_device.c
                  __pa_15   0x00373e    program     static C:\Projects\EggBot_GH\EBB_firmware\app.X\source\ebb.c
                  __pa_15   0x0069c4    program     static C:\Projects\EggBot_GH\EBB_firmware\app.X\source\UBW.c
                 __pa_150   0x003fdc    program     static C:\Projects\EggBot_GH\EBB_firmware\app.X\source\ebb.c
                 __pa_151   0x003ff4    program     static C:\Projects\EggBot_GH\EBB_firmware\app.X\source\ebb.c
                 __pa_152   0x00400c    program     static C:\Projects\EggBot_GH\EBB_firmware\app.X\source\ebb.c
                 __pa_153   0x004014    program     static C:\Projects\EggBot_GH\EBB_firmware\app.X\source\ebb.c
                 __pa_154   0x00401e    program     static C:\Projects\EggBot_GH\EBB_firmware\app.X\source\ebb.c
                 __pa_155   0x004026    program     static C:\Projects\EggBot_GH\EBB_firmware\app.X\source\ebb.c
                 __pa_156   0x004030    program     static C:\Projects\EggBot_GH\EBB_firmware\app.X\source\ebb.c
                 __pa_157   0x004046    program     static C:\Projects\EggBot_GH\EBB_firmware\app.X\source\ebb.c
                 __pa_158   0x004054    program     static C:\Projects\EggBot_GH\EBB_firmware\app.X\source\ebb.c
                 __pa_159   0x004060    program     static C:\Projects\EggBot_GH\EBB_firmware\app.X\source\ebb.c
                  __pa_16   0x007a3c    program     static C:\Projects\EggBot_GH\EBB_firmware\Microchip\USB\usb_device.c
                  __pa_16   0x003748    program     static C:\Projects\EggBot_GH\EBB_firmware\app.X\source\ebb.c
                  __pa_16   0x0069d0    program     static C:\Projects\EggBot_GH\EBB_firmware\app.X\source\UBW.c
                 __pa_160   0x004068    program     static C:\Projects\EggBot_GH\EBB_firmware\app.X\source\ebb.c
                 __pa_161   0x00407a    program     static C:\Projects\EggBot_GH\EBB_firmware\app.X\source\ebb.c
                 __pa_162   0x00408c    program     static C:\Projects\EggBot_GH\EBB_firmware\app.X\source\ebb.c
                 __pa_163   0x004098    program     static C:\Projects\EggBot_GH\EBB_firmware\app.X\source\ebb.c
                 __pa_164   0x0040a4    program     static C:\Projects\EggBot_GH\EBB_firmware\app.X\source\ebb.c
                 __pa_165   0x0040b4    program     static C:\Projects\EggBot_GH\EBB_firmware\app.X\source\ebb.c
                 __pa_166   0x0040c6    program     static C:\Projects\EggBot_GH\EBB_firmware\app.X\source\ebb.c
                 __pa_167   0x0040d8    program     static C:\Projects\EggBot_GH\EBB_firmware\app.X\source\ebb.c
                 __pa_168   0x0040dc    program     static C:\Projects\EggBot_GH\EBB_firmware\app.X\source\ebb.c
                 __pa_169   0x0040ec    program     static C:\Projects\EggBot_GH\EBB_firmware\app.X\source\ebb.c
                  __pa_17   0x007a48    program     static C:\Projects\EggBot_GH\EBB_firmware\Microchip\USB\usb_device.c
                  __pa_17   0x003762    program     static C:\Projects\EggBot_GH\EBB_firmware\app.X\source\ebb.c
                  __pa_17   0x0069d8    program     static C:\Projects\EggBot_GH\EBB_firmware\app.X\source\UBW.c
                 __pa_170   0x0040f6    program     static C:\Projects\EggBot_GH\EBB_firmware\app.X\source\ebb.c
                 __pa_171   0x004100    program     static C:\Projects\EggBot_GH\EBB_firmware\app.X\source\ebb.c
                 __pa_172   0x00410a    program     static C:\Projects\EggBot_GH\EBB_firmware\app.X\source\ebb.c
                 __pa_173   0x00411a    program     static C:\Projects\EggBot_GH\EBB_firmware\app.X\source\ebb.c
                 __pa_174   0x004128    program     static C:\Projects\EggBot_GH\EBB_firmware\app.X\source\ebb.c
                 __pa_175   0x004136    program     static C:\Projects\EggBot_GH\EBB_firmware\app.X\source\ebb.c
                 __pa_176   0x004144    program     static C:\Projects\EggBot_GH\EBB_firmware\app.X\source\ebb.c
                 __pa_177   0x004152    program     static C:\Projects\EggBot_GH\EBB_firmware\app.X\source\ebb.c
                 __pa_178   0x004160    program     static C:\Projects\EggBot_GH\EBB_firmware\app.X\source\ebb.c
                 __pa_179   0x00416c    program     static C:\Projects\EggBot_GH\EBB_firmware\app.X\source\ebb.c
                  __pa_18   0x003780    program     static C:\Projects\EggBot_GH\EBB_firmware\app.X\source\ebb.c
                  __pa_18   0x0069e2    program     static C:\Projects\EggBot_GH\EBB_firmware\app.X\source\UBW.c
                  __pa_18   0x007a54    program     static C:\Projects\EggBot_GH\EBB_firmware\Microchip\USB\usb_device.c
                 __pa_180   0x004178    program     static C:\Projects\EggBot_GH\EBB_firmware\app.X\source\ebb.c
                 __pa_181   0x004186    program     static C:\Projects\EggBot_GH\EBB_firmware\app.X\source\ebb.c
                 __pa_182   0x004194    program     static C:\Projects\EggBot_GH\EBB_firmware\app.X\source\ebb.c
                 __pa_183   0x00419c    program     static C:\Projects\EggBot_GH\EBB_firmware\app.X\source\ebb.c
                 __pa_184   0x0041a6    program     static C:\Projects\EggBot_GH\EBB_firmware\app.X\source\ebb.c
                 __pa_185   0x0041b0    program     static C:\Projects\EggBot_GH\EBB_firmware\app.X\source\ebb.c
                 __pa_186   0x0041ba    program     static C:\Projects\EggBot_GH\EBB_firmware\app.X\source\ebb.c
                 __pa_187   0x0041c2    program     static C:\Projects\EggBot_GH\EBB_firmware\app.X\source\ebb.c
                 __pa_188   0x0041ca    program     static C:\Projects\EggBot_GH\EBB_firmware\app.X\source\ebb.c
                 __pa_189   0x0041d2    program     static C:\Projects\EggBot_GH\EBB_firmware\app.X\source\ebb.c
                  __pa_19   0x007a5c    program     static C:\Projects\EggBot_GH\EBB_firmware\Microchip\USB\usb_device.c
                  __pa_19   0x003788    program     static C:\Projects\EggBot_GH\EBB_firmware\app.X\source\ebb.c
                  __pa_19   0x0069ea    program     static C:\Projects\EggBot_GH\EBB_firmware\app.X\source\UBW.c
                 __pa_190   0x0041da    program     static C:\Projects\EggBot_GH\EBB_firmware\app.X\source\ebb.c
                 __pa_191   0x0041fe    program     static C:\Projects\EggBot_GH\EBB_firmware\app.X\source\ebb.c
                 __pa_192   0x004214    program     static C:\Projects\EggBot_GH\EBB_firmware\app.X\source\ebb.c
                 __pa_193   0x00422e    program     static C:\Projects\EggBot_GH\EBB_firmware\app.X\source\ebb.c
                 __pa_194   0x00423c    program     static C:\Projects\EggBot_GH\EBB_firmware\app.X\source\ebb.c
                 __pa_195   0x004254    program     static C:\Projects\EggBot_GH\EBB_firmware\app.X\source\ebb.c
                 __pa_196   0x004260    program     static C:\Projects\EggBot_GH\EBB_firmware\app.X\source\ebb.c
                 __pa_197   0x004268    program     static C:\Projects\EggBot_GH\EBB_firmware\app.X\source\ebb.c
                 __pa_198   0x004270    program     static C:\Projects\EggBot_GH\EBB_firmware\app.X\source\ebb.c
                 __pa_199   0x004278    program     static C:\Projects\EggBot_GH\EBB_firmware\app.X\source\ebb.c
                   __pa_2   0x007980    program     static C:\Projects\EggBot_GH\EBB_firmware\Microchip\USB\usb_device.c
                   __pa_2   0x003544    program     static C:\Projects\EggBot_GH\EBB_firmware\app.X\source\ebb.c
                   __pa_2   0x006936    program     static C:\Projects\EggBot_GH\EBB_firmware\app.X\source\UBW.c
                   __pa_2   0x008980    program     static C:\Projects\EggBot_GH\EBB_firmware\app.X\source\ebb_print.c
                   __pa_2   0x0083b6    program     static C:\Projects\EggBot_GH\EBB_firmware\app.X\source\RCServo2.c
                   __pa_2   0x00876a    program     static C:\Projects\EggBot_GH\EBB_firmware\Microchip\USB\CDC Device Driver\usb_function_cdc.c
                  __pa_20   0x007a64    program     static C:\Projects\EggBot_GH\EBB_firmware\Microchip\USB\usb_device.c
                  __pa_20   0x003790    program     static C:\Projects\EggBot_GH\EBB_firmware\app.X\source\ebb.c
                  __pa_20   0x0069fe    program     static C:\Projects\EggBot_GH\EBB_firmware\app.X\source\UBW.c
                 __pa_200   0x004280    program     static C:\Projects\EggBot_GH\EBB_firmware\app.X\source\ebb.c
                 __pa_201   0x00428a    program     static C:\Projects\EggBot_GH\EBB_firmware\app.X\source\ebb.c
                 __pa_202   0x00429c    program     static C:\Projects\EggBot_GH\EBB_firmware\app.X\source\ebb.c
                 __pa_203   0x0042a6    program     static C:\Projects\EggBot_GH\EBB_firmware\app.X\source\ebb.c
                 __pa_204   0x0042b4    program     static C:\Projects\EggBot_GH\EBB_firmware\app.X\source\ebb.c
                 __pa_205   0x0042c2    program     static C:\Projects\EggBot_GH\EBB_firmware\app.X\source\ebb.c
                 __pa_206   0x0042ce    program     static C:\Projects\EggBot_GH\EBB_firmware\app.X\source\ebb.c
                 __pa_207   0x0042da    program     static C:\Projects\EggBot_GH\EBB_firmware\app.X\source\ebb.c
                 __pa_208   0x0042e2    program     static C:\Projects\EggBot_GH\EBB_firmware\app.X\source\ebb.c
                 __pa_209   0x0042e8    program     static C:\Projects\EggBot_GH\EBB_firmware\app.X\source\ebb.c
                  __pa_21   0x006a0a    program     static C:\Projects\EggBot_GH\EBB_firmware\app.X\source\UBW.c
                  __pa_21   0x007a70    program     static C:\Projects\EggBot_GH\EBB_firmware\Microchip\USB\usb_device.c
                  __pa_21   0x003798    program     static C:\Projects\EggBot_GH\EBB_firmware\app.X\source\ebb.c
                 __pa_210   0x0042f2    program     static C:\Projects\EggBot_GH\EBB_firmware\app.X\source\ebb.c
                 __pa_211   0x0042fa    program     static C:\Projects\EggBot_GH\EBB_firmware\app.X\source\ebb.c
                 __pa_212   0x004300    program     static C:\Projects\EggBot_GH\EBB_firmware\app.X\source\ebb.c
                 __pa_213   0x004308    program     static C:\Projects\EggBot_GH\EBB_firmware\app.X\source\ebb.c
                 __pa_214   0x00430e    program     static C:\Projects\EggBot_GH\EBB_firmware\app.X\source\ebb.c
                 __pa_215   0x00431e    program     static C:\Projects\EggBot_GH\EBB_firmware\app.X\source\ebb.c
                 __pa_216   0x00432a    program     static C:\Projects\EggBot_GH\EBB_firmware\app.X\source\ebb.c
                 __pa_217   0x004334    program     static C:\Projects\EggBot_GH\EBB_firmware\app.X\source\ebb.c
                 __pa_218   0x004340    program     static C:\Projects\EggBot_GH\EBB_firmware\app.X\source\ebb.c
                 __pa_219   0x004348    program     static C:\Projects\EggBot_GH\EBB_firmware\app.X\source\ebb.c
                  __pa_22   0x006a12    program     static C:\Projects\EggBot_GH\EBB_firmware\app.X\source\UBW.c
                  __pa_22   0x00379e    program     static C:\Projects\EggBot_GH\EBB_firmware\app.X\source\ebb.c
                  __pa_22   0x007a80    program     static C:\Projects\EggBot_GH\EBB_firmware\Microchip\USB\usb_device.c
                  __pa_23   0x0037b2    program     static C:\Projects\EggBot_GH\EBB_firmware\app.X\source\ebb.c
                  __pa_23   0x006a1c    program     static C:\Projects\EggBot_GH\EBB_firmware\app.X\source\UBW.c
                  __pa_23   0x007a8e    program     static C:\Projects\EggBot_GH\EBB_firmware\Microchip\USB\usb_device.c
                  __pa_24   0x006a2a    program     static C:\Projects\EggBot_GH\EBB_firmware\app.X\source\UBW.c
                  __pa_24   0x0037c6    program     static C:\Projects\EggBot_GH\EBB_firmware\app.X\source\ebb.c
                  __pa_24   0x007a9c    program     static C:\Projects\EggBot_GH\EBB_firmware\Microchip\USB\usb_device.c
                  __pa_25   0x006a3c    program     static C:\Projects\EggBot_GH\EBB_firmware\app.X\source\UBW.c
                  __pa_25   0x0037d2    program     static C:\Projects\EggBot_GH\EBB_firmware\app.X\source\ebb.c
                  __pa_25   0x007aaa    program     static C:\Projects\EggBot_GH\EBB_firmware\Microchip\USB\usb_device.c
                  __pa_26   0x0037fc    program     static C:\Projects\EggBot_GH\EBB_firmware\app.X\source\ebb.c
                  __pa_26   0x006a44    program     static C:\Projects\EggBot_GH\EBB_firmware\app.X\source\UBW.c
                  __pa_26   0x007ab8    program     static C:\Projects\EggBot_GH\EBB_firmware\Microchip\USB\usb_device.c
                  __pa_27   0x006a50    program     static C:\Projects\EggBot_GH\EBB_firmware\app.X\source\UBW.c
                  __pa_27   0x00380e    program     static C:\Projects\EggBot_GH\EBB_firmware\app.X\source\ebb.c
                  __pa_27   0x007ac2    program     static C:\Projects\EggBot_GH\EBB_firmware\Microchip\USB\usb_device.c
                  __pa_28   0x006a72    program     static C:\Projects\EggBot_GH\EBB_firmware\app.X\source\UBW.c
                  __pa_28   0x007ada    program     static C:\Projects\EggBot_GH\EBB_firmware\Microchip\USB\usb_device.c
                  __pa_28   0x003820    program     static C:\Projects\EggBot_GH\EBB_firmware\app.X\source\ebb.c
                  __pa_29   0x007ae6    program     static C:\Projects\EggBot_GH\EBB_firmware\Microchip\USB\usb_device.c
                  __pa_29   0x00382c    program     static C:\Projects\EggBot_GH\EBB_firmware\app.X\source\ebb.c
                  __pa_29   0x006a80    program     static C:\Projects\EggBot_GH\EBB_firmware\app.X\source\UBW.c
                   __pa_3   0x00899e    program     static C:\Projects\EggBot_GH\EBB_firmware\app.X\source\ebb_print.c
                   __pa_3   0x0083c6    program     static C:\Projects\EggBot_GH\EBB_firmware\app.X\source\RCServo2.c
                   __pa_3   0x00877c    program     static C:\Projects\EggBot_GH\EBB_firmware\Microchip\USB\CDC Device Driver\usb_function_cdc.c
                   __pa_3   0x007988    program     static C:\Projects\EggBot_GH\EBB_firmware\Microchip\USB\usb_device.c
                   __pa_3   0x00354a    program     static C:\Projects\EggBot_GH\EBB_firmware\app.X\source\ebb.c
                   __pa_3   0x00693e    program     static C:\Projects\EggBot_GH\EBB_firmware\app.X\source\UBW.c
                  __pa_30   0x00383a    program     static C:\Projects\EggBot_GH\EBB_firmware\app.X\source\ebb.c
                  __pa_30   0x006a8e    program     static C:\Projects\EggBot_GH\EBB_firmware\app.X\source\UBW.c
                  __pa_30   0x007aee    program     static C:\Projects\EggBot_GH\EBB_firmware\Microchip\USB\usb_device.c
                  __pa_31   0x006ab0    program     static C:\Projects\EggBot_GH\EBB_firmware\app.X\source\UBW.c
                  __pa_31   0x003850    program     static C:\Projects\EggBot_GH\EBB_firmware\app.X\source\ebb.c
                  __pa_31   0x007b02    program     static C:\Projects\EggBot_GH\EBB_firmware\Microchip\USB\usb_device.c
                  __pa_32   0x003862    program     static C:\Projects\EggBot_GH\EBB_firmware\app.X\source\ebb.c
                  __pa_32   0x007b14    program     static C:\Projects\EggBot_GH\EBB_firmware\Microchip\USB\usb_device.c
                  __pa_32   0x006aba    program     static C:\Projects\EggBot_GH\EBB_firmware\app.X\source\UBW.c
                  __pa_33   0x00386e    program     static C:\Projects\EggBot_GH\EBB_firmware\app.X\source\ebb.c
                  __pa_33   0x007b22    program     static C:\Projects\EggBot_GH\EBB_firmware\Microchip\USB\usb_device.c
                  __pa_33   0x006ac4    program     static C:\Projects\EggBot_GH\EBB_firmware\app.X\source\UBW.c
                  __pa_34   0x003874    program     static C:\Projects\EggBot_GH\EBB_firmware\app.X\source\ebb.c
                  __pa_34   0x007b2c    program     static C:\Projects\EggBot_GH\EBB_firmware\Microchip\USB\usb_device.c
                  __pa_34   0x006ad2    program     static C:\Projects\EggBot_GH\EBB_firmware\app.X\source\UBW.c
                  __pa_35   0x003882    program     static C:\Projects\EggBot_GH\EBB_firmware\app.X\source\ebb.c
                  __pa_35   0x007b36    program     static C:\Projects\EggBot_GH\EBB_firmware\Microchip\USB\usb_device.c
                  __pa_35   0x006ad8    program     static C:\Projects\EggBot_GH\EBB_firmware\app.X\source\UBW.c
                  __pa_36   0x003890    program     static C:\Projects\EggBot_GH\EBB_firmware\app.X\source\ebb.c
                  __pa_36   0x007b3c    program     static C:\Projects\EggBot_GH\EBB_firmware\Microchip\USB\usb_device.c
                  __pa_36   0x006ae2    program     static C:\Projects\EggBot_GH\EBB_firmware\app.X\source\UBW.c
                  __pa_37   0x0038b4    program     static C:\Projects\EggBot_GH\EBB_firmware\app.X\source\ebb.c
                  __pa_37   0x007b44    program     static C:\Projects\EggBot_GH\EBB_firmware\Microchip\USB\usb_device.c
                  __pa_37   0x006afe    program     static C:\Projects\EggBot_GH\EBB_firmware\app.X\source\UBW.c
                  __pa_38   0x0038d8    program     static C:\Projects\EggBot_GH\EBB_firmware\app.X\source\ebb.c
                  __pa_38   0x007b4a    program     static C:\Projects\EggBot_GH\EBB_firmware\Microchip\USB\usb_device.c
                  __pa_38   0x006b08    program     static C:\Projects\EggBot_GH\EBB_firmware\app.X\source\UBW.c
                  __pa_39   0x0038ec    program     static C:\Projects\EggBot_GH\EBB_firmware\app.X\source\ebb.c
                  __pa_39   0x006b12    program     static C:\Projects\EggBot_GH\EBB_firmware\app.X\source\UBW.c
                  __pa_39   0x007b58    program     static C:\Projects\EggBot_GH\EBB_firmware\Microchip\USB\usb_device.c
                   __pa_4   0x008796    program     static C:\Projects\EggBot_GH\EBB_firmware\Microchip\USB\CDC Device Driver\usb_function_cdc.c
                   __pa_4   0x0089b6    program     static C:\Projects\EggBot_GH\EBB_firmware\app.X\source\ebb_print.c
                   __pa_4   0x003594    program     static C:\Projects\EggBot_GH\EBB_firmware\app.X\source\ebb.c
                   __pa_4   0x006944    program     static C:\Projects\EggBot_GH\EBB_firmware\app.X\source\UBW.c
                   __pa_4   0x0083d2    program     static C:\Projects\EggBot_GH\EBB_firmware\app.X\source\RCServo2.c
                   __pa_4   0x007992    program     static C:\Projects\EggBot_GH\EBB_firmware\Microchip\USB\usb_device.c
                  __pa_40   0x006b1c    program     static C:\Projects\EggBot_GH\EBB_firmware\app.X\source\UBW.c
                  __pa_40   0x007b66    program     static C:\Projects\EggBot_GH\EBB_firmware\Microchip\USB\usb_device.c
                  __pa_40   0x0038fe    program     static C:\Projects\EggBot_GH\EBB_firmware\app.X\source\ebb.c
                  __pa_41   0x007b74    program     static C:\Projects\EggBot_GH\EBB_firmware\Microchip\USB\usb_device.c
                  __pa_41   0x006b34    program     static C:\Projects\EggBot_GH\EBB_firmware\app.X\source\UBW.c
                  __pa_41   0x003910    program     static C:\Projects\EggBot_GH\EBB_firmware\app.X\source\ebb.c
                  __pa_42   0x007b7e    program     static C:\Projects\EggBot_GH\EBB_firmware\Microchip\USB\usb_device.c
                  __pa_42   0x006b3c    program     static C:\Projects\EggBot_GH\EBB_firmware\app.X\source\UBW.c
                  __pa_42   0x003922    program     static C:\Projects\EggBot_GH\EBB_firmware\app.X\source\ebb.c
                  __pa_43   0x003934    program     static C:\Projects\EggBot_GH\EBB_firmware\app.X\source\ebb.c
                  __pa_43   0x007b88    program     static C:\Projects\EggBot_GH\EBB_firmware\Microchip\USB\usb_device.c
                  __pa_43   0x006b46    program     static C:\Projects\EggBot_GH\EBB_firmware\app.X\source\UBW.c
                  __pa_44   0x007b90    program     static C:\Projects\EggBot_GH\EBB_firmware\Microchip\USB\usb_device.c
                  __pa_44   0x006b52    program     static C:\Projects\EggBot_GH\EBB_firmware\app.X\source\UBW.c
                  __pa_44   0x003950    program     static C:\Projects\EggBot_GH\EBB_firmware\app.X\source\ebb.c
                  __pa_45   0x003968    program     static C:\Projects\EggBot_GH\EBB_firmware\app.X\source\ebb.c
                  __pa_45   0x007b9c    program     static C:\Projects\EggBot_GH\EBB_firmware\Microchip\USB\usb_device.c
                  __pa_45   0x006b5e    program     static C:\Projects\EggBot_GH\EBB_firmware\app.X\source\UBW.c
                  __pa_46   0x003972    program     static C:\Projects\EggBot_GH\EBB_firmware\app.X\source\ebb.c
                  __pa_46   0x007ba6    program     static C:\Projects\EggBot_GH\EBB_firmware\Microchip\USB\usb_device.c
                  __pa_46   0x006b6a    program     static C:\Projects\EggBot_GH\EBB_firmware\app.X\source\UBW.c
                  __pa_47   0x003980    program     static C:\Projects\EggBot_GH\EBB_firmware\app.X\source\ebb.c
                  __pa_47   0x006b74    program     static C:\Projects\EggBot_GH\EBB_firmware\app.X\source\UBW.c
                  __pa_48   0x0039a0    program     static C:\Projects\EggBot_GH\EBB_firmware\app.X\source\ebb.c
                  __pa_48   0x006b84    program     static C:\Projects\EggBot_GH\EBB_firmware\app.X\source\UBW.c
                  __pa_49   0x0039b0    program     static C:\Projects\EggBot_GH\EBB_firmware\app.X\source\ebb.c
                  __pa_49   0x006b94    program     static C:\Projects\EggBot_GH\EBB_firmware\app.X\source\UBW.c
                   __pa_5   0x006950    program     static C:\Projects\EggBot_GH\EBB_firmware\app.X\source\UBW.c
                   __pa_5   0x0087a0    program     static C:\Projects\EggBot_GH\EBB_firmware\Microchip\USB\CDC Device Driver\usb_function_cdc.c
                   __pa_5   0x0083de    program     static C:\Projects\EggBot_GH\EBB_firmware\app.X\source\RCServo2.c
                   __pa_5   0x0035ca    program     static C:\Projects\EggBot_GH\EBB_firmware\app.X\source\ebb.c
                   __pa_5   0x0089c0    program     static C:\Projects\EggBot_GH\EBB_firmware\app.X\source\ebb_print.c
                   __pa_5   0x00799c    program     static C:\Projects\EggBot_GH\EBB_firmware\Microchip\USB\usb_device.c
                  __pa_50   0x0039bc    program     static C:\Projects\EggBot_GH\EBB_firmware\app.X\source\ebb.c
                  __pa_50   0x006ba2    program     static C:\Projects\EggBot_GH\EBB_firmware\app.X\source\UBW.c
                  __pa_51   0x006bb0    program     static C:\Projects\EggBot_GH\EBB_firmware\app.X\source\UBW.c
                  __pa_51   0x0039c8    program     static C:\Projects\EggBot_GH\EBB_firmware\app.X\source\ebb.c
                  __pa_52   0x0039d4    program     static C:\Projects\EggBot_GH\EBB_firmware\app.X\source\ebb.c
                  __pa_52   0x006bbe    program     static C:\Projects\EggBot_GH\EBB_firmware\app.X\source\UBW.c
                  __pa_53   0x0039da    program     static C:\Projects\EggBot_GH\EBB_firmware\app.X\source\ebb.c
                  __pa_53   0x006bcc    program     static C:\Projects\EggBot_GH\EBB_firmware\app.X\source\UBW.c
                  __pa_54   0x0039f0    program     static C:\Projects\EggBot_GH\EBB_firmware\app.X\source\ebb.c
                  __pa_54   0x006bda    program     static C:\Projects\EggBot_GH\EBB_firmware\app.X\source\UBW.c
                  __pa_55   0x006be8    program     static C:\Projects\EggBot_GH\EBB_firmware\app.X\source\UBW.c
                  __pa_55   0x003a02    program     static C:\Projects\EggBot_GH\EBB_firmware\app.X\source\ebb.c
                  __pa_56   0x003a14    program     static C:\Projects\EggBot_GH\EBB_firmware\app.X\source\ebb.c
                  __pa_56   0x006bf2    program     static C:\Projects\EggBot_GH\EBB_firmware\app.X\source\UBW.c
                  __pa_57   0x003a26    program     static C:\Projects\EggBot_GH\EBB_firmware\app.X\source\ebb.c
                  __pa_57   0x006bfc    program     static C:\Projects\EggBot_GH\EBB_firmware\app.X\source\UBW.c
                  __pa_58   0x003a38    program     static C:\Projects\EggBot_GH\EBB_firmware\app.X\source\ebb.c
                  __pa_58   0x006c06    program     static C:\Projects\EggBot_GH\EBB_firmware\app.X\source\UBW.c
                  __pa_59   0x003a4a    program     static C:\Projects\EggBot_GH\EBB_firmware\app.X\source\ebb.c
                  __pa_59   0x006c0e    program     static C:\Projects\EggBot_GH\EBB_firmware\app.X\source\UBW.c
                   __pa_6   0x0089cc    program     static C:\Projects\EggBot_GH\EBB_firmware\app.X\source\ebb_print.c
                   __pa_6   0x0083ea    program     static C:\Projects\EggBot_GH\EBB_firmware\app.X\source\RCServo2.c
                   __pa_6   0x0087a8    program     static C:\Projects\EggBot_GH\EBB_firmware\Microchip\USB\CDC Device Driver\usb_function_cdc.c
                   __pa_6   0x003694    program     static C:\Projects\EggBot_GH\EBB_firmware\app.X\source\ebb.c
                   __pa_6   0x006958    program     static C:\Projects\EggBot_GH\EBB_firmware\app.X\source\UBW.c
                   __pa_6   0x0079a6    program     static C:\Projects\EggBot_GH\EBB_firmware\Microchip\USB\usb_device.c
                  __pa_60   0x006c14    program     static C:\Projects\EggBot_GH\EBB_firmware\app.X\source\UBW.c
                  __pa_60   0x003a52    program     static C:\Projects\EggBot_GH\EBB_firmware\app.X\source\ebb.c
                  __pa_61   0x006c1c    program     static C:\Projects\EggBot_GH\EBB_firmware\app.X\source\UBW.c
                  __pa_61   0x003a60    program     static C:\Projects\EggBot_GH\EBB_firmware\app.X\source\ebb.c
                  __pa_62   0x006c2a    program     static C:\Projects\EggBot_GH\EBB_firmware\app.X\source\UBW.c
                  __pa_62   0x003a64    program     static C:\Projects\EggBot_GH\EBB_firmware\app.X\source\ebb.c
                  __pa_63   0x006c34    program     static C:\Projects\EggBot_GH\EBB_firmware\app.X\source\UBW.c
                  __pa_63   0x003a6a    program     static C:\Projects\EggBot_GH\EBB_firmware\app.X\source\ebb.c
                  __pa_64   0x006c3a    program     static C:\Projects\EggBot_GH\EBB_firmware\app.X\source\UBW.c
                  __pa_64   0x003a82    program     static C:\Projects\EggBot_GH\EBB_firmware\app.X\source\ebb.c
                  __pa_65   0x006c44    program     static C:\Projects\EggBot_GH\EBB_firmware\app.X\source\UBW.c
                  __pa_65   0x003a9a    program     static C:\Projects\EggBot_GH\EBB_firmware\app.X\source\ebb.c
                  __pa_66   0x003aa6    program     static C:\Projects\EggBot_GH\EBB_firmware\app.X\source\ebb.c
                  __pa_66   0x006c4c    program     static C:\Projects\EggBot_GH\EBB_firmware\app.X\source\UBW.c
                  __pa_67   0x003abc    program     static C:\Projects\EggBot_GH\EBB_firmware\app.X\source\ebb.c
                  __pa_67   0x006c5e    program     static C:\Projects\EggBot_GH\EBB_firmware\app.X\source\UBW.c
                  __pa_68   0x003ad2    program     static C:\Projects\EggBot_GH\EBB_firmware\app.X\source\ebb.c
                  __pa_68   0x006c64    program     static C:\Projects\EggBot_GH\EBB_firmware\app.X\source\UBW.c
                  __pa_69   0x003ae8    program     static C:\Projects\EggBot_GH\EBB_firmware\app.X\source\ebb.c
                  __pa_69   0x006c6a    program     static C:\Projects\EggBot_GH\EBB_firmware\app.X\source\UBW.c
                   __pa_7   0x0083f4    program     static C:\Projects\EggBot_GH\EBB_firmware\app.X\source\RCServo2.c
                   __pa_7   0x0087b6    program     static C:\Projects\EggBot_GH\EBB_firmware\Microchip\USB\CDC Device Driver\usb_function_cdc.c
                   __pa_7   0x006966    program     static C:\Projects\EggBot_GH\EBB_firmware\app.X\source\UBW.c
                   __pa_7   0x0079ae    program     static C:\Projects\EggBot_GH\EBB_firmware\Microchip\USB\usb_device.c
                   __pa_7   0x0089dc    program     static C:\Projects\EggBot_GH\EBB_firmware\app.X\source\ebb_print.c
                   __pa_7   0x0036ba    program     static C:\Projects\EggBot_GH\EBB_firmware\app.X\source\ebb.c
                  __pa_70   0x003afe    program     static C:\Projects\EggBot_GH\EBB_firmware\app.X\source\ebb.c
                  __pa_70   0x006c74    program     static C:\Projects\EggBot_GH\EBB_firmware\app.X\source\UBW.c
                  __pa_71   0x003b14    program     static C:\Projects\EggBot_GH\EBB_firmware\app.X\source\ebb.c
                  __pa_71   0x006c7e    program     static C:\Projects\EggBot_GH\EBB_firmware\app.X\source\UBW.c
                  __pa_72   0x003b22    program     static C:\Projects\EggBot_GH\EBB_firmware\app.X\source\ebb.c
                  __pa_72   0x006c94    program     static C:\Projects\EggBot_GH\EBB_firmware\app.X\source\UBW.c
                  __pa_73   0x003b2c    program     static C:\Projects\EggBot_GH\EBB_firmware\app.X\source\ebb.c
                  __pa_73   0x006ca2    program     static C:\Projects\EggBot_GH\EBB_firmware\app.X\source\UBW.c
                  __pa_74   0x006cb0    program     static C:\Projects\EggBot_GH\EBB_firmware\app.X\source\UBW.c
                  __pa_74   0x003b36    program     static C:\Projects\EggBot_GH\EBB_firmware\app.X\source\ebb.c
                  __pa_75   0x003b40    program     static C:\Projects\EggBot_GH\EBB_firmware\app.X\source\ebb.c
                  __pa_75   0x006cb6    program     static C:\Projects\EggBot_GH\EBB_firmware\app.X\source\UBW.c
                  __pa_76   0x003b4a    program     static C:\Projects\EggBot_GH\EBB_firmware\app.X\source\ebb.c
                  __pa_76   0x006cc6    program     static C:\Projects\EggBot_GH\EBB_firmware\app.X\source\UBW.c
                  __pa_77   0x006cd6    program     static C:\Projects\EggBot_GH\EBB_firmware\app.X\source\UBW.c
                  __pa_77   0x003b50    program     static C:\Projects\EggBot_GH\EBB_firmware\app.X\source\ebb.c
                  __pa_78   0x003b64    program     static C:\Projects\EggBot_GH\EBB_firmware\app.X\source\ebb.c
                  __pa_78   0x006ce0    program     static C:\Projects\EggBot_GH\EBB_firmware\app.X\source\UBW.c
                  __pa_79   0x003b76    program     static C:\Projects\EggBot_GH\EBB_firmware\app.X\source\ebb.c
                  __pa_79   0x006cea    program     static C:\Projects\EggBot_GH\EBB_firmware\app.X\source\UBW.c
                   __pa_8   0x0089ea    program     static C:\Projects\EggBot_GH\EBB_firmware\app.X\source\ebb_print.c
                   __pa_8   0x0036d8    program     static C:\Projects\EggBot_GH\EBB_firmware\app.X\source\ebb.c
                   __pa_8   0x0079be    program     static C:\Projects\EggBot_GH\EBB_firmware\Microchip\USB\usb_device.c
                   __pa_8   0x006970    program     static C:\Projects\EggBot_GH\EBB_firmware\app.X\source\UBW.c
                   __pa_8   0x0083fc    program     static C:\Projects\EggBot_GH\EBB_firmware\app.X\source\RCServo2.c
                   __pa_8   0x0087c4    program     static C:\Projects\EggBot_GH\EBB_firmware\Microchip\USB\CDC Device Driver\usb_function_cdc.c
                  __pa_80   0x006cf2    program     static C:\Projects\EggBot_GH\EBB_firmware\app.X\source\UBW.c
                  __pa_80   0x003b88    program     static C:\Projects\EggBot_GH\EBB_firmware\app.X\source\ebb.c
                  __pa_81   0x003b9a    program     static C:\Projects\EggBot_GH\EBB_firmware\app.X\source\ebb.c
                  __pa_81   0x006cf8    program     static C:\Projects\EggBot_GH\EBB_firmware\app.X\source\UBW.c
                  __pa_82   0x003bac    program     static C:\Projects\EggBot_GH\EBB_firmware\app.X\source\ebb.c
                  __pa_82   0x006d04    program     static C:\Projects\EggBot_GH\EBB_firmware\app.X\source\UBW.c
                  __pa_83   0x003bb8    program     static C:\Projects\EggBot_GH\EBB_firmware\app.X\source\ebb.c
                  __pa_83   0x006d12    program     static C:\Projects\EggBot_GH\EBB_firmware\app.X\source\UBW.c
                  __pa_84   0x003bca    program     static C:\Projects\EggBot_GH\EBB_firmware\app.X\source\ebb.c
                  __pa_84   0x006d20    program     static C:\Projects\EggBot_GH\EBB_firmware\app.X\source\UBW.c
                  __pa_85   0x006d2c    program     static C:\Projects\EggBot_GH\EBB_firmware\app.X\source\UBW.c
                  __pa_85   0x003bdc    program     static C:\Projects\EggBot_GH\EBB_firmware\app.X\source\ebb.c
                  __pa_86   0x003bee    program     static C:\Projects\EggBot_GH\EBB_firmware\app.X\source\ebb.c
                  __pa_86   0x006d38    program     static C:\Projects\EggBot_GH\EBB_firmware\app.X\source\UBW.c
                  __pa_87   0x006d46    program     static C:\Projects\EggBot_GH\EBB_firmware\app.X\source\UBW.c
                  __pa_87   0x003c00    program     static C:\Projects\EggBot_GH\EBB_firmware\app.X\source\ebb.c
                  __pa_88   0x006d52    program     static C:\Projects\EggBot_GH\EBB_firmware\app.X\source\UBW.c
                  __pa_88   0x003c12    program     static C:\Projects\EggBot_GH\EBB_firmware\app.X\source\ebb.c
                  __pa_89   0x006d5c    program     static C:\Projects\EggBot_GH\EBB_firmware\app.X\source\UBW.c
                  __pa_89   0x003c24    program     static C:\Projects\EggBot_GH\EBB_firmware\app.X\source\ebb.c
                   __pa_9   0x0087ce    program     static C:\Projects\EggBot_GH\EBB_firmware\Microchip\USB\CDC Device Driver\usb_function_cdc.c
                   __pa_9   0x0036e4    program     static C:\Projects\EggBot_GH\EBB_firmware\app.X\source\ebb.c
                   __pa_9   0x0079c8    program     static C:\Projects\EggBot_GH\EBB_firmware\Microchip\USB\usb_device.c
                   __pa_9   0x006978    program     static C:\Projects\EggBot_GH\EBB_firmware\app.X\source\UBW.c
                   __pa_9   0x0089f4    program     static C:\Projects\EggBot_GH\EBB_firmware\app.X\source\ebb_print.c
                   __pa_9   0x008404    program     static C:\Projects\EggBot_GH\EBB_firmware\app.X\source\RCServo2.c
                  __pa_90   0x003c36    program     static C:\Projects\EggBot_GH\EBB_firmware\app.X\source\ebb.c
                  __pa_90   0x006d6a    program     static C:\Projects\EggBot_GH\EBB_firmware\app.X\source\UBW.c
                  __pa_91   0x006d76    program     static C:\Projects\EggBot_GH\EBB_firmware\app.X\source\UBW.c
                  __pa_91   0x003c48    program     static C:\Projects\EggBot_GH\EBB_firmware\app.X\source\ebb.c
                  __pa_92   0x006d7e    program     static C:\Projects\EggBot_GH\EBB_firmware\app.X\source\UBW.c
                  __pa_92   0x003c5a    program     static C:\Projects\EggBot_GH\EBB_firmware\app.X\source\ebb.c
                  __pa_93   0x006d88    program     static C:\Projects\EggBot_GH\EBB_firmware\app.X\source\UBW.c
                  __pa_93   0x003c6c    program     static C:\Projects\EggBot_GH\EBB_firmware\app.X\source\ebb.c
                  __pa_94   0x003c7e    program     static C:\Projects\EggBot_GH\EBB_firmware\app.X\source\ebb.c
                  __pa_94   0x006d92    program     static C:\Projects\EggBot_GH\EBB_firmware\app.X\source\UBW.c
                  __pa_95   0x006d9c    program     static C:\Projects\EggBot_GH\EBB_firmware\app.X\source\UBW.c
                  __pa_95   0x003c90    program     static C:\Projects\EggBot_GH\EBB_firmware\app.X\source\ebb.c
                  __pa_96   0x003c9c    program     static C:\Projects\EggBot_GH\EBB_firmware\app.X\source\ebb.c
                  __pa_96   0x006da4    program     static C:\Projects\EggBot_GH\EBB_firmware\app.X\source\UBW.c
                  __pa_97   0x006dac    program     static C:\Projects\EggBot_GH\EBB_firmware\app.X\source\UBW.c
                  __pa_97   0x003ca8    program     static C:\Projects\EggBot_GH\EBB_firmware\app.X\source\ebb.c
                  __pa_98   0x003cae    program     static C:\Projects\EggBot_GH\EBB_firmware\app.X\source\ebb.c
                  __pa_98   0x006dba    program     static C:\Projects\EggBot_GH\EBB_firmware\app.X\source\UBW.c
                  __pa_99   0x003cba    program     static C:\Projects\EggBot_GH\EBB_firmware\app.X\source\ebb.c
                  __pa_99   0x006dc6    program     static C:\Projects\EggBot_GH\EBB_firmware\app.X\source\UBW.c
               __string_0   0x007e90    program     static C:\Projects\EggBot_GH\EBB_firmware\app.X\source\ebb.c
               __string_1   0x007e8b    program     static C:\Projects\EggBot_GH\EBB_firmware\app.X\source\ebb.c
               __string_1   0x00803e    program     static C:\Projects\EggBot_GH\EBB_firmware\app.X\source\UBW.c
              __string_10   0x007de2    program     static C:\Projects\EggBot_GH\EBB_firmware\app.X\source\ebb.c
              __string_10   0x007f72    program     static C:\Projects\EggBot_GH\EBB_firmware\app.X\source\UBW.c
              __string_11   0x007f4c    program     static C:\Projects\EggBot_GH\EBB_firmware\app.X\source\UBW.c
              __string_11   0x007dbe    program     static C:\Projects\EggBot_GH\EBB_firmware\app.X\source\ebb.c
              __string_12   0x007d92    program     static C:\Projects\EggBot_GH\EBB_firmware\app.X\source\ebb.c
              __string_12   0x007f23    program     static C:\Projects\EggBot_GH\EBB_firmware\app.X\source\UBW.c
              __string_13   0x007d64    program     static C:\Projects\EggBot_GH\EBB_firmware\app.X\source\ebb.c
              __string_13   0x007f09    program     static C:\Projects\EggBot_GH\EBB_firmware\app.X\source\UBW.c
              __string_14   0x007f07    program     static C:\Projects\EggBot_GH\EBB_firmware\app.X\source\UBW.c
              __string_14   0x007d40    program     static C:\Projects\EggBot_GH\EBB_firmware\app.X\source\ebb.c
[...]
                   EECON2   0x000fa7       data     extern E:\3.46\pic18-lt\cxx-framework\src\traditional\proc\p18f46j50.asm
                   TXSTA2   0x000fa8       data     extern E:\3.46\pic18-lt\cxx-framework\src\traditional\proc\p18f46j50.asm
               TXSTA2bits   0x000fa8       data     extern E:\3.46\pic18-lt\cxx-framework\src\traditional\proc\p18f46j50.asm
                   TXREG2   0x000fa9       data     extern E:\3.46\pic18-lt\cxx-framework\src\traditional\proc\p18f46j50.asm
                   RCREG2   0x000faa       data     extern E:\3.46\pic18-lt\cxx-framework\src\traditional\proc\p18f46j50.asm
                   SPBRG2   0x000fab       data     extern E:\3.46\pic18-lt\cxx-framework\src\traditional\proc\p18f46j50.asm
                    RCSTA   0x000fac       data     extern E:\3.46\pic18-lt\cxx-framework\src\traditional\proc\p18f46j50.asm
                   RCSTA1   0x000fac       data     extern E:\3.46\pic18-lt\cxx-framework\src\traditional\proc\p18f46j50.asm
               RCSTA1bits   0x000fac       data     extern E:\3.46\pic18-lt\cxx-framework\src\traditional\proc\p18f46j50.asm
                RCSTAbits   0x000fac       data     extern E:\3.46\pic18-lt\cxx-framework\src\traditional\proc\p18f46j50.asm
                TXSTAbits   0x000fad       data     extern E:\3.46\pic18-lt\cxx-framework\src\traditional\proc\p18f46j50.asm
               TXSTA1bits   0x000fad       data     extern E:\3.46\pic18-lt\cxx-framework\src\traditional\proc\p18f46j50.asm
                   TXSTA1   0x000fad       data     extern E:\3.46\pic18-lt\cxx-framework\src\traditional\proc\p18f46j50.asm
                    TXSTA   0x000fad       data     extern E:\3.46\pic18-lt\cxx-framework\src\traditional\proc\p18f46j50.asm
                   TXREG1   0x000fae       data     extern E:\3.46\pic18-lt\cxx-framework\src\traditional\proc\p18f46j50.asm
                    TXREG   0x000fae       data     extern E:\3.46\pic18-lt\cxx-framework\src\traditional\proc\p18f46j50.asm
                   RCREG1   0x000faf       data     extern E:\3.46\pic18-lt\cxx-framework\src\traditional\proc\p18f46j50.asm
                    RCREG   0x000faf       data     extern E:\3.46\pic18-lt\cxx-framework\src\traditional\proc\p18f46j50.asm
                   SPBRG1   0x000fb0       data     extern E:\3.46\pic18-lt\cxx-framework\src\traditional\proc\p18f46j50.asm
                    SPBRG   0x000fb0       data     extern E:\3.46\pic18-lt\cxx-framework\src\traditional\proc\p18f46j50.asm
                 CTMUICON   0x000fb1       data     extern E:\3.46\pic18-lt\cxx-framework\src\traditional\proc\p18f46j50.asm
             CTMUICONbits   0x000fb1       data     extern E:\3.46\pic18-lt\cxx-framework\src\traditional\proc\p18f46j50.asm
                 CTMUCONL   0x000fb2       data     extern E:\3.46\pic18-lt\cxx-framework\src\traditional\proc\p18f46j50.asm
             CTMUCONLbits   0x000fb2       data     extern E:\3.46\pic18-lt\cxx-framework\src\traditional\proc\p18f46j50.asm
                 CTMUCONH   0x000fb3       data     extern E:\3.46\pic18-lt\cxx-framework\src\traditional\proc\p18f46j50.asm
             CTMUCONHbits   0x000fb3       data     extern E:\3.46\pic18-lt\cxx-framework\src\traditional\proc\p18f46j50.asm
                 ECCP2CON   0x000fb4       data     extern E:\3.46\pic18-lt\cxx-framework\src\traditional\proc\p18f46j50.asm
             ECCP2CONbits   0x000fb4       data     extern E:\3.46\pic18-lt\cxx-framework\src\traditional\proc\p18f46j50.asm
              CCP2CONbits   0x000fb4       data     extern E:\3.46\pic18-lt\cxx-framework\src\traditional\proc\p18f46j50.asm
                  CCP2CON   0x000fb4       data     extern E:\3.46\pic18-lt\cxx-framework\src\traditional\proc\p18f46j50.asm
                    CCPR2   0x000fb5       data     extern E:\3.46\pic18-lt\cxx-framework\src\traditional\proc\p18f46j50.asm
                   CCPR2L   0x000fb5       data     extern E:\3.46\pic18-lt\cxx-framework\src\traditional\proc\p18f46j50.asm
                   CCPR2H   0x000fb6       data     extern E:\3.46\pic18-lt\cxx-framework\src\traditional\proc\p18f46j50.asm
             ECCP2DELbits   0x000fb7       data     extern E:\3.46\pic18-lt\cxx-framework\src\traditional\proc\p18f46j50.asm
                 ECCP2DEL   0x000fb7       data     extern E:\3.46\pic18-lt\cxx-framework\src\traditional\proc\p18f46j50.asm
              PWM2CONbits   0x000fb7       data     extern E:\3.46\pic18-lt\cxx-framework\src\traditional\proc\p18f46j50.asm
                  PWM2CON   0x000fb7       data     extern E:\3.46\pic18-lt\cxx-framework\src\traditional\proc\p18f46j50.asm
              ECCP2ASbits   0x000fb8       data     extern E:\3.46\pic18-lt\cxx-framework\src\traditional\proc\p18f46j50.asm
                  ECCP2AS   0x000fb8       data     extern E:\3.46\pic18-lt\cxx-framework\src\traditional\proc\p18f46j50.asm
             PSTR2CONbits   0x000fb9       data     extern E:\3.46\pic18-lt\cxx-framework\src\traditional\proc\p18f46j50.asm
                 PSTR2CON   0x000fb9       data     extern E:\3.46\pic18-lt\cxx-framework\src\traditional\proc\p18f46j50.asm
              CCP1CONbits   0x000fba       data     extern E:\3.46\pic18-lt\cxx-framework\src\traditional\proc\p18f46j50.asm
                  CCP1CON   0x000fba       data     extern E:\3.46\pic18-lt\cxx-framework\src\traditional\proc\p18f46j50.asm
                 ECCP1CON   0x000fba       data     extern E:\3.46\pic18-lt\cxx-framework\src\traditional\proc\p18f46j50.asm
             ECCP1CONbits   0x000fba       data     extern E:\3.46\pic18-lt\cxx-framework\src\traditional\proc\p18f46j50.asm
                   CCPR1L   0x000fbb       data     extern E:\3.46\pic18-lt\cxx-framework\src\traditional\proc\p18f46j50.asm
                    CCPR1   0x000fbb       data     extern E:\3.46\pic18-lt\cxx-framework\src\traditional\proc\p18f46j50.asm
                   CCPR1H   0x000fbc       data     extern E:\3.46\pic18-lt\cxx-framework\src\traditional\proc\p18f46j50.asm
             ECCP1DELbits   0x000fbd       data     extern E:\3.46\pic18-lt\cxx-framework\src\traditional\proc\p18f46j50.asm
                 ECCP1DEL   0x000fbd       data     extern E:\3.46\pic18-lt\cxx-framework\src\traditional\proc\p18f46j50.asm
                  PWM1CON   0x000fbd       data     extern E:\3.46\pic18-lt\cxx-framework\src\traditional\proc\p18f46j50.asm
              PWM1CONbits   0x000fbd       data     extern E:\3.46\pic18-lt\cxx-framework\src\traditional\proc\p18f46j50.asm
              ECCP1ASbits   0x000fbe       data     extern E:\3.46\pic18-lt\cxx-framework\src\traditional\proc\p18f46j50.asm
                  ECCP1AS   0x000fbe       data     extern E:\3.46\pic18-lt\cxx-framework\src\traditional\proc\p18f46j50.asm
                 PSTR1CON   0x000fbf       data     extern E:\3.46\pic18-lt\cxx-framework\src\traditional\proc\p18f46j50.asm
             PSTR1CONbits   0x000fbf       data     extern E:\3.46\pic18-lt\cxx-framework\src\traditional\proc\p18f46j50.asm
               WDTCONbits   0x000fc0       data     extern E:\3.46\pic18-lt\cxx-framework\src\traditional\proc\p18f46j50.asm
                   WDTCON   0x000fc0       data     extern E:\3.46\pic18-lt\cxx-framework\src\traditional\proc\p18f46j50.asm
               ADCON1bits   0x000fc1       data     extern E:\3.46\pic18-lt\cxx-framework\src\traditional\proc\p18f46j50.asm
                   ADCON1   0x000fc1       data     extern E:\3.46\pic18-lt\cxx-framework\src\traditional\proc\p18f46j50.asm
                   ADCON0   0x000fc2       data     extern E:\3.46\pic18-lt\cxx-framework\src\traditional\proc\p18f46j50.asm
               ADCON0bits   0x000fc2       data     extern E:\3.46\pic18-lt\cxx-framework\src\traditional\proc\p18f46j50.asm
                    ADRES   0x000fc3       data     extern E:\3.46\pic18-lt\cxx-framework\src\traditional\proc\p18f46j50.asm
                   ADRESL   0x000fc3       data     extern E:\3.46\pic18-lt\cxx-framework\src\traditional\proc\p18f46j50.asm
                   ADRESH   0x000fc4       data     extern E:\3.46\pic18-lt\cxx-framework\src\traditional\proc\p18f46j50.asm
              SSPCON2bits   0x000fc5       data     extern E:\3.46\pic18-lt\cxx-framework\src\traditional\proc\p18f46j50.asm
                  SSPCON2   0x000fc5       data     extern E:\3.46\pic18-lt\cxx-framework\src\traditional\proc\p18f46j50.asm
             SSP1CON2bits   0x000fc5       data     extern E:\3.46\pic18-lt\cxx-framework\src\traditional\proc\p18f46j50.asm
                 SSP1CON2   0x000fc5       data     extern E:\3.46\pic18-lt\cxx-framework\src\traditional\proc\p18f46j50.asm
             SSP1CON1bits   0x000fc6       data     extern E:\3.46\pic18-lt\cxx-framework\src\traditional\proc\p18f46j50.asm
                 SSP1CON1   0x000fc6       data     extern E:\3.46\pic18-lt\cxx-framework\src\traditional\proc\p18f46j50.asm
                  SSPCON1   0x000fc6       data     extern E:\3.46\pic18-lt\cxx-framework\src\traditional\proc\p18f46j50.asm
              SSPCON1bits   0x000fc6       data     extern E:\3.46\pic18-lt\cxx-framework\src\traditional\proc\p18f46j50.asm
                 SSP1STAT   0x000fc7       data     extern E:\3.46\pic18-lt\cxx-framework\src\traditional\proc\p18f46j50.asm
             SSP1STATbits   0x000fc7       data     extern E:\3.46\pic18-lt\cxx-framework\src\traditional\proc\p18f46j50.asm
                  SSPSTAT   0x000fc7       data     extern E:\3.46\pic18-lt\cxx-framework\src\traditional\proc\p18f46j50.asm
              SSPSTATbits   0x000fc7       data     extern E:\3.46\pic18-lt\cxx-framework\src\traditional\proc\p18f46j50.asm
                   SSPADD   0x000fc8       data     extern E:\3.46\pic18-lt\cxx-framework\src\traditional\proc\p18f46j50.asm
               SSPADDbits   0x000fc8       data     extern E:\3.46\pic18-lt\cxx-framework\src\traditional\proc\p18f46j50.asm
              SSP1ADDbits   0x000fc8       data     extern E:\3.46\pic18-lt\cxx-framework\src\traditional\proc\p18f46j50.asm
                  SSP1ADD   0x000fc8       data     extern E:\3.46\pic18-lt\cxx-framework\src\traditional\proc\p18f46j50.asm
                  SSP1BUF   0x000fc9       data     extern E:\3.46\pic18-lt\cxx-framework\src\traditional\proc\p18f46j50.asm
                   SSPBUF   0x000fc9       data     extern E:\3.46\pic18-lt\cxx-framework\src\traditional\proc\p18f46j50.asm
                    T2CON   0x000fca       data     extern E:\3.46\pic18-lt\cxx-framework\src\traditional\proc\p18f46j50.asm
                T2CONbits   0x000fca       data     extern E:\3.46\pic18-lt\cxx-framework\src\traditional\proc\p18f46j50.asm
                      PR2   0x000fcb       data     extern E:\3.46\pic18-lt\cxx-framework\src\traditional\proc\p18f46j50.asm
                     TMR2   0x000fcc       data     extern E:\3.46\pic18-lt\cxx-framework\src\traditional\proc\p18f46j50.asm
                    T1CON   0x000fcd       data     extern E:\3.46\pic18-lt\cxx-framework\src\traditional\proc\p18f46j50.asm
                T1CONbits   0x000fcd       data     extern E:\3.46\pic18-lt\cxx-framework\src\traditional\proc\p18f46j50.asm
                    TMR1L   0x000fce       data     extern E:\3.46\pic18-lt\cxx-framework\src\traditional\proc\p18f46j50.asm
                    TMR1H   0x000fcf       data     extern E:\3.46\pic18-lt\cxx-framework\src\traditional\proc\p18f46j50.asm
                 RCONbits   0x000fd0       data     extern E:\3.46\pic18-lt\cxx-framework\src\traditional\proc\p18f46j50.asm
                     RCON   0x000fd0       data     extern E:\3.46\pic18-lt\cxx-framework\src\traditional\proc\p18f46j50.asm
                  CM2CON1   0x000fd1       data     extern E:\3.46\pic18-lt\cxx-framework\src\traditional\proc\p18f46j50.asm
                   CM2CON   0x000fd1       data     extern E:\3.46\pic18-lt\cxx-framework\src\traditional\proc\p18f46j50.asm
               CM2CONbits   0x000fd1       data     extern E:\3.46\pic18-lt\cxx-framework\src\traditional\proc\p18f46j50.asm
              CM2CON1bits   0x000fd1       data     extern E:\3.46\pic18-lt\cxx-framework\src\traditional\proc\p18f46j50.asm
                   CM1CON   0x000fd2       data     extern E:\3.46\pic18-lt\cxx-framework\src\traditional\proc\p18f46j50.asm
                  CM1CON1   0x000fd2       data     extern E:\3.46\pic18-lt\cxx-framework\src\traditional\proc\p18f46j50.asm
              CM1CON1bits   0x000fd2       data     extern E:\3.46\pic18-lt\cxx-framework\src\traditional\proc\p18f46j50.asm
               CM1CONbits   0x000fd2       data     extern E:\3.46\pic18-lt\cxx-framework\src\traditional\proc\p18f46j50.asm
                   OSCCON   0x000fd3       data     extern E:\3.46\pic18-lt\cxx-framework\src\traditional\proc\p18f46j50.asm
               OSCCONbits   0x000fd3       data     extern E:\3.46\pic18-lt\cxx-framework\src\traditional\proc\p18f46j50.asm
                T0CONbits   0x000fd5       data     extern E:\3.46\pic18-lt\cxx-framework\src\traditional\proc\p18f46j50.asm
                    T0CON   0x000fd5       data     extern E:\3.46\pic18-lt\cxx-framework\src\traditional\proc\p18f46j50.asm
                    TMR0L   0x000fd6       data     extern E:\3.46\pic18-lt\cxx-framework\src\traditional\proc\p18f46j50.asm
                    TMR0H   0x000fd7       data     extern E:\3.46\pic18-lt\cxx-framework\src\traditional\proc\p18f46j50.asm
               STATUSbits   0x000fd8       data     extern E:\3.46\pic18-lt\cxx-framework\src\traditional\proc\p18f46j50.asm
                   STATUS   0x000fd8       data     extern E:\3.46\pic18-lt\cxx-framework\src\traditional\proc\p18f46j50.asm
                     FSR2   0x000fd9       data     extern E:\3.46\pic18-lt\cxx-framework\src\traditional\proc\p18f46j50.asm
                    FSR2L   0x000fd9       data     extern E:\3.46\pic18-lt\cxx-framework\src\traditional\proc\p18f46j50.asm
                    FSR2H   0x000fda       data     extern E:\3.46\pic18-lt\cxx-framework\src\traditional\proc\p18f46j50.asm
                   PLUSW2   0x000fdb       data     extern E:\3.46\pic18-lt\cxx-framework\src\traditional\proc\p18f46j50.asm
                  PREINC2   0x000fdc       data     extern E:\3.46\pic18-lt\cxx-framework\src\traditional\proc\p18f46j50.asm
                 POSTDEC2   0x000fdd       data     extern E:\3.46\pic18-lt\cxx-framework\src\traditional\proc\p18f46j50.asm
                 POSTINC2   0x000fde       data     extern E:\3.46\pic18-lt\cxx-framework\src\traditional\proc\p18f46j50.asm
                    INDF2   0x000fdf       data     extern E:\3.46\pic18-lt\cxx-framework\src\traditional\proc\p18f46j50.asm
                      BSR   0x000fe0       data     extern E:\3.46\pic18-lt\cxx-framework\src\traditional\proc\p18f46j50.asm
                    FSR1L   0x000fe1       data     extern E:\3.46\pic18-lt\cxx-framework\src\traditional\proc\p18f46j50.asm
                     FSR1   0x000fe1       data     extern E:\3.46\pic18-lt\cxx-framework\src\traditional\proc\p18f46j50.asm
                    FSR1H   0x000fe2       data     extern E:\3.46\pic18-lt\cxx-framework\src\traditional\proc\p18f46j50.asm
                   PLUSW1   0x000fe3       data     extern E:\3.46\pic18-lt\cxx-framework\src\traditional\proc\p18f46j50.asm
                  PREINC1   0x000fe4       data     extern E:\3.46\pic18-lt\cxx-framework\src\traditional\proc\p18f46j50.asm
                 POSTDEC1   0x000fe5       data     extern E:\3.46\pic18-lt\cxx-framework\src\traditional\proc\p18f46j50.asm
                 POSTINC1   0x000fe6       data     extern E:\3.46\pic18-lt\cxx-framework\src\traditional\proc\p18f46j50.asm
                    INDF1   0x000fe7       data     extern E:\3.46\pic18-lt\cxx-framework\src\traditional\proc\p18f46j50.asm
                     WREG   0x000fe8       data     extern E:\3.46\pic18-lt\cxx-framework\src\traditional\proc\p18f46j50.asm
                     FSR0   0x000fe9       data     extern E:\3.46\pic18-lt\cxx-framework\src\traditional\proc\p18f46j50.asm
                    FSR0L   0x000fe9       data     extern E:\3.46\pic18-lt\cxx-framework\src\traditional\proc\p18f46j50.asm
                    FSR0H   0x000fea       data     extern E:\3.46\pic18-lt\cxx-framework\src\traditional\proc\p18f46j50.asm
                   PLUSW0   0x000feb       data     extern E:\3.46\pic18-lt\cxx-framework\src\traditional\proc\p18f46j50.asm
                  PREINC0   0x000fec       data     extern E:\3.46\pic18-lt\cxx-framework\src\traditional\proc\p18f46j50.asm
                 POSTDEC0   0x000fed       data     extern E:\3.46\pic18-lt\cxx-framework\src\traditional\proc\p18f46j50.asm
                 POSTINC0   0x000fee       data     extern E:\3.46\pic18-lt\cxx-framework\src\traditional\proc\p18f46j50.asm
                    INDF0   0x000fef       data     extern E:\3.46\pic18-lt\cxx-framework\src\traditional\proc\p18f46j50.asm
              INTCON3bits   0x000ff0       data     extern E:\3.46\pic18-lt\cxx-framework\src\traditional\proc\p18f46j50.asm
                  INTCON3   0x000ff0       data     extern E:\3.46\pic18-lt\cxx-framework\src\traditional\proc\p18f46j50.asm
              INTCON2bits   0x000ff1       data     extern E:\3.46\pic18-lt\cxx-framework\src\traditional\proc\p18f46j50.asm
                  INTCON2   0x000ff1       data     extern E:\3.46\pic18-lt\cxx-framework\src\traditional\proc\p18f46j50.asm
                   INTCON   0x000ff2       data     extern E:\3.46\pic18-lt\cxx-framework\src\traditional\proc\p18f46j50.asm
               INTCONbits   0x000ff2       data     extern E:\3.46\pic18-lt\cxx-framework\src\traditional\proc\p18f46j50.asm
                     PROD   0x000ff3       data     extern E:\3.46\pic18-lt\cxx-framework\src\traditional\proc\p18f46j50.asm
                    PRODL   0x000ff3       data     extern E:\3.46\pic18-lt\cxx-framework\src\traditional\proc\p18f46j50.asm
                    PRODH   0x000ff4       data     extern E:\3.46\pic18-lt\cxx-framework\src\traditional\proc\p18f46j50.asm
                   TABLAT   0x000ff5       data     extern E:\3.46\pic18-lt\cxx-framework\src\traditional\proc\p18f46j50.asm
                  TBLPTRL   0x000ff6       data     extern E:\3.46\pic18-lt\cxx-framework\src\traditional\proc\p18f46j50.asm
                   TBLPTR   0x000ff6       data     extern E:\3.46\pic18-lt\cxx-framework\src\traditional\proc\p18f46j50.asm
                  TBLPTRH   0x000ff7       data     extern E:\3.46\pic18-lt\cxx-framework\src\traditional\proc\p18f46j50.asm
                  TBLPTRU   0x000ff8       data     extern E:\3.46\pic18-lt\cxx-framework\src\traditional\proc\p18f46j50.asm
                      PCL   0x000ff9       data     extern E:\3.46\pic18-lt\cxx-framework\src\traditional\proc\p18f46j50.asm
                       PC   0x000ff9       data     extern E:\3.46\pic18-lt\cxx-framework\src\traditional\proc\p18f46j50.asm
                   PCLATH   0x000ffa       data     extern E:\3.46\pic18-lt\cxx-framework\src\traditional\proc\p18f46j50.asm
                   PCLATU   0x000ffb       data     extern E:\3.46\pic18-lt\cxx-framework\src\traditional\proc\p18f46j50.asm
               STKPTRbits   0x000ffc       data     extern E:\3.46\pic18-lt\cxx-framework\src\traditional\proc\p18f46j50.asm
                   STKPTR   0x000ffc       data     extern E:\3.46\pic18-lt\cxx-framework\src\traditional\proc\p18f46j50.asm
                      TOS   0x000ffd       data     extern E:\3.46\pic18-lt\cxx-framework\src\traditional\proc\p18f46j50.asm
                     TOSL   0x000ffd       data     extern E:\3.46\pic18-lt\cxx-framework\src\traditional\proc\p18f46j50.asm
                     TOSH   0x000ffe       data     extern E:\3.46\pic18-lt\cxx-framework\src\traditional\proc\p18f46j50.asm
                     TOSU   0x000fff       data     extern E:\3.46\pic18-lt\cxx-framework\src\traditional\proc\p18f46j50.asm


