MPLINK 5.00, LINKER
Linker Map File - Created Fri Oct 27 21:39:50 2023

                                 Section Info
                  Section       Type    Address   Location Size(Bytes)
                ---------  ---------  ---------  ---------  ---------
    REMAPPED_RESET_VECTOR       code   0x001000    program   0x000006
REMAPPED_HIGH_INTERRUPT_VECTOR       code   0x001008    program   0x000006
REMAPPED_LOW_INTERRUPT_VECTOR       code   0x001018    program   0x000006
                   .cinit    romdata   0x00102a    program   0x000026
              .code_ebb.o       code   0x001050    program   0x003490
              .code_UBW.o       code   0x0044e0    program   0x0029b6
       .code_usb_device.o       code   0x006e96    program   0x000d3e
             .stringtable    romdata   0x007bd4    program   0x000490
         .code_RCServo2.o       code   0x008064    program   0x0003ea
 .code_usb_function_cdc.o       code   0x00844e    program   0x0003c6
        .code_ebb_print.o       code   0x008814    program   0x000230
  .code_WriteBytesFlash.o       code   0x008a44    program   0x0001de
             .code_main.o       code   0x008c22    program   0x00014e
       .code_EraseFlash.o       code   0x008d70    program   0x0000f8
           .romdata_UBW.o    romdata   0x008e68    program   0x0000ac
               _cinit_scn       code   0x008f14    program   0x00009e
        .code_ReadFlash.o       code   0x008fb2    program   0x000092
           .code_u1open.o       code   0x009044    program   0x000072
          .code_fxm3232.o       code   0x0090b6    program   0x000070
                     PROG       code   0x009126    program   0x000068
.romdata_usb_descriptors.o    romdata   0x00918e    program   0x000057
        .romdata___init.o    romdata   0x0091e5    program   0x000000
        .idata___init.o_i    romdata   0x0091e5    program   0x000000
      .romdata_fxd3232u.o    romdata   0x0091e5    program   0x000000
       .idata_fxm3232.o_i    romdata   0x0091e5    program   0x000000
       .romdata_fxm3232.o    romdata   0x0091e5    program   0x000000
.romdata_WriteBytesFlash.o    romdata   0x0091e5    program   0x000000
.idata_WriteBytesFlash.o_i    romdata   0x0091e5    program   0x000000
        .idata_u1open.o_i    romdata   0x0091e5    program   0x000000
        .romdata_u1open.o    romdata   0x0091e5    program   0x000000
        .romdata_u1defs.o    romdata   0x0091e5    program   0x000000
        .idata_u1defs.o_i    romdata   0x0091e5    program   0x000000
       .romdata_u1write.o    romdata   0x0091e5    program   0x000000
     .idata_ReadFlash.o_i    romdata   0x0091e5    program   0x000000
       .idata_u1write.o_i    romdata   0x0091e5    program   0x000000
     .romdata_ReadFlash.o    romdata   0x0091e5    program   0x000000
       .idata_pow2x16.o_i    romdata   0x0091e5    program   0x000000
       .romdata_pow2x16.o    romdata   0x0091e5    program   0x000000
         .idata_c018i.o_i    romdata   0x0091e5    program   0x000000
         .romdata_c018i.o    romdata   0x0091e5    program   0x000000
    .idata_usb_device.o_i    romdata   0x0091e5    program   0x000000
    .romdata_usb_device.o    romdata   0x0091e5    program   0x000000
.idata_usb_function_cdc.o_i    romdata   0x0091e5    program   0x000000
.romdata_usb_function_cdc.o    romdata   0x0091e5    program   0x000000
           .romdata_ebb.o    romdata   0x0091e5    program   0x000000
          .idata_main.o_i    romdata   0x0091e5    program   0x000000
          .romdata_main.o    romdata   0x0091e5    program   0x000000
      .idata_RCServo2.o_i    romdata   0x0091e5    program   0x000000
      .idata_fxd3232u.o_i    romdata   0x0091e5    program   0x000000
    .romdata_EraseFlash.o    romdata   0x0091e5    program   0x000000
    .idata_EraseFlash.o_i    romdata   0x0091e5    program   0x000000
     .romdata_ebb_print.o    romdata   0x0091e5    program   0x000000
     .idata_ebb_print.o_i    romdata   0x0091e5    program   0x000000
      .romdata_RCServo2.o    romdata   0x0091e5    program   0x000000
           .code_u1defs.o       code   0x0091e6    program   0x000000
  .code_usb_descriptors.o       code   0x0091e6    program   0x000000
         .code_fxd3232u.o       code   0x0091e6    program   0x000048
            .code_c018i.o       code   0x0091e6    program   0x000000
                   STRING       code   0x00922e    program   0x000034
          .code_u1write.o       code   0x009262    program   0x00002e
                    CTYPE       code   0x009290    program   0x000028
                    .code       code   0x0092b8    program   0x000020
             _startup_scn       code   0x0092d8    program   0x00001c
          .code_pow2x16.o       code   0x0092f4    program   0x000016
           .code___init.o       code   0x00930a    program   0x000002
.idata_usb_descriptors.o_i    romdata   0x00930c    program   0x00007e
           .idata_ebb.o_i    romdata   0x00938a    program   0x000002
           .idata_UBW.o_i    romdata   0x00938c    program   0x000007
               ISR_access      udata   0x000000       data   0x000037
                MATH_DATA      udata   0x000037       data   0x000010
                 .tmpdata      udata   0x000047       data   0x000008
              low_ISR_tmp      udata   0x00004f       data   0x000004
             high_ISR_tmp      udata   0x000053       data   0x000004
         RC2Servo_globals      udata   0x000060       data   0x00002b
             .udata_UBW.o      udata   0x00008b       data   0x00006f
             .idata_ebb.o      idata   0x0000fa       data   0x000002
          .udata_u1defs.o      udata   0x0000fc       data   0x000001
        .udata_fxd3232u.o      udata   0x0000fd       data   0x000000
 .udata_usb_descriptors.o      udata   0x0000fd       data   0x000000
      .idata_EraseFlash.o      idata   0x0000fd       data   0x000000
       .idata_ebb_print.o      idata   0x0000fd       data   0x000000
      .udata_EraseFlash.o      udata   0x0000fd       data   0x000000
         .idata_pow2x16.o      idata   0x0000fd       data   0x000000
         .udata_pow2x16.o      udata   0x0000fd       data   0x000000
          .idata___init.o      idata   0x0000fd       data   0x000000
          .udata___init.o      udata   0x0000fd       data   0x000000
 .idata_WriteBytesFlash.o      idata   0x0000fd       data   0x000000
 .udata_WriteBytesFlash.o      udata   0x0000fd       data   0x000000
          .idata_u1defs.o      idata   0x0000fd       data   0x000000
         .idata_u1write.o      idata   0x0000fd       data   0x000000
         .udata_u1write.o      udata   0x0000fd       data   0x000000
       .idata_ReadFlash.o      idata   0x0000fd       data   0x000000
       .udata_ReadFlash.o      udata   0x0000fd       data   0x000000
      .idata_usb_device.o      idata   0x0000fd       data   0x000000
          .idata_u1open.o      idata   0x0000fd       data   0x000000
          .udata_u1open.o      udata   0x0000fd       data   0x000000
.idata_usb_function_cdc.o      idata   0x0000fd       data   0x000000
         .idata_fxm3232.o      idata   0x0000fd       data   0x000000
           .idata_c018i.o      idata   0x0000fd       data   0x000000
         .udata_fxm3232.o      udata   0x0000fd       data   0x000000
            .idata_main.o      idata   0x0000fd       data   0x000000
        .udata_RCServo2.o      udata   0x0000fd       data   0x000000
        .idata_RCServo2.o      idata   0x0000fd       data   0x000000
        .idata_fxd3232u.o      idata   0x0000fd       data   0x000000
                  ISR_buf      udata   0x000100       data   0x000029
             .udata_ebb.o      udata   0x000129       data   0x00004f
              ISR_globals      udata   0x000180       data   0x00006b
       .udata_ebb_print.o      udata   0x0001eb       data   0x00000e
             .idata_UBW.o      idata   0x0001f9       data   0x000007
               com_tx_buf      udata   0x000200       data   0x000080
 .idata_usb_descriptors.o      idata   0x000280       data   0x00007e
            .udata_main.o      udata   0x0002fe       data   0x000002
               com_rx_buf      udata   0x000300       data   0x000100
                  USB_BDT      udata   0x000400       data   0x000078
.udata_usb_function_cdc.o      udata   0x000500       data   0x0000a8
      .udata_usb_device.o      udata   0x0005a8       data   0x000034
           .udata_c018i.o      udata   0x0005dc       data   0x00000a
                 FIFO_scn      udata   0x000600       data   0x000800
                   .stack      udata   0x000e00       data   0x0000c0
              SFR_BANKED0      udata   0x000ec6       data   0x00000e
              SFR_BANKED1      udata   0x000ed7       data   0x000008
              SFR_BANKED2      udata   0x000ee7       data   0x000004
              SFR_BANKED3      udata   0x000eec       data   0x000003
              SFR_BANKED4      udata   0x000ef2       data   0x000002
              SFR_BANKED5      udata   0x000ef6       data   0x000002
              SFR_BANKED6      udata   0x000efb       data   0x000005
              SFR_BANKED7      udata   0x000f26       data   0x000014
              SFR_BANKED8      udata   0x000f3c       data   0x000007
              SFR_BANKED9      udata   0x000f48       data   0x000008
             SFR_BANKED10      udata   0x000f52       data   0x00000e
            SFR_UNBANKED0      udata   0x000f60       data   0x0000a0



                              Program Memory Usage 
                               Start         End      
                           ---------   ---------      
                            0x001000    0x001005      
                            0x001008    0x00100d      
                            0x001018    0x00101d      
                            0x00102a    0x0091e4      
                            0x0091e6    0x009392      
            33658 out of 63498 program addresses used, program memory utilization is 53%



                              Symbols - Sorted by Name
                     Name    Address   Location    Storage File                     
                ---------  ---------  ---------  --------- ---------                
          AnalogConfigure   0x005ab4    program     extern D:\Projects\EggBot1-GH\EBB_firmware\app.X\source\UBW.c
           BlinkUSBStatus   0x0067f8    program     extern D:\Projects\EggBot1-GH\EBB_firmware\app.X\source\UBW.c
                CDCInitEP   0x0084ea    program     extern D:\Projects\EggBot1-GH\EBB_firmware\Microchip\USB\CDC Device Driver\usb_function_cdc.c
             CDCTxService   0x008680    program     extern D:\Projects\EggBot1-GH\EBB_firmware\Microchip\USB\CDC Device Driver\usb_function_cdc.c
                   D3232S   0x009156    program     static E:\3.46\pic18-lt\cxx-framework\src\traditional\math\fxd3232s.asm
                D3232SNEG   0x009164    program     static E:\3.46\pic18-lt\cxx-framework\src\traditional\math\fxd3232s.asm
                 D3232SOK   0x009160    program     static E:\3.46\pic18-lt\cxx-framework\src\traditional\math\fxd3232s.asm
                  D3232SX   0x009184    program     static E:\3.46\pic18-lt\cxx-framework\src\traditional\math\fxd3232s.asm
                  DA3232S   0x009140    program     static E:\3.46\pic18-lt\cxx-framework\src\traditional\math\fxd3232s.asm
                 EBB_Init   0x001c28    program     extern D:\Projects\EggBot1-GH\EBB_firmware\app.X\source\ebb.c
               EraseFlash   0x008d70    program     extern E:\3.46\pic18-lt\cxx-framework\src\pmc_common\Flash\EraseFlash.c
                 FXD3232S   0x009126    program     extern E:\3.46\pic18-lt\cxx-framework\src\traditional\math\fxd3232s.asm
                 FXD3232U   0x0091e6    program     extern E:\3.46\pic18-lt\cxx-framework\src\traditional\math\fxd3232u.c
                  FXM3232   0x0090b6    program     extern E:\3.46\pic18-lt\cxx-framework\src\traditional\math\fxm3232.c
         InitializeSystem   0x008c32    program     static D:\Projects\EggBot1-GH\EBB_firmware\app.X\source\main.c
                LongDelay   0x0060f2    program     extern D:\Projects\EggBot1-GH\EBB_firmware\app.X\source\UBW.c
               Open1USART   0x009044    program     extern E:\3.46\pic18-lt\cxx-framework\src\pmc_common\USART\u1open.c
                ProcessIO   0x004ac6    program     extern D:\Projects\EggBot1-GH\EBB_firmware\app.X\source\UBW.c
            RCServo2_Init   0x008064    program     extern D:\Projects\EggBot1-GH\EBB_firmware\app.X\source\RCServo2.c
            RCServo2_Move   0x0081fe    program     extern D:\Projects\EggBot1-GH\EBB_firmware\app.X\source\RCServo2.c
      RCServo2_S2_command   0x008154    program     extern D:\Projects\EggBot1-GH\EBB_firmware\app.X\source\RCServo2.c
RCServo2_get_channel_from_RPn   0x008116    program     extern D:\Projects\EggBot1-GH\EBB_firmware\app.X\source\RCServo2.c
                   RPnBit   0x008efb    program     extern D:\Projects\EggBot1-GH\EBB_firmware\app.X\source\UBW.c
               RPnLATPort   0x008ec9    program     extern D:\Projects\EggBot1-GH\EBB_firmware\app.X\source\UBW.c
              RPnTRISPort   0x008e97    program     extern D:\Projects\EggBot1-GH\EBB_firmware\app.X\source\UBW.c
                ReadFlash   0x008fb2    program     extern E:\3.46\pic18-lt\cxx-framework\src\pmc_common\Flash\ReadFlash.c
        Remapped_High_ISR   0x001008    program     extern D:\Projects\EggBot1-GH\EBB_firmware\app.X\source\main.c
         Remapped_Low_ISR   0x001018    program     extern D:\Projects\EggBot1-GH\EBB_firmware\app.X\source\main.c
         SetPinLATFromRPn   0x0068d4    program     extern D:\Projects\EggBot1-GH\EBB_firmware\app.X\source\UBW.c
        SetPinTRISFromRPn   0x006930    program     extern D:\Projects\EggBot1-GH\EBB_firmware\app.X\source\UBW.c
       USBCBCheckOtherReq   0x008c8e    program     extern D:\Projects\EggBot1-GH\EBB_firmware\app.X\source\main.c
        USBCBErrorHandler   0x008c8c    program     extern D:\Projects\EggBot1-GH\EBB_firmware\app.X\source\main.c
              USBCBInitEP   0x008c94    program     extern D:\Projects\EggBot1-GH\EBB_firmware\app.X\source\main.c
          USBCBSendResume   0x008c98    program     extern D:\Projects\EggBot1-GH\EBB_firmware\app.X\source\main.c
    USBCBStdSetDscHandler   0x008c92    program     extern D:\Projects\EggBot1-GH\EBB_firmware\app.X\source\main.c
             USBCBSuspend   0x008c86    program     extern D:\Projects\EggBot1-GH\EBB_firmware\app.X\source\main.c
     USBCBWakeFromSuspend   0x008c88    program     extern D:\Projects\EggBot1-GH\EBB_firmware\app.X\source\main.c
        USBCB_SOF_Handler   0x008c8a    program     extern D:\Projects\EggBot1-GH\EBB_firmware\app.X\source\main.c
       USBCDCEventHandler   0x00852c    program     extern D:\Projects\EggBot1-GH\EBB_firmware\Microchip\USB\CDC Device Driver\usb_function_cdc.c
              USBCancelIO   0x0071c2    program     extern D:\Projects\EggBot1-GH\EBB_firmware\Microchip\USB\usb_device.c
       USBCheckCDCRequest   0x00844e    program     extern D:\Projects\EggBot1-GH\EBB_firmware\Microchip\USB\CDC Device Driver\usb_function_cdc.c
       USBCheckStdRequest   0x0077c2    program     static D:\Projects\EggBot1-GH\EBB_firmware\Microchip\USB\usb_device.c
     USBConfigureEndpoint   0x007282    program     static D:\Projects\EggBot1-GH\EBB_firmware\Microchip\USB\usb_device.c
  USBCtrlEPAllowDataStage   0x007244    program     extern D:\Projects\EggBot1-GH\EBB_firmware\Microchip\USB\usb_device.c
USBCtrlEPAllowStatusStage   0x0071f8    program     extern D:\Projects\EggBot1-GH\EBB_firmware\Microchip\USB\usb_device.c
         USBCtrlEPService   0x007666    program     static D:\Projects\EggBot1-GH\EBB_firmware\Microchip\USB\usb_device.c
 USBCtrlEPServiceComplete   0x0072de    program     static D:\Projects\EggBot1-GH\EBB_firmware\Microchip\USB\usb_device.c
      USBCtrlTrfInHandler   0x007748    program     static D:\Projects\EggBot1-GH\EBB_firmware\Microchip\USB\usb_device.c
     USBCtrlTrfOutHandler   0x00772a    program     static D:\Projects\EggBot1-GH\EBB_firmware\Microchip\USB\usb_device.c
      USBCtrlTrfRxService   0x0073b8    program     static D:\Projects\EggBot1-GH\EBB_firmware\Microchip\USB\usb_device.c
   USBCtrlTrfSetupHandler   0x0076f4    program     static D:\Projects\EggBot1-GH\EBB_firmware\Microchip\USB\usb_device.c
      USBCtrlTrfTxService   0x007338    program     static D:\Projects\EggBot1-GH\EBB_firmware\Microchip\USB\usb_device.c
            USBDeviceInit   0x006e96    program     extern D:\Projects\EggBot1-GH\EBB_firmware\Microchip\USB\usb_device.c
           USBDeviceTasks   0x006f62    program     extern D:\Projects\EggBot1-GH\EBB_firmware\Microchip\USB\usb_device.c
        USBEnableEndpoint   0x0070bc    program     extern D:\Projects\EggBot1-GH\EBB_firmware\Microchip\USB\usb_device.c
         USBStallEndpoint   0x007190    program     extern D:\Projects\EggBot1-GH\EBB_firmware\Microchip\USB\usb_device.c
          USBStallHandler   0x007614    program     static D:\Projects\EggBot1-GH\EBB_firmware\Microchip\USB\usb_device.c
  USBStdFeatureReqHandler   0x00786a    program     static D:\Projects\EggBot1-GH\EBB_firmware\Microchip\USB\usb_device.c
      USBStdGetDscHandler   0x0074f8    program     static D:\Projects\EggBot1-GH\EBB_firmware\Microchip\USB\usb_device.c
   USBStdGetStatusHandler   0x00759e    program     static D:\Projects\EggBot1-GH\EBB_firmware\Microchip\USB\usb_device.c
      USBStdSetCfgHandler   0x007480    program     static D:\Projects\EggBot1-GH\EBB_firmware\Microchip\USB\usb_device.c
               USBSuspend   0x007636    program     static D:\Projects\EggBot1-GH\EBB_firmware\Microchip\USB\usb_device.c
     USBTransferOnePacket   0x007104    program     extern D:\Projects\EggBot1-GH\EBB_firmware\Microchip\USB\usb_device.c
       USBWakeFromSuspend   0x00764c    program     static D:\Projects\EggBot1-GH\EBB_firmware\Microchip\USB\usb_device.c
               USB_CD_Ptr   0x0091e3    program     extern D:\Projects\EggBot1-GH\EBB_firmware\app.X\source\usb_descriptors.c
USER_USB_CALLBACK_EVENT_HANDLER   0x008cdc    program     extern D:\Projects\EggBot1-GH\EBB_firmware\app.X\source\main.c
                 UserInit   0x00493a    program     extern D:\Projects\EggBot1-GH\EBB_firmware\app.X\source\UBW.c
              Write1USART   0x009262    program     extern E:\3.46\pic18-lt\cxx-framework\src\pmc_common\USART\u1write.c
          WriteBytesFlash   0x008a44    program     extern E:\3.46\pic18-lt\cxx-framework\src\pmc_common\Flash\WriteBytesFlash.c
              _2jContinue   0x00924e    program     static E:\3.46\pic18-lt\cxx-framework\src\traditional\stdclib\memset.asm
                   _3jEnd   0x009258    program     static E:\3.46\pic18-lt\cxx-framework\src\traditional\stdclib\memset.asm
       ___case_0_lbl00242   0x00572e    program     static                          
       ___case_1_lbl00243   0x00572e    program     static                          
       ___case_2_lbl00241   0x00571a    program     static                          
       ___case_3_lbl00245   0x005734    program     static                          
      ___default_lbl00244   0x00572e    program     static                          
         ___else_lbl00218   0x0054c6    program     static                          
         ___else_lbl00221   0x005504    program     static                          
         ___else_lbl00223   0x005546    program     static                          
         ___else_lbl00225   0x00552a    program     static                          
         ___else_lbl00230   0x0055cc    program     static                          
         ___else_lbl00232   0x0055b0    program     static                          
         ___else_lbl00234   0x0055f2    program     static                          
         ___else_lbl00237   0x005674    program     static                          
         ___else_lbl00239   0x0056a6    program     static                          
         ___else_lbl00247   0x005704    program     static                          
         ___else_lbl00249   0x00578a    program     static                          
         ___else_lbl00251   0x005766    program     static                          
         ___else_lbl00253   0x0057e0    program     static                          
         ___else_lbl00255   0x0057b0    program     static                          
         ___else_lbl00257   0x005836    program     static                          
         ___else_lbl00259   0x005806    program     static                          
         ___else_lbl00261   0x005888    program     static                          
         ___else_lbl00263   0x00585a    program     static                          
         ___else_lbl00267   0x005916    program     static                          
         ___else_lbl00269   0x0058e8    program     static                          
         ___else_lbl00271   0x00591c    program     static                          
         ___else_lbl00273   0x0058cc    program     static                          
         ___else_lbl00275   0x00588e    program     static                          
         ___else_lbl00277   0x00583c    program     static                          
         ___else_lbl00279   0x0057e6    program     static                          
         ___else_lbl00281   0x005790    program     static                          
         ___else_lbl00283   0x005748    program     static                          
         ___else_lbl00285   0x0056d0    program     static                          
         ___else_lbl00287   0x0056ac    program     static                          
         ___else_lbl00289   0x00567e    program     static                          
         ___else_lbl00291   0x00564c    program     static                          
         ___else_lbl00293   0x005626    program     static                          
         ___else_lbl00295   0x0055fa    program     static                          
         ___else_lbl00297   0x0055d2    program     static                          
         ___else_lbl00299   0x005590    program     static                          
         ___else_lbl00301   0x00554c    program     static                          
         ___else_lbl00303   0x00550a    program     static                          
         ___else_lbl00305   0x0054cc    program     static                          
          ___for_lbl00416   0x001c90    program     static                          
          ___for_lbl00417   0x001c94    program     static                          
          ___for_lbl00418   0x001c34    program     static                          
          ___for_lbl00419   0x001d80    program     static                          
          ___for_lbl00420   0x001d84    program     static                          
          ___for_lbl00421   0x001d6c    program     static                          
          ___for_lbl00427   0x006114    program     static                          
          ___for_lbl00428   0x006118    program     static                          
          ___for_lbl00431   0x0060fe    program     static                          
           ___if_lbl00005   0x008b8c    program     static                          
           ___if_lbl00006   0x008bae    program     static                          
           ___if_lbl00007   0x008bc6    program     static                          
           ___if_lbl00215   0x005494    program     static                          
           ___if_lbl00217   0x0054ca    program     static                          
           ___if_lbl00220   0x005508    program     static                          
           ___if_lbl00222   0x00554a    program     static                          
           ___if_lbl00224   0x00554a    program     static                          
           ___if_lbl00226   0x00557e    program     static                          
           ___if_lbl00229   0x0055d0    program     static                          
           ___if_lbl00231   0x0055d0    program     static                          
           ___if_lbl00233   0x0055f8    program     static                          
           ___if_lbl00235   0x005624    program     static                          
           ___if_lbl00236   0x00567c    program     static                          
           ___if_lbl00238   0x0056aa    program     static                          
           ___if_lbl00246   0x005742    program     static                          
           ___if_lbl00248   0x00578e    program     static                          
           ___if_lbl00250   0x00578e    program     static                          
           ___if_lbl00252   0x0057e4    program     static                          
           ___if_lbl00254   0x0057e4    program     static                          
           ___if_lbl00256   0x00583a    program     static                          
           ___if_lbl00258   0x00583a    program     static                          
           ___if_lbl00260   0x00588c    program     static                          
           ___if_lbl00262   0x00588c    program     static                          
           ___if_lbl00266   0x00591a    program     static                          
           ___if_lbl00268   0x00591a    program     static                          
           ___if_lbl00270   0x005920    program     static                          
           ___if_lbl00272   0x005920    program     static                          
           ___if_lbl00274   0x005920    program     static                          
           ___if_lbl00276   0x005920    program     static                          
           ___if_lbl00278   0x005920    program     static                          
           ___if_lbl00280   0x005920    program     static                          
           ___if_lbl00282   0x005920    program     static                          
           ___if_lbl00284   0x005920    program     static                          
           ___if_lbl00286   0x005920    program     static                          
           ___if_lbl00288   0x005920    program     static                          
           ___if_lbl00290   0x005920    program     static                          
           ___if_lbl00292   0x005920    program     static                          
           ___if_lbl00294   0x005920    program     static                          
           ___if_lbl00296   0x005920    program     static                          
           ___if_lbl00298   0x005920    program     static                          
           ___if_lbl00300   0x005920    program     static                          
           ___if_lbl00302   0x005920    program     static                          
           ___if_lbl00304   0x005920    program     static                          
       ___return_lbl00000   0x001004    program     static                          
       ___return_lbl00000   0x009308    program     static                          
       ___return_lbl00000   0x00902c    program     static                          
       ___return_lbl00000   0x009124    program     static                          
       ___return_lbl00000   0x00922c    program     static                          
       ___return_lbl00000   0x0092f2    program     static                          
       ___return_lbl00000   0x008c0a    program     static                          
       ___return_lbl00001   0x00100c    program     static                          
       ___return_lbl00001   0x008fb0    program     static                          
       ___return_lbl00002   0x00101c    program     static                          
       ___return_lbl00050   0x0048c0    program     static                          
       ___return_lbl00214   0x005926    program     static                          
       ___return_lbl00415   0x001dc0    program     static                          
       ___return_lbl00426   0x006118    program     static                          
       ___return_lbl00432   0x006130    program     static                          
       ___return_lbl00433   0x00613e    program     static                          
   ___switchexit_lbl00240   0x005742    program     static                          
        ___while_lbl00001   0x008b2e    program     static                          
        ___while_lbl00001   0x008ffa    program     static                          
        ___while_lbl00002   0x00902c    program     static                          
        ___while_lbl00002   0x008c0a    program     static                          
        ___while_lbl00003   0x008b52    program     static                          
        ___while_lbl00004   0x008b8e    program     static                          
        ___while_lbl00051   0x004896    program     static                          
        ___while_lbl00052   0x0048c0    program     static                          
        ___while_lbl00227   0x00557e    program     static                          
        ___while_lbl00228   0x005588    program     static                          
        ___while_lbl00264   0x0058a0    program     static                          
        ___while_lbl00265   0x0058ca    program     static                          
        ___while_lbl00429   0x006106    program     static                          
        ___while_lbl00430   0x006114    program     static                          
                   __init   0x00930a    program     extern E:\3.46\pic18-lt\cxx-framework\src\traditional\stdclib\__init.c
                   __pa_0   0x00698c    program     static D:\Projects\EggBot1-GH\EBB_firmware\app.X\source\UBW.c
                   __pa_0   0x008e5a    program     static E:\3.46\pic18-lt\cxx-framework\src\pmc_common\Flash\EraseFlash.c
                   __pa_0   0x00875a    program     static D:\Projects\EggBot1-GH\EBB_firmware\Microchip\USB\CDC Device Driver\usb_function_cdc.c
                   __pa_0   0x0083be    program     static D:\Projects\EggBot1-GH\EBB_firmware\app.X\source\RCServo2.c
                   __pa_0   0x008966    program     static D:\Projects\EggBot1-GH\EBB_firmware\app.X\source\ebb_print.c
                   __pa_0   0x00367c    program     static D:\Projects\EggBot1-GH\EBB_firmware\app.X\source\ebb.c
                   __pa_0   0x007994    program     static D:\Projects\EggBot1-GH\EBB_firmware\Microchip\USB\usb_device.c
                   __pa_1   0x006992    program     static D:\Projects\EggBot1-GH\EBB_firmware\app.X\source\UBW.c
                   __pa_1   0x008774    program     static D:\Projects\EggBot1-GH\EBB_firmware\Microchip\USB\CDC Device Driver\usb_function_cdc.c
                   __pa_1   0x0083c6    program     static D:\Projects\EggBot1-GH\EBB_firmware\app.X\source\RCServo2.c
                   __pa_1   0x008980    program     static D:\Projects\EggBot1-GH\EBB_firmware\app.X\source\ebb_print.c
                   __pa_1   0x00799c    program     static D:\Projects\EggBot1-GH\EBB_firmware\Microchip\USB\usb_device.c
                   __pa_1   0x003688    program     static D:\Projects\EggBot1-GH\EBB_firmware\app.X\source\ebb.c
                  __pa_10   0x008426    program     static D:\Projects\EggBot1-GH\EBB_firmware\app.X\source\RCServo2.c
                  __pa_10   0x00384a    program     static D:\Projects\EggBot1-GH\EBB_firmware\app.X\source\ebb.c
                  __pa_10   0x0079fa    program     static D:\Projects\EggBot1-GH\EBB_firmware\Microchip\USB\usb_device.c
                  __pa_10   0x0087fa    program     static D:\Projects\EggBot1-GH\EBB_firmware\Microchip\USB\CDC Device Driver\usb_function_cdc.c
                  __pa_10   0x008a24    program     static D:\Projects\EggBot1-GH\EBB_firmware\app.X\source\ebb_print.c
                  __pa_10   0x0069e0    program     static D:\Projects\EggBot1-GH\EBB_firmware\app.X\source\UBW.c
                 __pa_100   0x003e16    program     static D:\Projects\EggBot1-GH\EBB_firmware\app.X\source\ebb.c
                 __pa_100   0x006e24    program     static D:\Projects\EggBot1-GH\EBB_firmware\app.X\source\UBW.c
                 __pa_101   0x003e20    program     static D:\Projects\EggBot1-GH\EBB_firmware\app.X\source\ebb.c
                 __pa_101   0x006e2c    program     static D:\Projects\EggBot1-GH\EBB_firmware\app.X\source\UBW.c
                 __pa_102   0x003e30    program     static D:\Projects\EggBot1-GH\EBB_firmware\app.X\source\ebb.c
                 __pa_102   0x006e36    program     static D:\Projects\EggBot1-GH\EBB_firmware\app.X\source\UBW.c
                 __pa_103   0x003e40    program     static D:\Projects\EggBot1-GH\EBB_firmware\app.X\source\ebb.c
                 __pa_103   0x006e3e    program     static D:\Projects\EggBot1-GH\EBB_firmware\app.X\source\UBW.c
                 __pa_104   0x003e50    program     static D:\Projects\EggBot1-GH\EBB_firmware\app.X\source\ebb.c
                 __pa_104   0x006e46    program     static D:\Projects\EggBot1-GH\EBB_firmware\app.X\source\UBW.c
                 __pa_105   0x003e60    program     static D:\Projects\EggBot1-GH\EBB_firmware\app.X\source\ebb.c
                 __pa_105   0x006e4e    program     static D:\Projects\EggBot1-GH\EBB_firmware\app.X\source\UBW.c
                 __pa_106   0x003e70    program     static D:\Projects\EggBot1-GH\EBB_firmware\app.X\source\ebb.c
                 __pa_106   0x006e56    program     static D:\Projects\EggBot1-GH\EBB_firmware\app.X\source\UBW.c
                 __pa_107   0x003e80    program     static D:\Projects\EggBot1-GH\EBB_firmware\app.X\source\ebb.c
                 __pa_107   0x006e5e    program     static D:\Projects\EggBot1-GH\EBB_firmware\app.X\source\UBW.c
                 __pa_108   0x003e90    program     static D:\Projects\EggBot1-GH\EBB_firmware\app.X\source\ebb.c
                 __pa_108   0x006e64    program     static D:\Projects\EggBot1-GH\EBB_firmware\app.X\source\UBW.c
                 __pa_109   0x006e72    program     static D:\Projects\EggBot1-GH\EBB_firmware\app.X\source\UBW.c
                 __pa_109   0x003e96    program     static D:\Projects\EggBot1-GH\EBB_firmware\app.X\source\ebb.c
                  __pa_11   0x008808    program     static D:\Projects\EggBot1-GH\EBB_firmware\Microchip\USB\CDC Device Driver\usb_function_cdc.c
                  __pa_11   0x008a2c    program     static D:\Projects\EggBot1-GH\EBB_firmware\app.X\source\ebb_print.c
                  __pa_11   0x007a0a    program     static D:\Projects\EggBot1-GH\EBB_firmware\Microchip\USB\usb_device.c
                  __pa_11   0x003868    program     static D:\Projects\EggBot1-GH\EBB_firmware\app.X\source\ebb.c
                  __pa_11   0x008430    program     static D:\Projects\EggBot1-GH\EBB_firmware\app.X\source\RCServo2.c
                  __pa_11   0x0069ea    program     static D:\Projects\EggBot1-GH\EBB_firmware\app.X\source\UBW.c
                 __pa_110   0x003ea6    program     static D:\Projects\EggBot1-GH\EBB_firmware\app.X\source\ebb.c
                 __pa_110   0x006e7a    program     static D:\Projects\EggBot1-GH\EBB_firmware\app.X\source\UBW.c
                 __pa_111   0x003eae    program     static D:\Projects\EggBot1-GH\EBB_firmware\app.X\source\ebb.c
                 __pa_111   0x006e84    program     static D:\Projects\EggBot1-GH\EBB_firmware\app.X\source\UBW.c
                 __pa_112   0x003eb6    program     static D:\Projects\EggBot1-GH\EBB_firmware\app.X\source\ebb.c
                 __pa_112   0x006e8e    program     static D:\Projects\EggBot1-GH\EBB_firmware\app.X\source\UBW.c
                 __pa_113   0x003ec4    program     static D:\Projects\EggBot1-GH\EBB_firmware\app.X\source\ebb.c
                 __pa_114   0x003ed2    program     static D:\Projects\EggBot1-GH\EBB_firmware\app.X\source\ebb.c
                 __pa_115   0x003ee0    program     static D:\Projects\EggBot1-GH\EBB_firmware\app.X\source\ebb.c
                 __pa_116   0x003eee    program     static D:\Projects\EggBot1-GH\EBB_firmware\app.X\source\ebb.c
                 __pa_117   0x003efc    program     static D:\Projects\EggBot1-GH\EBB_firmware\app.X\source\ebb.c
                 __pa_118   0x003f0a    program     static D:\Projects\EggBot1-GH\EBB_firmware\app.X\source\ebb.c
                 __pa_119   0x003f18    program     static D:\Projects\EggBot1-GH\EBB_firmware\app.X\source\ebb.c
                  __pa_12   0x007a14    program     static D:\Projects\EggBot1-GH\EBB_firmware\Microchip\USB\usb_device.c
                  __pa_12   0x008a38    program     static D:\Projects\EggBot1-GH\EBB_firmware\app.X\source\ebb_print.c
                  __pa_12   0x008440    program     static D:\Projects\EggBot1-GH\EBB_firmware\app.X\source\RCServo2.c
                  __pa_12   0x0069f4    program     static D:\Projects\EggBot1-GH\EBB_firmware\app.X\source\UBW.c
                  __pa_12   0x00387e    program     static D:\Projects\EggBot1-GH\EBB_firmware\app.X\source\ebb.c
                 __pa_120   0x003f22    program     static D:\Projects\EggBot1-GH\EBB_firmware\app.X\source\ebb.c
                 __pa_121   0x003f2c    program     static D:\Projects\EggBot1-GH\EBB_firmware\app.X\source\ebb.c
                 __pa_122   0x003f36    program     static D:\Projects\EggBot1-GH\EBB_firmware\app.X\source\ebb.c
                 __pa_123   0x003f40    program     static D:\Projects\EggBot1-GH\EBB_firmware\app.X\source\ebb.c
                 __pa_124   0x003f4a    program     static D:\Projects\EggBot1-GH\EBB_firmware\app.X\source\ebb.c
                 __pa_125   0x003f54    program     static D:\Projects\EggBot1-GH\EBB_firmware\app.X\source\ebb.c
                 __pa_126   0x003f5e    program     static D:\Projects\EggBot1-GH\EBB_firmware\app.X\source\ebb.c
                 __pa_127   0x003f68    program     static D:\Projects\EggBot1-GH\EBB_firmware\app.X\source\ebb.c
                 __pa_128   0x003f72    program     static D:\Projects\EggBot1-GH\EBB_firmware\app.X\source\ebb.c
                 __pa_129   0x003fc8    program     static D:\Projects\EggBot1-GH\EBB_firmware\app.X\source\ebb.c
                  __pa_13   0x006a02    program     static D:\Projects\EggBot1-GH\EBB_firmware\app.X\source\UBW.c
                  __pa_13   0x007a28    program     static D:\Projects\EggBot1-GH\EBB_firmware\Microchip\USB\usb_device.c
                  __pa_13   0x003888    program     static D:\Projects\EggBot1-GH\EBB_firmware\app.X\source\ebb.c
                 __pa_130   0x003fce    program     static D:\Projects\EggBot1-GH\EBB_firmware\app.X\source\ebb.c
                 __pa_131   0x003fda    program     static D:\Projects\EggBot1-GH\EBB_firmware\app.X\source\ebb.c
                 __pa_132   0x004016    program     static D:\Projects\EggBot1-GH\EBB_firmware\app.X\source\ebb.c
                 __pa_133   0x004020    program     static D:\Projects\EggBot1-GH\EBB_firmware\app.X\source\ebb.c
                 __pa_134   0x004026    program     static D:\Projects\EggBot1-GH\EBB_firmware\app.X\source\ebb.c
                 __pa_135   0x00402c    program     static D:\Projects\EggBot1-GH\EBB_firmware\app.X\source\ebb.c
                 __pa_136   0x004032    program     static D:\Projects\EggBot1-GH\EBB_firmware\app.X\source\ebb.c
                 __pa_137   0x00403c    program     static D:\Projects\EggBot1-GH\EBB_firmware\app.X\source\ebb.c
                 __pa_138   0x004054    program     static D:\Projects\EggBot1-GH\EBB_firmware\app.X\source\ebb.c
                 __pa_139   0x004066    program     static D:\Projects\EggBot1-GH\EBB_firmware\app.X\source\ebb.c
                  __pa_14   0x007a3c    program     static D:\Projects\EggBot1-GH\EBB_firmware\Microchip\USB\usb_device.c
                  __pa_14   0x003892    program     static D:\Projects\EggBot1-GH\EBB_firmware\app.X\source\ebb.c
                  __pa_14   0x006a1a    program     static D:\Projects\EggBot1-GH\EBB_firmware\app.X\source\UBW.c
                 __pa_140   0x004086    program     static D:\Projects\EggBot1-GH\EBB_firmware\app.X\source\ebb.c
                 __pa_141   0x0040a4    program     static D:\Projects\EggBot1-GH\EBB_firmware\app.X\source\ebb.c
                 __pa_142   0x0040c2    program     static D:\Projects\EggBot1-GH\EBB_firmware\app.X\source\ebb.c
                 __pa_143   0x0040d8    program     static D:\Projects\EggBot1-GH\EBB_firmware\app.X\source\ebb.c
                 __pa_144   0x0040f2    program     static D:\Projects\EggBot1-GH\EBB_firmware\app.X\source\ebb.c
                 __pa_145   0x004100    program     static D:\Projects\EggBot1-GH\EBB_firmware\app.X\source\ebb.c
                 __pa_146   0x00410c    program     static D:\Projects\EggBot1-GH\EBB_firmware\app.X\source\ebb.c
                 __pa_147   0x004116    program     static D:\Projects\EggBot1-GH\EBB_firmware\app.X\source\ebb.c
                 __pa_148   0x004120    program     static D:\Projects\EggBot1-GH\EBB_firmware\app.X\source\ebb.c
                 __pa_149   0x00412a    program     static D:\Projects\EggBot1-GH\EBB_firmware\app.X\source\ebb.c
                  __pa_15   0x006a22    program     static D:\Projects\EggBot1-GH\EBB_firmware\app.X\source\UBW.c
                  __pa_15   0x003898    program     static D:\Projects\EggBot1-GH\EBB_firmware\app.X\source\ebb.c
                  __pa_15   0x007a48    program     static D:\Projects\EggBot1-GH\EBB_firmware\Microchip\USB\usb_device.c
                 __pa_150   0x004134    program     static D:\Projects\EggBot1-GH\EBB_firmware\app.X\source\ebb.c
                 __pa_151   0x00414c    program     static D:\Projects\EggBot1-GH\EBB_firmware\app.X\source\ebb.c
                 __pa_152   0x004164    program     static D:\Projects\EggBot1-GH\EBB_firmware\app.X\source\ebb.c
                 __pa_153   0x00416e    program     static D:\Projects\EggBot1-GH\EBB_firmware\app.X\source\ebb.c
                 __pa_154   0x004178    program     static D:\Projects\EggBot1-GH\EBB_firmware\app.X\source\ebb.c
                 __pa_155   0x004180    program     static D:\Projects\EggBot1-GH\EBB_firmware\app.X\source\ebb.c
                 __pa_156   0x004188    program     static D:\Projects\EggBot1-GH\EBB_firmware\app.X\source\ebb.c
                 __pa_157   0x004192    program     static D:\Projects\EggBot1-GH\EBB_firmware\app.X\source\ebb.c
                 __pa_158   0x0041a8    program     static D:\Projects\EggBot1-GH\EBB_firmware\app.X\source\ebb.c
                 __pa_159   0x0041b6    program     static D:\Projects\EggBot1-GH\EBB_firmware\app.X\source\ebb.c
                  __pa_16   0x007a62    program     static D:\Projects\EggBot1-GH\EBB_firmware\Microchip\USB\usb_device.c
                  __pa_16   0x0038a2    program     static D:\Projects\EggBot1-GH\EBB_firmware\app.X\source\ebb.c
                  __pa_16   0x006a2a    program     static D:\Projects\EggBot1-GH\EBB_firmware\app.X\source\UBW.c
                 __pa_160   0x0041c2    program     static D:\Projects\EggBot1-GH\EBB_firmware\app.X\source\ebb.c
                 __pa_161   0x0041ca    program     static D:\Projects\EggBot1-GH\EBB_firmware\app.X\source\ebb.c
                 __pa_162   0x0041dc    program     static D:\Projects\EggBot1-GH\EBB_firmware\app.X\source\ebb.c
                 __pa_163   0x0041ee    program     static D:\Projects\EggBot1-GH\EBB_firmware\app.X\source\ebb.c
                 __pa_164   0x0041fa    program     static D:\Projects\EggBot1-GH\EBB_firmware\app.X\source\ebb.c
                 __pa_165   0x004206    program     static D:\Projects\EggBot1-GH\EBB_firmware\app.X\source\ebb.c
                 __pa_166   0x004212    program     static D:\Projects\EggBot1-GH\EBB_firmware\app.X\source\ebb.c
                 __pa_167   0x004222    program     static D:\Projects\EggBot1-GH\EBB_firmware\app.X\source\ebb.c
                 __pa_168   0x004234    program     static D:\Projects\EggBot1-GH\EBB_firmware\app.X\source\ebb.c
                 __pa_169   0x004246    program     static D:\Projects\EggBot1-GH\EBB_firmware\app.X\source\ebb.c
                  __pa_17   0x007a6e    program     static D:\Projects\EggBot1-GH\EBB_firmware\Microchip\USB\usb_device.c
                  __pa_17   0x0038bc    program     static D:\Projects\EggBot1-GH\EBB_firmware\app.X\source\ebb.c
                  __pa_17   0x006a36    program     static D:\Projects\EggBot1-GH\EBB_firmware\app.X\source\UBW.c
                 __pa_170   0x00424a    program     static D:\Projects\EggBot1-GH\EBB_firmware\app.X\source\ebb.c
                 __pa_171   0x00425a    program     static D:\Projects\EggBot1-GH\EBB_firmware\app.X\source\ebb.c
                 __pa_172   0x004264    program     static D:\Projects\EggBot1-GH\EBB_firmware\app.X\source\ebb.c
                 __pa_173   0x00426e    program     static D:\Projects\EggBot1-GH\EBB_firmware\app.X\source\ebb.c
                 __pa_174   0x004278    program     static D:\Projects\EggBot1-GH\EBB_firmware\app.X\source\ebb.c
                 __pa_175   0x00427e    program     static D:\Projects\EggBot1-GH\EBB_firmware\app.X\source\ebb.c
                 __pa_176   0x00428e    program     static D:\Projects\EggBot1-GH\EBB_firmware\app.X\source\ebb.c
                 __pa_177   0x00429c    program     static D:\Projects\EggBot1-GH\EBB_firmware\app.X\source\ebb.c
                 __pa_178   0x0042aa    program     static D:\Projects\EggBot1-GH\EBB_firmware\app.X\source\ebb.c
                 __pa_179   0x0042b8    program     static D:\Projects\EggBot1-GH\EBB_firmware\app.X\source\ebb.c
                  __pa_18   0x007a7a    program     static D:\Projects\EggBot1-GH\EBB_firmware\Microchip\USB\usb_device.c
                  __pa_18   0x006a40    program     static D:\Projects\EggBot1-GH\EBB_firmware\app.X\source\UBW.c
                  __pa_18   0x0038da    program     static D:\Projects\EggBot1-GH\EBB_firmware\app.X\source\ebb.c
                 __pa_180   0x0042c6    program     static D:\Projects\EggBot1-GH\EBB_firmware\app.X\source\ebb.c
                 __pa_181   0x0042d4    program     static D:\Projects\EggBot1-GH\EBB_firmware\app.X\source\ebb.c
                 __pa_182   0x0042e2    program     static D:\Projects\EggBot1-GH\EBB_firmware\app.X\source\ebb.c
                 __pa_183   0x0042ee    program     static D:\Projects\EggBot1-GH\EBB_firmware\app.X\source\ebb.c
                 __pa_184   0x0042fa    program     static D:\Projects\EggBot1-GH\EBB_firmware\app.X\source\ebb.c
                 __pa_185   0x004308    program     static D:\Projects\EggBot1-GH\EBB_firmware\app.X\source\ebb.c
                 __pa_186   0x004316    program     static D:\Projects\EggBot1-GH\EBB_firmware\app.X\source\ebb.c
                 __pa_187   0x00431e    program     static D:\Projects\EggBot1-GH\EBB_firmware\app.X\source\ebb.c
                 __pa_188   0x004328    program     static D:\Projects\EggBot1-GH\EBB_firmware\app.X\source\ebb.c
                 __pa_189   0x004332    program     static D:\Projects\EggBot1-GH\EBB_firmware\app.X\source\ebb.c
                  __pa_19   0x006a48    program     static D:\Projects\EggBot1-GH\EBB_firmware\app.X\source\UBW.c
                  __pa_19   0x0038e2    program     static D:\Projects\EggBot1-GH\EBB_firmware\app.X\source\ebb.c
                  __pa_19   0x007a82    program     static D:\Projects\EggBot1-GH\EBB_firmware\Microchip\USB\usb_device.c
                 __pa_190   0x00433c    program     static D:\Projects\EggBot1-GH\EBB_firmware\app.X\source\ebb.c
                 __pa_191   0x004344    program     static D:\Projects\EggBot1-GH\EBB_firmware\app.X\source\ebb.c
                 __pa_192   0x00434c    program     static D:\Projects\EggBot1-GH\EBB_firmware\app.X\source\ebb.c
                 __pa_193   0x004352    program     static D:\Projects\EggBot1-GH\EBB_firmware\app.X\source\ebb.c
                 __pa_194   0x00435a    program     static D:\Projects\EggBot1-GH\EBB_firmware\app.X\source\ebb.c
                 __pa_195   0x00437e    program     static D:\Projects\EggBot1-GH\EBB_firmware\app.X\source\ebb.c
                 __pa_196   0x004392    program     static D:\Projects\EggBot1-GH\EBB_firmware\app.X\source\ebb.c
                 __pa_197   0x0043a2    program     static D:\Projects\EggBot1-GH\EBB_firmware\app.X\source\ebb.c
                 __pa_198   0x0043bc    program     static D:\Projects\EggBot1-GH\EBB_firmware\app.X\source\ebb.c
                 __pa_199   0x0043d4    program     static D:\Projects\EggBot1-GH\EBB_firmware\app.X\source\ebb.c
                   __pa_2   0x00369e    program     static D:\Projects\EggBot1-GH\EBB_firmware\app.X\source\ebb.c
                   __pa_2   0x006998    program     static D:\Projects\EggBot1-GH\EBB_firmware\app.X\source\UBW.c
                   __pa_2   0x008784    program     static D:\Projects\EggBot1-GH\EBB_firmware\Microchip\USB\CDC Device Driver\usb_function_cdc.c
                   __pa_2   0x0083d0    program     static D:\Projects\EggBot1-GH\EBB_firmware\app.X\source\RCServo2.c
                   __pa_2   0x00899a    program     static D:\Projects\EggBot1-GH\EBB_firmware\app.X\source\ebb_print.c
                   __pa_2   0x0079a6    program     static D:\Projects\EggBot1-GH\EBB_firmware\Microchip\USB\usb_device.c
                  __pa_20   0x006a50    program     static D:\Projects\EggBot1-GH\EBB_firmware\app.X\source\UBW.c
                  __pa_20   0x007a8a    program     static D:\Projects\EggBot1-GH\EBB_firmware\Microchip\USB\usb_device.c
                  __pa_20   0x0038ea    program     static D:\Projects\EggBot1-GH\EBB_firmware\app.X\source\ebb.c
                 __pa_200   0x0043e0    program     static D:\Projects\EggBot1-GH\EBB_firmware\app.X\source\ebb.c
                 __pa_201   0x0043e8    program     static D:\Projects\EggBot1-GH\EBB_firmware\app.X\source\ebb.c
                 __pa_202   0x0043f4    program     static D:\Projects\EggBot1-GH\EBB_firmware\app.X\source\ebb.c
                 __pa_203   0x0043fc    program     static D:\Projects\EggBot1-GH\EBB_firmware\app.X\source\ebb.c
                 __pa_204   0x004404    program     static D:\Projects\EggBot1-GH\EBB_firmware\app.X\source\ebb.c
                 __pa_205   0x00440c    program     static D:\Projects\EggBot1-GH\EBB_firmware\app.X\source\ebb.c
                 __pa_206   0x004416    program     static D:\Projects\EggBot1-GH\EBB_firmware\app.X\source\ebb.c
                 __pa_207   0x004428    program     static D:\Projects\EggBot1-GH\EBB_firmware\app.X\source\ebb.c
                 __pa_208   0x004432    program     static D:\Projects\EggBot1-GH\EBB_firmware\app.X\source\ebb.c
                 __pa_209   0x004438    program     static D:\Projects\EggBot1-GH\EBB_firmware\app.X\source\ebb.c
                  __pa_21   0x0038f2    program     static D:\Projects\EggBot1-GH\EBB_firmware\app.X\source\ebb.c
                  __pa_21   0x007a96    program     static D:\Projects\EggBot1-GH\EBB_firmware\Microchip\USB\usb_device.c
                  __pa_21   0x006a64    program     static D:\Projects\EggBot1-GH\EBB_firmware\app.X\source\UBW.c
                 __pa_210   0x004446    program     static D:\Projects\EggBot1-GH\EBB_firmware\app.X\source\ebb.c
                 __pa_211   0x00444e    program     static D:\Projects\EggBot1-GH\EBB_firmware\app.X\source\ebb.c
                 __pa_212   0x00445a    program     static D:\Projects\EggBot1-GH\EBB_firmware\app.X\source\ebb.c
                 __pa_213   0x004466    program     static D:\Projects\EggBot1-GH\EBB_firmware\app.X\source\ebb.c
                 __pa_214   0x004470    program     static D:\Projects\EggBot1-GH\EBB_firmware\app.X\source\ebb.c
                 __pa_215   0x00447c    program     static D:\Projects\EggBot1-GH\EBB_firmware\app.X\source\ebb.c
                 __pa_216   0x004484    program     static D:\Projects\EggBot1-GH\EBB_firmware\app.X\source\ebb.c
                 __pa_217   0x00448e    program     static D:\Projects\EggBot1-GH\EBB_firmware\app.X\source\ebb.c
                 __pa_218   0x004496    program     static D:\Projects\EggBot1-GH\EBB_firmware\app.X\source\ebb.c
                 __pa_219   0x00449c    program     static D:\Projects\EggBot1-GH\EBB_firmware\app.X\source\ebb.c
                  __pa_22   0x007aa6    program     static D:\Projects\EggBot1-GH\EBB_firmware\Microchip\USB\usb_device.c
                  __pa_22   0x006a70    program     static D:\Projects\EggBot1-GH\EBB_firmware\app.X\source\UBW.c
                  __pa_22   0x0038f8    program     static D:\Projects\EggBot1-GH\EBB_firmware\app.X\source\ebb.c
                 __pa_220   0x0044ac    program     static D:\Projects\EggBot1-GH\EBB_firmware\app.X\source\ebb.c
                 __pa_221   0x0044b8    program     static D:\Projects\EggBot1-GH\EBB_firmware\app.X\source\ebb.c
                 __pa_222   0x0044c2    program     static D:\Projects\EggBot1-GH\EBB_firmware\app.X\source\ebb.c
                 __pa_223   0x0044ce    program     static D:\Projects\EggBot1-GH\EBB_firmware\app.X\source\ebb.c
                 __pa_224   0x0044d6    program     static D:\Projects\EggBot1-GH\EBB_firmware\app.X\source\ebb.c
                  __pa_23   0x00390c    program     static D:\Projects\EggBot1-GH\EBB_firmware\app.X\source\ebb.c
                  __pa_23   0x007ab4    program     static D:\Projects\EggBot1-GH\EBB_firmware\Microchip\USB\usb_device.c
                  __pa_23   0x006a7a    program     static D:\Projects\EggBot1-GH\EBB_firmware\app.X\source\UBW.c
                  __pa_24   0x007ac2    program     static D:\Projects\EggBot1-GH\EBB_firmware\Microchip\USB\usb_device.c
                  __pa_24   0x003920    program     static D:\Projects\EggBot1-GH\EBB_firmware\app.X\source\ebb.c
                  __pa_24   0x006a88    program     static D:\Projects\EggBot1-GH\EBB_firmware\app.X\source\UBW.c
                  __pa_25   0x00392c    program     static D:\Projects\EggBot1-GH\EBB_firmware\app.X\source\ebb.c
                  __pa_25   0x007ad0    program     static D:\Projects\EggBot1-GH\EBB_firmware\Microchip\USB\usb_device.c
                  __pa_25   0x006a9a    program     static D:\Projects\EggBot1-GH\EBB_firmware\app.X\source\UBW.c
                  __pa_26   0x007ade    program     static D:\Projects\EggBot1-GH\EBB_firmware\Microchip\USB\usb_device.c
                  __pa_26   0x003956    program     static D:\Projects\EggBot1-GH\EBB_firmware\app.X\source\ebb.c
                  __pa_26   0x006aa2    program     static D:\Projects\EggBot1-GH\EBB_firmware\app.X\source\UBW.c
                  __pa_27   0x003968    program     static D:\Projects\EggBot1-GH\EBB_firmware\app.X\source\ebb.c
                  __pa_27   0x006aae    program     static D:\Projects\EggBot1-GH\EBB_firmware\app.X\source\UBW.c
                  __pa_27   0x007ae8    program     static D:\Projects\EggBot1-GH\EBB_firmware\Microchip\USB\usb_device.c
                  __pa_28   0x006ad0    program     static D:\Projects\EggBot1-GH\EBB_firmware\app.X\source\UBW.c
                  __pa_28   0x00397a    program     static D:\Projects\EggBot1-GH\EBB_firmware\app.X\source\ebb.c
                  __pa_28   0x007b00    program     static D:\Projects\EggBot1-GH\EBB_firmware\Microchip\USB\usb_device.c
                  __pa_29   0x007b0c    program     static D:\Projects\EggBot1-GH\EBB_firmware\Microchip\USB\usb_device.c
                  __pa_29   0x003986    program     static D:\Projects\EggBot1-GH\EBB_firmware\app.X\source\ebb.c
                  __pa_29   0x006ade    program     static D:\Projects\EggBot1-GH\EBB_firmware\app.X\source\UBW.c
                   __pa_3   0x0036a4    program     static D:\Projects\EggBot1-GH\EBB_firmware\app.X\source\ebb.c
                   __pa_3   0x0089b8    program     static D:\Projects\EggBot1-GH\EBB_firmware\app.X\source\ebb_print.c
                   __pa_3   0x0079ae    program     static D:\Projects\EggBot1-GH\EBB_firmware\Microchip\USB\usb_device.c
                   __pa_3   0x0083e0    program     static D:\Projects\EggBot1-GH\EBB_firmware\app.X\source\RCServo2.c
                   __pa_3   0x0069a0    program     static D:\Projects\EggBot1-GH\EBB_firmware\app.X\source\UBW.c
                   __pa_3   0x008796    program     static D:\Projects\EggBot1-GH\EBB_firmware\Microchip\USB\CDC Device Driver\usb_function_cdc.c
                  __pa_30   0x003994    program     static D:\Projects\EggBot1-GH\EBB_firmware\app.X\source\ebb.c
                  __pa_30   0x007b14    program     static D:\Projects\EggBot1-GH\EBB_firmware\Microchip\USB\usb_device.c
                  __pa_30   0x006aec    program     static D:\Projects\EggBot1-GH\EBB_firmware\app.X\source\UBW.c
                  __pa_31   0x006b0e    program     static D:\Projects\EggBot1-GH\EBB_firmware\app.X\source\UBW.c
                  __pa_31   0x007b28    program     static D:\Projects\EggBot1-GH\EBB_firmware\Microchip\USB\usb_device.c
                  __pa_31   0x0039aa    program     static D:\Projects\EggBot1-GH\EBB_firmware\app.X\source\ebb.c
                  __pa_32   0x0039bc    program     static D:\Projects\EggBot1-GH\EBB_firmware\app.X\source\ebb.c
                  __pa_32   0x006b18    program     static D:\Projects\EggBot1-GH\EBB_firmware\app.X\source\UBW.c
                  __pa_32   0x007b3a    program     static D:\Projects\EggBot1-GH\EBB_firmware\Microchip\USB\usb_device.c
                  __pa_33   0x007b48    program     static D:\Projects\EggBot1-GH\EBB_firmware\Microchip\USB\usb_device.c
                  __pa_33   0x006b1e    program     static D:\Projects\EggBot1-GH\EBB_firmware\app.X\source\UBW.c
                  __pa_33   0x0039c4    program     static D:\Projects\EggBot1-GH\EBB_firmware\app.X\source\ebb.c
                  __pa_34   0x0039ca    program     static D:\Projects\EggBot1-GH\EBB_firmware\app.X\source\ebb.c
                  __pa_34   0x007b52    program     static D:\Projects\EggBot1-GH\EBB_firmware\Microchip\USB\usb_device.c
                  __pa_34   0x006b2c    program     static D:\Projects\EggBot1-GH\EBB_firmware\app.X\source\UBW.c
                  __pa_35   0x0039d8    program     static D:\Projects\EggBot1-GH\EBB_firmware\app.X\source\ebb.c
                  __pa_35   0x006b32    program     static D:\Projects\EggBot1-GH\EBB_firmware\app.X\source\UBW.c
                  __pa_35   0x007b5c    program     static D:\Projects\EggBot1-GH\EBB_firmware\Microchip\USB\usb_device.c
                  __pa_36   0x007b62    program     static D:\Projects\EggBot1-GH\EBB_firmware\Microchip\USB\usb_device.c
                  __pa_36   0x006b4e    program     static D:\Projects\EggBot1-GH\EBB_firmware\app.X\source\UBW.c
                  __pa_36   0x0039e6    program     static D:\Projects\EggBot1-GH\EBB_firmware\app.X\source\ebb.c
                  __pa_37   0x007b6a    program     static D:\Projects\EggBot1-GH\EBB_firmware\Microchip\USB\usb_device.c
                  __pa_37   0x006b58    program     static D:\Projects\EggBot1-GH\EBB_firmware\app.X\source\UBW.c
                  __pa_37   0x003a0a    program     static D:\Projects\EggBot1-GH\EBB_firmware\app.X\source\ebb.c
                  __pa_38   0x007b70    program     static D:\Projects\EggBot1-GH\EBB_firmware\Microchip\USB\usb_device.c
                  __pa_38   0x006b62    program     static D:\Projects\EggBot1-GH\EBB_firmware\app.X\source\UBW.c
                  __pa_38   0x003a2e    program     static D:\Projects\EggBot1-GH\EBB_firmware\app.X\source\ebb.c
                  __pa_39   0x003a42    program     static D:\Projects\EggBot1-GH\EBB_firmware\app.X\source\ebb.c
                  __pa_39   0x006b6c    program     static D:\Projects\EggBot1-GH\EBB_firmware\app.X\source\UBW.c
                  __pa_39   0x007b7e    program     static D:\Projects\EggBot1-GH\EBB_firmware\Microchip\USB\usb_device.c
                   __pa_4   0x0087b0    program     static D:\Projects\EggBot1-GH\EBB_firmware\Microchip\USB\CDC Device Driver\usb_function_cdc.c
                   __pa_4   0x0089d0    program     static D:\Projects\EggBot1-GH\EBB_firmware\app.X\source\ebb_print.c
                   __pa_4   0x0079b8    program     static D:\Projects\EggBot1-GH\EBB_firmware\Microchip\USB\usb_device.c
                   __pa_4   0x0069a6    program     static D:\Projects\EggBot1-GH\EBB_firmware\app.X\source\UBW.c
                   __pa_4   0x0036ee    program     static D:\Projects\EggBot1-GH\EBB_firmware\app.X\source\ebb.c
                   __pa_4   0x0083ec    program     static D:\Projects\EggBot1-GH\EBB_firmware\app.X\source\RCServo2.c
                  __pa_40   0x006b76    program     static D:\Projects\EggBot1-GH\EBB_firmware\app.X\source\UBW.c
                  __pa_40   0x007b8c    program     static D:\Projects\EggBot1-GH\EBB_firmware\Microchip\USB\usb_device.c
                  __pa_40   0x003a54    program     static D:\Projects\EggBot1-GH\EBB_firmware\app.X\source\ebb.c
                  __pa_41   0x007b9a    program     static D:\Projects\EggBot1-GH\EBB_firmware\Microchip\USB\usb_device.c
                  __pa_41   0x006b80    program     static D:\Projects\EggBot1-GH\EBB_firmware\app.X\source\UBW.c
                  __pa_41   0x003a66    program     static D:\Projects\EggBot1-GH\EBB_firmware\app.X\source\ebb.c
                  __pa_42   0x007ba4    program     static D:\Projects\EggBot1-GH\EBB_firmware\Microchip\USB\usb_device.c
                  __pa_42   0x003a78    program     static D:\Projects\EggBot1-GH\EBB_firmware\app.X\source\ebb.c
                  __pa_42   0x006b98    program     static D:\Projects\EggBot1-GH\EBB_firmware\app.X\source\UBW.c
                  __pa_43   0x003a8a    program     static D:\Projects\EggBot1-GH\EBB_firmware\app.X\source\ebb.c
                  __pa_43   0x006ba0    program     static D:\Projects\EggBot1-GH\EBB_firmware\app.X\source\UBW.c
                  __pa_43   0x007bae    program     static D:\Projects\EggBot1-GH\EBB_firmware\Microchip\USB\usb_device.c
                  __pa_44   0x006ba6    program     static D:\Projects\EggBot1-GH\EBB_firmware\app.X\source\UBW.c
                  __pa_44   0x003a96    program     static D:\Projects\EggBot1-GH\EBB_firmware\app.X\source\ebb.c
                  __pa_44   0x007bb6    program     static D:\Projects\EggBot1-GH\EBB_firmware\Microchip\USB\usb_device.c
                  __pa_45   0x006bb0    program     static D:\Projects\EggBot1-GH\EBB_firmware\app.X\source\UBW.c
                  __pa_45   0x003ab2    program     static D:\Projects\EggBot1-GH\EBB_firmware\app.X\source\ebb.c
                  __pa_45   0x007bc2    program     static D:\Projects\EggBot1-GH\EBB_firmware\Microchip\USB\usb_device.c
                  __pa_46   0x007bcc    program     static D:\Projects\EggBot1-GH\EBB_firmware\Microchip\USB\usb_device.c
                  __pa_46   0x006bbc    program     static D:\Projects\EggBot1-GH\EBB_firmware\app.X\source\UBW.c
                  __pa_46   0x003aca    program     static D:\Projects\EggBot1-GH\EBB_firmware\app.X\source\ebb.c
                  __pa_47   0x006bc8    program     static D:\Projects\EggBot1-GH\EBB_firmware\app.X\source\UBW.c
                  __pa_47   0x003ad4    program     static D:\Projects\EggBot1-GH\EBB_firmware\app.X\source\ebb.c
                  __pa_48   0x006bd2    program     static D:\Projects\EggBot1-GH\EBB_firmware\app.X\source\UBW.c
                  __pa_48   0x003ae2    program     static D:\Projects\EggBot1-GH\EBB_firmware\app.X\source\ebb.c
                  __pa_49   0x006be0    program     static D:\Projects\EggBot1-GH\EBB_firmware\app.X\source\UBW.c
                  __pa_49   0x003b02    program     static D:\Projects\EggBot1-GH\EBB_firmware\app.X\source\ebb.c
                   __pa_5   0x0083f8    program     static D:\Projects\EggBot1-GH\EBB_firmware\app.X\source\RCServo2.c
                   __pa_5   0x0089da    program     static D:\Projects\EggBot1-GH\EBB_firmware\app.X\source\ebb_print.c
                   __pa_5   0x0087ba    program     static D:\Projects\EggBot1-GH\EBB_firmware\Microchip\USB\CDC Device Driver\usb_function_cdc.c
                   __pa_5   0x003724    program     static D:\Projects\EggBot1-GH\EBB_firmware\app.X\source\ebb.c
                   __pa_5   0x0069ae    program     static D:\Projects\EggBot1-GH\EBB_firmware\app.X\source\UBW.c
                   __pa_5   0x0079c2    program     static D:\Projects\EggBot1-GH\EBB_firmware\Microchip\USB\usb_device.c
                  __pa_50   0x003b12    program     static D:\Projects\EggBot1-GH\EBB_firmware\app.X\source\ebb.c
                  __pa_50   0x006bee    program     static D:\Projects\EggBot1-GH\EBB_firmware\app.X\source\UBW.c
                  __pa_51   0x006bfc    program     static D:\Projects\EggBot1-GH\EBB_firmware\app.X\source\UBW.c
                  __pa_51   0x003b1e    program     static D:\Projects\EggBot1-GH\EBB_firmware\app.X\source\ebb.c
                  __pa_52   0x003b2a    program     static D:\Projects\EggBot1-GH\EBB_firmware\app.X\source\ebb.c
                  __pa_52   0x006c0a    program     static D:\Projects\EggBot1-GH\EBB_firmware\app.X\source\UBW.c
                  __pa_53   0x003b4c    program     static D:\Projects\EggBot1-GH\EBB_firmware\app.X\source\ebb.c
                  __pa_53   0x006c18    program     static D:\Projects\EggBot1-GH\EBB_firmware\app.X\source\UBW.c
                  __pa_54   0x006c26    program     static D:\Projects\EggBot1-GH\EBB_firmware\app.X\source\UBW.c
                  __pa_54   0x003b52    program     static D:\Projects\EggBot1-GH\EBB_firmware\app.X\source\ebb.c
                  __pa_55   0x003b68    program     static D:\Projects\EggBot1-GH\EBB_firmware\app.X\source\ebb.c
                  __pa_55   0x006c30    program     static D:\Projects\EggBot1-GH\EBB_firmware\app.X\source\UBW.c
                  __pa_56   0x003b7a    program     static D:\Projects\EggBot1-GH\EBB_firmware\app.X\source\ebb.c
                  __pa_56   0x006c3a    program     static D:\Projects\EggBot1-GH\EBB_firmware\app.X\source\UBW.c
                  __pa_57   0x003b8c    program     static D:\Projects\EggBot1-GH\EBB_firmware\app.X\source\ebb.c
                  __pa_57   0x006c44    program     static D:\Projects\EggBot1-GH\EBB_firmware\app.X\source\UBW.c
                  __pa_58   0x006c4c    program     static D:\Projects\EggBot1-GH\EBB_firmware\app.X\source\UBW.c
                  __pa_58   0x003b98    program     static D:\Projects\EggBot1-GH\EBB_firmware\app.X\source\ebb.c
                  __pa_59   0x003baa    program     static D:\Projects\EggBot1-GH\EBB_firmware\app.X\source\ebb.c
                  __pa_59   0x006c54    program     static D:\Projects\EggBot1-GH\EBB_firmware\app.X\source\UBW.c
                   __pa_6   0x0087c2    program     static D:\Projects\EggBot1-GH\EBB_firmware\Microchip\USB\CDC Device Driver\usb_function_cdc.c
                   __pa_6   0x0089e6    program     static D:\Projects\EggBot1-GH\EBB_firmware\app.X\source\ebb_print.c
                   __pa_6   0x008404    program     static D:\Projects\EggBot1-GH\EBB_firmware\app.X\source\RCServo2.c
                   __pa_6   0x0079cc    program     static D:\Projects\EggBot1-GH\EBB_firmware\Microchip\USB\usb_device.c
                   __pa_6   0x0037ee    program     static D:\Projects\EggBot1-GH\EBB_firmware\app.X\source\ebb.c
                   __pa_6   0x0069b6    program     static D:\Projects\EggBot1-GH\EBB_firmware\app.X\source\UBW.c
                  __pa_60   0x003bbc    program     static D:\Projects\EggBot1-GH\EBB_firmware\app.X\source\ebb.c
                  __pa_60   0x006c62    program     static D:\Projects\EggBot1-GH\EBB_firmware\app.X\source\UBW.c
                  __pa_61   0x006c6c    program     static D:\Projects\EggBot1-GH\EBB_firmware\app.X\source\UBW.c
                  __pa_61   0x003bce    program     static D:\Projects\EggBot1-GH\EBB_firmware\app.X\source\ebb.c
                  __pa_62   0x006c72    program     static D:\Projects\EggBot1-GH\EBB_firmware\app.X\source\UBW.c
                  __pa_62   0x003be0    program     static D:\Projects\EggBot1-GH\EBB_firmware\app.X\source\ebb.c
                  __pa_63   0x006c78    program     static D:\Projects\EggBot1-GH\EBB_firmware\app.X\source\UBW.c
                  __pa_63   0x003be8    program     static D:\Projects\EggBot1-GH\EBB_firmware\app.X\source\ebb.c
                  __pa_64   0x003bf6    program     static D:\Projects\EggBot1-GH\EBB_firmware\app.X\source\ebb.c
                  __pa_64   0x006c92    program     static D:\Projects\EggBot1-GH\EBB_firmware\app.X\source\UBW.c
                  __pa_65   0x003bfa    program     static D:\Projects\EggBot1-GH\EBB_firmware\app.X\source\ebb.c
                  __pa_65   0x006c9c    program     static D:\Projects\EggBot1-GH\EBB_firmware\app.X\source\UBW.c
                  __pa_66   0x003c00    program     static D:\Projects\EggBot1-GH\EBB_firmware\app.X\source\ebb.c
                  __pa_66   0x006ca4    program     static D:\Projects\EggBot1-GH\EBB_firmware\app.X\source\UBW.c
                  __pa_67   0x006caa    program     static D:\Projects\EggBot1-GH\EBB_firmware\app.X\source\UBW.c
                  __pa_67   0x003c18    program     static D:\Projects\EggBot1-GH\EBB_firmware\app.X\source\ebb.c
                  __pa_68   0x006cb4    program     static D:\Projects\EggBot1-GH\EBB_firmware\app.X\source\UBW.c
                  __pa_68   0x003c30    program     static D:\Projects\EggBot1-GH\EBB_firmware\app.X\source\ebb.c
                  __pa_69   0x006cc0    program     static D:\Projects\EggBot1-GH\EBB_firmware\app.X\source\UBW.c
                  __pa_69   0x003c3c    program     static D:\Projects\EggBot1-GH\EBB_firmware\app.X\source\ebb.c
                   __pa_7   0x003814    program     static D:\Projects\EggBot1-GH\EBB_firmware\app.X\source\ebb.c
                   __pa_7   0x0079d4    program     static D:\Projects\EggBot1-GH\EBB_firmware\Microchip\USB\usb_device.c
                   __pa_7   0x00840e    program     static D:\Projects\EggBot1-GH\EBB_firmware\app.X\source\RCServo2.c
                   __pa_7   0x0089f6    program     static D:\Projects\EggBot1-GH\EBB_firmware\app.X\source\ebb_print.c
                   __pa_7   0x0087d0    program     static D:\Projects\EggBot1-GH\EBB_firmware\Microchip\USB\CDC Device Driver\usb_function_cdc.c
                   __pa_7   0x0069c4    program     static D:\Projects\EggBot1-GH\EBB_firmware\app.X\source\UBW.c
                  __pa_70   0x003c52    program     static D:\Projects\EggBot1-GH\EBB_firmware\app.X\source\ebb.c
                  __pa_70   0x006cca    program     static D:\Projects\EggBot1-GH\EBB_firmware\app.X\source\UBW.c
                  __pa_71   0x003c68    program     static D:\Projects\EggBot1-GH\EBB_firmware\app.X\source\ebb.c
                  __pa_71   0x006ce0    program     static D:\Projects\EggBot1-GH\EBB_firmware\app.X\source\UBW.c
                  __pa_72   0x003c7e    program     static D:\Projects\EggBot1-GH\EBB_firmware\app.X\source\ebb.c
                  __pa_72   0x006cee    program     static D:\Projects\EggBot1-GH\EBB_firmware\app.X\source\UBW.c
                  __pa_73   0x003c94    program     static D:\Projects\EggBot1-GH\EBB_firmware\app.X\source\ebb.c
                  __pa_73   0x006d00    program     static D:\Projects\EggBot1-GH\EBB_firmware\app.X\source\UBW.c
                  __pa_74   0x003ca2    program     static D:\Projects\EggBot1-GH\EBB_firmware\app.X\source\ebb.c
                  __pa_74   0x006d06    program     static D:\Projects\EggBot1-GH\EBB_firmware\app.X\source\UBW.c
                  __pa_75   0x003cac    program     static D:\Projects\EggBot1-GH\EBB_firmware\app.X\source\ebb.c
                  __pa_75   0x006d16    program     static D:\Projects\EggBot1-GH\EBB_firmware\app.X\source\UBW.c
                  __pa_76   0x006d26    program     static D:\Projects\EggBot1-GH\EBB_firmware\app.X\source\UBW.c
                  __pa_76   0x003cb6    program     static D:\Projects\EggBot1-GH\EBB_firmware\app.X\source\ebb.c
                  __pa_77   0x006d30    program     static D:\Projects\EggBot1-GH\EBB_firmware\app.X\source\UBW.c
                  __pa_77   0x003cc0    program     static D:\Projects\EggBot1-GH\EBB_firmware\app.X\source\ebb.c
                  __pa_78   0x003cca    program     static D:\Projects\EggBot1-GH\EBB_firmware\app.X\source\ebb.c
                  __pa_78   0x006d3a    program     static D:\Projects\EggBot1-GH\EBB_firmware\app.X\source\UBW.c
                  __pa_79   0x003cd4    program     static D:\Projects\EggBot1-GH\EBB_firmware\app.X\source\ebb.c
                  __pa_79   0x006d42    program     static D:\Projects\EggBot1-GH\EBB_firmware\app.X\source\UBW.c
                   __pa_8   0x0087de    program     static D:\Projects\EggBot1-GH\EBB_firmware\Microchip\USB\CDC Device Driver\usb_function_cdc.c
                   __pa_8   0x0069ce    program     static D:\Projects\EggBot1-GH\EBB_firmware\app.X\source\UBW.c
                   __pa_8   0x008a04    program     static D:\Projects\EggBot1-GH\EBB_firmware\app.X\source\ebb_print.c
                   __pa_8   0x008416    program     static D:\Projects\EggBot1-GH\EBB_firmware\app.X\source\RCServo2.c
                   __pa_8   0x0079e4    program     static D:\Projects\EggBot1-GH\EBB_firmware\Microchip\USB\usb_device.c
                   __pa_8   0x003832    program     static D:\Projects\EggBot1-GH\EBB_firmware\app.X\source\ebb.c
                  __pa_80   0x006d48    program     static D:\Projects\EggBot1-GH\EBB_firmware\app.X\source\UBW.c
                  __pa_80   0x003cda    program     static D:\Projects\EggBot1-GH\EBB_firmware\app.X\source\ebb.c
                  __pa_81   0x006d54    program     static D:\Projects\EggBot1-GH\EBB_firmware\app.X\source\UBW.c
                  __pa_81   0x003cee    program     static D:\Projects\EggBot1-GH\EBB_firmware\app.X\source\ebb.c
                  __pa_82   0x006d62    program     static D:\Projects\EggBot1-GH\EBB_firmware\app.X\source\UBW.c
                  __pa_82   0x003d00    program     static D:\Projects\EggBot1-GH\EBB_firmware\app.X\source\ebb.c
                  __pa_83   0x003d12    program     static D:\Projects\EggBot1-GH\EBB_firmware\app.X\source\ebb.c
                  __pa_83   0x006d70    program     static D:\Projects\EggBot1-GH\EBB_firmware\app.X\source\UBW.c
                  __pa_84   0x003d24    program     static D:\Projects\EggBot1-GH\EBB_firmware\app.X\source\ebb.c
                  __pa_84   0x006d7c    program     static D:\Projects\EggBot1-GH\EBB_firmware\app.X\source\UBW.c
                  __pa_85   0x003d36    program     static D:\Projects\EggBot1-GH\EBB_firmware\app.X\source\ebb.c
                  __pa_85   0x006d8a    program     static D:\Projects\EggBot1-GH\EBB_firmware\app.X\source\UBW.c
                  __pa_86   0x003d48    program     static D:\Projects\EggBot1-GH\EBB_firmware\app.X\source\ebb.c
                  __pa_86   0x006d96    program     static D:\Projects\EggBot1-GH\EBB_firmware\app.X\source\UBW.c
                  __pa_87   0x003d5a    program     static D:\Projects\EggBot1-GH\EBB_firmware\app.X\source\ebb.c
                  __pa_87   0x006da0    program     static D:\Projects\EggBot1-GH\EBB_firmware\app.X\source\UBW.c
                  __pa_88   0x003d6c    program     static D:\Projects\EggBot1-GH\EBB_firmware\app.X\source\ebb.c
                  __pa_88   0x006dae    program     static D:\Projects\EggBot1-GH\EBB_firmware\app.X\source\UBW.c
                  __pa_89   0x006dba    program     static D:\Projects\EggBot1-GH\EBB_firmware\app.X\source\UBW.c
                  __pa_89   0x003d7e    program     static D:\Projects\EggBot1-GH\EBB_firmware\app.X\source\ebb.c
                   __pa_9   0x008a0e    program     static D:\Projects\EggBot1-GH\EBB_firmware\app.X\source\ebb_print.c
                   __pa_9   0x0069d6    program     static D:\Projects\EggBot1-GH\EBB_firmware\app.X\source\UBW.c
                   __pa_9   0x00841e    program     static D:\Projects\EggBot1-GH\EBB_firmware\app.X\source\RCServo2.c
                   __pa_9   0x0079ee    program     static D:\Projects\EggBot1-GH\EBB_firmware\Microchip\USB\usb_device.c
                   __pa_9   0x00383e    program     static D:\Projects\EggBot1-GH\EBB_firmware\app.X\source\ebb.c
                   __pa_9   0x0087e8    program     static D:\Projects\EggBot1-GH\EBB_firmware\Microchip\USB\CDC Device Driver\usb_function_cdc.c
                  __pa_90   0x006dc6    program     static D:\Projects\EggBot1-GH\EBB_firmware\app.X\source\UBW.c
                  __pa_90   0x003d90    program     static D:\Projects\EggBot1-GH\EBB_firmware\app.X\source\ebb.c
                  __pa_91   0x006dd0    program     static D:\Projects\EggBot1-GH\EBB_firmware\app.X\source\UBW.c
                  __pa_91   0x003da2    program     static D:\Projects\EggBot1-GH\EBB_firmware\app.X\source\ebb.c
                  __pa_92   0x006dda    program     static D:\Projects\EggBot1-GH\EBB_firmware\app.X\source\UBW.c
                  __pa_92   0x003db4    program     static D:\Projects\EggBot1-GH\EBB_firmware\app.X\source\ebb.c
                  __pa_93   0x006de4    program     static D:\Projects\EggBot1-GH\EBB_firmware\app.X\source\UBW.c
                  __pa_93   0x003dc6    program     static D:\Projects\EggBot1-GH\EBB_firmware\app.X\source\ebb.c
                  __pa_94   0x006dec    program     static D:\Projects\EggBot1-GH\EBB_firmware\app.X\source\UBW.c
                  __pa_94   0x003dd8    program     static D:\Projects\EggBot1-GH\EBB_firmware\app.X\source\ebb.c
                  __pa_95   0x006df4    program     static D:\Projects\EggBot1-GH\EBB_firmware\app.X\source\UBW.c
                  __pa_95   0x003de4    program     static D:\Projects\EggBot1-GH\EBB_firmware\app.X\source\ebb.c
                  __pa_96   0x006dfc    program     static D:\Projects\EggBot1-GH\EBB_firmware\app.X\source\UBW.c
                  __pa_96   0x003df0    program     static D:\Projects\EggBot1-GH\EBB_firmware\app.X\source\ebb.c
                  __pa_97   0x006e0a    program     static D:\Projects\EggBot1-GH\EBB_firmware\app.X\source\UBW.c
                  __pa_97   0x003df6    program     static D:\Projects\EggBot1-GH\EBB_firmware\app.X\source\ebb.c
                  __pa_98   0x006e16    program     static D:\Projects\EggBot1-GH\EBB_firmware\app.X\source\UBW.c
                  __pa_98   0x003e02    program     static D:\Projects\EggBot1-GH\EBB_firmware\app.X\source\ebb.c
                  __pa_99   0x006e1c    program     static D:\Projects\EggBot1-GH\EBB_firmware\app.X\source\UBW.c
                  __pa_99   0x003e0c    program     static D:\Projects\EggBot1-GH\EBB_firmware\app.X\source\ebb.c
               __string_0   0x007eb6    program     static D:\Projects\EggBot1-GH\EBB_firmware\app.X\source\ebb.c
               __string_1   0x007eb1    program     static D:\Projects\EggBot1-GH\EBB_firmware\app.X\source\ebb.c
               __string_1   0x008061    program     static D:\Projects\EggBot1-GH\EBB_firmware\app.X\source\UBW.c
              __string_10   0x007f72    program     static D:\Projects\EggBot1-GH\EBB_firmware\app.X\source\UBW.c
              __string_10   0x007e08    program     static D:\Projects\EggBot1-GH\EBB_firmware\app.X\source\ebb.c
              __string_11   0x007de4    program     static D:\Projects\EggBot1-GH\EBB_firmware\app.X\source\ebb.c
              __string_11   0x007f49    program     static D:\Projects\EggBot1-GH\EBB_firmware\app.X\source\UBW.c
              __string_12   0x007db8    program     static D:\Projects\EggBot1-GH\EBB_firmware\app.X\source\ebb.c
[...]
                   EECON2   0x000fa7       data     extern E:\3.46\pic18-lt\cxx-framework\src\traditional\proc\p18f46j50.asm
                   TXSTA2   0x000fa8       data     extern E:\3.46\pic18-lt\cxx-framework\src\traditional\proc\p18f46j50.asm
               TXSTA2bits   0x000fa8       data     extern E:\3.46\pic18-lt\cxx-framework\src\traditional\proc\p18f46j50.asm
                   TXREG2   0x000fa9       data     extern E:\3.46\pic18-lt\cxx-framework\src\traditional\proc\p18f46j50.asm
                   RCREG2   0x000faa       data     extern E:\3.46\pic18-lt\cxx-framework\src\traditional\proc\p18f46j50.asm
                   SPBRG2   0x000fab       data     extern E:\3.46\pic18-lt\cxx-framework\src\traditional\proc\p18f46j50.asm
                RCSTAbits   0x000fac       data     extern E:\3.46\pic18-lt\cxx-framework\src\traditional\proc\p18f46j50.asm
                    RCSTA   0x000fac       data     extern E:\3.46\pic18-lt\cxx-framework\src\traditional\proc\p18f46j50.asm
                   RCSTA1   0x000fac       data     extern E:\3.46\pic18-lt\cxx-framework\src\traditional\proc\p18f46j50.asm
               RCSTA1bits   0x000fac       data     extern E:\3.46\pic18-lt\cxx-framework\src\traditional\proc\p18f46j50.asm
               TXSTA1bits   0x000fad       data     extern E:\3.46\pic18-lt\cxx-framework\src\traditional\proc\p18f46j50.asm
                   TXSTA1   0x000fad       data     extern E:\3.46\pic18-lt\cxx-framework\src\traditional\proc\p18f46j50.asm
                    TXSTA   0x000fad       data     extern E:\3.46\pic18-lt\cxx-framework\src\traditional\proc\p18f46j50.asm
                TXSTAbits   0x000fad       data     extern E:\3.46\pic18-lt\cxx-framework\src\traditional\proc\p18f46j50.asm
                   TXREG1   0x000fae       data     extern E:\3.46\pic18-lt\cxx-framework\src\traditional\proc\p18f46j50.asm
                    TXREG   0x000fae       data     extern E:\3.46\pic18-lt\cxx-framework\src\traditional\proc\p18f46j50.asm
                   RCREG1   0x000faf       data     extern E:\3.46\pic18-lt\cxx-framework\src\traditional\proc\p18f46j50.asm
                    RCREG   0x000faf       data     extern E:\3.46\pic18-lt\cxx-framework\src\traditional\proc\p18f46j50.asm
                   SPBRG1   0x000fb0       data     extern E:\3.46\pic18-lt\cxx-framework\src\traditional\proc\p18f46j50.asm
                    SPBRG   0x000fb0       data     extern E:\3.46\pic18-lt\cxx-framework\src\traditional\proc\p18f46j50.asm
             CTMUICONbits   0x000fb1       data     extern E:\3.46\pic18-lt\cxx-framework\src\traditional\proc\p18f46j50.asm
                 CTMUICON   0x000fb1       data     extern E:\3.46\pic18-lt\cxx-framework\src\traditional\proc\p18f46j50.asm
             CTMUCONLbits   0x000fb2       data     extern E:\3.46\pic18-lt\cxx-framework\src\traditional\proc\p18f46j50.asm
                 CTMUCONL   0x000fb2       data     extern E:\3.46\pic18-lt\cxx-framework\src\traditional\proc\p18f46j50.asm
             CTMUCONHbits   0x000fb3       data     extern E:\3.46\pic18-lt\cxx-framework\src\traditional\proc\p18f46j50.asm
                 CTMUCONH   0x000fb3       data     extern E:\3.46\pic18-lt\cxx-framework\src\traditional\proc\p18f46j50.asm
                  CCP2CON   0x000fb4       data     extern E:\3.46\pic18-lt\cxx-framework\src\traditional\proc\p18f46j50.asm
              CCP2CONbits   0x000fb4       data     extern E:\3.46\pic18-lt\cxx-framework\src\traditional\proc\p18f46j50.asm
                 ECCP2CON   0x000fb4       data     extern E:\3.46\pic18-lt\cxx-framework\src\traditional\proc\p18f46j50.asm
             ECCP2CONbits   0x000fb4       data     extern E:\3.46\pic18-lt\cxx-framework\src\traditional\proc\p18f46j50.asm
                    CCPR2   0x000fb5       data     extern E:\3.46\pic18-lt\cxx-framework\src\traditional\proc\p18f46j50.asm
                   CCPR2L   0x000fb5       data     extern E:\3.46\pic18-lt\cxx-framework\src\traditional\proc\p18f46j50.asm
                   CCPR2H   0x000fb6       data     extern E:\3.46\pic18-lt\cxx-framework\src\traditional\proc\p18f46j50.asm
                  PWM2CON   0x000fb7       data     extern E:\3.46\pic18-lt\cxx-framework\src\traditional\proc\p18f46j50.asm
              PWM2CONbits   0x000fb7       data     extern E:\3.46\pic18-lt\cxx-framework\src\traditional\proc\p18f46j50.asm
                 ECCP2DEL   0x000fb7       data     extern E:\3.46\pic18-lt\cxx-framework\src\traditional\proc\p18f46j50.asm
             ECCP2DELbits   0x000fb7       data     extern E:\3.46\pic18-lt\cxx-framework\src\traditional\proc\p18f46j50.asm
              ECCP2ASbits   0x000fb8       data     extern E:\3.46\pic18-lt\cxx-framework\src\traditional\proc\p18f46j50.asm
                  ECCP2AS   0x000fb8       data     extern E:\3.46\pic18-lt\cxx-framework\src\traditional\proc\p18f46j50.asm
             PSTR2CONbits   0x000fb9       data     extern E:\3.46\pic18-lt\cxx-framework\src\traditional\proc\p18f46j50.asm
                 PSTR2CON   0x000fb9       data     extern E:\3.46\pic18-lt\cxx-framework\src\traditional\proc\p18f46j50.asm
                  CCP1CON   0x000fba       data     extern E:\3.46\pic18-lt\cxx-framework\src\traditional\proc\p18f46j50.asm
              CCP1CONbits   0x000fba       data     extern E:\3.46\pic18-lt\cxx-framework\src\traditional\proc\p18f46j50.asm
                 ECCP1CON   0x000fba       data     extern E:\3.46\pic18-lt\cxx-framework\src\traditional\proc\p18f46j50.asm
             ECCP1CONbits   0x000fba       data     extern E:\3.46\pic18-lt\cxx-framework\src\traditional\proc\p18f46j50.asm
                    CCPR1   0x000fbb       data     extern E:\3.46\pic18-lt\cxx-framework\src\traditional\proc\p18f46j50.asm
                   CCPR1L   0x000fbb       data     extern E:\3.46\pic18-lt\cxx-framework\src\traditional\proc\p18f46j50.asm
                   CCPR1H   0x000fbc       data     extern E:\3.46\pic18-lt\cxx-framework\src\traditional\proc\p18f46j50.asm
                 ECCP1DEL   0x000fbd       data     extern E:\3.46\pic18-lt\cxx-framework\src\traditional\proc\p18f46j50.asm
             ECCP1DELbits   0x000fbd       data     extern E:\3.46\pic18-lt\cxx-framework\src\traditional\proc\p18f46j50.asm
                  PWM1CON   0x000fbd       data     extern E:\3.46\pic18-lt\cxx-framework\src\traditional\proc\p18f46j50.asm
              PWM1CONbits   0x000fbd       data     extern E:\3.46\pic18-lt\cxx-framework\src\traditional\proc\p18f46j50.asm
              ECCP1ASbits   0x000fbe       data     extern E:\3.46\pic18-lt\cxx-framework\src\traditional\proc\p18f46j50.asm
                  ECCP1AS   0x000fbe       data     extern E:\3.46\pic18-lt\cxx-framework\src\traditional\proc\p18f46j50.asm
             PSTR1CONbits   0x000fbf       data     extern E:\3.46\pic18-lt\cxx-framework\src\traditional\proc\p18f46j50.asm
                 PSTR1CON   0x000fbf       data     extern E:\3.46\pic18-lt\cxx-framework\src\traditional\proc\p18f46j50.asm
               WDTCONbits   0x000fc0       data     extern E:\3.46\pic18-lt\cxx-framework\src\traditional\proc\p18f46j50.asm
                   WDTCON   0x000fc0       data     extern E:\3.46\pic18-lt\cxx-framework\src\traditional\proc\p18f46j50.asm
               ADCON1bits   0x000fc1       data     extern E:\3.46\pic18-lt\cxx-framework\src\traditional\proc\p18f46j50.asm
                   ADCON1   0x000fc1       data     extern E:\3.46\pic18-lt\cxx-framework\src\traditional\proc\p18f46j50.asm
                   ADCON0   0x000fc2       data     extern E:\3.46\pic18-lt\cxx-framework\src\traditional\proc\p18f46j50.asm
               ADCON0bits   0x000fc2       data     extern E:\3.46\pic18-lt\cxx-framework\src\traditional\proc\p18f46j50.asm
                    ADRES   0x000fc3       data     extern E:\3.46\pic18-lt\cxx-framework\src\traditional\proc\p18f46j50.asm
                   ADRESL   0x000fc3       data     extern E:\3.46\pic18-lt\cxx-framework\src\traditional\proc\p18f46j50.asm
                   ADRESH   0x000fc4       data     extern E:\3.46\pic18-lt\cxx-framework\src\traditional\proc\p18f46j50.asm
              SSPCON2bits   0x000fc5       data     extern E:\3.46\pic18-lt\cxx-framework\src\traditional\proc\p18f46j50.asm
                  SSPCON2   0x000fc5       data     extern E:\3.46\pic18-lt\cxx-framework\src\traditional\proc\p18f46j50.asm
             SSP1CON2bits   0x000fc5       data     extern E:\3.46\pic18-lt\cxx-framework\src\traditional\proc\p18f46j50.asm
                 SSP1CON2   0x000fc5       data     extern E:\3.46\pic18-lt\cxx-framework\src\traditional\proc\p18f46j50.asm
             SSP1CON1bits   0x000fc6       data     extern E:\3.46\pic18-lt\cxx-framework\src\traditional\proc\p18f46j50.asm
                 SSP1CON1   0x000fc6       data     extern E:\3.46\pic18-lt\cxx-framework\src\traditional\proc\p18f46j50.asm
                  SSPCON1   0x000fc6       data     extern E:\3.46\pic18-lt\cxx-framework\src\traditional\proc\p18f46j50.asm
              SSPCON1bits   0x000fc6       data     extern E:\3.46\pic18-lt\cxx-framework\src\traditional\proc\p18f46j50.asm
                 SSP1STAT   0x000fc7       data     extern E:\3.46\pic18-lt\cxx-framework\src\traditional\proc\p18f46j50.asm
             SSP1STATbits   0x000fc7       data     extern E:\3.46\pic18-lt\cxx-framework\src\traditional\proc\p18f46j50.asm
                  SSPSTAT   0x000fc7       data     extern E:\3.46\pic18-lt\cxx-framework\src\traditional\proc\p18f46j50.asm
              SSPSTATbits   0x000fc7       data     extern E:\3.46\pic18-lt\cxx-framework\src\traditional\proc\p18f46j50.asm
                   SSPADD   0x000fc8       data     extern E:\3.46\pic18-lt\cxx-framework\src\traditional\proc\p18f46j50.asm
               SSPADDbits   0x000fc8       data     extern E:\3.46\pic18-lt\cxx-framework\src\traditional\proc\p18f46j50.asm
              SSP1ADDbits   0x000fc8       data     extern E:\3.46\pic18-lt\cxx-framework\src\traditional\proc\p18f46j50.asm
                  SSP1ADD   0x000fc8       data     extern E:\3.46\pic18-lt\cxx-framework\src\traditional\proc\p18f46j50.asm
                  SSP1BUF   0x000fc9       data     extern E:\3.46\pic18-lt\cxx-framework\src\traditional\proc\p18f46j50.asm
                   SSPBUF   0x000fc9       data     extern E:\3.46\pic18-lt\cxx-framework\src\traditional\proc\p18f46j50.asm
                    T2CON   0x000fca       data     extern E:\3.46\pic18-lt\cxx-framework\src\traditional\proc\p18f46j50.asm
                T2CONbits   0x000fca       data     extern E:\3.46\pic18-lt\cxx-framework\src\traditional\proc\p18f46j50.asm
                      PR2   0x000fcb       data     extern E:\3.46\pic18-lt\cxx-framework\src\traditional\proc\p18f46j50.asm
                     TMR2   0x000fcc       data     extern E:\3.46\pic18-lt\cxx-framework\src\traditional\proc\p18f46j50.asm
                    T1CON   0x000fcd       data     extern E:\3.46\pic18-lt\cxx-framework\src\traditional\proc\p18f46j50.asm
                T1CONbits   0x000fcd       data     extern E:\3.46\pic18-lt\cxx-framework\src\traditional\proc\p18f46j50.asm
                    TMR1L   0x000fce       data     extern E:\3.46\pic18-lt\cxx-framework\src\traditional\proc\p18f46j50.asm
                    TMR1H   0x000fcf       data     extern E:\3.46\pic18-lt\cxx-framework\src\traditional\proc\p18f46j50.asm
                 RCONbits   0x000fd0       data     extern E:\3.46\pic18-lt\cxx-framework\src\traditional\proc\p18f46j50.asm
                     RCON   0x000fd0       data     extern E:\3.46\pic18-lt\cxx-framework\src\traditional\proc\p18f46j50.asm
                  CM2CON1   0x000fd1       data     extern E:\3.46\pic18-lt\cxx-framework\src\traditional\proc\p18f46j50.asm
                   CM2CON   0x000fd1       data     extern E:\3.46\pic18-lt\cxx-framework\src\traditional\proc\p18f46j50.asm
               CM2CONbits   0x000fd1       data     extern E:\3.46\pic18-lt\cxx-framework\src\traditional\proc\p18f46j50.asm
              CM2CON1bits   0x000fd1       data     extern E:\3.46\pic18-lt\cxx-framework\src\traditional\proc\p18f46j50.asm
                   CM1CON   0x000fd2       data     extern E:\3.46\pic18-lt\cxx-framework\src\traditional\proc\p18f46j50.asm
                  CM1CON1   0x000fd2       data     extern E:\3.46\pic18-lt\cxx-framework\src\traditional\proc\p18f46j50.asm
              CM1CON1bits   0x000fd2       data     extern E:\3.46\pic18-lt\cxx-framework\src\traditional\proc\p18f46j50.asm
               CM1CONbits   0x000fd2       data     extern E:\3.46\pic18-lt\cxx-framework\src\traditional\proc\p18f46j50.asm
                   OSCCON   0x000fd3       data     extern E:\3.46\pic18-lt\cxx-framework\src\traditional\proc\p18f46j50.asm
               OSCCONbits   0x000fd3       data     extern E:\3.46\pic18-lt\cxx-framework\src\traditional\proc\p18f46j50.asm
                T0CONbits   0x000fd5       data     extern E:\3.46\pic18-lt\cxx-framework\src\traditional\proc\p18f46j50.asm
                    T0CON   0x000fd5       data     extern E:\3.46\pic18-lt\cxx-framework\src\traditional\proc\p18f46j50.asm
                    TMR0L   0x000fd6       data     extern E:\3.46\pic18-lt\cxx-framework\src\traditional\proc\p18f46j50.asm
                    TMR0H   0x000fd7       data     extern E:\3.46\pic18-lt\cxx-framework\src\traditional\proc\p18f46j50.asm
               STATUSbits   0x000fd8       data     extern E:\3.46\pic18-lt\cxx-framework\src\traditional\proc\p18f46j50.asm
                   STATUS   0x000fd8       data     extern E:\3.46\pic18-lt\cxx-framework\src\traditional\proc\p18f46j50.asm
                     FSR2   0x000fd9       data     extern E:\3.46\pic18-lt\cxx-framework\src\traditional\proc\p18f46j50.asm
                    FSR2L   0x000fd9       data     extern E:\3.46\pic18-lt\cxx-framework\src\traditional\proc\p18f46j50.asm
                    FSR2H   0x000fda       data     extern E:\3.46\pic18-lt\cxx-framework\src\traditional\proc\p18f46j50.asm
                   PLUSW2   0x000fdb       data     extern E:\3.46\pic18-lt\cxx-framework\src\traditional\proc\p18f46j50.asm
                  PREINC2   0x000fdc       data     extern E:\3.46\pic18-lt\cxx-framework\src\traditional\proc\p18f46j50.asm
                 POSTDEC2   0x000fdd       data     extern E:\3.46\pic18-lt\cxx-framework\src\traditional\proc\p18f46j50.asm
                 POSTINC2   0x000fde       data     extern E:\3.46\pic18-lt\cxx-framework\src\traditional\proc\p18f46j50.asm
                    INDF2   0x000fdf       data     extern E:\3.46\pic18-lt\cxx-framework\src\traditional\proc\p18f46j50.asm
                      BSR   0x000fe0       data     extern E:\3.46\pic18-lt\cxx-framework\src\traditional\proc\p18f46j50.asm
                    FSR1L   0x000fe1       data     extern E:\3.46\pic18-lt\cxx-framework\src\traditional\proc\p18f46j50.asm
                     FSR1   0x000fe1       data     extern E:\3.46\pic18-lt\cxx-framework\src\traditional\proc\p18f46j50.asm
                    FSR1H   0x000fe2       data     extern E:\3.46\pic18-lt\cxx-framework\src\traditional\proc\p18f46j50.asm
                   PLUSW1   0x000fe3       data     extern E:\3.46\pic18-lt\cxx-framework\src\traditional\proc\p18f46j50.asm
                  PREINC1   0x000fe4       data     extern E:\3.46\pic18-lt\cxx-framework\src\traditional\proc\p18f46j50.asm
                 POSTDEC1   0x000fe5       data     extern E:\3.46\pic18-lt\cxx-framework\src\traditional\proc\p18f46j50.asm
                 POSTINC1   0x000fe6       data     extern E:\3.46\pic18-lt\cxx-framework\src\traditional\proc\p18f46j50.asm
                    INDF1   0x000fe7       data     extern E:\3.46\pic18-lt\cxx-framework\src\traditional\proc\p18f46j50.asm
                     WREG   0x000fe8       data     extern E:\3.46\pic18-lt\cxx-framework\src\traditional\proc\p18f46j50.asm
                     FSR0   0x000fe9       data     extern E:\3.46\pic18-lt\cxx-framework\src\traditional\proc\p18f46j50.asm
                    FSR0L   0x000fe9       data     extern E:\3.46\pic18-lt\cxx-framework\src\traditional\proc\p18f46j50.asm
                    FSR0H   0x000fea       data     extern E:\3.46\pic18-lt\cxx-framework\src\traditional\proc\p18f46j50.asm
                   PLUSW0   0x000feb       data     extern E:\3.46\pic18-lt\cxx-framework\src\traditional\proc\p18f46j50.asm
                  PREINC0   0x000fec       data     extern E:\3.46\pic18-lt\cxx-framework\src\traditional\proc\p18f46j50.asm
                 POSTDEC0   0x000fed       data     extern E:\3.46\pic18-lt\cxx-framework\src\traditional\proc\p18f46j50.asm
                 POSTINC0   0x000fee       data     extern E:\3.46\pic18-lt\cxx-framework\src\traditional\proc\p18f46j50.asm
                    INDF0   0x000fef       data     extern E:\3.46\pic18-lt\cxx-framework\src\traditional\proc\p18f46j50.asm
              INTCON3bits   0x000ff0       data     extern E:\3.46\pic18-lt\cxx-framework\src\traditional\proc\p18f46j50.asm
                  INTCON3   0x000ff0       data     extern E:\3.46\pic18-lt\cxx-framework\src\traditional\proc\p18f46j50.asm
              INTCON2bits   0x000ff1       data     extern E:\3.46\pic18-lt\cxx-framework\src\traditional\proc\p18f46j50.asm
                  INTCON2   0x000ff1       data     extern E:\3.46\pic18-lt\cxx-framework\src\traditional\proc\p18f46j50.asm
                   INTCON   0x000ff2       data     extern E:\3.46\pic18-lt\cxx-framework\src\traditional\proc\p18f46j50.asm
               INTCONbits   0x000ff2       data     extern E:\3.46\pic18-lt\cxx-framework\src\traditional\proc\p18f46j50.asm
                     PROD   0x000ff3       data     extern E:\3.46\pic18-lt\cxx-framework\src\traditional\proc\p18f46j50.asm
                    PRODL   0x000ff3       data     extern E:\3.46\pic18-lt\cxx-framework\src\traditional\proc\p18f46j50.asm
                    PRODH   0x000ff4       data     extern E:\3.46\pic18-lt\cxx-framework\src\traditional\proc\p18f46j50.asm
                   TABLAT   0x000ff5       data     extern E:\3.46\pic18-lt\cxx-framework\src\traditional\proc\p18f46j50.asm
                  TBLPTRL   0x000ff6       data     extern E:\3.46\pic18-lt\cxx-framework\src\traditional\proc\p18f46j50.asm
                   TBLPTR   0x000ff6       data     extern E:\3.46\pic18-lt\cxx-framework\src\traditional\proc\p18f46j50.asm
                  TBLPTRH   0x000ff7       data     extern E:\3.46\pic18-lt\cxx-framework\src\traditional\proc\p18f46j50.asm
                  TBLPTRU   0x000ff8       data     extern E:\3.46\pic18-lt\cxx-framework\src\traditional\proc\p18f46j50.asm
                      PCL   0x000ff9       data     extern E:\3.46\pic18-lt\cxx-framework\src\traditional\proc\p18f46j50.asm
                       PC   0x000ff9       data     extern E:\3.46\pic18-lt\cxx-framework\src\traditional\proc\p18f46j50.asm
                   PCLATH   0x000ffa       data     extern E:\3.46\pic18-lt\cxx-framework\src\traditional\proc\p18f46j50.asm
                   PCLATU   0x000ffb       data     extern E:\3.46\pic18-lt\cxx-framework\src\traditional\proc\p18f46j50.asm
               STKPTRbits   0x000ffc       data     extern E:\3.46\pic18-lt\cxx-framework\src\traditional\proc\p18f46j50.asm
                   STKPTR   0x000ffc       data     extern E:\3.46\pic18-lt\cxx-framework\src\traditional\proc\p18f46j50.asm
                      TOS   0x000ffd       data     extern E:\3.46\pic18-lt\cxx-framework\src\traditional\proc\p18f46j50.asm
                     TOSL   0x000ffd       data     extern E:\3.46\pic18-lt\cxx-framework\src\traditional\proc\p18f46j50.asm
                     TOSH   0x000ffe       data     extern E:\3.46\pic18-lt\cxx-framework\src\traditional\proc\p18f46j50.asm
                     TOSU   0x000fff       data     extern E:\3.46\pic18-lt\cxx-framework\src\traditional\proc\p18f46j50.asm


