MPLINK 5.00, LINKER
Linker Map File - Created Thu Jan 01 19:54:38 2015

                                 Section Info
                  Section       Type    Address   Location Size(Bytes)
                ---------  ---------  ---------  ---------  ---------
    REMAPPED_RESET_VECTOR       code   0x001000    program   0x000006
REMAPPED_HIGH_INTERRUPT_VECTOR       code   0x001008    program   0x000006
REMAPPED_LOW_INTERRUPT_VECTOR       code   0x001018    program   0x000006
                   .cinit    romdata   0x00102a    program   0x00001a
              .code_UBW.o       code   0x001044    program   0x002184
              .code_ebb.o       code   0x0031c8    program   0x0013ae
       .code_usb_device.o       code   0x004576    program   0x000d8c
         .code_vfprintf.o       code   0x005302    program   0x000c22
 .code_usb_function_cdc.o       code   0x005f24    program   0x0003fc
         .code_RCServo2.o       code   0x006320    program   0x000342
             .stringtable    romdata   0x006662    program   0x0002da
             .code_main.o       code   0x00693c    program   0x000148
                     PROG       code   0x006a84    program   0x0000c2
               _cinit_scn       code   0x006b46    program   0x00009e
                   STRING       code   0x006be4    program   0x00009a
           .code_printf.o       code   0x006c7e    program   0x000098
.romdata_usb_descriptors.o    romdata   0x006d16    program   0x00008f
        .idata_printf.o_i    romdata   0x006da5    program   0x000000
       .idata_fxm3232.o_i    romdata   0x006da5    program   0x000000
      .romdata_RCServo2.o    romdata   0x006da5    program   0x000000
          .romdata_putc.o    romdata   0x006da5    program   0x000000
    .idata_usb_device.o_i    romdata   0x006da5    program   0x000000
.romdata_usb_function_cdc.o    romdata   0x006da5    program   0x000000
           .romdata_ebb.o    romdata   0x006da5    program   0x000000
         .idata_c018i.o_i    romdata   0x006da5    program   0x000000
          .romdata_main.o    romdata   0x006da5    program   0x000000
  .code_usb_descriptors.o       code   0x006da6    program   0x000000
             .code_putc.o       code   0x006da6    program   0x000084
          .code_fxm3232.o       code   0x006e2a    program   0x000070
                    CTYPE       code   0x006e9a    program   0x00004c
         .code_fxd3232u.o       code   0x006ee6    program   0x000048
           .romdata_UBW.o    romdata   0x006f2e    program   0x000035
       .idata_pow2x16.o_i    romdata   0x006f63    program   0x000000
    .romdata_usb_device.o    romdata   0x006f63    program   0x000000
      .idata_vfprintf.o_i    romdata   0x006f63    program   0x000000
        .idata___init.o_i    romdata   0x006f63    program   0x000000
       .romdata_fxm3232.o    romdata   0x006f63    program   0x000000
        .romdata_printf.o    romdata   0x006f63    program   0x000000
      .idata_fxd3232u.o_i    romdata   0x006f63    program   0x000000
         .romdata_c018i.o    romdata   0x006f63    program   0x000000
.idata_usb_descriptors.o_i    romdata   0x006f63    program   0x000000
                    .code       code   0x006f64    program   0x000020
           .code_stdout.o       code   0x006f64    program   0x000000
             _startup_scn       code   0x006f84    program   0x00001c
                    STDIO       code   0x006fa0    program   0x00001c
          .code_pow2x16.o       code   0x006fbc    program   0x000016
      .romdata_vfprintf.o    romdata   0x006fd2    program   0x000011
          .idata_putc.o_i    romdata   0x006fe3    program   0x000000
        .romdata_stdout.o    romdata   0x006fe3    program   0x000000
       .romdata_pow2x16.o    romdata   0x006fe3    program   0x000000
        .romdata___init.o    romdata   0x006fe3    program   0x000000
.idata_usb_function_cdc.o_i    romdata   0x006fe3    program   0x000000
      .romdata_fxd3232u.o    romdata   0x006fe3    program   0x000000
           .idata_ebb.o_i    romdata   0x006fe3    program   0x000000
          .idata_main.o_i    romdata   0x006fe3    program   0x000000
      .idata_RCServo2.o_i    romdata   0x006fe3    program   0x000000
           .code___init.o       code   0x006fe4    program   0x000002
            .code_c018i.o       code   0x006fe4    program   0x000000
        .idata_stdout.o_i    romdata   0x006fe6    program   0x000002
           .idata_UBW.o_i    romdata   0x006fe8    program   0x0000e1
                fast_vars      udata   0x000000       data   0x000037
                MATH_DATA      udata   0x000037       data   0x000014
                 .tmpdata      udata   0x00004b       data   0x000009
              low_ISR_tmp      udata   0x000054       data   0x000004
                  ISR_buf      udata   0x000100       data   0x000071
               com_tx_buf      udata   0x000200       data   0x000080
             .udata_ebb.o      udata   0x000280       data   0x000079
            .udata_main.o      udata   0x0002f9       data   0x000002
          .idata_stdout.o      idata   0x0002fb       data   0x000002
               com_rx_buf      udata   0x000300       data   0x000100
                  USB_BDT      udata   0x000400       data   0x000078
             .idata_UBW.o      idata   0x000500       data   0x0000e1
           .udata_c018i.o      udata   0x0005e1       data   0x00000a
.udata_usb_function_cdc.o      udata   0x000600       data   0x0000a8
      .udata_usb_device.o      udata   0x0006a8       data   0x000034
             .udata_UBW.o      udata   0x0006dc       data   0x000023
        .idata_fxd3232u.o      idata   0x0006ff       data   0x000000
        .udata_fxd3232u.o      udata   0x0006ff       data   0x000000
          .udata___init.o      udata   0x0006ff       data   0x000000
         .udata_fxm3232.o      udata   0x0006ff       data   0x000000
          .idata___init.o      idata   0x0006ff       data   0x000000
         .udata_pow2x16.o      udata   0x0006ff       data   0x000000
         .idata_pow2x16.o      idata   0x0006ff       data   0x000000
          .udata_printf.o      udata   0x0006ff       data   0x000000
          .idata_printf.o      idata   0x0006ff       data   0x000000
          .udata_stdout.o      udata   0x0006ff       data   0x000000
         .idata_fxm3232.o      idata   0x0006ff       data   0x000000
        .udata_vfprintf.o      udata   0x0006ff       data   0x000000
        .idata_vfprintf.o      idata   0x0006ff       data   0x000000
            .udata_putc.o      udata   0x0006ff       data   0x000000
            .idata_putc.o      idata   0x0006ff       data   0x000000
 .idata_usb_descriptors.o      idata   0x0006ff       data   0x000000
 .udata_usb_descriptors.o      udata   0x0006ff       data   0x000000
           .idata_c018i.o      idata   0x0006ff       data   0x000000
      .idata_usb_device.o      idata   0x0006ff       data   0x000000
        .idata_RCServo2.o      idata   0x0006ff       data   0x000000
            .idata_main.o      idata   0x0006ff       data   0x000000
.idata_usb_function_cdc.o      idata   0x0006ff       data   0x000000
             .idata_ebb.o      idata   0x0006ff       data   0x000000
                   .stack      udata   0x000d00       data   0x000100
        .udata_RCServo2.o      udata   0x000e00       data   0x0000b7
              SFR_BANKED0      udata   0x000ec6       data   0x00000e
              SFR_BANKED1      udata   0x000ed7       data   0x000008
              SFR_BANKED2      udata   0x000ee7       data   0x000004
              SFR_BANKED3      udata   0x000eec       data   0x000003
              SFR_BANKED4      udata   0x000ef2       data   0x000002
              SFR_BANKED5      udata   0x000ef6       data   0x000002
              SFR_BANKED6      udata   0x000efb       data   0x000005
              SFR_BANKED7      udata   0x000f26       data   0x000014
              SFR_BANKED8      udata   0x000f3c       data   0x000007
              SFR_BANKED9      udata   0x000f48       data   0x000008
             SFR_BANKED10      udata   0x000f52       data   0x00000e
            SFR_UNBANKED0      udata   0x000f60       data   0x0000a0



                              Program Memory Usage 
                               Start         End      
                           ---------   ---------      
                            0x001000    0x001005      
                            0x001008    0x00100d      
                            0x001018    0x00101d      
                            0x00102a    0x006da4      
                            0x006da6    0x006f62      
                            0x006f64    0x006fe2      
                            0x006fe4    0x0070c8      
            24750 out of 65538 program addresses used, program memory utilization is 37%



                              Symbols - Sorted by Name
                     Name    Address   Location    Storage File                     
                ---------  ---------  ---------  --------- ---------                
          AnalogConfigure   0x001efa    program     extern D:\Projects\EggBot_GitHub\EBB_firmware\app.X\source\UBW.c
           BlinkUSBStatus   0x002bfe    program     extern D:\Projects\EggBot_GitHub\EBB_firmware\app.X\source\UBW.c
                CDCInitEP   0x005fc0    program     extern D:\Projects\EggBot_GitHub\EBB_firmware\Microchip\USB\CDC Device Driver\usb_function_cdc.c
             CDCTxService   0x006162    program     extern D:\Projects\EggBot_GitHub\EBB_firmware\Microchip\USB\CDC Device Driver\usb_function_cdc.c
                   D3232S   0x006ab4    program     static E:\3.46\pic18-lt\cxx-framework\src\traditional\math\fxd3232s.asm
                D3232SNEG   0x006ac2    program     static E:\3.46\pic18-lt\cxx-framework\src\traditional\math\fxd3232s.asm
                 D3232SOK   0x006abe    program     static E:\3.46\pic18-lt\cxx-framework\src\traditional\math\fxd3232s.asm
                  D3232SX   0x006ae2    program     static E:\3.46\pic18-lt\cxx-framework\src\traditional\math\fxd3232s.asm
                  DA3232S   0x006a9e    program     static E:\3.46\pic18-lt\cxx-framework\src\traditional\math\fxd3232s.asm
                 EBB_Init   0x00359a    program     extern D:\Projects\EggBot_GitHub\EBB_firmware\app.X\source\ebb.c
                 FXD3232S   0x006a84    program     extern E:\3.46\pic18-lt\cxx-framework\src\traditional\math\fxd3232s.asm
                 FXD3232U   0x006ee6    program     extern E:\3.46\pic18-lt\cxx-framework\src\traditional\math\fxd3232u.c
                 FXM1616S   0x006aec    program     extern E:\3.46\pic18-lt\cxx-framework\src\traditional\math\fxm1616s.asm
                  FXM3232   0x006e2a    program     extern E:\3.46\pic18-lt\cxx-framework\src\traditional\math\fxm3232.c
         InitializeSystem   0x006948    program     static D:\Projects\EggBot_GitHub\EBB_firmware\app.X\source\main.c
                LongDelay   0x0026da    program     extern D:\Projects\EggBot_GitHub\EBB_firmware\app.X\source\UBW.c
                ProcessIO   0x0015da    program     extern D:\Projects\EggBot_GitHub\EBB_firmware\app.X\source\UBW.c
            RCServo2_Init   0x006320    program     extern D:\Projects\EggBot_GitHub\EBB_firmware\app.X\source\RCServo2.c
            RCServo2_Move   0x0064b6    program     extern D:\Projects\EggBot_GitHub\EBB_firmware\app.X\source\RCServo2.c
      RCServo2_S2_command   0x00640e    program     extern D:\Projects\EggBot_GitHub\EBB_firmware\app.X\source\RCServo2.c
RCServo2_get_channel_from_RPn   0x0063d0    program     extern D:\Projects\EggBot_GitHub\EBB_firmware\app.X\source\RCServo2.c
        Remapped_High_ISR   0x001008    program     extern D:\Projects\EggBot_GitHub\EBB_firmware\app.X\source\main.c
         Remapped_Low_ISR   0x001018    program     extern D:\Projects\EggBot_GitHub\EBB_firmware\app.X\source\main.c
         SetPinLATFromRPn   0x002cda    program     extern D:\Projects\EggBot_GitHub\EBB_firmware\app.X\source\UBW.c
        SetPinTRISFromRPn   0x002d36    program     extern D:\Projects\EggBot_GitHub\EBB_firmware\app.X\source\UBW.c
               TSIGN1616A   0x006b38    program     static E:\3.46\pic18-lt\cxx-framework\src\traditional\math\fxm1616s.asm
       USBCBCheckOtherReq   0x006990    program     extern D:\Projects\EggBot_GitHub\EBB_firmware\app.X\source\main.c
        USBCBErrorHandler   0x00698e    program     extern D:\Projects\EggBot_GitHub\EBB_firmware\app.X\source\main.c
              USBCBInitEP   0x006996    program     extern D:\Projects\EggBot_GitHub\EBB_firmware\app.X\source\main.c
          USBCBSendResume   0x00699a    program     extern D:\Projects\EggBot_GitHub\EBB_firmware\app.X\source\main.c
    USBCBStdSetDscHandler   0x006994    program     extern D:\Projects\EggBot_GitHub\EBB_firmware\app.X\source\main.c
             USBCBSuspend   0x006988    program     extern D:\Projects\EggBot_GitHub\EBB_firmware\app.X\source\main.c
     USBCBWakeFromSuspend   0x00698a    program     extern D:\Projects\EggBot_GitHub\EBB_firmware\app.X\source\main.c
        USBCB_SOF_Handler   0x00698c    program     extern D:\Projects\EggBot_GitHub\EBB_firmware\app.X\source\main.c
       USBCDCEventHandler   0x00600a    program     extern D:\Projects\EggBot_GitHub\EBB_firmware\Microchip\USB\CDC Device Driver\usb_function_cdc.c
              USBCancelIO   0x0048ae    program     extern D:\Projects\EggBot_GitHub\EBB_firmware\Microchip\USB\usb_device.c
       USBCheckCDCRequest   0x005f24    program     extern D:\Projects\EggBot_GitHub\EBB_firmware\Microchip\USB\CDC Device Driver\usb_function_cdc.c
       USBCheckStdRequest   0x004ea8    program     static D:\Projects\EggBot_GitHub\EBB_firmware\Microchip\USB\usb_device.c
     USBConfigureEndpoint   0x004974    program     static D:\Projects\EggBot_GitHub\EBB_firmware\Microchip\USB\usb_device.c
  USBCtrlEPAllowDataStage   0x004936    program     extern D:\Projects\EggBot_GitHub\EBB_firmware\Microchip\USB\usb_device.c
USBCtrlEPAllowStatusStage   0x0048e8    program     extern D:\Projects\EggBot_GitHub\EBB_firmware\Microchip\USB\usb_device.c
         USBCtrlEPService   0x004d46    program     static D:\Projects\EggBot_GitHub\EBB_firmware\Microchip\USB\usb_device.c
 USBCtrlEPServiceComplete   0x0049c6    program     static D:\Projects\EggBot_GitHub\EBB_firmware\Microchip\USB\usb_device.c
      USBCtrlTrfInHandler   0x004e30    program     static D:\Projects\EggBot_GitHub\EBB_firmware\Microchip\USB\usb_device.c
     USBCtrlTrfOutHandler   0x004e12    program     static D:\Projects\EggBot_GitHub\EBB_firmware\Microchip\USB\usb_device.c
      USBCtrlTrfRxService   0x004a9c    program     static D:\Projects\EggBot_GitHub\EBB_firmware\Microchip\USB\usb_device.c
   USBCtrlTrfSetupHandler   0x004dd2    program     static D:\Projects\EggBot_GitHub\EBB_firmware\Microchip\USB\usb_device.c
      USBCtrlTrfTxService   0x004a20    program     static D:\Projects\EggBot_GitHub\EBB_firmware\Microchip\USB\usb_device.c
            USBDeviceInit   0x004576    program     extern D:\Projects\EggBot_GitHub\EBB_firmware\Microchip\USB\usb_device.c
           USBDeviceTasks   0x00464a    program     extern D:\Projects\EggBot_GitHub\EBB_firmware\Microchip\USB\usb_device.c
        USBEnableEndpoint   0x0047c6    program     extern D:\Projects\EggBot_GitHub\EBB_firmware\Microchip\USB\usb_device.c
         USBStallEndpoint   0x004886    program     extern D:\Projects\EggBot_GitHub\EBB_firmware\Microchip\USB\usb_device.c
          USBStallHandler   0x004ce0    program     static D:\Projects\EggBot_GitHub\EBB_firmware\Microchip\USB\usb_device.c
  USBStdFeatureReqHandler   0x004f5a    program     static D:\Projects\EggBot_GitHub\EBB_firmware\Microchip\USB\usb_device.c
      USBStdGetDscHandler   0x004bfa    program     static D:\Projects\EggBot_GitHub\EBB_firmware\Microchip\USB\usb_device.c
   USBStdGetStatusHandler   0x004c74    program     static D:\Projects\EggBot_GitHub\EBB_firmware\Microchip\USB\usb_device.c
      USBStdSetCfgHandler   0x004b5c    program     static D:\Projects\EggBot_GitHub\EBB_firmware\Microchip\USB\usb_device.c
               USBSuspend   0x004d02    program     static D:\Projects\EggBot_GitHub\EBB_firmware\Microchip\USB\usb_device.c
     USBTransferOnePacket   0x004804    program     extern D:\Projects\EggBot_GitHub\EBB_firmware\Microchip\USB\usb_device.c
       USBWakeFromSuspend   0x004d22    program     static D:\Projects\EggBot_GitHub\EBB_firmware\Microchip\USB\usb_device.c
               USB_CD_Ptr   0x006d9d    program     extern D:\Projects\EggBot_GitHub\EBB_firmware\app.X\source\usb_descriptors.c
               USB_SD_Ptr   0x006d9f    program     extern D:\Projects\EggBot_GitHub\EBB_firmware\app.X\source\usb_descriptors.c
USER_USB_CALLBACK_EVENT_HANDLER   0x0069de    program     extern D:\Projects\EggBot_GitHub\EBB_firmware\app.X\source\main.c
                 UserInit   0x0014c2    program     extern D:\Projects\EggBot_GitHub\EBB_firmware\app.X\source\UBW.c
              _2jContinue   0x006c04    program     static E:\3.46\pic18-lt\cxx-framework\src\traditional\stdclib\memset.asm
                   _2jEnd   0x006c68    program     static E:\3.46\pic18-lt\cxx-framework\src\traditional\stdclib\slenpgm.asm
                   _3jEnd   0x006c0e    program     static E:\3.46\pic18-lt\cxx-framework\src\traditional\stdclib\memset.asm
         ___else_lbl00002   0x003226    program     static                          
         ___else_lbl00007   0x00326a    program     static                          
         ___else_lbl00009   0x003274    program     static                          
         ___else_lbl00011   0x003286    program     static                          
         ___else_lbl00013   0x003290    program     static                          
         ___else_lbl00016   0x003278    program     static                          
         ___else_lbl00027   0x00334c    program     static                          
         ___else_lbl00030   0x0033a0    program     static                          
         ___else_lbl00035   0x003434    program     static                          
         ___else_lbl00040   0x0034d4    program     static                          
         ___else_lbl00044   0x0033ac    program     static                          
         ___else_lbl00047   0x003562    program     static                          
          ___for_lbl00054   0x00360a    program     static                          
          ___for_lbl00055   0x00360e    program     static                          
          ___for_lbl00056   0x0035ae    program     static                          
          ___for_lbl00352   0x002704    program     static                          
          ___for_lbl00353   0x002708    program     static                          
          ___for_lbl00356   0x0026ee    program     static                          
           ___if_lbl00001   0x003230    program     static                          
           ___if_lbl00003   0x003230    program     static                          
           ___if_lbl00004   0x00323e    program     static                          
           ___if_lbl00006   0x00326c    program     static                          
           ___if_lbl00008   0x003276    program     static                          
           ___if_lbl00010   0x003288    program     static                          
           ___if_lbl00012   0x003292    program     static                          
           ___if_lbl00014   0x003292    program     static                          
           ___if_lbl00015   0x003292    program     static                          
           ___if_lbl00017   0x0032de    program     static                          
           ___if_lbl00018   0x0032e2    program     static                          
           ___if_lbl00019   0x00332e    program     static                          
           ___if_lbl00020   0x003332    program     static                          
           ___if_lbl00021   0x003344    program     static                          
           ___if_lbl00022   0x00334a    program     static                          
           ___if_lbl00023   0x003358    program     static                          
           ___if_lbl00024   0x00335e    program     static                          
           ___if_lbl00025   0x00335e    program     static                          
           ___if_lbl00026   0x00335e    program     static                          
           ___if_lbl00028   0x0033aa    program     static                          
           ___if_lbl00029   0x0033aa    program     static                          
           ___if_lbl00031   0x0033aa    program     static                          
           ___if_lbl00032   0x0033aa    program     static                          
           ___if_lbl00033   0x0034aa    program     static                          
           ___if_lbl00034   0x0034aa    program     static                          
           ___if_lbl00036   0x0034aa    program     static                          
           ___if_lbl00037   0x0034d2    program     static                          
           ___if_lbl00038   0x0034e6    program     static                          
           ___if_lbl00039   0x0034e6    program     static                          
           ___if_lbl00041   0x0034e6    program     static                          
           ___if_lbl00042   0x0034e6    program     static                          
           ___if_lbl00043   0x0034e6    program     static                          
           ___if_lbl00046   0x00356a    program     static                          
           ___if_lbl00048   0x00356a    program     static                          
           ___if_lbl00051   0x003582    program     static                          
           ___if_lbl00052   0x003582    program     static                          
       ___return_lbl00000   0x003582    program     static                          
       ___return_lbl00000   0x001004    program     static                          
       ___return_lbl00000   0x006e98    program     static                          
       ___return_lbl00000   0x006f2c    program     static                          
       ___return_lbl00000   0x006fd0    program     static                          
       ___return_lbl00000   0x006f9e    program     static                          
       ___return_lbl00001   0x00100c    program     static                          
       ___return_lbl00001   0x006be2    program     static                          
       ___return_lbl00002   0x00101c    program     static                          
       ___return_lbl00053   0x0036fa    program     static                          
       ___return_lbl00351   0x002708    program     static                          
       ___return_lbl00357   0x002724    program     static                          
        ___while_lbl00354   0x0026f6    program     static                          
        ___while_lbl00355   0x002704    program     static                          
                   __init   0x006fe4    program     extern E:\3.46\pic18-lt\cxx-framework\src\traditional\stdclib\__init.c
                   __pa_0   0x006a66    program     static D:\Projects\EggBot_GitHub\EBB_firmware\app.X\source\main.c
                   __pa_0   0x004182    program     static D:\Projects\EggBot_GitHub\EBB_firmware\app.X\source\ebb.c
                   __pa_0   0x006244    program     static D:\Projects\EggBot_GitHub\EBB_firmware\Microchip\USB\CDC Device Driver\usb_function_cdc.c
                   __pa_0   0x00509c    program     static D:\Projects\EggBot_GitHub\EBB_firmware\Microchip\USB\usb_device.c
                   __pa_0   0x005c42    program     static E:\3.46\pic18-lt\cxx-framework\src\traditional\stdclib\vfprintf.c
                   __pa_0   0x0065f0    program     static D:\Projects\EggBot_GitHub\EBB_firmware\app.X\source\RCServo2.c
                   __pa_0   0x002d92    program     static D:\Projects\EggBot_GitHub\EBB_firmware\app.X\source\UBW.c
                   __pa_1   0x0050a4    program     static D:\Projects\EggBot_GitHub\EBB_firmware\Microchip\USB\usb_device.c
                   __pa_1   0x006256    program     static D:\Projects\EggBot_GitHub\EBB_firmware\Microchip\USB\CDC Device Driver\usb_function_cdc.c
                   __pa_1   0x005c4a    program     static E:\3.46\pic18-lt\cxx-framework\src\traditional\stdclib\vfprintf.c
                   __pa_1   0x004192    program     static D:\Projects\EggBot_GitHub\EBB_firmware\app.X\source\ebb.c
                   __pa_1   0x002d98    program     static D:\Projects\EggBot_GitHub\EBB_firmware\app.X\source\UBW.c
                   __pa_1   0x006a78    program     static D:\Projects\EggBot_GitHub\EBB_firmware\app.X\source\main.c
                   __pa_1   0x006602    program     static D:\Projects\EggBot_GitHub\EBB_firmware\app.X\source\RCServo2.c
                  __pa_10   0x002dfc    program     static D:\Projects\EggBot_GitHub\EBB_firmware\app.X\source\UBW.c
                  __pa_10   0x0062dc    program     static D:\Projects\EggBot_GitHub\EBB_firmware\Microchip\USB\CDC Device Driver\usb_function_cdc.c
                  __pa_10   0x005cfe    program     static E:\3.46\pic18-lt\cxx-framework\src\traditional\stdclib\vfprintf.c
                  __pa_10   0x004260    program     static D:\Projects\EggBot_GitHub\EBB_firmware\app.X\source\ebb.c
                  __pa_10   0x005102    program     static D:\Projects\EggBot_GitHub\EBB_firmware\Microchip\USB\usb_device.c
                  __pa_11   0x002e02    program     static D:\Projects\EggBot_GitHub\EBB_firmware\app.X\source\UBW.c
                  __pa_11   0x00510c    program     static D:\Projects\EggBot_GitHub\EBB_firmware\Microchip\USB\usb_device.c
                  __pa_11   0x0062ea    program     static D:\Projects\EggBot_GitHub\EBB_firmware\Microchip\USB\CDC Device Driver\usb_function_cdc.c
                  __pa_11   0x005d0c    program     static E:\3.46\pic18-lt\cxx-framework\src\traditional\stdclib\vfprintf.c
                  __pa_11   0x00428e    program     static D:\Projects\EggBot_GitHub\EBB_firmware\app.X\source\ebb.c
                  __pa_12   0x0062f4    program     static D:\Projects\EggBot_GitHub\EBB_firmware\Microchip\USB\CDC Device Driver\usb_function_cdc.c
                  __pa_12   0x005d22    program     static E:\3.46\pic18-lt\cxx-framework\src\traditional\stdclib\vfprintf.c
                  __pa_12   0x0042a8    program     static D:\Projects\EggBot_GitHub\EBB_firmware\app.X\source\ebb.c
                  __pa_12   0x005120    program     static D:\Projects\EggBot_GitHub\EBB_firmware\Microchip\USB\usb_device.c
                  __pa_12   0x002e0a    program     static D:\Projects\EggBot_GitHub\EBB_firmware\app.X\source\UBW.c
                  __pa_13   0x006304    program     static D:\Projects\EggBot_GitHub\EBB_firmware\Microchip\USB\CDC Device Driver\usb_function_cdc.c
                  __pa_13   0x005d3c    program     static E:\3.46\pic18-lt\cxx-framework\src\traditional\stdclib\vfprintf.c
                  __pa_13   0x0042c8    program     static D:\Projects\EggBot_GitHub\EBB_firmware\app.X\source\ebb.c
                  __pa_13   0x005134    program     static D:\Projects\EggBot_GitHub\EBB_firmware\Microchip\USB\usb_device.c
                  __pa_13   0x002e18    program     static D:\Projects\EggBot_GitHub\EBB_firmware\app.X\source\UBW.c
                  __pa_14   0x006312    program     static D:\Projects\EggBot_GitHub\EBB_firmware\Microchip\USB\CDC Device Driver\usb_function_cdc.c
                  __pa_14   0x002e20    program     static D:\Projects\EggBot_GitHub\EBB_firmware\app.X\source\UBW.c
                  __pa_14   0x005d54    program     static E:\3.46\pic18-lt\cxx-framework\src\traditional\stdclib\vfprintf.c
                  __pa_14   0x005142    program     static D:\Projects\EggBot_GitHub\EBB_firmware\Microchip\USB\usb_device.c
                  __pa_14   0x0042da    program     static D:\Projects\EggBot_GitHub\EBB_firmware\app.X\source\ebb.c
                  __pa_15   0x005d64    program     static E:\3.46\pic18-lt\cxx-framework\src\traditional\stdclib\vfprintf.c
                  __pa_15   0x00514e    program     static D:\Projects\EggBot_GitHub\EBB_firmware\Microchip\USB\usb_device.c
                  __pa_15   0x002e28    program     static D:\Projects\EggBot_GitHub\EBB_firmware\app.X\source\UBW.c
                  __pa_15   0x0042e8    program     static D:\Projects\EggBot_GitHub\EBB_firmware\app.X\source\ebb.c
                  __pa_16   0x005d7a    program     static E:\3.46\pic18-lt\cxx-framework\src\traditional\stdclib\vfprintf.c
                  __pa_16   0x002e3a    program     static D:\Projects\EggBot_GitHub\EBB_firmware\app.X\source\UBW.c
                  __pa_16   0x005168    program     static D:\Projects\EggBot_GitHub\EBB_firmware\Microchip\USB\usb_device.c
                  __pa_16   0x0042ee    program     static D:\Projects\EggBot_GitHub\EBB_firmware\app.X\source\ebb.c
                  __pa_17   0x005d8c    program     static E:\3.46\pic18-lt\cxx-framework\src\traditional\stdclib\vfprintf.c
                  __pa_17   0x002e46    program     static D:\Projects\EggBot_GitHub\EBB_firmware\app.X\source\UBW.c
                  __pa_17   0x005174    program     static D:\Projects\EggBot_GitHub\EBB_firmware\Microchip\USB\usb_device.c
                  __pa_17   0x00430a    program     static D:\Projects\EggBot_GitHub\EBB_firmware\app.X\source\ebb.c
                  __pa_18   0x005180    program     static D:\Projects\EggBot_GitHub\EBB_firmware\Microchip\USB\usb_device.c
                  __pa_18   0x004328    program     static D:\Projects\EggBot_GitHub\EBB_firmware\app.X\source\ebb.c
                  __pa_18   0x005d9e    program     static E:\3.46\pic18-lt\cxx-framework\src\traditional\stdclib\vfprintf.c
                  __pa_18   0x002e62    program     static D:\Projects\EggBot_GitHub\EBB_firmware\app.X\source\UBW.c
                  __pa_19   0x002e6a    program     static D:\Projects\EggBot_GitHub\EBB_firmware\app.X\source\UBW.c
                  __pa_19   0x005188    program     static D:\Projects\EggBot_GitHub\EBB_firmware\Microchip\USB\usb_device.c
                  __pa_19   0x004334    program     static D:\Projects\EggBot_GitHub\EBB_firmware\app.X\source\ebb.c
                  __pa_19   0x005da8    program     static E:\3.46\pic18-lt\cxx-framework\src\traditional\stdclib\vfprintf.c
                   __pa_2   0x005c54    program     static E:\3.46\pic18-lt\cxx-framework\src\traditional\stdclib\vfprintf.c
                   __pa_2   0x00660c    program     static D:\Projects\EggBot_GitHub\EBB_firmware\app.X\source\RCServo2.c
                   __pa_2   0x0050aa    program     static D:\Projects\EggBot_GitHub\EBB_firmware\Microchip\USB\usb_device.c
                   __pa_2   0x006266    program     static D:\Projects\EggBot_GitHub\EBB_firmware\Microchip\USB\CDC Device Driver\usb_function_cdc.c
                   __pa_2   0x00419a    program     static D:\Projects\EggBot_GitHub\EBB_firmware\app.X\source\ebb.c
                   __pa_2   0x002daa    program     static D:\Projects\EggBot_GitHub\EBB_firmware\app.X\source\UBW.c
                  __pa_20   0x005190    program     static D:\Projects\EggBot_GitHub\EBB_firmware\Microchip\USB\usb_device.c
                  __pa_20   0x002e76    program     static D:\Projects\EggBot_GitHub\EBB_firmware\app.X\source\UBW.c
                  __pa_20   0x005db8    program     static E:\3.46\pic18-lt\cxx-framework\src\traditional\stdclib\vfprintf.c
                  __pa_20   0x004342    program     static D:\Projects\EggBot_GitHub\EBB_firmware\app.X\source\ebb.c
                  __pa_21   0x005dc8    program     static E:\3.46\pic18-lt\cxx-framework\src\traditional\stdclib\vfprintf.c
                  __pa_21   0x002e7c    program     static D:\Projects\EggBot_GitHub\EBB_firmware\app.X\source\UBW.c
                  __pa_21   0x004350    program     static D:\Projects\EggBot_GitHub\EBB_firmware\app.X\source\ebb.c
                  __pa_21   0x00519c    program     static D:\Projects\EggBot_GitHub\EBB_firmware\Microchip\USB\usb_device.c
                  __pa_22   0x005dd8    program     static E:\3.46\pic18-lt\cxx-framework\src\traditional\stdclib\vfprintf.c
                  __pa_22   0x002e86    program     static D:\Projects\EggBot_GitHub\EBB_firmware\app.X\source\UBW.c
                  __pa_22   0x00435c    program     static D:\Projects\EggBot_GitHub\EBB_firmware\app.X\source\ebb.c
                  __pa_22   0x0051ac    program     static D:\Projects\EggBot_GitHub\EBB_firmware\Microchip\USB\usb_device.c
                  __pa_23   0x005de4    program     static E:\3.46\pic18-lt\cxx-framework\src\traditional\stdclib\vfprintf.c
                  __pa_23   0x002e8c    program     static D:\Projects\EggBot_GitHub\EBB_firmware\app.X\source\UBW.c
                  __pa_23   0x004376    program     static D:\Projects\EggBot_GitHub\EBB_firmware\app.X\source\ebb.c
                  __pa_23   0x0051bc    program     static D:\Projects\EggBot_GitHub\EBB_firmware\Microchip\USB\usb_device.c
                  __pa_24   0x004390    program     static D:\Projects\EggBot_GitHub\EBB_firmware\app.X\source\ebb.c
                  __pa_24   0x005df2    program     static E:\3.46\pic18-lt\cxx-framework\src\traditional\stdclib\vfprintf.c
                  __pa_24   0x0051cc    program     static D:\Projects\EggBot_GitHub\EBB_firmware\Microchip\USB\usb_device.c
                  __pa_24   0x002e9a    program     static D:\Projects\EggBot_GitHub\EBB_firmware\app.X\source\UBW.c
                  __pa_25   0x0051da    program     static D:\Projects\EggBot_GitHub\EBB_firmware\Microchip\USB\usb_device.c
                  __pa_25   0x005dfa    program     static E:\3.46\pic18-lt\cxx-framework\src\traditional\stdclib\vfprintf.c
                  __pa_25   0x002ea8    program     static D:\Projects\EggBot_GitHub\EBB_firmware\app.X\source\UBW.c
                  __pa_25   0x00439a    program     static D:\Projects\EggBot_GitHub\EBB_firmware\app.X\source\ebb.c
                  __pa_26   0x0043a6    program     static D:\Projects\EggBot_GitHub\EBB_firmware\app.X\source\ebb.c
                  __pa_26   0x005e04    program     static E:\3.46\pic18-lt\cxx-framework\src\traditional\stdclib\vfprintf.c
                  __pa_26   0x0051e8    program     static D:\Projects\EggBot_GitHub\EBB_firmware\Microchip\USB\usb_device.c
                  __pa_26   0x002eb4    program     static D:\Projects\EggBot_GitHub\EBB_firmware\app.X\source\UBW.c
                  __pa_27   0x0043b0    program     static D:\Projects\EggBot_GitHub\EBB_firmware\app.X\source\ebb.c
                  __pa_27   0x005e0e    program     static E:\3.46\pic18-lt\cxx-framework\src\traditional\stdclib\vfprintf.c
                  __pa_27   0x002ec0    program     static D:\Projects\EggBot_GitHub\EBB_firmware\app.X\source\UBW.c
                  __pa_27   0x0051f6    program     static D:\Projects\EggBot_GitHub\EBB_firmware\Microchip\USB\usb_device.c
                  __pa_28   0x005204    program     static D:\Projects\EggBot_GitHub\EBB_firmware\Microchip\USB\usb_device.c
                  __pa_28   0x005e16    program     static E:\3.46\pic18-lt\cxx-framework\src\traditional\stdclib\vfprintf.c
                  __pa_28   0x0043c2    program     static D:\Projects\EggBot_GitHub\EBB_firmware\app.X\source\ebb.c
                  __pa_28   0x002edc    program     static D:\Projects\EggBot_GitHub\EBB_firmware\app.X\source\UBW.c
                  __pa_29   0x00520e    program     static D:\Projects\EggBot_GitHub\EBB_firmware\Microchip\USB\usb_device.c
                  __pa_29   0x002ef0    program     static D:\Projects\EggBot_GitHub\EBB_firmware\app.X\source\UBW.c
                  __pa_29   0x005e24    program     static E:\3.46\pic18-lt\cxx-framework\src\traditional\stdclib\vfprintf.c
                  __pa_29   0x0043d4    program     static D:\Projects\EggBot_GitHub\EBB_firmware\app.X\source\ebb.c
                   __pa_3   0x002db6    program     static D:\Projects\EggBot_GitHub\EBB_firmware\app.X\source\UBW.c
                   __pa_3   0x0041d6    program     static D:\Projects\EggBot_GitHub\EBB_firmware\app.X\source\ebb.c
                   __pa_3   0x005c5e    program     static E:\3.46\pic18-lt\cxx-framework\src\traditional\stdclib\vfprintf.c
                   __pa_3   0x00661c    program     static D:\Projects\EggBot_GitHub\EBB_firmware\app.X\source\RCServo2.c
                   __pa_3   0x0050ae    program     static D:\Projects\EggBot_GitHub\EBB_firmware\Microchip\USB\usb_device.c
                   __pa_3   0x006272    program     static D:\Projects\EggBot_GitHub\EBB_firmware\Microchip\USB\CDC Device Driver\usb_function_cdc.c
                  __pa_30   0x005226    program     static D:\Projects\EggBot_GitHub\EBB_firmware\Microchip\USB\usb_device.c
                  __pa_30   0x002f0a    program     static D:\Projects\EggBot_GitHub\EBB_firmware\app.X\source\UBW.c
                  __pa_30   0x0043de    program     static D:\Projects\EggBot_GitHub\EBB_firmware\app.X\source\ebb.c
                  __pa_30   0x005e40    program     static E:\3.46\pic18-lt\cxx-framework\src\traditional\stdclib\vfprintf.c
                  __pa_31   0x0043ee    program     static D:\Projects\EggBot_GitHub\EBB_firmware\app.X\source\ebb.c
                  __pa_31   0x005e5a    program     static E:\3.46\pic18-lt\cxx-framework\src\traditional\stdclib\vfprintf.c
                  __pa_31   0x002f16    program     static D:\Projects\EggBot_GitHub\EBB_firmware\app.X\source\UBW.c
                  __pa_31   0x005232    program     static D:\Projects\EggBot_GitHub\EBB_firmware\Microchip\USB\usb_device.c
                  __pa_32   0x0043fc    program     static D:\Projects\EggBot_GitHub\EBB_firmware\app.X\source\ebb.c
                  __pa_32   0x005246    program     static D:\Projects\EggBot_GitHub\EBB_firmware\Microchip\USB\usb_device.c
                  __pa_32   0x005e74    program     static E:\3.46\pic18-lt\cxx-framework\src\traditional\stdclib\vfprintf.c
                  __pa_32   0x002f20    program     static D:\Projects\EggBot_GitHub\EBB_firmware\app.X\source\UBW.c
                  __pa_33   0x005e8c    program     static E:\3.46\pic18-lt\cxx-framework\src\traditional\stdclib\vfprintf.c
                  __pa_33   0x002f2a    program     static D:\Projects\EggBot_GitHub\EBB_firmware\app.X\source\UBW.c
                  __pa_33   0x005252    program     static D:\Projects\EggBot_GitHub\EBB_firmware\Microchip\USB\usb_device.c
                  __pa_33   0x00440a    program     static D:\Projects\EggBot_GitHub\EBB_firmware\app.X\source\ebb.c
                  __pa_34   0x002f36    program     static D:\Projects\EggBot_GitHub\EBB_firmware\app.X\source\UBW.c
                  __pa_34   0x004414    program     static D:\Projects\EggBot_GitHub\EBB_firmware\app.X\source\ebb.c
                  __pa_34   0x005264    program     static D:\Projects\EggBot_GitHub\EBB_firmware\Microchip\USB\usb_device.c
                  __pa_34   0x005e96    program     static E:\3.46\pic18-lt\cxx-framework\src\traditional\stdclib\vfprintf.c
                  __pa_35   0x005ea4    program     static E:\3.46\pic18-lt\cxx-framework\src\traditional\stdclib\vfprintf.c
                  __pa_35   0x00441e    program     static D:\Projects\EggBot_GitHub\EBB_firmware\app.X\source\ebb.c
                  __pa_35   0x005272    program     static D:\Projects\EggBot_GitHub\EBB_firmware\Microchip\USB\usb_device.c
                  __pa_35   0x002f42    program     static D:\Projects\EggBot_GitHub\EBB_firmware\app.X\source\UBW.c
                  __pa_36   0x002f4a    program     static D:\Projects\EggBot_GitHub\EBB_firmware\app.X\source\UBW.c
                  __pa_36   0x005284    program     static D:\Projects\EggBot_GitHub\EBB_firmware\Microchip\USB\usb_device.c
                  __pa_36   0x004430    program     static D:\Projects\EggBot_GitHub\EBB_firmware\app.X\source\ebb.c
                  __pa_36   0x005eac    program     static E:\3.46\pic18-lt\cxx-framework\src\traditional\stdclib\vfprintf.c
                  __pa_37   0x005eb6    program     static E:\3.46\pic18-lt\cxx-framework\src\traditional\stdclib\vfprintf.c
                  __pa_37   0x002f52    program     static D:\Projects\EggBot_GitHub\EBB_firmware\app.X\source\UBW.c
                  __pa_37   0x00443c    program     static D:\Projects\EggBot_GitHub\EBB_firmware\app.X\source\ebb.c
                  __pa_37   0x00528e    program     static D:\Projects\EggBot_GitHub\EBB_firmware\Microchip\USB\usb_device.c
                  __pa_38   0x004454    program     static D:\Projects\EggBot_GitHub\EBB_firmware\app.X\source\ebb.c
                  __pa_38   0x005ec6    program     static E:\3.46\pic18-lt\cxx-framework\src\traditional\stdclib\vfprintf.c
                  __pa_38   0x002f68    program     static D:\Projects\EggBot_GitHub\EBB_firmware\app.X\source\UBW.c
                  __pa_38   0x005298    program     static D:\Projects\EggBot_GitHub\EBB_firmware\Microchip\USB\usb_device.c
                  __pa_39   0x002f76    program     static D:\Projects\EggBot_GitHub\EBB_firmware\app.X\source\UBW.c
                  __pa_39   0x005ed4    program     static E:\3.46\pic18-lt\cxx-framework\src\traditional\stdclib\vfprintf.c
                  __pa_39   0x00529e    program     static D:\Projects\EggBot_GitHub\EBB_firmware\Microchip\USB\usb_device.c
                  __pa_39   0x00446c    program     static D:\Projects\EggBot_GitHub\EBB_firmware\app.X\source\ebb.c
                   __pa_4   0x006628    program     static D:\Projects\EggBot_GitHub\EBB_firmware\app.X\source\RCServo2.c
                   __pa_4   0x006284    program     static D:\Projects\EggBot_GitHub\EBB_firmware\Microchip\USB\CDC Device Driver\usb_function_cdc.c
                   __pa_4   0x002dc2    program     static D:\Projects\EggBot_GitHub\EBB_firmware\app.X\source\UBW.c
                   __pa_4   0x0050b8    program     static D:\Projects\EggBot_GitHub\EBB_firmware\Microchip\USB\usb_device.c
                   __pa_4   0x0041e8    program     static D:\Projects\EggBot_GitHub\EBB_firmware\app.X\source\ebb.c
                   __pa_4   0x005c76    program     static E:\3.46\pic18-lt\cxx-framework\src\traditional\stdclib\vfprintf.c
                  __pa_40   0x004480    program     static D:\Projects\EggBot_GitHub\EBB_firmware\app.X\source\ebb.c
                  __pa_40   0x005ee0    program     static E:\3.46\pic18-lt\cxx-framework\src\traditional\stdclib\vfprintf.c
                  __pa_40   0x0052a6    program     static D:\Projects\EggBot_GitHub\EBB_firmware\Microchip\USB\usb_device.c
                  __pa_40   0x002f84    program     static D:\Projects\EggBot_GitHub\EBB_firmware\app.X\source\UBW.c
                  __pa_41   0x0052ac    program     static D:\Projects\EggBot_GitHub\EBB_firmware\Microchip\USB\usb_device.c
                  __pa_41   0x005eec    program     static E:\3.46\pic18-lt\cxx-framework\src\traditional\stdclib\vfprintf.c
                  __pa_41   0x002f8e    program     static D:\Projects\EggBot_GitHub\EBB_firmware\app.X\source\UBW.c
                  __pa_41   0x004488    program     static D:\Projects\EggBot_GitHub\EBB_firmware\app.X\source\ebb.c
                  __pa_42   0x0052ba    program     static D:\Projects\EggBot_GitHub\EBB_firmware\Microchip\USB\usb_device.c
                  __pa_42   0x005ef4    program     static E:\3.46\pic18-lt\cxx-framework\src\traditional\stdclib\vfprintf.c
                  __pa_42   0x004492    program     static D:\Projects\EggBot_GitHub\EBB_firmware\app.X\source\ebb.c
                  __pa_42   0x002fa0    program     static D:\Projects\EggBot_GitHub\EBB_firmware\app.X\source\UBW.c
                  __pa_43   0x0044a8    program     static D:\Projects\EggBot_GitHub\EBB_firmware\app.X\source\ebb.c
                  __pa_43   0x005efe    program     static E:\3.46\pic18-lt\cxx-framework\src\traditional\stdclib\vfprintf.c
                  __pa_43   0x0052c8    program     static D:\Projects\EggBot_GitHub\EBB_firmware\Microchip\USB\usb_device.c
                  __pa_43   0x002fac    program     static D:\Projects\EggBot_GitHub\EBB_firmware\app.X\source\UBW.c
                  __pa_44   0x005f04    program     static E:\3.46\pic18-lt\cxx-framework\src\traditional\stdclib\vfprintf.c
                  __pa_44   0x0052d2    program     static D:\Projects\EggBot_GitHub\EBB_firmware\Microchip\USB\usb_device.c
                  __pa_44   0x0044ba    program     static D:\Projects\EggBot_GitHub\EBB_firmware\app.X\source\ebb.c
                  __pa_44   0x002fb8    program     static D:\Projects\EggBot_GitHub\EBB_firmware\app.X\source\UBW.c
                  __pa_45   0x0052dc    program     static D:\Projects\EggBot_GitHub\EBB_firmware\Microchip\USB\usb_device.c
                  __pa_45   0x002fc2    program     static D:\Projects\EggBot_GitHub\EBB_firmware\app.X\source\UBW.c
                  __pa_45   0x005f0e    program     static E:\3.46\pic18-lt\cxx-framework\src\traditional\stdclib\vfprintf.c
                  __pa_45   0x0044d0    program     static D:\Projects\EggBot_GitHub\EBB_firmware\app.X\source\ebb.c
                  __pa_46   0x002fca    program     static D:\Projects\EggBot_GitHub\EBB_firmware\app.X\source\UBW.c
                  __pa_46   0x005f1a    program     static E:\3.46\pic18-lt\cxx-framework\src\traditional\stdclib\vfprintf.c
                  __pa_46   0x0052e4    program     static D:\Projects\EggBot_GitHub\EBB_firmware\Microchip\USB\usb_device.c
                  __pa_46   0x0044d6    program     static D:\Projects\EggBot_GitHub\EBB_firmware\app.X\source\ebb.c
                  __pa_47   0x0052f0    program     static D:\Projects\EggBot_GitHub\EBB_firmware\Microchip\USB\usb_device.c
                  __pa_47   0x002fd6    program     static D:\Projects\EggBot_GitHub\EBB_firmware\app.X\source\UBW.c
                  __pa_47   0x0044e2    program     static D:\Projects\EggBot_GitHub\EBB_firmware\app.X\source\ebb.c
                  __pa_48   0x0052fa    program     static D:\Projects\EggBot_GitHub\EBB_firmware\Microchip\USB\usb_device.c
                  __pa_48   0x002fe2    program     static D:\Projects\EggBot_GitHub\EBB_firmware\app.X\source\UBW.c
                  __pa_48   0x0044ec    program     static D:\Projects\EggBot_GitHub\EBB_firmware\app.X\source\ebb.c
                  __pa_49   0x0044f6    program     static D:\Projects\EggBot_GitHub\EBB_firmware\app.X\source\ebb.c
                  __pa_49   0x002ff0    program     static D:\Projects\EggBot_GitHub\EBB_firmware\app.X\source\UBW.c
                   __pa_5   0x002dcc    program     static D:\Projects\EggBot_GitHub\EBB_firmware\app.X\source\UBW.c
                   __pa_5   0x0050c8    program     static D:\Projects\EggBot_GitHub\EBB_firmware\Microchip\USB\usb_device.c
                   __pa_5   0x00629e    program     static D:\Projects\EggBot_GitHub\EBB_firmware\Microchip\USB\CDC Device Driver\usb_function_cdc.c
                   __pa_5   0x004214    program     static D:\Projects\EggBot_GitHub\EBB_firmware\app.X\source\ebb.c
                   __pa_5   0x005c8a    program     static E:\3.46\pic18-lt\cxx-framework\src\traditional\stdclib\vfprintf.c
                   __pa_5   0x006634    program     static D:\Projects\EggBot_GitHub\EBB_firmware\app.X\source\RCServo2.c
                  __pa_50   0x0044fe    program     static D:\Projects\EggBot_GitHub\EBB_firmware\app.X\source\ebb.c
                  __pa_50   0x002ffe    program     static D:\Projects\EggBot_GitHub\EBB_firmware\app.X\source\UBW.c
                  __pa_51   0x003006    program     static D:\Projects\EggBot_GitHub\EBB_firmware\app.X\source\UBW.c
                  __pa_51   0x004506    program     static D:\Projects\EggBot_GitHub\EBB_firmware\app.X\source\ebb.c
                  __pa_52   0x003014    program     static D:\Projects\EggBot_GitHub\EBB_firmware\app.X\source\UBW.c
                  __pa_52   0x004514    program     static D:\Projects\EggBot_GitHub\EBB_firmware\app.X\source\ebb.c
                  __pa_53   0x003022    program     static D:\Projects\EggBot_GitHub\EBB_firmware\app.X\source\UBW.c
                  __pa_53   0x00451e    program     static D:\Projects\EggBot_GitHub\EBB_firmware\app.X\source\ebb.c
                  __pa_54   0x00452a    program     static D:\Projects\EggBot_GitHub\EBB_firmware\app.X\source\ebb.c
                  __pa_54   0x003030    program     static D:\Projects\EggBot_GitHub\EBB_firmware\app.X\source\UBW.c
                  __pa_55   0x004538    program     static D:\Projects\EggBot_GitHub\EBB_firmware\app.X\source\ebb.c
                  __pa_55   0x00303a    program     static D:\Projects\EggBot_GitHub\EBB_firmware\app.X\source\UBW.c
                  __pa_56   0x003042    program     static D:\Projects\EggBot_GitHub\EBB_firmware\app.X\source\UBW.c
                  __pa_56   0x004540    program     static D:\Projects\EggBot_GitHub\EBB_firmware\app.X\source\ebb.c
                  __pa_57   0x003048    program     static D:\Projects\EggBot_GitHub\EBB_firmware\app.X\source\UBW.c
                  __pa_57   0x004548    program     static D:\Projects\EggBot_GitHub\EBB_firmware\app.X\source\ebb.c
                  __pa_58   0x004558    program     static D:\Projects\EggBot_GitHub\EBB_firmware\app.X\source\ebb.c
                  __pa_58   0x003052    program     static D:\Projects\EggBot_GitHub\EBB_firmware\app.X\source\UBW.c
                  __pa_59   0x004562    program     static D:\Projects\EggBot_GitHub\EBB_firmware\app.X\source\ebb.c
                  __pa_59   0x00305c    program     static D:\Projects\EggBot_GitHub\EBB_firmware\app.X\source\UBW.c
                   __pa_6   0x002dd6    program     static D:\Projects\EggBot_GitHub\EBB_firmware\app.X\source\UBW.c
                   __pa_6   0x006640    program     static D:\Projects\EggBot_GitHub\EBB_firmware\app.X\source\RCServo2.c
                   __pa_6   0x0050d2    program     static D:\Projects\EggBot_GitHub\EBB_firmware\Microchip\USB\usb_device.c
                   __pa_6   0x0062ac    program     static D:\Projects\EggBot_GitHub\EBB_firmware\Microchip\USB\CDC Device Driver\usb_function_cdc.c
                   __pa_6   0x00421c    program     static D:\Projects\EggBot_GitHub\EBB_firmware\app.X\source\ebb.c
                   __pa_6   0x005ca6    program     static E:\3.46\pic18-lt\cxx-framework\src\traditional\stdclib\vfprintf.c
                  __pa_60   0x003062    program     static D:\Projects\EggBot_GitHub\EBB_firmware\app.X\source\UBW.c
                  __pa_60   0x00456c    program     static D:\Projects\EggBot_GitHub\EBB_firmware\app.X\source\ebb.c
                  __pa_61   0x003068    program     static D:\Projects\EggBot_GitHub\EBB_firmware\app.X\source\UBW.c
                  __pa_62   0x00306c    program     static D:\Projects\EggBot_GitHub\EBB_firmware\app.X\source\UBW.c
                  __pa_63   0x003076    program     static D:\Projects\EggBot_GitHub\EBB_firmware\app.X\source\UBW.c
                  __pa_64   0x00307e    program     static D:\Projects\EggBot_GitHub\EBB_firmware\app.X\source\UBW.c
                  __pa_65   0x003088    program     static D:\Projects\EggBot_GitHub\EBB_firmware\app.X\source\UBW.c
                  __pa_66   0x003094    program     static D:\Projects\EggBot_GitHub\EBB_firmware\app.X\source\UBW.c
                  __pa_67   0x00309c    program     static D:\Projects\EggBot_GitHub\EBB_firmware\app.X\source\UBW.c
                  __pa_68   0x0030a4    program     static D:\Projects\EggBot_GitHub\EBB_firmware\app.X\source\UBW.c
                  __pa_69   0x0030ae    program     static D:\Projects\EggBot_GitHub\EBB_firmware\app.X\source\UBW.c
                   __pa_7   0x006648    program     static D:\Projects\EggBot_GitHub\EBB_firmware\app.X\source\RCServo2.c
                   __pa_7   0x005cb0    program     static E:\3.46\pic18-lt\cxx-framework\src\traditional\stdclib\vfprintf.c
                   __pa_7   0x004228    program     static D:\Projects\EggBot_GitHub\EBB_firmware\app.X\source\ebb.c
                   __pa_7   0x0062ba    program     static D:\Projects\EggBot_GitHub\EBB_firmware\Microchip\USB\CDC Device Driver\usb_function_cdc.c
                   __pa_7   0x0050dc    program     static D:\Projects\EggBot_GitHub\EBB_firmware\Microchip\USB\usb_device.c
                   __pa_7   0x002dde    program     static D:\Projects\EggBot_GitHub\EBB_firmware\app.X\source\UBW.c
                  __pa_70   0x0030b8    program     static D:\Projects\EggBot_GitHub\EBB_firmware\app.X\source\UBW.c
                  __pa_71   0x0030c4    program     static D:\Projects\EggBot_GitHub\EBB_firmware\app.X\source\UBW.c
                  __pa_72   0x0030ca    program     static D:\Projects\EggBot_GitHub\EBB_firmware\app.X\source\UBW.c
                  __pa_73   0x0030d6    program     static D:\Projects\EggBot_GitHub\EBB_firmware\app.X\source\UBW.c
                  __pa_74   0x0030e0    program     static D:\Projects\EggBot_GitHub\EBB_firmware\app.X\source\UBW.c
                  __pa_75   0x0030ea    program     static D:\Projects\EggBot_GitHub\EBB_firmware\app.X\source\UBW.c
                  __pa_76   0x0030f6    program     static D:\Projects\EggBot_GitHub\EBB_firmware\app.X\source\UBW.c
                  __pa_77   0x0030fe    program     static D:\Projects\EggBot_GitHub\EBB_firmware\app.X\source\UBW.c
                  __pa_78   0x003108    program     static D:\Projects\EggBot_GitHub\EBB_firmware\app.X\source\UBW.c
                  __pa_79   0x003110    program     static D:\Projects\EggBot_GitHub\EBB_firmware\app.X\source\UBW.c
                   __pa_8   0x002de8    program     static D:\Projects\EggBot_GitHub\EBB_firmware\app.X\source\UBW.c
                   __pa_8   0x006652    program     static D:\Projects\EggBot_GitHub\EBB_firmware\app.X\source\RCServo2.c
                   __pa_8   0x0050ec    program     static D:\Projects\EggBot_GitHub\EBB_firmware\Microchip\USB\usb_device.c
                   __pa_8   0x0062c0    program     static D:\Projects\EggBot_GitHub\EBB_firmware\Microchip\USB\CDC Device Driver\usb_function_cdc.c
                   __pa_8   0x005cbc    program     static E:\3.46\pic18-lt\cxx-framework\src\traditional\stdclib\vfprintf.c
                   __pa_8   0x004242    program     static D:\Projects\EggBot_GitHub\EBB_firmware\app.X\source\ebb.c
                  __pa_80   0x003118    program     static D:\Projects\EggBot_GitHub\EBB_firmware\app.X\source\UBW.c
                  __pa_81   0x003120    program     static D:\Projects\EggBot_GitHub\EBB_firmware\app.X\source\UBW.c
                  __pa_82   0x003128    program     static D:\Projects\EggBot_GitHub\EBB_firmware\app.X\source\UBW.c
                  __pa_83   0x003132    program     static D:\Projects\EggBot_GitHub\EBB_firmware\app.X\source\UBW.c
                  __pa_84   0x00313c    program     static D:\Projects\EggBot_GitHub\EBB_firmware\app.X\source\UBW.c
                  __pa_85   0x003146    program     static D:\Projects\EggBot_GitHub\EBB_firmware\app.X\source\UBW.c
                  __pa_86   0x003152    program     static D:\Projects\EggBot_GitHub\EBB_firmware\app.X\source\UBW.c
                  __pa_87   0x00315c    program     static D:\Projects\EggBot_GitHub\EBB_firmware\app.X\source\UBW.c
                  __pa_88   0x003168    program     static D:\Projects\EggBot_GitHub\EBB_firmware\app.X\source\UBW.c
                  __pa_89   0x00316e    program     static D:\Projects\EggBot_GitHub\EBB_firmware\app.X\source\UBW.c
                   __pa_9   0x00424e    program     static D:\Projects\EggBot_GitHub\EBB_firmware\app.X\source\ebb.c
                   __pa_9   0x0050f6    program     static D:\Projects\EggBot_GitHub\EBB_firmware\Microchip\USB\usb_device.c
                   __pa_9   0x005cde    program     static E:\3.46\pic18-lt\cxx-framework\src\traditional\stdclib\vfprintf.c
                   __pa_9   0x0062ce    program     static D:\Projects\EggBot_GitHub\EBB_firmware\Microchip\USB\CDC Device Driver\usb_function_cdc.c
                   __pa_9   0x002df0    program     static D:\Projects\EggBot_GitHub\EBB_firmware\app.X\source\UBW.c
                  __pa_90   0x00317a    program     static D:\Projects\EggBot_GitHub\EBB_firmware\app.X\source\UBW.c
                  __pa_91   0x003186    program     static D:\Projects\EggBot_GitHub\EBB_firmware\app.X\source\UBW.c
                  __pa_92   0x00318e    program     static D:\Projects\EggBot_GitHub\EBB_firmware\app.X\source\UBW.c
                  __pa_93   0x003196    program     static D:\Projects\EggBot_GitHub\EBB_firmware\app.X\source\UBW.c
                  __pa_94   0x0031a0    program     static D:\Projects\EggBot_GitHub\EBB_firmware\app.X\source\UBW.c
                  __pa_95   0x0031aa    program     static D:\Projects\EggBot_GitHub\EBB_firmware\app.X\source\UBW.c
                  __pa_96   0x0031b0    program     static D:\Projects\EggBot_GitHub\EBB_firmware\app.X\source\UBW.c
                  __pa_97   0x0031b6    program     static D:\Projects\EggBot_GitHub\EBB_firmware\app.X\source\UBW.c
                  __pa_98   0x0031be    program     static D:\Projects\EggBot_GitHub\EBB_firmware\app.X\source\UBW.c
               __string_0   0x006722    program     static D:\Projects\EggBot_GitHub\EBB_firmware\app.X\source\ebb.c
               __string_1   0x0066f7    program     static D:\Projects\EggBot_GitHub\EBB_firmware\app.X\source\ebb.c
              __string_10   0x0068ae    program     static D:\Projects\EggBot_GitHub\EBB_firmware\app.X\source\UBW.c
              __string_11   0x00688d    program     static D:\Projects\EggBot_GitHub\EBB_firmware\app.X\source\UBW.c
              __string_12   0x006874    program     static D:\Projects\EggBot_GitHub\EBB_firmware\app.X\source\UBW.c
              __string_13   0x006851    program     static D:\Projects\EggBot_GitHub\EBB_firmware\app.X\source\UBW.c
              __string_14   0x006829    program     static D:\Projects\EggBot_GitHub\EBB_firmware\app.X\source\UBW.c
              __string_15   0x00680c    program     static D:\Projects\EggBot_GitHub\EBB_firmware\app.X\source\UBW.c
              __string_16   0x00680a    program     static D:\Projects\EggBot_GitHub\EBB_firmware\app.X\source\UBW.c
              __string_17   0x0067ff    program     static D:\Projects\EggBot_GitHub\EBB_firmware\app.X\source\UBW.c
              __string_18   0x0067f5    program     static D:\Projects\EggBot_GitHub\EBB_firmware\app.X\source\UBW.c
              __string_19   0x0067ec    program     static D:\Projects\EggBot_GitHub\EBB_firmware\app.X\source\UBW.c
               __string_2   0x0066c2    program     static D:\Projects\EggBot_GitHub\EBB_firmware\app.X\source\ebb.c
              __string_20   0x0067e0    program     static D:\Projects\EggBot_GitHub\EBB_firmware\app.X\source\UBW.c
              __string_21   0x0067d4    program     static D:\Projects\EggBot_GitHub\EBB_firmware\app.X\source\UBW.c
              __string_22   0x0067c8    program     static D:\Projects\EggBot_GitHub\EBB_firmware\app.X\source\UBW.c
              __string_23   0x0067bc    program     static D:\Projects\EggBot_GitHub\EBB_firmware\app.X\source\UBW.c
              __string_24   0x0067af    program     static D:\Projects\EggBot_GitHub\EBB_firmware\app.X\source\UBW.c
              __string_25   0x0067a2    program     static D:\Projects\EggBot_GitHub\EBB_firmware\app.X\source\UBW.c
              __string_26   0x006796    program     static D:\Projects\EggBot_GitHub\EBB_firmware\app.X\source\UBW.c
              __string_27   0x00678a    program     static D:\Projects\EggBot_GitHub\EBB_firmware\app.X\source\UBW.c
              __string_28   0x006763    program     static D:\Projects\EggBot_GitHub\EBB_firmware\app.X\source\UBW.c
              __string_29   0x006757    program     static D:\Projects\EggBot_GitHub\EBB_firmware\app.X\source\UBW.c
               __string_3   0x006930    program     static D:\Projects\EggBot_GitHub\EBB_firmware\app.X\source\UBW.c
               __string_3   0x006697    program     static D:\Projects\EggBot_GitHub\EBB_firmware\app.X\source\ebb.c
               __string_4   0x00692d    program     static D:\Projects\EggBot_GitHub\EBB_firmware\app.X\source\UBW.c
               __string_4   0x006692    program     static D:\Projects\EggBot_GitHub\EBB_firmware\app.X\source\ebb.c
               __string_5   0x00692a    program     static D:\Projects\EggBot_GitHub\EBB_firmware\app.X\source\UBW.c
               __string_5   0x006689    program     static D:\Projects\EggBot_GitHub\EBB_firmware\app.X\source\ebb.c
               __string_6   0x006924    program     static D:\Projects\EggBot_GitHub\EBB_firmware\app.X\source\UBW.c
               __string_6   0x006682    program     static D:\Projects\EggBot_GitHub\EBB_firmware\app.X\source\ebb.c
               __string_7   0x006905    program     static D:\Projects\EggBot_GitHub\EBB_firmware\app.X\source\UBW.c
               __string_7   0x00667c    program     static D:\Projects\EggBot_GitHub\EBB_firmware\app.X\source\ebb.c
               __string_8   0x0068e9    program     static D:\Projects\EggBot_GitHub\EBB_firmware\app.X\source\UBW.c
               __string_8   0x006670    program     static D:\Projects\EggBot_GitHub\EBB_firmware\app.X\source\ebb.c
               __string_9   0x0068cd    program     static D:\Projects\EggBot_GitHub\EBB_firmware\app.X\source\UBW.c
               __string_9   0x006662    program     static D:\Projects\EggBot_GitHub\EBB_firmware\app.X\source\ebb.c
               __tmplbl_0   0x00321a    program     static                          
               __tmplbl_1   0x00325c    program     static                          
             __tmplbl_130   0x002db6    program     static                          
             __tmplbl_142   0x002db6    program     static                          
             __tmplbl_143   0x002db6    program     static                          
             __tmplbl_144   0x002db6    program     static                          
             __tmplbl_183   0x002db6    program     static                          
             __tmplbl_184   0x003068    program     static                          
             __tmplbl_185   0x003068    program     static                          
             __tmplbl_186   0x002db6    program     static                          
             __tmplbl_187   0x002db6    program     static                          
             __tmplbl_188   0x002db6    program     static                          
             __tmplbl_189   0x002db6    program     static                          
             __tmplbl_192   0x003068    program     static                          
             __tmplbl_193   0x003068    program     static                          
             __tmplbl_194   0x003068    program     static                          
             __tmplbl_198   0x003068    program     static                          
             __tmplbl_199   0x003068    program     static                          
               __tmplbl_2   0x003250    program     static                          
             __tmplbl_203   0x003068    program     static                          
              __tmplbl_24   0x0050aa    program     static                          
               __tmplbl_3   0x0034f6    program     static                          
              __tmplbl_35   0x0050aa    program     static                          
              __tmplbl_38   0x0050aa    program     static                          
              __tmplbl_39   0x0035c0    program     static                          
              __tmplbl_39   0x0050aa    program     static                          
               __tmplbl_4   0x0034ec    program     static                          
              __tmplbl_40   0x0050aa    program     static                          
              __tmplbl_41   0x004540    program     static                          
              __tmplbl_42   0x005246    program     static                          
              __tmplbl_42   0x005dd8    program     static                          
              __tmplbl_42   0x00421c    program     static                          
              __tmplbl_43   0x005c20    program     static                          
              __tmplbl_44   0x005c06    program     static                          
               __tmplbl_5   0x00357c    program     static                          
               __tmplbl_6   0x003570    program     static                          
               __tmplbl_7   0x003576    program     static                          
              __tmplbl_85   0x005358    program     static                          
            __zero_memory   0x006f64    program     extern E:\3.46\pic18-lt\cxx-framework\src\traditional\proc\p18f46j50.asm
                _do_cinit   0x006b46    program     extern C:\MCC18\src\traditional\startup\c018i.c
                   _false   0x006f28    program     static                          
                   _reset   0x001000    program     extern D:\Projects\EggBot_GitHub\EBB_firmware\app.X\source\main.c
                 _startup   0x006f84    program     extern C:\MCC18\src\traditional\startup\c018i.c
              _usart_putc   0x006fa0    program     extern E:\3.46\pic18-lt\cxx-framework\src\pmc_common\USART\_usartpc.asm
               _user_putc   0x0018a8    program     extern D:\Projects\EggBot_GitHub\EBB_firmware\app.X\source\UBW.c
   check_and_send_TX_data   0x001906    program     extern D:\Projects\EggBot_GitHub\EBB_firmware\app.X\source\UBW.c
                compare_l   0x006f7a    program     static E:\3.46\pic18-lt\cxx-framework\src\traditional\proc\p18f46j50.asm
        configDescriptor1   0x006d28    program     extern D:\Projects\EggBot_GitHub\EBB_firmware\app.X\source\usb_descriptors.c
                copy_loop   0x006bb8    program     static                          
            copy_one_byte   0x006bbe    program     static                          
               device_dsc   0x006d16    program     extern D:\Projects\EggBot_GitHub\EBB_firmware\app.X\source\usb_descriptors.c
                     done   0x006be2    program     static                          
             done_copying   0x006bcc    program     static                          
            extract_digit   0x002b22    program     extern D:\Projects\EggBot_GitHub\EBB_firmware\app.X\source\UBW.c
           extract_number   0x00287c    program     extern D:\Projects\EggBot_GitHub\EBB_firmware\app.X\source\UBW.c
             getsUSBUSART   0x00604e    program     extern D:\Projects\EggBot_GitHub\EBB_firmware\Microchip\USB\CDC Device Driver\usb_function_cdc.c
                 high_ISR   0x0031c8    program     extern D:\Projects\EggBot_GitHub\EBB_firmware\app.X\source\ebb.c
                  isdigit   0x006ec2    program     extern E:\3.46\pic18-lt\cxx-framework\src\traditional\stdclib\isdigit.asm
                     jEnd   0x006c32    program     static E:\3.46\pic18-lt\cxx-framework\src\traditional\stdclib\strlen.asm
                     jEnd   0x006c16    program     static E:\3.46\pic18-lt\cxx-framework\src\traditional\stdclib\memset.asm
                     jEnd   0x006c6a    program     static E:\3.46\pic18-lt\cxx-framework\src\traditional\stdclib\slenpgm.asm
                    jLoop   0x006c52    program     static E:\3.46\pic18-lt\cxx-framework\src\traditional\stdclib\slenpgm.asm
                    jLoop   0x006c28    program     static E:\3.46\pic18-lt\cxx-framework\src\traditional\stdclib\strlen.asm
                    jLoop   0x006bf8    program     static E:\3.46\pic18-lt\cxx-framework\src\traditional\stdclib\memset.asm
                   jMatch   0x006ee2    program     static E:\3.46\pic18-lt\cxx-framework\src\traditional\stdclib\isdigit.asm
                 jNoMatch   0x006ee4    program     static E:\3.46\pic18-lt\cxx-framework\src\traditional\stdclib\isdigit.asm
                 jNoMatch   0x006ec0    program     static E:\3.46\pic18-lt\cxx-framework\src\traditional\stdclib\toupper.asm
                     loop   0x006f94    program     static                          
                     loop   0x006ef4    program     static                          
                     loop   0x006fb0    program     static E:\3.46\pic18-lt\cxx-framework\src\pmc_common\USART\_usartpc.asm
                   loop_h   0x006f72    program     static E:\3.46\pic18-lt\cxx-framework\src\traditional\proc\p18f46j50.asm
                   loop_l   0x006f7c    program     static E:\3.46\pic18-lt\cxx-framework\src\traditional\proc\p18f46j50.asm
                  low_ISR   0x001044    program     extern D:\Projects\EggBot_GitHub\EBB_firmware\app.X\source\UBW.c
                     main   0x00693c    program     extern D:\Projects\EggBot_GitHub\EBB_firmware\app.X\source\main.c
                   memset   0x006be4    program     extern E:\3.46\pic18-lt\cxx-framework\src\traditional\stdclib\memset.asm
          parse_AC_packet   0x001fc4    program     extern D:\Projects\EggBot_GitHub\EBB_firmware\app.X\source\UBW.c
           parse_A_packet   0x002098    program     extern D:\Projects\EggBot_GitHub\EBB_firmware\app.X\source\UBW.c
          parse_BC_packet   0x0025d8    program     extern D:\Projects\EggBot_GitHub\EBB_firmware\app.X\source\UBW.c
          parse_BL_packet   0x002716    program     extern D:\Projects\EggBot_GitHub\EBB_firmware\app.X\source\UBW.c
          parse_BO_packet   0x0025dc    program     extern D:\Projects\EggBot_GitHub\EBB_firmware\app.X\source\UBW.c
          parse_BS_packet   0x0025e0    program     extern D:\Projects\EggBot_GitHub\EBB_firmware\app.X\source\UBW.c
          parse_CI_packet   0x0025f8    program     extern D:\Projects\EggBot_GitHub\EBB_firmware\app.X\source\UBW.c
          parse_CK_packet   0x002726    program     extern D:\Projects\EggBot_GitHub\EBB_firmware\app.X\source\UBW.c
          parse_CS_packet   0x0025ec    program     extern D:\Projects\EggBot_GitHub\EBB_firmware\app.X\source\UBW.c
          parse_CU_packet   0x001e10    program     extern D:\Projects\EggBot_GitHub\EBB_firmware\app.X\source\UBW.c
          parse_CX_packet   0x0024fa    program     extern D:\Projects\EggBot_GitHub\EBB_firmware\app.X\source\UBW.c
           parse_C_packet   0x001eaa    program     extern D:\Projects\EggBot_GitHub\EBB_firmware\app.X\source\UBW.c
          parse_EM_packet   0x003d82    program     extern D:\Projects\EggBot_GitHub\EBB_firmware\app.X\source\ebb.c
           parse_I_packet   0x002054    program     extern D:\Projects\EggBot_GitHub\EBB_firmware\app.X\source\UBW.c
          parse_MR_packet   0x002178    program     extern D:\Projects\EggBot_GitHub\EBB_firmware\app.X\source\UBW.c
          parse_MW_packet   0x002154    program     extern D:\Projects\EggBot_GitHub\EBB_firmware\app.X\source\UBW.c
          parse_ND_packet   0x003e6a    program     extern D:\Projects\EggBot_GitHub\EBB_firmware\app.X\source\ebb.c
          parse_NI_packet   0x003e48    program     extern D:\Projects\EggBot_GitHub\EBB_firmware\app.X\source\ebb.c
           parse_O_packet   0x001fec    program     extern D:\Projects\EggBot_GitHub\EBB_firmware\app.X\source\UBW.c
          parse_PC_packet   0x0025fc    program     extern D:\Projects\EggBot_GitHub\EBB_firmware\app.X\source\UBW.c
          parse_PD_packet   0x0021b8    program     extern D:\Projects\EggBot_GitHub\EBB_firmware\app.X\source\UBW.c
          parse_PG_packet   0x0026ac    program     extern D:\Projects\EggBot_GitHub\EBB_firmware\app.X\source\UBW.c
          parse_PI_packet   0x0022e2    program     extern D:\Projects\EggBot_GitHub\EBB_firmware\app.X\source\UBW.c
          parse_PO_packet   0x0023c8    program     extern D:\Projects\EggBot_GitHub\EBB_firmware\app.X\source\UBW.c
          parse_QB_packet   0x003f1a    program     extern D:\Projects\EggBot_GitHub\EBB_firmware\app.X\source\ebb.c
          parse_QC_packet   0x003f40    program     extern D:\Projects\EggBot_GitHub\EBB_firmware\app.X\source\ebb.c
          parse_QL_packet   0x003ef8    program     extern D:\Projects\EggBot_GitHub\EBB_firmware\app.X\source\ebb.c
          parse_QM_packet   0x00403e    program     extern D:\Projects\EggBot_GitHub\EBB_firmware\app.X\source\ebb.c
          parse_QN_packet   0x003eba    program     extern D:\Projects\EggBot_GitHub\EBB_firmware\app.X\source\ebb.c
          parse_QP_packet   0x003c2a    program     extern D:\Projects\EggBot_GitHub\EBB_firmware\app.X\source\ebb.c
          parse_RC_packet   0x0024fe    program     extern D:\Projects\EggBot_GitHub\EBB_firmware\app.X\source\UBW.c
          parse_RI_packet   0x0025f4    program     extern D:\Projects\EggBot_GitHub\EBB_firmware\app.X\source\UBW.c
          parse_RM_packet   0x00403c    program     extern D:\Projects\EggBot_GitHub\EBB_firmware\app.X\source\ebb.c
          parse_RS_packet   0x0025e8    program     extern D:\Projects\EggBot_GitHub\EBB_firmware\app.X\source\UBW.c
          parse_RX_packet   0x0024f6    program     extern D:\Projects\EggBot_GitHub\EBB_firmware\app.X\source\UBW.c
           parse_R_packet   0x001e08    program     extern D:\Projects\EggBot_GitHub\EBB_firmware\app.X\source\UBW.c
          parse_SC_packet   0x003708    program     extern D:\Projects\EggBot_GitHub\EBB_firmware\app.X\source\ebb.c
          parse_SE_packet   0x003f6a    program     extern D:\Projects\EggBot_GitHub\EBB_firmware\app.X\source\ebb.c
          parse_SI_packet   0x0025f0    program     extern D:\Projects\EggBot_GitHub\EBB_firmware\app.X\source\UBW.c
          parse_SL_packet   0x003ee0    program     extern D:\Projects\EggBot_GitHub\EBB_firmware\app.X\source\ebb.c
          parse_SM_packet   0x003890    program     extern D:\Projects\EggBot_GitHub\EBB_firmware\app.X\source\ebb.c
          parse_SN_packet   0x003e84    program     extern D:\Projects\EggBot_GitHub\EBB_firmware\app.X\source\ebb.c
          parse_SP_packet   0x003c7e    program     extern D:\Projects\EggBot_GitHub\EBB_firmware\app.X\source\ebb.c
          parse_SS_packet   0x0025e4    program     extern D:\Projects\EggBot_GitHub\EBB_firmware\app.X\source\UBW.c
          parse_TP_packet   0x003c4c    program     extern D:\Projects\EggBot_GitHub\EBB_firmware\app.X\source\ebb.c
          parse_TX_packet   0x0024f2    program     extern D:\Projects\EggBot_GitHub\EBB_firmware\app.X\source\UBW.c
           parse_T_packet   0x001e58    program     extern D:\Projects\EggBot_GitHub\EBB_firmware\app.X\source\UBW.c
           parse_V_packet   0x00208e    program     extern D:\Projects\EggBot_GitHub\EBB_firmware\app.X\source\UBW.c
             parse_packet   0x001952    program     extern D:\Projects\EggBot_GitHub\EBB_firmware\app.X\source\UBW.c
                  pow2x16   0x006fbc    program     extern E:\3.46\pic18-lt\cxx-framework\src\traditional\math\pow2x16.c
                print_ack   0x001df6    program     extern D:\Projects\EggBot_GitHub\EBB_firmware\app.X\source\UBW.c
             print_status   0x002be4    program     extern D:\Projects\EggBot_GitHub\EBB_firmware\app.X\source\UBW.c
                   printf   0x006c7e    program     extern E:\3.46\pic18-lt\cxx-framework\src\traditional\stdclib\printf.c
               process_SM   0x003a0c    program     static D:\Projects\EggBot_GitHub\EBB_firmware\app.X\source\ebb.c
               process_SP   0x003d10    program     extern D:\Projects\EggBot_GitHub\EBB_firmware\app.X\source\ebb.c
              putUSBUSART   0x0060d4    program     extern D:\Projects\EggBot_GitHub\EBB_firmware\Microchip\USB\CDC Device Driver\usb_function_cdc.c
                     putc   0x006da6    program     extern E:\3.46\pic18-lt\cxx-framework\src\traditional\stdclib\putc.c
            putrsUSBUSART   0x006126    program     extern D:\Projects\EggBot_GitHub\EBB_firmware\Microchip\USB\CDC Device Driver\usb_function_cdc.c
             putsUSBUSART   0x0060ec    program     extern D:\Projects\EggBot_GitHub\EBB_firmware\Microchip\USB\CDC Device Driver\usb_function_cdc.c
                 s_digits   0x006fd2    program     static E:\3.46\pic18-lt\cxx-framework\src\traditional\stdclib\vfprintf.c
            s_put_n_chars   0x005302    program     static E:\3.46\pic18-lt\cxx-framework\src\traditional\stdclib\vfprintf.c
                    sd000   0x006d6b    program     extern D:\Projects\EggBot_GitHub\EBB_firmware\app.X\source\usb_descriptors.c
                    sd001   0x006d6f    program     extern D:\Projects\EggBot_GitHub\EBB_firmware\app.X\source\usb_descriptors.c
                    sd002   0x006d87    program     extern D:\Projects\EggBot_GitHub\EBB_firmware\app.X\source\usb_descriptors.c
                  st_LFCR   0x006f33    program     extern D:\Projects\EggBot_GitHub\EBB_firmware\app.X\source\UBW.c
                    st_OK   0x006f2e    program     extern D:\Projects\EggBot_GitHub\EBB_firmware\app.X\source\UBW.c
               st_version   0x006f36    program     extern D:\Projects\EggBot_GitHub\EBB_firmware\app.X\source\UBW.c
                   strlen   0x006c18    program     extern E:\3.46\pic18-lt\cxx-framework\src\traditional\stdclib\strlen.asm
                strlenpgm   0x006c34    program     extern E:\3.46\pic18-lt\cxx-framework\src\traditional\stdclib\slenpgm.asm
                     test   0x006b60    program     static                          
                  toupper   0x006e9a    program     extern E:\3.46\pic18-lt\cxx-framework\src\traditional\stdclib\toupper.asm
                 vfprintf   0x00532e    program     extern E:\3.46\pic18-lt\cxx-framework\src\traditional\stdclib\vfprintf.c
               zero_block   0x006f72    program     static E:\3.46\pic18-lt\cxx-framework\src\traditional\proc\p18f46j50.asm
                   ADCON0   0x000fc2       data     extern E:\3.46\pic18-lt\cxx-framework\src\traditional\proc\p18f46j50.asm
               ADCON0bits   0x000fc2       data     extern E:\3.46\pic18-lt\cxx-framework\src\traditional\proc\p18f46j50.asm
                   ADCON1   0x000fc1       data     extern E:\3.46\pic18-lt\cxx-framework\src\traditional\proc\p18f46j50.asm
               ADCON1bits   0x000fc1       data     extern E:\3.46\pic18-lt\cxx-framework\src\traditional\proc\p18f46j50.asm
                    ADRES   0x000fc3       data     extern E:\3.46\pic18-lt\cxx-framework\src\traditional\proc\p18f46j50.asm
                   ADRESH   0x000fc4       data     extern E:\3.46\pic18-lt\cxx-framework\src\traditional\proc\p18f46j50.asm
                   ADRESL   0x000fc3       data     extern E:\3.46\pic18-lt\cxx-framework\src\traditional\proc\p18f46j50.asm
                  ALRMCFG   0x000f91       data     extern E:\3.46\pic18-lt\cxx-framework\src\traditional\proc\p18f46j50.asm
              ALRMCFGbits   0x000f91       data     extern E:\3.46\pic18-lt\cxx-framework\src\traditional\proc\p18f46j50.asm
[...]
               TXSTA2bits   0x000fa8       data     extern E:\3.46\pic18-lt\cxx-framework\src\traditional\proc\p18f46j50.asm
                   TXSTA2   0x000fa8       data     extern E:\3.46\pic18-lt\cxx-framework\src\traditional\proc\p18f46j50.asm
                   TXREG2   0x000fa9       data     extern E:\3.46\pic18-lt\cxx-framework\src\traditional\proc\p18f46j50.asm
                   RCREG2   0x000faa       data     extern E:\3.46\pic18-lt\cxx-framework\src\traditional\proc\p18f46j50.asm
                   SPBRG2   0x000fab       data     extern E:\3.46\pic18-lt\cxx-framework\src\traditional\proc\p18f46j50.asm
                RCSTAbits   0x000fac       data     extern E:\3.46\pic18-lt\cxx-framework\src\traditional\proc\p18f46j50.asm
               RCSTA1bits   0x000fac       data     extern E:\3.46\pic18-lt\cxx-framework\src\traditional\proc\p18f46j50.asm
                   RCSTA1   0x000fac       data     extern E:\3.46\pic18-lt\cxx-framework\src\traditional\proc\p18f46j50.asm
                    RCSTA   0x000fac       data     extern E:\3.46\pic18-lt\cxx-framework\src\traditional\proc\p18f46j50.asm
                TXSTAbits   0x000fad       data     extern E:\3.46\pic18-lt\cxx-framework\src\traditional\proc\p18f46j50.asm
               TXSTA1bits   0x000fad       data     extern E:\3.46\pic18-lt\cxx-framework\src\traditional\proc\p18f46j50.asm
                   TXSTA1   0x000fad       data     extern E:\3.46\pic18-lt\cxx-framework\src\traditional\proc\p18f46j50.asm
                    TXSTA   0x000fad       data     extern E:\3.46\pic18-lt\cxx-framework\src\traditional\proc\p18f46j50.asm
                    TXREG   0x000fae       data     extern E:\3.46\pic18-lt\cxx-framework\src\traditional\proc\p18f46j50.asm
                   TXREG1   0x000fae       data     extern E:\3.46\pic18-lt\cxx-framework\src\traditional\proc\p18f46j50.asm
                   RCREG1   0x000faf       data     extern E:\3.46\pic18-lt\cxx-framework\src\traditional\proc\p18f46j50.asm
                    RCREG   0x000faf       data     extern E:\3.46\pic18-lt\cxx-framework\src\traditional\proc\p18f46j50.asm
                   SPBRG1   0x000fb0       data     extern E:\3.46\pic18-lt\cxx-framework\src\traditional\proc\p18f46j50.asm
                    SPBRG   0x000fb0       data     extern E:\3.46\pic18-lt\cxx-framework\src\traditional\proc\p18f46j50.asm
             CTMUICONbits   0x000fb1       data     extern E:\3.46\pic18-lt\cxx-framework\src\traditional\proc\p18f46j50.asm
                 CTMUICON   0x000fb1       data     extern E:\3.46\pic18-lt\cxx-framework\src\traditional\proc\p18f46j50.asm
             CTMUCONLbits   0x000fb2       data     extern E:\3.46\pic18-lt\cxx-framework\src\traditional\proc\p18f46j50.asm
                 CTMUCONL   0x000fb2       data     extern E:\3.46\pic18-lt\cxx-framework\src\traditional\proc\p18f46j50.asm
             CTMUCONHbits   0x000fb3       data     extern E:\3.46\pic18-lt\cxx-framework\src\traditional\proc\p18f46j50.asm
                 CTMUCONH   0x000fb3       data     extern E:\3.46\pic18-lt\cxx-framework\src\traditional\proc\p18f46j50.asm
                  CCP2CON   0x000fb4       data     extern E:\3.46\pic18-lt\cxx-framework\src\traditional\proc\p18f46j50.asm
              CCP2CONbits   0x000fb4       data     extern E:\3.46\pic18-lt\cxx-framework\src\traditional\proc\p18f46j50.asm
                 ECCP2CON   0x000fb4       data     extern E:\3.46\pic18-lt\cxx-framework\src\traditional\proc\p18f46j50.asm
             ECCP2CONbits   0x000fb4       data     extern E:\3.46\pic18-lt\cxx-framework\src\traditional\proc\p18f46j50.asm
                    CCPR2   0x000fb5       data     extern E:\3.46\pic18-lt\cxx-framework\src\traditional\proc\p18f46j50.asm
                   CCPR2L   0x000fb5       data     extern E:\3.46\pic18-lt\cxx-framework\src\traditional\proc\p18f46j50.asm
                   CCPR2H   0x000fb6       data     extern E:\3.46\pic18-lt\cxx-framework\src\traditional\proc\p18f46j50.asm
              PWM2CONbits   0x000fb7       data     extern E:\3.46\pic18-lt\cxx-framework\src\traditional\proc\p18f46j50.asm
                  PWM2CON   0x000fb7       data     extern E:\3.46\pic18-lt\cxx-framework\src\traditional\proc\p18f46j50.asm
             ECCP2DELbits   0x000fb7       data     extern E:\3.46\pic18-lt\cxx-framework\src\traditional\proc\p18f46j50.asm
                 ECCP2DEL   0x000fb7       data     extern E:\3.46\pic18-lt\cxx-framework\src\traditional\proc\p18f46j50.asm
              ECCP2ASbits   0x000fb8       data     extern E:\3.46\pic18-lt\cxx-framework\src\traditional\proc\p18f46j50.asm
                  ECCP2AS   0x000fb8       data     extern E:\3.46\pic18-lt\cxx-framework\src\traditional\proc\p18f46j50.asm
                 PSTR2CON   0x000fb9       data     extern E:\3.46\pic18-lt\cxx-framework\src\traditional\proc\p18f46j50.asm
             PSTR2CONbits   0x000fb9       data     extern E:\3.46\pic18-lt\cxx-framework\src\traditional\proc\p18f46j50.asm
              CCP1CONbits   0x000fba       data     extern E:\3.46\pic18-lt\cxx-framework\src\traditional\proc\p18f46j50.asm
                  CCP1CON   0x000fba       data     extern E:\3.46\pic18-lt\cxx-framework\src\traditional\proc\p18f46j50.asm
                 ECCP1CON   0x000fba       data     extern E:\3.46\pic18-lt\cxx-framework\src\traditional\proc\p18f46j50.asm
             ECCP1CONbits   0x000fba       data     extern E:\3.46\pic18-lt\cxx-framework\src\traditional\proc\p18f46j50.asm
                    CCPR1   0x000fbb       data     extern E:\3.46\pic18-lt\cxx-framework\src\traditional\proc\p18f46j50.asm
                   CCPR1L   0x000fbb       data     extern E:\3.46\pic18-lt\cxx-framework\src\traditional\proc\p18f46j50.asm
                   CCPR1H   0x000fbc       data     extern E:\3.46\pic18-lt\cxx-framework\src\traditional\proc\p18f46j50.asm
                  PWM1CON   0x000fbd       data     extern E:\3.46\pic18-lt\cxx-framework\src\traditional\proc\p18f46j50.asm
              PWM1CONbits   0x000fbd       data     extern E:\3.46\pic18-lt\cxx-framework\src\traditional\proc\p18f46j50.asm
                 ECCP1DEL   0x000fbd       data     extern E:\3.46\pic18-lt\cxx-framework\src\traditional\proc\p18f46j50.asm
             ECCP1DELbits   0x000fbd       data     extern E:\3.46\pic18-lt\cxx-framework\src\traditional\proc\p18f46j50.asm
                  ECCP1AS   0x000fbe       data     extern E:\3.46\pic18-lt\cxx-framework\src\traditional\proc\p18f46j50.asm
              ECCP1ASbits   0x000fbe       data     extern E:\3.46\pic18-lt\cxx-framework\src\traditional\proc\p18f46j50.asm
             PSTR1CONbits   0x000fbf       data     extern E:\3.46\pic18-lt\cxx-framework\src\traditional\proc\p18f46j50.asm
                 PSTR1CON   0x000fbf       data     extern E:\3.46\pic18-lt\cxx-framework\src\traditional\proc\p18f46j50.asm
               WDTCONbits   0x000fc0       data     extern E:\3.46\pic18-lt\cxx-framework\src\traditional\proc\p18f46j50.asm
                   WDTCON   0x000fc0       data     extern E:\3.46\pic18-lt\cxx-framework\src\traditional\proc\p18f46j50.asm
               ADCON1bits   0x000fc1       data     extern E:\3.46\pic18-lt\cxx-framework\src\traditional\proc\p18f46j50.asm
                   ADCON1   0x000fc1       data     extern E:\3.46\pic18-lt\cxx-framework\src\traditional\proc\p18f46j50.asm
               ADCON0bits   0x000fc2       data     extern E:\3.46\pic18-lt\cxx-framework\src\traditional\proc\p18f46j50.asm
                   ADCON0   0x000fc2       data     extern E:\3.46\pic18-lt\cxx-framework\src\traditional\proc\p18f46j50.asm
                    ADRES   0x000fc3       data     extern E:\3.46\pic18-lt\cxx-framework\src\traditional\proc\p18f46j50.asm
                   ADRESL   0x000fc3       data     extern E:\3.46\pic18-lt\cxx-framework\src\traditional\proc\p18f46j50.asm
                   ADRESH   0x000fc4       data     extern E:\3.46\pic18-lt\cxx-framework\src\traditional\proc\p18f46j50.asm
             SSP1CON2bits   0x000fc5       data     extern E:\3.46\pic18-lt\cxx-framework\src\traditional\proc\p18f46j50.asm
              SSPCON2bits   0x000fc5       data     extern E:\3.46\pic18-lt\cxx-framework\src\traditional\proc\p18f46j50.asm
                 SSP1CON2   0x000fc5       data     extern E:\3.46\pic18-lt\cxx-framework\src\traditional\proc\p18f46j50.asm
                  SSPCON2   0x000fc5       data     extern E:\3.46\pic18-lt\cxx-framework\src\traditional\proc\p18f46j50.asm
              SSPCON1bits   0x000fc6       data     extern E:\3.46\pic18-lt\cxx-framework\src\traditional\proc\p18f46j50.asm
                 SSP1CON1   0x000fc6       data     extern E:\3.46\pic18-lt\cxx-framework\src\traditional\proc\p18f46j50.asm
             SSP1CON1bits   0x000fc6       data     extern E:\3.46\pic18-lt\cxx-framework\src\traditional\proc\p18f46j50.asm
                  SSPCON1   0x000fc6       data     extern E:\3.46\pic18-lt\cxx-framework\src\traditional\proc\p18f46j50.asm
             SSP1STATbits   0x000fc7       data     extern E:\3.46\pic18-lt\cxx-framework\src\traditional\proc\p18f46j50.asm
                 SSP1STAT   0x000fc7       data     extern E:\3.46\pic18-lt\cxx-framework\src\traditional\proc\p18f46j50.asm
                  SSPSTAT   0x000fc7       data     extern E:\3.46\pic18-lt\cxx-framework\src\traditional\proc\p18f46j50.asm
              SSPSTATbits   0x000fc7       data     extern E:\3.46\pic18-lt\cxx-framework\src\traditional\proc\p18f46j50.asm
              SSP1ADDbits   0x000fc8       data     extern E:\3.46\pic18-lt\cxx-framework\src\traditional\proc\p18f46j50.asm
                  SSP1ADD   0x000fc8       data     extern E:\3.46\pic18-lt\cxx-framework\src\traditional\proc\p18f46j50.asm
                   SSPADD   0x000fc8       data     extern E:\3.46\pic18-lt\cxx-framework\src\traditional\proc\p18f46j50.asm
               SSPADDbits   0x000fc8       data     extern E:\3.46\pic18-lt\cxx-framework\src\traditional\proc\p18f46j50.asm
                   SSPBUF   0x000fc9       data     extern E:\3.46\pic18-lt\cxx-framework\src\traditional\proc\p18f46j50.asm
                  SSP1BUF   0x000fc9       data     extern E:\3.46\pic18-lt\cxx-framework\src\traditional\proc\p18f46j50.asm
                    T2CON   0x000fca       data     extern E:\3.46\pic18-lt\cxx-framework\src\traditional\proc\p18f46j50.asm
                T2CONbits   0x000fca       data     extern E:\3.46\pic18-lt\cxx-framework\src\traditional\proc\p18f46j50.asm
                      PR2   0x000fcb       data     extern E:\3.46\pic18-lt\cxx-framework\src\traditional\proc\p18f46j50.asm
                     TMR2   0x000fcc       data     extern E:\3.46\pic18-lt\cxx-framework\src\traditional\proc\p18f46j50.asm
                    T1CON   0x000fcd       data     extern E:\3.46\pic18-lt\cxx-framework\src\traditional\proc\p18f46j50.asm
                T1CONbits   0x000fcd       data     extern E:\3.46\pic18-lt\cxx-framework\src\traditional\proc\p18f46j50.asm
                    TMR1L   0x000fce       data     extern E:\3.46\pic18-lt\cxx-framework\src\traditional\proc\p18f46j50.asm
                    TMR1H   0x000fcf       data     extern E:\3.46\pic18-lt\cxx-framework\src\traditional\proc\p18f46j50.asm
                     RCON   0x000fd0       data     extern E:\3.46\pic18-lt\cxx-framework\src\traditional\proc\p18f46j50.asm
                 RCONbits   0x000fd0       data     extern E:\3.46\pic18-lt\cxx-framework\src\traditional\proc\p18f46j50.asm
              CM2CON1bits   0x000fd1       data     extern E:\3.46\pic18-lt\cxx-framework\src\traditional\proc\p18f46j50.asm
                  CM2CON1   0x000fd1       data     extern E:\3.46\pic18-lt\cxx-framework\src\traditional\proc\p18f46j50.asm
                   CM2CON   0x000fd1       data     extern E:\3.46\pic18-lt\cxx-framework\src\traditional\proc\p18f46j50.asm
               CM2CONbits   0x000fd1       data     extern E:\3.46\pic18-lt\cxx-framework\src\traditional\proc\p18f46j50.asm
               CM1CONbits   0x000fd2       data     extern E:\3.46\pic18-lt\cxx-framework\src\traditional\proc\p18f46j50.asm
              CM1CON1bits   0x000fd2       data     extern E:\3.46\pic18-lt\cxx-framework\src\traditional\proc\p18f46j50.asm
                  CM1CON1   0x000fd2       data     extern E:\3.46\pic18-lt\cxx-framework\src\traditional\proc\p18f46j50.asm
                   CM1CON   0x000fd2       data     extern E:\3.46\pic18-lt\cxx-framework\src\traditional\proc\p18f46j50.asm
                   OSCCON   0x000fd3       data     extern E:\3.46\pic18-lt\cxx-framework\src\traditional\proc\p18f46j50.asm
               OSCCONbits   0x000fd3       data     extern E:\3.46\pic18-lt\cxx-framework\src\traditional\proc\p18f46j50.asm
                T0CONbits   0x000fd5       data     extern E:\3.46\pic18-lt\cxx-framework\src\traditional\proc\p18f46j50.asm
                    T0CON   0x000fd5       data     extern E:\3.46\pic18-lt\cxx-framework\src\traditional\proc\p18f46j50.asm
                    TMR0L   0x000fd6       data     extern E:\3.46\pic18-lt\cxx-framework\src\traditional\proc\p18f46j50.asm
                    TMR0H   0x000fd7       data     extern E:\3.46\pic18-lt\cxx-framework\src\traditional\proc\p18f46j50.asm
               STATUSbits   0x000fd8       data     extern E:\3.46\pic18-lt\cxx-framework\src\traditional\proc\p18f46j50.asm
                   STATUS   0x000fd8       data     extern E:\3.46\pic18-lt\cxx-framework\src\traditional\proc\p18f46j50.asm
                    FSR2L   0x000fd9       data     extern E:\3.46\pic18-lt\cxx-framework\src\traditional\proc\p18f46j50.asm
                     FSR2   0x000fd9       data     extern E:\3.46\pic18-lt\cxx-framework\src\traditional\proc\p18f46j50.asm
                    FSR2H   0x000fda       data     extern E:\3.46\pic18-lt\cxx-framework\src\traditional\proc\p18f46j50.asm
                   PLUSW2   0x000fdb       data     extern E:\3.46\pic18-lt\cxx-framework\src\traditional\proc\p18f46j50.asm
                  PREINC2   0x000fdc       data     extern E:\3.46\pic18-lt\cxx-framework\src\traditional\proc\p18f46j50.asm
                 POSTDEC2   0x000fdd       data     extern E:\3.46\pic18-lt\cxx-framework\src\traditional\proc\p18f46j50.asm
                 POSTINC2   0x000fde       data     extern E:\3.46\pic18-lt\cxx-framework\src\traditional\proc\p18f46j50.asm
                    INDF2   0x000fdf       data     extern E:\3.46\pic18-lt\cxx-framework\src\traditional\proc\p18f46j50.asm
                      BSR   0x000fe0       data     extern E:\3.46\pic18-lt\cxx-framework\src\traditional\proc\p18f46j50.asm
                     FSR1   0x000fe1       data     extern E:\3.46\pic18-lt\cxx-framework\src\traditional\proc\p18f46j50.asm
                    FSR1L   0x000fe1       data     extern E:\3.46\pic18-lt\cxx-framework\src\traditional\proc\p18f46j50.asm
                    FSR1H   0x000fe2       data     extern E:\3.46\pic18-lt\cxx-framework\src\traditional\proc\p18f46j50.asm
                   PLUSW1   0x000fe3       data     extern E:\3.46\pic18-lt\cxx-framework\src\traditional\proc\p18f46j50.asm
                  PREINC1   0x000fe4       data     extern E:\3.46\pic18-lt\cxx-framework\src\traditional\proc\p18f46j50.asm
                 POSTDEC1   0x000fe5       data     extern E:\3.46\pic18-lt\cxx-framework\src\traditional\proc\p18f46j50.asm
                 POSTINC1   0x000fe6       data     extern E:\3.46\pic18-lt\cxx-framework\src\traditional\proc\p18f46j50.asm
                    INDF1   0x000fe7       data     extern E:\3.46\pic18-lt\cxx-framework\src\traditional\proc\p18f46j50.asm
                     WREG   0x000fe8       data     extern E:\3.46\pic18-lt\cxx-framework\src\traditional\proc\p18f46j50.asm
                    FSR0L   0x000fe9       data     extern E:\3.46\pic18-lt\cxx-framework\src\traditional\proc\p18f46j50.asm
                     FSR0   0x000fe9       data     extern E:\3.46\pic18-lt\cxx-framework\src\traditional\proc\p18f46j50.asm
                    FSR0H   0x000fea       data     extern E:\3.46\pic18-lt\cxx-framework\src\traditional\proc\p18f46j50.asm
                   PLUSW0   0x000feb       data     extern E:\3.46\pic18-lt\cxx-framework\src\traditional\proc\p18f46j50.asm
                  PREINC0   0x000fec       data     extern E:\3.46\pic18-lt\cxx-framework\src\traditional\proc\p18f46j50.asm
                 POSTDEC0   0x000fed       data     extern E:\3.46\pic18-lt\cxx-framework\src\traditional\proc\p18f46j50.asm
                 POSTINC0   0x000fee       data     extern E:\3.46\pic18-lt\cxx-framework\src\traditional\proc\p18f46j50.asm
                    INDF0   0x000fef       data     extern E:\3.46\pic18-lt\cxx-framework\src\traditional\proc\p18f46j50.asm
              INTCON3bits   0x000ff0       data     extern E:\3.46\pic18-lt\cxx-framework\src\traditional\proc\p18f46j50.asm
                  INTCON3   0x000ff0       data     extern E:\3.46\pic18-lt\cxx-framework\src\traditional\proc\p18f46j50.asm
              INTCON2bits   0x000ff1       data     extern E:\3.46\pic18-lt\cxx-framework\src\traditional\proc\p18f46j50.asm
                  INTCON2   0x000ff1       data     extern E:\3.46\pic18-lt\cxx-framework\src\traditional\proc\p18f46j50.asm
               INTCONbits   0x000ff2       data     extern E:\3.46\pic18-lt\cxx-framework\src\traditional\proc\p18f46j50.asm
                   INTCON   0x000ff2       data     extern E:\3.46\pic18-lt\cxx-framework\src\traditional\proc\p18f46j50.asm
                     PROD   0x000ff3       data     extern E:\3.46\pic18-lt\cxx-framework\src\traditional\proc\p18f46j50.asm
                    PRODL   0x000ff3       data     extern E:\3.46\pic18-lt\cxx-framework\src\traditional\proc\p18f46j50.asm
                    PRODH   0x000ff4       data     extern E:\3.46\pic18-lt\cxx-framework\src\traditional\proc\p18f46j50.asm
                   TABLAT   0x000ff5       data     extern E:\3.46\pic18-lt\cxx-framework\src\traditional\proc\p18f46j50.asm
                  TBLPTRL   0x000ff6       data     extern E:\3.46\pic18-lt\cxx-framework\src\traditional\proc\p18f46j50.asm
                   TBLPTR   0x000ff6       data     extern E:\3.46\pic18-lt\cxx-framework\src\traditional\proc\p18f46j50.asm
                  TBLPTRH   0x000ff7       data     extern E:\3.46\pic18-lt\cxx-framework\src\traditional\proc\p18f46j50.asm
                  TBLPTRU   0x000ff8       data     extern E:\3.46\pic18-lt\cxx-framework\src\traditional\proc\p18f46j50.asm
                      PCL   0x000ff9       data     extern E:\3.46\pic18-lt\cxx-framework\src\traditional\proc\p18f46j50.asm
                       PC   0x000ff9       data     extern E:\3.46\pic18-lt\cxx-framework\src\traditional\proc\p18f46j50.asm
                   PCLATH   0x000ffa       data     extern E:\3.46\pic18-lt\cxx-framework\src\traditional\proc\p18f46j50.asm
                   PCLATU   0x000ffb       data     extern E:\3.46\pic18-lt\cxx-framework\src\traditional\proc\p18f46j50.asm
               STKPTRbits   0x000ffc       data     extern E:\3.46\pic18-lt\cxx-framework\src\traditional\proc\p18f46j50.asm
                   STKPTR   0x000ffc       data     extern E:\3.46\pic18-lt\cxx-framework\src\traditional\proc\p18f46j50.asm
                     TOSL   0x000ffd       data     extern E:\3.46\pic18-lt\cxx-framework\src\traditional\proc\p18f46j50.asm
                      TOS   0x000ffd       data     extern E:\3.46\pic18-lt\cxx-framework\src\traditional\proc\p18f46j50.asm
                     TOSH   0x000ffe       data     extern E:\3.46\pic18-lt\cxx-framework\src\traditional\proc\p18f46j50.asm
                     TOSU   0x000fff       data     extern E:\3.46\pic18-lt\cxx-framework\src\traditional\proc\p18f46j50.asm


