MPLINK 5.00, LINKER
Linker Map File - Created Sun Nov 26 19:56:03 2023

                                 Section Info
                  Section       Type    Address   Location Size(Bytes)
                ---------  ---------  ---------  ---------  ---------
    REMAPPED_RESET_VECTOR       code   0x001000    program   0x000006
REMAPPED_HIGH_INTERRUPT_VECTOR       code   0x001008    program   0x000006
REMAPPED_LOW_INTERRUPT_VECTOR       code   0x001018    program   0x000006
                   .cinit    romdata   0x00102a    program   0x000026
              .code_ebb.o       code   0x001050    program   0x003776
              .code_UBW.o       code   0x0047c6    program   0x0029d4
       .code_usb_device.o       code   0x00719a    program   0x000d3e
             .stringtable    romdata   0x007ed8    program   0x0004ca
         .code_RCServo2.o       code   0x0083a2    program   0x0003f4
 .code_usb_function_cdc.o       code   0x008796    program   0x0003c6
        .code_ebb_print.o       code   0x008b5c    program   0x000230
  .code_WriteBytesFlash.o       code   0x008d8c    program   0x0001de
             .code_main.o       code   0x008f6a    program   0x00014e
                    .code       code   0x0090b8    program   0x000140
       .code_EraseFlash.o       code   0x0091f8    program   0x0000f8
           .romdata_UBW.o    romdata   0x0092f0    program   0x0000ac
               _cinit_scn       code   0x00939c    program   0x00009e
        .code_ReadFlash.o       code   0x00943a    program   0x000092
           .code_u1open.o       code   0x0094cc    program   0x000072
          .code_fxm3232.o       code   0x00953e    program   0x000070
                     PROG       code   0x0095ae    program   0x000068
.romdata_usb_descriptors.o    romdata   0x009616    program   0x000057
       .romdata_fxm3232.o    romdata   0x00966d    program   0x000000
       .idata_fxm3232.o_i    romdata   0x00966d    program   0x000000
        .idata_u1open.o_i    romdata   0x00966d    program   0x000000
        .romdata_u1open.o    romdata   0x00966d    program   0x000000
      .romdata_fxd3232u.o    romdata   0x00966d    program   0x000000
     .idata_ReadFlash.o_i    romdata   0x00966d    program   0x000000
     .romdata_ReadFlash.o    romdata   0x00966d    program   0x000000
       .romdata_pow2x16.o    romdata   0x00966d    program   0x000000
       .idata_pow2x16.o_i    romdata   0x00966d    program   0x000000
       .idata_u1write.o_i    romdata   0x00966d    program   0x000000
       .romdata_u1write.o    romdata   0x00966d    program   0x000000
        .idata_u1defs.o_i    romdata   0x00966d    program   0x000000
        .romdata_u1defs.o    romdata   0x00966d    program   0x000000
.idata_WriteBytesFlash.o_i    romdata   0x00966d    program   0x000000
.romdata_WriteBytesFlash.o    romdata   0x00966d    program   0x000000
        .idata___init.o_i    romdata   0x00966d    program   0x000000
        .romdata___init.o    romdata   0x00966d    program   0x000000
         .idata_c018i.o_i    romdata   0x00966d    program   0x000000
         .romdata_c018i.o    romdata   0x00966d    program   0x000000
    .idata_usb_device.o_i    romdata   0x00966d    program   0x000000
    .romdata_usb_device.o    romdata   0x00966d    program   0x000000
.idata_usb_function_cdc.o_i    romdata   0x00966d    program   0x000000
.romdata_usb_function_cdc.o    romdata   0x00966d    program   0x000000
           .romdata_ebb.o    romdata   0x00966d    program   0x000000
          .idata_main.o_i    romdata   0x00966d    program   0x000000
          .romdata_main.o    romdata   0x00966d    program   0x000000
      .idata_RCServo2.o_i    romdata   0x00966d    program   0x000000
      .idata_fxd3232u.o_i    romdata   0x00966d    program   0x000000
    .romdata_EraseFlash.o    romdata   0x00966d    program   0x000000
    .idata_EraseFlash.o_i    romdata   0x00966d    program   0x000000
     .romdata_ebb_print.o    romdata   0x00966d    program   0x000000
     .idata_ebb_print.o_i    romdata   0x00966d    program   0x000000
      .romdata_RCServo2.o    romdata   0x00966d    program   0x000000
           .code_u1defs.o       code   0x00966e    program   0x000000
  .code_usb_descriptors.o       code   0x00966e    program   0x000000
            .code_c018i.o       code   0x00966e    program   0x000000
         .code_fxd3232u.o       code   0x00966e    program   0x000048
                   STRING       code   0x0096b6    program   0x000034
          .code_u1write.o       code   0x0096ea    program   0x00002e
                    CTYPE       code   0x009718    program   0x000028
             _startup_scn       code   0x009740    program   0x00001c
          .code_pow2x16.o       code   0x00975c    program   0x000016
           .code___init.o       code   0x009772    program   0x000002
.idata_usb_descriptors.o_i    romdata   0x009774    program   0x00007e
           .idata_ebb.o_i    romdata   0x0097f2    program   0x000002
           .idata_UBW.o_i    romdata   0x0097f4    program   0x000007
               ISR_access      udata   0x000000       data   0x000037
                MATH_DATA      udata   0x000037       data   0x000010
                 .tmpdata      udata   0x000047       data   0x000010
              low_ISR_tmp      udata   0x000057       data   0x000004
             high_ISR_tmp      udata   0x00005b       data   0x000004
         RC2Servo_globals      udata   0x000060       data   0x00002b
             .udata_UBW.o      udata   0x00008b       data   0x00006f
          .udata_u1defs.o      udata   0x0000fa       data   0x000001
       .idata_ebb_print.o      idata   0x0000fb       data   0x000000
         .idata_pow2x16.o      idata   0x0000fb       data   0x000000
       .udata_ReadFlash.o      udata   0x0000fb       data   0x000000
         .udata_pow2x16.o      udata   0x0000fb       data   0x000000
          .idata___init.o      idata   0x0000fb       data   0x000000
          .udata___init.o      udata   0x0000fb       data   0x000000
 .idata_WriteBytesFlash.o      idata   0x0000fb       data   0x000000
 .udata_WriteBytesFlash.o      udata   0x0000fb       data   0x000000
          .idata_u1defs.o      idata   0x0000fb       data   0x000000
         .idata_u1write.o      idata   0x0000fb       data   0x000000
          .idata_u1open.o      idata   0x0000fb       data   0x000000
         .udata_u1write.o      udata   0x0000fb       data   0x000000
          .udata_u1open.o      udata   0x0000fb       data   0x000000
       .idata_ReadFlash.o      idata   0x0000fb       data   0x000000
      .udata_EraseFlash.o      udata   0x0000fb       data   0x000000
      .idata_EraseFlash.o      idata   0x0000fb       data   0x000000
        .udata_fxd3232u.o      udata   0x0000fb       data   0x000000
        .idata_fxd3232u.o      idata   0x0000fb       data   0x000000
         .udata_fxm3232.o      udata   0x0000fb       data   0x000000
         .idata_fxm3232.o      idata   0x0000fb       data   0x000000
           .idata_c018i.o      idata   0x0000fb       data   0x000000
      .idata_usb_device.o      idata   0x0000fb       data   0x000000
 .udata_usb_descriptors.o      udata   0x0000fb       data   0x000000
.idata_usb_function_cdc.o      idata   0x0000fb       data   0x000000
        .idata_RCServo2.o      idata   0x0000fb       data   0x000000
        .udata_RCServo2.o      udata   0x0000fb       data   0x000000
            .idata_main.o      idata   0x0000fb       data   0x000000
                  ISR_buf      udata   0x000100       data   0x000029
             .udata_ebb.o      udata   0x000129       data   0x00004f
             .idata_UBW.o      idata   0x000178       data   0x000007
              ISR_globals      udata   0x000180       data   0x00006b
           .udata_c018i.o      udata   0x0001eb       data   0x00000a
               com_tx_buf      udata   0x000200       data   0x000080
 .idata_usb_descriptors.o      idata   0x000280       data   0x00007e
            .udata_main.o      udata   0x0002fe       data   0x000002
               com_rx_buf      udata   0x000300       data   0x000100
                  USB_BDT      udata   0x000400       data   0x000078
                  sqrtVar      udata   0x000500       data   0x000014
.udata_usb_function_cdc.o      udata   0x000514       data   0x0000a8
      .udata_usb_device.o      udata   0x0005bc       data   0x000034
       .udata_ebb_print.o      udata   0x0005f0       data   0x00000e
             .idata_ebb.o      idata   0x0005fe       data   0x000002
                 FIFO_scn      udata   0x000600       data   0x000800
                   .stack      udata   0x000e00       data   0x0000c0
              SFR_BANKED0      udata   0x000ec6       data   0x00000e
              SFR_BANKED1      udata   0x000ed7       data   0x000008
              SFR_BANKED2      udata   0x000ee7       data   0x000004
              SFR_BANKED3      udata   0x000eec       data   0x000003
              SFR_BANKED4      udata   0x000ef2       data   0x000002
              SFR_BANKED5      udata   0x000ef6       data   0x000002
              SFR_BANKED6      udata   0x000efb       data   0x000005
              SFR_BANKED7      udata   0x000f26       data   0x000014
              SFR_BANKED8      udata   0x000f3c       data   0x000007
              SFR_BANKED9      udata   0x000f48       data   0x000008
             SFR_BANKED10      udata   0x000f52       data   0x00000e
            SFR_UNBANKED0      udata   0x000f60       data   0x0000a0



                              Program Memory Usage 
                               Start         End      
                           ---------   ---------      
                            0x001000    0x001005      
                            0x001008    0x00100d      
                            0x001018    0x00101d      
                            0x00102a    0x00966c      
                            0x00966e    0x0097fa      
            34786 out of 63498 program addresses used, program memory utilization is 54%



                              Symbols - Sorted by Name
                     Name    Address   Location    Storage File                     
                ---------  ---------  ---------  --------- ---------                
          AnalogConfigure   0x005da0    program     extern D:\Projects\EggBot1-GH\EBB_firmware\app.X\source\UBW.c
           BlinkUSBStatus   0x006afc    program     extern D:\Projects\EggBot1-GH\EBB_firmware\app.X\source\UBW.c
                CDCInitEP   0x008832    program     extern D:\Projects\EggBot1-GH\EBB_firmware\Microchip\USB\CDC Device Driver\usb_function_cdc.c
             CDCTxService   0x0089c8    program     extern D:\Projects\EggBot1-GH\EBB_firmware\Microchip\USB\CDC Device Driver\usb_function_cdc.c
                   D3232S   0x0095de    program     static E:\3.46\pic18-lt\cxx-framework\src\traditional\math\fxd3232s.asm
                D3232SNEG   0x0095ec    program     static E:\3.46\pic18-lt\cxx-framework\src\traditional\math\fxd3232s.asm
                 D3232SOK   0x0095e8    program     static E:\3.46\pic18-lt\cxx-framework\src\traditional\math\fxd3232s.asm
                  D3232SX   0x00960c    program     static E:\3.46\pic18-lt\cxx-framework\src\traditional\math\fxd3232s.asm
                  DA3232S   0x0095c8    program     static E:\3.46\pic18-lt\cxx-framework\src\traditional\math\fxd3232s.asm
                     Done   0x00911a    program     static source\squareroot.s      
                   Done32   0x00918e    program     static source\squareroot.s      
                 EBB_Init   0x001c20    program     extern D:\Projects\EggBot1-GH\EBB_firmware\app.X\source\ebb.c
               EraseFlash   0x0091f8    program     extern E:\3.46\pic18-lt\cxx-framework\src\pmc_common\Flash\EraseFlash.c
                 FXD3232S   0x0095ae    program     extern E:\3.46\pic18-lt\cxx-framework\src\traditional\math\fxd3232s.asm
                 FXD3232U   0x00966e    program     extern E:\3.46\pic18-lt\cxx-framework\src\traditional\math\fxd3232u.c
                  FXM3232   0x00953e    program     extern E:\3.46\pic18-lt\cxx-framework\src\traditional\math\fxm3232.c
         InitializeSystem   0x008f7a    program     static D:\Projects\EggBot1-GH\EBB_firmware\app.X\source\main.c
                LongDelay   0x0063f6    program     extern D:\Projects\EggBot1-GH\EBB_firmware\app.X\source\UBW.c
                  NextBit   0x00910a    program     static source\squareroot.s      
                  NxtBt16   0x009172    program     static source\squareroot.s      
               Open1USART   0x0094cc    program     extern E:\3.46\pic18-lt\cxx-framework\src\pmc_common\USART\u1open.c
                ProcessIO   0x004db2    program     extern D:\Projects\EggBot1-GH\EBB_firmware\app.X\source\UBW.c
            RCServo2_Init   0x0083a2    program     extern D:\Projects\EggBot1-GH\EBB_firmware\app.X\source\RCServo2.c
            RCServo2_Move   0x00853c    program     extern D:\Projects\EggBot1-GH\EBB_firmware\app.X\source\RCServo2.c
      RCServo2_S2_command   0x008492    program     extern D:\Projects\EggBot1-GH\EBB_firmware\app.X\source\RCServo2.c
RCServo2_get_channel_from_RPn   0x008454    program     extern D:\Projects\EggBot1-GH\EBB_firmware\app.X\source\RCServo2.c
                   RPnBit   0x009383    program     extern D:\Projects\EggBot1-GH\EBB_firmware\app.X\source\UBW.c
               RPnLATPort   0x009351    program     extern D:\Projects\EggBot1-GH\EBB_firmware\app.X\source\UBW.c
              RPnTRISPort   0x00931f    program     extern D:\Projects\EggBot1-GH\EBB_firmware\app.X\source\UBW.c
                ReadFlash   0x00943a    program     extern E:\3.46\pic18-lt\cxx-framework\src\pmc_common\Flash\ReadFlash.c
        Remapped_High_ISR   0x001008    program     extern D:\Projects\EggBot1-GH\EBB_firmware\app.X\source\main.c
         Remapped_Low_ISR   0x001018    program     extern D:\Projects\EggBot1-GH\EBB_firmware\app.X\source\main.c
         SetPinLATFromRPn   0x006bd8    program     extern D:\Projects\EggBot1-GH\EBB_firmware\app.X\source\UBW.c
        SetPinTRISFromRPn   0x006c34    program     extern D:\Projects\EggBot1-GH\EBB_firmware\app.X\source\UBW.c
                     Sq16   0x00919e    program     static source\squareroot.s      
                     Sqrt   0x0090b8    program     extern source\squareroot.s      
                   Sqrt16   0x0090e2    program     static source\squareroot.s      
                   Sqrt32   0x009128    program     static source\squareroot.s      
                  Squar16   0x009136    program     static source\squareroot.s      
                  Square8   0x0090ea    program     static source\squareroot.s      
       USBCBCheckOtherReq   0x008fd6    program     extern D:\Projects\EggBot1-GH\EBB_firmware\app.X\source\main.c
        USBCBErrorHandler   0x008fd4    program     extern D:\Projects\EggBot1-GH\EBB_firmware\app.X\source\main.c
              USBCBInitEP   0x008fdc    program     extern D:\Projects\EggBot1-GH\EBB_firmware\app.X\source\main.c
          USBCBSendResume   0x008fe0    program     extern D:\Projects\EggBot1-GH\EBB_firmware\app.X\source\main.c
    USBCBStdSetDscHandler   0x008fda    program     extern D:\Projects\EggBot1-GH\EBB_firmware\app.X\source\main.c
             USBCBSuspend   0x008fce    program     extern D:\Projects\EggBot1-GH\EBB_firmware\app.X\source\main.c
     USBCBWakeFromSuspend   0x008fd0    program     extern D:\Projects\EggBot1-GH\EBB_firmware\app.X\source\main.c
        USBCB_SOF_Handler   0x008fd2    program     extern D:\Projects\EggBot1-GH\EBB_firmware\app.X\source\main.c
       USBCDCEventHandler   0x008874    program     extern D:\Projects\EggBot1-GH\EBB_firmware\Microchip\USB\CDC Device Driver\usb_function_cdc.c
              USBCancelIO   0x0074c6    program     extern D:\Projects\EggBot1-GH\EBB_firmware\Microchip\USB\usb_device.c
       USBCheckCDCRequest   0x008796    program     extern D:\Projects\EggBot1-GH\EBB_firmware\Microchip\USB\CDC Device Driver\usb_function_cdc.c
       USBCheckStdRequest   0x007ac6    program     static D:\Projects\EggBot1-GH\EBB_firmware\Microchip\USB\usb_device.c
     USBConfigureEndpoint   0x007586    program     static D:\Projects\EggBot1-GH\EBB_firmware\Microchip\USB\usb_device.c
  USBCtrlEPAllowDataStage   0x007548    program     extern D:\Projects\EggBot1-GH\EBB_firmware\Microchip\USB\usb_device.c
USBCtrlEPAllowStatusStage   0x0074fc    program     extern D:\Projects\EggBot1-GH\EBB_firmware\Microchip\USB\usb_device.c
         USBCtrlEPService   0x00796a    program     static D:\Projects\EggBot1-GH\EBB_firmware\Microchip\USB\usb_device.c
 USBCtrlEPServiceComplete   0x0075e2    program     static D:\Projects\EggBot1-GH\EBB_firmware\Microchip\USB\usb_device.c
      USBCtrlTrfInHandler   0x007a4c    program     static D:\Projects\EggBot1-GH\EBB_firmware\Microchip\USB\usb_device.c
     USBCtrlTrfOutHandler   0x007a2e    program     static D:\Projects\EggBot1-GH\EBB_firmware\Microchip\USB\usb_device.c
      USBCtrlTrfRxService   0x0076bc    program     static D:\Projects\EggBot1-GH\EBB_firmware\Microchip\USB\usb_device.c
   USBCtrlTrfSetupHandler   0x0079f8    program     static D:\Projects\EggBot1-GH\EBB_firmware\Microchip\USB\usb_device.c
      USBCtrlTrfTxService   0x00763c    program     static D:\Projects\EggBot1-GH\EBB_firmware\Microchip\USB\usb_device.c
            USBDeviceInit   0x00719a    program     extern D:\Projects\EggBot1-GH\EBB_firmware\Microchip\USB\usb_device.c
           USBDeviceTasks   0x007266    program     extern D:\Projects\EggBot1-GH\EBB_firmware\Microchip\USB\usb_device.c
        USBEnableEndpoint   0x0073c0    program     extern D:\Projects\EggBot1-GH\EBB_firmware\Microchip\USB\usb_device.c
         USBStallEndpoint   0x007494    program     extern D:\Projects\EggBot1-GH\EBB_firmware\Microchip\USB\usb_device.c
          USBStallHandler   0x007918    program     static D:\Projects\EggBot1-GH\EBB_firmware\Microchip\USB\usb_device.c
  USBStdFeatureReqHandler   0x007b6e    program     static D:\Projects\EggBot1-GH\EBB_firmware\Microchip\USB\usb_device.c
      USBStdGetDscHandler   0x0077fc    program     static D:\Projects\EggBot1-GH\EBB_firmware\Microchip\USB\usb_device.c
   USBStdGetStatusHandler   0x0078a2    program     static D:\Projects\EggBot1-GH\EBB_firmware\Microchip\USB\usb_device.c
      USBStdSetCfgHandler   0x007784    program     static D:\Projects\EggBot1-GH\EBB_firmware\Microchip\USB\usb_device.c
               USBSuspend   0x00793a    program     static D:\Projects\EggBot1-GH\EBB_firmware\Microchip\USB\usb_device.c
     USBTransferOnePacket   0x007408    program     extern D:\Projects\EggBot1-GH\EBB_firmware\Microchip\USB\usb_device.c
       USBWakeFromSuspend   0x007950    program     static D:\Projects\EggBot1-GH\EBB_firmware\Microchip\USB\usb_device.c
               USB_CD_Ptr   0x00966b    program     extern D:\Projects\EggBot1-GH\EBB_firmware\app.X\source\usb_descriptors.c
USER_USB_CALLBACK_EVENT_HANDLER   0x009024    program     extern D:\Projects\EggBot1-GH\EBB_firmware\app.X\source\main.c
                 UserInit   0x004c20    program     extern D:\Projects\EggBot1-GH\EBB_firmware\app.X\source\UBW.c
              Write1USART   0x0096ea    program     extern E:\3.46\pic18-lt\cxx-framework\src\pmc_common\USART\u1write.c
          WriteBytesFlash   0x008d8c    program     extern E:\3.46\pic18-lt\cxx-framework\src\pmc_common\Flash\WriteBytesFlash.c
              _2jContinue   0x0096d6    program     static E:\3.46\pic18-lt\cxx-framework\src\traditional\stdclib\memset.asm
                   _3jEnd   0x0096e0    program     static E:\3.46\pic18-lt\cxx-framework\src\traditional\stdclib\memset.asm
       ___case_0_lbl00242   0x005a1a    program     static                          
       ___case_1_lbl00243   0x005a1a    program     static                          
       ___case_2_lbl00241   0x005a06    program     static                          
       ___case_3_lbl00245   0x005a20    program     static                          
      ___default_lbl00244   0x005a1a    program     static                          
         ___else_lbl00218   0x0057b2    program     static                          
         ___else_lbl00221   0x0057f0    program     static                          
         ___else_lbl00223   0x005832    program     static                          
         ___else_lbl00225   0x005816    program     static                          
         ___else_lbl00230   0x0058b8    program     static                          
         ___else_lbl00232   0x00589c    program     static                          
         ___else_lbl00234   0x0058de    program     static                          
         ___else_lbl00237   0x005960    program     static                          
         ___else_lbl00239   0x005992    program     static                          
         ___else_lbl00247   0x0059f0    program     static                          
         ___else_lbl00249   0x005a76    program     static                          
         ___else_lbl00251   0x005a52    program     static                          
         ___else_lbl00253   0x005acc    program     static                          
         ___else_lbl00255   0x005a9c    program     static                          
         ___else_lbl00257   0x005b22    program     static                          
         ___else_lbl00259   0x005af2    program     static                          
         ___else_lbl00261   0x005b74    program     static                          
         ___else_lbl00263   0x005b46    program     static                          
         ___else_lbl00267   0x005c02    program     static                          
         ___else_lbl00269   0x005bd4    program     static                          
         ___else_lbl00271   0x005c08    program     static                          
         ___else_lbl00273   0x005bb8    program     static                          
         ___else_lbl00275   0x005b7a    program     static                          
         ___else_lbl00277   0x005b28    program     static                          
         ___else_lbl00279   0x005ad2    program     static                          
         ___else_lbl00281   0x005a7c    program     static                          
         ___else_lbl00283   0x005a34    program     static                          
         ___else_lbl00285   0x0059bc    program     static                          
         ___else_lbl00287   0x005998    program     static                          
         ___else_lbl00289   0x00596a    program     static                          
         ___else_lbl00291   0x005938    program     static                          
         ___else_lbl00293   0x005912    program     static                          
         ___else_lbl00295   0x0058e6    program     static                          
         ___else_lbl00297   0x0058be    program     static                          
         ___else_lbl00299   0x00587c    program     static                          
         ___else_lbl00301   0x005838    program     static                          
         ___else_lbl00303   0x0057f6    program     static                          
         ___else_lbl00305   0x0057b8    program     static                          
          ___for_lbl00417   0x001c88    program     static                          
          ___for_lbl00418   0x001c8c    program     static                          
          ___for_lbl00419   0x001c2c    program     static                          
          ___for_lbl00420   0x001d78    program     static                          
          ___for_lbl00421   0x001d7c    program     static                          
          ___for_lbl00422   0x001d64    program     static                          
          ___for_lbl00427   0x006418    program     static                          
          ___for_lbl00428   0x00641c    program     static                          
          ___for_lbl00431   0x006402    program     static                          
           ___if_lbl00005   0x008ed4    program     static                          
           ___if_lbl00006   0x008ef6    program     static                          
           ___if_lbl00007   0x008f0e    program     static                          
           ___if_lbl00215   0x005780    program     static                          
           ___if_lbl00217   0x0057b6    program     static                          
           ___if_lbl00220   0x0057f4    program     static                          
           ___if_lbl00222   0x005836    program     static                          
           ___if_lbl00224   0x005836    program     static                          
           ___if_lbl00226   0x00586a    program     static                          
           ___if_lbl00229   0x0058bc    program     static                          
           ___if_lbl00231   0x0058bc    program     static                          
           ___if_lbl00233   0x0058e4    program     static                          
           ___if_lbl00235   0x005910    program     static                          
           ___if_lbl00236   0x005968    program     static                          
           ___if_lbl00238   0x005996    program     static                          
           ___if_lbl00246   0x005a2e    program     static                          
           ___if_lbl00248   0x005a7a    program     static                          
           ___if_lbl00250   0x005a7a    program     static                          
           ___if_lbl00252   0x005ad0    program     static                          
           ___if_lbl00254   0x005ad0    program     static                          
           ___if_lbl00256   0x005b26    program     static                          
           ___if_lbl00258   0x005b26    program     static                          
           ___if_lbl00260   0x005b78    program     static                          
           ___if_lbl00262   0x005b78    program     static                          
           ___if_lbl00266   0x005c06    program     static                          
           ___if_lbl00268   0x005c06    program     static                          
           ___if_lbl00270   0x005c0c    program     static                          
           ___if_lbl00272   0x005c0c    program     static                          
           ___if_lbl00274   0x005c0c    program     static                          
           ___if_lbl00276   0x005c0c    program     static                          
           ___if_lbl00278   0x005c0c    program     static                          
           ___if_lbl00280   0x005c0c    program     static                          
           ___if_lbl00282   0x005c0c    program     static                          
           ___if_lbl00284   0x005c0c    program     static                          
           ___if_lbl00286   0x005c0c    program     static                          
           ___if_lbl00288   0x005c0c    program     static                          
           ___if_lbl00290   0x005c0c    program     static                          
           ___if_lbl00292   0x005c0c    program     static                          
           ___if_lbl00294   0x005c0c    program     static                          
           ___if_lbl00296   0x005c0c    program     static                          
           ___if_lbl00298   0x005c0c    program     static                          
           ___if_lbl00300   0x005c0c    program     static                          
           ___if_lbl00302   0x005c0c    program     static                          
           ___if_lbl00304   0x005c0c    program     static                          
       ___return_lbl00000   0x001004    program     static                          
       ___return_lbl00000   0x009770    program     static                          
       ___return_lbl00000   0x0096b4    program     static                          
       ___return_lbl00000   0x0095ac    program     static                          
       ___return_lbl00000   0x00975a    program     static                          
       ___return_lbl00000   0x0094b4    program     static                          
       ___return_lbl00000   0x008f52    program     static                          
       ___return_lbl00001   0x00100c    program     static                          
       ___return_lbl00001   0x009438    program     static                          
       ___return_lbl00002   0x00101c    program     static                          
       ___return_lbl00050   0x004ba6    program     static                          
       ___return_lbl00214   0x005c12    program     static                          
       ___return_lbl00416   0x001db8    program     static                          
       ___return_lbl00426   0x00641c    program     static                          
       ___return_lbl00432   0x006434    program     static                          
       ___return_lbl00433   0x006442    program     static                          
   ___switchexit_lbl00240   0x005a2e    program     static                          
        ___while_lbl00001   0x009482    program     static                          
        ___while_lbl00001   0x008e76    program     static                          
        ___while_lbl00002   0x008f52    program     static                          
        ___while_lbl00002   0x0094b4    program     static                          
        ___while_lbl00003   0x008e9a    program     static                          
        ___while_lbl00004   0x008ed6    program     static                          
        ___while_lbl00051   0x004b7c    program     static                          
        ___while_lbl00052   0x004ba6    program     static                          
        ___while_lbl00227   0x00586a    program     static                          
        ___while_lbl00228   0x005874    program     static                          
        ___while_lbl00264   0x005b8c    program     static                          
        ___while_lbl00265   0x005bb6    program     static                          
        ___while_lbl00429   0x00640a    program     static                          
        ___while_lbl00430   0x006418    program     static                          
                   __init   0x009772    program     extern E:\3.46\pic18-lt\cxx-framework\src\traditional\stdclib\__init.c
                   __pa_0   0x008aa2    program     static D:\Projects\EggBot1-GH\EBB_firmware\Microchip\USB\CDC Device Driver\usb_function_cdc.c
                   __pa_0   0x0092e2    program     static E:\3.46\pic18-lt\cxx-framework\src\pmc_common\Flash\EraseFlash.c
                   __pa_0   0x00870e    program     static D:\Projects\EggBot1-GH\EBB_firmware\app.X\source\RCServo2.c
                   __pa_0   0x008cae    program     static D:\Projects\EggBot1-GH\EBB_firmware\app.X\source\ebb_print.c
                   __pa_0   0x006c90    program     static D:\Projects\EggBot1-GH\EBB_firmware\app.X\source\UBW.c
                   __pa_0   0x003932    program     static D:\Projects\EggBot1-GH\EBB_firmware\app.X\source\ebb.c
                   __pa_0   0x007c98    program     static D:\Projects\EggBot1-GH\EBB_firmware\Microchip\USB\usb_device.c
                   __pa_1   0x008718    program     static D:\Projects\EggBot1-GH\EBB_firmware\app.X\source\RCServo2.c
                   __pa_1   0x008cc8    program     static D:\Projects\EggBot1-GH\EBB_firmware\app.X\source\ebb_print.c
                   __pa_1   0x006c96    program     static D:\Projects\EggBot1-GH\EBB_firmware\app.X\source\UBW.c
                   __pa_1   0x008abc    program     static D:\Projects\EggBot1-GH\EBB_firmware\Microchip\USB\CDC Device Driver\usb_function_cdc.c
                   __pa_1   0x003948    program     static D:\Projects\EggBot1-GH\EBB_firmware\app.X\source\ebb.c
                   __pa_1   0x007ca0    program     static D:\Projects\EggBot1-GH\EBB_firmware\Microchip\USB\usb_device.c
                  __pa_10   0x007cfe    program     static D:\Projects\EggBot1-GH\EBB_firmware\Microchip\USB\usb_device.c
                  __pa_10   0x008778    program     static D:\Projects\EggBot1-GH\EBB_firmware\app.X\source\RCServo2.c
                  __pa_10   0x006ce4    program     static D:\Projects\EggBot1-GH\EBB_firmware\app.X\source\UBW.c
                  __pa_10   0x008b42    program     static D:\Projects\EggBot1-GH\EBB_firmware\Microchip\USB\CDC Device Driver\usb_function_cdc.c
                  __pa_10   0x008d6c    program     static D:\Projects\EggBot1-GH\EBB_firmware\app.X\source\ebb_print.c
                  __pa_10   0x003aec    program     static D:\Projects\EggBot1-GH\EBB_firmware\app.X\source\ebb.c
                 __pa_100   0x0040d2    program     static D:\Projects\EggBot1-GH\EBB_firmware\app.X\source\ebb.c
                 __pa_100   0x007128    program     static D:\Projects\EggBot1-GH\EBB_firmware\app.X\source\UBW.c
                 __pa_101   0x007130    program     static D:\Projects\EggBot1-GH\EBB_firmware\app.X\source\UBW.c
                 __pa_101   0x0040d8    program     static D:\Projects\EggBot1-GH\EBB_firmware\app.X\source\ebb.c
                 __pa_102   0x00713a    program     static D:\Projects\EggBot1-GH\EBB_firmware\app.X\source\UBW.c
                 __pa_102   0x0040e4    program     static D:\Projects\EggBot1-GH\EBB_firmware\app.X\source\ebb.c
                 __pa_103   0x0040ee    program     static D:\Projects\EggBot1-GH\EBB_firmware\app.X\source\ebb.c
                 __pa_103   0x007142    program     static D:\Projects\EggBot1-GH\EBB_firmware\app.X\source\UBW.c
                 __pa_104   0x0040f8    program     static D:\Projects\EggBot1-GH\EBB_firmware\app.X\source\ebb.c
                 __pa_104   0x00714a    program     static D:\Projects\EggBot1-GH\EBB_firmware\app.X\source\UBW.c
                 __pa_105   0x007152    program     static D:\Projects\EggBot1-GH\EBB_firmware\app.X\source\UBW.c
                 __pa_105   0x004102    program     static D:\Projects\EggBot1-GH\EBB_firmware\app.X\source\ebb.c
                 __pa_106   0x00715a    program     static D:\Projects\EggBot1-GH\EBB_firmware\app.X\source\UBW.c
                 __pa_106   0x004112    program     static D:\Projects\EggBot1-GH\EBB_firmware\app.X\source\ebb.c
                 __pa_107   0x007162    program     static D:\Projects\EggBot1-GH\EBB_firmware\app.X\source\UBW.c
                 __pa_107   0x004122    program     static D:\Projects\EggBot1-GH\EBB_firmware\app.X\source\ebb.c
                 __pa_108   0x007168    program     static D:\Projects\EggBot1-GH\EBB_firmware\app.X\source\UBW.c
                 __pa_108   0x004132    program     static D:\Projects\EggBot1-GH\EBB_firmware\app.X\source\ebb.c
                 __pa_109   0x004142    program     static D:\Projects\EggBot1-GH\EBB_firmware\app.X\source\ebb.c
                 __pa_109   0x007176    program     static D:\Projects\EggBot1-GH\EBB_firmware\app.X\source\UBW.c
                  __pa_11   0x006cee    program     static D:\Projects\EggBot1-GH\EBB_firmware\app.X\source\UBW.c
                  __pa_11   0x008d74    program     static D:\Projects\EggBot1-GH\EBB_firmware\app.X\source\ebb_print.c
                  __pa_11   0x008788    program     static D:\Projects\EggBot1-GH\EBB_firmware\app.X\source\RCServo2.c
                  __pa_11   0x003b0a    program     static D:\Projects\EggBot1-GH\EBB_firmware\app.X\source\ebb.c
                  __pa_11   0x008b50    program     static D:\Projects\EggBot1-GH\EBB_firmware\Microchip\USB\CDC Device Driver\usb_function_cdc.c
                  __pa_11   0x007d0e    program     static D:\Projects\EggBot1-GH\EBB_firmware\Microchip\USB\usb_device.c
                 __pa_110   0x004152    program     static D:\Projects\EggBot1-GH\EBB_firmware\app.X\source\ebb.c
                 __pa_110   0x00717e    program     static D:\Projects\EggBot1-GH\EBB_firmware\app.X\source\UBW.c
                 __pa_111   0x004162    program     static D:\Projects\EggBot1-GH\EBB_firmware\app.X\source\ebb.c
                 __pa_111   0x007188    program     static D:\Projects\EggBot1-GH\EBB_firmware\app.X\source\UBW.c
                 __pa_112   0x004172    program     static D:\Projects\EggBot1-GH\EBB_firmware\app.X\source\ebb.c
                 __pa_112   0x007192    program     static D:\Projects\EggBot1-GH\EBB_firmware\app.X\source\UBW.c
                 __pa_113   0x004178    program     static D:\Projects\EggBot1-GH\EBB_firmware\app.X\source\ebb.c
                 __pa_114   0x004188    program     static D:\Projects\EggBot1-GH\EBB_firmware\app.X\source\ebb.c
                 __pa_115   0x004190    program     static D:\Projects\EggBot1-GH\EBB_firmware\app.X\source\ebb.c
                 __pa_116   0x004198    program     static D:\Projects\EggBot1-GH\EBB_firmware\app.X\source\ebb.c
                 __pa_117   0x0041a6    program     static D:\Projects\EggBot1-GH\EBB_firmware\app.X\source\ebb.c
                 __pa_118   0x0041b4    program     static D:\Projects\EggBot1-GH\EBB_firmware\app.X\source\ebb.c
                 __pa_119   0x0041c2    program     static D:\Projects\EggBot1-GH\EBB_firmware\app.X\source\ebb.c
                  __pa_12   0x006cf8    program     static D:\Projects\EggBot1-GH\EBB_firmware\app.X\source\UBW.c
                  __pa_12   0x003b18    program     static D:\Projects\EggBot1-GH\EBB_firmware\app.X\source\ebb.c
                  __pa_12   0x007d18    program     static D:\Projects\EggBot1-GH\EBB_firmware\Microchip\USB\usb_device.c
                  __pa_12   0x008d80    program     static D:\Projects\EggBot1-GH\EBB_firmware\app.X\source\ebb_print.c
                 __pa_120   0x0041d0    program     static D:\Projects\EggBot1-GH\EBB_firmware\app.X\source\ebb.c
                 __pa_121   0x0041de    program     static D:\Projects\EggBot1-GH\EBB_firmware\app.X\source\ebb.c
                 __pa_122   0x0041ec    program     static D:\Projects\EggBot1-GH\EBB_firmware\app.X\source\ebb.c
                 __pa_123   0x0041fa    program     static D:\Projects\EggBot1-GH\EBB_firmware\app.X\source\ebb.c
                 __pa_124   0x004204    program     static D:\Projects\EggBot1-GH\EBB_firmware\app.X\source\ebb.c
                 __pa_125   0x00420e    program     static D:\Projects\EggBot1-GH\EBB_firmware\app.X\source\ebb.c
                 __pa_126   0x004218    program     static D:\Projects\EggBot1-GH\EBB_firmware\app.X\source\ebb.c
                 __pa_127   0x004222    program     static D:\Projects\EggBot1-GH\EBB_firmware\app.X\source\ebb.c
                 __pa_128   0x00422c    program     static D:\Projects\EggBot1-GH\EBB_firmware\app.X\source\ebb.c
                 __pa_129   0x004236    program     static D:\Projects\EggBot1-GH\EBB_firmware\app.X\source\ebb.c
                  __pa_13   0x003b2e    program     static D:\Projects\EggBot1-GH\EBB_firmware\app.X\source\ebb.c
                  __pa_13   0x006d06    program     static D:\Projects\EggBot1-GH\EBB_firmware\app.X\source\UBW.c
                  __pa_13   0x007d2c    program     static D:\Projects\EggBot1-GH\EBB_firmware\Microchip\USB\usb_device.c
                 __pa_130   0x004240    program     static D:\Projects\EggBot1-GH\EBB_firmware\app.X\source\ebb.c
                 __pa_131   0x00424a    program     static D:\Projects\EggBot1-GH\EBB_firmware\app.X\source\ebb.c
                 __pa_132   0x004254    program     static D:\Projects\EggBot1-GH\EBB_firmware\app.X\source\ebb.c
                 __pa_133   0x0042a2    program     static D:\Projects\EggBot1-GH\EBB_firmware\app.X\source\ebb.c
                 __pa_134   0x0042a8    program     static D:\Projects\EggBot1-GH\EBB_firmware\app.X\source\ebb.c
                 __pa_135   0x0042b4    program     static D:\Projects\EggBot1-GH\EBB_firmware\app.X\source\ebb.c
                 __pa_136   0x0042f2    program     static D:\Projects\EggBot1-GH\EBB_firmware\app.X\source\ebb.c
                 __pa_137   0x0042fe    program     static D:\Projects\EggBot1-GH\EBB_firmware\app.X\source\ebb.c
                 __pa_138   0x004302    program     static D:\Projects\EggBot1-GH\EBB_firmware\app.X\source\ebb.c
                 __pa_139   0x00430c    program     static D:\Projects\EggBot1-GH\EBB_firmware\app.X\source\ebb.c
                  __pa_14   0x003b38    program     static D:\Projects\EggBot1-GH\EBB_firmware\app.X\source\ebb.c
                  __pa_14   0x007d40    program     static D:\Projects\EggBot1-GH\EBB_firmware\Microchip\USB\usb_device.c
                  __pa_14   0x006d1e    program     static D:\Projects\EggBot1-GH\EBB_firmware\app.X\source\UBW.c
                 __pa_140   0x00431a    program     static D:\Projects\EggBot1-GH\EBB_firmware\app.X\source\ebb.c
                 __pa_141   0x004320    program     static D:\Projects\EggBot1-GH\EBB_firmware\app.X\source\ebb.c
                 __pa_142   0x004338    program     static D:\Projects\EggBot1-GH\EBB_firmware\app.X\source\ebb.c
                 __pa_143   0x00434a    program     static D:\Projects\EggBot1-GH\EBB_firmware\app.X\source\ebb.c
                 __pa_144   0x00436a    program     static D:\Projects\EggBot1-GH\EBB_firmware\app.X\source\ebb.c
                 __pa_145   0x00438a    program     static D:\Projects\EggBot1-GH\EBB_firmware\app.X\source\ebb.c
                 __pa_146   0x0043a8    program     static D:\Projects\EggBot1-GH\EBB_firmware\app.X\source\ebb.c
                 __pa_147   0x0043c2    program     static D:\Projects\EggBot1-GH\EBB_firmware\app.X\source\ebb.c
                 __pa_148   0x0043cc    program     static D:\Projects\EggBot1-GH\EBB_firmware\app.X\source\ebb.c
                 __pa_149   0x0043de    program     static D:\Projects\EggBot1-GH\EBB_firmware\app.X\source\ebb.c
                  __pa_15   0x006d26    program     static D:\Projects\EggBot1-GH\EBB_firmware\app.X\source\UBW.c
                  __pa_15   0x007d4c    program     static D:\Projects\EggBot1-GH\EBB_firmware\Microchip\USB\usb_device.c
                  __pa_15   0x003b3e    program     static D:\Projects\EggBot1-GH\EBB_firmware\app.X\source\ebb.c
                 __pa_150   0x0043e8    program     static D:\Projects\EggBot1-GH\EBB_firmware\app.X\source\ebb.c
                 __pa_151   0x0043f2    program     static D:\Projects\EggBot1-GH\EBB_firmware\app.X\source\ebb.c
                 __pa_152   0x0043fc    program     static D:\Projects\EggBot1-GH\EBB_firmware\app.X\source\ebb.c
                 __pa_153   0x004406    program     static D:\Projects\EggBot1-GH\EBB_firmware\app.X\source\ebb.c
                 __pa_154   0x00441e    program     static D:\Projects\EggBot1-GH\EBB_firmware\app.X\source\ebb.c
                 __pa_155   0x004428    program     static D:\Projects\EggBot1-GH\EBB_firmware\app.X\source\ebb.c
                 __pa_156   0x004432    program     static D:\Projects\EggBot1-GH\EBB_firmware\app.X\source\ebb.c
                 __pa_157   0x00443a    program     static D:\Projects\EggBot1-GH\EBB_firmware\app.X\source\ebb.c
                 __pa_158   0x004442    program     static D:\Projects\EggBot1-GH\EBB_firmware\app.X\source\ebb.c
                 __pa_159   0x00444a    program     static D:\Projects\EggBot1-GH\EBB_firmware\app.X\source\ebb.c
                  __pa_16   0x003b48    program     static D:\Projects\EggBot1-GH\EBB_firmware\app.X\source\ebb.c
                  __pa_16   0x007d66    program     static D:\Projects\EggBot1-GH\EBB_firmware\Microchip\USB\usb_device.c
                  __pa_16   0x006d2e    program     static D:\Projects\EggBot1-GH\EBB_firmware\app.X\source\UBW.c
                 __pa_160   0x004454    program     static D:\Projects\EggBot1-GH\EBB_firmware\app.X\source\ebb.c
                 __pa_161   0x004460    program     static D:\Projects\EggBot1-GH\EBB_firmware\app.X\source\ebb.c
                 __pa_162   0x004476    program     static D:\Projects\EggBot1-GH\EBB_firmware\app.X\source\ebb.c
                 __pa_163   0x00448c    program     static D:\Projects\EggBot1-GH\EBB_firmware\app.X\source\ebb.c
                 __pa_164   0x004498    program     static D:\Projects\EggBot1-GH\EBB_firmware\app.X\source\ebb.c
                 __pa_165   0x0044a2    program     static D:\Projects\EggBot1-GH\EBB_firmware\app.X\source\ebb.c
                 __pa_166   0x0044b4    program     static D:\Projects\EggBot1-GH\EBB_firmware\app.X\source\ebb.c
                 __pa_167   0x0044c6    program     static D:\Projects\EggBot1-GH\EBB_firmware\app.X\source\ebb.c
                 __pa_168   0x0044d2    program     static D:\Projects\EggBot1-GH\EBB_firmware\app.X\source\ebb.c
                 __pa_169   0x0044de    program     static D:\Projects\EggBot1-GH\EBB_firmware\app.X\source\ebb.c
                  __pa_17   0x007d72    program     static D:\Projects\EggBot1-GH\EBB_firmware\Microchip\USB\usb_device.c
                  __pa_17   0x003b62    program     static D:\Projects\EggBot1-GH\EBB_firmware\app.X\source\ebb.c
                  __pa_17   0x006d3a    program     static D:\Projects\EggBot1-GH\EBB_firmware\app.X\source\UBW.c
                 __pa_170   0x0044ea    program     static D:\Projects\EggBot1-GH\EBB_firmware\app.X\source\ebb.c
                 __pa_171   0x0044fa    program     static D:\Projects\EggBot1-GH\EBB_firmware\app.X\source\ebb.c
                 __pa_172   0x00450c    program     static D:\Projects\EggBot1-GH\EBB_firmware\app.X\source\ebb.c
                 __pa_173   0x00451e    program     static D:\Projects\EggBot1-GH\EBB_firmware\app.X\source\ebb.c
                 __pa_174   0x004530    program     static D:\Projects\EggBot1-GH\EBB_firmware\app.X\source\ebb.c
                 __pa_175   0x004542    program     static D:\Projects\EggBot1-GH\EBB_firmware\app.X\source\ebb.c
                 __pa_176   0x00454c    program     static D:\Projects\EggBot1-GH\EBB_firmware\app.X\source\ebb.c
                 __pa_177   0x004556    program     static D:\Projects\EggBot1-GH\EBB_firmware\app.X\source\ebb.c
                 __pa_178   0x00455c    program     static D:\Projects\EggBot1-GH\EBB_firmware\app.X\source\ebb.c
                 __pa_179   0x004566    program     static D:\Projects\EggBot1-GH\EBB_firmware\app.X\source\ebb.c
                  __pa_18   0x007d7e    program     static D:\Projects\EggBot1-GH\EBB_firmware\Microchip\USB\usb_device.c
                  __pa_18   0x003b80    program     static D:\Projects\EggBot1-GH\EBB_firmware\app.X\source\ebb.c
                  __pa_18   0x006d44    program     static D:\Projects\EggBot1-GH\EBB_firmware\app.X\source\UBW.c
                 __pa_180   0x004574    program     static D:\Projects\EggBot1-GH\EBB_firmware\app.X\source\ebb.c
                 __pa_181   0x004582    program     static D:\Projects\EggBot1-GH\EBB_firmware\app.X\source\ebb.c
                 __pa_182   0x00458a    program     static D:\Projects\EggBot1-GH\EBB_firmware\app.X\source\ebb.c
                 __pa_183   0x004598    program     static D:\Projects\EggBot1-GH\EBB_firmware\app.X\source\ebb.c
                 __pa_184   0x0045a6    program     static D:\Projects\EggBot1-GH\EBB_firmware\app.X\source\ebb.c
                 __pa_185   0x0045b2    program     static D:\Projects\EggBot1-GH\EBB_firmware\app.X\source\ebb.c
                 __pa_186   0x0045c0    program     static D:\Projects\EggBot1-GH\EBB_firmware\app.X\source\ebb.c
                 __pa_187   0x0045cc    program     static D:\Projects\EggBot1-GH\EBB_firmware\app.X\source\ebb.c
                 __pa_188   0x0045d8    program     static D:\Projects\EggBot1-GH\EBB_firmware\app.X\source\ebb.c
                 __pa_189   0x0045e4    program     static D:\Projects\EggBot1-GH\EBB_firmware\app.X\source\ebb.c
                  __pa_19   0x007d86    program     static D:\Projects\EggBot1-GH\EBB_firmware\Microchip\USB\usb_device.c
                  __pa_19   0x006d4c    program     static D:\Projects\EggBot1-GH\EBB_firmware\app.X\source\UBW.c
                  __pa_19   0x003b88    program     static D:\Projects\EggBot1-GH\EBB_firmware\app.X\source\ebb.c
                 __pa_190   0x0045f2    program     static D:\Projects\EggBot1-GH\EBB_firmware\app.X\source\ebb.c
                 __pa_191   0x004600    program     static D:\Projects\EggBot1-GH\EBB_firmware\app.X\source\ebb.c
                 __pa_192   0x004608    program     static D:\Projects\EggBot1-GH\EBB_firmware\app.X\source\ebb.c
                 __pa_193   0x004612    program     static D:\Projects\EggBot1-GH\EBB_firmware\app.X\source\ebb.c
                 __pa_194   0x00461c    program     static D:\Projects\EggBot1-GH\EBB_firmware\app.X\source\ebb.c
                 __pa_195   0x004626    program     static D:\Projects\EggBot1-GH\EBB_firmware\app.X\source\ebb.c
                 __pa_196   0x00462e    program     static D:\Projects\EggBot1-GH\EBB_firmware\app.X\source\ebb.c
                 __pa_197   0x004636    program     static D:\Projects\EggBot1-GH\EBB_firmware\app.X\source\ebb.c
                 __pa_198   0x00463a    program     static D:\Projects\EggBot1-GH\EBB_firmware\app.X\source\ebb.c
                 __pa_199   0x004640    program     static D:\Projects\EggBot1-GH\EBB_firmware\app.X\source\ebb.c
                   __pa_2   0x008acc    program     static D:\Projects\EggBot1-GH\EBB_firmware\Microchip\USB\CDC Device Driver\usb_function_cdc.c
                   __pa_2   0x003954    program     static D:\Projects\EggBot1-GH\EBB_firmware\app.X\source\ebb.c
                   __pa_2   0x007caa    program     static D:\Projects\EggBot1-GH\EBB_firmware\Microchip\USB\usb_device.c
                   __pa_2   0x008ce2    program     static D:\Projects\EggBot1-GH\EBB_firmware\app.X\source\ebb_print.c
                   __pa_2   0x008722    program     static D:\Projects\EggBot1-GH\EBB_firmware\app.X\source\RCServo2.c
                   __pa_2   0x006c9c    program     static D:\Projects\EggBot1-GH\EBB_firmware\app.X\source\UBW.c
                  __pa_20   0x003b90    program     static D:\Projects\EggBot1-GH\EBB_firmware\app.X\source\ebb.c
                  __pa_20   0x006d54    program     static D:\Projects\EggBot1-GH\EBB_firmware\app.X\source\UBW.c
                  __pa_20   0x007d8e    program     static D:\Projects\EggBot1-GH\EBB_firmware\Microchip\USB\usb_device.c
                 __pa_200   0x004648    program     static D:\Projects\EggBot1-GH\EBB_firmware\app.X\source\ebb.c
                 __pa_201   0x00464e    program     static D:\Projects\EggBot1-GH\EBB_firmware\app.X\source\ebb.c
                 __pa_202   0x00465c    program     static D:\Projects\EggBot1-GH\EBB_firmware\app.X\source\ebb.c
                 __pa_203   0x004680    program     static D:\Projects\EggBot1-GH\EBB_firmware\app.X\source\ebb.c
                 __pa_204   0x004694    program     static D:\Projects\EggBot1-GH\EBB_firmware\app.X\source\ebb.c
                 __pa_205   0x0046a4    program     static D:\Projects\EggBot1-GH\EBB_firmware\app.X\source\ebb.c
                 __pa_206   0x0046be    program     static D:\Projects\EggBot1-GH\EBB_firmware\app.X\source\ebb.c
                 __pa_207   0x0046ca    program     static D:\Projects\EggBot1-GH\EBB_firmware\app.X\source\ebb.c
                 __pa_208   0x0046e2    program     static D:\Projects\EggBot1-GH\EBB_firmware\app.X\source\ebb.c
                 __pa_209   0x0046ee    program     static D:\Projects\EggBot1-GH\EBB_firmware\app.X\source\ebb.c
                  __pa_21   0x007d9a    program     static D:\Projects\EggBot1-GH\EBB_firmware\Microchip\USB\usb_device.c
                  __pa_21   0x006d68    program     static D:\Projects\EggBot1-GH\EBB_firmware\app.X\source\UBW.c
                  __pa_21   0x003b96    program     static D:\Projects\EggBot1-GH\EBB_firmware\app.X\source\ebb.c
                 __pa_210   0x0046f6    program     static D:\Projects\EggBot1-GH\EBB_firmware\app.X\source\ebb.c
                 __pa_211   0x004704    program     static D:\Projects\EggBot1-GH\EBB_firmware\app.X\source\ebb.c
                 __pa_212   0x00470c    program     static D:\Projects\EggBot1-GH\EBB_firmware\app.X\source\ebb.c
                 __pa_213   0x004714    program     static D:\Projects\EggBot1-GH\EBB_firmware\app.X\source\ebb.c
                 __pa_214   0x00471c    program     static D:\Projects\EggBot1-GH\EBB_firmware\app.X\source\ebb.c
                 __pa_215   0x004722    program     static D:\Projects\EggBot1-GH\EBB_firmware\app.X\source\ebb.c
                 __pa_216   0x004730    program     static D:\Projects\EggBot1-GH\EBB_firmware\app.X\source\ebb.c
                 __pa_217   0x004738    program     static D:\Projects\EggBot1-GH\EBB_firmware\app.X\source\ebb.c
                 __pa_218   0x004740    program     static D:\Projects\EggBot1-GH\EBB_firmware\app.X\source\ebb.c
                 __pa_219   0x00474c    program     static D:\Projects\EggBot1-GH\EBB_firmware\app.X\source\ebb.c
                  __pa_22   0x007daa    program     static D:\Projects\EggBot1-GH\EBB_firmware\Microchip\USB\usb_device.c
                  __pa_22   0x003baa    program     static D:\Projects\EggBot1-GH\EBB_firmware\app.X\source\ebb.c
                  __pa_22   0x006d74    program     static D:\Projects\EggBot1-GH\EBB_firmware\app.X\source\UBW.c
                 __pa_220   0x004754    program     static D:\Projects\EggBot1-GH\EBB_firmware\app.X\source\ebb.c
                 __pa_221   0x00475e    program     static D:\Projects\EggBot1-GH\EBB_firmware\app.X\source\ebb.c
                 __pa_222   0x00476a    program     static D:\Projects\EggBot1-GH\EBB_firmware\app.X\source\ebb.c
                 __pa_223   0x004774    program     static D:\Projects\EggBot1-GH\EBB_firmware\app.X\source\ebb.c
                 __pa_224   0x00477c    program     static D:\Projects\EggBot1-GH\EBB_firmware\app.X\source\ebb.c
                 __pa_225   0x004782    program     static D:\Projects\EggBot1-GH\EBB_firmware\app.X\source\ebb.c
                 __pa_226   0x00478a    program     static D:\Projects\EggBot1-GH\EBB_firmware\app.X\source\ebb.c
                 __pa_227   0x004792    program     static D:\Projects\EggBot1-GH\EBB_firmware\app.X\source\ebb.c
                 __pa_228   0x0047a2    program     static D:\Projects\EggBot1-GH\EBB_firmware\app.X\source\ebb.c
                 __pa_229   0x0047ae    program     static D:\Projects\EggBot1-GH\EBB_firmware\app.X\source\ebb.c
                  __pa_23   0x006d7e    program     static D:\Projects\EggBot1-GH\EBB_firmware\app.X\source\UBW.c
                  __pa_23   0x007db8    program     static D:\Projects\EggBot1-GH\EBB_firmware\Microchip\USB\usb_device.c
                  __pa_23   0x003bbe    program     static D:\Projects\EggBot1-GH\EBB_firmware\app.X\source\ebb.c
                 __pa_230   0x0047b8    program     static D:\Projects\EggBot1-GH\EBB_firmware\app.X\source\ebb.c
                 __pa_231   0x0047be    program     static D:\Projects\EggBot1-GH\EBB_firmware\app.X\source\ebb.c
                  __pa_24   0x003bc8    program     static D:\Projects\EggBot1-GH\EBB_firmware\app.X\source\ebb.c
                  __pa_24   0x006d8c    program     static D:\Projects\EggBot1-GH\EBB_firmware\app.X\source\UBW.c
                  __pa_24   0x007dc6    program     static D:\Projects\EggBot1-GH\EBB_firmware\Microchip\USB\usb_device.c
                  __pa_25   0x006d9e    program     static D:\Projects\EggBot1-GH\EBB_firmware\app.X\source\UBW.c
                  __pa_25   0x003bd4    program     static D:\Projects\EggBot1-GH\EBB_firmware\app.X\source\ebb.c
                  __pa_25   0x007dd4    program     static D:\Projects\EggBot1-GH\EBB_firmware\Microchip\USB\usb_device.c
                  __pa_26   0x003be2    program     static D:\Projects\EggBot1-GH\EBB_firmware\app.X\source\ebb.c
                  __pa_26   0x007de2    program     static D:\Projects\EggBot1-GH\EBB_firmware\Microchip\USB\usb_device.c
                  __pa_26   0x006da6    program     static D:\Projects\EggBot1-GH\EBB_firmware\app.X\source\UBW.c
                  __pa_27   0x006db2    program     static D:\Projects\EggBot1-GH\EBB_firmware\app.X\source\UBW.c
                  __pa_27   0x003c0c    program     static D:\Projects\EggBot1-GH\EBB_firmware\app.X\source\ebb.c
                  __pa_27   0x007dec    program     static D:\Projects\EggBot1-GH\EBB_firmware\Microchip\USB\usb_device.c
                  __pa_28   0x006dd4    program     static D:\Projects\EggBot1-GH\EBB_firmware\app.X\source\UBW.c
                  __pa_28   0x003c1e    program     static D:\Projects\EggBot1-GH\EBB_firmware\app.X\source\ebb.c
                  __pa_28   0x007e04    program     static D:\Projects\EggBot1-GH\EBB_firmware\Microchip\USB\usb_device.c
                  __pa_29   0x006de2    program     static D:\Projects\EggBot1-GH\EBB_firmware\app.X\source\UBW.c
                  __pa_29   0x003c2a    program     static D:\Projects\EggBot1-GH\EBB_firmware\app.X\source\ebb.c
                  __pa_29   0x007e10    program     static D:\Projects\EggBot1-GH\EBB_firmware\Microchip\USB\usb_device.c
                   __pa_3   0x008d00    program     static D:\Projects\EggBot1-GH\EBB_firmware\app.X\source\ebb_print.c
                   __pa_3   0x008732    program     static D:\Projects\EggBot1-GH\EBB_firmware\app.X\source\RCServo2.c
                   __pa_3   0x007cb2    program     static D:\Projects\EggBot1-GH\EBB_firmware\Microchip\USB\usb_device.c
                   __pa_3   0x006ca4    program     static D:\Projects\EggBot1-GH\EBB_firmware\app.X\source\UBW.c
                   __pa_3   0x008ade    program     static D:\Projects\EggBot1-GH\EBB_firmware\Microchip\USB\CDC Device Driver\usb_function_cdc.c
                   __pa_3   0x00395c    program     static D:\Projects\EggBot1-GH\EBB_firmware\app.X\source\ebb.c
                  __pa_30   0x007e18    program     static D:\Projects\EggBot1-GH\EBB_firmware\Microchip\USB\usb_device.c
                  __pa_30   0x003c40    program     static D:\Projects\EggBot1-GH\EBB_firmware\app.X\source\ebb.c
                  __pa_30   0x006df0    program     static D:\Projects\EggBot1-GH\EBB_firmware\app.X\source\UBW.c
                  __pa_31   0x007e2c    program     static D:\Projects\EggBot1-GH\EBB_firmware\Microchip\USB\usb_device.c
                  __pa_31   0x006e12    program     static D:\Projects\EggBot1-GH\EBB_firmware\app.X\source\UBW.c
                  __pa_31   0x003c56    program     static D:\Projects\EggBot1-GH\EBB_firmware\app.X\source\ebb.c
                  __pa_32   0x007e3e    program     static D:\Projects\EggBot1-GH\EBB_firmware\Microchip\USB\usb_device.c
                  __pa_32   0x006e1c    program     static D:\Projects\EggBot1-GH\EBB_firmware\app.X\source\UBW.c
                  __pa_32   0x003c68    program     static D:\Projects\EggBot1-GH\EBB_firmware\app.X\source\ebb.c
                  __pa_33   0x006e22    program     static D:\Projects\EggBot1-GH\EBB_firmware\app.X\source\UBW.c
                  __pa_33   0x007e4c    program     static D:\Projects\EggBot1-GH\EBB_firmware\Microchip\USB\usb_device.c
                  __pa_33   0x003c7a    program     static D:\Projects\EggBot1-GH\EBB_firmware\app.X\source\ebb.c
                  __pa_34   0x006e30    program     static D:\Projects\EggBot1-GH\EBB_firmware\app.X\source\UBW.c
                  __pa_34   0x007e56    program     static D:\Projects\EggBot1-GH\EBB_firmware\Microchip\USB\usb_device.c
                  __pa_34   0x003c82    program     static D:\Projects\EggBot1-GH\EBB_firmware\app.X\source\ebb.c
                  __pa_35   0x003c8a    program     static D:\Projects\EggBot1-GH\EBB_firmware\app.X\source\ebb.c
                  __pa_35   0x006e36    program     static D:\Projects\EggBot1-GH\EBB_firmware\app.X\source\UBW.c
                  __pa_35   0x007e60    program     static D:\Projects\EggBot1-GH\EBB_firmware\Microchip\USB\usb_device.c
                  __pa_36   0x003c98    program     static D:\Projects\EggBot1-GH\EBB_firmware\app.X\source\ebb.c
                  __pa_36   0x006e52    program     static D:\Projects\EggBot1-GH\EBB_firmware\app.X\source\UBW.c
                  __pa_36   0x007e66    program     static D:\Projects\EggBot1-GH\EBB_firmware\Microchip\USB\usb_device.c
                  __pa_37   0x006e5c    program     static D:\Projects\EggBot1-GH\EBB_firmware\app.X\source\UBW.c
                  __pa_37   0x007e6e    program     static D:\Projects\EggBot1-GH\EBB_firmware\Microchip\USB\usb_device.c
                  __pa_37   0x003ca6    program     static D:\Projects\EggBot1-GH\EBB_firmware\app.X\source\ebb.c
                  __pa_38   0x007e74    program     static D:\Projects\EggBot1-GH\EBB_firmware\Microchip\USB\usb_device.c
                  __pa_38   0x003cca    program     static D:\Projects\EggBot1-GH\EBB_firmware\app.X\source\ebb.c
                  __pa_38   0x006e66    program     static D:\Projects\EggBot1-GH\EBB_firmware\app.X\source\UBW.c
                  __pa_39   0x007e82    program     static D:\Projects\EggBot1-GH\EBB_firmware\Microchip\USB\usb_device.c
                  __pa_39   0x003cee    program     static D:\Projects\EggBot1-GH\EBB_firmware\app.X\source\ebb.c
                  __pa_39   0x006e70    program     static D:\Projects\EggBot1-GH\EBB_firmware\app.X\source\UBW.c
                   __pa_4   0x008af8    program     static D:\Projects\EggBot1-GH\EBB_firmware\Microchip\USB\CDC Device Driver\usb_function_cdc.c
                   __pa_4   0x00873e    program     static D:\Projects\EggBot1-GH\EBB_firmware\app.X\source\RCServo2.c
                   __pa_4   0x006caa    program     static D:\Projects\EggBot1-GH\EBB_firmware\app.X\source\UBW.c
                   __pa_4   0x00399a    program     static D:\Projects\EggBot1-GH\EBB_firmware\app.X\source\ebb.c
                   __pa_4   0x007cbc    program     static D:\Projects\EggBot1-GH\EBB_firmware\Microchip\USB\usb_device.c
                   __pa_4   0x008d18    program     static D:\Projects\EggBot1-GH\EBB_firmware\app.X\source\ebb_print.c
                  __pa_40   0x007e90    program     static D:\Projects\EggBot1-GH\EBB_firmware\Microchip\USB\usb_device.c
                  __pa_40   0x006e7a    program     static D:\Projects\EggBot1-GH\EBB_firmware\app.X\source\UBW.c
                  __pa_40   0x003d02    program     static D:\Projects\EggBot1-GH\EBB_firmware\app.X\source\ebb.c
                  __pa_41   0x007e9e    program     static D:\Projects\EggBot1-GH\EBB_firmware\Microchip\USB\usb_device.c
                  __pa_41   0x006e84    program     static D:\Projects\EggBot1-GH\EBB_firmware\app.X\source\UBW.c
                  __pa_41   0x003d14    program     static D:\Projects\EggBot1-GH\EBB_firmware\app.X\source\ebb.c
                  __pa_42   0x007ea8    program     static D:\Projects\EggBot1-GH\EBB_firmware\Microchip\USB\usb_device.c
                  __pa_42   0x003d26    program     static D:\Projects\EggBot1-GH\EBB_firmware\app.X\source\ebb.c
                  __pa_42   0x006e9c    program     static D:\Projects\EggBot1-GH\EBB_firmware\app.X\source\UBW.c
                  __pa_43   0x003d32    program     static D:\Projects\EggBot1-GH\EBB_firmware\app.X\source\ebb.c
                  __pa_43   0x006ea4    program     static D:\Projects\EggBot1-GH\EBB_firmware\app.X\source\UBW.c
                  __pa_43   0x007eb2    program     static D:\Projects\EggBot1-GH\EBB_firmware\Microchip\USB\usb_device.c
                  __pa_44   0x003d4e    program     static D:\Projects\EggBot1-GH\EBB_firmware\app.X\source\ebb.c
                  __pa_44   0x006eaa    program     static D:\Projects\EggBot1-GH\EBB_firmware\app.X\source\UBW.c
                  __pa_44   0x007eba    program     static D:\Projects\EggBot1-GH\EBB_firmware\Microchip\USB\usb_device.c
                  __pa_45   0x003d58    program     static D:\Projects\EggBot1-GH\EBB_firmware\app.X\source\ebb.c
                  __pa_45   0x007ec6    program     static D:\Projects\EggBot1-GH\EBB_firmware\Microchip\USB\usb_device.c
                  __pa_45   0x006eb4    program     static D:\Projects\EggBot1-GH\EBB_firmware\app.X\source\UBW.c
                  __pa_46   0x003d66    program     static D:\Projects\EggBot1-GH\EBB_firmware\app.X\source\ebb.c
                  __pa_46   0x007ed0    program     static D:\Projects\EggBot1-GH\EBB_firmware\Microchip\USB\usb_device.c
                  __pa_46   0x006ec0    program     static D:\Projects\EggBot1-GH\EBB_firmware\app.X\source\UBW.c
                  __pa_47   0x006ecc    program     static D:\Projects\EggBot1-GH\EBB_firmware\app.X\source\UBW.c
                  __pa_47   0x003d84    program     static D:\Projects\EggBot1-GH\EBB_firmware\app.X\source\ebb.c
                  __pa_48   0x006ed6    program     static D:\Projects\EggBot1-GH\EBB_firmware\app.X\source\UBW.c
                  __pa_48   0x003d94    program     static D:\Projects\EggBot1-GH\EBB_firmware\app.X\source\ebb.c
                  __pa_49   0x003da4    program     static D:\Projects\EggBot1-GH\EBB_firmware\app.X\source\ebb.c
                  __pa_49   0x006ee4    program     static D:\Projects\EggBot1-GH\EBB_firmware\app.X\source\UBW.c
                   __pa_5   0x008d22    program     static D:\Projects\EggBot1-GH\EBB_firmware\app.X\source\ebb_print.c
                   __pa_5   0x007cc6    program     static D:\Projects\EggBot1-GH\EBB_firmware\Microchip\USB\usb_device.c
                   __pa_5   0x008748    program     static D:\Projects\EggBot1-GH\EBB_firmware\app.X\source\RCServo2.c
                   __pa_5   0x0039c4    program     static D:\Projects\EggBot1-GH\EBB_firmware\app.X\source\ebb.c
                   __pa_5   0x008b02    program     static D:\Projects\EggBot1-GH\EBB_firmware\Microchip\USB\CDC Device Driver\usb_function_cdc.c
                   __pa_5   0x006cb2    program     static D:\Projects\EggBot1-GH\EBB_firmware\app.X\source\UBW.c
                  __pa_50   0x006ef2    program     static D:\Projects\EggBot1-GH\EBB_firmware\app.X\source\UBW.c
                  __pa_50   0x003db0    program     static D:\Projects\EggBot1-GH\EBB_firmware\app.X\source\ebb.c
                  __pa_51   0x006f00    program     static D:\Projects\EggBot1-GH\EBB_firmware\app.X\source\UBW.c
                  __pa_51   0x003dbc    program     static D:\Projects\EggBot1-GH\EBB_firmware\app.X\source\ebb.c
                  __pa_52   0x006f0e    program     static D:\Projects\EggBot1-GH\EBB_firmware\app.X\source\UBW.c
                  __pa_52   0x003dde    program     static D:\Projects\EggBot1-GH\EBB_firmware\app.X\source\ebb.c
                  __pa_53   0x006f1c    program     static D:\Projects\EggBot1-GH\EBB_firmware\app.X\source\UBW.c
                  __pa_53   0x003de6    program     static D:\Projects\EggBot1-GH\EBB_firmware\app.X\source\ebb.c
                  __pa_54   0x006f2a    program     static D:\Projects\EggBot1-GH\EBB_firmware\app.X\source\UBW.c
                  __pa_54   0x003dfc    program     static D:\Projects\EggBot1-GH\EBB_firmware\app.X\source\ebb.c
                  __pa_55   0x003e1c    program     static D:\Projects\EggBot1-GH\EBB_firmware\app.X\source\ebb.c
                  __pa_55   0x006f34    program     static D:\Projects\EggBot1-GH\EBB_firmware\app.X\source\UBW.c
                  __pa_56   0x003e2e    program     static D:\Projects\EggBot1-GH\EBB_firmware\app.X\source\ebb.c
                  __pa_56   0x006f3e    program     static D:\Projects\EggBot1-GH\EBB_firmware\app.X\source\UBW.c
                  __pa_57   0x003e40    program     static D:\Projects\EggBot1-GH\EBB_firmware\app.X\source\ebb.c
                  __pa_57   0x006f48    program     static D:\Projects\EggBot1-GH\EBB_firmware\app.X\source\UBW.c
                  __pa_58   0x003e4c    program     static D:\Projects\EggBot1-GH\EBB_firmware\app.X\source\ebb.c
                  __pa_58   0x006f50    program     static D:\Projects\EggBot1-GH\EBB_firmware\app.X\source\UBW.c
                  __pa_59   0x006f58    program     static D:\Projects\EggBot1-GH\EBB_firmware\app.X\source\UBW.c
                  __pa_59   0x003e5e    program     static D:\Projects\EggBot1-GH\EBB_firmware\app.X\source\ebb.c
                   __pa_6   0x008b0a    program     static D:\Projects\EggBot1-GH\EBB_firmware\Microchip\USB\CDC Device Driver\usb_function_cdc.c
                   __pa_6   0x008d2e    program     static D:\Projects\EggBot1-GH\EBB_firmware\app.X\source\ebb_print.c
                   __pa_6   0x006cba    program     static D:\Projects\EggBot1-GH\EBB_firmware\app.X\source\UBW.c
                   __pa_6   0x008754    program     static D:\Projects\EggBot1-GH\EBB_firmware\app.X\source\RCServo2.c
                   __pa_6   0x003a8e    program     static D:\Projects\EggBot1-GH\EBB_firmware\app.X\source\ebb.c
                   __pa_6   0x007cd0    program     static D:\Projects\EggBot1-GH\EBB_firmware\Microchip\USB\usb_device.c
                  __pa_60   0x006f66    program     static D:\Projects\EggBot1-GH\EBB_firmware\app.X\source\UBW.c
                  __pa_60   0x003e70    program     static D:\Projects\EggBot1-GH\EBB_firmware\app.X\source\ebb.c
                  __pa_61   0x006f70    program     static D:\Projects\EggBot1-GH\EBB_firmware\app.X\source\UBW.c
                  __pa_61   0x003e82    program     static D:\Projects\EggBot1-GH\EBB_firmware\app.X\source\ebb.c
                  __pa_62   0x006f76    program     static D:\Projects\EggBot1-GH\EBB_firmware\app.X\source\UBW.c
                  __pa_62   0x003e94    program     static D:\Projects\EggBot1-GH\EBB_firmware\app.X\source\ebb.c
                  __pa_63   0x006f7c    program     static D:\Projects\EggBot1-GH\EBB_firmware\app.X\source\UBW.c
                  __pa_63   0x003ea6    program     static D:\Projects\EggBot1-GH\EBB_firmware\app.X\source\ebb.c
                  __pa_64   0x006f96    program     static D:\Projects\EggBot1-GH\EBB_firmware\app.X\source\UBW.c
                  __pa_64   0x003eb2    program     static D:\Projects\EggBot1-GH\EBB_firmware\app.X\source\ebb.c
                  __pa_65   0x006fa0    program     static D:\Projects\EggBot1-GH\EBB_firmware\app.X\source\UBW.c
                  __pa_65   0x003eb6    program     static D:\Projects\EggBot1-GH\EBB_firmware\app.X\source\ebb.c
                  __pa_66   0x006fa8    program     static D:\Projects\EggBot1-GH\EBB_firmware\app.X\source\UBW.c
                  __pa_66   0x003ebc    program     static D:\Projects\EggBot1-GH\EBB_firmware\app.X\source\ebb.c
                  __pa_67   0x006fae    program     static D:\Projects\EggBot1-GH\EBB_firmware\app.X\source\UBW.c
                  __pa_67   0x003ed6    program     static D:\Projects\EggBot1-GH\EBB_firmware\app.X\source\ebb.c
                  __pa_68   0x006fb8    program     static D:\Projects\EggBot1-GH\EBB_firmware\app.X\source\UBW.c
                  __pa_68   0x003eee    program     static D:\Projects\EggBot1-GH\EBB_firmware\app.X\source\ebb.c
                  __pa_69   0x006fc4    program     static D:\Projects\EggBot1-GH\EBB_firmware\app.X\source\UBW.c
                  __pa_69   0x003f06    program     static D:\Projects\EggBot1-GH\EBB_firmware\app.X\source\ebb.c
                   __pa_7   0x008b18    program     static D:\Projects\EggBot1-GH\EBB_firmware\Microchip\USB\CDC Device Driver\usb_function_cdc.c
                   __pa_7   0x007cd8    program     static D:\Projects\EggBot1-GH\EBB_firmware\Microchip\USB\usb_device.c
                   __pa_7   0x00875e    program     static D:\Projects\EggBot1-GH\EBB_firmware\app.X\source\RCServo2.c
                   __pa_7   0x006cc8    program     static D:\Projects\EggBot1-GH\EBB_firmware\app.X\source\UBW.c
                   __pa_7   0x008d3e    program     static D:\Projects\EggBot1-GH\EBB_firmware\app.X\source\ebb_print.c
                   __pa_7   0x003a9c    program     static D:\Projects\EggBot1-GH\EBB_firmware\app.X\source\ebb.c
                  __pa_70   0x006fce    program     static D:\Projects\EggBot1-GH\EBB_firmware\app.X\source\UBW.c
                  __pa_70   0x003f12    program     static D:\Projects\EggBot1-GH\EBB_firmware\app.X\source\ebb.c
                  __pa_71   0x006fe4    program     static D:\Projects\EggBot1-GH\EBB_firmware\app.X\source\UBW.c
                  __pa_71   0x003f28    program     static D:\Projects\EggBot1-GH\EBB_firmware\app.X\source\ebb.c
                  __pa_72   0x006ff2    program     static D:\Projects\EggBot1-GH\EBB_firmware\app.X\source\UBW.c
                  __pa_72   0x003f2e    program     static D:\Projects\EggBot1-GH\EBB_firmware\app.X\source\ebb.c
                  __pa_73   0x003f44    program     static D:\Projects\EggBot1-GH\EBB_firmware\app.X\source\ebb.c
                  __pa_73   0x007004    program     static D:\Projects\EggBot1-GH\EBB_firmware\app.X\source\UBW.c
                  __pa_74   0x003f5a    program     static D:\Projects\EggBot1-GH\EBB_firmware\app.X\source\ebb.c
                  __pa_74   0x00700a    program     static D:\Projects\EggBot1-GH\EBB_firmware\app.X\source\UBW.c
                  __pa_75   0x00701a    program     static D:\Projects\EggBot1-GH\EBB_firmware\app.X\source\UBW.c
                  __pa_75   0x003f62    program     static D:\Projects\EggBot1-GH\EBB_firmware\app.X\source\ebb.c
                  __pa_76   0x00702a    program     static D:\Projects\EggBot1-GH\EBB_firmware\app.X\source\UBW.c
                  __pa_76   0x003f70    program     static D:\Projects\EggBot1-GH\EBB_firmware\app.X\source\ebb.c
                  __pa_77   0x007034    program     static D:\Projects\EggBot1-GH\EBB_firmware\app.X\source\UBW.c
                  __pa_77   0x003f7e    program     static D:\Projects\EggBot1-GH\EBB_firmware\app.X\source\ebb.c
                  __pa_78   0x00703e    program     static D:\Projects\EggBot1-GH\EBB_firmware\app.X\source\UBW.c
                  __pa_78   0x003f88    program     static D:\Projects\EggBot1-GH\EBB_firmware\app.X\source\ebb.c
                  __pa_79   0x007046    program     static D:\Projects\EggBot1-GH\EBB_firmware\app.X\source\UBW.c
                  __pa_79   0x003f92    program     static D:\Projects\EggBot1-GH\EBB_firmware\app.X\source\ebb.c
                   __pa_8   0x008766    program     static D:\Projects\EggBot1-GH\EBB_firmware\app.X\source\RCServo2.c
                   __pa_8   0x008b26    program     static D:\Projects\EggBot1-GH\EBB_firmware\Microchip\USB\CDC Device Driver\usb_function_cdc.c
                   __pa_8   0x003ac2    program     static D:\Projects\EggBot1-GH\EBB_firmware\app.X\source\ebb.c
                   __pa_8   0x006cd2    program     static D:\Projects\EggBot1-GH\EBB_firmware\app.X\source\UBW.c
                   __pa_8   0x007ce8    program     static D:\Projects\EggBot1-GH\EBB_firmware\Microchip\USB\usb_device.c
                   __pa_8   0x008d4c    program     static D:\Projects\EggBot1-GH\EBB_firmware\app.X\source\ebb_print.c
                  __pa_80   0x003f9c    program     static D:\Projects\EggBot1-GH\EBB_firmware\app.X\source\ebb.c
                  __pa_80   0x00704c    program     static D:\Projects\EggBot1-GH\EBB_firmware\app.X\source\UBW.c
                  __pa_81   0x007058    program     static D:\Projects\EggBot1-GH\EBB_firmware\app.X\source\UBW.c
                  __pa_81   0x003fa6    program     static D:\Projects\EggBot1-GH\EBB_firmware\app.X\source\ebb.c
                  __pa_82   0x007066    program     static D:\Projects\EggBot1-GH\EBB_firmware\app.X\source\UBW.c
                  __pa_82   0x003fb0    program     static D:\Projects\EggBot1-GH\EBB_firmware\app.X\source\ebb.c
                  __pa_83   0x007074    program     static D:\Projects\EggBot1-GH\EBB_firmware\app.X\source\UBW.c
                  __pa_83   0x003fc4    program     static D:\Projects\EggBot1-GH\EBB_firmware\app.X\source\ebb.c
                  __pa_84   0x003fd6    program     static D:\Projects\EggBot1-GH\EBB_firmware\app.X\source\ebb.c
                  __pa_84   0x007080    program     static D:\Projects\EggBot1-GH\EBB_firmware\app.X\source\UBW.c
                  __pa_85   0x00708e    program     static D:\Projects\EggBot1-GH\EBB_firmware\app.X\source\UBW.c
                  __pa_85   0x003fe8    program     static D:\Projects\EggBot1-GH\EBB_firmware\app.X\source\ebb.c
                  __pa_86   0x00709a    program     static D:\Projects\EggBot1-GH\EBB_firmware\app.X\source\UBW.c
                  __pa_86   0x003ffa    program     static D:\Projects\EggBot1-GH\EBB_firmware\app.X\source\ebb.c
                  __pa_87   0x0070a4    program     static D:\Projects\EggBot1-GH\EBB_firmware\app.X\source\UBW.c
                  __pa_87   0x00400c    program     static D:\Projects\EggBot1-GH\EBB_firmware\app.X\source\ebb.c
                  __pa_88   0x0070b2    program     static D:\Projects\EggBot1-GH\EBB_firmware\app.X\source\UBW.c
                  __pa_88   0x00401e    program     static D:\Projects\EggBot1-GH\EBB_firmware\app.X\source\ebb.c
                  __pa_89   0x0070be    program     static D:\Projects\EggBot1-GH\EBB_firmware\app.X\source\UBW.c
                  __pa_89   0x004030    program     static D:\Projects\EggBot1-GH\EBB_firmware\app.X\source\ebb.c
                   __pa_9   0x003ae0    program     static D:\Projects\EggBot1-GH\EBB_firmware\app.X\source\ebb.c
                   __pa_9   0x007cf2    program     static D:\Projects\EggBot1-GH\EBB_firmware\Microchip\USB\usb_device.c
                   __pa_9   0x008d56    program     static D:\Projects\EggBot1-GH\EBB_firmware\app.X\source\ebb_print.c
                   __pa_9   0x00876e    program     static D:\Projects\EggBot1-GH\EBB_firmware\app.X\source\RCServo2.c
                   __pa_9   0x006cda    program     static D:\Projects\EggBot1-GH\EBB_firmware\app.X\source\UBW.c
                   __pa_9   0x008b30    program     static D:\Projects\EggBot1-GH\EBB_firmware\Microchip\USB\CDC Device Driver\usb_function_cdc.c
                  __pa_90   0x0070ca    program     static D:\Projects\EggBot1-GH\EBB_firmware\app.X\source\UBW.c
                  __pa_90   0x004042    program     static D:\Projects\EggBot1-GH\EBB_firmware\app.X\source\ebb.c
                  __pa_91   0x0070d4    program     static D:\Projects\EggBot1-GH\EBB_firmware\app.X\source\UBW.c
                  __pa_91   0x004054    program     static D:\Projects\EggBot1-GH\EBB_firmware\app.X\source\ebb.c
                  __pa_92   0x0070de    program     static D:\Projects\EggBot1-GH\EBB_firmware\app.X\source\UBW.c
                  __pa_92   0x004066    program     static D:\Projects\EggBot1-GH\EBB_firmware\app.X\source\ebb.c
                  __pa_93   0x004078    program     static D:\Projects\EggBot1-GH\EBB_firmware\app.X\source\ebb.c
                  __pa_93   0x0070e8    program     static D:\Projects\EggBot1-GH\EBB_firmware\app.X\source\UBW.c
                  __pa_94   0x00408a    program     static D:\Projects\EggBot1-GH\EBB_firmware\app.X\source\ebb.c
                  __pa_94   0x0070f0    program     static D:\Projects\EggBot1-GH\EBB_firmware\app.X\source\UBW.c
                  __pa_95   0x00409c    program     static D:\Projects\EggBot1-GH\EBB_firmware\app.X\source\ebb.c
                  __pa_95   0x0070f8    program     static D:\Projects\EggBot1-GH\EBB_firmware\app.X\source\UBW.c
                  __pa_96   0x0040ae    program     static D:\Projects\EggBot1-GH\EBB_firmware\app.X\source\ebb.c
                  __pa_96   0x007100    program     static D:\Projects\EggBot1-GH\EBB_firmware\app.X\source\UBW.c
[...]
                   EECON2   0x000fa7       data     extern E:\3.46\pic18-lt\cxx-framework\src\traditional\proc\p18f46j50.asm
                   TXSTA2   0x000fa8       data     extern E:\3.46\pic18-lt\cxx-framework\src\traditional\proc\p18f46j50.asm
               TXSTA2bits   0x000fa8       data     extern E:\3.46\pic18-lt\cxx-framework\src\traditional\proc\p18f46j50.asm
                   TXREG2   0x000fa9       data     extern E:\3.46\pic18-lt\cxx-framework\src\traditional\proc\p18f46j50.asm
                   RCREG2   0x000faa       data     extern E:\3.46\pic18-lt\cxx-framework\src\traditional\proc\p18f46j50.asm
                   SPBRG2   0x000fab       data     extern E:\3.46\pic18-lt\cxx-framework\src\traditional\proc\p18f46j50.asm
                RCSTAbits   0x000fac       data     extern E:\3.46\pic18-lt\cxx-framework\src\traditional\proc\p18f46j50.asm
               RCSTA1bits   0x000fac       data     extern E:\3.46\pic18-lt\cxx-framework\src\traditional\proc\p18f46j50.asm
                   RCSTA1   0x000fac       data     extern E:\3.46\pic18-lt\cxx-framework\src\traditional\proc\p18f46j50.asm
                    RCSTA   0x000fac       data     extern E:\3.46\pic18-lt\cxx-framework\src\traditional\proc\p18f46j50.asm
                    TXSTA   0x000fad       data     extern E:\3.46\pic18-lt\cxx-framework\src\traditional\proc\p18f46j50.asm
                   TXSTA1   0x000fad       data     extern E:\3.46\pic18-lt\cxx-framework\src\traditional\proc\p18f46j50.asm
               TXSTA1bits   0x000fad       data     extern E:\3.46\pic18-lt\cxx-framework\src\traditional\proc\p18f46j50.asm
                TXSTAbits   0x000fad       data     extern E:\3.46\pic18-lt\cxx-framework\src\traditional\proc\p18f46j50.asm
                    TXREG   0x000fae       data     extern E:\3.46\pic18-lt\cxx-framework\src\traditional\proc\p18f46j50.asm
                   TXREG1   0x000fae       data     extern E:\3.46\pic18-lt\cxx-framework\src\traditional\proc\p18f46j50.asm
                    RCREG   0x000faf       data     extern E:\3.46\pic18-lt\cxx-framework\src\traditional\proc\p18f46j50.asm
                   RCREG1   0x000faf       data     extern E:\3.46\pic18-lt\cxx-framework\src\traditional\proc\p18f46j50.asm
                    SPBRG   0x000fb0       data     extern E:\3.46\pic18-lt\cxx-framework\src\traditional\proc\p18f46j50.asm
                   SPBRG1   0x000fb0       data     extern E:\3.46\pic18-lt\cxx-framework\src\traditional\proc\p18f46j50.asm
                 CTMUICON   0x000fb1       data     extern E:\3.46\pic18-lt\cxx-framework\src\traditional\proc\p18f46j50.asm
             CTMUICONbits   0x000fb1       data     extern E:\3.46\pic18-lt\cxx-framework\src\traditional\proc\p18f46j50.asm
             CTMUCONLbits   0x000fb2       data     extern E:\3.46\pic18-lt\cxx-framework\src\traditional\proc\p18f46j50.asm
                 CTMUCONL   0x000fb2       data     extern E:\3.46\pic18-lt\cxx-framework\src\traditional\proc\p18f46j50.asm
             CTMUCONHbits   0x000fb3       data     extern E:\3.46\pic18-lt\cxx-framework\src\traditional\proc\p18f46j50.asm
                 CTMUCONH   0x000fb3       data     extern E:\3.46\pic18-lt\cxx-framework\src\traditional\proc\p18f46j50.asm
                  CCP2CON   0x000fb4       data     extern E:\3.46\pic18-lt\cxx-framework\src\traditional\proc\p18f46j50.asm
                 ECCP2CON   0x000fb4       data     extern E:\3.46\pic18-lt\cxx-framework\src\traditional\proc\p18f46j50.asm
              CCP2CONbits   0x000fb4       data     extern E:\3.46\pic18-lt\cxx-framework\src\traditional\proc\p18f46j50.asm
             ECCP2CONbits   0x000fb4       data     extern E:\3.46\pic18-lt\cxx-framework\src\traditional\proc\p18f46j50.asm
                   CCPR2L   0x000fb5       data     extern E:\3.46\pic18-lt\cxx-framework\src\traditional\proc\p18f46j50.asm
                    CCPR2   0x000fb5       data     extern E:\3.46\pic18-lt\cxx-framework\src\traditional\proc\p18f46j50.asm
                   CCPR2H   0x000fb6       data     extern E:\3.46\pic18-lt\cxx-framework\src\traditional\proc\p18f46j50.asm
                 ECCP2DEL   0x000fb7       data     extern E:\3.46\pic18-lt\cxx-framework\src\traditional\proc\p18f46j50.asm
             ECCP2DELbits   0x000fb7       data     extern E:\3.46\pic18-lt\cxx-framework\src\traditional\proc\p18f46j50.asm
                  PWM2CON   0x000fb7       data     extern E:\3.46\pic18-lt\cxx-framework\src\traditional\proc\p18f46j50.asm
              PWM2CONbits   0x000fb7       data     extern E:\3.46\pic18-lt\cxx-framework\src\traditional\proc\p18f46j50.asm
              ECCP2ASbits   0x000fb8       data     extern E:\3.46\pic18-lt\cxx-framework\src\traditional\proc\p18f46j50.asm
                  ECCP2AS   0x000fb8       data     extern E:\3.46\pic18-lt\cxx-framework\src\traditional\proc\p18f46j50.asm
                 PSTR2CON   0x000fb9       data     extern E:\3.46\pic18-lt\cxx-framework\src\traditional\proc\p18f46j50.asm
             PSTR2CONbits   0x000fb9       data     extern E:\3.46\pic18-lt\cxx-framework\src\traditional\proc\p18f46j50.asm
             ECCP1CONbits   0x000fba       data     extern E:\3.46\pic18-lt\cxx-framework\src\traditional\proc\p18f46j50.asm
                 ECCP1CON   0x000fba       data     extern E:\3.46\pic18-lt\cxx-framework\src\traditional\proc\p18f46j50.asm
              CCP1CONbits   0x000fba       data     extern E:\3.46\pic18-lt\cxx-framework\src\traditional\proc\p18f46j50.asm
                  CCP1CON   0x000fba       data     extern E:\3.46\pic18-lt\cxx-framework\src\traditional\proc\p18f46j50.asm
                    CCPR1   0x000fbb       data     extern E:\3.46\pic18-lt\cxx-framework\src\traditional\proc\p18f46j50.asm
                   CCPR1L   0x000fbb       data     extern E:\3.46\pic18-lt\cxx-framework\src\traditional\proc\p18f46j50.asm
                   CCPR1H   0x000fbc       data     extern E:\3.46\pic18-lt\cxx-framework\src\traditional\proc\p18f46j50.asm
             ECCP1DELbits   0x000fbd       data     extern E:\3.46\pic18-lt\cxx-framework\src\traditional\proc\p18f46j50.asm
                 ECCP1DEL   0x000fbd       data     extern E:\3.46\pic18-lt\cxx-framework\src\traditional\proc\p18f46j50.asm
                  PWM1CON   0x000fbd       data     extern E:\3.46\pic18-lt\cxx-framework\src\traditional\proc\p18f46j50.asm
              PWM1CONbits   0x000fbd       data     extern E:\3.46\pic18-lt\cxx-framework\src\traditional\proc\p18f46j50.asm
              ECCP1ASbits   0x000fbe       data     extern E:\3.46\pic18-lt\cxx-framework\src\traditional\proc\p18f46j50.asm
                  ECCP1AS   0x000fbe       data     extern E:\3.46\pic18-lt\cxx-framework\src\traditional\proc\p18f46j50.asm
             PSTR1CONbits   0x000fbf       data     extern E:\3.46\pic18-lt\cxx-framework\src\traditional\proc\p18f46j50.asm
                 PSTR1CON   0x000fbf       data     extern E:\3.46\pic18-lt\cxx-framework\src\traditional\proc\p18f46j50.asm
               WDTCONbits   0x000fc0       data     extern E:\3.46\pic18-lt\cxx-framework\src\traditional\proc\p18f46j50.asm
                   WDTCON   0x000fc0       data     extern E:\3.46\pic18-lt\cxx-framework\src\traditional\proc\p18f46j50.asm
                   ADCON1   0x000fc1       data     extern E:\3.46\pic18-lt\cxx-framework\src\traditional\proc\p18f46j50.asm
               ADCON1bits   0x000fc1       data     extern E:\3.46\pic18-lt\cxx-framework\src\traditional\proc\p18f46j50.asm
                   ADCON0   0x000fc2       data     extern E:\3.46\pic18-lt\cxx-framework\src\traditional\proc\p18f46j50.asm
               ADCON0bits   0x000fc2       data     extern E:\3.46\pic18-lt\cxx-framework\src\traditional\proc\p18f46j50.asm
                   ADRESL   0x000fc3       data     extern E:\3.46\pic18-lt\cxx-framework\src\traditional\proc\p18f46j50.asm
                    ADRES   0x000fc3       data     extern E:\3.46\pic18-lt\cxx-framework\src\traditional\proc\p18f46j50.asm
                   ADRESH   0x000fc4       data     extern E:\3.46\pic18-lt\cxx-framework\src\traditional\proc\p18f46j50.asm
              SSPCON2bits   0x000fc5       data     extern E:\3.46\pic18-lt\cxx-framework\src\traditional\proc\p18f46j50.asm
                 SSP1CON2   0x000fc5       data     extern E:\3.46\pic18-lt\cxx-framework\src\traditional\proc\p18f46j50.asm
                  SSPCON2   0x000fc5       data     extern E:\3.46\pic18-lt\cxx-framework\src\traditional\proc\p18f46j50.asm
             SSP1CON2bits   0x000fc5       data     extern E:\3.46\pic18-lt\cxx-framework\src\traditional\proc\p18f46j50.asm
                 SSP1CON1   0x000fc6       data     extern E:\3.46\pic18-lt\cxx-framework\src\traditional\proc\p18f46j50.asm
             SSP1CON1bits   0x000fc6       data     extern E:\3.46\pic18-lt\cxx-framework\src\traditional\proc\p18f46j50.asm
              SSPCON1bits   0x000fc6       data     extern E:\3.46\pic18-lt\cxx-framework\src\traditional\proc\p18f46j50.asm
                  SSPCON1   0x000fc6       data     extern E:\3.46\pic18-lt\cxx-framework\src\traditional\proc\p18f46j50.asm
              SSPSTATbits   0x000fc7       data     extern E:\3.46\pic18-lt\cxx-framework\src\traditional\proc\p18f46j50.asm
                  SSPSTAT   0x000fc7       data     extern E:\3.46\pic18-lt\cxx-framework\src\traditional\proc\p18f46j50.asm
             SSP1STATbits   0x000fc7       data     extern E:\3.46\pic18-lt\cxx-framework\src\traditional\proc\p18f46j50.asm
                 SSP1STAT   0x000fc7       data     extern E:\3.46\pic18-lt\cxx-framework\src\traditional\proc\p18f46j50.asm
               SSPADDbits   0x000fc8       data     extern E:\3.46\pic18-lt\cxx-framework\src\traditional\proc\p18f46j50.asm
                   SSPADD   0x000fc8       data     extern E:\3.46\pic18-lt\cxx-framework\src\traditional\proc\p18f46j50.asm
              SSP1ADDbits   0x000fc8       data     extern E:\3.46\pic18-lt\cxx-framework\src\traditional\proc\p18f46j50.asm
                  SSP1ADD   0x000fc8       data     extern E:\3.46\pic18-lt\cxx-framework\src\traditional\proc\p18f46j50.asm
                   SSPBUF   0x000fc9       data     extern E:\3.46\pic18-lt\cxx-framework\src\traditional\proc\p18f46j50.asm
                  SSP1BUF   0x000fc9       data     extern E:\3.46\pic18-lt\cxx-framework\src\traditional\proc\p18f46j50.asm
                    T2CON   0x000fca       data     extern E:\3.46\pic18-lt\cxx-framework\src\traditional\proc\p18f46j50.asm
                T2CONbits   0x000fca       data     extern E:\3.46\pic18-lt\cxx-framework\src\traditional\proc\p18f46j50.asm
                      PR2   0x000fcb       data     extern E:\3.46\pic18-lt\cxx-framework\src\traditional\proc\p18f46j50.asm
                     TMR2   0x000fcc       data     extern E:\3.46\pic18-lt\cxx-framework\src\traditional\proc\p18f46j50.asm
                T1CONbits   0x000fcd       data     extern E:\3.46\pic18-lt\cxx-framework\src\traditional\proc\p18f46j50.asm
                    T1CON   0x000fcd       data     extern E:\3.46\pic18-lt\cxx-framework\src\traditional\proc\p18f46j50.asm
                    TMR1L   0x000fce       data     extern E:\3.46\pic18-lt\cxx-framework\src\traditional\proc\p18f46j50.asm
                    TMR1H   0x000fcf       data     extern E:\3.46\pic18-lt\cxx-framework\src\traditional\proc\p18f46j50.asm
                 RCONbits   0x000fd0       data     extern E:\3.46\pic18-lt\cxx-framework\src\traditional\proc\p18f46j50.asm
                     RCON   0x000fd0       data     extern E:\3.46\pic18-lt\cxx-framework\src\traditional\proc\p18f46j50.asm
                   CM2CON   0x000fd1       data     extern E:\3.46\pic18-lt\cxx-framework\src\traditional\proc\p18f46j50.asm
                  CM2CON1   0x000fd1       data     extern E:\3.46\pic18-lt\cxx-framework\src\traditional\proc\p18f46j50.asm
              CM2CON1bits   0x000fd1       data     extern E:\3.46\pic18-lt\cxx-framework\src\traditional\proc\p18f46j50.asm
               CM2CONbits   0x000fd1       data     extern E:\3.46\pic18-lt\cxx-framework\src\traditional\proc\p18f46j50.asm
                   CM1CON   0x000fd2       data     extern E:\3.46\pic18-lt\cxx-framework\src\traditional\proc\p18f46j50.asm
                  CM1CON1   0x000fd2       data     extern E:\3.46\pic18-lt\cxx-framework\src\traditional\proc\p18f46j50.asm
              CM1CON1bits   0x000fd2       data     extern E:\3.46\pic18-lt\cxx-framework\src\traditional\proc\p18f46j50.asm
               CM1CONbits   0x000fd2       data     extern E:\3.46\pic18-lt\cxx-framework\src\traditional\proc\p18f46j50.asm
               OSCCONbits   0x000fd3       data     extern E:\3.46\pic18-lt\cxx-framework\src\traditional\proc\p18f46j50.asm
                   OSCCON   0x000fd3       data     extern E:\3.46\pic18-lt\cxx-framework\src\traditional\proc\p18f46j50.asm
                    T0CON   0x000fd5       data     extern E:\3.46\pic18-lt\cxx-framework\src\traditional\proc\p18f46j50.asm
                T0CONbits   0x000fd5       data     extern E:\3.46\pic18-lt\cxx-framework\src\traditional\proc\p18f46j50.asm
                    TMR0L   0x000fd6       data     extern E:\3.46\pic18-lt\cxx-framework\src\traditional\proc\p18f46j50.asm
                    TMR0H   0x000fd7       data     extern E:\3.46\pic18-lt\cxx-framework\src\traditional\proc\p18f46j50.asm
                   STATUS   0x000fd8       data     extern E:\3.46\pic18-lt\cxx-framework\src\traditional\proc\p18f46j50.asm
               STATUSbits   0x000fd8       data     extern E:\3.46\pic18-lt\cxx-framework\src\traditional\proc\p18f46j50.asm
                    FSR2L   0x000fd9       data     extern E:\3.46\pic18-lt\cxx-framework\src\traditional\proc\p18f46j50.asm
                     FSR2   0x000fd9       data     extern E:\3.46\pic18-lt\cxx-framework\src\traditional\proc\p18f46j50.asm
                    FSR2H   0x000fda       data     extern E:\3.46\pic18-lt\cxx-framework\src\traditional\proc\p18f46j50.asm
                   PLUSW2   0x000fdb       data     extern E:\3.46\pic18-lt\cxx-framework\src\traditional\proc\p18f46j50.asm
                  PREINC2   0x000fdc       data     extern E:\3.46\pic18-lt\cxx-framework\src\traditional\proc\p18f46j50.asm
                 POSTDEC2   0x000fdd       data     extern E:\3.46\pic18-lt\cxx-framework\src\traditional\proc\p18f46j50.asm
                 POSTINC2   0x000fde       data     extern E:\3.46\pic18-lt\cxx-framework\src\traditional\proc\p18f46j50.asm
                    INDF2   0x000fdf       data     extern E:\3.46\pic18-lt\cxx-framework\src\traditional\proc\p18f46j50.asm
                      BSR   0x000fe0       data     extern E:\3.46\pic18-lt\cxx-framework\src\traditional\proc\p18f46j50.asm
                    FSR1L   0x000fe1       data     extern E:\3.46\pic18-lt\cxx-framework\src\traditional\proc\p18f46j50.asm
                     FSR1   0x000fe1       data     extern E:\3.46\pic18-lt\cxx-framework\src\traditional\proc\p18f46j50.asm
                    FSR1H   0x000fe2       data     extern E:\3.46\pic18-lt\cxx-framework\src\traditional\proc\p18f46j50.asm
                   PLUSW1   0x000fe3       data     extern E:\3.46\pic18-lt\cxx-framework\src\traditional\proc\p18f46j50.asm
                  PREINC1   0x000fe4       data     extern E:\3.46\pic18-lt\cxx-framework\src\traditional\proc\p18f46j50.asm
                 POSTDEC1   0x000fe5       data     extern E:\3.46\pic18-lt\cxx-framework\src\traditional\proc\p18f46j50.asm
                 POSTINC1   0x000fe6       data     extern E:\3.46\pic18-lt\cxx-framework\src\traditional\proc\p18f46j50.asm
                    INDF1   0x000fe7       data     extern E:\3.46\pic18-lt\cxx-framework\src\traditional\proc\p18f46j50.asm
                     WREG   0x000fe8       data     extern E:\3.46\pic18-lt\cxx-framework\src\traditional\proc\p18f46j50.asm
                     FSR0   0x000fe9       data     extern E:\3.46\pic18-lt\cxx-framework\src\traditional\proc\p18f46j50.asm
                    FSR0L   0x000fe9       data     extern E:\3.46\pic18-lt\cxx-framework\src\traditional\proc\p18f46j50.asm
                    FSR0H   0x000fea       data     extern E:\3.46\pic18-lt\cxx-framework\src\traditional\proc\p18f46j50.asm
                   PLUSW0   0x000feb       data     extern E:\3.46\pic18-lt\cxx-framework\src\traditional\proc\p18f46j50.asm
                  PREINC0   0x000fec       data     extern E:\3.46\pic18-lt\cxx-framework\src\traditional\proc\p18f46j50.asm
                 POSTDEC0   0x000fed       data     extern E:\3.46\pic18-lt\cxx-framework\src\traditional\proc\p18f46j50.asm
                 POSTINC0   0x000fee       data     extern E:\3.46\pic18-lt\cxx-framework\src\traditional\proc\p18f46j50.asm
                    INDF0   0x000fef       data     extern E:\3.46\pic18-lt\cxx-framework\src\traditional\proc\p18f46j50.asm
              INTCON3bits   0x000ff0       data     extern E:\3.46\pic18-lt\cxx-framework\src\traditional\proc\p18f46j50.asm
                  INTCON3   0x000ff0       data     extern E:\3.46\pic18-lt\cxx-framework\src\traditional\proc\p18f46j50.asm
              INTCON2bits   0x000ff1       data     extern E:\3.46\pic18-lt\cxx-framework\src\traditional\proc\p18f46j50.asm
                  INTCON2   0x000ff1       data     extern E:\3.46\pic18-lt\cxx-framework\src\traditional\proc\p18f46j50.asm
               INTCONbits   0x000ff2       data     extern E:\3.46\pic18-lt\cxx-framework\src\traditional\proc\p18f46j50.asm
                   INTCON   0x000ff2       data     extern E:\3.46\pic18-lt\cxx-framework\src\traditional\proc\p18f46j50.asm
                    PRODL   0x000ff3       data     extern E:\3.46\pic18-lt\cxx-framework\src\traditional\proc\p18f46j50.asm
                     PROD   0x000ff3       data     extern E:\3.46\pic18-lt\cxx-framework\src\traditional\proc\p18f46j50.asm
                    PRODH   0x000ff4       data     extern E:\3.46\pic18-lt\cxx-framework\src\traditional\proc\p18f46j50.asm
                   TABLAT   0x000ff5       data     extern E:\3.46\pic18-lt\cxx-framework\src\traditional\proc\p18f46j50.asm
                  TBLPTRL   0x000ff6       data     extern E:\3.46\pic18-lt\cxx-framework\src\traditional\proc\p18f46j50.asm
                   TBLPTR   0x000ff6       data     extern E:\3.46\pic18-lt\cxx-framework\src\traditional\proc\p18f46j50.asm
                  TBLPTRH   0x000ff7       data     extern E:\3.46\pic18-lt\cxx-framework\src\traditional\proc\p18f46j50.asm
                  TBLPTRU   0x000ff8       data     extern E:\3.46\pic18-lt\cxx-framework\src\traditional\proc\p18f46j50.asm
                      PCL   0x000ff9       data     extern E:\3.46\pic18-lt\cxx-framework\src\traditional\proc\p18f46j50.asm
                       PC   0x000ff9       data     extern E:\3.46\pic18-lt\cxx-framework\src\traditional\proc\p18f46j50.asm
                   PCLATH   0x000ffa       data     extern E:\3.46\pic18-lt\cxx-framework\src\traditional\proc\p18f46j50.asm
                   PCLATU   0x000ffb       data     extern E:\3.46\pic18-lt\cxx-framework\src\traditional\proc\p18f46j50.asm
                   STKPTR   0x000ffc       data     extern E:\3.46\pic18-lt\cxx-framework\src\traditional\proc\p18f46j50.asm
               STKPTRbits   0x000ffc       data     extern E:\3.46\pic18-lt\cxx-framework\src\traditional\proc\p18f46j50.asm
                     TOSL   0x000ffd       data     extern E:\3.46\pic18-lt\cxx-framework\src\traditional\proc\p18f46j50.asm
                      TOS   0x000ffd       data     extern E:\3.46\pic18-lt\cxx-framework\src\traditional\proc\p18f46j50.asm
                     TOSH   0x000ffe       data     extern E:\3.46\pic18-lt\cxx-framework\src\traditional\proc\p18f46j50.asm
                     TOSU   0x000fff       data     extern E:\3.46\pic18-lt\cxx-framework\src\traditional\proc\p18f46j50.asm


