MPLINK 5.00, LINKER
Linker Map File - Created Sun May 26 11:19:11 2024

                                 Section Info
                  Section       Type    Address   Location Size(Bytes)
                ---------  ---------  ---------  ---------  ---------
    REMAPPED_RESET_VECTOR       code   0x001000    program   0x000006
REMAPPED_HIGH_INTERRUPT_VECTOR       code   0x001008    program   0x000006
REMAPPED_LOW_INTERRUPT_VECTOR       code   0x001018    program   0x000006
                   .cinit    romdata   0x00102a    program   0x000026
              .code_ebb.o       code   0x001050    program   0x003450
              .code_UBW.o       code   0x0044a0    program   0x002c60
       .code_usb_device.o       code   0x007100    program   0x000d3e
         .code_RCServo2.o       code   0x007e3e    program   0x000472
                     PROG       code   0x0082b0    program   0x000466
 .code_usb_function_cdc.o       code   0x008716    program   0x0003c6
             .stringtable    romdata   0x008adc    program   0x0002d2
        .code_ebb_print.o       code   0x008dae    program   0x000230
  .code_WriteBytesFlash.o       code   0x008fde    program   0x0001de
             .code_main.o       code   0x0091bc    program   0x00014e
                    .code       code   0x00930a    program   0x000140
       .code_EraseFlash.o       code   0x00944a    program   0x0000f8
           .romdata_UBW.o    romdata   0x009542    program   0x0000a8
               _cinit_scn       code   0x0095ea    program   0x00009e
        .code_ReadFlash.o       code   0x009688    program   0x000092
           .code_u1open.o       code   0x00971a    program   0x000072
          .code_fxm3232.o       code   0x00978c    program   0x000070
.romdata_usb_descriptors.o    romdata   0x0097fc    program   0x000057
        .idata_u1open.o_i    romdata   0x009853    program   0x000000
        .romdata_u1open.o    romdata   0x009853    program   0x000000
       .romdata_fxm3232.o    romdata   0x009853    program   0x000000
     .idata_ReadFlash.o_i    romdata   0x009853    program   0x000000
       .idata_fxm3232.o_i    romdata   0x009853    program   0x000000
     .romdata_ReadFlash.o    romdata   0x009853    program   0x000000
       .idata_u1write.o_i    romdata   0x009853    program   0x000000
       .romdata_u1write.o    romdata   0x009853    program   0x000000
       .romdata_pow2x16.o    romdata   0x009853    program   0x000000
       .idata_pow2x16.o_i    romdata   0x009853    program   0x000000
        .idata_u1defs.o_i    romdata   0x009853    program   0x000000
        .romdata_u1defs.o    romdata   0x009853    program   0x000000
.idata_WriteBytesFlash.o_i    romdata   0x009853    program   0x000000
.romdata_WriteBytesFlash.o    romdata   0x009853    program   0x000000
        .idata___init.o_i    romdata   0x009853    program   0x000000
        .romdata___init.o    romdata   0x009853    program   0x000000
        .idata_u1baud.o_i    romdata   0x009853    program   0x000000
        .romdata_u1baud.o    romdata   0x009853    program   0x000000
.romdata_usb_function_cdc.o    romdata   0x009853    program   0x000000
           .romdata_ebb.o    romdata   0x009853    program   0x000000
.idata_usb_function_cdc.o_i    romdata   0x009853    program   0x000000
          .idata_main.o_i    romdata   0x009853    program   0x000000
          .romdata_main.o    romdata   0x009853    program   0x000000
    .romdata_usb_device.o    romdata   0x009853    program   0x000000
      .idata_RCServo2.o_i    romdata   0x009853    program   0x000000
      .romdata_RCServo2.o    romdata   0x009853    program   0x000000
    .idata_usb_device.o_i    romdata   0x009853    program   0x000000
         .romdata_c018i.o    romdata   0x009853    program   0x000000
     .idata_ebb_print.o_i    romdata   0x009853    program   0x000000
     .romdata_ebb_print.o    romdata   0x009853    program   0x000000
    .idata_EraseFlash.o_i    romdata   0x009853    program   0x000000
    .romdata_EraseFlash.o    romdata   0x009853    program   0x000000
      .idata_fxd3232u.o_i    romdata   0x009853    program   0x000000
      .romdata_fxd3232u.o    romdata   0x009853    program   0x000000
         .idata_c018i.o_i    romdata   0x009853    program   0x000000
            .code_c018i.o       code   0x009854    program   0x000000
           .code_u1defs.o       code   0x009854    program   0x000000
  .code_usb_descriptors.o       code   0x009854    program   0x000000
         .code_fxd3232u.o       code   0x009854    program   0x000048
                   STRING       code   0x00989c    program   0x000034
          .code_u1write.o       code   0x0098d0    program   0x00002e
                    CTYPE       code   0x0098fe    program   0x000028
           .code_u1baud.o       code   0x009926    program   0x000022
             _startup_scn       code   0x009948    program   0x00001c
          .code_pow2x16.o       code   0x009964    program   0x000016
           .code___init.o       code   0x00997a    program   0x000002
.idata_usb_descriptors.o_i    romdata   0x00997c    program   0x00007e
           .idata_ebb.o_i    romdata   0x0099fa    program   0x000002
           .idata_UBW.o_i    romdata   0x0099fc    program   0x000009
               ISR_access      udata   0x000000       data   0x00003a
                MATH_DATA      udata   0x00003a       data   0x000014
                 .tmpdata      udata   0x00004e       data   0x000008
              low_ISR_tmp      udata   0x000056       data   0x000004
             high_ISR_tmp      udata   0x00005a       data   0x000004
         RC2Servo_globals      udata   0x000060       data   0x000047
                  ISR_buf      udata   0x000100       data   0x000029
             .udata_ebb.o      udata   0x000129       data   0x00004f
              ISR_globals      udata   0x000180       data   0x000071
       .udata_ebb_print.o      udata   0x0001f1       data   0x00000e
               com_tx_buf      udata   0x000200       data   0x000080
 .idata_usb_descriptors.o      idata   0x000280       data   0x00007e
            .udata_main.o      udata   0x0002fe       data   0x000002
               com_rx_buf      udata   0x000300       data   0x000100
                  USB_BDT      udata   0x000400       data   0x000078
             .udata_UBW.o      udata   0x000478       data   0x00006f
             .idata_UBW.o      idata   0x0004e7       data   0x000009
                  sqrtVar      udata   0x000500       data   0x000014
.udata_usb_function_cdc.o      udata   0x000514       data   0x0000a8
      .udata_usb_device.o      udata   0x0005bc       data   0x000034
           .udata_c018i.o      udata   0x0005f0       data   0x00000a
             .idata_ebb.o      idata   0x0005fa       data   0x000002
          .udata_u1defs.o      udata   0x0005fc       data   0x000001
         .idata_u1write.o      idata   0x0005fd       data   0x000000
      .udata_EraseFlash.o      udata   0x0005fd       data   0x000000
          .idata_u1defs.o      idata   0x0005fd       data   0x000000
 .udata_WriteBytesFlash.o      udata   0x0005fd       data   0x000000
      .idata_EraseFlash.o      idata   0x0005fd       data   0x000000
 .idata_WriteBytesFlash.o      idata   0x0005fd       data   0x000000
        .udata_fxd3232u.o      udata   0x0005fd       data   0x000000
        .idata_fxd3232u.o      idata   0x0005fd       data   0x000000
         .udata_fxm3232.o      udata   0x0005fd       data   0x000000
         .idata_fxm3232.o      idata   0x0005fd       data   0x000000
          .udata_u1open.o      udata   0x0005fd       data   0x000000
          .idata_u1open.o      idata   0x0005fd       data   0x000000
       .udata_ReadFlash.o      udata   0x0005fd       data   0x000000
       .idata_ReadFlash.o      idata   0x0005fd       data   0x000000
         .udata_u1write.o      udata   0x0005fd       data   0x000000
          .udata___init.o      udata   0x0005fd       data   0x000000
          .idata___init.o      idata   0x0005fd       data   0x000000
          .udata_u1baud.o      udata   0x0005fd       data   0x000000
          .idata_u1baud.o      idata   0x0005fd       data   0x000000
         .udata_pow2x16.o      udata   0x0005fd       data   0x000000
         .idata_pow2x16.o      idata   0x0005fd       data   0x000000
       .idata_ebb_print.o      idata   0x0005fd       data   0x000000
           .idata_c018i.o      idata   0x0005fd       data   0x000000
 .udata_usb_descriptors.o      udata   0x0005fd       data   0x000000
      .idata_usb_device.o      idata   0x0005fd       data   0x000000
        .idata_RCServo2.o      idata   0x0005fd       data   0x000000
        .udata_RCServo2.o      udata   0x0005fd       data   0x000000
            .idata_main.o      idata   0x0005fd       data   0x000000
.idata_usb_function_cdc.o      idata   0x0005fd       data   0x000000
                 FIFO_scn      udata   0x000600       data   0x000800
                   .stack      udata   0x000e00       data   0x0000c0
              SFR_BANKED0      udata   0x000ec6       data   0x00000e
              SFR_BANKED1      udata   0x000ed7       data   0x000008
              SFR_BANKED2      udata   0x000ee7       data   0x000004
              SFR_BANKED3      udata   0x000eec       data   0x000003
              SFR_BANKED4      udata   0x000ef2       data   0x000002
              SFR_BANKED5      udata   0x000ef6       data   0x000002
              SFR_BANKED6      udata   0x000efb       data   0x000005
              SFR_BANKED7      udata   0x000f26       data   0x000014
              SFR_BANKED8      udata   0x000f3c       data   0x000007
              SFR_BANKED9      udata   0x000f48       data   0x000008
             SFR_BANKED10      udata   0x000f52       data   0x00000e
            SFR_UNBANKED0      udata   0x000f60       data   0x0000a0



                              Program Memory Usage 
                               Start         End      
                           ---------   ---------      
                            0x001000    0x001005      
                            0x001008    0x00100d      
                            0x001018    0x00101d      
                            0x00102a    0x009852      
                            0x009854    0x009a04      
            35308 out of 63498 program addresses used, program memory utilization is 55%



                              Symbols - Sorted by Name
                     Name    Address   Location    Storage File                     
                ---------  ---------  ---------  --------- ---------                
          AnalogConfigure   0x005cce    program     extern D:\Projects\EggBot1-GH\EBB_firmware\app.X\source\UBW.c
           BlinkUSBStatus   0x006a68    program     extern D:\Projects\EggBot1-GH\EBB_firmware\app.X\source\UBW.c
                CDCInitEP   0x0087b2    program     extern D:\Projects\EggBot1-GH\EBB_firmware\Microchip\USB\CDC Device Driver\usb_function_cdc.c
             CDCTxService   0x008948    program     extern D:\Projects\EggBot1-GH\EBB_firmware\Microchip\USB\CDC Device Driver\usb_function_cdc.c
   CheckForAndPrintErrors   0x004a78    program     extern D:\Projects\EggBot1-GH\EBB_firmware\app.X\source\UBW.c
CheckForLimitSwitchReplies   0x004afc    program     extern D:\Projects\EggBot1-GH\EBB_firmware\app.X\source\UBW.c
                   D3232S   0x008496    program     static E:\3.46\pic18-lt\cxx-framework\src\traditional\math\fxd3232s.asm
                D3232SNEG   0x0084a4    program     static E:\3.46\pic18-lt\cxx-framework\src\traditional\math\fxd3232s.asm
                 D3232SOK   0x0084a0    program     static E:\3.46\pic18-lt\cxx-framework\src\traditional\math\fxd3232s.asm
                  D3232SX   0x0084c4    program     static E:\3.46\pic18-lt\cxx-framework\src\traditional\math\fxd3232s.asm
                  DA3232S   0x008480    program     static E:\3.46\pic18-lt\cxx-framework\src\traditional\math\fxd3232s.asm
                     Done   0x00936c    program     static source\squareroot.s      
                   Done32   0x0093e0    program     static source\squareroot.s      
                 EBB_Init   0x00197c    program     extern D:\Projects\EggBot1-GH\EBB_firmware\app.X\source\ebb.c
               EraseFlash   0x00944a    program     extern E:\3.46\pic18-lt\cxx-framework\src\pmc_common\Flash\EraseFlash.c
                 ErrorSet   0x006bfc    program     extern D:\Projects\EggBot1-GH\EBB_firmware\app.X\source\UBW.c
                 FLO3232S   0x0082b4    program     extern E:\3.46\pic18-lt\cxx-framework\src\traditional\math\cast32FP.asm
                 FLO3232U   0x0082b0    program     extern E:\3.46\pic18-lt\cxx-framework\src\traditional\math\cast32FP.asm
                    FPD32   0x0082e6    program     extern E:\3.46\pic18-lt\cxx-framework\src\traditional\math\divFP.asm
                    FPM32   0x00838c    program     extern E:\3.46\pic18-lt\cxx-framework\src\traditional\math\mulFP.asm
                 FXD3232S   0x008466    program     extern E:\3.46\pic18-lt\cxx-framework\src\traditional\math\fxd3232s.asm
                 FXD3232U   0x009854    program     extern E:\3.46\pic18-lt\cxx-framework\src\traditional\math\fxd3232u.c
                  FXM3232   0x00978c    program     extern E:\3.46\pic18-lt\cxx-framework\src\traditional\math\fxm3232.c
                  INT3232   0x0084ce    program     extern E:\3.46\pic18-lt\cxx-framework\src\traditional\math\castFP32.asm
         InitializeSystem   0x0091cc    program     static D:\Projects\EggBot1-GH\EBB_firmware\app.X\source\main.c
                LongDelay   0x00632c    program     extern D:\Projects\EggBot1-GH\EBB_firmware\app.X\source\UBW.c
                  NextBit   0x00935c    program     static source\squareroot.s      
                  NxtBt16   0x0093c4    program     static source\squareroot.s      
               Open1USART   0x00971a    program     extern E:\3.46\pic18-lt\cxx-framework\src\pmc_common\USART\u1open.c
                ProcessIO   0x004b3e    program     extern D:\Projects\EggBot1-GH\EBB_firmware\app.X\source\UBW.c
            RCServo2_Init   0x007e3e    program     extern D:\Projects\EggBot1-GH\EBB_firmware\app.X\source\RCServo2.c
            RCServo2_Move   0x007fdc    program     extern D:\Projects\EggBot1-GH\EBB_firmware\app.X\source\RCServo2.c
      RCServo2_S2_command   0x007f28    program     extern D:\Projects\EggBot1-GH\EBB_firmware\app.X\source\RCServo2.c
RCServo2_get_channel_from_RPn   0x007eee    program     extern D:\Projects\EggBot1-GH\EBB_firmware\app.X\source\RCServo2.c
                   RPnBit   0x0095d1    program     extern D:\Projects\EggBot1-GH\EBB_firmware\app.X\source\UBW.c
               RPnLATPort   0x00959f    program     extern D:\Projects\EggBot1-GH\EBB_firmware\app.X\source\UBW.c
              RPnTRISPort   0x00956d    program     extern D:\Projects\EggBot1-GH\EBB_firmware\app.X\source\UBW.c
                ReadFlash   0x009688    program     extern E:\3.46\pic18-lt\cxx-framework\src\pmc_common\Flash\ReadFlash.c
        Remapped_High_ISR   0x001008    program     extern D:\Projects\EggBot1-GH\EBB_firmware\app.X\source\main.c
         Remapped_Low_ISR   0x001018    program     extern D:\Projects\EggBot1-GH\EBB_firmware\app.X\source\main.c
         SetPinLATFromRPn   0x006b44    program     extern D:\Projects\EggBot1-GH\EBB_firmware\app.X\source\UBW.c
        SetPinTRISFromRPn   0x006ba0    program     extern D:\Projects\EggBot1-GH\EBB_firmware\app.X\source\UBW.c
                     Sq16   0x0093f0    program     static source\squareroot.s      
                     Sqrt   0x00930a    program     extern source\squareroot.s      
                   Sqrt16   0x009334    program     static source\squareroot.s      
                   Sqrt32   0x00937a    program     static source\squareroot.s      
                  Squar16   0x009388    program     static source\squareroot.s      
                  Square8   0x00933c    program     static source\squareroot.s      
                  TAGTB32   0x00853c    program     extern E:\3.46\pic18-lt\cxx-framework\src\traditional\math\gtFP.asm
                  TALTB32   0x00854e    program     extern E:\3.46\pic18-lt\cxx-framework\src\traditional\math\ltFP.asm
       USBCBCheckOtherReq   0x009228    program     extern D:\Projects\EggBot1-GH\EBB_firmware\app.X\source\main.c
        USBCBErrorHandler   0x009226    program     extern D:\Projects\EggBot1-GH\EBB_firmware\app.X\source\main.c
              USBCBInitEP   0x00922e    program     extern D:\Projects\EggBot1-GH\EBB_firmware\app.X\source\main.c
          USBCBSendResume   0x009232    program     extern D:\Projects\EggBot1-GH\EBB_firmware\app.X\source\main.c
    USBCBStdSetDscHandler   0x00922c    program     extern D:\Projects\EggBot1-GH\EBB_firmware\app.X\source\main.c
             USBCBSuspend   0x009220    program     extern D:\Projects\EggBot1-GH\EBB_firmware\app.X\source\main.c
     USBCBWakeFromSuspend   0x009222    program     extern D:\Projects\EggBot1-GH\EBB_firmware\app.X\source\main.c
        USBCB_SOF_Handler   0x009224    program     extern D:\Projects\EggBot1-GH\EBB_firmware\app.X\source\main.c
       USBCDCEventHandler   0x0087f4    program     extern D:\Projects\EggBot1-GH\EBB_firmware\Microchip\USB\CDC Device Driver\usb_function_cdc.c
              USBCancelIO   0x00742c    program     extern D:\Projects\EggBot1-GH\EBB_firmware\Microchip\USB\usb_device.c
       USBCheckCDCRequest   0x008716    program     extern D:\Projects\EggBot1-GH\EBB_firmware\Microchip\USB\CDC Device Driver\usb_function_cdc.c
       USBCheckStdRequest   0x007a2c    program     static D:\Projects\EggBot1-GH\EBB_firmware\Microchip\USB\usb_device.c
     USBConfigureEndpoint   0x0074ec    program     static D:\Projects\EggBot1-GH\EBB_firmware\Microchip\USB\usb_device.c
  USBCtrlEPAllowDataStage   0x0074ae    program     extern D:\Projects\EggBot1-GH\EBB_firmware\Microchip\USB\usb_device.c
USBCtrlEPAllowStatusStage   0x007462    program     extern D:\Projects\EggBot1-GH\EBB_firmware\Microchip\USB\usb_device.c
         USBCtrlEPService   0x0078d0    program     static D:\Projects\EggBot1-GH\EBB_firmware\Microchip\USB\usb_device.c
 USBCtrlEPServiceComplete   0x007548    program     static D:\Projects\EggBot1-GH\EBB_firmware\Microchip\USB\usb_device.c
      USBCtrlTrfInHandler   0x0079b2    program     static D:\Projects\EggBot1-GH\EBB_firmware\Microchip\USB\usb_device.c
     USBCtrlTrfOutHandler   0x007994    program     static D:\Projects\EggBot1-GH\EBB_firmware\Microchip\USB\usb_device.c
      USBCtrlTrfRxService   0x007622    program     static D:\Projects\EggBot1-GH\EBB_firmware\Microchip\USB\usb_device.c
   USBCtrlTrfSetupHandler   0x00795e    program     static D:\Projects\EggBot1-GH\EBB_firmware\Microchip\USB\usb_device.c
      USBCtrlTrfTxService   0x0075a2    program     static D:\Projects\EggBot1-GH\EBB_firmware\Microchip\USB\usb_device.c
            USBDeviceInit   0x007100    program     extern D:\Projects\EggBot1-GH\EBB_firmware\Microchip\USB\usb_device.c
           USBDeviceTasks   0x0071cc    program     extern D:\Projects\EggBot1-GH\EBB_firmware\Microchip\USB\usb_device.c
        USBEnableEndpoint   0x007326    program     extern D:\Projects\EggBot1-GH\EBB_firmware\Microchip\USB\usb_device.c
         USBStallEndpoint   0x0073fa    program     extern D:\Projects\EggBot1-GH\EBB_firmware\Microchip\USB\usb_device.c
          USBStallHandler   0x00787e    program     static D:\Projects\EggBot1-GH\EBB_firmware\Microchip\USB\usb_device.c
  USBStdFeatureReqHandler   0x007ad4    program     static D:\Projects\EggBot1-GH\EBB_firmware\Microchip\USB\usb_device.c
      USBStdGetDscHandler   0x007762    program     static D:\Projects\EggBot1-GH\EBB_firmware\Microchip\USB\usb_device.c
   USBStdGetStatusHandler   0x007808    program     static D:\Projects\EggBot1-GH\EBB_firmware\Microchip\USB\usb_device.c
      USBStdSetCfgHandler   0x0076ea    program     static D:\Projects\EggBot1-GH\EBB_firmware\Microchip\USB\usb_device.c
               USBSuspend   0x0078a0    program     static D:\Projects\EggBot1-GH\EBB_firmware\Microchip\USB\usb_device.c
     USBTransferOnePacket   0x00736e    program     extern D:\Projects\EggBot1-GH\EBB_firmware\Microchip\USB\usb_device.c
       USBWakeFromSuspend   0x0078b6    program     static D:\Projects\EggBot1-GH\EBB_firmware\Microchip\USB\usb_device.c
               USB_CD_Ptr   0x009851    program     extern D:\Projects\EggBot1-GH\EBB_firmware\app.X\source\usb_descriptors.c
USER_USB_CALLBACK_EVENT_HANDLER   0x009276    program     extern D:\Projects\EggBot1-GH\EBB_firmware\app.X\source\main.c
                 UserInit   0x004902    program     extern D:\Projects\EggBot1-GH\EBB_firmware\app.X\source\UBW.c
              Write1USART   0x0098d0    program     extern E:\3.46\pic18-lt\cxx-framework\src\pmc_common\USART\u1write.c
          WriteBytesFlash   0x008fde    program     extern E:\3.46\pic18-lt\cxx-framework\src\pmc_common\Flash\WriteBytesFlash.c
              _2jContinue   0x0098bc    program     static E:\3.46\pic18-lt\cxx-framework\src\traditional\stdclib\memset.asm
                   _3jEnd   0x0098c6    program     static E:\3.46\pic18-lt\cxx-framework\src\traditional\stdclib\memset.asm
              __FpCompare   0x008560    program     extern E:\3.46\pic18-lt\cxx-framework\src\traditional\math\compFP.asm
                 __FpExit   0x008616    program     extern E:\3.46\pic18-lt\cxx-framework\src\traditional\math\packFP.asm
                 __FpPack   0x008642    program     extern E:\3.46\pic18-lt\cxx-framework\src\traditional\math\packFP.asm
            __FpReturnNaN   0x00860a    program     extern E:\3.46\pic18-lt\cxx-framework\src\traditional\math\packFP.asm
         __FpReturnNegInf   0x00861c    program     extern E:\3.46\pic18-lt\cxx-framework\src\traditional\math\packFP.asm
        __FpReturnNegZero   0x008634    program     extern E:\3.46\pic18-lt\cxx-framework\src\traditional\math\packFP.asm
         __FpReturnPosInf   0x008622    program     extern E:\3.46\pic18-lt\cxx-framework\src\traditional\math\packFP.asm
        __FpReturnPosZero   0x00863c    program     extern E:\3.46\pic18-lt\cxx-framework\src\traditional\math\packFP.asm
        __FpReturnSignInf   0x008618    program     extern E:\3.46\pic18-lt\cxx-framework\src\traditional\math\packFP.asm
       __FpReturnSignZero   0x008630    program     extern E:\3.46\pic18-lt\cxx-framework\src\traditional\math\packFP.asm
              __FpReturnW   0x00869a    program     extern E:\3.46\pic18-lt\cxx-framework\src\traditional\math\packFP.asm
              __FpUnPackA   0x0086ba    program     extern E:\3.46\pic18-lt\cxx-framework\src\traditional\math\UnpackFP.asm
              __FpUnPackB   0x0086ea    program     extern E:\3.46\pic18-lt\cxx-framework\src\traditional\math\UnpackFP.asm
       ___case_0_lbl00258   0x00583a    program     static                          
       ___case_1_lbl00259   0x00583a    program     static                          
       ___case_2_lbl00257   0x005826    program     static                          
       ___case_3_lbl00261   0x005840    program     static                          
      ___default_lbl00260   0x00583a    program     static                          
         ___else_lbl00234   0x005544    program     static                          
         ___else_lbl00237   0x005594    program     static                          
         ___else_lbl00239   0x0055e8    program     static                          
         ___else_lbl00241   0x0055cc    program     static                          
         ___else_lbl00246   0x00568a    program     static                          
         ___else_lbl00248   0x00566e    program     static                          
         ___else_lbl00250   0x0056c2    program     static                          
         ___else_lbl00253   0x005762    program     static                          
         ___else_lbl00255   0x00579e    program     static                          
         ___else_lbl00263   0x005810    program     static                          
         ___else_lbl00265   0x00589e    program     static                          
         ___else_lbl00267   0x00587c    program     static                          
         ___else_lbl00269   0x005910    program     static                          
         ___else_lbl00271   0x0058d6    program     static                          
         ___else_lbl00273   0x005982    program     static                          
         ___else_lbl00275   0x005948    program     static                          
         ___else_lbl00277   0x0059f0    program     static                          
         ___else_lbl00279   0x0059b8    program     static                          
         ___else_lbl00283   0x005a86    program     static                          
         ___else_lbl00285   0x005a6c    program     static                          
         ___else_lbl00287   0x005ad6    program     static                          
         ___else_lbl00289   0x005abc    program     static                          
         ___else_lbl00291   0x005b2c    program     static                          
         ___else_lbl00293   0x005b10    program     static                          
         ___else_lbl00295   0x005b3a    program     static                          
         ___else_lbl00297   0x005ae4    program     static                          
         ___else_lbl00299   0x005a94    program     static                          
         ___else_lbl00301   0x005a46    program     static                          
         ___else_lbl00303   0x0059fe    program     static                          
         ___else_lbl00305   0x005990    program     static                          
         ___else_lbl00307   0x00591e    program     static                          
         ___else_lbl00309   0x0058ac    program     static                          
         ___else_lbl00311   0x005854    program     static                          
         ___else_lbl00313   0x0057d2    program     static                          
         ___else_lbl00315   0x0057a4    program     static                          
         ___else_lbl00317   0x00576c    program     static                          
         ___else_lbl00319   0x005730    program     static                          
         ___else_lbl00321   0x005700    program     static                          
         ___else_lbl00323   0x0056ca    program     static                          
         ___else_lbl00325   0x005698    program     static                          
         ___else_lbl00327   0x005644    program     static                          
         ___else_lbl00329   0x0055f6    program     static                          
         ___else_lbl00331   0x0055a2    program     static                          
         ___else_lbl00333   0x005552    program     static                          
          ___for_lbl00230   0x0019e4    program     static                          
          ___for_lbl00231   0x0019e8    program     static                          
          ___for_lbl00232   0x001988    program     static                          
          ___for_lbl00233   0x001aba    program     static                          
          ___for_lbl00234   0x001abe    program     static                          
          ___for_lbl00235   0x001aa6    program     static                          
          ___for_lbl00457   0x00634e    program     static                          
          ___for_lbl00458   0x006352    program     static                          
          ___for_lbl00461   0x006338    program     static                          
           ___if_lbl00005   0x009126    program     static                          
           ___if_lbl00006   0x009148    program     static                          
           ___if_lbl00007   0x009160    program     static                          
           ___if_lbl00231   0x005502    program     static                          
           ___if_lbl00233   0x005550    program     static                          
           ___if_lbl00236   0x0055a0    program     static                          
           ___if_lbl00238   0x0055f4    program     static                          
           ___if_lbl00240   0x0055f4    program     static                          
           ___if_lbl00242   0x005632    program     static                          
           ___if_lbl00245   0x005696    program     static                          
           ___if_lbl00247   0x005696    program     static                          
           ___if_lbl00249   0x0056c8    program     static                          
           ___if_lbl00251   0x0056fe    program     static                          
           ___if_lbl00252   0x00576a    program     static                          
           ___if_lbl00254   0x0057a2    program     static                          
           ___if_lbl00262   0x00584e    program     static                          
           ___if_lbl00264   0x0058aa    program     static                          
           ___if_lbl00266   0x0058aa    program     static                          
           ___if_lbl00268   0x00591c    program     static                          
           ___if_lbl00270   0x00591c    program     static                          
           ___if_lbl00272   0x00598e    program     static                          
           ___if_lbl00274   0x00598e    program     static                          
           ___if_lbl00276   0x0059fc    program     static                          
           ___if_lbl00278   0x0059fc    program     static                          
           ___if_lbl00282   0x005a92    program     static                          
           ___if_lbl00284   0x005a92    program     static                          
           ___if_lbl00286   0x005ae2    program     static                          
           ___if_lbl00288   0x005ae2    program     static                          
           ___if_lbl00290   0x005b38    program     static                          
           ___if_lbl00292   0x005b38    program     static                          
           ___if_lbl00294   0x005b46    program     static                          
           ___if_lbl00296   0x005b46    program     static                          
           ___if_lbl00298   0x005b46    program     static                          
           ___if_lbl00300   0x005b46    program     static                          
           ___if_lbl00302   0x005b46    program     static                          
           ___if_lbl00304   0x005b46    program     static                          
           ___if_lbl00306   0x005b46    program     static                          
           ___if_lbl00308   0x005b46    program     static                          
           ___if_lbl00310   0x005b46    program     static                          
           ___if_lbl00312   0x005b46    program     static                          
           ___if_lbl00314   0x005b46    program     static                          
           ___if_lbl00316   0x005b46    program     static                          
           ___if_lbl00318   0x005b46    program     static                          
           ___if_lbl00320   0x005b46    program     static                          
           ___if_lbl00322   0x005b46    program     static                          
           ___if_lbl00324   0x005b46    program     static                          
           ___if_lbl00326   0x005b46    program     static                          
           ___if_lbl00328   0x005b46    program     static                          
           ___if_lbl00330   0x005b46    program     static                          
           ___if_lbl00332   0x005b46    program     static                          
       ___return_lbl00000   0x00989a    program     static                          
       ___return_lbl00000   0x0097fa    program     static                          
       ___return_lbl00000   0x0091a4    program     static                          
       ___return_lbl00000   0x009978    program     static                          
       ___return_lbl00000   0x009702    program     static                          
       ___return_lbl00000   0x001004    program     static                          
       ___return_lbl00000   0x009962    program     static                          
       ___return_lbl00001   0x00100c    program     static                          
       ___return_lbl00001   0x009686    program     static                          
       ___return_lbl00002   0x00101c    program     static                          
       ___return_lbl00052   0x004888    program     static                          
       ___return_lbl00229   0x001b10    program     static                          
       ___return_lbl00230   0x005b4c    program     static                          
       ___return_lbl00456   0x006352    program     static                          
       ___return_lbl00462   0x00636a    program     static                          
       ___return_lbl00463   0x006378    program     static                          
   ___switchexit_lbl00256   0x00584e    program     static                          
        ___while_lbl00001   0x0090c8    program     static                          
        ___while_lbl00001   0x0096d0    program     static                          
        ___while_lbl00002   0x009702    program     static                          
        ___while_lbl00002   0x0091a4    program     static                          
        ___while_lbl00003   0x0090ec    program     static                          
        ___while_lbl00004   0x009128    program     static                          
        ___while_lbl00053   0x00485e    program     static                          
        ___while_lbl00054   0x004888    program     static                          
        ___while_lbl00243   0x005632    program     static                          
        ___while_lbl00244   0x00563c    program     static                          
        ___while_lbl00280   0x005a1a    program     static                          
        ___while_lbl00281   0x005a44    program     static                          
        ___while_lbl00459   0x006340    program     static                          
        ___while_lbl00460   0x00634e    program     static                          
                   __init   0x00997a    program     extern E:\3.46\pic18-lt\cxx-framework\src\traditional\stdclib\__init.c
                   __pa_0   0x008f00    program     static D:\Projects\EggBot1-GH\EBB_firmware\app.X\source\ebb_print.c
                   __pa_0   0x008194    program     static D:\Projects\EggBot1-GH\EBB_firmware\app.X\source\RCServo2.c
                   __pa_0   0x009534    program     static E:\3.46\pic18-lt\cxx-framework\src\pmc_common\Flash\EraseFlash.c
                   __pa_0   0x006c0c    program     static D:\Projects\EggBot1-GH\EBB_firmware\app.X\source\UBW.c
                   __pa_0   0x008a22    program     static D:\Projects\EggBot1-GH\EBB_firmware\Microchip\USB\CDC Device Driver\usb_function_cdc.c
                   __pa_0   0x0038e6    program     static D:\Projects\EggBot1-GH\EBB_firmware\app.X\source\ebb.c
                   __pa_0   0x007bfe    program     static D:\Projects\EggBot1-GH\EBB_firmware\Microchip\USB\usb_device.c
                   __pa_1   0x0038f2    program     static D:\Projects\EggBot1-GH\EBB_firmware\app.X\source\ebb.c
                   __pa_1   0x008f1a    program     static D:\Projects\EggBot1-GH\EBB_firmware\app.X\source\ebb_print.c
                   __pa_1   0x006c22    program     static D:\Projects\EggBot1-GH\EBB_firmware\app.X\source\UBW.c
                   __pa_1   0x0081c4    program     static D:\Projects\EggBot1-GH\EBB_firmware\app.X\source\RCServo2.c
                   __pa_1   0x007c06    program     static D:\Projects\EggBot1-GH\EBB_firmware\Microchip\USB\usb_device.c
                   __pa_1   0x008a3c    program     static D:\Projects\EggBot1-GH\EBB_firmware\Microchip\USB\CDC Device Driver\usb_function_cdc.c
                  __pa_10   0x008232    program     static D:\Projects\EggBot1-GH\EBB_firmware\app.X\source\RCServo2.c
                  __pa_10   0x007c64    program     static D:\Projects\EggBot1-GH\EBB_firmware\Microchip\USB\usb_device.c
                  __pa_10   0x008fbe    program     static D:\Projects\EggBot1-GH\EBB_firmware\app.X\source\ebb_print.c
                  __pa_10   0x008ac2    program     static D:\Projects\EggBot1-GH\EBB_firmware\Microchip\USB\CDC Device Driver\usb_function_cdc.c
                  __pa_10   0x003a6e    program     static D:\Projects\EggBot1-GH\EBB_firmware\app.X\source\ebb.c
                  __pa_10   0x006c74    program     static D:\Projects\EggBot1-GH\EBB_firmware\app.X\source\UBW.c
                 __pa_100   0x003fb0    program     static D:\Projects\EggBot1-GH\EBB_firmware\app.X\source\ebb.c
                 __pa_100   0x0070a0    program     static D:\Projects\EggBot1-GH\EBB_firmware\app.X\source\UBW.c
                 __pa_101   0x003fbe    program     static D:\Projects\EggBot1-GH\EBB_firmware\app.X\source\ebb.c
                 __pa_101   0x0070aa    program     static D:\Projects\EggBot1-GH\EBB_firmware\app.X\source\UBW.c
                 __pa_102   0x0070b2    program     static D:\Projects\EggBot1-GH\EBB_firmware\app.X\source\UBW.c
                 __pa_102   0x003fc8    program     static D:\Projects\EggBot1-GH\EBB_firmware\app.X\source\ebb.c
                 __pa_103   0x0070ba    program     static D:\Projects\EggBot1-GH\EBB_firmware\app.X\source\UBW.c
                 __pa_103   0x003fd2    program     static D:\Projects\EggBot1-GH\EBB_firmware\app.X\source\ebb.c
                 __pa_104   0x0070c2    program     static D:\Projects\EggBot1-GH\EBB_firmware\app.X\source\UBW.c
                 __pa_104   0x003fdc    program     static D:\Projects\EggBot1-GH\EBB_firmware\app.X\source\ebb.c
                 __pa_105   0x0070c8    program     static D:\Projects\EggBot1-GH\EBB_firmware\app.X\source\UBW.c
                 __pa_105   0x003fe6    program     static D:\Projects\EggBot1-GH\EBB_firmware\app.X\source\ebb.c
                 __pa_106   0x003ff0    program     static D:\Projects\EggBot1-GH\EBB_firmware\app.X\source\ebb.c
                 __pa_106   0x0070d0    program     static D:\Projects\EggBot1-GH\EBB_firmware\app.X\source\UBW.c
                 __pa_107   0x003ffa    program     static D:\Projects\EggBot1-GH\EBB_firmware\app.X\source\ebb.c
                 __pa_107   0x0070d6    program     static D:\Projects\EggBot1-GH\EBB_firmware\app.X\source\UBW.c
                 __pa_108   0x004002    program     static D:\Projects\EggBot1-GH\EBB_firmware\app.X\source\ebb.c
                 __pa_108   0x0070e4    program     static D:\Projects\EggBot1-GH\EBB_firmware\app.X\source\UBW.c
                 __pa_109   0x004048    program     static D:\Projects\EggBot1-GH\EBB_firmware\app.X\source\ebb.c
                 __pa_109   0x0070ec    program     static D:\Projects\EggBot1-GH\EBB_firmware\app.X\source\UBW.c
                  __pa_11   0x00823c    program     static D:\Projects\EggBot1-GH\EBB_firmware\app.X\source\RCServo2.c
                  __pa_11   0x008ad0    program     static D:\Projects\EggBot1-GH\EBB_firmware\Microchip\USB\CDC Device Driver\usb_function_cdc.c
                  __pa_11   0x003a7a    program     static D:\Projects\EggBot1-GH\EBB_firmware\app.X\source\ebb.c
                  __pa_11   0x007c74    program     static D:\Projects\EggBot1-GH\EBB_firmware\Microchip\USB\usb_device.c
                  __pa_11   0x008fc6    program     static D:\Projects\EggBot1-GH\EBB_firmware\app.X\source\ebb_print.c
                  __pa_11   0x006c7e    program     static D:\Projects\EggBot1-GH\EBB_firmware\app.X\source\UBW.c
                 __pa_110   0x004056    program     static D:\Projects\EggBot1-GH\EBB_firmware\app.X\source\ebb.c
                 __pa_110   0x0070f6    program     static D:\Projects\EggBot1-GH\EBB_firmware\app.X\source\UBW.c
                 __pa_111   0x004060    program     static D:\Projects\EggBot1-GH\EBB_firmware\app.X\source\ebb.c
                 __pa_112   0x004070    program     static D:\Projects\EggBot1-GH\EBB_firmware\app.X\source\ebb.c
                 __pa_113   0x004082    program     static D:\Projects\EggBot1-GH\EBB_firmware\app.X\source\ebb.c
                 __pa_114   0x00408a    program     static D:\Projects\EggBot1-GH\EBB_firmware\app.X\source\ebb.c
                 __pa_115   0x00409e    program     static D:\Projects\EggBot1-GH\EBB_firmware\app.X\source\ebb.c
                 __pa_116   0x0040aa    program     static D:\Projects\EggBot1-GH\EBB_firmware\app.X\source\ebb.c
                 __pa_117   0x0040b4    program     static D:\Projects\EggBot1-GH\EBB_firmware\app.X\source\ebb.c
                 __pa_118   0x0040da    program     static D:\Projects\EggBot1-GH\EBB_firmware\app.X\source\ebb.c
                 __pa_119   0x0040e2    program     static D:\Projects\EggBot1-GH\EBB_firmware\app.X\source\ebb.c
                  __pa_12   0x008244    program     static D:\Projects\EggBot1-GH\EBB_firmware\app.X\source\RCServo2.c
                  __pa_12   0x006c82    program     static D:\Projects\EggBot1-GH\EBB_firmware\app.X\source\UBW.c
                  __pa_12   0x008fd2    program     static D:\Projects\EggBot1-GH\EBB_firmware\app.X\source\ebb_print.c
                  __pa_12   0x003a88    program     static D:\Projects\EggBot1-GH\EBB_firmware\app.X\source\ebb.c
                  __pa_12   0x007c7e    program     static D:\Projects\EggBot1-GH\EBB_firmware\Microchip\USB\usb_device.c
                 __pa_120   0x0040f0    program     static D:\Projects\EggBot1-GH\EBB_firmware\app.X\source\ebb.c
                 __pa_121   0x00410a    program     static D:\Projects\EggBot1-GH\EBB_firmware\app.X\source\ebb.c
                 __pa_122   0x00412a    program     static D:\Projects\EggBot1-GH\EBB_firmware\app.X\source\ebb.c
                 __pa_123   0x004132    program     static D:\Projects\EggBot1-GH\EBB_firmware\app.X\source\ebb.c
                 __pa_124   0x00413a    program     static D:\Projects\EggBot1-GH\EBB_firmware\app.X\source\ebb.c
                 __pa_125   0x00414e    program     static D:\Projects\EggBot1-GH\EBB_firmware\app.X\source\ebb.c
                 __pa_126   0x00415e    program     static D:\Projects\EggBot1-GH\EBB_firmware\app.X\source\ebb.c
                 __pa_127   0x004170    program     static D:\Projects\EggBot1-GH\EBB_firmware\app.X\source\ebb.c
                 __pa_128   0x004182    program     static D:\Projects\EggBot1-GH\EBB_firmware\app.X\source\ebb.c
                 __pa_129   0x004194    program     static D:\Projects\EggBot1-GH\EBB_firmware\app.X\source\ebb.c
                  __pa_13   0x008254    program     static D:\Projects\EggBot1-GH\EBB_firmware\app.X\source\RCServo2.c
                  __pa_13   0x006c90    program     static D:\Projects\EggBot1-GH\EBB_firmware\app.X\source\UBW.c
                  __pa_13   0x007c92    program     static D:\Projects\EggBot1-GH\EBB_firmware\Microchip\USB\usb_device.c
                  __pa_13   0x003a92    program     static D:\Projects\EggBot1-GH\EBB_firmware\app.X\source\ebb.c
                 __pa_130   0x00419c    program     static D:\Projects\EggBot1-GH\EBB_firmware\app.X\source\ebb.c
                 __pa_131   0x0041a4    program     static D:\Projects\EggBot1-GH\EBB_firmware\app.X\source\ebb.c
                 __pa_132   0x0041ae    program     static D:\Projects\EggBot1-GH\EBB_firmware\app.X\source\ebb.c
                 __pa_133   0x0041c4    program     static D:\Projects\EggBot1-GH\EBB_firmware\app.X\source\ebb.c
                 __pa_134   0x0041cc    program     static D:\Projects\EggBot1-GH\EBB_firmware\app.X\source\ebb.c
                 __pa_135   0x0041d6    program     static D:\Projects\EggBot1-GH\EBB_firmware\app.X\source\ebb.c
                 __pa_136   0x0041da    program     static D:\Projects\EggBot1-GH\EBB_firmware\app.X\source\ebb.c
                 __pa_137   0x0041ec    program     static D:\Projects\EggBot1-GH\EBB_firmware\app.X\source\ebb.c
                 __pa_138   0x0041fe    program     static D:\Projects\EggBot1-GH\EBB_firmware\app.X\source\ebb.c
                 __pa_139   0x00420a    program     static D:\Projects\EggBot1-GH\EBB_firmware\app.X\source\ebb.c
                  __pa_14   0x003aaa    program     static D:\Projects\EggBot1-GH\EBB_firmware\app.X\source\ebb.c
                  __pa_14   0x00825e    program     static D:\Projects\EggBot1-GH\EBB_firmware\app.X\source\RCServo2.c
                  __pa_14   0x007ca6    program     static D:\Projects\EggBot1-GH\EBB_firmware\Microchip\USB\usb_device.c
                  __pa_14   0x006ca8    program     static D:\Projects\EggBot1-GH\EBB_firmware\app.X\source\UBW.c
                 __pa_140   0x004216    program     static D:\Projects\EggBot1-GH\EBB_firmware\app.X\source\ebb.c
                 __pa_141   0x004228    program     static D:\Projects\EggBot1-GH\EBB_firmware\app.X\source\ebb.c
                 __pa_142   0x004230    program     static D:\Projects\EggBot1-GH\EBB_firmware\app.X\source\ebb.c
                 __pa_143   0x004238    program     static D:\Projects\EggBot1-GH\EBB_firmware\app.X\source\ebb.c
                 __pa_144   0x004248    program     static D:\Projects\EggBot1-GH\EBB_firmware\app.X\source\ebb.c
                 __pa_145   0x004258    program     static D:\Projects\EggBot1-GH\EBB_firmware\app.X\source\ebb.c
                 __pa_146   0x004266    program     static D:\Projects\EggBot1-GH\EBB_firmware\app.X\source\ebb.c
                 __pa_147   0x00426c    program     static D:\Projects\EggBot1-GH\EBB_firmware\app.X\source\ebb.c
                 __pa_148   0x004272    program     static D:\Projects\EggBot1-GH\EBB_firmware\app.X\source\ebb.c
                 __pa_149   0x00427e    program     static D:\Projects\EggBot1-GH\EBB_firmware\app.X\source\ebb.c
                  __pa_15   0x003ab2    program     static D:\Projects\EggBot1-GH\EBB_firmware\app.X\source\ebb.c
                  __pa_15   0x007cb2    program     static D:\Projects\EggBot1-GH\EBB_firmware\Microchip\USB\usb_device.c
                  __pa_15   0x006cb0    program     static D:\Projects\EggBot1-GH\EBB_firmware\app.X\source\UBW.c
                  __pa_15   0x00826e    program     static D:\Projects\EggBot1-GH\EBB_firmware\app.X\source\RCServo2.c
                 __pa_150   0x00428a    program     static D:\Projects\EggBot1-GH\EBB_firmware\app.X\source\ebb.c
                 __pa_151   0x004296    program     static D:\Projects\EggBot1-GH\EBB_firmware\app.X\source\ebb.c
                 __pa_152   0x0042a4    program     static D:\Projects\EggBot1-GH\EBB_firmware\app.X\source\ebb.c
                 __pa_153   0x0042aa    program     static D:\Projects\EggBot1-GH\EBB_firmware\app.X\source\ebb.c
                 __pa_154   0x0042b2    program     static D:\Projects\EggBot1-GH\EBB_firmware\app.X\source\ebb.c
                 __pa_155   0x0042ba    program     static D:\Projects\EggBot1-GH\EBB_firmware\app.X\source\ebb.c
                 __pa_156   0x0042c2    program     static D:\Projects\EggBot1-GH\EBB_firmware\app.X\source\ebb.c
                 __pa_157   0x0042c8    program     static D:\Projects\EggBot1-GH\EBB_firmware\app.X\source\ebb.c
                 __pa_158   0x0042f4    program     static D:\Projects\EggBot1-GH\EBB_firmware\app.X\source\ebb.c
                 __pa_159   0x004308    program     static D:\Projects\EggBot1-GH\EBB_firmware\app.X\source\ebb.c
                  __pa_16   0x007ccc    program     static D:\Projects\EggBot1-GH\EBB_firmware\Microchip\USB\usb_device.c
                  __pa_16   0x006cbc    program     static D:\Projects\EggBot1-GH\EBB_firmware\app.X\source\UBW.c
                  __pa_16   0x008274    program     static D:\Projects\EggBot1-GH\EBB_firmware\app.X\source\RCServo2.c
                  __pa_16   0x003ac6    program     static D:\Projects\EggBot1-GH\EBB_firmware\app.X\source\ebb.c
                 __pa_160   0x00431a    program     static D:\Projects\EggBot1-GH\EBB_firmware\app.X\source\ebb.c
                 __pa_161   0x004322    program     static D:\Projects\EggBot1-GH\EBB_firmware\app.X\source\ebb.c
                 __pa_162   0x004340    program     static D:\Projects\EggBot1-GH\EBB_firmware\app.X\source\ebb.c
                 __pa_163   0x00435e    program     static D:\Projects\EggBot1-GH\EBB_firmware\app.X\source\ebb.c
                 __pa_164   0x004378    program     static D:\Projects\EggBot1-GH\EBB_firmware\app.X\source\ebb.c
                 __pa_165   0x004386    program     static D:\Projects\EggBot1-GH\EBB_firmware\app.X\source\ebb.c
                 __pa_166   0x004392    program     static D:\Projects\EggBot1-GH\EBB_firmware\app.X\source\ebb.c
                 __pa_167   0x00439e    program     static D:\Projects\EggBot1-GH\EBB_firmware\app.X\source\ebb.c
                 __pa_168   0x0043b6    program     static D:\Projects\EggBot1-GH\EBB_firmware\app.X\source\ebb.c
                 __pa_169   0x0043c2    program     static D:\Projects\EggBot1-GH\EBB_firmware\app.X\source\ebb.c
                  __pa_17   0x003ada    program     static D:\Projects\EggBot1-GH\EBB_firmware\app.X\source\ebb.c
                  __pa_17   0x008284    program     static D:\Projects\EggBot1-GH\EBB_firmware\app.X\source\RCServo2.c
                  __pa_17   0x006cc4    program     static D:\Projects\EggBot1-GH\EBB_firmware\app.X\source\UBW.c
                  __pa_17   0x007cd8    program     static D:\Projects\EggBot1-GH\EBB_firmware\Microchip\USB\usb_device.c
                 __pa_170   0x0043ca    program     static D:\Projects\EggBot1-GH\EBB_firmware\app.X\source\ebb.c
                 __pa_171   0x0043dc    program     static D:\Projects\EggBot1-GH\EBB_firmware\app.X\source\ebb.c
                 __pa_172   0x0043ea    program     static D:\Projects\EggBot1-GH\EBB_firmware\app.X\source\ebb.c
                 __pa_173   0x0043fc    program     static D:\Projects\EggBot1-GH\EBB_firmware\app.X\source\ebb.c
                 __pa_174   0x004402    program     static D:\Projects\EggBot1-GH\EBB_firmware\app.X\source\ebb.c
                 __pa_175   0x00440a    program     static D:\Projects\EggBot1-GH\EBB_firmware\app.X\source\ebb.c
                 __pa_176   0x004414    program     static D:\Projects\EggBot1-GH\EBB_firmware\app.X\source\ebb.c
                 __pa_177   0x00441c    program     static D:\Projects\EggBot1-GH\EBB_firmware\app.X\source\ebb.c
                 __pa_178   0x00442a    program     static D:\Projects\EggBot1-GH\EBB_firmware\app.X\source\ebb.c
                 __pa_179   0x004438    program     static D:\Projects\EggBot1-GH\EBB_firmware\app.X\source\ebb.c
                  __pa_18   0x003ade    program     static D:\Projects\EggBot1-GH\EBB_firmware\app.X\source\ebb.c
                  __pa_18   0x00828c    program     static D:\Projects\EggBot1-GH\EBB_firmware\app.X\source\RCServo2.c
                  __pa_18   0x007ce4    program     static D:\Projects\EggBot1-GH\EBB_firmware\Microchip\USB\usb_device.c
                  __pa_18   0x006ccc    program     static D:\Projects\EggBot1-GH\EBB_firmware\app.X\source\UBW.c
                 __pa_180   0x00443e    program     static D:\Projects\EggBot1-GH\EBB_firmware\app.X\source\ebb.c
                 __pa_181   0x004446    program     static D:\Projects\EggBot1-GH\EBB_firmware\app.X\source\ebb.c
                 __pa_182   0x00444e    program     static D:\Projects\EggBot1-GH\EBB_firmware\app.X\source\ebb.c
                 __pa_183   0x004456    program     static D:\Projects\EggBot1-GH\EBB_firmware\app.X\source\ebb.c
                 __pa_184   0x00445e    program     static D:\Projects\EggBot1-GH\EBB_firmware\app.X\source\ebb.c
                 __pa_185   0x004468    program     static D:\Projects\EggBot1-GH\EBB_firmware\app.X\source\ebb.c
                 __pa_186   0x004470    program     static D:\Projects\EggBot1-GH\EBB_firmware\app.X\source\ebb.c
                 __pa_187   0x004478    program     static D:\Projects\EggBot1-GH\EBB_firmware\app.X\source\ebb.c
                 __pa_188   0x004484    program     static D:\Projects\EggBot1-GH\EBB_firmware\app.X\source\ebb.c
                 __pa_189   0x00448a    program     static D:\Projects\EggBot1-GH\EBB_firmware\app.X\source\ebb.c
                  __pa_19   0x003ae8    program     static D:\Projects\EggBot1-GH\EBB_firmware\app.X\source\ebb.c
                  __pa_19   0x007cec    program     static D:\Projects\EggBot1-GH\EBB_firmware\Microchip\USB\usb_device.c
                  __pa_19   0x00829a    program     static D:\Projects\EggBot1-GH\EBB_firmware\app.X\source\RCServo2.c
                  __pa_19   0x006ce0    program     static D:\Projects\EggBot1-GH\EBB_firmware\app.X\source\UBW.c
                 __pa_190   0x004496    program     static D:\Projects\EggBot1-GH\EBB_firmware\app.X\source\ebb.c
                   __pa_2   0x008a4c    program     static D:\Projects\EggBot1-GH\EBB_firmware\Microchip\USB\CDC Device Driver\usb_function_cdc.c
                   __pa_2   0x007c10    program     static D:\Projects\EggBot1-GH\EBB_firmware\Microchip\USB\usb_device.c
                   __pa_2   0x0081ce    program     static D:\Projects\EggBot1-GH\EBB_firmware\app.X\source\RCServo2.c
                   __pa_2   0x008f34    program     static D:\Projects\EggBot1-GH\EBB_firmware\app.X\source\ebb_print.c
                   __pa_2   0x006c2a    program     static D:\Projects\EggBot1-GH\EBB_firmware\app.X\source\UBW.c
                   __pa_2   0x0038fe    program     static D:\Projects\EggBot1-GH\EBB_firmware\app.X\source\ebb.c
                  __pa_20   0x0082a4    program     static D:\Projects\EggBot1-GH\EBB_firmware\app.X\source\RCServo2.c
                  __pa_20   0x003af4    program     static D:\Projects\EggBot1-GH\EBB_firmware\app.X\source\ebb.c
                  __pa_20   0x007cf4    program     static D:\Projects\EggBot1-GH\EBB_firmware\Microchip\USB\usb_device.c
                  __pa_20   0x006cec    program     static D:\Projects\EggBot1-GH\EBB_firmware\app.X\source\UBW.c
                  __pa_21   0x006cf6    program     static D:\Projects\EggBot1-GH\EBB_firmware\app.X\source\UBW.c
                  __pa_21   0x007d00    program     static D:\Projects\EggBot1-GH\EBB_firmware\Microchip\USB\usb_device.c
                  __pa_21   0x003af8    program     static D:\Projects\EggBot1-GH\EBB_firmware\app.X\source\ebb.c
                  __pa_22   0x007d10    program     static D:\Projects\EggBot1-GH\EBB_firmware\Microchip\USB\usb_device.c
                  __pa_22   0x003b00    program     static D:\Projects\EggBot1-GH\EBB_firmware\app.X\source\ebb.c
                  __pa_22   0x006d04    program     static D:\Projects\EggBot1-GH\EBB_firmware\app.X\source\UBW.c
                  __pa_23   0x003b06    program     static D:\Projects\EggBot1-GH\EBB_firmware\app.X\source\ebb.c
                  __pa_23   0x006d16    program     static D:\Projects\EggBot1-GH\EBB_firmware\app.X\source\UBW.c
                  __pa_23   0x007d1e    program     static D:\Projects\EggBot1-GH\EBB_firmware\Microchip\USB\usb_device.c
                  __pa_24   0x003b50    program     static D:\Projects\EggBot1-GH\EBB_firmware\app.X\source\ebb.c
                  __pa_24   0x007d2c    program     static D:\Projects\EggBot1-GH\EBB_firmware\Microchip\USB\usb_device.c
                  __pa_24   0x006d1e    program     static D:\Projects\EggBot1-GH\EBB_firmware\app.X\source\UBW.c
                  __pa_25   0x006d2a    program     static D:\Projects\EggBot1-GH\EBB_firmware\app.X\source\UBW.c
                  __pa_25   0x003b5a    program     static D:\Projects\EggBot1-GH\EBB_firmware\app.X\source\ebb.c
                  __pa_25   0x007d3a    program     static D:\Projects\EggBot1-GH\EBB_firmware\Microchip\USB\usb_device.c
                  __pa_26   0x007d48    program     static D:\Projects\EggBot1-GH\EBB_firmware\Microchip\USB\usb_device.c
                  __pa_26   0x003b7c    program     static D:\Projects\EggBot1-GH\EBB_firmware\app.X\source\ebb.c
                  __pa_26   0x006d32    program     static D:\Projects\EggBot1-GH\EBB_firmware\app.X\source\UBW.c
                  __pa_27   0x006d3c    program     static D:\Projects\EggBot1-GH\EBB_firmware\app.X\source\UBW.c
                  __pa_27   0x003b88    program     static D:\Projects\EggBot1-GH\EBB_firmware\app.X\source\ebb.c
                  __pa_27   0x007d52    program     static D:\Projects\EggBot1-GH\EBB_firmware\Microchip\USB\usb_device.c
                  __pa_28   0x007d6a    program     static D:\Projects\EggBot1-GH\EBB_firmware\Microchip\USB\usb_device.c
                  __pa_28   0x006d5e    program     static D:\Projects\EggBot1-GH\EBB_firmware\app.X\source\UBW.c
                  __pa_28   0x003b9c    program     static D:\Projects\EggBot1-GH\EBB_firmware\app.X\source\ebb.c
                  __pa_29   0x006d6c    program     static D:\Projects\EggBot1-GH\EBB_firmware\app.X\source\UBW.c
                  __pa_29   0x007d76    program     static D:\Projects\EggBot1-GH\EBB_firmware\Microchip\USB\usb_device.c
                  __pa_29   0x003bb2    program     static D:\Projects\EggBot1-GH\EBB_firmware\app.X\source\ebb.c
                   __pa_3   0x008f52    program     static D:\Projects\EggBot1-GH\EBB_firmware\app.X\source\ebb_print.c
                   __pa_3   0x006c30    program     static D:\Projects\EggBot1-GH\EBB_firmware\app.X\source\UBW.c
                   __pa_3   0x008a5e    program     static D:\Projects\EggBot1-GH\EBB_firmware\Microchip\USB\CDC Device Driver\usb_function_cdc.c
                   __pa_3   0x007c18    program     static D:\Projects\EggBot1-GH\EBB_firmware\Microchip\USB\usb_device.c
                   __pa_3   0x003914    program     static D:\Projects\EggBot1-GH\EBB_firmware\app.X\source\ebb.c
                   __pa_3   0x0081d8    program     static D:\Projects\EggBot1-GH\EBB_firmware\app.X\source\RCServo2.c
                  __pa_30   0x003bba    program     static D:\Projects\EggBot1-GH\EBB_firmware\app.X\source\ebb.c
                  __pa_30   0x006d7a    program     static D:\Projects\EggBot1-GH\EBB_firmware\app.X\source\UBW.c
                  __pa_30   0x007d7e    program     static D:\Projects\EggBot1-GH\EBB_firmware\Microchip\USB\usb_device.c
                  __pa_31   0x003bc8    program     static D:\Projects\EggBot1-GH\EBB_firmware\app.X\source\ebb.c
                  __pa_31   0x006d84    program     static D:\Projects\EggBot1-GH\EBB_firmware\app.X\source\UBW.c
                  __pa_31   0x007d92    program     static D:\Projects\EggBot1-GH\EBB_firmware\Microchip\USB\usb_device.c
                  __pa_32   0x007da4    program     static D:\Projects\EggBot1-GH\EBB_firmware\Microchip\USB\usb_device.c
                  __pa_32   0x006da6    program     static D:\Projects\EggBot1-GH\EBB_firmware\app.X\source\UBW.c
                  __pa_32   0x003bd0    program     static D:\Projects\EggBot1-GH\EBB_firmware\app.X\source\ebb.c
                  __pa_33   0x007db2    program     static D:\Projects\EggBot1-GH\EBB_firmware\Microchip\USB\usb_device.c
                  __pa_33   0x006db0    program     static D:\Projects\EggBot1-GH\EBB_firmware\app.X\source\UBW.c
                  __pa_33   0x003bd8    program     static D:\Projects\EggBot1-GH\EBB_firmware\app.X\source\ebb.c
                  __pa_34   0x007dbc    program     static D:\Projects\EggBot1-GH\EBB_firmware\Microchip\USB\usb_device.c
                  __pa_34   0x006db6    program     static D:\Projects\EggBot1-GH\EBB_firmware\app.X\source\UBW.c
                  __pa_34   0x003be0    program     static D:\Projects\EggBot1-GH\EBB_firmware\app.X\source\ebb.c
                  __pa_35   0x003be8    program     static D:\Projects\EggBot1-GH\EBB_firmware\app.X\source\ebb.c
                  __pa_35   0x007dc6    program     static D:\Projects\EggBot1-GH\EBB_firmware\Microchip\USB\usb_device.c
                  __pa_35   0x006dc4    program     static D:\Projects\EggBot1-GH\EBB_firmware\app.X\source\UBW.c
                  __pa_36   0x003bf0    program     static D:\Projects\EggBot1-GH\EBB_firmware\app.X\source\ebb.c
                  __pa_36   0x007dcc    program     static D:\Projects\EggBot1-GH\EBB_firmware\Microchip\USB\usb_device.c
                  __pa_36   0x006dca    program     static D:\Projects\EggBot1-GH\EBB_firmware\app.X\source\UBW.c
                  __pa_37   0x003bf8    program     static D:\Projects\EggBot1-GH\EBB_firmware\app.X\source\ebb.c
                  __pa_37   0x006dd0    program     static D:\Projects\EggBot1-GH\EBB_firmware\app.X\source\UBW.c
                  __pa_37   0x007dd4    program     static D:\Projects\EggBot1-GH\EBB_firmware\Microchip\USB\usb_device.c
                  __pa_38   0x007dda    program     static D:\Projects\EggBot1-GH\EBB_firmware\Microchip\USB\usb_device.c
                  __pa_38   0x006dda    program     static D:\Projects\EggBot1-GH\EBB_firmware\app.X\source\UBW.c
                  __pa_38   0x003c00    program     static D:\Projects\EggBot1-GH\EBB_firmware\app.X\source\ebb.c
                  __pa_39   0x003c0c    program     static D:\Projects\EggBot1-GH\EBB_firmware\app.X\source\ebb.c
                  __pa_39   0x006df6    program     static D:\Projects\EggBot1-GH\EBB_firmware\app.X\source\UBW.c
                  __pa_39   0x007de8    program     static D:\Projects\EggBot1-GH\EBB_firmware\Microchip\USB\usb_device.c
                   __pa_4   0x008f6a    program     static D:\Projects\EggBot1-GH\EBB_firmware\app.X\source\ebb_print.c
                   __pa_4   0x0081e2    program     static D:\Projects\EggBot1-GH\EBB_firmware\app.X\source\RCServo2.c
                   __pa_4   0x003936    program     static D:\Projects\EggBot1-GH\EBB_firmware\app.X\source\ebb.c
                   __pa_4   0x007c22    program     static D:\Projects\EggBot1-GH\EBB_firmware\Microchip\USB\usb_device.c
                   __pa_4   0x008a78    program     static D:\Projects\EggBot1-GH\EBB_firmware\Microchip\USB\CDC Device Driver\usb_function_cdc.c
                   __pa_4   0x006c38    program     static D:\Projects\EggBot1-GH\EBB_firmware\app.X\source\UBW.c
                  __pa_40   0x003c30    program     static D:\Projects\EggBot1-GH\EBB_firmware\app.X\source\ebb.c
                  __pa_40   0x006e00    program     static D:\Projects\EggBot1-GH\EBB_firmware\app.X\source\UBW.c
                  __pa_40   0x007df6    program     static D:\Projects\EggBot1-GH\EBB_firmware\Microchip\USB\usb_device.c
                  __pa_41   0x006e0a    program     static D:\Projects\EggBot1-GH\EBB_firmware\app.X\source\UBW.c
                  __pa_41   0x007e04    program     static D:\Projects\EggBot1-GH\EBB_firmware\Microchip\USB\usb_device.c
                  __pa_41   0x003c54    program     static D:\Projects\EggBot1-GH\EBB_firmware\app.X\source\ebb.c
                  __pa_42   0x006e14    program     static D:\Projects\EggBot1-GH\EBB_firmware\app.X\source\UBW.c
                  __pa_42   0x007e0e    program     static D:\Projects\EggBot1-GH\EBB_firmware\Microchip\USB\usb_device.c
                  __pa_42   0x003c68    program     static D:\Projects\EggBot1-GH\EBB_firmware\app.X\source\ebb.c
                  __pa_43   0x007e18    program     static D:\Projects\EggBot1-GH\EBB_firmware\Microchip\USB\usb_device.c
                  __pa_43   0x006e2c    program     static D:\Projects\EggBot1-GH\EBB_firmware\app.X\source\UBW.c
                  __pa_43   0x003c76    program     static D:\Projects\EggBot1-GH\EBB_firmware\app.X\source\ebb.c
                  __pa_44   0x003c88    program     static D:\Projects\EggBot1-GH\EBB_firmware\app.X\source\ebb.c
                  __pa_44   0x007e20    program     static D:\Projects\EggBot1-GH\EBB_firmware\Microchip\USB\usb_device.c
                  __pa_44   0x006e34    program     static D:\Projects\EggBot1-GH\EBB_firmware\app.X\source\UBW.c
                  __pa_45   0x003c9a    program     static D:\Projects\EggBot1-GH\EBB_firmware\app.X\source\ebb.c
                  __pa_45   0x006e3a    program     static D:\Projects\EggBot1-GH\EBB_firmware\app.X\source\UBW.c
                  __pa_45   0x007e2c    program     static D:\Projects\EggBot1-GH\EBB_firmware\Microchip\USB\usb_device.c
                  __pa_46   0x007e36    program     static D:\Projects\EggBot1-GH\EBB_firmware\Microchip\USB\usb_device.c
                  __pa_46   0x003ca6    program     static D:\Projects\EggBot1-GH\EBB_firmware\app.X\source\ebb.c
                  __pa_46   0x006e44    program     static D:\Projects\EggBot1-GH\EBB_firmware\app.X\source\UBW.c
                  __pa_47   0x003cbc    program     static D:\Projects\EggBot1-GH\EBB_firmware\app.X\source\ebb.c
                  __pa_47   0x006e4a    program     static D:\Projects\EggBot1-GH\EBB_firmware\app.X\source\UBW.c
                  __pa_48   0x003cc4    program     static D:\Projects\EggBot1-GH\EBB_firmware\app.X\source\ebb.c
                  __pa_48   0x006e56    program     static D:\Projects\EggBot1-GH\EBB_firmware\app.X\source\UBW.c
                  __pa_49   0x003cd4    program     static D:\Projects\EggBot1-GH\EBB_firmware\app.X\source\ebb.c
                  __pa_49   0x006e60    program     static D:\Projects\EggBot1-GH\EBB_firmware\app.X\source\UBW.c
                   __pa_5   0x007c2c    program     static D:\Projects\EggBot1-GH\EBB_firmware\Microchip\USB\usb_device.c
                   __pa_5   0x008a82    program     static D:\Projects\EggBot1-GH\EBB_firmware\Microchip\USB\CDC Device Driver\usb_function_cdc.c
                   __pa_5   0x0081f2    program     static D:\Projects\EggBot1-GH\EBB_firmware\app.X\source\RCServo2.c
                   __pa_5   0x00393e    program     static D:\Projects\EggBot1-GH\EBB_firmware\app.X\source\ebb.c
                   __pa_5   0x008f74    program     static D:\Projects\EggBot1-GH\EBB_firmware\app.X\source\ebb_print.c
                   __pa_5   0x006c40    program     static D:\Projects\EggBot1-GH\EBB_firmware\app.X\source\UBW.c
                  __pa_50   0x006e6e    program     static D:\Projects\EggBot1-GH\EBB_firmware\app.X\source\UBW.c
                  __pa_50   0x003cd8    program     static D:\Projects\EggBot1-GH\EBB_firmware\app.X\source\ebb.c
                  __pa_51   0x006e7c    program     static D:\Projects\EggBot1-GH\EBB_firmware\app.X\source\UBW.c
                  __pa_51   0x003cfa    program     static D:\Projects\EggBot1-GH\EBB_firmware\app.X\source\ebb.c
                  __pa_52   0x003d12    program     static D:\Projects\EggBot1-GH\EBB_firmware\app.X\source\ebb.c
                  __pa_52   0x006e8a    program     static D:\Projects\EggBot1-GH\EBB_firmware\app.X\source\UBW.c
                  __pa_53   0x006e98    program     static D:\Projects\EggBot1-GH\EBB_firmware\app.X\source\UBW.c
                  __pa_53   0x003d18    program     static D:\Projects\EggBot1-GH\EBB_firmware\app.X\source\ebb.c
                  __pa_54   0x003d1e    program     static D:\Projects\EggBot1-GH\EBB_firmware\app.X\source\ebb.c
                  __pa_54   0x006ea6    program     static D:\Projects\EggBot1-GH\EBB_firmware\app.X\source\UBW.c
                  __pa_55   0x003d32    program     static D:\Projects\EggBot1-GH\EBB_firmware\app.X\source\ebb.c
                  __pa_55   0x006eb4    program     static D:\Projects\EggBot1-GH\EBB_firmware\app.X\source\UBW.c
                  __pa_56   0x003d44    program     static D:\Projects\EggBot1-GH\EBB_firmware\app.X\source\ebb.c
                  __pa_56   0x006ebe    program     static D:\Projects\EggBot1-GH\EBB_firmware\app.X\source\UBW.c
                  __pa_57   0x003d56    program     static D:\Projects\EggBot1-GH\EBB_firmware\app.X\source\ebb.c
                  __pa_57   0x006ec8    program     static D:\Projects\EggBot1-GH\EBB_firmware\app.X\source\UBW.c
                  __pa_58   0x003d68    program     static D:\Projects\EggBot1-GH\EBB_firmware\app.X\source\ebb.c
                  __pa_58   0x006ed0    program     static D:\Projects\EggBot1-GH\EBB_firmware\app.X\source\UBW.c
                  __pa_59   0x006ed8    program     static D:\Projects\EggBot1-GH\EBB_firmware\app.X\source\UBW.c
                  __pa_59   0x003d7a    program     static D:\Projects\EggBot1-GH\EBB_firmware\app.X\source\ebb.c
                   __pa_6   0x0081f6    program     static D:\Projects\EggBot1-GH\EBB_firmware\app.X\source\RCServo2.c
                   __pa_6   0x008f80    program     static D:\Projects\EggBot1-GH\EBB_firmware\app.X\source\ebb_print.c
                   __pa_6   0x008a8a    program     static D:\Projects\EggBot1-GH\EBB_firmware\Microchip\USB\CDC Device Driver\usb_function_cdc.c
                   __pa_6   0x006c4a    program     static D:\Projects\EggBot1-GH\EBB_firmware\app.X\source\UBW.c
                   __pa_6   0x003a08    program     static D:\Projects\EggBot1-GH\EBB_firmware\app.X\source\ebb.c
                   __pa_6   0x007c36    program     static D:\Projects\EggBot1-GH\EBB_firmware\Microchip\USB\usb_device.c
                  __pa_60   0x003d8c    program     static D:\Projects\EggBot1-GH\EBB_firmware\app.X\source\ebb.c
                  __pa_60   0x006ee6    program     static D:\Projects\EggBot1-GH\EBB_firmware\app.X\source\UBW.c
                  __pa_61   0x006ef0    program     static D:\Projects\EggBot1-GH\EBB_firmware\app.X\source\UBW.c
                  __pa_61   0x003d9e    program     static D:\Projects\EggBot1-GH\EBB_firmware\app.X\source\ebb.c
                  __pa_62   0x006ef6    program     static D:\Projects\EggBot1-GH\EBB_firmware\app.X\source\UBW.c
                  __pa_62   0x003daa    program     static D:\Projects\EggBot1-GH\EBB_firmware\app.X\source\ebb.c
                  __pa_63   0x006efe    program     static D:\Projects\EggBot1-GH\EBB_firmware\app.X\source\UBW.c
                  __pa_63   0x003db0    program     static D:\Projects\EggBot1-GH\EBB_firmware\app.X\source\ebb.c
                  __pa_64   0x006f08    program     static D:\Projects\EggBot1-GH\EBB_firmware\app.X\source\UBW.c
                  __pa_64   0x003db8    program     static D:\Projects\EggBot1-GH\EBB_firmware\app.X\source\ebb.c
                  __pa_65   0x006f10    program     static D:\Projects\EggBot1-GH\EBB_firmware\app.X\source\UBW.c
                  __pa_65   0x003dc8    program     static D:\Projects\EggBot1-GH\EBB_firmware\app.X\source\ebb.c
                  __pa_66   0x003dd8    program     static D:\Projects\EggBot1-GH\EBB_firmware\app.X\source\ebb.c
                  __pa_66   0x006f18    program     static D:\Projects\EggBot1-GH\EBB_firmware\app.X\source\UBW.c
                  __pa_67   0x003df0    program     static D:\Projects\EggBot1-GH\EBB_firmware\app.X\source\ebb.c
                  __pa_67   0x006f2e    program     static D:\Projects\EggBot1-GH\EBB_firmware\app.X\source\UBW.c
                  __pa_68   0x003dfa    program     static D:\Projects\EggBot1-GH\EBB_firmware\app.X\source\ebb.c
                  __pa_68   0x006f38    program     static D:\Projects\EggBot1-GH\EBB_firmware\app.X\source\UBW.c
                  __pa_69   0x006f44    program     static D:\Projects\EggBot1-GH\EBB_firmware\app.X\source\UBW.c
                  __pa_69   0x003e04    program     static D:\Projects\EggBot1-GH\EBB_firmware\app.X\source\ebb.c
                   __pa_7   0x00820a    program     static D:\Projects\EggBot1-GH\EBB_firmware\app.X\source\RCServo2.c
                   __pa_7   0x008f90    program     static D:\Projects\EggBot1-GH\EBB_firmware\app.X\source\ebb_print.c
                   __pa_7   0x008a98    program     static D:\Projects\EggBot1-GH\EBB_firmware\Microchip\USB\CDC Device Driver\usb_function_cdc.c
                   __pa_7   0x006c58    program     static D:\Projects\EggBot1-GH\EBB_firmware\app.X\source\UBW.c
                   __pa_7   0x007c3e    program     static D:\Projects\EggBot1-GH\EBB_firmware\Microchip\USB\usb_device.c
                   __pa_7   0x003a12    program     static D:\Projects\EggBot1-GH\EBB_firmware\app.X\source\ebb.c
                  __pa_70   0x003e0e    program     static D:\Projects\EggBot1-GH\EBB_firmware\app.X\source\ebb.c
                  __pa_70   0x006f5a    program     static D:\Projects\EggBot1-GH\EBB_firmware\app.X\source\UBW.c
                  __pa_71   0x003e1a    program     static D:\Projects\EggBot1-GH\EBB_firmware\app.X\source\ebb.c
                  __pa_71   0x006f68    program     static D:\Projects\EggBot1-GH\EBB_firmware\app.X\source\UBW.c
                  __pa_72   0x006f6e    program     static D:\Projects\EggBot1-GH\EBB_firmware\app.X\source\UBW.c
                  __pa_72   0x003e26    program     static D:\Projects\EggBot1-GH\EBB_firmware\app.X\source\ebb.c
                  __pa_73   0x003e3c    program     static D:\Projects\EggBot1-GH\EBB_firmware\app.X\source\ebb.c
                  __pa_73   0x006f7e    program     static D:\Projects\EggBot1-GH\EBB_firmware\app.X\source\UBW.c
                  __pa_74   0x003e4a    program     static D:\Projects\EggBot1-GH\EBB_firmware\app.X\source\ebb.c
                  __pa_74   0x006f8e    program     static D:\Projects\EggBot1-GH\EBB_firmware\app.X\source\UBW.c
                  __pa_75   0x003e54    program     static D:\Projects\EggBot1-GH\EBB_firmware\app.X\source\ebb.c
                  __pa_75   0x006f98    program     static D:\Projects\EggBot1-GH\EBB_firmware\app.X\source\UBW.c
                  __pa_76   0x003e5a    program     static D:\Projects\EggBot1-GH\EBB_firmware\app.X\source\ebb.c
                  __pa_76   0x006fa2    program     static D:\Projects\EggBot1-GH\EBB_firmware\app.X\source\UBW.c
                  __pa_77   0x006fac    program     static D:\Projects\EggBot1-GH\EBB_firmware\app.X\source\UBW.c
                  __pa_77   0x003e6c    program     static D:\Projects\EggBot1-GH\EBB_firmware\app.X\source\ebb.c
                  __pa_78   0x003e7e    program     static D:\Projects\EggBot1-GH\EBB_firmware\app.X\source\ebb.c
                  __pa_78   0x006fb4    program     static D:\Projects\EggBot1-GH\EBB_firmware\app.X\source\UBW.c
                  __pa_79   0x006fbc    program     static D:\Projects\EggBot1-GH\EBB_firmware\app.X\source\UBW.c
                  __pa_79   0x003e90    program     static D:\Projects\EggBot1-GH\EBB_firmware\app.X\source\ebb.c
                   __pa_8   0x008214    program     static D:\Projects\EggBot1-GH\EBB_firmware\app.X\source\RCServo2.c
                   __pa_8   0x008f9e    program     static D:\Projects\EggBot1-GH\EBB_firmware\app.X\source\ebb_print.c
                   __pa_8   0x008aa6    program     static D:\Projects\EggBot1-GH\EBB_firmware\Microchip\USB\CDC Device Driver\usb_function_cdc.c
                   __pa_8   0x003a26    program     static D:\Projects\EggBot1-GH\EBB_firmware\app.X\source\ebb.c
                   __pa_8   0x006c60    program     static D:\Projects\EggBot1-GH\EBB_firmware\app.X\source\UBW.c
                   __pa_8   0x007c4e    program     static D:\Projects\EggBot1-GH\EBB_firmware\Microchip\USB\usb_device.c
                  __pa_80   0x006fc2    program     static D:\Projects\EggBot1-GH\EBB_firmware\app.X\source\UBW.c
                  __pa_80   0x003ea2    program     static D:\Projects\EggBot1-GH\EBB_firmware\app.X\source\ebb.c
                  __pa_81   0x006fce    program     static D:\Projects\EggBot1-GH\EBB_firmware\app.X\source\UBW.c
                  __pa_81   0x003eb4    program     static D:\Projects\EggBot1-GH\EBB_firmware\app.X\source\ebb.c
                  __pa_82   0x003ec6    program     static D:\Projects\EggBot1-GH\EBB_firmware\app.X\source\ebb.c
                  __pa_82   0x006fdc    program     static D:\Projects\EggBot1-GH\EBB_firmware\app.X\source\UBW.c
                  __pa_83   0x006fea    program     static D:\Projects\EggBot1-GH\EBB_firmware\app.X\source\UBW.c
                  __pa_83   0x003ed8    program     static D:\Projects\EggBot1-GH\EBB_firmware\app.X\source\ebb.c
                  __pa_84   0x003ee4    program     static D:\Projects\EggBot1-GH\EBB_firmware\app.X\source\ebb.c
                  __pa_84   0x006ff2    program     static D:\Projects\EggBot1-GH\EBB_firmware\app.X\source\UBW.c
                  __pa_85   0x003ef0    program     static D:\Projects\EggBot1-GH\EBB_firmware\app.X\source\ebb.c
                  __pa_85   0x006ffe    program     static D:\Projects\EggBot1-GH\EBB_firmware\app.X\source\UBW.c
                  __pa_86   0x00700c    program     static D:\Projects\EggBot1-GH\EBB_firmware\app.X\source\UBW.c
                  __pa_86   0x003ef6    program     static D:\Projects\EggBot1-GH\EBB_firmware\app.X\source\ebb.c
                  __pa_87   0x007018    program     static D:\Projects\EggBot1-GH\EBB_firmware\app.X\source\UBW.c
                  __pa_87   0x003f02    program     static D:\Projects\EggBot1-GH\EBB_firmware\app.X\source\ebb.c
                  __pa_88   0x003f0c    program     static D:\Projects\EggBot1-GH\EBB_firmware\app.X\source\ebb.c
                  __pa_88   0x007022    program     static D:\Projects\EggBot1-GH\EBB_firmware\app.X\source\UBW.c
                  __pa_89   0x007030    program     static D:\Projects\EggBot1-GH\EBB_firmware\app.X\source\UBW.c
                  __pa_89   0x003f16    program     static D:\Projects\EggBot1-GH\EBB_firmware\app.X\source\ebb.c
                   __pa_9   0x008ab0    program     static D:\Projects\EggBot1-GH\EBB_firmware\Microchip\USB\CDC Device Driver\usb_function_cdc.c
                   __pa_9   0x003a68    program     static D:\Projects\EggBot1-GH\EBB_firmware\app.X\source\ebb.c
                   __pa_9   0x008226    program     static D:\Projects\EggBot1-GH\EBB_firmware\app.X\source\RCServo2.c
                   __pa_9   0x008fa8    program     static D:\Projects\EggBot1-GH\EBB_firmware\app.X\source\ebb_print.c
                   __pa_9   0x006c66    program     static D:\Projects\EggBot1-GH\EBB_firmware\app.X\source\UBW.c
                   __pa_9   0x007c58    program     static D:\Projects\EggBot1-GH\EBB_firmware\Microchip\USB\usb_device.c
                  __pa_90   0x003f20    program     static D:\Projects\EggBot1-GH\EBB_firmware\app.X\source\ebb.c
                  __pa_90   0x00703c    program     static D:\Projects\EggBot1-GH\EBB_firmware\app.X\source\UBW.c
                  __pa_91   0x003f28    program     static D:\Projects\EggBot1-GH\EBB_firmware\app.X\source\ebb.c
                  __pa_91   0x007046    program     static D:\Projects\EggBot1-GH\EBB_firmware\app.X\source\UBW.c
                  __pa_92   0x007050    program     static D:\Projects\EggBot1-GH\EBB_firmware\app.X\source\UBW.c
                  __pa_92   0x003f38    program     static D:\Projects\EggBot1-GH\EBB_firmware\app.X\source\ebb.c
                  __pa_93   0x00705a    program     static D:\Projects\EggBot1-GH\EBB_firmware\app.X\source\UBW.c
                  __pa_93   0x003f48    program     static D:\Projects\EggBot1-GH\EBB_firmware\app.X\source\ebb.c
                  __pa_94   0x007062    program     static D:\Projects\EggBot1-GH\EBB_firmware\app.X\source\UBW.c
                  __pa_94   0x003f58    program     static D:\Projects\EggBot1-GH\EBB_firmware\app.X\source\ebb.c
                  __pa_95   0x003f68    program     static D:\Projects\EggBot1-GH\EBB_firmware\app.X\source\ebb.c
                  __pa_95   0x00706a    program     static D:\Projects\EggBot1-GH\EBB_firmware\app.X\source\UBW.c
[...]
                   EECON2   0x000fa7       data     extern E:\3.46\pic18-lt\cxx-framework\src\traditional\proc\p18f46j50.asm
               TXSTA2bits   0x000fa8       data     extern E:\3.46\pic18-lt\cxx-framework\src\traditional\proc\p18f46j50.asm
                   TXSTA2   0x000fa8       data     extern E:\3.46\pic18-lt\cxx-framework\src\traditional\proc\p18f46j50.asm
                   TXREG2   0x000fa9       data     extern E:\3.46\pic18-lt\cxx-framework\src\traditional\proc\p18f46j50.asm
                   RCREG2   0x000faa       data     extern E:\3.46\pic18-lt\cxx-framework\src\traditional\proc\p18f46j50.asm
                   SPBRG2   0x000fab       data     extern E:\3.46\pic18-lt\cxx-framework\src\traditional\proc\p18f46j50.asm
                    RCSTA   0x000fac       data     extern E:\3.46\pic18-lt\cxx-framework\src\traditional\proc\p18f46j50.asm
                RCSTAbits   0x000fac       data     extern E:\3.46\pic18-lt\cxx-framework\src\traditional\proc\p18f46j50.asm
                   RCSTA1   0x000fac       data     extern E:\3.46\pic18-lt\cxx-framework\src\traditional\proc\p18f46j50.asm
               RCSTA1bits   0x000fac       data     extern E:\3.46\pic18-lt\cxx-framework\src\traditional\proc\p18f46j50.asm
                TXSTAbits   0x000fad       data     extern E:\3.46\pic18-lt\cxx-framework\src\traditional\proc\p18f46j50.asm
               TXSTA1bits   0x000fad       data     extern E:\3.46\pic18-lt\cxx-framework\src\traditional\proc\p18f46j50.asm
                   TXSTA1   0x000fad       data     extern E:\3.46\pic18-lt\cxx-framework\src\traditional\proc\p18f46j50.asm
                    TXSTA   0x000fad       data     extern E:\3.46\pic18-lt\cxx-framework\src\traditional\proc\p18f46j50.asm
                   TXREG1   0x000fae       data     extern E:\3.46\pic18-lt\cxx-framework\src\traditional\proc\p18f46j50.asm
                    TXREG   0x000fae       data     extern E:\3.46\pic18-lt\cxx-framework\src\traditional\proc\p18f46j50.asm
                    RCREG   0x000faf       data     extern E:\3.46\pic18-lt\cxx-framework\src\traditional\proc\p18f46j50.asm
                   RCREG1   0x000faf       data     extern E:\3.46\pic18-lt\cxx-framework\src\traditional\proc\p18f46j50.asm
                    SPBRG   0x000fb0       data     extern E:\3.46\pic18-lt\cxx-framework\src\traditional\proc\p18f46j50.asm
                   SPBRG1   0x000fb0       data     extern E:\3.46\pic18-lt\cxx-framework\src\traditional\proc\p18f46j50.asm
                 CTMUICON   0x000fb1       data     extern E:\3.46\pic18-lt\cxx-framework\src\traditional\proc\p18f46j50.asm
             CTMUICONbits   0x000fb1       data     extern E:\3.46\pic18-lt\cxx-framework\src\traditional\proc\p18f46j50.asm
             CTMUCONLbits   0x000fb2       data     extern E:\3.46\pic18-lt\cxx-framework\src\traditional\proc\p18f46j50.asm
                 CTMUCONL   0x000fb2       data     extern E:\3.46\pic18-lt\cxx-framework\src\traditional\proc\p18f46j50.asm
                 CTMUCONH   0x000fb3       data     extern E:\3.46\pic18-lt\cxx-framework\src\traditional\proc\p18f46j50.asm
             CTMUCONHbits   0x000fb3       data     extern E:\3.46\pic18-lt\cxx-framework\src\traditional\proc\p18f46j50.asm
                  CCP2CON   0x000fb4       data     extern E:\3.46\pic18-lt\cxx-framework\src\traditional\proc\p18f46j50.asm
              CCP2CONbits   0x000fb4       data     extern E:\3.46\pic18-lt\cxx-framework\src\traditional\proc\p18f46j50.asm
                 ECCP2CON   0x000fb4       data     extern E:\3.46\pic18-lt\cxx-framework\src\traditional\proc\p18f46j50.asm
             ECCP2CONbits   0x000fb4       data     extern E:\3.46\pic18-lt\cxx-framework\src\traditional\proc\p18f46j50.asm
                   CCPR2L   0x000fb5       data     extern E:\3.46\pic18-lt\cxx-framework\src\traditional\proc\p18f46j50.asm
                    CCPR2   0x000fb5       data     extern E:\3.46\pic18-lt\cxx-framework\src\traditional\proc\p18f46j50.asm
                   CCPR2H   0x000fb6       data     extern E:\3.46\pic18-lt\cxx-framework\src\traditional\proc\p18f46j50.asm
              PWM2CONbits   0x000fb7       data     extern E:\3.46\pic18-lt\cxx-framework\src\traditional\proc\p18f46j50.asm
             ECCP2DELbits   0x000fb7       data     extern E:\3.46\pic18-lt\cxx-framework\src\traditional\proc\p18f46j50.asm
                 ECCP2DEL   0x000fb7       data     extern E:\3.46\pic18-lt\cxx-framework\src\traditional\proc\p18f46j50.asm
                  PWM2CON   0x000fb7       data     extern E:\3.46\pic18-lt\cxx-framework\src\traditional\proc\p18f46j50.asm
                  ECCP2AS   0x000fb8       data     extern E:\3.46\pic18-lt\cxx-framework\src\traditional\proc\p18f46j50.asm
              ECCP2ASbits   0x000fb8       data     extern E:\3.46\pic18-lt\cxx-framework\src\traditional\proc\p18f46j50.asm
                 PSTR2CON   0x000fb9       data     extern E:\3.46\pic18-lt\cxx-framework\src\traditional\proc\p18f46j50.asm
             PSTR2CONbits   0x000fb9       data     extern E:\3.46\pic18-lt\cxx-framework\src\traditional\proc\p18f46j50.asm
              CCP1CONbits   0x000fba       data     extern E:\3.46\pic18-lt\cxx-framework\src\traditional\proc\p18f46j50.asm
                  CCP1CON   0x000fba       data     extern E:\3.46\pic18-lt\cxx-framework\src\traditional\proc\p18f46j50.asm
                 ECCP1CON   0x000fba       data     extern E:\3.46\pic18-lt\cxx-framework\src\traditional\proc\p18f46j50.asm
             ECCP1CONbits   0x000fba       data     extern E:\3.46\pic18-lt\cxx-framework\src\traditional\proc\p18f46j50.asm
                   CCPR1L   0x000fbb       data     extern E:\3.46\pic18-lt\cxx-framework\src\traditional\proc\p18f46j50.asm
                    CCPR1   0x000fbb       data     extern E:\3.46\pic18-lt\cxx-framework\src\traditional\proc\p18f46j50.asm
                   CCPR1H   0x000fbc       data     extern E:\3.46\pic18-lt\cxx-framework\src\traditional\proc\p18f46j50.asm
             ECCP1DELbits   0x000fbd       data     extern E:\3.46\pic18-lt\cxx-framework\src\traditional\proc\p18f46j50.asm
                  PWM1CON   0x000fbd       data     extern E:\3.46\pic18-lt\cxx-framework\src\traditional\proc\p18f46j50.asm
                 ECCP1DEL   0x000fbd       data     extern E:\3.46\pic18-lt\cxx-framework\src\traditional\proc\p18f46j50.asm
              PWM1CONbits   0x000fbd       data     extern E:\3.46\pic18-lt\cxx-framework\src\traditional\proc\p18f46j50.asm
              ECCP1ASbits   0x000fbe       data     extern E:\3.46\pic18-lt\cxx-framework\src\traditional\proc\p18f46j50.asm
                  ECCP1AS   0x000fbe       data     extern E:\3.46\pic18-lt\cxx-framework\src\traditional\proc\p18f46j50.asm
                 PSTR1CON   0x000fbf       data     extern E:\3.46\pic18-lt\cxx-framework\src\traditional\proc\p18f46j50.asm
             PSTR1CONbits   0x000fbf       data     extern E:\3.46\pic18-lt\cxx-framework\src\traditional\proc\p18f46j50.asm
                   WDTCON   0x000fc0       data     extern E:\3.46\pic18-lt\cxx-framework\src\traditional\proc\p18f46j50.asm
               WDTCONbits   0x000fc0       data     extern E:\3.46\pic18-lt\cxx-framework\src\traditional\proc\p18f46j50.asm
               ADCON1bits   0x000fc1       data     extern E:\3.46\pic18-lt\cxx-framework\src\traditional\proc\p18f46j50.asm
                   ADCON1   0x000fc1       data     extern E:\3.46\pic18-lt\cxx-framework\src\traditional\proc\p18f46j50.asm
                   ADCON0   0x000fc2       data     extern E:\3.46\pic18-lt\cxx-framework\src\traditional\proc\p18f46j50.asm
               ADCON0bits   0x000fc2       data     extern E:\3.46\pic18-lt\cxx-framework\src\traditional\proc\p18f46j50.asm
                   ADRESL   0x000fc3       data     extern E:\3.46\pic18-lt\cxx-framework\src\traditional\proc\p18f46j50.asm
                    ADRES   0x000fc3       data     extern E:\3.46\pic18-lt\cxx-framework\src\traditional\proc\p18f46j50.asm
                   ADRESH   0x000fc4       data     extern E:\3.46\pic18-lt\cxx-framework\src\traditional\proc\p18f46j50.asm
              SSPCON2bits   0x000fc5       data     extern E:\3.46\pic18-lt\cxx-framework\src\traditional\proc\p18f46j50.asm
             SSP1CON2bits   0x000fc5       data     extern E:\3.46\pic18-lt\cxx-framework\src\traditional\proc\p18f46j50.asm
                 SSP1CON2   0x000fc5       data     extern E:\3.46\pic18-lt\cxx-framework\src\traditional\proc\p18f46j50.asm
                  SSPCON2   0x000fc5       data     extern E:\3.46\pic18-lt\cxx-framework\src\traditional\proc\p18f46j50.asm
             SSP1CON1bits   0x000fc6       data     extern E:\3.46\pic18-lt\cxx-framework\src\traditional\proc\p18f46j50.asm
              SSPCON1bits   0x000fc6       data     extern E:\3.46\pic18-lt\cxx-framework\src\traditional\proc\p18f46j50.asm
                  SSPCON1   0x000fc6       data     extern E:\3.46\pic18-lt\cxx-framework\src\traditional\proc\p18f46j50.asm
                 SSP1CON1   0x000fc6       data     extern E:\3.46\pic18-lt\cxx-framework\src\traditional\proc\p18f46j50.asm
              SSPSTATbits   0x000fc7       data     extern E:\3.46\pic18-lt\cxx-framework\src\traditional\proc\p18f46j50.asm
                  SSPSTAT   0x000fc7       data     extern E:\3.46\pic18-lt\cxx-framework\src\traditional\proc\p18f46j50.asm
                 SSP1STAT   0x000fc7       data     extern E:\3.46\pic18-lt\cxx-framework\src\traditional\proc\p18f46j50.asm
             SSP1STATbits   0x000fc7       data     extern E:\3.46\pic18-lt\cxx-framework\src\traditional\proc\p18f46j50.asm
              SSP1ADDbits   0x000fc8       data     extern E:\3.46\pic18-lt\cxx-framework\src\traditional\proc\p18f46j50.asm
                  SSP1ADD   0x000fc8       data     extern E:\3.46\pic18-lt\cxx-framework\src\traditional\proc\p18f46j50.asm
               SSPADDbits   0x000fc8       data     extern E:\3.46\pic18-lt\cxx-framework\src\traditional\proc\p18f46j50.asm
                   SSPADD   0x000fc8       data     extern E:\3.46\pic18-lt\cxx-framework\src\traditional\proc\p18f46j50.asm
                  SSP1BUF   0x000fc9       data     extern E:\3.46\pic18-lt\cxx-framework\src\traditional\proc\p18f46j50.asm
                   SSPBUF   0x000fc9       data     extern E:\3.46\pic18-lt\cxx-framework\src\traditional\proc\p18f46j50.asm
                    T2CON   0x000fca       data     extern E:\3.46\pic18-lt\cxx-framework\src\traditional\proc\p18f46j50.asm
                T2CONbits   0x000fca       data     extern E:\3.46\pic18-lt\cxx-framework\src\traditional\proc\p18f46j50.asm
                      PR2   0x000fcb       data     extern E:\3.46\pic18-lt\cxx-framework\src\traditional\proc\p18f46j50.asm
                     TMR2   0x000fcc       data     extern E:\3.46\pic18-lt\cxx-framework\src\traditional\proc\p18f46j50.asm
                T1CONbits   0x000fcd       data     extern E:\3.46\pic18-lt\cxx-framework\src\traditional\proc\p18f46j50.asm
                    T1CON   0x000fcd       data     extern E:\3.46\pic18-lt\cxx-framework\src\traditional\proc\p18f46j50.asm
                    TMR1L   0x000fce       data     extern E:\3.46\pic18-lt\cxx-framework\src\traditional\proc\p18f46j50.asm
                    TMR1H   0x000fcf       data     extern E:\3.46\pic18-lt\cxx-framework\src\traditional\proc\p18f46j50.asm
                 RCONbits   0x000fd0       data     extern E:\3.46\pic18-lt\cxx-framework\src\traditional\proc\p18f46j50.asm
                     RCON   0x000fd0       data     extern E:\3.46\pic18-lt\cxx-framework\src\traditional\proc\p18f46j50.asm
               CM2CONbits   0x000fd1       data     extern E:\3.46\pic18-lt\cxx-framework\src\traditional\proc\p18f46j50.asm
              CM2CON1bits   0x000fd1       data     extern E:\3.46\pic18-lt\cxx-framework\src\traditional\proc\p18f46j50.asm
                  CM2CON1   0x000fd1       data     extern E:\3.46\pic18-lt\cxx-framework\src\traditional\proc\p18f46j50.asm
                   CM2CON   0x000fd1       data     extern E:\3.46\pic18-lt\cxx-framework\src\traditional\proc\p18f46j50.asm
                   CM1CON   0x000fd2       data     extern E:\3.46\pic18-lt\cxx-framework\src\traditional\proc\p18f46j50.asm
                  CM1CON1   0x000fd2       data     extern E:\3.46\pic18-lt\cxx-framework\src\traditional\proc\p18f46j50.asm
              CM1CON1bits   0x000fd2       data     extern E:\3.46\pic18-lt\cxx-framework\src\traditional\proc\p18f46j50.asm
               CM1CONbits   0x000fd2       data     extern E:\3.46\pic18-lt\cxx-framework\src\traditional\proc\p18f46j50.asm
                   OSCCON   0x000fd3       data     extern E:\3.46\pic18-lt\cxx-framework\src\traditional\proc\p18f46j50.asm
               OSCCONbits   0x000fd3       data     extern E:\3.46\pic18-lt\cxx-framework\src\traditional\proc\p18f46j50.asm
                T0CONbits   0x000fd5       data     extern E:\3.46\pic18-lt\cxx-framework\src\traditional\proc\p18f46j50.asm
                    T0CON   0x000fd5       data     extern E:\3.46\pic18-lt\cxx-framework\src\traditional\proc\p18f46j50.asm
                    TMR0L   0x000fd6       data     extern E:\3.46\pic18-lt\cxx-framework\src\traditional\proc\p18f46j50.asm
                    TMR0H   0x000fd7       data     extern E:\3.46\pic18-lt\cxx-framework\src\traditional\proc\p18f46j50.asm
               STATUSbits   0x000fd8       data     extern E:\3.46\pic18-lt\cxx-framework\src\traditional\proc\p18f46j50.asm
                   STATUS   0x000fd8       data     extern E:\3.46\pic18-lt\cxx-framework\src\traditional\proc\p18f46j50.asm
                     FSR2   0x000fd9       data     extern E:\3.46\pic18-lt\cxx-framework\src\traditional\proc\p18f46j50.asm
                    FSR2L   0x000fd9       data     extern E:\3.46\pic18-lt\cxx-framework\src\traditional\proc\p18f46j50.asm
                    FSR2H   0x000fda       data     extern E:\3.46\pic18-lt\cxx-framework\src\traditional\proc\p18f46j50.asm
                   PLUSW2   0x000fdb       data     extern E:\3.46\pic18-lt\cxx-framework\src\traditional\proc\p18f46j50.asm
                  PREINC2   0x000fdc       data     extern E:\3.46\pic18-lt\cxx-framework\src\traditional\proc\p18f46j50.asm
                 POSTDEC2   0x000fdd       data     extern E:\3.46\pic18-lt\cxx-framework\src\traditional\proc\p18f46j50.asm
                 POSTINC2   0x000fde       data     extern E:\3.46\pic18-lt\cxx-framework\src\traditional\proc\p18f46j50.asm
                    INDF2   0x000fdf       data     extern E:\3.46\pic18-lt\cxx-framework\src\traditional\proc\p18f46j50.asm
                      BSR   0x000fe0       data     extern E:\3.46\pic18-lt\cxx-framework\src\traditional\proc\p18f46j50.asm
                     FSR1   0x000fe1       data     extern E:\3.46\pic18-lt\cxx-framework\src\traditional\proc\p18f46j50.asm
                    FSR1L   0x000fe1       data     extern E:\3.46\pic18-lt\cxx-framework\src\traditional\proc\p18f46j50.asm
                    FSR1H   0x000fe2       data     extern E:\3.46\pic18-lt\cxx-framework\src\traditional\proc\p18f46j50.asm
                   PLUSW1   0x000fe3       data     extern E:\3.46\pic18-lt\cxx-framework\src\traditional\proc\p18f46j50.asm
                  PREINC1   0x000fe4       data     extern E:\3.46\pic18-lt\cxx-framework\src\traditional\proc\p18f46j50.asm
                 POSTDEC1   0x000fe5       data     extern E:\3.46\pic18-lt\cxx-framework\src\traditional\proc\p18f46j50.asm
                 POSTINC1   0x000fe6       data     extern E:\3.46\pic18-lt\cxx-framework\src\traditional\proc\p18f46j50.asm
                    INDF1   0x000fe7       data     extern E:\3.46\pic18-lt\cxx-framework\src\traditional\proc\p18f46j50.asm
                     WREG   0x000fe8       data     extern E:\3.46\pic18-lt\cxx-framework\src\traditional\proc\p18f46j50.asm
                    FSR0L   0x000fe9       data     extern E:\3.46\pic18-lt\cxx-framework\src\traditional\proc\p18f46j50.asm
                     FSR0   0x000fe9       data     extern E:\3.46\pic18-lt\cxx-framework\src\traditional\proc\p18f46j50.asm
                    FSR0H   0x000fea       data     extern E:\3.46\pic18-lt\cxx-framework\src\traditional\proc\p18f46j50.asm
                   PLUSW0   0x000feb       data     extern E:\3.46\pic18-lt\cxx-framework\src\traditional\proc\p18f46j50.asm
                  PREINC0   0x000fec       data     extern E:\3.46\pic18-lt\cxx-framework\src\traditional\proc\p18f46j50.asm
                 POSTDEC0   0x000fed       data     extern E:\3.46\pic18-lt\cxx-framework\src\traditional\proc\p18f46j50.asm
                 POSTINC0   0x000fee       data     extern E:\3.46\pic18-lt\cxx-framework\src\traditional\proc\p18f46j50.asm
                    INDF0   0x000fef       data     extern E:\3.46\pic18-lt\cxx-framework\src\traditional\proc\p18f46j50.asm
                  INTCON3   0x000ff0       data     extern E:\3.46\pic18-lt\cxx-framework\src\traditional\proc\p18f46j50.asm
              INTCON3bits   0x000ff0       data     extern E:\3.46\pic18-lt\cxx-framework\src\traditional\proc\p18f46j50.asm
                  INTCON2   0x000ff1       data     extern E:\3.46\pic18-lt\cxx-framework\src\traditional\proc\p18f46j50.asm
              INTCON2bits   0x000ff1       data     extern E:\3.46\pic18-lt\cxx-framework\src\traditional\proc\p18f46j50.asm
                   INTCON   0x000ff2       data     extern E:\3.46\pic18-lt\cxx-framework\src\traditional\proc\p18f46j50.asm
               INTCONbits   0x000ff2       data     extern E:\3.46\pic18-lt\cxx-framework\src\traditional\proc\p18f46j50.asm
                     PROD   0x000ff3       data     extern E:\3.46\pic18-lt\cxx-framework\src\traditional\proc\p18f46j50.asm
                    PRODL   0x000ff3       data     extern E:\3.46\pic18-lt\cxx-framework\src\traditional\proc\p18f46j50.asm
                    PRODH   0x000ff4       data     extern E:\3.46\pic18-lt\cxx-framework\src\traditional\proc\p18f46j50.asm
                   TABLAT   0x000ff5       data     extern E:\3.46\pic18-lt\cxx-framework\src\traditional\proc\p18f46j50.asm
                  TBLPTRL   0x000ff6       data     extern E:\3.46\pic18-lt\cxx-framework\src\traditional\proc\p18f46j50.asm
                   TBLPTR   0x000ff6       data     extern E:\3.46\pic18-lt\cxx-framework\src\traditional\proc\p18f46j50.asm
                  TBLPTRH   0x000ff7       data     extern E:\3.46\pic18-lt\cxx-framework\src\traditional\proc\p18f46j50.asm
                  TBLPTRU   0x000ff8       data     extern E:\3.46\pic18-lt\cxx-framework\src\traditional\proc\p18f46j50.asm
                      PCL   0x000ff9       data     extern E:\3.46\pic18-lt\cxx-framework\src\traditional\proc\p18f46j50.asm
                       PC   0x000ff9       data     extern E:\3.46\pic18-lt\cxx-framework\src\traditional\proc\p18f46j50.asm
                   PCLATH   0x000ffa       data     extern E:\3.46\pic18-lt\cxx-framework\src\traditional\proc\p18f46j50.asm
                   PCLATU   0x000ffb       data     extern E:\3.46\pic18-lt\cxx-framework\src\traditional\proc\p18f46j50.asm
                   STKPTR   0x000ffc       data     extern E:\3.46\pic18-lt\cxx-framework\src\traditional\proc\p18f46j50.asm
               STKPTRbits   0x000ffc       data     extern E:\3.46\pic18-lt\cxx-framework\src\traditional\proc\p18f46j50.asm
                      TOS   0x000ffd       data     extern E:\3.46\pic18-lt\cxx-framework\src\traditional\proc\p18f46j50.asm
                     TOSL   0x000ffd       data     extern E:\3.46\pic18-lt\cxx-framework\src\traditional\proc\p18f46j50.asm
                     TOSH   0x000ffe       data     extern E:\3.46\pic18-lt\cxx-framework\src\traditional\proc\p18f46j50.asm
                     TOSU   0x000fff       data     extern E:\3.46\pic18-lt\cxx-framework\src\traditional\proc\p18f46j50.asm


