MPLINK 5.00, LINKER
Linker Map File - Created Tue Apr 29 22:22:26 2014

                                 Section Info
                  Section       Type    Address   Location Size(Bytes)
                ---------  ---------  ---------  ---------  ---------
    REMAPPED_RESET_VECTOR       code   0x001000    program   0x000006
REMAPPED_HIGH_INTERRUPT_VECTOR       code   0x001008    program   0x000006
REMAPPED_LOW_INTERRUPT_VECTOR       code   0x001018    program   0x000006
                   .cinit    romdata   0x00102a    program   0x00001a
              .code_UBW.o       code   0x001044    program   0x002f64
              .code_ebb.o       code   0x003fa8    program   0x0018cc
       .code_usb_device.o       code   0x005874    program   0x00143a
         .code_vfprintf.o       code   0x006cae    program   0x000c22
 .code_usb_function_cdc.o       code   0x0078d0    program   0x000544
         .code_RCServo2.o       code   0x007e14    program   0x0003f8
             .stringtable    romdata   0x00820c    program   0x0002ee
             .code_main.o       code   0x0084fa    program   0x00016a
                     PROG       code   0x008664    program   0x0000c2
               _cinit_scn       code   0x008726    program   0x00009e
                   STRING       code   0x0087c4    program   0x00009a
           .code_printf.o       code   0x00885e    program   0x000098
.romdata_usb_descriptors.o    romdata   0x0088f6    program   0x00008f
        .idata_printf.o_i    romdata   0x008985    program   0x000000
       .idata_fxm3232.o_i    romdata   0x008985    program   0x000000
      .romdata_RCServo2.o    romdata   0x008985    program   0x000000
          .romdata_putc.o    romdata   0x008985    program   0x000000
    .idata_usb_device.o_i    romdata   0x008985    program   0x000000
.romdata_usb_function_cdc.o    romdata   0x008985    program   0x000000
           .romdata_ebb.o    romdata   0x008985    program   0x000000
         .idata_c018i.o_i    romdata   0x008985    program   0x000000
          .romdata_main.o    romdata   0x008985    program   0x000000
  .code_usb_descriptors.o       code   0x008986    program   0x000000
             .code_putc.o       code   0x008986    program   0x000084
          .code_fxm3232.o       code   0x008a0a    program   0x000070
                    CTYPE       code   0x008a7a    program   0x00004c
         .code_fxd3232u.o       code   0x008ac6    program   0x000048
           .romdata_UBW.o    romdata   0x008b0e    program   0x000035
       .idata_pow2x16.o_i    romdata   0x008b43    program   0x000000
    .romdata_usb_device.o    romdata   0x008b43    program   0x000000
      .idata_vfprintf.o_i    romdata   0x008b43    program   0x000000
        .idata___init.o_i    romdata   0x008b43    program   0x000000
       .romdata_fxm3232.o    romdata   0x008b43    program   0x000000
        .romdata_printf.o    romdata   0x008b43    program   0x000000
      .idata_fxd3232u.o_i    romdata   0x008b43    program   0x000000
         .romdata_c018i.o    romdata   0x008b43    program   0x000000
.idata_usb_descriptors.o_i    romdata   0x008b43    program   0x000000
                    .code       code   0x008b44    program   0x000020
           .code_stdout.o       code   0x008b44    program   0x000000
             _startup_scn       code   0x008b64    program   0x00001c
                    STDIO       code   0x008b80    program   0x00001c
          .code_pow2x16.o       code   0x008b9c    program   0x000016
      .romdata_vfprintf.o    romdata   0x008bb2    program   0x000011
          .idata_putc.o_i    romdata   0x008bc3    program   0x000000
        .romdata_stdout.o    romdata   0x008bc3    program   0x000000
       .romdata_pow2x16.o    romdata   0x008bc3    program   0x000000
        .romdata___init.o    romdata   0x008bc3    program   0x000000
.idata_usb_function_cdc.o_i    romdata   0x008bc3    program   0x000000
      .romdata_fxd3232u.o    romdata   0x008bc3    program   0x000000
           .idata_ebb.o_i    romdata   0x008bc3    program   0x000000
          .idata_main.o_i    romdata   0x008bc3    program   0x000000
      .idata_RCServo2.o_i    romdata   0x008bc3    program   0x000000
           .code___init.o       code   0x008bc4    program   0x000002
            .code_c018i.o       code   0x008bc4    program   0x000000
        .idata_stdout.o_i    romdata   0x008bc6    program   0x000002
           .idata_UBW.o_i    romdata   0x008bc8    program   0x0000e1
                fast_vars      udata   0x000000       data   0x000037
                MATH_DATA      udata   0x000037       data   0x000014
                 .tmpdata      udata   0x00004b       data   0x000009
              low_ISR_tmp      udata   0x000054       data   0x000004
                  ISR_buf      udata   0x000100       data   0x000071
               com_tx_buf      udata   0x000200       data   0x000080
             .udata_ebb.o      udata   0x000280       data   0x000079
            .udata_main.o      udata   0x0002f9       data   0x000002
          .idata_stdout.o      idata   0x0002fb       data   0x000002
               com_rx_buf      udata   0x000300       data   0x000100
                  USB_BDT      udata   0x000400       data   0x000078
             .idata_UBW.o      idata   0x000500       data   0x0000e1
           .udata_c018i.o      udata   0x0005e1       data   0x00000a
.udata_usb_function_cdc.o      udata   0x000600       data   0x0000a8
      .udata_usb_device.o      udata   0x0006a8       data   0x000034
             .udata_UBW.o      udata   0x0006dc       data   0x000023
        .idata_fxd3232u.o      idata   0x0006ff       data   0x000000
        .udata_fxd3232u.o      udata   0x0006ff       data   0x000000
          .udata___init.o      udata   0x0006ff       data   0x000000
         .udata_fxm3232.o      udata   0x0006ff       data   0x000000
          .idata___init.o      idata   0x0006ff       data   0x000000
         .udata_pow2x16.o      udata   0x0006ff       data   0x000000
         .idata_pow2x16.o      idata   0x0006ff       data   0x000000
          .udata_printf.o      udata   0x0006ff       data   0x000000
          .idata_printf.o      idata   0x0006ff       data   0x000000
          .udata_stdout.o      udata   0x0006ff       data   0x000000
         .idata_fxm3232.o      idata   0x0006ff       data   0x000000
        .udata_vfprintf.o      udata   0x0006ff       data   0x000000
        .idata_vfprintf.o      idata   0x0006ff       data   0x000000
            .udata_putc.o      udata   0x0006ff       data   0x000000
            .idata_putc.o      idata   0x0006ff       data   0x000000
 .idata_usb_descriptors.o      idata   0x0006ff       data   0x000000
 .udata_usb_descriptors.o      udata   0x0006ff       data   0x000000
           .idata_c018i.o      idata   0x0006ff       data   0x000000
      .idata_usb_device.o      idata   0x0006ff       data   0x000000
        .idata_RCServo2.o      idata   0x0006ff       data   0x000000
            .idata_main.o      idata   0x0006ff       data   0x000000
.idata_usb_function_cdc.o      idata   0x0006ff       data   0x000000
             .idata_ebb.o      idata   0x0006ff       data   0x000000
                   .stack      udata   0x000d00       data   0x000100
        .udata_RCServo2.o      udata   0x000e00       data   0x0000b7
              SFR_BANKED0      udata   0x000ec6       data   0x00000e
              SFR_BANKED1      udata   0x000ed7       data   0x000008
              SFR_BANKED2      udata   0x000ee7       data   0x000004
              SFR_BANKED3      udata   0x000eec       data   0x000003
              SFR_BANKED4      udata   0x000ef2       data   0x000002
              SFR_BANKED5      udata   0x000ef6       data   0x000002
              SFR_BANKED6      udata   0x000efb       data   0x000005
              SFR_BANKED7      udata   0x000f26       data   0x000014
              SFR_BANKED8      udata   0x000f3c       data   0x000007
              SFR_BANKED9      udata   0x000f48       data   0x000008
             SFR_BANKED10      udata   0x000f52       data   0x00000e
            SFR_UNBANKED0      udata   0x000f60       data   0x0000a0



                              Program Memory Usage 
                               Start         End      
                           ---------   ---------      
                            0x001000    0x001005      
                            0x001008    0x00100d      
                            0x001018    0x00101d      
                            0x00102a    0x008984      
                            0x008986    0x008b42      
                            0x008b44    0x008bc2      
                            0x008bc4    0x008ca8      
            31886 out of 65538 program addresses used, program memory utilization is 48%



                              Symbols - Sorted by Name
                     Name    Address   Location    Storage File                     
                ---------  ---------  ---------  --------- ---------                
          AnalogConfigure   0x002662    program     extern D:\Projects\eggbotcode\EBB_firmware\app.X\source\UBW.c
           BlinkUSBStatus   0x003cb2    program     extern D:\Projects\eggbotcode\EBB_firmware\app.X\source\UBW.c
                CDCInitEP   0x00798c    program     extern D:\Projects\eggbotcode\EBB_firmware\Microchip\USB\CDC Device Driver\usb_function_cdc.c
             CDCTxService   0x007ca2    program     extern D:\Projects\eggbotcode\EBB_firmware\Microchip\USB\CDC Device Driver\usb_function_cdc.c
                   D3232S   0x008694    program     static E:\3.46\pic18-lt\cxx-framework\src\traditional\math\fxd3232s.asm
                D3232SNEG   0x0086a2    program     static E:\3.46\pic18-lt\cxx-framework\src\traditional\math\fxd3232s.asm
                 D3232SOK   0x00869e    program     static E:\3.46\pic18-lt\cxx-framework\src\traditional\math\fxd3232s.asm
                  D3232SX   0x0086c2    program     static E:\3.46\pic18-lt\cxx-framework\src\traditional\math\fxd3232s.asm
                  DA3232S   0x00867e    program     static E:\3.46\pic18-lt\cxx-framework\src\traditional\math\fxd3232s.asm
                 EBB_Init   0x004380    program     extern D:\Projects\eggbotcode\EBB_firmware\app.X\source\ebb.c
                 FXD3232S   0x008664    program     extern E:\3.46\pic18-lt\cxx-framework\src\traditional\math\fxd3232s.asm
                 FXD3232U   0x008ac6    program     extern E:\3.46\pic18-lt\cxx-framework\src\traditional\math\fxd3232u.c
                 FXM1616S   0x0086cc    program     extern E:\3.46\pic18-lt\cxx-framework\src\traditional\math\fxm1616s.asm
                  FXM3232   0x008a0a    program     extern E:\3.46\pic18-lt\cxx-framework\src\traditional\math\fxm3232.c
         InitializeSystem   0x008508    program     static D:\Projects\eggbotcode\EBB_firmware\app.X\source\main.c
                LongDelay   0x0033f0    program     extern D:\Projects\eggbotcode\EBB_firmware\app.X\source\UBW.c
                ProcessIO   0x001990    program     extern D:\Projects\eggbotcode\EBB_firmware\app.X\source\UBW.c
            RCServo2_Init   0x007e14    program     extern D:\Projects\eggbotcode\EBB_firmware\app.X\source\RCServo2.c
            RCServo2_Move   0x008066    program     extern D:\Projects\eggbotcode\EBB_firmware\app.X\source\RCServo2.c
      RCServo2_S2_command   0x007f6c    program     extern D:\Projects\eggbotcode\EBB_firmware\app.X\source\RCServo2.c
RCServo2_get_channel_from_RPn   0x007f0c    program     extern D:\Projects\eggbotcode\EBB_firmware\app.X\source\RCServo2.c
        Remapped_High_ISR   0x001008    program     extern D:\Projects\eggbotcode\EBB_firmware\app.X\source\main.c
         Remapped_Low_ISR   0x001018    program     extern D:\Projects\eggbotcode\EBB_firmware\app.X\source\main.c
         SetPinLATFromRPn   0x003e00    program     extern D:\Projects\eggbotcode\EBB_firmware\app.X\source\UBW.c
        SetPinTRISFromRPn   0x003ed4    program     extern D:\Projects\eggbotcode\EBB_firmware\app.X\source\UBW.c
               TSIGN1616A   0x008718    program     static E:\3.46\pic18-lt\cxx-framework\src\traditional\math\fxm1616s.asm
       USBCBCheckOtherReq   0x008568    program     extern D:\Projects\eggbotcode\EBB_firmware\app.X\source\main.c
        USBCBErrorHandler   0x008566    program     extern D:\Projects\eggbotcode\EBB_firmware\app.X\source\main.c
              USBCBInitEP   0x008570    program     extern D:\Projects\eggbotcode\EBB_firmware\app.X\source\main.c
          USBCBSendResume   0x008576    program     extern D:\Projects\eggbotcode\EBB_firmware\app.X\source\main.c
    USBCBStdSetDscHandler   0x00856e    program     extern D:\Projects\eggbotcode\EBB_firmware\app.X\source\main.c
             USBCBSuspend   0x008560    program     extern D:\Projects\eggbotcode\EBB_firmware\app.X\source\main.c
     USBCBWakeFromSuspend   0x008562    program     extern D:\Projects\eggbotcode\EBB_firmware\app.X\source\main.c
        USBCB_SOF_Handler   0x008564    program     extern D:\Projects\eggbotcode\EBB_firmware\app.X\source\main.c
       USBCDCEventHandler   0x0079fc    program     extern D:\Projects\eggbotcode\EBB_firmware\Microchip\USB\CDC Device Driver\usb_function_cdc.c
              USBCancelIO   0x005dde    program     extern D:\Projects\eggbotcode\EBB_firmware\Microchip\USB\usb_device.c
       USBCheckCDCRequest   0x0078d0    program     extern D:\Projects\eggbotcode\EBB_firmware\Microchip\USB\CDC Device Driver\usb_function_cdc.c
       USBCheckStdRequest   0x00691c    program     static D:\Projects\eggbotcode\EBB_firmware\Microchip\USB\usb_device.c
     USBConfigureEndpoint   0x005fc4    program     static D:\Projects\eggbotcode\EBB_firmware\Microchip\USB\usb_device.c
  USBCtrlEPAllowDataStage   0x005f3e    program     extern D:\Projects\eggbotcode\EBB_firmware\Microchip\USB\usb_device.c
USBCtrlEPAllowStatusStage   0x005e8e    program     extern D:\Projects\eggbotcode\EBB_firmware\Microchip\USB\usb_device.c
         USBCtrlEPService   0x0066b4    program     static D:\Projects\eggbotcode\EBB_firmware\Microchip\USB\usb_device.c
 USBCtrlEPServiceComplete   0x00607e    program     static D:\Projects\eggbotcode\EBB_firmware\Microchip\USB\usb_device.c
      USBCtrlTrfInHandler   0x006858    program     static D:\Projects\eggbotcode\EBB_firmware\Microchip\USB\usb_device.c
     USBCtrlTrfOutHandler   0x006808    program     static D:\Projects\eggbotcode\EBB_firmware\Microchip\USB\usb_device.c
      USBCtrlTrfRxService   0x006236    program     static D:\Projects\eggbotcode\EBB_firmware\Microchip\USB\usb_device.c
   USBCtrlTrfSetupHandler   0x006792    program     static D:\Projects\eggbotcode\EBB_firmware\Microchip\USB\usb_device.c
      USBCtrlTrfTxService   0x006154    program     static D:\Projects\eggbotcode\EBB_firmware\Microchip\USB\usb_device.c
            USBDeviceInit   0x005874    program     extern D:\Projects\eggbotcode\EBB_firmware\Microchip\USB\usb_device.c
           USBDeviceTasks   0x0059ac    program     extern D:\Projects\eggbotcode\EBB_firmware\Microchip\USB\usb_device.c
        USBEnableEndpoint   0x005b8a    program     extern D:\Projects\eggbotcode\EBB_firmware\Microchip\USB\usb_device.c
         USBStallEndpoint   0x005cfe    program     extern D:\Projects\eggbotcode\EBB_firmware\Microchip\USB\usb_device.c
          USBStallHandler   0x00661e    program     static D:\Projects\eggbotcode\EBB_firmware\Microchip\USB\usb_device.c
  USBStdFeatureReqHandler   0x0069fc    program     static D:\Projects\eggbotcode\EBB_firmware\Microchip\USB\usb_device.c
      USBStdGetDscHandler   0x006472    program     static D:\Projects\eggbotcode\EBB_firmware\Microchip\USB\usb_device.c
   USBStdGetStatusHandler   0x00653e    program     static D:\Projects\eggbotcode\EBB_firmware\Microchip\USB\usb_device.c
      USBStdSetCfgHandler   0x006386    program     static D:\Projects\eggbotcode\EBB_firmware\Microchip\USB\usb_device.c
               USBSuspend   0x006654    program     static D:\Projects\eggbotcode\EBB_firmware\Microchip\USB\usb_device.c
     USBTransferOnePacket   0x005bf8    program     extern D:\Projects\eggbotcode\EBB_firmware\Microchip\USB\usb_device.c
       USBWakeFromSuspend   0x006682    program     static D:\Projects\eggbotcode\EBB_firmware\Microchip\USB\usb_device.c
               USB_CD_Ptr   0x00897d    program     extern D:\Projects\eggbotcode\EBB_firmware\app.X\source\usb_descriptors.c
               USB_SD_Ptr   0x00897f    program     extern D:\Projects\eggbotcode\EBB_firmware\app.X\source\usb_descriptors.c
USER_USB_CALLBACK_EVENT_HANDLER   0x0085c4    program     extern D:\Projects\eggbotcode\EBB_firmware\app.X\source\main.c
                 UserInit   0x001842    program     extern D:\Projects\eggbotcode\EBB_firmware\app.X\source\UBW.c
              _2jContinue   0x0087e4    program     static E:\3.46\pic18-lt\cxx-framework\src\traditional\stdclib\memset.asm
                   _2jEnd   0x008848    program     static E:\3.46\pic18-lt\cxx-framework\src\traditional\stdclib\slenpgm.asm
                   _3jEnd   0x0087ee    program     static E:\3.46\pic18-lt\cxx-framework\src\traditional\stdclib\memset.asm
         ___else_lbl00002   0x00400a    program     static                          
         ___else_lbl00007   0x00404e    program     static                          
         ___else_lbl00009   0x004058    program     static                          
         ___else_lbl00011   0x00406a    program     static                          
         ___else_lbl00013   0x004074    program     static                          
         ___else_lbl00016   0x00405c    program     static                          
         ___else_lbl00027   0x004130    program     static                          
         ___else_lbl00030   0x004184    program     static                          
         ___else_lbl00035   0x004218    program     static                          
         ___else_lbl00040   0x0042b8    program     static                          
         ___else_lbl00044   0x004190    program     static                          
         ___else_lbl00047   0x004346    program     static                          
          ___for_lbl00054   0x0043e8    program     static                          
          ___for_lbl00055   0x0043ec    program     static                          
          ___for_lbl00056   0x00438c    program     static                          
          ___for_lbl00352   0x003412    program     static                          
          ___for_lbl00353   0x003416    program     static                          
          ___for_lbl00356   0x0033fc    program     static                          
           ___if_lbl00001   0x004014    program     static                          
           ___if_lbl00003   0x004014    program     static                          
           ___if_lbl00004   0x004022    program     static                          
           ___if_lbl00006   0x004050    program     static                          
           ___if_lbl00008   0x00405a    program     static                          
           ___if_lbl00010   0x00406c    program     static                          
           ___if_lbl00012   0x004076    program     static                          
           ___if_lbl00014   0x004076    program     static                          
           ___if_lbl00015   0x004076    program     static                          
           ___if_lbl00017   0x0040c2    program     static                          
           ___if_lbl00018   0x0040c6    program     static                          
           ___if_lbl00019   0x004112    program     static                          
           ___if_lbl00020   0x004116    program     static                          
           ___if_lbl00021   0x004128    program     static                          
           ___if_lbl00022   0x00412e    program     static                          
           ___if_lbl00023   0x00413c    program     static                          
           ___if_lbl00024   0x004142    program     static                          
           ___if_lbl00025   0x004142    program     static                          
           ___if_lbl00026   0x004142    program     static                          
           ___if_lbl00028   0x00418e    program     static                          
           ___if_lbl00029   0x00418e    program     static                          
           ___if_lbl00031   0x00418e    program     static                          
           ___if_lbl00032   0x00418e    program     static                          
           ___if_lbl00033   0x00428e    program     static                          
           ___if_lbl00034   0x00428e    program     static                          
           ___if_lbl00036   0x00428e    program     static                          
           ___if_lbl00037   0x0042b6    program     static                          
           ___if_lbl00038   0x0042ca    program     static                          
           ___if_lbl00039   0x0042ca    program     static                          
           ___if_lbl00041   0x0042ca    program     static                          
           ___if_lbl00042   0x0042ca    program     static                          
           ___if_lbl00043   0x0042ca    program     static                          
           ___if_lbl00046   0x00434e    program     static                          
           ___if_lbl00048   0x00434e    program     static                          
           ___if_lbl00051   0x004366    program     static                          
           ___if_lbl00052   0x004366    program     static                          
       ___return_lbl00000   0x001004    program     static                          
       ___return_lbl00000   0x004368    program     static                          
       ___return_lbl00000   0x008a78    program     static                          
       ___return_lbl00000   0x008b0c    program     static                          
       ___return_lbl00000   0x008b7e    program     static                          
       ___return_lbl00000   0x008bb0    program     static                          
       ___return_lbl00001   0x00100c    program     static                          
       ___return_lbl00001   0x0087c2    program     static                          
       ___return_lbl00002   0x00101c    program     static                          
       ___return_lbl00053   0x0044d8    program     static                          
       ___return_lbl00351   0x003416    program     static                          
       ___return_lbl00357   0x00342e    program     static                          
        ___while_lbl00354   0x003404    program     static                          
        ___while_lbl00355   0x003412    program     static                          
                   __init   0x008bc4    program     extern E:\3.46\pic18-lt\cxx-framework\src\traditional\stdclib\__init.c
                   __pa_0   0x0075ee    program     static E:\3.46\pic18-lt\cxx-framework\src\traditional\stdclib\vfprintf.c
                   __pa_1   0x0075f6    program     static E:\3.46\pic18-lt\cxx-framework\src\traditional\stdclib\vfprintf.c
                  __pa_10   0x0076aa    program     static E:\3.46\pic18-lt\cxx-framework\src\traditional\stdclib\vfprintf.c
                  __pa_11   0x0076b8    program     static E:\3.46\pic18-lt\cxx-framework\src\traditional\stdclib\vfprintf.c
                  __pa_12   0x0076ce    program     static E:\3.46\pic18-lt\cxx-framework\src\traditional\stdclib\vfprintf.c
                  __pa_13   0x0076e8    program     static E:\3.46\pic18-lt\cxx-framework\src\traditional\stdclib\vfprintf.c
                  __pa_14   0x007700    program     static E:\3.46\pic18-lt\cxx-framework\src\traditional\stdclib\vfprintf.c
                  __pa_15   0x007710    program     static E:\3.46\pic18-lt\cxx-framework\src\traditional\stdclib\vfprintf.c
                  __pa_16   0x007726    program     static E:\3.46\pic18-lt\cxx-framework\src\traditional\stdclib\vfprintf.c
                  __pa_17   0x007738    program     static E:\3.46\pic18-lt\cxx-framework\src\traditional\stdclib\vfprintf.c
                  __pa_18   0x00774a    program     static E:\3.46\pic18-lt\cxx-framework\src\traditional\stdclib\vfprintf.c
                  __pa_19   0x007754    program     static E:\3.46\pic18-lt\cxx-framework\src\traditional\stdclib\vfprintf.c
                   __pa_2   0x007600    program     static E:\3.46\pic18-lt\cxx-framework\src\traditional\stdclib\vfprintf.c
                  __pa_20   0x007764    program     static E:\3.46\pic18-lt\cxx-framework\src\traditional\stdclib\vfprintf.c
                  __pa_21   0x007774    program     static E:\3.46\pic18-lt\cxx-framework\src\traditional\stdclib\vfprintf.c
                  __pa_22   0x007784    program     static E:\3.46\pic18-lt\cxx-framework\src\traditional\stdclib\vfprintf.c
                  __pa_23   0x007790    program     static E:\3.46\pic18-lt\cxx-framework\src\traditional\stdclib\vfprintf.c
                  __pa_24   0x00779e    program     static E:\3.46\pic18-lt\cxx-framework\src\traditional\stdclib\vfprintf.c
                  __pa_25   0x0077a6    program     static E:\3.46\pic18-lt\cxx-framework\src\traditional\stdclib\vfprintf.c
                  __pa_26   0x0077b0    program     static E:\3.46\pic18-lt\cxx-framework\src\traditional\stdclib\vfprintf.c
                  __pa_27   0x0077ba    program     static E:\3.46\pic18-lt\cxx-framework\src\traditional\stdclib\vfprintf.c
                  __pa_28   0x0077c2    program     static E:\3.46\pic18-lt\cxx-framework\src\traditional\stdclib\vfprintf.c
                  __pa_29   0x0077d0    program     static E:\3.46\pic18-lt\cxx-framework\src\traditional\stdclib\vfprintf.c
                   __pa_3   0x00760a    program     static E:\3.46\pic18-lt\cxx-framework\src\traditional\stdclib\vfprintf.c
                  __pa_30   0x0077ec    program     static E:\3.46\pic18-lt\cxx-framework\src\traditional\stdclib\vfprintf.c
                  __pa_31   0x007806    program     static E:\3.46\pic18-lt\cxx-framework\src\traditional\stdclib\vfprintf.c
                  __pa_32   0x007820    program     static E:\3.46\pic18-lt\cxx-framework\src\traditional\stdclib\vfprintf.c
                  __pa_33   0x007838    program     static E:\3.46\pic18-lt\cxx-framework\src\traditional\stdclib\vfprintf.c
                  __pa_34   0x007842    program     static E:\3.46\pic18-lt\cxx-framework\src\traditional\stdclib\vfprintf.c
                  __pa_35   0x007850    program     static E:\3.46\pic18-lt\cxx-framework\src\traditional\stdclib\vfprintf.c
                  __pa_36   0x007858    program     static E:\3.46\pic18-lt\cxx-framework\src\traditional\stdclib\vfprintf.c
                  __pa_37   0x007862    program     static E:\3.46\pic18-lt\cxx-framework\src\traditional\stdclib\vfprintf.c
                  __pa_38   0x007872    program     static E:\3.46\pic18-lt\cxx-framework\src\traditional\stdclib\vfprintf.c
                  __pa_39   0x007880    program     static E:\3.46\pic18-lt\cxx-framework\src\traditional\stdclib\vfprintf.c
                   __pa_4   0x007622    program     static E:\3.46\pic18-lt\cxx-framework\src\traditional\stdclib\vfprintf.c
                  __pa_40   0x00788c    program     static E:\3.46\pic18-lt\cxx-framework\src\traditional\stdclib\vfprintf.c
                  __pa_41   0x007898    program     static E:\3.46\pic18-lt\cxx-framework\src\traditional\stdclib\vfprintf.c
                  __pa_42   0x0078a0    program     static E:\3.46\pic18-lt\cxx-framework\src\traditional\stdclib\vfprintf.c
                  __pa_43   0x0078aa    program     static E:\3.46\pic18-lt\cxx-framework\src\traditional\stdclib\vfprintf.c
                  __pa_44   0x0078b0    program     static E:\3.46\pic18-lt\cxx-framework\src\traditional\stdclib\vfprintf.c
                  __pa_45   0x0078ba    program     static E:\3.46\pic18-lt\cxx-framework\src\traditional\stdclib\vfprintf.c
                  __pa_46   0x0078c6    program     static E:\3.46\pic18-lt\cxx-framework\src\traditional\stdclib\vfprintf.c
                   __pa_5   0x007636    program     static E:\3.46\pic18-lt\cxx-framework\src\traditional\stdclib\vfprintf.c
                   __pa_6   0x007652    program     static E:\3.46\pic18-lt\cxx-framework\src\traditional\stdclib\vfprintf.c
                   __pa_7   0x00765c    program     static E:\3.46\pic18-lt\cxx-framework\src\traditional\stdclib\vfprintf.c
                   __pa_8   0x007668    program     static E:\3.46\pic18-lt\cxx-framework\src\traditional\stdclib\vfprintf.c
                   __pa_9   0x00768a    program     static E:\3.46\pic18-lt\cxx-framework\src\traditional\stdclib\vfprintf.c
               __string_0   0x008301    program     static D:\Projects\eggbotcode\EBB_firmware\app.X\source\ebb.c
               __string_1   0x0082cc    program     static D:\Projects\eggbotcode\EBB_firmware\app.X\source\ebb.c
              __string_10   0x00846c    program     static D:\Projects\eggbotcode\EBB_firmware\app.X\source\UBW.c
              __string_10   0x00820c    program     static D:\Projects\eggbotcode\EBB_firmware\app.X\source\ebb.c
              __string_11   0x00844b    program     static D:\Projects\eggbotcode\EBB_firmware\app.X\source\UBW.c
              __string_12   0x008432    program     static D:\Projects\eggbotcode\EBB_firmware\app.X\source\UBW.c
              __string_13   0x00840f    program     static D:\Projects\eggbotcode\EBB_firmware\app.X\source\UBW.c
              __string_14   0x0083e7    program     static D:\Projects\eggbotcode\EBB_firmware\app.X\source\UBW.c
              __string_15   0x0083ca    program     static D:\Projects\eggbotcode\EBB_firmware\app.X\source\UBW.c
              __string_16   0x0083c8    program     static D:\Projects\eggbotcode\EBB_firmware\app.X\source\UBW.c
              __string_17   0x0083bd    program     static D:\Projects\eggbotcode\EBB_firmware\app.X\source\UBW.c
              __string_18   0x0083b3    program     static D:\Projects\eggbotcode\EBB_firmware\app.X\source\UBW.c
              __string_19   0x0083aa    program     static D:\Projects\eggbotcode\EBB_firmware\app.X\source\UBW.c
               __string_2   0x0082a1    program     static D:\Projects\eggbotcode\EBB_firmware\app.X\source\ebb.c
              __string_20   0x00839e    program     static D:\Projects\eggbotcode\EBB_firmware\app.X\source\UBW.c
              __string_21   0x008392    program     static D:\Projects\eggbotcode\EBB_firmware\app.X\source\UBW.c
              __string_22   0x008386    program     static D:\Projects\eggbotcode\EBB_firmware\app.X\source\UBW.c
              __string_23   0x00837a    program     static D:\Projects\eggbotcode\EBB_firmware\app.X\source\UBW.c
              __string_24   0x00836d    program     static D:\Projects\eggbotcode\EBB_firmware\app.X\source\UBW.c
              __string_25   0x008360    program     static D:\Projects\eggbotcode\EBB_firmware\app.X\source\UBW.c
              __string_26   0x008354    program     static D:\Projects\eggbotcode\EBB_firmware\app.X\source\UBW.c
              __string_27   0x008348    program     static D:\Projects\eggbotcode\EBB_firmware\app.X\source\UBW.c
              __string_28   0x008321    program     static D:\Projects\eggbotcode\EBB_firmware\app.X\source\UBW.c
              __string_29   0x008315    program     static D:\Projects\eggbotcode\EBB_firmware\app.X\source\UBW.c
               __string_3   0x0084ee    program     static D:\Projects\eggbotcode\EBB_firmware\app.X\source\UBW.c
               __string_3   0x00826c    program     static D:\Projects\eggbotcode\EBB_firmware\app.X\source\ebb.c
               __string_4   0x0084eb    program     static D:\Projects\eggbotcode\EBB_firmware\app.X\source\UBW.c
               __string_4   0x008241    program     static D:\Projects\eggbotcode\EBB_firmware\app.X\source\ebb.c
               __string_5   0x0084e8    program     static D:\Projects\eggbotcode\EBB_firmware\app.X\source\UBW.c
               __string_5   0x00823c    program     static D:\Projects\eggbotcode\EBB_firmware\app.X\source\ebb.c
               __string_6   0x0084e2    program     static D:\Projects\eggbotcode\EBB_firmware\app.X\source\UBW.c
               __string_6   0x008233    program     static D:\Projects\eggbotcode\EBB_firmware\app.X\source\ebb.c
               __string_7   0x0084c3    program     static D:\Projects\eggbotcode\EBB_firmware\app.X\source\UBW.c
               __string_7   0x00822c    program     static D:\Projects\eggbotcode\EBB_firmware\app.X\source\ebb.c
               __string_8   0x0084a7    program     static D:\Projects\eggbotcode\EBB_firmware\app.X\source\UBW.c
               __string_8   0x008226    program     static D:\Projects\eggbotcode\EBB_firmware\app.X\source\ebb.c
               __string_9   0x00848b    program     static D:\Projects\eggbotcode\EBB_firmware\app.X\source\UBW.c
               __string_9   0x00821a    program     static D:\Projects\eggbotcode\EBB_firmware\app.X\source\ebb.c
               __tmplbl_0   0x003ffe    program     static                          
               __tmplbl_1   0x004040    program     static                          
               __tmplbl_2   0x004034    program     static                          
               __tmplbl_3   0x0042da    program     static                          
              __tmplbl_35   0x00439e    program     static                          
               __tmplbl_4   0x0042d0    program     static                          
              __tmplbl_42   0x007784    program     static                          
              __tmplbl_43   0x0075cc    program     static                          
              __tmplbl_44   0x0075b2    program     static                          
               __tmplbl_5   0x004360    program     static                          
               __tmplbl_6   0x004354    program     static                          
               __tmplbl_7   0x00435a    program     static                          
              __tmplbl_85   0x006d04    program     static                          
            __zero_memory   0x008b44    program     extern E:\3.46\pic18-lt\cxx-framework\src\traditional\proc\p18f46j50.asm
                _do_cinit   0x008726    program     extern C:\MCC18\src\traditional\startup\c018i.c
                   _false   0x008b08    program     static                          
                   _reset   0x001000    program     extern D:\Projects\eggbotcode\EBB_firmware\app.X\source\main.c
                 _startup   0x008b64    program     extern C:\MCC18\src\traditional\startup\c018i.c
              _usart_putc   0x008b80    program     extern E:\3.46\pic18-lt\cxx-framework\src\pmc_common\USART\_usartpc.asm
               _user_putc   0x001dc8    program     extern D:\Projects\eggbotcode\EBB_firmware\app.X\source\UBW.c
   check_and_send_TX_data   0x001e3e    program     extern D:\Projects\eggbotcode\EBB_firmware\app.X\source\UBW.c
                compare_l   0x008b5a    program     static E:\3.46\pic18-lt\cxx-framework\src\traditional\proc\p18f46j50.asm
        configDescriptor1   0x008908    program     extern D:\Projects\eggbotcode\EBB_firmware\app.X\source\usb_descriptors.c
                copy_loop   0x008798    program     static                          
            copy_one_byte   0x00879e    program     static                          
               device_dsc   0x0088f6    program     extern D:\Projects\eggbotcode\EBB_firmware\app.X\source\usb_descriptors.c
                     done   0x0087c2    program     static                          
             done_copying   0x0087ac    program     static                          
            extract_digit   0x003b6e    program     extern D:\Projects\eggbotcode\EBB_firmware\app.X\source\UBW.c
           extract_number   0x0036b4    program     extern D:\Projects\eggbotcode\EBB_firmware\app.X\source\UBW.c
             getsUSBUSART   0x007a90    program     extern D:\Projects\eggbotcode\EBB_firmware\Microchip\USB\CDC Device Driver\usb_function_cdc.c
                 high_ISR   0x003fa8    program     extern D:\Projects\eggbotcode\EBB_firmware\app.X\source\ebb.c
                  isdigit   0x008aa2    program     extern E:\3.46\pic18-lt\cxx-framework\src\traditional\stdclib\isdigit.asm
                     jEnd   0x008812    program     static E:\3.46\pic18-lt\cxx-framework\src\traditional\stdclib\strlen.asm
                     jEnd   0x0087f6    program     static E:\3.46\pic18-lt\cxx-framework\src\traditional\stdclib\memset.asm
                     jEnd   0x00884a    program     static E:\3.46\pic18-lt\cxx-framework\src\traditional\stdclib\slenpgm.asm
                    jLoop   0x008832    program     static E:\3.46\pic18-lt\cxx-framework\src\traditional\stdclib\slenpgm.asm
                    jLoop   0x008808    program     static E:\3.46\pic18-lt\cxx-framework\src\traditional\stdclib\strlen.asm
                    jLoop   0x0087d8    program     static E:\3.46\pic18-lt\cxx-framework\src\traditional\stdclib\memset.asm
                   jMatch   0x008ac2    program     static E:\3.46\pic18-lt\cxx-framework\src\traditional\stdclib\isdigit.asm
                 jNoMatch   0x008ac4    program     static E:\3.46\pic18-lt\cxx-framework\src\traditional\stdclib\isdigit.asm
                 jNoMatch   0x008aa0    program     static E:\3.46\pic18-lt\cxx-framework\src\traditional\stdclib\toupper.asm
                     loop   0x008b74    program     static                          
                     loop   0x008ad4    program     static                          
                     loop   0x008b90    program     static E:\3.46\pic18-lt\cxx-framework\src\pmc_common\USART\_usartpc.asm
                   loop_h   0x008b52    program     static E:\3.46\pic18-lt\cxx-framework\src\traditional\proc\p18f46j50.asm
                   loop_l   0x008b5c    program     static E:\3.46\pic18-lt\cxx-framework\src\traditional\proc\p18f46j50.asm
                  low_ISR   0x001044    program     extern D:\Projects\eggbotcode\EBB_firmware\app.X\source\UBW.c
                     main   0x0084fa    program     extern D:\Projects\eggbotcode\EBB_firmware\app.X\source\main.c
                   memset   0x0087c4    program     extern E:\3.46\pic18-lt\cxx-framework\src\traditional\stdclib\memset.asm
          parse_AC_packet   0x002754    program     extern D:\Projects\eggbotcode\EBB_firmware\app.X\source\UBW.c
           parse_A_packet   0x00294c    program     extern D:\Projects\eggbotcode\EBB_firmware\app.X\source\UBW.c
          parse_BC_packet   0x003246    program     extern D:\Projects\eggbotcode\EBB_firmware\app.X\source\UBW.c
          parse_BL_packet   0x003420    program     extern D:\Projects\eggbotcode\EBB_firmware\app.X\source\UBW.c
          parse_BO_packet   0x00324c    program     extern D:\Projects\eggbotcode\EBB_firmware\app.X\source\UBW.c
          parse_BS_packet   0x003252    program     extern D:\Projects\eggbotcode\EBB_firmware\app.X\source\UBW.c
          parse_CI_packet   0x003276    program     extern D:\Projects\eggbotcode\EBB_firmware\app.X\source\UBW.c
          parse_CK_packet   0x003430    program     extern D:\Projects\eggbotcode\EBB_firmware\app.X\source\UBW.c
          parse_CS_packet   0x003264    program     extern D:\Projects\eggbotcode\EBB_firmware\app.X\source\UBW.c
          parse_CU_packet   0x002460    program     extern D:\Projects\eggbotcode\EBB_firmware\app.X\source\UBW.c
          parse_CX_packet   0x0030d4    program     extern D:\Projects\eggbotcode\EBB_firmware\app.X\source\UBW.c
           parse_C_packet   0x00258c    program     extern D:\Projects\eggbotcode\EBB_firmware\app.X\source\UBW.c
          parse_EM_packet   0x00540a    program     extern D:\Projects\eggbotcode\EBB_firmware\app.X\source\ebb.c
           parse_I_packet   0x0028e8    program     extern D:\Projects\eggbotcode\EBB_firmware\app.X\source\UBW.c
          parse_MR_packet   0x002ae6    program     extern D:\Projects\eggbotcode\EBB_firmware\app.X\source\UBW.c
          parse_MW_packet   0x002a66    program     extern D:\Projects\eggbotcode\EBB_firmware\app.X\source\UBW.c
          parse_ND_packet   0x005554    program     extern D:\Projects\eggbotcode\EBB_firmware\app.X\source\ebb.c
          parse_NI_packet   0x00552e    program     extern D:\Projects\eggbotcode\EBB_firmware\app.X\source\ebb.c
           parse_O_packet   0x0027c4    program     extern D:\Projects\eggbotcode\EBB_firmware\app.X\source\UBW.c
          parse_PC_packet   0x00327c    program     extern D:\Projects\eggbotcode\EBB_firmware\app.X\source\UBW.c
          parse_PD_packet   0x002b70    program     extern D:\Projects\eggbotcode\EBB_firmware\app.X\source\UBW.c
          parse_PG_packet   0x0033a4    program     extern D:\Projects\eggbotcode\EBB_firmware\app.X\source\UBW.c
          parse_PI_packet   0x002d56    program     extern D:\Projects\eggbotcode\EBB_firmware\app.X\source\UBW.c
          parse_PO_packet   0x002ee8    program     extern D:\Projects\eggbotcode\EBB_firmware\app.X\source\UBW.c
          parse_QB_packet   0x00566c    program     extern D:\Projects\eggbotcode\EBB_firmware\app.X\source\ebb.c
          parse_QC_packet   0x0056aa    program     extern D:\Projects\eggbotcode\EBB_firmware\app.X\source\ebb.c
          parse_QL_packet   0x005632    program     extern D:\Projects\eggbotcode\EBB_firmware\app.X\source\ebb.c
          parse_QM_packet   0x005832    program     extern D:\Projects\eggbotcode\EBB_firmware\app.X\source\ebb.c
          parse_QN_packet   0x0055d4    program     extern D:\Projects\eggbotcode\EBB_firmware\app.X\source\ebb.c
          parse_QP_packet   0x0051cc    program     extern D:\Projects\eggbotcode\EBB_firmware\app.X\source\ebb.c
          parse_RC_packet   0x0030da    program     extern D:\Projects\eggbotcode\EBB_firmware\app.X\source\UBW.c
          parse_RI_packet   0x003270    program     extern D:\Projects\eggbotcode\EBB_firmware\app.X\source\UBW.c
          parse_RM_packet   0x005830    program     extern D:\Projects\eggbotcode\EBB_firmware\app.X\source\ebb.c
          parse_RS_packet   0x00325e    program     extern D:\Projects\eggbotcode\EBB_firmware\app.X\source\UBW.c
          parse_RX_packet   0x0030ce    program     extern D:\Projects\eggbotcode\EBB_firmware\app.X\source\UBW.c
           parse_R_packet   0x002458    program     extern D:\Projects\eggbotcode\EBB_firmware\app.X\source\UBW.c
          parse_SC_packet   0x0044e2    program     extern D:\Projects\eggbotcode\EBB_firmware\app.X\source\ebb.c
          parse_SE_packet   0x0056e6    program     extern D:\Projects\eggbotcode\EBB_firmware\app.X\source\ebb.c
          parse_SI_packet   0x00326a    program     extern D:\Projects\eggbotcode\EBB_firmware\app.X\source\UBW.c
          parse_SL_packet   0x00560c    program     extern D:\Projects\eggbotcode\EBB_firmware\app.X\source\ebb.c
          parse_SM_packet   0x004764    program     extern D:\Projects\eggbotcode\EBB_firmware\app.X\source\ebb.c
          parse_SN_packet   0x005572    program     extern D:\Projects\eggbotcode\EBB_firmware\app.X\source\ebb.c
          parse_SP_packet   0x00527e    program     extern D:\Projects\eggbotcode\EBB_firmware\app.X\source\ebb.c
          parse_SS_packet   0x003258    program     extern D:\Projects\eggbotcode\EBB_firmware\app.X\source\UBW.c
          parse_TP_packet   0x005206    program     extern D:\Projects\eggbotcode\EBB_firmware\app.X\source\ebb.c
          parse_TX_packet   0x0030c8    program     extern D:\Projects\eggbotcode\EBB_firmware\app.X\source\UBW.c
           parse_T_packet   0x0024f4    program     extern D:\Projects\eggbotcode\EBB_firmware\app.X\source\UBW.c
           parse_V_packet   0x00292a    program     extern D:\Projects\eggbotcode\EBB_firmware\app.X\source\UBW.c
             parse_packet   0x001ee2    program     extern D:\Projects\eggbotcode\EBB_firmware\app.X\source\UBW.c
                  pow2x16   0x008b9c    program     extern E:\3.46\pic18-lt\cxx-framework\src\traditional\math\pow2x16.c
                print_ack   0x002430    program     extern D:\Projects\eggbotcode\EBB_firmware\app.X\source\UBW.c
             print_status   0x003c88    program     extern D:\Projects\eggbotcode\EBB_firmware\app.X\source\UBW.c
                   printf   0x00885e    program     extern E:\3.46\pic18-lt\cxx-framework\src\traditional\stdclib\printf.c
               process_SM   0x004bf2    program     static D:\Projects\eggbotcode\EBB_firmware\app.X\source\ebb.c
               process_SP   0x00538a    program     extern D:\Projects\eggbotcode\EBB_firmware\app.X\source\ebb.c
              putUSBUSART   0x007b5e    program     extern D:\Projects\eggbotcode\EBB_firmware\Microchip\USB\CDC Device Driver\usb_function_cdc.c
                     putc   0x008986    program     extern E:\3.46\pic18-lt\cxx-framework\src\traditional\stdclib\putc.c
            putrsUSBUSART   0x007c1a    program     extern D:\Projects\eggbotcode\EBB_firmware\Microchip\USB\CDC Device Driver\usb_function_cdc.c
             putsUSBUSART   0x007b92    program     extern D:\Projects\eggbotcode\EBB_firmware\Microchip\USB\CDC Device Driver\usb_function_cdc.c
                 s_digits   0x008bb2    program     static E:\3.46\pic18-lt\cxx-framework\src\traditional\stdclib\vfprintf.c
            s_put_n_chars   0x006cae    program     static E:\3.46\pic18-lt\cxx-framework\src\traditional\stdclib\vfprintf.c
                    sd000   0x00894b    program     extern D:\Projects\eggbotcode\EBB_firmware\app.X\source\usb_descriptors.c
                    sd001   0x00894f    program     extern D:\Projects\eggbotcode\EBB_firmware\app.X\source\usb_descriptors.c
                    sd002   0x008967    program     extern D:\Projects\eggbotcode\EBB_firmware\app.X\source\usb_descriptors.c
                  st_LFCR   0x008b13    program     extern D:\Projects\eggbotcode\EBB_firmware\app.X\source\UBW.c
                    st_OK   0x008b0e    program     extern D:\Projects\eggbotcode\EBB_firmware\app.X\source\UBW.c
               st_version   0x008b16    program     extern D:\Projects\eggbotcode\EBB_firmware\app.X\source\UBW.c
                   strlen   0x0087f8    program     extern E:\3.46\pic18-lt\cxx-framework\src\traditional\stdclib\strlen.asm
                strlenpgm   0x008814    program     extern E:\3.46\pic18-lt\cxx-framework\src\traditional\stdclib\slenpgm.asm
                     test   0x008740    program     static                          
                  toupper   0x008a7a    program     extern E:\3.46\pic18-lt\cxx-framework\src\traditional\stdclib\toupper.asm
                 vfprintf   0x006cda    program     extern E:\3.46\pic18-lt\cxx-framework\src\traditional\stdclib\vfprintf.c
               zero_block   0x008b52    program     static E:\3.46\pic18-lt\cxx-framework\src\traditional\proc\p18f46j50.asm
                   ADCON0   0x000fc2       data     extern E:\3.46\pic18-lt\cxx-framework\src\traditional\proc\p18f46j50.asm
               ADCON0bits   0x000fc2       data     extern E:\3.46\pic18-lt\cxx-framework\src\traditional\proc\p18f46j50.asm
                   ADCON1   0x000fc1       data     extern E:\3.46\pic18-lt\cxx-framework\src\traditional\proc\p18f46j50.asm
               ADCON1bits   0x000fc1       data     extern E:\3.46\pic18-lt\cxx-framework\src\traditional\proc\p18f46j50.asm
                    ADRES   0x000fc3       data     extern E:\3.46\pic18-lt\cxx-framework\src\traditional\proc\p18f46j50.asm
                   ADRESH   0x000fc4       data     extern E:\3.46\pic18-lt\cxx-framework\src\traditional\proc\p18f46j50.asm
                   ADRESL   0x000fc3       data     extern E:\3.46\pic18-lt\cxx-framework\src\traditional\proc\p18f46j50.asm
                  ALRMCFG   0x000f91       data     extern E:\3.46\pic18-lt\cxx-framework\src\traditional\proc\p18f46j50.asm
              ALRMCFGbits   0x000f91       data     extern E:\3.46\pic18-lt\cxx-framework\src\traditional\proc\p18f46j50.asm
                  ALRMRPT   0x000f90       data     extern E:\3.46\pic18-lt\cxx-framework\src\traditional\proc\p18f46j50.asm
              ALRMRPTbits   0x000f90       data     extern E:\3.46\pic18-lt\cxx-framework\src\traditional\proc\p18f46j50.asm
                 ALRMVALH   0x000f8f       data     extern E:\3.46\pic18-lt\cxx-framework\src\traditional\proc\p18f46j50.asm
                 ALRMVALL   0x000f8e       data     extern E:\3.46\pic18-lt\cxx-framework\src\traditional\proc\p18f46j50.asm
                   ANCON0   0x000f48       data     extern E:\3.46\pic18-lt\cxx-framework\src\traditional\proc\p18f46j50.asm
               ANCON0bits   0x000f48       data     extern E:\3.46\pic18-lt\cxx-framework\src\traditional\proc\p18f46j50.asm
                   ANCON1   0x000f49       data     extern E:\3.46\pic18-lt\cxx-framework\src\traditional\proc\p18f46j50.asm
               ANCON1bits   0x000f49       data     extern E:\3.46\pic18-lt\cxx-framework\src\traditional\proc\p18f46j50.asm
            A_cur_channel   0x000031       data     extern D:\Projects\eggbotcode\EBB_firmware\app.X\source\UBW.c
           A_tick_counter   0x00002f       data     extern D:\Projects\eggbotcode\EBB_firmware\app.X\source\UBW.c
                  AllDone   0x000282       data     static D:\Projects\eggbotcode\EBB_firmware\app.X\source\ebb.c
    AnalogEnabledChannels   0x000033       data     extern D:\Projects\eggbotcode\EBB_firmware\app.X\source\UBW.c
           AnalogInitiate   0x000032       data     extern D:\Projects\eggbotcode\EBB_firmware\app.X\source\UBW.c
                  BAUDCON   0x000f7e       data     extern E:\3.46\pic18-lt\cxx-framework\src\traditional\proc\p18f46j50.asm
                 BAUDCON1   0x000f7e       data     extern E:\3.46\pic18-lt\cxx-framework\src\traditional\proc\p18f46j50.asm
             BAUDCON1bits   0x000f7e       data     extern E:\3.46\pic18-lt\cxx-framework\src\traditional\proc\p18f46j50.asm
                 BAUDCON2   0x000f7c       data     extern E:\3.46\pic18-lt\cxx-framework\src\traditional\proc\p18f46j50.asm
             BAUDCON2bits   0x000f7c       data     extern E:\3.46\pic18-lt\cxx-framework\src\traditional\proc\p18f46j50.asm
              BAUDCONbits   0x000f7e       data     extern E:\3.46\pic18-lt\cxx-framework\src\traditional\proc\p18f46j50.asm
                  BAUDCTL   0x000f7e       data     extern E:\3.46\pic18-lt\cxx-framework\src\traditional\proc\p18f46j50.asm
              BAUDCTLbits   0x000f7e       data     extern E:\3.46\pic18-lt\cxx-framework\src\traditional\proc\p18f46j50.asm
                      BDT   0x000400       data     extern D:\Projects\eggbotcode\EBB_firmware\Microchip\USB\usb_device.c
                      BSR   0x000fe0       data     extern E:\3.46\pic18-lt\cxx-framework\src\traditional\proc\p18f46j50.asm
              BaudRateGen   0x00069c       data     extern D:\Projects\eggbotcode\EBB_firmware\Microchip\USB\CDC Device Driver\usb_function_cdc.c
       BothEP0OutUOWNsSet   0x0006cf       data     extern D:\Projects\eggbotcode\EBB_firmware\Microchip\USB\usb_device.c
             ButtonPushed   0x0002f2       data     static D:\Projects\eggbotcode\EBB_firmware\app.X\source\ebb.c
                  CCP1CON   0x000fba       data     extern E:\3.46\pic18-lt\cxx-framework\src\traditional\proc\p18f46j50.asm
              CCP1CONbits   0x000fba       data     extern E:\3.46\pic18-lt\cxx-framework\src\traditional\proc\p18f46j50.asm
                  CCP2CON   0x000fb4       data     extern E:\3.46\pic18-lt\cxx-framework\src\traditional\proc\p18f46j50.asm
              CCP2CONbits   0x000fb4       data     extern E:\3.46\pic18-lt\cxx-framework\src\traditional\proc\p18f46j50.asm
                    CCPR1   0x000fbb       data     extern E:\3.46\pic18-lt\cxx-framework\src\traditional\proc\p18f46j50.asm
                   CCPR1H   0x000fbc       data     extern E:\3.46\pic18-lt\cxx-framework\src\traditional\proc\p18f46j50.asm
                   CCPR1L   0x000fbb       data     extern E:\3.46\pic18-lt\cxx-framework\src\traditional\proc\p18f46j50.asm
                    CCPR2   0x000fb5       data     extern E:\3.46\pic18-lt\cxx-framework\src\traditional\proc\p18f46j50.asm
                   CCPR2H   0x000fb6       data     extern E:\3.46\pic18-lt\cxx-framework\src\traditional\proc\p18f46j50.asm
                   CCPR2L   0x000fb5       data     extern E:\3.46\pic18-lt\cxx-framework\src\traditional\proc\p18f46j50.asm
          CDCDataInHandle   0x000699       data     extern D:\Projects\eggbotcode\EBB_firmware\Microchip\USB\CDC Device Driver\usb_function_cdc.c
         CDCDataOutHandle   0x000697       data     extern D:\Projects\eggbotcode\EBB_firmware\Microchip\USB\CDC Device Driver\usb_function_cdc.c
                   CM1CON   0x000fd2       data     extern E:\3.46\pic18-lt\cxx-framework\src\traditional\proc\p18f46j50.asm
                  CM1CON1   0x000fd2       data     extern E:\3.46\pic18-lt\cxx-framework\src\traditional\proc\p18f46j50.asm
              CM1CON1bits   0x000fd2       data     extern E:\3.46\pic18-lt\cxx-framework\src\traditional\proc\p18f46j50.asm
               CM1CONbits   0x000fd2       data     extern E:\3.46\pic18-lt\cxx-framework\src\traditional\proc\p18f46j50.asm
                   CM2CON   0x000fd1       data     extern E:\3.46\pic18-lt\cxx-framework\src\traditional\proc\p18f46j50.asm
                  CM2CON1   0x000fd1       data     extern E:\3.46\pic18-lt\cxx-framework\src\traditional\proc\p18f46j50.asm
              CM2CON1bits   0x000fd1       data     extern E:\3.46\pic18-lt\cxx-framework\src\traditional\proc\p18f46j50.asm
               CM2CONbits   0x000fd1       data     extern E:\3.46\pic18-lt\cxx-framework\src\traditional\proc\p18f46j50.asm
                   CMSTAT   0x000f70       data     extern E:\3.46\pic18-lt\cxx-framework\src\traditional\proc\p18f46j50.asm
                 CMSTATUS   0x000f70       data     extern E:\3.46\pic18-lt\cxx-framework\src\traditional\proc\p18f46j50.asm
             CMSTATUSbits   0x000f70       data     extern E:\3.46\pic18-lt\cxx-framework\src\traditional\proc\p18f46j50.asm
               CMSTATbits   0x000f70       data     extern E:\3.46\pic18-lt\cxx-framework\src\traditional\proc\p18f46j50.asm
                 CTMUCONH   0x000fb3       data     extern E:\3.46\pic18-lt\cxx-framework\src\traditional\proc\p18f46j50.asm
             CTMUCONHbits   0x000fb3       data     extern E:\3.46\pic18-lt\cxx-framework\src\traditional\proc\p18f46j50.asm
                 CTMUCONL   0x000fb2       data     extern E:\3.46\pic18-lt\cxx-framework\src\traditional\proc\p18f46j50.asm
             CTMUCONLbits   0x000fb2       data     extern E:\3.46\pic18-lt\cxx-framework\src\traditional\proc\p18f46j50.asm
                 CTMUICON   0x000fb1       data     extern E:\3.46\pic18-lt\cxx-framework\src\traditional\proc\p18f46j50.asm
             CTMUICONbits   0x000fb1       data     extern E:\3.46\pic18-lt\cxx-framework\src\traditional\proc\p18f46j50.asm
                   CVRCON   0x000f53       data     extern E:\3.46\pic18-lt\cxx-framework\src\traditional\proc\p18f46j50.asm
               CVRCONbits   0x000f53       data     extern E:\3.46\pic18-lt\cxx-framework\src\traditional\proc\p18f46j50.asm
               ChannelBit   0x000035       data     extern D:\Projects\eggbotcode\EBB_firmware\app.X\source\UBW.c
              CommandFIFO   0x000284       data     extern D:\Projects\eggbotcode\EBB_firmware\app.X\source\ebb.c
              CtrlTrfData   0x000438       data     extern D:\Projects\eggbotcode\EBB_firmware\Microchip\USB\usb_device.c
           CurrentCommand   0x000000       data     static D:\Projects\eggbotcode\EBB_firmware\app.X\source\ebb.c
                   DMABCH   0x000f66       data     extern E:\3.46\pic18-lt\cxx-framework\src\traditional\proc\p18f46j50.asm
               DMABCHbits   0x000f66       data     extern E:\3.46\pic18-lt\cxx-framework\src\traditional\proc\p18f46j50.asm
                   DMABCL   0x000f67       data     extern E:\3.46\pic18-lt\cxx-framework\src\traditional\proc\p18f46j50.asm
                  DMACON1   0x000f88       data     extern E:\3.46\pic18-lt\cxx-framework\src\traditional\proc\p18f46j50.asm
              DMACON1bits   0x000f88       data     extern E:\3.46\pic18-lt\cxx-framework\src\traditional\proc\p18f46j50.asm
                  DMACON2   0x000f86       data     extern E:\3.46\pic18-lt\cxx-framework\src\traditional\proc\p18f46j50.asm
              DMACON2bits   0x000f86       data     extern E:\3.46\pic18-lt\cxx-framework\src\traditional\proc\p18f46j50.asm
                   DSCONH   0x000f4d       data     extern E:\3.46\pic18-lt\cxx-framework\src\traditional\proc\p18f46j50.asm
               DSCONHbits   0x000f4d       data     extern E:\3.46\pic18-lt\cxx-framework\src\traditional\proc\p18f46j50.asm
                   DSCONL   0x000f4c       data     extern E:\3.46\pic18-lt\cxx-framework\src\traditional\proc\p18f46j50.asm
               DSCONLbits   0x000f4c       data     extern E:\3.46\pic18-lt\cxx-framework\src\traditional\proc\p18f46j50.asm
                   DSGPR0   0x000f4e       data     extern E:\3.46\pic18-lt\cxx-framework\src\traditional\proc\p18f46j50.asm
                   DSGPR1   0x000f4f       data     extern E:\3.46\pic18-lt\cxx-framework\src\traditional\proc\p18f46j50.asm
                  DSWAKEH   0x000f4b       data     extern E:\3.46\pic18-lt\cxx-framework\src\traditional\proc\p18f46j50.asm
              DSWAKEHbits   0x000f4b       data     extern E:\3.46\pic18-lt\cxx-framework\src\traditional\proc\p18f46j50.asm
                  DSWAKEL   0x000f4a       data     extern E:\3.46\pic18-lt\cxx-framework\src\traditional\proc\p18f46j50.asm
              DSWAKELbits   0x000f4a       data     extern E:\3.46\pic18-lt\cxx-framework\src\traditional\proc\p18f46j50.asm
           D_tick_counter   0x00002d       data     extern D:\Projects\eggbotcode\EBB_firmware\app.X\source\UBW.c
           DemoModeActive   0x0002e4       data     extern D:\Projects\eggbotcode\EBB_firmware\app.X\source\ebb.c
      DriverConfiguration   0x0002eb       data     static D:\Projects\eggbotcode\EBB_firmware\app.X\source\ebb.c
                  ECCP1AS   0x000fbe       data     extern E:\3.46\pic18-lt\cxx-framework\src\traditional\proc\p18f46j50.asm
              ECCP1ASbits   0x000fbe       data     extern E:\3.46\pic18-lt\cxx-framework\src\traditional\proc\p18f46j50.asm
                 ECCP1CON   0x000fba       data     extern E:\3.46\pic18-lt\cxx-framework\src\traditional\proc\p18f46j50.asm
             ECCP1CONbits   0x000fba       data     extern E:\3.46\pic18-lt\cxx-framework\src\traditional\proc\p18f46j50.asm
                 ECCP1DEL   0x000fbd       data     extern E:\3.46\pic18-lt\cxx-framework\src\traditional\proc\p18f46j50.asm
             ECCP1DELbits   0x000fbd       data     extern E:\3.46\pic18-lt\cxx-framework\src\traditional\proc\p18f46j50.asm
                  ECCP2AS   0x000fb8       data     extern E:\3.46\pic18-lt\cxx-framework\src\traditional\proc\p18f46j50.asm
              ECCP2ASbits   0x000fb8       data     extern E:\3.46\pic18-lt\cxx-framework\src\traditional\proc\p18f46j50.asm
                 ECCP2CON   0x000fb4       data     extern E:\3.46\pic18-lt\cxx-framework\src\traditional\proc\p18f46j50.asm
             ECCP2CONbits   0x000fb4       data     extern E:\3.46\pic18-lt\cxx-framework\src\traditional\proc\p18f46j50.asm
                 ECCP2DEL   0x000fb7       data     extern E:\3.46\pic18-lt\cxx-framework\src\traditional\proc\p18f46j50.asm
             ECCP2DELbits   0x000fb7       data     extern E:\3.46\pic18-lt\cxx-framework\src\traditional\proc\p18f46j50.asm
                   EECON1   0x000fa6       data     extern E:\3.46\pic18-lt\cxx-framework\src\traditional\proc\p18f46j50.asm
               EECON1bits   0x000fa6       data     extern E:\3.46\pic18-lt\cxx-framework\src\traditional\proc\p18f46j50.asm
                   EECON2   0x000fa7       data     extern E:\3.46\pic18-lt\cxx-framework\src\traditional\proc\p18f46j50.asm
                FIFOEmpty   0x00001c       data     extern D:\Projects\eggbotcode\EBB_firmware\app.X\source\ebb.c
                     FSR0   0x000fe9       data     extern E:\3.46\pic18-lt\cxx-framework\src\traditional\proc\p18f46j50.asm
                    FSR0H   0x000fea       data     extern E:\3.46\pic18-lt\cxx-framework\src\traditional\proc\p18f46j50.asm
                    FSR0L   0x000fe9       data     extern E:\3.46\pic18-lt\cxx-framework\src\traditional\proc\p18f46j50.asm
                     FSR1   0x000fe1       data     extern E:\3.46\pic18-lt\cxx-framework\src\traditional\proc\p18f46j50.asm
                    FSR1H   0x000fe2       data     extern E:\3.46\pic18-lt\cxx-framework\src\traditional\proc\p18f46j50.asm
                    FSR1L   0x000fe1       data     extern E:\3.46\pic18-lt\cxx-framework\src\traditional\proc\p18f46j50.asm
                     FSR2   0x000fd9       data     extern E:\3.46\pic18-lt\cxx-framework\src\traditional\proc\p18f46j50.asm
                    FSR2H   0x000fda       data     extern E:\3.46\pic18-lt\cxx-framework\src\traditional\proc\p18f46j50.asm
                    FSR2L   0x000fd9       data     extern E:\3.46\pic18-lt\cxx-framework\src\traditional\proc\p18f46j50.asm
                  HLVDCON   0x000f85       data     extern E:\3.46\pic18-lt\cxx-framework\src\traditional\proc\p18f46j50.asm
              HLVDCONbits   0x000f85       data     extern E:\3.46\pic18-lt\cxx-framework\src\traditional\proc\p18f46j50.asm
                    INDF0   0x000fef       data     extern E:\3.46\pic18-lt\cxx-framework\src\traditional\proc\p18f46j50.asm
                    INDF1   0x000fe7       data     extern E:\3.46\pic18-lt\cxx-framework\src\traditional\proc\p18f46j50.asm
                    INDF2   0x000fdf       data     extern E:\3.46\pic18-lt\cxx-framework\src\traditional\proc\p18f46j50.asm
                   INTCON   0x000ff2       data     extern E:\3.46\pic18-lt\cxx-framework\src\traditional\proc\p18f46j50.asm
                  INTCON2   0x000ff1       data     extern E:\3.46\pic18-lt\cxx-framework\src\traditional\proc\p18f46j50.asm
              INTCON2bits   0x000ff1       data     extern E:\3.46\pic18-lt\cxx-framework\src\traditional\proc\p18f46j50.asm
                  INTCON3   0x000ff0       data     extern E:\3.46\pic18-lt\cxx-framework\src\traditional\proc\p18f46j50.asm
              INTCON3bits   0x000ff0       data     extern E:\3.46\pic18-lt\cxx-framework\src\traditional\proc\p18f46j50.asm
               INTCONbits   0x000ff2       data     extern E:\3.46\pic18-lt\cxx-framework\src\traditional\proc\p18f46j50.asm
                     IPR1   0x000f9f       data     extern E:\3.46\pic18-lt\cxx-framework\src\traditional\proc\p18f46j50.asm
                 IPR1bits   0x000f9f       data     extern E:\3.46\pic18-lt\cxx-framework\src\traditional\proc\p18f46j50.asm
                     IPR2   0x000fa2       data     extern E:\3.46\pic18-lt\cxx-framework\src\traditional\proc\p18f46j50.asm
                 IPR2bits   0x000fa2       data     extern E:\3.46\pic18-lt\cxx-framework\src\traditional\proc\p18f46j50.asm
                     IPR3   0x000fa5       data     extern E:\3.46\pic18-lt\cxx-framework\src\traditional\proc\p18f46j50.asm
                 IPR3bits   0x000fa5       data     extern E:\3.46\pic18-lt\cxx-framework\src\traditional\proc\p18f46j50.asm
               ISR_A_FIFO   0x000100       data     extern D:\Projects\eggbotcode\EBB_firmware\app.X\source\UBW.c
            ISR_A_FIFO_in   0x000026       data     extern D:\Projects\eggbotcode\EBB_firmware\app.X\source\UBW.c
        ISR_A_FIFO_length   0x000028       data     extern D:\Projects\eggbotcode\EBB_firmware\app.X\source\UBW.c
           ISR_A_FIFO_out   0x000027       data     extern D:\Projects\eggbotcode\EBB_firmware\app.X\source\UBW.c
         ISR_A_RepeatRate   0x000024       data     extern D:\Projects\eggbotcode\EBB_firmware\app.X\source\UBW.c
               ISR_D_FIFO   0x000120       data     extern D:\Projects\eggbotcode\EBB_firmware\app.X\source\UBW.c
            ISR_D_FIFO_in   0x000021       data     extern D:\Projects\eggbotcode\EBB_firmware\app.X\source\UBW.c
        ISR_D_FIFO_length   0x000023       data     extern D:\Projects\eggbotcode\EBB_firmware\app.X\source\UBW.c
           ISR_D_FIFO_out   0x000022       data     extern D:\Projects\eggbotcode\EBB_firmware\app.X\source\UBW.c
         ISR_D_RepeatRate   0x00001f       data     extern D:\Projects\eggbotcode\EBB_firmware\app.X\source\UBW.c
                     LATA   0x000f89       data     extern E:\3.46\pic18-lt\cxx-framework\src\traditional\proc\p18f46j50.asm
                 LATAbits   0x000f89       data     extern E:\3.46\pic18-lt\cxx-framework\src\traditional\proc\p18f46j50.asm
                     LATB   0x000f8a       data     extern E:\3.46\pic18-lt\cxx-framework\src\traditional\proc\p18f46j50.asm
                 LATBbits   0x000f8a       data     extern E:\3.46\pic18-lt\cxx-framework\src\traditional\proc\p18f46j50.asm
                     LATC   0x000f8b       data     extern E:\3.46\pic18-lt\cxx-framework\src\traditional\proc\p18f46j50.asm
                 LATCbits   0x000f8b       data     extern E:\3.46\pic18-lt\cxx-framework\src\traditional\proc\p18f46j50.asm
                     LATD   0x000f8c       data     extern E:\3.46\pic18-lt\cxx-framework\src\traditional\proc\p18f46j50.asm
                 LATDbits   0x000f8c       data     extern E:\3.46\pic18-lt\cxx-framework\src\traditional\proc\p18f46j50.asm
                     LATE   0x000f8d       data     extern E:\3.46\pic18-lt\cxx-framework\src\traditional\proc\p18f46j50.asm
                 LATEbits   0x000f8d       data     extern E:\3.46\pic18-lt\cxx-framework\src\traditional\proc\p18f46j50.asm
                 LEDCount   0x000561       data     static D:\Projects\eggbotcode\EBB_firmware\app.X\source\UBW.c
                 LEDState   0x000563       data     static D:\Projects\eggbotcode\EBB_firmware\app.X\source\UBW.c
                    Layer   0x0002f1       data     static D:\Projects\eggbotcode\EBB_firmware\app.X\source\ebb.c
                NodeCount   0x0002ed       data     static D:\Projects\eggbotcode\EBB_firmware\app.X\source\ebb.c
                   ODCON1   0x000f42       data     extern E:\3.46\pic18-lt\cxx-framework\src\traditional\proc\p18f46j50.asm
               ODCON1bits   0x000f42       data     extern E:\3.46\pic18-lt\cxx-framework\src\traditional\proc\p18f46j50.asm
                   ODCON2   0x000f41       data     extern E:\3.46\pic18-lt\cxx-framework\src\traditional\proc\p18f46j50.asm
               ODCON2bits   0x000f41       data     extern E:\3.46\pic18-lt\cxx-framework\src\traditional\proc\p18f46j50.asm
                   ODCON3   0x000f40       data     extern E:\3.46\pic18-lt\cxx-framework\src\traditional\proc\p18f46j50.asm
               ODCON3bits   0x000f40       data     extern E:\3.46\pic18-lt\cxx-framework\src\traditional\proc\p18f46j50.asm
                   OSCCON   0x000fd3       data     extern E:\3.46\pic18-lt\cxx-framework\src\traditional\proc\p18f46j50.asm
               OSCCONbits   0x000fd3       data     extern E:\3.46\pic18-lt\cxx-framework\src\traditional\proc\p18f46j50.asm
                  OSCTUNE   0x000f9b       data     extern E:\3.46\pic18-lt\cxx-framework\src\traditional\proc\p18f46j50.asm
              OSCTUNEbits   0x000f9b       data     extern E:\3.46\pic18-lt\cxx-framework\src\traditional\proc\p18f46j50.asm
                  OutByte   0x000280       data     static D:\Projects\eggbotcode\EBB_firmware\app.X\source\ebb.c
                  PADCFG1   0x000f3c       data     extern E:\3.46\pic18-lt\cxx-framework\src\traditional\proc\p18f46j50.asm
              PADCFG1bits   0x000f3c       data     extern E:\3.46\pic18-lt\cxx-framework\src\traditional\proc\p18f46j50.asm
                       PC   0x000ff9       data     extern E:\3.46\pic18-lt\cxx-framework\src\traditional\proc\p18f46j50.asm
                      PCL   0x000ff9       data     extern E:\3.46\pic18-lt\cxx-framework\src\traditional\proc\p18f46j50.asm
                   PCLATH   0x000ffa       data     extern E:\3.46\pic18-lt\cxx-framework\src\traditional\proc\p18f46j50.asm
                   PCLATU   0x000ffb       data     extern E:\3.46\pic18-lt\cxx-framework\src\traditional\proc\p18f46j50.asm
                     PIE1   0x000f9d       data     extern E:\3.46\pic18-lt\cxx-framework\src\traditional\proc\p18f46j50.asm
                 PIE1bits   0x000f9d       data     extern E:\3.46\pic18-lt\cxx-framework\src\traditional\proc\p18f46j50.asm
                     PIE2   0x000fa0       data     extern E:\3.46\pic18-lt\cxx-framework\src\traditional\proc\p18f46j50.asm
                 PIE2bits   0x000fa0       data     extern E:\3.46\pic18-lt\cxx-framework\src\traditional\proc\p18f46j50.asm
                     PIE3   0x000fa3       data     extern E:\3.46\pic18-lt\cxx-framework\src\traditional\proc\p18f46j50.asm
                 PIE3bits   0x000fa3       data     extern E:\3.46\pic18-lt\cxx-framework\src\traditional\proc\p18f46j50.asm
                     PIR1   0x000f9e       data     extern E:\3.46\pic18-lt\cxx-framework\src\traditional\proc\p18f46j50.asm
                 PIR1bits   0x000f9e       data     extern E:\3.46\pic18-lt\cxx-framework\src\traditional\proc\p18f46j50.asm
                     PIR2   0x000fa1       data     extern E:\3.46\pic18-lt\cxx-framework\src\traditional\proc\p18f46j50.asm
                 PIR2bits   0x000fa1       data     extern E:\3.46\pic18-lt\cxx-framework\src\traditional\proc\p18f46j50.asm
                     PIR3   0x000fa4       data     extern E:\3.46\pic18-lt\cxx-framework\src\traditional\proc\p18f46j50.asm
                 PIR3bits   0x000fa4       data     extern E:\3.46\pic18-lt\cxx-framework\src\traditional\proc\p18f46j50.asm
                   PLUSW0   0x000feb       data     extern E:\3.46\pic18-lt\cxx-framework\src\traditional\proc\p18f46j50.asm
                   PLUSW1   0x000fe3       data     extern E:\3.46\pic18-lt\cxx-framework\src\traditional\proc\p18f46j50.asm
                   PLUSW2   0x000fdb       data     extern E:\3.46\pic18-lt\cxx-framework\src\traditional\proc\p18f46j50.asm
                  PMADDRH   0x000f6f       data     extern E:\3.46\pic18-lt\cxx-framework\src\traditional\proc\p18f46j50.asm
              PMADDRHbits   0x000f6f       data     extern E:\3.46\pic18-lt\cxx-framework\src\traditional\proc\p18f46j50.asm
                  PMADDRL   0x000f6e       data     extern E:\3.46\pic18-lt\cxx-framework\src\traditional\proc\p18f46j50.asm
                   PMCONH   0x000f5f       data     extern E:\3.46\pic18-lt\cxx-framework\src\traditional\proc\p18f46j50.asm
               PMCONHbits   0x000f5f       data     extern E:\3.46\pic18-lt\cxx-framework\src\traditional\proc\p18f46j50.asm
                   PMCONL   0x000f5e       data     extern E:\3.46\pic18-lt\cxx-framework\src\traditional\proc\p18f46j50.asm
               PMCONLbits   0x000f5e       data     extern E:\3.46\pic18-lt\cxx-framework\src\traditional\proc\p18f46j50.asm
                  PMDIN1H   0x000f6d       data     extern E:\3.46\pic18-lt\cxx-framework\src\traditional\proc\p18f46j50.asm
                  PMDIN1L   0x000f6c       data     extern E:\3.46\pic18-lt\cxx-framework\src\traditional\proc\p18f46j50.asm
                  PMDIN2H   0x000f59       data     extern E:\3.46\pic18-lt\cxx-framework\src\traditional\proc\p18f46j50.asm
                  PMDIN2L   0x000f58       data     extern E:\3.46\pic18-lt\cxx-framework\src\traditional\proc\p18f46j50.asm
                 PMDOUT1H   0x000f6f       data     extern E:\3.46\pic18-lt\cxx-framework\src\traditional\proc\p18f46j50.asm
                 PMDOUT1L   0x000f6e       data     extern E:\3.46\pic18-lt\cxx-framework\src\traditional\proc\p18f46j50.asm
                 PMDOUT2H   0x000f5b       data     extern E:\3.46\pic18-lt\cxx-framework\src\traditional\proc\p18f46j50.asm
                 PMDOUT2L   0x000f5a       data     extern E:\3.46\pic18-lt\cxx-framework\src\traditional\proc\p18f46j50.asm
                     PMEH   0x000f57       data     extern E:\3.46\pic18-lt\cxx-framework\src\traditional\proc\p18f46j50.asm
                 PMEHbits   0x000f57       data     extern E:\3.46\pic18-lt\cxx-framework\src\traditional\proc\p18f46j50.asm
                     PMEL   0x000f56       data     extern E:\3.46\pic18-lt\cxx-framework\src\traditional\proc\p18f46j50.asm
                 PMELbits   0x000f56       data     extern E:\3.46\pic18-lt\cxx-framework\src\traditional\proc\p18f46j50.asm
                  PMMODEH   0x000f5d       data     extern E:\3.46\pic18-lt\cxx-framework\src\traditional\proc\p18f46j50.asm
              PMMODEHbits   0x000f5d       data     extern E:\3.46\pic18-lt\cxx-framework\src\traditional\proc\p18f46j50.asm
                  PMMODEL   0x000f5c       data     extern E:\3.46\pic18-lt\cxx-framework\src\traditional\proc\p18f46j50.asm
              PMMODELbits   0x000f5c       data     extern E:\3.46\pic18-lt\cxx-framework\src\traditional\proc\p18f46j50.asm
                  PMSTATH   0x000f55       data     extern E:\3.46\pic18-lt\cxx-framework\src\traditional\proc\p18f46j50.asm
              PMSTATHbits   0x000f55       data     extern E:\3.46\pic18-lt\cxx-framework\src\traditional\proc\p18f46j50.asm
                  PMSTATL   0x000f54       data     extern E:\3.46\pic18-lt\cxx-framework\src\traditional\proc\p18f46j50.asm
              PMSTATLbits   0x000f54       data     extern E:\3.46\pic18-lt\cxx-framework\src\traditional\proc\p18f46j50.asm
                    PORTA   0x000f80       data     extern E:\3.46\pic18-lt\cxx-framework\src\traditional\proc\p18f46j50.asm
                PORTAbits   0x000f80       data     extern E:\3.46\pic18-lt\cxx-framework\src\traditional\proc\p18f46j50.asm
                    PORTB   0x000f81       data     extern E:\3.46\pic18-lt\cxx-framework\src\traditional\proc\p18f46j50.asm
                PORTBbits   0x000f81       data     extern E:\3.46\pic18-lt\cxx-framework\src\traditional\proc\p18f46j50.asm
                    PORTC   0x000f82       data     extern E:\3.46\pic18-lt\cxx-framework\src\traditional\proc\p18f46j50.asm
                PORTCbits   0x000f82       data     extern E:\3.46\pic18-lt\cxx-framework\src\traditional\proc\p18f46j50.asm
                    PORTD   0x000f83       data     extern E:\3.46\pic18-lt\cxx-framework\src\traditional\proc\p18f46j50.asm
                PORTDbits   0x000f83       data     extern E:\3.46\pic18-lt\cxx-framework\src\traditional\proc\p18f46j50.asm
                    PORTE   0x000f84       data     extern E:\3.46\pic18-lt\cxx-framework\src\traditional\proc\p18f46j50.asm
                PORTEbits   0x000f84       data     extern E:\3.46\pic18-lt\cxx-framework\src\traditional\proc\p18f46j50.asm
                 POSTDEC0   0x000fed       data     extern E:\3.46\pic18-lt\cxx-framework\src\traditional\proc\p18f46j50.asm
                 POSTDEC1   0x000fe5       data     extern E:\3.46\pic18-lt\cxx-framework\src\traditional\proc\p18f46j50.asm
                 POSTDEC2   0x000fdd       data     extern E:\3.46\pic18-lt\cxx-framework\src\traditional\proc\p18f46j50.asm
                 POSTINC0   0x000fee       data     extern E:\3.46\pic18-lt\cxx-framework\src\traditional\proc\p18f46j50.asm
                 POSTINC1   0x000fe6       data     extern E:\3.46\pic18-lt\cxx-framework\src\traditional\proc\p18f46j50.asm
                 POSTINC2   0x000fde       data     extern E:\3.46\pic18-lt\cxx-framework\src\traditional\proc\p18f46j50.asm
                   PPSCON   0x000eff       data     extern E:\3.46\pic18-lt\cxx-framework\src\traditional\proc\p18f46j50.asm
               PPSCONbits   0x000eff       data     extern E:\3.46\pic18-lt\cxx-framework\src\traditional\proc\p18f46j50.asm
                      PR2   0x000fcb       data     extern E:\3.46\pic18-lt\cxx-framework\src\traditional\proc\p18f46j50.asm
                      PR4   0x000f77       data     extern E:\3.46\pic18-lt\cxx-framework\src\traditional\proc\p18f46j50.asm
                  PREINC0   0x000fec       data     extern E:\3.46\pic18-lt\cxx-framework\src\traditional\proc\p18f46j50.asm
                  PREINC1   0x000fe4       data     extern E:\3.46\pic18-lt\cxx-framework\src\traditional\proc\p18f46j50.asm
                  PREINC2   0x000fdc       data     extern E:\3.46\pic18-lt\cxx-framework\src\traditional\proc\p18f46j50.asm
                     PROD   0x000ff3       data     extern E:\3.46\pic18-lt\cxx-framework\src\traditional\proc\p18f46j50.asm
                    PRODH   0x000ff4       data     extern E:\3.46\pic18-lt\cxx-framework\src\traditional\proc\p18f46j50.asm
                    PRODL   0x000ff3       data     extern E:\3.46\pic18-lt\cxx-framework\src\traditional\proc\p18f46j50.asm
                 PSTR1CON   0x000fbf       data     extern E:\3.46\pic18-lt\cxx-framework\src\traditional\proc\p18f46j50.asm
             PSTR1CONbits   0x000fbf       data     extern E:\3.46\pic18-lt\cxx-framework\src\traditional\proc\p18f46j50.asm
                 PSTR2CON   0x000fb9       data     extern E:\3.46\pic18-lt\cxx-framework\src\traditional\proc\p18f46j50.asm
             PSTR2CONbits   0x000fb9       data     extern E:\3.46\pic18-lt\cxx-framework\src\traditional\proc\p18f46j50.asm
                  PWM1CON   0x000fbd       data     extern E:\3.46\pic18-lt\cxx-framework\src\traditional\proc\p18f46j50.asm
              PWM1CONbits   0x000fbd       data     extern E:\3.46\pic18-lt\cxx-framework\src\traditional\proc\p18f46j50.asm
                  PWM2CON   0x000fb7       data     extern E:\3.46\pic18-lt\cxx-framework\src\traditional\proc\p18f46j50.asm
              PWM2CONbits   0x000fb7       data     extern E:\3.46\pic18-lt\cxx-framework\src\traditional\proc\p18f46j50.asm
                 PenState   0x0002ec       data     static D:\Projects\eggbotcode\EBB_firmware\app.X\source\ebb.c
              QC_ms_timer   0x0002f4       data     extern D:\Projects\eggbotcode\EBB_firmware\app.X\source\ebb.c
                     RCON   0x000fd0       data     extern E:\3.46\pic18-lt\cxx-framework\src\traditional\proc\p18f46j50.asm
                 RCONbits   0x000fd0       data     extern E:\3.46\pic18-lt\cxx-framework\src\traditional\proc\p18f46j50.asm
                    RCREG   0x000faf       data     extern E:\3.46\pic18-lt\cxx-framework\src\traditional\proc\p18f46j50.asm
                   RCREG1   0x000faf       data     extern E:\3.46\pic18-lt\cxx-framework\src\traditional\proc\p18f46j50.asm
                   RCREG2   0x000faa       data     extern E:\3.46\pic18-lt\cxx-framework\src\traditional\proc\p18f46j50.asm
                    RCSTA   0x000fac       data     extern E:\3.46\pic18-lt\cxx-framework\src\traditional\proc\p18f46j50.asm
[...]
               TXSTA2bits   0x000fa8       data     extern E:\3.46\pic18-lt\cxx-framework\src\traditional\proc\p18f46j50.asm
                   TXSTA2   0x000fa8       data     extern E:\3.46\pic18-lt\cxx-framework\src\traditional\proc\p18f46j50.asm
                   TXREG2   0x000fa9       data     extern E:\3.46\pic18-lt\cxx-framework\src\traditional\proc\p18f46j50.asm
                   RCREG2   0x000faa       data     extern E:\3.46\pic18-lt\cxx-framework\src\traditional\proc\p18f46j50.asm
                   SPBRG2   0x000fab       data     extern E:\3.46\pic18-lt\cxx-framework\src\traditional\proc\p18f46j50.asm
                RCSTAbits   0x000fac       data     extern E:\3.46\pic18-lt\cxx-framework\src\traditional\proc\p18f46j50.asm
               RCSTA1bits   0x000fac       data     extern E:\3.46\pic18-lt\cxx-framework\src\traditional\proc\p18f46j50.asm
                   RCSTA1   0x000fac       data     extern E:\3.46\pic18-lt\cxx-framework\src\traditional\proc\p18f46j50.asm
                    RCSTA   0x000fac       data     extern E:\3.46\pic18-lt\cxx-framework\src\traditional\proc\p18f46j50.asm
                TXSTAbits   0x000fad       data     extern E:\3.46\pic18-lt\cxx-framework\src\traditional\proc\p18f46j50.asm
               TXSTA1bits   0x000fad       data     extern E:\3.46\pic18-lt\cxx-framework\src\traditional\proc\p18f46j50.asm
                   TXSTA1   0x000fad       data     extern E:\3.46\pic18-lt\cxx-framework\src\traditional\proc\p18f46j50.asm
                    TXSTA   0x000fad       data     extern E:\3.46\pic18-lt\cxx-framework\src\traditional\proc\p18f46j50.asm
                    TXREG   0x000fae       data     extern E:\3.46\pic18-lt\cxx-framework\src\traditional\proc\p18f46j50.asm
                   TXREG1   0x000fae       data     extern E:\3.46\pic18-lt\cxx-framework\src\traditional\proc\p18f46j50.asm
                   RCREG1   0x000faf       data     extern E:\3.46\pic18-lt\cxx-framework\src\traditional\proc\p18f46j50.asm
                    RCREG   0x000faf       data     extern E:\3.46\pic18-lt\cxx-framework\src\traditional\proc\p18f46j50.asm
                   SPBRG1   0x000fb0       data     extern E:\3.46\pic18-lt\cxx-framework\src\traditional\proc\p18f46j50.asm
                    SPBRG   0x000fb0       data     extern E:\3.46\pic18-lt\cxx-framework\src\traditional\proc\p18f46j50.asm
             CTMUICONbits   0x000fb1       data     extern E:\3.46\pic18-lt\cxx-framework\src\traditional\proc\p18f46j50.asm
                 CTMUICON   0x000fb1       data     extern E:\3.46\pic18-lt\cxx-framework\src\traditional\proc\p18f46j50.asm
             CTMUCONLbits   0x000fb2       data     extern E:\3.46\pic18-lt\cxx-framework\src\traditional\proc\p18f46j50.asm
                 CTMUCONL   0x000fb2       data     extern E:\3.46\pic18-lt\cxx-framework\src\traditional\proc\p18f46j50.asm
             CTMUCONHbits   0x000fb3       data     extern E:\3.46\pic18-lt\cxx-framework\src\traditional\proc\p18f46j50.asm
                 CTMUCONH   0x000fb3       data     extern E:\3.46\pic18-lt\cxx-framework\src\traditional\proc\p18f46j50.asm
                  CCP2CON   0x000fb4       data     extern E:\3.46\pic18-lt\cxx-framework\src\traditional\proc\p18f46j50.asm
              CCP2CONbits   0x000fb4       data     extern E:\3.46\pic18-lt\cxx-framework\src\traditional\proc\p18f46j50.asm
                 ECCP2CON   0x000fb4       data     extern E:\3.46\pic18-lt\cxx-framework\src\traditional\proc\p18f46j50.asm
             ECCP2CONbits   0x000fb4       data     extern E:\3.46\pic18-lt\cxx-framework\src\traditional\proc\p18f46j50.asm
                    CCPR2   0x000fb5       data     extern E:\3.46\pic18-lt\cxx-framework\src\traditional\proc\p18f46j50.asm
                   CCPR2L   0x000fb5       data     extern E:\3.46\pic18-lt\cxx-framework\src\traditional\proc\p18f46j50.asm
                   CCPR2H   0x000fb6       data     extern E:\3.46\pic18-lt\cxx-framework\src\traditional\proc\p18f46j50.asm
              PWM2CONbits   0x000fb7       data     extern E:\3.46\pic18-lt\cxx-framework\src\traditional\proc\p18f46j50.asm
                  PWM2CON   0x000fb7       data     extern E:\3.46\pic18-lt\cxx-framework\src\traditional\proc\p18f46j50.asm
             ECCP2DELbits   0x000fb7       data     extern E:\3.46\pic18-lt\cxx-framework\src\traditional\proc\p18f46j50.asm
                 ECCP2DEL   0x000fb7       data     extern E:\3.46\pic18-lt\cxx-framework\src\traditional\proc\p18f46j50.asm
              ECCP2ASbits   0x000fb8       data     extern E:\3.46\pic18-lt\cxx-framework\src\traditional\proc\p18f46j50.asm
                  ECCP2AS   0x000fb8       data     extern E:\3.46\pic18-lt\cxx-framework\src\traditional\proc\p18f46j50.asm
                 PSTR2CON   0x000fb9       data     extern E:\3.46\pic18-lt\cxx-framework\src\traditional\proc\p18f46j50.asm
             PSTR2CONbits   0x000fb9       data     extern E:\3.46\pic18-lt\cxx-framework\src\traditional\proc\p18f46j50.asm
              CCP1CONbits   0x000fba       data     extern E:\3.46\pic18-lt\cxx-framework\src\traditional\proc\p18f46j50.asm
                  CCP1CON   0x000fba       data     extern E:\3.46\pic18-lt\cxx-framework\src\traditional\proc\p18f46j50.asm
                 ECCP1CON   0x000fba       data     extern E:\3.46\pic18-lt\cxx-framework\src\traditional\proc\p18f46j50.asm
             ECCP1CONbits   0x000fba       data     extern E:\3.46\pic18-lt\cxx-framework\src\traditional\proc\p18f46j50.asm
                    CCPR1   0x000fbb       data     extern E:\3.46\pic18-lt\cxx-framework\src\traditional\proc\p18f46j50.asm
                   CCPR1L   0x000fbb       data     extern E:\3.46\pic18-lt\cxx-framework\src\traditional\proc\p18f46j50.asm
                   CCPR1H   0x000fbc       data     extern E:\3.46\pic18-lt\cxx-framework\src\traditional\proc\p18f46j50.asm
                  PWM1CON   0x000fbd       data     extern E:\3.46\pic18-lt\cxx-framework\src\traditional\proc\p18f46j50.asm
              PWM1CONbits   0x000fbd       data     extern E:\3.46\pic18-lt\cxx-framework\src\traditional\proc\p18f46j50.asm
                 ECCP1DEL   0x000fbd       data     extern E:\3.46\pic18-lt\cxx-framework\src\traditional\proc\p18f46j50.asm
             ECCP1DELbits   0x000fbd       data     extern E:\3.46\pic18-lt\cxx-framework\src\traditional\proc\p18f46j50.asm
                  ECCP1AS   0x000fbe       data     extern E:\3.46\pic18-lt\cxx-framework\src\traditional\proc\p18f46j50.asm
              ECCP1ASbits   0x000fbe       data     extern E:\3.46\pic18-lt\cxx-framework\src\traditional\proc\p18f46j50.asm
             PSTR1CONbits   0x000fbf       data     extern E:\3.46\pic18-lt\cxx-framework\src\traditional\proc\p18f46j50.asm
                 PSTR1CON   0x000fbf       data     extern E:\3.46\pic18-lt\cxx-framework\src\traditional\proc\p18f46j50.asm
               WDTCONbits   0x000fc0       data     extern E:\3.46\pic18-lt\cxx-framework\src\traditional\proc\p18f46j50.asm
                   WDTCON   0x000fc0       data     extern E:\3.46\pic18-lt\cxx-framework\src\traditional\proc\p18f46j50.asm
               ADCON1bits   0x000fc1       data     extern E:\3.46\pic18-lt\cxx-framework\src\traditional\proc\p18f46j50.asm
                   ADCON1   0x000fc1       data     extern E:\3.46\pic18-lt\cxx-framework\src\traditional\proc\p18f46j50.asm
               ADCON0bits   0x000fc2       data     extern E:\3.46\pic18-lt\cxx-framework\src\traditional\proc\p18f46j50.asm
                   ADCON0   0x000fc2       data     extern E:\3.46\pic18-lt\cxx-framework\src\traditional\proc\p18f46j50.asm
                    ADRES   0x000fc3       data     extern E:\3.46\pic18-lt\cxx-framework\src\traditional\proc\p18f46j50.asm
                   ADRESL   0x000fc3       data     extern E:\3.46\pic18-lt\cxx-framework\src\traditional\proc\p18f46j50.asm
                   ADRESH   0x000fc4       data     extern E:\3.46\pic18-lt\cxx-framework\src\traditional\proc\p18f46j50.asm
             SSP1CON2bits   0x000fc5       data     extern E:\3.46\pic18-lt\cxx-framework\src\traditional\proc\p18f46j50.asm
              SSPCON2bits   0x000fc5       data     extern E:\3.46\pic18-lt\cxx-framework\src\traditional\proc\p18f46j50.asm
                 SSP1CON2   0x000fc5       data     extern E:\3.46\pic18-lt\cxx-framework\src\traditional\proc\p18f46j50.asm
                  SSPCON2   0x000fc5       data     extern E:\3.46\pic18-lt\cxx-framework\src\traditional\proc\p18f46j50.asm
              SSPCON1bits   0x000fc6       data     extern E:\3.46\pic18-lt\cxx-framework\src\traditional\proc\p18f46j50.asm
                 SSP1CON1   0x000fc6       data     extern E:\3.46\pic18-lt\cxx-framework\src\traditional\proc\p18f46j50.asm
             SSP1CON1bits   0x000fc6       data     extern E:\3.46\pic18-lt\cxx-framework\src\traditional\proc\p18f46j50.asm
                  SSPCON1   0x000fc6       data     extern E:\3.46\pic18-lt\cxx-framework\src\traditional\proc\p18f46j50.asm
             SSP1STATbits   0x000fc7       data     extern E:\3.46\pic18-lt\cxx-framework\src\traditional\proc\p18f46j50.asm
                 SSP1STAT   0x000fc7       data     extern E:\3.46\pic18-lt\cxx-framework\src\traditional\proc\p18f46j50.asm
                  SSPSTAT   0x000fc7       data     extern E:\3.46\pic18-lt\cxx-framework\src\traditional\proc\p18f46j50.asm
              SSPSTATbits   0x000fc7       data     extern E:\3.46\pic18-lt\cxx-framework\src\traditional\proc\p18f46j50.asm
              SSP1ADDbits   0x000fc8       data     extern E:\3.46\pic18-lt\cxx-framework\src\traditional\proc\p18f46j50.asm
                  SSP1ADD   0x000fc8       data     extern E:\3.46\pic18-lt\cxx-framework\src\traditional\proc\p18f46j50.asm
                   SSPADD   0x000fc8       data     extern E:\3.46\pic18-lt\cxx-framework\src\traditional\proc\p18f46j50.asm
               SSPADDbits   0x000fc8       data     extern E:\3.46\pic18-lt\cxx-framework\src\traditional\proc\p18f46j50.asm
                   SSPBUF   0x000fc9       data     extern E:\3.46\pic18-lt\cxx-framework\src\traditional\proc\p18f46j50.asm
                  SSP1BUF   0x000fc9       data     extern E:\3.46\pic18-lt\cxx-framework\src\traditional\proc\p18f46j50.asm
                    T2CON   0x000fca       data     extern E:\3.46\pic18-lt\cxx-framework\src\traditional\proc\p18f46j50.asm
                T2CONbits   0x000fca       data     extern E:\3.46\pic18-lt\cxx-framework\src\traditional\proc\p18f46j50.asm
                      PR2   0x000fcb       data     extern E:\3.46\pic18-lt\cxx-framework\src\traditional\proc\p18f46j50.asm
                     TMR2   0x000fcc       data     extern E:\3.46\pic18-lt\cxx-framework\src\traditional\proc\p18f46j50.asm
                    T1CON   0x000fcd       data     extern E:\3.46\pic18-lt\cxx-framework\src\traditional\proc\p18f46j50.asm
                T1CONbits   0x000fcd       data     extern E:\3.46\pic18-lt\cxx-framework\src\traditional\proc\p18f46j50.asm
                    TMR1L   0x000fce       data     extern E:\3.46\pic18-lt\cxx-framework\src\traditional\proc\p18f46j50.asm
                    TMR1H   0x000fcf       data     extern E:\3.46\pic18-lt\cxx-framework\src\traditional\proc\p18f46j50.asm
                     RCON   0x000fd0       data     extern E:\3.46\pic18-lt\cxx-framework\src\traditional\proc\p18f46j50.asm
                 RCONbits   0x000fd0       data     extern E:\3.46\pic18-lt\cxx-framework\src\traditional\proc\p18f46j50.asm
              CM2CON1bits   0x000fd1       data     extern E:\3.46\pic18-lt\cxx-framework\src\traditional\proc\p18f46j50.asm
                  CM2CON1   0x000fd1       data     extern E:\3.46\pic18-lt\cxx-framework\src\traditional\proc\p18f46j50.asm
                   CM2CON   0x000fd1       data     extern E:\3.46\pic18-lt\cxx-framework\src\traditional\proc\p18f46j50.asm
               CM2CONbits   0x000fd1       data     extern E:\3.46\pic18-lt\cxx-framework\src\traditional\proc\p18f46j50.asm
               CM1CONbits   0x000fd2       data     extern E:\3.46\pic18-lt\cxx-framework\src\traditional\proc\p18f46j50.asm
              CM1CON1bits   0x000fd2       data     extern E:\3.46\pic18-lt\cxx-framework\src\traditional\proc\p18f46j50.asm
                  CM1CON1   0x000fd2       data     extern E:\3.46\pic18-lt\cxx-framework\src\traditional\proc\p18f46j50.asm
                   CM1CON   0x000fd2       data     extern E:\3.46\pic18-lt\cxx-framework\src\traditional\proc\p18f46j50.asm
                   OSCCON   0x000fd3       data     extern E:\3.46\pic18-lt\cxx-framework\src\traditional\proc\p18f46j50.asm
               OSCCONbits   0x000fd3       data     extern E:\3.46\pic18-lt\cxx-framework\src\traditional\proc\p18f46j50.asm
                T0CONbits   0x000fd5       data     extern E:\3.46\pic18-lt\cxx-framework\src\traditional\proc\p18f46j50.asm
                    T0CON   0x000fd5       data     extern E:\3.46\pic18-lt\cxx-framework\src\traditional\proc\p18f46j50.asm
                    TMR0L   0x000fd6       data     extern E:\3.46\pic18-lt\cxx-framework\src\traditional\proc\p18f46j50.asm
                    TMR0H   0x000fd7       data     extern E:\3.46\pic18-lt\cxx-framework\src\traditional\proc\p18f46j50.asm
               STATUSbits   0x000fd8       data     extern E:\3.46\pic18-lt\cxx-framework\src\traditional\proc\p18f46j50.asm
                   STATUS   0x000fd8       data     extern E:\3.46\pic18-lt\cxx-framework\src\traditional\proc\p18f46j50.asm
                    FSR2L   0x000fd9       data     extern E:\3.46\pic18-lt\cxx-framework\src\traditional\proc\p18f46j50.asm
                     FSR2   0x000fd9       data     extern E:\3.46\pic18-lt\cxx-framework\src\traditional\proc\p18f46j50.asm
                    FSR2H   0x000fda       data     extern E:\3.46\pic18-lt\cxx-framework\src\traditional\proc\p18f46j50.asm
                   PLUSW2   0x000fdb       data     extern E:\3.46\pic18-lt\cxx-framework\src\traditional\proc\p18f46j50.asm
                  PREINC2   0x000fdc       data     extern E:\3.46\pic18-lt\cxx-framework\src\traditional\proc\p18f46j50.asm
                 POSTDEC2   0x000fdd       data     extern E:\3.46\pic18-lt\cxx-framework\src\traditional\proc\p18f46j50.asm
                 POSTINC2   0x000fde       data     extern E:\3.46\pic18-lt\cxx-framework\src\traditional\proc\p18f46j50.asm
                    INDF2   0x000fdf       data     extern E:\3.46\pic18-lt\cxx-framework\src\traditional\proc\p18f46j50.asm
                      BSR   0x000fe0       data     extern E:\3.46\pic18-lt\cxx-framework\src\traditional\proc\p18f46j50.asm
                     FSR1   0x000fe1       data     extern E:\3.46\pic18-lt\cxx-framework\src\traditional\proc\p18f46j50.asm
                    FSR1L   0x000fe1       data     extern E:\3.46\pic18-lt\cxx-framework\src\traditional\proc\p18f46j50.asm
                    FSR1H   0x000fe2       data     extern E:\3.46\pic18-lt\cxx-framework\src\traditional\proc\p18f46j50.asm
                   PLUSW1   0x000fe3       data     extern E:\3.46\pic18-lt\cxx-framework\src\traditional\proc\p18f46j50.asm
                  PREINC1   0x000fe4       data     extern E:\3.46\pic18-lt\cxx-framework\src\traditional\proc\p18f46j50.asm
                 POSTDEC1   0x000fe5       data     extern E:\3.46\pic18-lt\cxx-framework\src\traditional\proc\p18f46j50.asm
                 POSTINC1   0x000fe6       data     extern E:\3.46\pic18-lt\cxx-framework\src\traditional\proc\p18f46j50.asm
                    INDF1   0x000fe7       data     extern E:\3.46\pic18-lt\cxx-framework\src\traditional\proc\p18f46j50.asm
                     WREG   0x000fe8       data     extern E:\3.46\pic18-lt\cxx-framework\src\traditional\proc\p18f46j50.asm
                    FSR0L   0x000fe9       data     extern E:\3.46\pic18-lt\cxx-framework\src\traditional\proc\p18f46j50.asm
                     FSR0   0x000fe9       data     extern E:\3.46\pic18-lt\cxx-framework\src\traditional\proc\p18f46j50.asm
                    FSR0H   0x000fea       data     extern E:\3.46\pic18-lt\cxx-framework\src\traditional\proc\p18f46j50.asm
                   PLUSW0   0x000feb       data     extern E:\3.46\pic18-lt\cxx-framework\src\traditional\proc\p18f46j50.asm
                  PREINC0   0x000fec       data     extern E:\3.46\pic18-lt\cxx-framework\src\traditional\proc\p18f46j50.asm
                 POSTDEC0   0x000fed       data     extern E:\3.46\pic18-lt\cxx-framework\src\traditional\proc\p18f46j50.asm
                 POSTINC0   0x000fee       data     extern E:\3.46\pic18-lt\cxx-framework\src\traditional\proc\p18f46j50.asm
                    INDF0   0x000fef       data     extern E:\3.46\pic18-lt\cxx-framework\src\traditional\proc\p18f46j50.asm
              INTCON3bits   0x000ff0       data     extern E:\3.46\pic18-lt\cxx-framework\src\traditional\proc\p18f46j50.asm
                  INTCON3   0x000ff0       data     extern E:\3.46\pic18-lt\cxx-framework\src\traditional\proc\p18f46j50.asm
              INTCON2bits   0x000ff1       data     extern E:\3.46\pic18-lt\cxx-framework\src\traditional\proc\p18f46j50.asm
                  INTCON2   0x000ff1       data     extern E:\3.46\pic18-lt\cxx-framework\src\traditional\proc\p18f46j50.asm
               INTCONbits   0x000ff2       data     extern E:\3.46\pic18-lt\cxx-framework\src\traditional\proc\p18f46j50.asm
                   INTCON   0x000ff2       data     extern E:\3.46\pic18-lt\cxx-framework\src\traditional\proc\p18f46j50.asm
                     PROD   0x000ff3       data     extern E:\3.46\pic18-lt\cxx-framework\src\traditional\proc\p18f46j50.asm
                    PRODL   0x000ff3       data     extern E:\3.46\pic18-lt\cxx-framework\src\traditional\proc\p18f46j50.asm
                    PRODH   0x000ff4       data     extern E:\3.46\pic18-lt\cxx-framework\src\traditional\proc\p18f46j50.asm
                   TABLAT   0x000ff5       data     extern E:\3.46\pic18-lt\cxx-framework\src\traditional\proc\p18f46j50.asm
                  TBLPTRL   0x000ff6       data     extern E:\3.46\pic18-lt\cxx-framework\src\traditional\proc\p18f46j50.asm
                   TBLPTR   0x000ff6       data     extern E:\3.46\pic18-lt\cxx-framework\src\traditional\proc\p18f46j50.asm
                  TBLPTRH   0x000ff7       data     extern E:\3.46\pic18-lt\cxx-framework\src\traditional\proc\p18f46j50.asm
                  TBLPTRU   0x000ff8       data     extern E:\3.46\pic18-lt\cxx-framework\src\traditional\proc\p18f46j50.asm
                      PCL   0x000ff9       data     extern E:\3.46\pic18-lt\cxx-framework\src\traditional\proc\p18f46j50.asm
                       PC   0x000ff9       data     extern E:\3.46\pic18-lt\cxx-framework\src\traditional\proc\p18f46j50.asm
                   PCLATH   0x000ffa       data     extern E:\3.46\pic18-lt\cxx-framework\src\traditional\proc\p18f46j50.asm
                   PCLATU   0x000ffb       data     extern E:\3.46\pic18-lt\cxx-framework\src\traditional\proc\p18f46j50.asm
               STKPTRbits   0x000ffc       data     extern E:\3.46\pic18-lt\cxx-framework\src\traditional\proc\p18f46j50.asm
                   STKPTR   0x000ffc       data     extern E:\3.46\pic18-lt\cxx-framework\src\traditional\proc\p18f46j50.asm
                     TOSL   0x000ffd       data     extern E:\3.46\pic18-lt\cxx-framework\src\traditional\proc\p18f46j50.asm
                      TOS   0x000ffd       data     extern E:\3.46\pic18-lt\cxx-framework\src\traditional\proc\p18f46j50.asm
                     TOSH   0x000ffe       data     extern E:\3.46\pic18-lt\cxx-framework\src\traditional\proc\p18f46j50.asm
                     TOSU   0x000fff       data     extern E:\3.46\pic18-lt\cxx-framework\src\traditional\proc\p18f46j50.asm


