MPLINK 5.00, LINKER
Linker Map File - Created Sat Jul 26 18:08:46 2014

                                 Section Info
                  Section       Type    Address   Location Size(Bytes)
                ---------  ---------  ---------  ---------  ---------
    REMAPPED_RESET_VECTOR       code   0x001000    program   0x000006
REMAPPED_HIGH_INTERRUPT_VECTOR       code   0x001008    program   0x000006
REMAPPED_LOW_INTERRUPT_VECTOR       code   0x001018    program   0x000006
                   .cinit    romdata   0x00102a    program   0x00001a
              .code_UBW.o       code   0x001044    program   0x003122
              .code_ebb.o       code   0x004166    program   0x001958
       .code_usb_device.o       code   0x005abe    program   0x00152e
         .code_vfprintf.o       code   0x006fec    program   0x000c22
 .code_usb_function_cdc.o       code   0x007c0e    program   0x0005a4
         .code_RCServo2.o       code   0x0081b2    program   0x00042c
             .stringtable    romdata   0x0085de    program   0x0002da
             .code_main.o       code   0x0088b8    program   0x00017a
                     PROG       code   0x008a32    program   0x0000c2
               _cinit_scn       code   0x008af4    program   0x00009e
                   STRING       code   0x008b92    program   0x00009a
           .code_printf.o       code   0x008c2c    program   0x000098
.romdata_usb_descriptors.o    romdata   0x008cc4    program   0x00008f
        .idata_printf.o_i    romdata   0x008d53    program   0x000000
       .idata_fxm3232.o_i    romdata   0x008d53    program   0x000000
      .romdata_RCServo2.o    romdata   0x008d53    program   0x000000
          .romdata_putc.o    romdata   0x008d53    program   0x000000
    .idata_usb_device.o_i    romdata   0x008d53    program   0x000000
.romdata_usb_function_cdc.o    romdata   0x008d53    program   0x000000
           .romdata_ebb.o    romdata   0x008d53    program   0x000000
         .idata_c018i.o_i    romdata   0x008d53    program   0x000000
          .romdata_main.o    romdata   0x008d53    program   0x000000
  .code_usb_descriptors.o       code   0x008d54    program   0x000000
             .code_putc.o       code   0x008d54    program   0x000084
          .code_fxm3232.o       code   0x008dd8    program   0x000070
                    CTYPE       code   0x008e48    program   0x00004c
         .code_fxd3232u.o       code   0x008e94    program   0x000048
           .romdata_UBW.o    romdata   0x008edc    program   0x000035
       .idata_pow2x16.o_i    romdata   0x008f11    program   0x000000
    .romdata_usb_device.o    romdata   0x008f11    program   0x000000
      .idata_vfprintf.o_i    romdata   0x008f11    program   0x000000
        .idata___init.o_i    romdata   0x008f11    program   0x000000
       .romdata_fxm3232.o    romdata   0x008f11    program   0x000000
        .romdata_printf.o    romdata   0x008f11    program   0x000000
      .idata_fxd3232u.o_i    romdata   0x008f11    program   0x000000
         .romdata_c018i.o    romdata   0x008f11    program   0x000000
.idata_usb_descriptors.o_i    romdata   0x008f11    program   0x000000
                    .code       code   0x008f12    program   0x000020
           .code_stdout.o       code   0x008f12    program   0x000000
             _startup_scn       code   0x008f32    program   0x00001c
                    STDIO       code   0x008f4e    program   0x00001c
          .code_pow2x16.o       code   0x008f6a    program   0x000016
      .romdata_vfprintf.o    romdata   0x008f80    program   0x000011
          .idata_putc.o_i    romdata   0x008f91    program   0x000000
        .romdata_stdout.o    romdata   0x008f91    program   0x000000
       .romdata_pow2x16.o    romdata   0x008f91    program   0x000000
        .romdata___init.o    romdata   0x008f91    program   0x000000
.idata_usb_function_cdc.o_i    romdata   0x008f91    program   0x000000
      .romdata_fxd3232u.o    romdata   0x008f91    program   0x000000
           .idata_ebb.o_i    romdata   0x008f91    program   0x000000
          .idata_main.o_i    romdata   0x008f91    program   0x000000
      .idata_RCServo2.o_i    romdata   0x008f91    program   0x000000
           .code___init.o       code   0x008f92    program   0x000002
            .code_c018i.o       code   0x008f92    program   0x000000
        .idata_stdout.o_i    romdata   0x008f94    program   0x000002
           .idata_UBW.o_i    romdata   0x008f96    program   0x0000e1
                fast_vars      udata   0x000000       data   0x000037
                MATH_DATA      udata   0x000037       data   0x000014
                 .tmpdata      udata   0x00004b       data   0x000009
              low_ISR_tmp      udata   0x000054       data   0x000004
                  ISR_buf      udata   0x000100       data   0x000071
               com_tx_buf      udata   0x000200       data   0x000080
             .udata_ebb.o      udata   0x000280       data   0x000079
            .udata_main.o      udata   0x0002f9       data   0x000002
          .idata_stdout.o      idata   0x0002fb       data   0x000002
               com_rx_buf      udata   0x000300       data   0x000100
                  USB_BDT      udata   0x000400       data   0x000078
             .idata_UBW.o      idata   0x000500       data   0x0000e1
           .udata_c018i.o      udata   0x0005e1       data   0x00000a
.udata_usb_function_cdc.o      udata   0x000600       data   0x0000a8
      .udata_usb_device.o      udata   0x0006a8       data   0x000034
             .udata_UBW.o      udata   0x0006dc       data   0x000023
        .idata_fxd3232u.o      idata   0x0006ff       data   0x000000
        .udata_fxd3232u.o      udata   0x0006ff       data   0x000000
          .udata___init.o      udata   0x0006ff       data   0x000000
         .udata_fxm3232.o      udata   0x0006ff       data   0x000000
          .idata___init.o      idata   0x0006ff       data   0x000000
         .udata_pow2x16.o      udata   0x0006ff       data   0x000000
         .idata_pow2x16.o      idata   0x0006ff       data   0x000000
          .udata_printf.o      udata   0x0006ff       data   0x000000
          .idata_printf.o      idata   0x0006ff       data   0x000000
          .udata_stdout.o      udata   0x0006ff       data   0x000000
         .idata_fxm3232.o      idata   0x0006ff       data   0x000000
        .udata_vfprintf.o      udata   0x0006ff       data   0x000000
        .idata_vfprintf.o      idata   0x0006ff       data   0x000000
            .udata_putc.o      udata   0x0006ff       data   0x000000
            .idata_putc.o      idata   0x0006ff       data   0x000000
 .idata_usb_descriptors.o      idata   0x0006ff       data   0x000000
 .udata_usb_descriptors.o      udata   0x0006ff       data   0x000000
           .idata_c018i.o      idata   0x0006ff       data   0x000000
      .idata_usb_device.o      idata   0x0006ff       data   0x000000
        .idata_RCServo2.o      idata   0x0006ff       data   0x000000
            .idata_main.o      idata   0x0006ff       data   0x000000
.idata_usb_function_cdc.o      idata   0x0006ff       data   0x000000
             .idata_ebb.o      idata   0x0006ff       data   0x000000
                   .stack      udata   0x000d00       data   0x000100
        .udata_RCServo2.o      udata   0x000e00       data   0x0000b7
              SFR_BANKED0      udata   0x000ec6       data   0x00000e
              SFR_BANKED1      udata   0x000ed7       data   0x000008
              SFR_BANKED2      udata   0x000ee7       data   0x000004
              SFR_BANKED3      udata   0x000eec       data   0x000003
              SFR_BANKED4      udata   0x000ef2       data   0x000002
              SFR_BANKED5      udata   0x000ef6       data   0x000002
              SFR_BANKED6      udata   0x000efb       data   0x000005
              SFR_BANKED7      udata   0x000f26       data   0x000014
              SFR_BANKED8      udata   0x000f3c       data   0x000007
              SFR_BANKED9      udata   0x000f48       data   0x000008
             SFR_BANKED10      udata   0x000f52       data   0x00000e
            SFR_UNBANKED0      udata   0x000f60       data   0x0000a0



                              Program Memory Usage 
                               Start         End      
                           ---------   ---------      
                            0x001000    0x001005      
                            0x001008    0x00100d      
                            0x001018    0x00101d      
                            0x00102a    0x008d52      
                            0x008d54    0x008f10      
                            0x008f12    0x008f90      
                            0x008f92    0x009076      
            32860 out of 65538 program addresses used, program memory utilization is 50%



                              Symbols - Sorted by Name
                     Name    Address   Location    Storage File                     
                ---------  ---------  ---------  --------- ---------                
          AnalogConfigure   0x0026e2    program     extern D:\Projects\eggbotcode\EBB_firmware\app.X\source\UBW.c
           BlinkUSBStatus   0x003e58    program     extern D:\Projects\eggbotcode\EBB_firmware\app.X\source\UBW.c
                CDCInitEP   0x007cca    program     extern D:\Projects\eggbotcode\EBB_firmware\Microchip\USB\CDC Device Driver\usb_function_cdc.c
             CDCTxService   0x00802c    program     extern D:\Projects\eggbotcode\EBB_firmware\Microchip\USB\CDC Device Driver\usb_function_cdc.c
                   D3232S   0x008a62    program     static E:\3.46\pic18-lt\cxx-framework\src\traditional\math\fxd3232s.asm
                D3232SNEG   0x008a70    program     static E:\3.46\pic18-lt\cxx-framework\src\traditional\math\fxd3232s.asm
                 D3232SOK   0x008a6c    program     static E:\3.46\pic18-lt\cxx-framework\src\traditional\math\fxd3232s.asm
                  D3232SX   0x008a90    program     static E:\3.46\pic18-lt\cxx-framework\src\traditional\math\fxd3232s.asm
                  DA3232S   0x008a4c    program     static E:\3.46\pic18-lt\cxx-framework\src\traditional\math\fxd3232s.asm
                 EBB_Init   0x004538    program     extern D:\Projects\eggbotcode\EBB_firmware\app.X\source\ebb.c
                 FXD3232S   0x008a32    program     extern E:\3.46\pic18-lt\cxx-framework\src\traditional\math\fxd3232s.asm
                 FXD3232U   0x008e94    program     extern E:\3.46\pic18-lt\cxx-framework\src\traditional\math\fxd3232u.c
                 FXM1616S   0x008a9a    program     extern E:\3.46\pic18-lt\cxx-framework\src\traditional\math\fxm1616s.asm
                  FXM3232   0x008dd8    program     extern E:\3.46\pic18-lt\cxx-framework\src\traditional\math\fxm3232.c
         InitializeSystem   0x0088c6    program     static D:\Projects\eggbotcode\EBB_firmware\app.X\source\main.c
                LongDelay   0x00350e    program     extern D:\Projects\eggbotcode\EBB_firmware\app.X\source\UBW.c
                ProcessIO   0x001998    program     extern D:\Projects\eggbotcode\EBB_firmware\app.X\source\UBW.c
            RCServo2_Init   0x0081b2    program     extern D:\Projects\eggbotcode\EBB_firmware\app.X\source\RCServo2.c
            RCServo2_Move   0x008438    program     extern D:\Projects\eggbotcode\EBB_firmware\app.X\source\RCServo2.c
      RCServo2_S2_command   0x008322    program     extern D:\Projects\eggbotcode\EBB_firmware\app.X\source\RCServo2.c
RCServo2_get_channel_from_RPn   0x0082b6    program     extern D:\Projects\eggbotcode\EBB_firmware\app.X\source\RCServo2.c
        Remapped_High_ISR   0x001008    program     extern D:\Projects\eggbotcode\EBB_firmware\app.X\source\main.c
         Remapped_Low_ISR   0x001018    program     extern D:\Projects\eggbotcode\EBB_firmware\app.X\source\main.c
         SetPinLATFromRPn   0x003fa6    program     extern D:\Projects\eggbotcode\EBB_firmware\app.X\source\UBW.c
        SetPinTRISFromRPn   0x004086    program     extern D:\Projects\eggbotcode\EBB_firmware\app.X\source\UBW.c
               TSIGN1616A   0x008ae6    program     static E:\3.46\pic18-lt\cxx-framework\src\traditional\math\fxm1616s.asm
       USBCBCheckOtherReq   0x00892a    program     extern D:\Projects\eggbotcode\EBB_firmware\app.X\source\main.c
        USBCBErrorHandler   0x008928    program     extern D:\Projects\eggbotcode\EBB_firmware\app.X\source\main.c
              USBCBInitEP   0x008932    program     extern D:\Projects\eggbotcode\EBB_firmware\app.X\source\main.c
          USBCBSendResume   0x008938    program     extern D:\Projects\eggbotcode\EBB_firmware\app.X\source\main.c
    USBCBStdSetDscHandler   0x008930    program     extern D:\Projects\eggbotcode\EBB_firmware\app.X\source\main.c
             USBCBSuspend   0x008922    program     extern D:\Projects\eggbotcode\EBB_firmware\app.X\source\main.c
     USBCBWakeFromSuspend   0x008924    program     extern D:\Projects\eggbotcode\EBB_firmware\app.X\source\main.c
        USBCB_SOF_Handler   0x008926    program     extern D:\Projects\eggbotcode\EBB_firmware\app.X\source\main.c
       USBCDCEventHandler   0x007d42    program     extern D:\Projects\eggbotcode\EBB_firmware\Microchip\USB\CDC Device Driver\usb_function_cdc.c
              USBCancelIO   0x00606c    program     extern D:\Projects\eggbotcode\EBB_firmware\Microchip\USB\usb_device.c
       USBCheckCDCRequest   0x007c0e    program     extern D:\Projects\eggbotcode\EBB_firmware\Microchip\USB\CDC Device Driver\usb_function_cdc.c
       USBCheckStdRequest   0x006c2c    program     static D:\Projects\eggbotcode\EBB_firmware\Microchip\USB\usb_device.c
     USBConfigureEndpoint   0x00625e    program     static D:\Projects\eggbotcode\EBB_firmware\Microchip\USB\usb_device.c
  USBCtrlEPAllowDataStage   0x0061d8    program     extern D:\Projects\eggbotcode\EBB_firmware\Microchip\USB\usb_device.c
USBCtrlEPAllowStatusStage   0x006128    program     extern D:\Projects\eggbotcode\EBB_firmware\Microchip\USB\usb_device.c
         USBCtrlEPService   0x0069a2    program     static D:\Projects\eggbotcode\EBB_firmware\Microchip\USB\usb_device.c
 USBCtrlEPServiceComplete   0x00631c    program     static D:\Projects\eggbotcode\EBB_firmware\Microchip\USB\usb_device.c
      USBCtrlTrfInHandler   0x006b5c    program     static D:\Projects\eggbotcode\EBB_firmware\Microchip\USB\usb_device.c
     USBCtrlTrfOutHandler   0x006b0c    program     static D:\Projects\eggbotcode\EBB_firmware\Microchip\USB\usb_device.c
      USBCtrlTrfRxService   0x0064e0    program     static D:\Projects\eggbotcode\EBB_firmware\Microchip\USB\usb_device.c
   USBCtrlTrfSetupHandler   0x006a8c    program     static D:\Projects\eggbotcode\EBB_firmware\Microchip\USB\usb_device.c
      USBCtrlTrfTxService   0x0063f2    program     static D:\Projects\eggbotcode\EBB_firmware\Microchip\USB\usb_device.c
            USBDeviceInit   0x005abe    program     extern D:\Projects\eggbotcode\EBB_firmware\Microchip\USB\usb_device.c
           USBDeviceTasks   0x005c0a    program     extern D:\Projects\eggbotcode\EBB_firmware\Microchip\USB\usb_device.c
        USBEnableEndpoint   0x005e0c    program     extern D:\Projects\eggbotcode\EBB_firmware\Microchip\USB\usb_device.c
         USBStallEndpoint   0x005f88    program     extern D:\Projects\eggbotcode\EBB_firmware\Microchip\USB\usb_device.c
          USBStallHandler   0x0068fc    program     static D:\Projects\eggbotcode\EBB_firmware\Microchip\USB\usb_device.c
  USBStdFeatureReqHandler   0x006d14    program     static D:\Projects\eggbotcode\EBB_firmware\Microchip\USB\usb_device.c
      USBStdGetDscHandler   0x00674c    program     static D:\Projects\eggbotcode\EBB_firmware\Microchip\USB\usb_device.c
   USBStdGetStatusHandler   0x006818    program     static D:\Projects\eggbotcode\EBB_firmware\Microchip\USB\usb_device.c
      USBStdSetCfgHandler   0x006634    program     static D:\Projects\eggbotcode\EBB_firmware\Microchip\USB\usb_device.c
               USBSuspend   0x006932    program     static D:\Projects\eggbotcode\EBB_firmware\Microchip\USB\usb_device.c
     USBTransferOnePacket   0x005e7e    program     extern D:\Projects\eggbotcode\EBB_firmware\Microchip\USB\usb_device.c
       USBWakeFromSuspend   0x006968    program     static D:\Projects\eggbotcode\EBB_firmware\Microchip\USB\usb_device.c
               USB_CD_Ptr   0x008d4b    program     extern D:\Projects\eggbotcode\EBB_firmware\app.X\source\usb_descriptors.c
               USB_SD_Ptr   0x008d4d    program     extern D:\Projects\eggbotcode\EBB_firmware\app.X\source\usb_descriptors.c
USER_USB_CALLBACK_EVENT_HANDLER   0x008986    program     extern D:\Projects\eggbotcode\EBB_firmware\app.X\source\main.c
                 UserInit   0x001846    program     extern D:\Projects\eggbotcode\EBB_firmware\app.X\source\UBW.c
              _2jContinue   0x008bb2    program     static E:\3.46\pic18-lt\cxx-framework\src\traditional\stdclib\memset.asm
                   _2jEnd   0x008c16    program     static E:\3.46\pic18-lt\cxx-framework\src\traditional\stdclib\slenpgm.asm
                   _3jEnd   0x008bbc    program     static E:\3.46\pic18-lt\cxx-framework\src\traditional\stdclib\memset.asm
         ___else_lbl00002   0x0041c4    program     static                          
         ___else_lbl00007   0x004208    program     static                          
         ___else_lbl00009   0x004212    program     static                          
         ___else_lbl00011   0x004224    program     static                          
         ___else_lbl00013   0x00422e    program     static                          
         ___else_lbl00016   0x004216    program     static                          
         ___else_lbl00027   0x0042ea    program     static                          
         ___else_lbl00030   0x00433e    program     static                          
         ___else_lbl00035   0x0043d2    program     static                          
         ___else_lbl00040   0x004472    program     static                          
         ___else_lbl00044   0x00434a    program     static                          
         ___else_lbl00047   0x004500    program     static                          
          ___for_lbl00054   0x0045a8    program     static                          
          ___for_lbl00055   0x0045ac    program     static                          
          ___for_lbl00056   0x00454c    program     static                          
          ___for_lbl00352   0x003538    program     static                          
          ___for_lbl00353   0x00353c    program     static                          
          ___for_lbl00356   0x003522    program     static                          
           ___if_lbl00001   0x0041ce    program     static                          
           ___if_lbl00003   0x0041ce    program     static                          
           ___if_lbl00004   0x0041dc    program     static                          
           ___if_lbl00006   0x00420a    program     static                          
           ___if_lbl00008   0x004214    program     static                          
           ___if_lbl00010   0x004226    program     static                          
           ___if_lbl00012   0x004230    program     static                          
           ___if_lbl00014   0x004230    program     static                          
           ___if_lbl00015   0x004230    program     static                          
           ___if_lbl00017   0x00427c    program     static                          
           ___if_lbl00018   0x004280    program     static                          
           ___if_lbl00019   0x0042cc    program     static                          
           ___if_lbl00020   0x0042d0    program     static                          
           ___if_lbl00021   0x0042e2    program     static                          
           ___if_lbl00022   0x0042e8    program     static                          
           ___if_lbl00023   0x0042f6    program     static                          
           ___if_lbl00024   0x0042fc    program     static                          
           ___if_lbl00025   0x0042fc    program     static                          
           ___if_lbl00026   0x0042fc    program     static                          
           ___if_lbl00028   0x004348    program     static                          
           ___if_lbl00029   0x004348    program     static                          
           ___if_lbl00031   0x004348    program     static                          
           ___if_lbl00032   0x004348    program     static                          
           ___if_lbl00033   0x004448    program     static                          
           ___if_lbl00034   0x004448    program     static                          
           ___if_lbl00036   0x004448    program     static                          
           ___if_lbl00037   0x004470    program     static                          
           ___if_lbl00038   0x004484    program     static                          
           ___if_lbl00039   0x004484    program     static                          
           ___if_lbl00041   0x004484    program     static                          
           ___if_lbl00042   0x004484    program     static                          
           ___if_lbl00043   0x004484    program     static                          
           ___if_lbl00046   0x004508    program     static                          
           ___if_lbl00048   0x004508    program     static                          
           ___if_lbl00051   0x004520    program     static                          
           ___if_lbl00052   0x004520    program     static                          
       ___return_lbl00000   0x008f4c    program     static                          
       ___return_lbl00000   0x001004    program     static                          
       ___return_lbl00000   0x008eda    program     static                          
       ___return_lbl00000   0x008e46    program     static                          
       ___return_lbl00000   0x004520    program     static                          
       ___return_lbl00000   0x008f7e    program     static                          
       ___return_lbl00001   0x00100c    program     static                          
       ___return_lbl00001   0x008b90    program     static                          
       ___return_lbl00002   0x00101c    program     static                          
       ___return_lbl00053   0x004698    program     static                          
       ___return_lbl00351   0x00353c    program     static                          
       ___return_lbl00357   0x003558    program     static                          
        ___while_lbl00354   0x00352a    program     static                          
        ___while_lbl00355   0x003538    program     static                          
                   __init   0x008f92    program     extern E:\3.46\pic18-lt\cxx-framework\src\traditional\stdclib\__init.c
                   __pa_0   0x00792c    program     static E:\3.46\pic18-lt\cxx-framework\src\traditional\stdclib\vfprintf.c
                   __pa_1   0x007934    program     static E:\3.46\pic18-lt\cxx-framework\src\traditional\stdclib\vfprintf.c
                  __pa_10   0x0079e8    program     static E:\3.46\pic18-lt\cxx-framework\src\traditional\stdclib\vfprintf.c
                  __pa_11   0x0079f6    program     static E:\3.46\pic18-lt\cxx-framework\src\traditional\stdclib\vfprintf.c
                  __pa_12   0x007a0c    program     static E:\3.46\pic18-lt\cxx-framework\src\traditional\stdclib\vfprintf.c
                  __pa_13   0x007a26    program     static E:\3.46\pic18-lt\cxx-framework\src\traditional\stdclib\vfprintf.c
                  __pa_14   0x007a3e    program     static E:\3.46\pic18-lt\cxx-framework\src\traditional\stdclib\vfprintf.c
                  __pa_15   0x007a4e    program     static E:\3.46\pic18-lt\cxx-framework\src\traditional\stdclib\vfprintf.c
                  __pa_16   0x007a64    program     static E:\3.46\pic18-lt\cxx-framework\src\traditional\stdclib\vfprintf.c
                  __pa_17   0x007a76    program     static E:\3.46\pic18-lt\cxx-framework\src\traditional\stdclib\vfprintf.c
                  __pa_18   0x007a88    program     static E:\3.46\pic18-lt\cxx-framework\src\traditional\stdclib\vfprintf.c
                  __pa_19   0x007a92    program     static E:\3.46\pic18-lt\cxx-framework\src\traditional\stdclib\vfprintf.c
                   __pa_2   0x00793e    program     static E:\3.46\pic18-lt\cxx-framework\src\traditional\stdclib\vfprintf.c
                  __pa_20   0x007aa2    program     static E:\3.46\pic18-lt\cxx-framework\src\traditional\stdclib\vfprintf.c
                  __pa_21   0x007ab2    program     static E:\3.46\pic18-lt\cxx-framework\src\traditional\stdclib\vfprintf.c
                  __pa_22   0x007ac2    program     static E:\3.46\pic18-lt\cxx-framework\src\traditional\stdclib\vfprintf.c
                  __pa_23   0x007ace    program     static E:\3.46\pic18-lt\cxx-framework\src\traditional\stdclib\vfprintf.c
                  __pa_24   0x007adc    program     static E:\3.46\pic18-lt\cxx-framework\src\traditional\stdclib\vfprintf.c
                  __pa_25   0x007ae4    program     static E:\3.46\pic18-lt\cxx-framework\src\traditional\stdclib\vfprintf.c
                  __pa_26   0x007aee    program     static E:\3.46\pic18-lt\cxx-framework\src\traditional\stdclib\vfprintf.c
                  __pa_27   0x007af8    program     static E:\3.46\pic18-lt\cxx-framework\src\traditional\stdclib\vfprintf.c
                  __pa_28   0x007b00    program     static E:\3.46\pic18-lt\cxx-framework\src\traditional\stdclib\vfprintf.c
                  __pa_29   0x007b0e    program     static E:\3.46\pic18-lt\cxx-framework\src\traditional\stdclib\vfprintf.c
                   __pa_3   0x007948    program     static E:\3.46\pic18-lt\cxx-framework\src\traditional\stdclib\vfprintf.c
                  __pa_30   0x007b2a    program     static E:\3.46\pic18-lt\cxx-framework\src\traditional\stdclib\vfprintf.c
                  __pa_31   0x007b44    program     static E:\3.46\pic18-lt\cxx-framework\src\traditional\stdclib\vfprintf.c
                  __pa_32   0x007b5e    program     static E:\3.46\pic18-lt\cxx-framework\src\traditional\stdclib\vfprintf.c
                  __pa_33   0x007b76    program     static E:\3.46\pic18-lt\cxx-framework\src\traditional\stdclib\vfprintf.c
                  __pa_34   0x007b80    program     static E:\3.46\pic18-lt\cxx-framework\src\traditional\stdclib\vfprintf.c
                  __pa_35   0x007b8e    program     static E:\3.46\pic18-lt\cxx-framework\src\traditional\stdclib\vfprintf.c
                  __pa_36   0x007b96    program     static E:\3.46\pic18-lt\cxx-framework\src\traditional\stdclib\vfprintf.c
                  __pa_37   0x007ba0    program     static E:\3.46\pic18-lt\cxx-framework\src\traditional\stdclib\vfprintf.c
                  __pa_38   0x007bb0    program     static E:\3.46\pic18-lt\cxx-framework\src\traditional\stdclib\vfprintf.c
                  __pa_39   0x007bbe    program     static E:\3.46\pic18-lt\cxx-framework\src\traditional\stdclib\vfprintf.c
                   __pa_4   0x007960    program     static E:\3.46\pic18-lt\cxx-framework\src\traditional\stdclib\vfprintf.c
                  __pa_40   0x007bca    program     static E:\3.46\pic18-lt\cxx-framework\src\traditional\stdclib\vfprintf.c
                  __pa_41   0x007bd6    program     static E:\3.46\pic18-lt\cxx-framework\src\traditional\stdclib\vfprintf.c
                  __pa_42   0x007bde    program     static E:\3.46\pic18-lt\cxx-framework\src\traditional\stdclib\vfprintf.c
                  __pa_43   0x007be8    program     static E:\3.46\pic18-lt\cxx-framework\src\traditional\stdclib\vfprintf.c
                  __pa_44   0x007bee    program     static E:\3.46\pic18-lt\cxx-framework\src\traditional\stdclib\vfprintf.c
                  __pa_45   0x007bf8    program     static E:\3.46\pic18-lt\cxx-framework\src\traditional\stdclib\vfprintf.c
                  __pa_46   0x007c04    program     static E:\3.46\pic18-lt\cxx-framework\src\traditional\stdclib\vfprintf.c
                   __pa_5   0x007974    program     static E:\3.46\pic18-lt\cxx-framework\src\traditional\stdclib\vfprintf.c
                   __pa_6   0x007990    program     static E:\3.46\pic18-lt\cxx-framework\src\traditional\stdclib\vfprintf.c
                   __pa_7   0x00799a    program     static E:\3.46\pic18-lt\cxx-framework\src\traditional\stdclib\vfprintf.c
                   __pa_8   0x0079a6    program     static E:\3.46\pic18-lt\cxx-framework\src\traditional\stdclib\vfprintf.c
                   __pa_9   0x0079c8    program     static E:\3.46\pic18-lt\cxx-framework\src\traditional\stdclib\vfprintf.c
               __string_0   0x00869e    program     static D:\Projects\eggbotcode\EBB_firmware\app.X\source\ebb.c
               __string_1   0x008673    program     static D:\Projects\eggbotcode\EBB_firmware\app.X\source\ebb.c
              __string_10   0x00882a    program     static D:\Projects\eggbotcode\EBB_firmware\app.X\source\UBW.c
              __string_11   0x008809    program     static D:\Projects\eggbotcode\EBB_firmware\app.X\source\UBW.c
              __string_12   0x0087f0    program     static D:\Projects\eggbotcode\EBB_firmware\app.X\source\UBW.c
              __string_13   0x0087cd    program     static D:\Projects\eggbotcode\EBB_firmware\app.X\source\UBW.c
              __string_14   0x0087a5    program     static D:\Projects\eggbotcode\EBB_firmware\app.X\source\UBW.c
              __string_15   0x008788    program     static D:\Projects\eggbotcode\EBB_firmware\app.X\source\UBW.c
              __string_16   0x008786    program     static D:\Projects\eggbotcode\EBB_firmware\app.X\source\UBW.c
              __string_17   0x00877b    program     static D:\Projects\eggbotcode\EBB_firmware\app.X\source\UBW.c
              __string_18   0x008771    program     static D:\Projects\eggbotcode\EBB_firmware\app.X\source\UBW.c
              __string_19   0x008768    program     static D:\Projects\eggbotcode\EBB_firmware\app.X\source\UBW.c
               __string_2   0x00863e    program     static D:\Projects\eggbotcode\EBB_firmware\app.X\source\ebb.c
              __string_20   0x00875c    program     static D:\Projects\eggbotcode\EBB_firmware\app.X\source\UBW.c
              __string_21   0x008750    program     static D:\Projects\eggbotcode\EBB_firmware\app.X\source\UBW.c
              __string_22   0x008744    program     static D:\Projects\eggbotcode\EBB_firmware\app.X\source\UBW.c
              __string_23   0x008738    program     static D:\Projects\eggbotcode\EBB_firmware\app.X\source\UBW.c
              __string_24   0x00872b    program     static D:\Projects\eggbotcode\EBB_firmware\app.X\source\UBW.c
              __string_25   0x00871e    program     static D:\Projects\eggbotcode\EBB_firmware\app.X\source\UBW.c
              __string_26   0x008712    program     static D:\Projects\eggbotcode\EBB_firmware\app.X\source\UBW.c
              __string_27   0x008706    program     static D:\Projects\eggbotcode\EBB_firmware\app.X\source\UBW.c
              __string_28   0x0086df    program     static D:\Projects\eggbotcode\EBB_firmware\app.X\source\UBW.c
              __string_29   0x0086d3    program     static D:\Projects\eggbotcode\EBB_firmware\app.X\source\UBW.c
               __string_3   0x0088ac    program     static D:\Projects\eggbotcode\EBB_firmware\app.X\source\UBW.c
               __string_3   0x008613    program     static D:\Projects\eggbotcode\EBB_firmware\app.X\source\ebb.c
               __string_4   0x0088a9    program     static D:\Projects\eggbotcode\EBB_firmware\app.X\source\UBW.c
               __string_4   0x00860e    program     static D:\Projects\eggbotcode\EBB_firmware\app.X\source\ebb.c
               __string_5   0x0088a6    program     static D:\Projects\eggbotcode\EBB_firmware\app.X\source\UBW.c
               __string_5   0x008605    program     static D:\Projects\eggbotcode\EBB_firmware\app.X\source\ebb.c
               __string_6   0x0088a0    program     static D:\Projects\eggbotcode\EBB_firmware\app.X\source\UBW.c
               __string_6   0x0085fe    program     static D:\Projects\eggbotcode\EBB_firmware\app.X\source\ebb.c
               __string_7   0x008881    program     static D:\Projects\eggbotcode\EBB_firmware\app.X\source\UBW.c
               __string_7   0x0085f8    program     static D:\Projects\eggbotcode\EBB_firmware\app.X\source\ebb.c
               __string_8   0x008865    program     static D:\Projects\eggbotcode\EBB_firmware\app.X\source\UBW.c
               __string_8   0x0085ec    program     static D:\Projects\eggbotcode\EBB_firmware\app.X\source\ebb.c
               __string_9   0x008849    program     static D:\Projects\eggbotcode\EBB_firmware\app.X\source\UBW.c
               __string_9   0x0085de    program     static D:\Projects\eggbotcode\EBB_firmware\app.X\source\ebb.c
               __tmplbl_0   0x0041b8    program     static                          
               __tmplbl_1   0x0041fa    program     static                          
               __tmplbl_2   0x0041ee    program     static                          
               __tmplbl_3   0x004494    program     static                          
              __tmplbl_35   0x00455e    program     static                          
               __tmplbl_4   0x00448a    program     static                          
              __tmplbl_42   0x007ac2    program     static                          
              __tmplbl_43   0x00790a    program     static                          
              __tmplbl_44   0x0078f0    program     static                          
               __tmplbl_5   0x00451a    program     static                          
               __tmplbl_6   0x00450e    program     static                          
               __tmplbl_7   0x004514    program     static                          
              __tmplbl_85   0x007042    program     static                          
            __zero_memory   0x008f12    program     extern E:\3.46\pic18-lt\cxx-framework\src\traditional\proc\p18f46j50.asm
                _do_cinit   0x008af4    program     extern C:\MCC18\src\traditional\startup\c018i.c
                   _false   0x008ed6    program     static                          
                   _reset   0x001000    program     extern D:\Projects\eggbotcode\EBB_firmware\app.X\source\main.c
                 _startup   0x008f32    program     extern C:\MCC18\src\traditional\startup\c018i.c
              _usart_putc   0x008f4e    program     extern E:\3.46\pic18-lt\cxx-framework\src\pmc_common\USART\_usartpc.asm
               _user_putc   0x001dea    program     extern D:\Projects\eggbotcode\EBB_firmware\app.X\source\UBW.c
   check_and_send_TX_data   0x001e6c    program     extern D:\Projects\eggbotcode\EBB_firmware\app.X\source\UBW.c
                compare_l   0x008f28    program     static E:\3.46\pic18-lt\cxx-framework\src\traditional\proc\p18f46j50.asm
        configDescriptor1   0x008cd6    program     extern D:\Projects\eggbotcode\EBB_firmware\app.X\source\usb_descriptors.c
                copy_loop   0x008b66    program     static                          
            copy_one_byte   0x008b6c    program     static                          
               device_dsc   0x008cc4    program     extern D:\Projects\eggbotcode\EBB_firmware\app.X\source\usb_descriptors.c
                     done   0x008b90    program     static                          
             done_copying   0x008b7a    program     static                          
            extract_digit   0x003d0c    program     extern D:\Projects\eggbotcode\EBB_firmware\app.X\source\UBW.c
           extract_number   0x003836    program     extern D:\Projects\eggbotcode\EBB_firmware\app.X\source\UBW.c
             getsUSBUSART   0x007dea    program     extern D:\Projects\eggbotcode\EBB_firmware\Microchip\USB\CDC Device Driver\usb_function_cdc.c
                 high_ISR   0x004166    program     extern D:\Projects\eggbotcode\EBB_firmware\app.X\source\ebb.c
                  isdigit   0x008e70    program     extern E:\3.46\pic18-lt\cxx-framework\src\traditional\stdclib\isdigit.asm
                     jEnd   0x008be0    program     static E:\3.46\pic18-lt\cxx-framework\src\traditional\stdclib\strlen.asm
                     jEnd   0x008bc4    program     static E:\3.46\pic18-lt\cxx-framework\src\traditional\stdclib\memset.asm
                     jEnd   0x008c18    program     static E:\3.46\pic18-lt\cxx-framework\src\traditional\stdclib\slenpgm.asm
                    jLoop   0x008c00    program     static E:\3.46\pic18-lt\cxx-framework\src\traditional\stdclib\slenpgm.asm
                    jLoop   0x008bd6    program     static E:\3.46\pic18-lt\cxx-framework\src\traditional\stdclib\strlen.asm
                    jLoop   0x008ba6    program     static E:\3.46\pic18-lt\cxx-framework\src\traditional\stdclib\memset.asm
                   jMatch   0x008e90    program     static E:\3.46\pic18-lt\cxx-framework\src\traditional\stdclib\isdigit.asm
                 jNoMatch   0x008e92    program     static E:\3.46\pic18-lt\cxx-framework\src\traditional\stdclib\isdigit.asm
                 jNoMatch   0x008e6e    program     static E:\3.46\pic18-lt\cxx-framework\src\traditional\stdclib\toupper.asm
                     loop   0x008f42    program     static                          
                     loop   0x008ea2    program     static                          
                     loop   0x008f5e    program     static E:\3.46\pic18-lt\cxx-framework\src\pmc_common\USART\_usartpc.asm
                   loop_h   0x008f20    program     static E:\3.46\pic18-lt\cxx-framework\src\traditional\proc\p18f46j50.asm
                   loop_l   0x008f2a    program     static E:\3.46\pic18-lt\cxx-framework\src\traditional\proc\p18f46j50.asm
                  low_ISR   0x001044    program     extern D:\Projects\eggbotcode\EBB_firmware\app.X\source\UBW.c
                     main   0x0088b8    program     extern D:\Projects\eggbotcode\EBB_firmware\app.X\source\main.c
                   memset   0x008b92    program     extern E:\3.46\pic18-lt\cxx-framework\src\traditional\stdclib\memset.asm
          parse_AC_packet   0x0027e0    program     extern D:\Projects\eggbotcode\EBB_firmware\app.X\source\UBW.c
           parse_A_packet   0x0029e8    program     extern D:\Projects\eggbotcode\EBB_firmware\app.X\source\UBW.c
          parse_BC_packet   0x003344    program     extern D:\Projects\eggbotcode\EBB_firmware\app.X\source\UBW.c
          parse_BL_packet   0x00354a    program     extern D:\Projects\eggbotcode\EBB_firmware\app.X\source\UBW.c
          parse_BO_packet   0x00334a    program     extern D:\Projects\eggbotcode\EBB_firmware\app.X\source\UBW.c
          parse_BS_packet   0x003350    program     extern D:\Projects\eggbotcode\EBB_firmware\app.X\source\UBW.c
          parse_CI_packet   0x003374    program     extern D:\Projects\eggbotcode\EBB_firmware\app.X\source\UBW.c
          parse_CK_packet   0x00355a    program     extern D:\Projects\eggbotcode\EBB_firmware\app.X\source\UBW.c
          parse_CS_packet   0x003362    program     extern D:\Projects\eggbotcode\EBB_firmware\app.X\source\UBW.c
          parse_CU_packet   0x0024bc    program     extern D:\Projects\eggbotcode\EBB_firmware\app.X\source\UBW.c
          parse_CX_packet   0x0031be    program     extern D:\Projects\eggbotcode\EBB_firmware\app.X\source\UBW.c
           parse_C_packet   0x0025fa    program     extern D:\Projects\eggbotcode\EBB_firmware\app.X\source\UBW.c
          parse_EM_packet   0x005606    program     extern D:\Projects\eggbotcode\EBB_firmware\app.X\source\ebb.c
           parse_I_packet   0x00297c    program     extern D:\Projects\eggbotcode\EBB_firmware\app.X\source\UBW.c
          parse_MR_packet   0x002b9a    program     extern D:\Projects\eggbotcode\EBB_firmware\app.X\source\UBW.c
          parse_MW_packet   0x002b12    program     extern D:\Projects\eggbotcode\EBB_firmware\app.X\source\UBW.c
          parse_ND_packet   0x005758    program     extern D:\Projects\eggbotcode\EBB_firmware\app.X\source\ebb.c
          parse_NI_packet   0x005732    program     extern D:\Projects\eggbotcode\EBB_firmware\app.X\source\ebb.c
           parse_O_packet   0x002854    program     extern D:\Projects\eggbotcode\EBB_firmware\app.X\source\UBW.c
          parse_PC_packet   0x00337a    program     extern D:\Projects\eggbotcode\EBB_firmware\app.X\source\UBW.c
          parse_PD_packet   0x002c34    program     extern D:\Projects\eggbotcode\EBB_firmware\app.X\source\UBW.c
          parse_PG_packet   0x0034b6    program     extern D:\Projects\eggbotcode\EBB_firmware\app.X\source\UBW.c
          parse_PI_packet   0x002e22    program     extern D:\Projects\eggbotcode\EBB_firmware\app.X\source\UBW.c
          parse_PO_packet   0x002fc4    program     extern D:\Projects\eggbotcode\EBB_firmware\app.X\source\UBW.c
          parse_QB_packet   0x005892    program     extern D:\Projects\eggbotcode\EBB_firmware\app.X\source\ebb.c
          parse_QC_packet   0x0058d8    program     extern D:\Projects\eggbotcode\EBB_firmware\app.X\source\ebb.c
          parse_QL_packet   0x005850    program     extern D:\Projects\eggbotcode\EBB_firmware\app.X\source\ebb.c
          parse_QM_packet   0x005a74    program     extern D:\Projects\eggbotcode\EBB_firmware\app.X\source\ebb.c
          parse_QN_packet   0x0057ea    program     extern D:\Projects\eggbotcode\EBB_firmware\app.X\source\ebb.c
          parse_QP_packet   0x00538a    program     extern D:\Projects\eggbotcode\EBB_firmware\app.X\source\ebb.c
          parse_RC_packet   0x0031c4    program     extern D:\Projects\eggbotcode\EBB_firmware\app.X\source\UBW.c
          parse_RI_packet   0x00336e    program     extern D:\Projects\eggbotcode\EBB_firmware\app.X\source\UBW.c
          parse_RM_packet   0x005a72    program     extern D:\Projects\eggbotcode\EBB_firmware\app.X\source\ebb.c
          parse_RS_packet   0x00335c    program     extern D:\Projects\eggbotcode\EBB_firmware\app.X\source\UBW.c
          parse_RX_packet   0x0031b8    program     extern D:\Projects\eggbotcode\EBB_firmware\app.X\source\UBW.c
           parse_R_packet   0x0024b4    program     extern D:\Projects\eggbotcode\EBB_firmware\app.X\source\UBW.c
          parse_SC_packet   0x0046a6    program     extern D:\Projects\eggbotcode\EBB_firmware\app.X\source\ebb.c
          parse_SE_packet   0x00591c    program     extern D:\Projects\eggbotcode\EBB_firmware\app.X\source\ebb.c
          parse_SI_packet   0x003368    program     extern D:\Projects\eggbotcode\EBB_firmware\app.X\source\UBW.c
          parse_SL_packet   0x00582a    program     extern D:\Projects\eggbotcode\EBB_firmware\app.X\source\ebb.c
          parse_SM_packet   0x004948    program     extern D:\Projects\eggbotcode\EBB_firmware\app.X\source\ebb.c
          parse_SN_packet   0x005776    program     extern D:\Projects\eggbotcode\EBB_firmware\app.X\source\ebb.c
          parse_SP_packet   0x005448    program     extern D:\Projects\eggbotcode\EBB_firmware\app.X\source\ebb.c
          parse_SS_packet   0x003356    program     extern D:\Projects\eggbotcode\EBB_firmware\app.X\source\UBW.c
          parse_TP_packet   0x0053cc    program     extern D:\Projects\eggbotcode\EBB_firmware\app.X\source\ebb.c
          parse_TX_packet   0x0031b2    program     extern D:\Projects\eggbotcode\EBB_firmware\app.X\source\UBW.c
           parse_T_packet   0x00255a    program     extern D:\Projects\eggbotcode\EBB_firmware\app.X\source\UBW.c
           parse_V_packet   0x0029c6    program     extern D:\Projects\eggbotcode\EBB_firmware\app.X\source\UBW.c
             parse_packet   0x001f1c    program     extern D:\Projects\eggbotcode\EBB_firmware\app.X\source\UBW.c
                  pow2x16   0x008f6a    program     extern E:\3.46\pic18-lt\cxx-framework\src\traditional\math\pow2x16.c
                print_ack   0x00248c    program     extern D:\Projects\eggbotcode\EBB_firmware\app.X\source\UBW.c
             print_status   0x003e26    program     extern D:\Projects\eggbotcode\EBB_firmware\app.X\source\UBW.c
                   printf   0x008c2c    program     extern E:\3.46\pic18-lt\cxx-framework\src\traditional\stdclib\printf.c
               process_SM   0x004d90    program     static D:\Projects\eggbotcode\EBB_firmware\app.X\source\ebb.c
               process_SP   0x00556e    program     extern D:\Projects\eggbotcode\EBB_firmware\app.X\source\ebb.c
              putUSBUSART   0x007ecc    program     extern D:\Projects\eggbotcode\EBB_firmware\Microchip\USB\CDC Device Driver\usb_function_cdc.c
                     putc   0x008d54    program     extern E:\3.46\pic18-lt\cxx-framework\src\traditional\stdclib\putc.c
            putrsUSBUSART   0x007f9c    program     extern D:\Projects\eggbotcode\EBB_firmware\Microchip\USB\CDC Device Driver\usb_function_cdc.c
             putsUSBUSART   0x007f0c    program     extern D:\Projects\eggbotcode\EBB_firmware\Microchip\USB\CDC Device Driver\usb_function_cdc.c
                 s_digits   0x008f80    program     static E:\3.46\pic18-lt\cxx-framework\src\traditional\stdclib\vfprintf.c
            s_put_n_chars   0x006fec    program     static E:\3.46\pic18-lt\cxx-framework\src\traditional\stdclib\vfprintf.c
                    sd000   0x008d19    program     extern D:\Projects\eggbotcode\EBB_firmware\app.X\source\usb_descriptors.c
                    sd001   0x008d1d    program     extern D:\Projects\eggbotcode\EBB_firmware\app.X\source\usb_descriptors.c
                    sd002   0x008d35    program     extern D:\Projects\eggbotcode\EBB_firmware\app.X\source\usb_descriptors.c
                  st_LFCR   0x008ee1    program     extern D:\Projects\eggbotcode\EBB_firmware\app.X\source\UBW.c
                    st_OK   0x008edc    program     extern D:\Projects\eggbotcode\EBB_firmware\app.X\source\UBW.c
               st_version   0x008ee4    program     extern D:\Projects\eggbotcode\EBB_firmware\app.X\source\UBW.c
                   strlen   0x008bc6    program     extern E:\3.46\pic18-lt\cxx-framework\src\traditional\stdclib\strlen.asm
                strlenpgm   0x008be2    program     extern E:\3.46\pic18-lt\cxx-framework\src\traditional\stdclib\slenpgm.asm
                     test   0x008b0e    program     static                          
                  toupper   0x008e48    program     extern E:\3.46\pic18-lt\cxx-framework\src\traditional\stdclib\toupper.asm
                 vfprintf   0x007018    program     extern E:\3.46\pic18-lt\cxx-framework\src\traditional\stdclib\vfprintf.c
               zero_block   0x008f20    program     static E:\3.46\pic18-lt\cxx-framework\src\traditional\proc\p18f46j50.asm
                   ADCON0   0x000fc2       data     extern E:\3.46\pic18-lt\cxx-framework\src\traditional\proc\p18f46j50.asm
               ADCON0bits   0x000fc2       data     extern E:\3.46\pic18-lt\cxx-framework\src\traditional\proc\p18f46j50.asm
                   ADCON1   0x000fc1       data     extern E:\3.46\pic18-lt\cxx-framework\src\traditional\proc\p18f46j50.asm
               ADCON1bits   0x000fc1       data     extern E:\3.46\pic18-lt\cxx-framework\src\traditional\proc\p18f46j50.asm
                    ADRES   0x000fc3       data     extern E:\3.46\pic18-lt\cxx-framework\src\traditional\proc\p18f46j50.asm
                   ADRESH   0x000fc4       data     extern E:\3.46\pic18-lt\cxx-framework\src\traditional\proc\p18f46j50.asm
                   ADRESL   0x000fc3       data     extern E:\3.46\pic18-lt\cxx-framework\src\traditional\proc\p18f46j50.asm
                  ALRMCFG   0x000f91       data     extern E:\3.46\pic18-lt\cxx-framework\src\traditional\proc\p18f46j50.asm
              ALRMCFGbits   0x000f91       data     extern E:\3.46\pic18-lt\cxx-framework\src\traditional\proc\p18f46j50.asm
                  ALRMRPT   0x000f90       data     extern E:\3.46\pic18-lt\cxx-framework\src\traditional\proc\p18f46j50.asm
              ALRMRPTbits   0x000f90       data     extern E:\3.46\pic18-lt\cxx-framework\src\traditional\proc\p18f46j50.asm
                 ALRMVALH   0x000f8f       data     extern E:\3.46\pic18-lt\cxx-framework\src\traditional\proc\p18f46j50.asm
                 ALRMVALL   0x000f8e       data     extern E:\3.46\pic18-lt\cxx-framework\src\traditional\proc\p18f46j50.asm
                   ANCON0   0x000f48       data     extern E:\3.46\pic18-lt\cxx-framework\src\traditional\proc\p18f46j50.asm
               ANCON0bits   0x000f48       data     extern E:\3.46\pic18-lt\cxx-framework\src\traditional\proc\p18f46j50.asm
                   ANCON1   0x000f49       data     extern E:\3.46\pic18-lt\cxx-framework\src\traditional\proc\p18f46j50.asm
               ANCON1bits   0x000f49       data     extern E:\3.46\pic18-lt\cxx-framework\src\traditional\proc\p18f46j50.asm
            A_cur_channel   0x000031       data     extern D:\Projects\eggbotcode\EBB_firmware\app.X\source\UBW.c
           A_tick_counter   0x00002f       data     extern D:\Projects\eggbotcode\EBB_firmware\app.X\source\UBW.c
                  AllDone   0x000282       data     static D:\Projects\eggbotcode\EBB_firmware\app.X\source\ebb.c
    AnalogEnabledChannels   0x000033       data     extern D:\Projects\eggbotcode\EBB_firmware\app.X\source\UBW.c
           AnalogInitiate   0x000032       data     extern D:\Projects\eggbotcode\EBB_firmware\app.X\source\UBW.c
                  BAUDCON   0x000f7e       data     extern E:\3.46\pic18-lt\cxx-framework\src\traditional\proc\p18f46j50.asm
                 BAUDCON1   0x000f7e       data     extern E:\3.46\pic18-lt\cxx-framework\src\traditional\proc\p18f46j50.asm
             BAUDCON1bits   0x000f7e       data     extern E:\3.46\pic18-lt\cxx-framework\src\traditional\proc\p18f46j50.asm
                 BAUDCON2   0x000f7c       data     extern E:\3.46\pic18-lt\cxx-framework\src\traditional\proc\p18f46j50.asm
             BAUDCON2bits   0x000f7c       data     extern E:\3.46\pic18-lt\cxx-framework\src\traditional\proc\p18f46j50.asm
              BAUDCONbits   0x000f7e       data     extern E:\3.46\pic18-lt\cxx-framework\src\traditional\proc\p18f46j50.asm
                  BAUDCTL   0x000f7e       data     extern E:\3.46\pic18-lt\cxx-framework\src\traditional\proc\p18f46j50.asm
              BAUDCTLbits   0x000f7e       data     extern E:\3.46\pic18-lt\cxx-framework\src\traditional\proc\p18f46j50.asm
                      BDT   0x000400       data     extern D:\Projects\eggbotcode\EBB_firmware\Microchip\USB\usb_device.c
                      BSR   0x000fe0       data     extern E:\3.46\pic18-lt\cxx-framework\src\traditional\proc\p18f46j50.asm
              BaudRateGen   0x00069c       data     extern D:\Projects\eggbotcode\EBB_firmware\Microchip\USB\CDC Device Driver\usb_function_cdc.c
       BothEP0OutUOWNsSet   0x0006cf       data     extern D:\Projects\eggbotcode\EBB_firmware\Microchip\USB\usb_device.c
             ButtonPushed   0x0002f2       data     static D:\Projects\eggbotcode\EBB_firmware\app.X\source\ebb.c
                  CCP1CON   0x000fba       data     extern E:\3.46\pic18-lt\cxx-framework\src\traditional\proc\p18f46j50.asm
              CCP1CONbits   0x000fba       data     extern E:\3.46\pic18-lt\cxx-framework\src\traditional\proc\p18f46j50.asm
                  CCP2CON   0x000fb4       data     extern E:\3.46\pic18-lt\cxx-framework\src\traditional\proc\p18f46j50.asm
              CCP2CONbits   0x000fb4       data     extern E:\3.46\pic18-lt\cxx-framework\src\traditional\proc\p18f46j50.asm
                    CCPR1   0x000fbb       data     extern E:\3.46\pic18-lt\cxx-framework\src\traditional\proc\p18f46j50.asm
                   CCPR1H   0x000fbc       data     extern E:\3.46\pic18-lt\cxx-framework\src\traditional\proc\p18f46j50.asm
                   CCPR1L   0x000fbb       data     extern E:\3.46\pic18-lt\cxx-framework\src\traditional\proc\p18f46j50.asm
                    CCPR2   0x000fb5       data     extern E:\3.46\pic18-lt\cxx-framework\src\traditional\proc\p18f46j50.asm
                   CCPR2H   0x000fb6       data     extern E:\3.46\pic18-lt\cxx-framework\src\traditional\proc\p18f46j50.asm
                   CCPR2L   0x000fb5       data     extern E:\3.46\pic18-lt\cxx-framework\src\traditional\proc\p18f46j50.asm
          CDCDataInHandle   0x000699       data     extern D:\Projects\eggbotcode\EBB_firmware\Microchip\USB\CDC Device Driver\usb_function_cdc.c
         CDCDataOutHandle   0x000697       data     extern D:\Projects\eggbotcode\EBB_firmware\Microchip\USB\CDC Device Driver\usb_function_cdc.c
                   CM1CON   0x000fd2       data     extern E:\3.46\pic18-lt\cxx-framework\src\traditional\proc\p18f46j50.asm
                  CM1CON1   0x000fd2       data     extern E:\3.46\pic18-lt\cxx-framework\src\traditional\proc\p18f46j50.asm
              CM1CON1bits   0x000fd2       data     extern E:\3.46\pic18-lt\cxx-framework\src\traditional\proc\p18f46j50.asm
               CM1CONbits   0x000fd2       data     extern E:\3.46\pic18-lt\cxx-framework\src\traditional\proc\p18f46j50.asm
                   CM2CON   0x000fd1       data     extern E:\3.46\pic18-lt\cxx-framework\src\traditional\proc\p18f46j50.asm
                  CM2CON1   0x000fd1       data     extern E:\3.46\pic18-lt\cxx-framework\src\traditional\proc\p18f46j50.asm
              CM2CON1bits   0x000fd1       data     extern E:\3.46\pic18-lt\cxx-framework\src\traditional\proc\p18f46j50.asm
               CM2CONbits   0x000fd1       data     extern E:\3.46\pic18-lt\cxx-framework\src\traditional\proc\p18f46j50.asm
                   CMSTAT   0x000f70       data     extern E:\3.46\pic18-lt\cxx-framework\src\traditional\proc\p18f46j50.asm
                 CMSTATUS   0x000f70       data     extern E:\3.46\pic18-lt\cxx-framework\src\traditional\proc\p18f46j50.asm
             CMSTATUSbits   0x000f70       data     extern E:\3.46\pic18-lt\cxx-framework\src\traditional\proc\p18f46j50.asm
               CMSTATbits   0x000f70       data     extern E:\3.46\pic18-lt\cxx-framework\src\traditional\proc\p18f46j50.asm
                 CTMUCONH   0x000fb3       data     extern E:\3.46\pic18-lt\cxx-framework\src\traditional\proc\p18f46j50.asm
             CTMUCONHbits   0x000fb3       data     extern E:\3.46\pic18-lt\cxx-framework\src\traditional\proc\p18f46j50.asm
                 CTMUCONL   0x000fb2       data     extern E:\3.46\pic18-lt\cxx-framework\src\traditional\proc\p18f46j50.asm
             CTMUCONLbits   0x000fb2       data     extern E:\3.46\pic18-lt\cxx-framework\src\traditional\proc\p18f46j50.asm
                 CTMUICON   0x000fb1       data     extern E:\3.46\pic18-lt\cxx-framework\src\traditional\proc\p18f46j50.asm
             CTMUICONbits   0x000fb1       data     extern E:\3.46\pic18-lt\cxx-framework\src\traditional\proc\p18f46j50.asm
                   CVRCON   0x000f53       data     extern E:\3.46\pic18-lt\cxx-framework\src\traditional\proc\p18f46j50.asm
               CVRCONbits   0x000f53       data     extern E:\3.46\pic18-lt\cxx-framework\src\traditional\proc\p18f46j50.asm
               ChannelBit   0x000035       data     extern D:\Projects\eggbotcode\EBB_firmware\app.X\source\UBW.c
              CommandFIFO   0x000284       data     extern D:\Projects\eggbotcode\EBB_firmware\app.X\source\ebb.c
              CtrlTrfData   0x000438       data     extern D:\Projects\eggbotcode\EBB_firmware\Microchip\USB\usb_device.c
           CurrentCommand   0x000000       data     static D:\Projects\eggbotcode\EBB_firmware\app.X\source\ebb.c
                   DMABCH   0x000f66       data     extern E:\3.46\pic18-lt\cxx-framework\src\traditional\proc\p18f46j50.asm
               DMABCHbits   0x000f66       data     extern E:\3.46\pic18-lt\cxx-framework\src\traditional\proc\p18f46j50.asm
                   DMABCL   0x000f67       data     extern E:\3.46\pic18-lt\cxx-framework\src\traditional\proc\p18f46j50.asm
                  DMACON1   0x000f88       data     extern E:\3.46\pic18-lt\cxx-framework\src\traditional\proc\p18f46j50.asm
              DMACON1bits   0x000f88       data     extern E:\3.46\pic18-lt\cxx-framework\src\traditional\proc\p18f46j50.asm
                  DMACON2   0x000f86       data     extern E:\3.46\pic18-lt\cxx-framework\src\traditional\proc\p18f46j50.asm
              DMACON2bits   0x000f86       data     extern E:\3.46\pic18-lt\cxx-framework\src\traditional\proc\p18f46j50.asm
                   DSCONH   0x000f4d       data     extern E:\3.46\pic18-lt\cxx-framework\src\traditional\proc\p18f46j50.asm
               DSCONHbits   0x000f4d       data     extern E:\3.46\pic18-lt\cxx-framework\src\traditional\proc\p18f46j50.asm
                   DSCONL   0x000f4c       data     extern E:\3.46\pic18-lt\cxx-framework\src\traditional\proc\p18f46j50.asm
               DSCONLbits   0x000f4c       data     extern E:\3.46\pic18-lt\cxx-framework\src\traditional\proc\p18f46j50.asm
                   DSGPR0   0x000f4e       data     extern E:\3.46\pic18-lt\cxx-framework\src\traditional\proc\p18f46j50.asm
                   DSGPR1   0x000f4f       data     extern E:\3.46\pic18-lt\cxx-framework\src\traditional\proc\p18f46j50.asm
                  DSWAKEH   0x000f4b       data     extern E:\3.46\pic18-lt\cxx-framework\src\traditional\proc\p18f46j50.asm
              DSWAKEHbits   0x000f4b       data     extern E:\3.46\pic18-lt\cxx-framework\src\traditional\proc\p18f46j50.asm
                  DSWAKEL   0x000f4a       data     extern E:\3.46\pic18-lt\cxx-framework\src\traditional\proc\p18f46j50.asm
              DSWAKELbits   0x000f4a       data     extern E:\3.46\pic18-lt\cxx-framework\src\traditional\proc\p18f46j50.asm
           D_tick_counter   0x00002d       data     extern D:\Projects\eggbotcode\EBB_firmware\app.X\source\UBW.c
           DemoModeActive   0x0002e4       data     extern D:\Projects\eggbotcode\EBB_firmware\app.X\source\ebb.c
      DriverConfiguration   0x0002eb       data     static D:\Projects\eggbotcode\EBB_firmware\app.X\source\ebb.c
                  ECCP1AS   0x000fbe       data     extern E:\3.46\pic18-lt\cxx-framework\src\traditional\proc\p18f46j50.asm
              ECCP1ASbits   0x000fbe       data     extern E:\3.46\pic18-lt\cxx-framework\src\traditional\proc\p18f46j50.asm
                 ECCP1CON   0x000fba       data     extern E:\3.46\pic18-lt\cxx-framework\src\traditional\proc\p18f46j50.asm
             ECCP1CONbits   0x000fba       data     extern E:\3.46\pic18-lt\cxx-framework\src\traditional\proc\p18f46j50.asm
                 ECCP1DEL   0x000fbd       data     extern E:\3.46\pic18-lt\cxx-framework\src\traditional\proc\p18f46j50.asm
             ECCP1DELbits   0x000fbd       data     extern E:\3.46\pic18-lt\cxx-framework\src\traditional\proc\p18f46j50.asm
                  ECCP2AS   0x000fb8       data     extern E:\3.46\pic18-lt\cxx-framework\src\traditional\proc\p18f46j50.asm
              ECCP2ASbits   0x000fb8       data     extern E:\3.46\pic18-lt\cxx-framework\src\traditional\proc\p18f46j50.asm
                 ECCP2CON   0x000fb4       data     extern E:\3.46\pic18-lt\cxx-framework\src\traditional\proc\p18f46j50.asm
             ECCP2CONbits   0x000fb4       data     extern E:\3.46\pic18-lt\cxx-framework\src\traditional\proc\p18f46j50.asm
                 ECCP2DEL   0x000fb7       data     extern E:\3.46\pic18-lt\cxx-framework\src\traditional\proc\p18f46j50.asm
             ECCP2DELbits   0x000fb7       data     extern E:\3.46\pic18-lt\cxx-framework\src\traditional\proc\p18f46j50.asm
                   EECON1   0x000fa6       data     extern E:\3.46\pic18-lt\cxx-framework\src\traditional\proc\p18f46j50.asm
               EECON1bits   0x000fa6       data     extern E:\3.46\pic18-lt\cxx-framework\src\traditional\proc\p18f46j50.asm
                   EECON2   0x000fa7       data     extern E:\3.46\pic18-lt\cxx-framework\src\traditional\proc\p18f46j50.asm
                FIFOEmpty   0x00001c       data     extern D:\Projects\eggbotcode\EBB_firmware\app.X\source\ebb.c
                     FSR0   0x000fe9       data     extern E:\3.46\pic18-lt\cxx-framework\src\traditional\proc\p18f46j50.asm
                    FSR0H   0x000fea       data     extern E:\3.46\pic18-lt\cxx-framework\src\traditional\proc\p18f46j50.asm
                    FSR0L   0x000fe9       data     extern E:\3.46\pic18-lt\cxx-framework\src\traditional\proc\p18f46j50.asm
                     FSR1   0x000fe1       data     extern E:\3.46\pic18-lt\cxx-framework\src\traditional\proc\p18f46j50.asm
                    FSR1H   0x000fe2       data     extern E:\3.46\pic18-lt\cxx-framework\src\traditional\proc\p18f46j50.asm
                    FSR1L   0x000fe1       data     extern E:\3.46\pic18-lt\cxx-framework\src\traditional\proc\p18f46j50.asm
                     FSR2   0x000fd9       data     extern E:\3.46\pic18-lt\cxx-framework\src\traditional\proc\p18f46j50.asm
                    FSR2H   0x000fda       data     extern E:\3.46\pic18-lt\cxx-framework\src\traditional\proc\p18f46j50.asm
                    FSR2L   0x000fd9       data     extern E:\3.46\pic18-lt\cxx-framework\src\traditional\proc\p18f46j50.asm
                  HLVDCON   0x000f85       data     extern E:\3.46\pic18-lt\cxx-framework\src\traditional\proc\p18f46j50.asm
              HLVDCONbits   0x000f85       data     extern E:\3.46\pic18-lt\cxx-framework\src\traditional\proc\p18f46j50.asm
                    INDF0   0x000fef       data     extern E:\3.46\pic18-lt\cxx-framework\src\traditional\proc\p18f46j50.asm
                    INDF1   0x000fe7       data     extern E:\3.46\pic18-lt\cxx-framework\src\traditional\proc\p18f46j50.asm
                    INDF2   0x000fdf       data     extern E:\3.46\pic18-lt\cxx-framework\src\traditional\proc\p18f46j50.asm
                   INTCON   0x000ff2       data     extern E:\3.46\pic18-lt\cxx-framework\src\traditional\proc\p18f46j50.asm
                  INTCON2   0x000ff1       data     extern E:\3.46\pic18-lt\cxx-framework\src\traditional\proc\p18f46j50.asm
              INTCON2bits   0x000ff1       data     extern E:\3.46\pic18-lt\cxx-framework\src\traditional\proc\p18f46j50.asm
                  INTCON3   0x000ff0       data     extern E:\3.46\pic18-lt\cxx-framework\src\traditional\proc\p18f46j50.asm
              INTCON3bits   0x000ff0       data     extern E:\3.46\pic18-lt\cxx-framework\src\traditional\proc\p18f46j50.asm
               INTCONbits   0x000ff2       data     extern E:\3.46\pic18-lt\cxx-framework\src\traditional\proc\p18f46j50.asm
                     IPR1   0x000f9f       data     extern E:\3.46\pic18-lt\cxx-framework\src\traditional\proc\p18f46j50.asm
                 IPR1bits   0x000f9f       data     extern E:\3.46\pic18-lt\cxx-framework\src\traditional\proc\p18f46j50.asm
                     IPR2   0x000fa2       data     extern E:\3.46\pic18-lt\cxx-framework\src\traditional\proc\p18f46j50.asm
                 IPR2bits   0x000fa2       data     extern E:\3.46\pic18-lt\cxx-framework\src\traditional\proc\p18f46j50.asm
                     IPR3   0x000fa5       data     extern E:\3.46\pic18-lt\cxx-framework\src\traditional\proc\p18f46j50.asm
                 IPR3bits   0x000fa5       data     extern E:\3.46\pic18-lt\cxx-framework\src\traditional\proc\p18f46j50.asm
               ISR_A_FIFO   0x000100       data     extern D:\Projects\eggbotcode\EBB_firmware\app.X\source\UBW.c
            ISR_A_FIFO_in   0x000026       data     extern D:\Projects\eggbotcode\EBB_firmware\app.X\source\UBW.c
        ISR_A_FIFO_length   0x000028       data     extern D:\Projects\eggbotcode\EBB_firmware\app.X\source\UBW.c
           ISR_A_FIFO_out   0x000027       data     extern D:\Projects\eggbotcode\EBB_firmware\app.X\source\UBW.c
         ISR_A_RepeatRate   0x000024       data     extern D:\Projects\eggbotcode\EBB_firmware\app.X\source\UBW.c
               ISR_D_FIFO   0x000120       data     extern D:\Projects\eggbotcode\EBB_firmware\app.X\source\UBW.c
            ISR_D_FIFO_in   0x000021       data     extern D:\Projects\eggbotcode\EBB_firmware\app.X\source\UBW.c
        ISR_D_FIFO_length   0x000023       data     extern D:\Projects\eggbotcode\EBB_firmware\app.X\source\UBW.c
           ISR_D_FIFO_out   0x000022       data     extern D:\Projects\eggbotcode\EBB_firmware\app.X\source\UBW.c
         ISR_D_RepeatRate   0x00001f       data     extern D:\Projects\eggbotcode\EBB_firmware\app.X\source\UBW.c
                     LATA   0x000f89       data     extern E:\3.46\pic18-lt\cxx-framework\src\traditional\proc\p18f46j50.asm
                 LATAbits   0x000f89       data     extern E:\3.46\pic18-lt\cxx-framework\src\traditional\proc\p18f46j50.asm
                     LATB   0x000f8a       data     extern E:\3.46\pic18-lt\cxx-framework\src\traditional\proc\p18f46j50.asm
                 LATBbits   0x000f8a       data     extern E:\3.46\pic18-lt\cxx-framework\src\traditional\proc\p18f46j50.asm
                     LATC   0x000f8b       data     extern E:\3.46\pic18-lt\cxx-framework\src\traditional\proc\p18f46j50.asm
                 LATCbits   0x000f8b       data     extern E:\3.46\pic18-lt\cxx-framework\src\traditional\proc\p18f46j50.asm
                     LATD   0x000f8c       data     extern E:\3.46\pic18-lt\cxx-framework\src\traditional\proc\p18f46j50.asm
                 LATDbits   0x000f8c       data     extern E:\3.46\pic18-lt\cxx-framework\src\traditional\proc\p18f46j50.asm
                     LATE   0x000f8d       data     extern E:\3.46\pic18-lt\cxx-framework\src\traditional\proc\p18f46j50.asm
                 LATEbits   0x000f8d       data     extern E:\3.46\pic18-lt\cxx-framework\src\traditional\proc\p18f46j50.asm
                 LEDCount   0x000561       data     static D:\Projects\eggbotcode\EBB_firmware\app.X\source\UBW.c
                 LEDState   0x000563       data     static D:\Projects\eggbotcode\EBB_firmware\app.X\source\UBW.c
                    Layer   0x0002f1       data     static D:\Projects\eggbotcode\EBB_firmware\app.X\source\ebb.c
                NodeCount   0x0002ed       data     static D:\Projects\eggbotcode\EBB_firmware\app.X\source\ebb.c
                   ODCON1   0x000f42       data     extern E:\3.46\pic18-lt\cxx-framework\src\traditional\proc\p18f46j50.asm
               ODCON1bits   0x000f42       data     extern E:\3.46\pic18-lt\cxx-framework\src\traditional\proc\p18f46j50.asm
                   ODCON2   0x000f41       data     extern E:\3.46\pic18-lt\cxx-framework\src\traditional\proc\p18f46j50.asm
               ODCON2bits   0x000f41       data     extern E:\3.46\pic18-lt\cxx-framework\src\traditional\proc\p18f46j50.asm
                   ODCON3   0x000f40       data     extern E:\3.46\pic18-lt\cxx-framework\src\traditional\proc\p18f46j50.asm
               ODCON3bits   0x000f40       data     extern E:\3.46\pic18-lt\cxx-framework\src\traditional\proc\p18f46j50.asm
                   OSCCON   0x000fd3       data     extern E:\3.46\pic18-lt\cxx-framework\src\traditional\proc\p18f46j50.asm
               OSCCONbits   0x000fd3       data     extern E:\3.46\pic18-lt\cxx-framework\src\traditional\proc\p18f46j50.asm
                  OSCTUNE   0x000f9b       data     extern E:\3.46\pic18-lt\cxx-framework\src\traditional\proc\p18f46j50.asm
              OSCTUNEbits   0x000f9b       data     extern E:\3.46\pic18-lt\cxx-framework\src\traditional\proc\p18f46j50.asm
                  OutByte   0x000280       data     static D:\Projects\eggbotcode\EBB_firmware\app.X\source\ebb.c
                  PADCFG1   0x000f3c       data     extern E:\3.46\pic18-lt\cxx-framework\src\traditional\proc\p18f46j50.asm
              PADCFG1bits   0x000f3c       data     extern E:\3.46\pic18-lt\cxx-framework\src\traditional\proc\p18f46j50.asm
                       PC   0x000ff9       data     extern E:\3.46\pic18-lt\cxx-framework\src\traditional\proc\p18f46j50.asm
                      PCL   0x000ff9       data     extern E:\3.46\pic18-lt\cxx-framework\src\traditional\proc\p18f46j50.asm
                   PCLATH   0x000ffa       data     extern E:\3.46\pic18-lt\cxx-framework\src\traditional\proc\p18f46j50.asm
                   PCLATU   0x000ffb       data     extern E:\3.46\pic18-lt\cxx-framework\src\traditional\proc\p18f46j50.asm
                     PIE1   0x000f9d       data     extern E:\3.46\pic18-lt\cxx-framework\src\traditional\proc\p18f46j50.asm
                 PIE1bits   0x000f9d       data     extern E:\3.46\pic18-lt\cxx-framework\src\traditional\proc\p18f46j50.asm
                     PIE2   0x000fa0       data     extern E:\3.46\pic18-lt\cxx-framework\src\traditional\proc\p18f46j50.asm
                 PIE2bits   0x000fa0       data     extern E:\3.46\pic18-lt\cxx-framework\src\traditional\proc\p18f46j50.asm
                     PIE3   0x000fa3       data     extern E:\3.46\pic18-lt\cxx-framework\src\traditional\proc\p18f46j50.asm
                 PIE3bits   0x000fa3       data     extern E:\3.46\pic18-lt\cxx-framework\src\traditional\proc\p18f46j50.asm
                     PIR1   0x000f9e       data     extern E:\3.46\pic18-lt\cxx-framework\src\traditional\proc\p18f46j50.asm
                 PIR1bits   0x000f9e       data     extern E:\3.46\pic18-lt\cxx-framework\src\traditional\proc\p18f46j50.asm
                     PIR2   0x000fa1       data     extern E:\3.46\pic18-lt\cxx-framework\src\traditional\proc\p18f46j50.asm
                 PIR2bits   0x000fa1       data     extern E:\3.46\pic18-lt\cxx-framework\src\traditional\proc\p18f46j50.asm
                     PIR3   0x000fa4       data     extern E:\3.46\pic18-lt\cxx-framework\src\traditional\proc\p18f46j50.asm
                 PIR3bits   0x000fa4       data     extern E:\3.46\pic18-lt\cxx-framework\src\traditional\proc\p18f46j50.asm
                   PLUSW0   0x000feb       data     extern E:\3.46\pic18-lt\cxx-framework\src\traditional\proc\p18f46j50.asm
                   PLUSW1   0x000fe3       data     extern E:\3.46\pic18-lt\cxx-framework\src\traditional\proc\p18f46j50.asm
                   PLUSW2   0x000fdb       data     extern E:\3.46\pic18-lt\cxx-framework\src\traditional\proc\p18f46j50.asm
                  PMADDRH   0x000f6f       data     extern E:\3.46\pic18-lt\cxx-framework\src\traditional\proc\p18f46j50.asm
              PMADDRHbits   0x000f6f       data     extern E:\3.46\pic18-lt\cxx-framework\src\traditional\proc\p18f46j50.asm
                  PMADDRL   0x000f6e       data     extern E:\3.46\pic18-lt\cxx-framework\src\traditional\proc\p18f46j50.asm
                   PMCONH   0x000f5f       data     extern E:\3.46\pic18-lt\cxx-framework\src\traditional\proc\p18f46j50.asm
               PMCONHbits   0x000f5f       data     extern E:\3.46\pic18-lt\cxx-framework\src\traditional\proc\p18f46j50.asm
                   PMCONL   0x000f5e       data     extern E:\3.46\pic18-lt\cxx-framework\src\traditional\proc\p18f46j50.asm
               PMCONLbits   0x000f5e       data     extern E:\3.46\pic18-lt\cxx-framework\src\traditional\proc\p18f46j50.asm
                  PMDIN1H   0x000f6d       data     extern E:\3.46\pic18-lt\cxx-framework\src\traditional\proc\p18f46j50.asm
                  PMDIN1L   0x000f6c       data     extern E:\3.46\pic18-lt\cxx-framework\src\traditional\proc\p18f46j50.asm
                  PMDIN2H   0x000f59       data     extern E:\3.46\pic18-lt\cxx-framework\src\traditional\proc\p18f46j50.asm
                  PMDIN2L   0x000f58       data     extern E:\3.46\pic18-lt\cxx-framework\src\traditional\proc\p18f46j50.asm
                 PMDOUT1H   0x000f6f       data     extern E:\3.46\pic18-lt\cxx-framework\src\traditional\proc\p18f46j50.asm
                 PMDOUT1L   0x000f6e       data     extern E:\3.46\pic18-lt\cxx-framework\src\traditional\proc\p18f46j50.asm
                 PMDOUT2H   0x000f5b       data     extern E:\3.46\pic18-lt\cxx-framework\src\traditional\proc\p18f46j50.asm
                 PMDOUT2L   0x000f5a       data     extern E:\3.46\pic18-lt\cxx-framework\src\traditional\proc\p18f46j50.asm
                     PMEH   0x000f57       data     extern E:\3.46\pic18-lt\cxx-framework\src\traditional\proc\p18f46j50.asm
                 PMEHbits   0x000f57       data     extern E:\3.46\pic18-lt\cxx-framework\src\traditional\proc\p18f46j50.asm
                     PMEL   0x000f56       data     extern E:\3.46\pic18-lt\cxx-framework\src\traditional\proc\p18f46j50.asm
                 PMELbits   0x000f56       data     extern E:\3.46\pic18-lt\cxx-framework\src\traditional\proc\p18f46j50.asm
                  PMMODEH   0x000f5d       data     extern E:\3.46\pic18-lt\cxx-framework\src\traditional\proc\p18f46j50.asm
              PMMODEHbits   0x000f5d       data     extern E:\3.46\pic18-lt\cxx-framework\src\traditional\proc\p18f46j50.asm
                  PMMODEL   0x000f5c       data     extern E:\3.46\pic18-lt\cxx-framework\src\traditional\proc\p18f46j50.asm
              PMMODELbits   0x000f5c       data     extern E:\3.46\pic18-lt\cxx-framework\src\traditional\proc\p18f46j50.asm
                  PMSTATH   0x000f55       data     extern E:\3.46\pic18-lt\cxx-framework\src\traditional\proc\p18f46j50.asm
              PMSTATHbits   0x000f55       data     extern E:\3.46\pic18-lt\cxx-framework\src\traditional\proc\p18f46j50.asm
                  PMSTATL   0x000f54       data     extern E:\3.46\pic18-lt\cxx-framework\src\traditional\proc\p18f46j50.asm
              PMSTATLbits   0x000f54       data     extern E:\3.46\pic18-lt\cxx-framework\src\traditional\proc\p18f46j50.asm
                    PORTA   0x000f80       data     extern E:\3.46\pic18-lt\cxx-framework\src\traditional\proc\p18f46j50.asm
                PORTAbits   0x000f80       data     extern E:\3.46\pic18-lt\cxx-framework\src\traditional\proc\p18f46j50.asm
                    PORTB   0x000f81       data     extern E:\3.46\pic18-lt\cxx-framework\src\traditional\proc\p18f46j50.asm
                PORTBbits   0x000f81       data     extern E:\3.46\pic18-lt\cxx-framework\src\traditional\proc\p18f46j50.asm
                    PORTC   0x000f82       data     extern E:\3.46\pic18-lt\cxx-framework\src\traditional\proc\p18f46j50.asm
                PORTCbits   0x000f82       data     extern E:\3.46\pic18-lt\cxx-framework\src\traditional\proc\p18f46j50.asm
                    PORTD   0x000f83       data     extern E:\3.46\pic18-lt\cxx-framework\src\traditional\proc\p18f46j50.asm
                PORTDbits   0x000f83       data     extern E:\3.46\pic18-lt\cxx-framework\src\traditional\proc\p18f46j50.asm
                    PORTE   0x000f84       data     extern E:\3.46\pic18-lt\cxx-framework\src\traditional\proc\p18f46j50.asm
                PORTEbits   0x000f84       data     extern E:\3.46\pic18-lt\cxx-framework\src\traditional\proc\p18f46j50.asm
                 POSTDEC0   0x000fed       data     extern E:\3.46\pic18-lt\cxx-framework\src\traditional\proc\p18f46j50.asm
                 POSTDEC1   0x000fe5       data     extern E:\3.46\pic18-lt\cxx-framework\src\traditional\proc\p18f46j50.asm
                 POSTDEC2   0x000fdd       data     extern E:\3.46\pic18-lt\cxx-framework\src\traditional\proc\p18f46j50.asm
                 POSTINC0   0x000fee       data     extern E:\3.46\pic18-lt\cxx-framework\src\traditional\proc\p18f46j50.asm
                 POSTINC1   0x000fe6       data     extern E:\3.46\pic18-lt\cxx-framework\src\traditional\proc\p18f46j50.asm
                 POSTINC2   0x000fde       data     extern E:\3.46\pic18-lt\cxx-framework\src\traditional\proc\p18f46j50.asm
                   PPSCON   0x000eff       data     extern E:\3.46\pic18-lt\cxx-framework\src\traditional\proc\p18f46j50.asm
               PPSCONbits   0x000eff       data     extern E:\3.46\pic18-lt\cxx-framework\src\traditional\proc\p18f46j50.asm
                      PR2   0x000fcb       data     extern E:\3.46\pic18-lt\cxx-framework\src\traditional\proc\p18f46j50.asm
                      PR4   0x000f77       data     extern E:\3.46\pic18-lt\cxx-framework\src\traditional\proc\p18f46j50.asm
                  PREINC0   0x000fec       data     extern E:\3.46\pic18-lt\cxx-framework\src\traditional\proc\p18f46j50.asm
                  PREINC1   0x000fe4       data     extern E:\3.46\pic18-lt\cxx-framework\src\traditional\proc\p18f46j50.asm
                  PREINC2   0x000fdc       data     extern E:\3.46\pic18-lt\cxx-framework\src\traditional\proc\p18f46j50.asm
                     PROD   0x000ff3       data     extern E:\3.46\pic18-lt\cxx-framework\src\traditional\proc\p18f46j50.asm
                    PRODH   0x000ff4       data     extern E:\3.46\pic18-lt\cxx-framework\src\traditional\proc\p18f46j50.asm
                    PRODL   0x000ff3       data     extern E:\3.46\pic18-lt\cxx-framework\src\traditional\proc\p18f46j50.asm
                 PSTR1CON   0x000fbf       data     extern E:\3.46\pic18-lt\cxx-framework\src\traditional\proc\p18f46j50.asm
             PSTR1CONbits   0x000fbf       data     extern E:\3.46\pic18-lt\cxx-framework\src\traditional\proc\p18f46j50.asm
                 PSTR2CON   0x000fb9       data     extern E:\3.46\pic18-lt\cxx-framework\src\traditional\proc\p18f46j50.asm
             PSTR2CONbits   0x000fb9       data     extern E:\3.46\pic18-lt\cxx-framework\src\traditional\proc\p18f46j50.asm
                  PWM1CON   0x000fbd       data     extern E:\3.46\pic18-lt\cxx-framework\src\traditional\proc\p18f46j50.asm
              PWM1CONbits   0x000fbd       data     extern E:\3.46\pic18-lt\cxx-framework\src\traditional\proc\p18f46j50.asm
                  PWM2CON   0x000fb7       data     extern E:\3.46\pic18-lt\cxx-framework\src\traditional\proc\p18f46j50.asm
              PWM2CONbits   0x000fb7       data     extern E:\3.46\pic18-lt\cxx-framework\src\traditional\proc\p18f46j50.asm
                 PenState   0x0002ec       data     static D:\Projects\eggbotcode\EBB_firmware\app.X\source\ebb.c
              QC_ms_timer   0x0002f4       data     extern D:\Projects\eggbotcode\EBB_firmware\app.X\source\ebb.c
                     RCON   0x000fd0       data     extern E:\3.46\pic18-lt\cxx-framework\src\traditional\proc\p18f46j50.asm
                 RCONbits   0x000fd0       data     extern E:\3.46\pic18-lt\cxx-framework\src\traditional\proc\p18f46j50.asm
                    RCREG   0x000faf       data     extern E:\3.46\pic18-lt\cxx-framework\src\traditional\proc\p18f46j50.asm
                   RCREG1   0x000faf       data     extern E:\3.46\pic18-lt\cxx-framework\src\traditional\proc\p18f46j50.asm
                   RCREG2   0x000faa       data     extern E:\3.46\pic18-lt\cxx-framework\src\traditional\proc\p18f46j50.asm
                    RCSTA   0x000fac       data     extern E:\3.46\pic18-lt\cxx-framework\src\traditional\proc\p18f46j50.asm
                   RCSTA1   0x000fac       data     extern E:\3.46\pic18-lt\cxx-framework\src\traditional\proc\p18f46j50.asm
[...]
               TXSTA2bits   0x000fa8       data     extern E:\3.46\pic18-lt\cxx-framework\src\traditional\proc\p18f46j50.asm
                   TXSTA2   0x000fa8       data     extern E:\3.46\pic18-lt\cxx-framework\src\traditional\proc\p18f46j50.asm
                   TXREG2   0x000fa9       data     extern E:\3.46\pic18-lt\cxx-framework\src\traditional\proc\p18f46j50.asm
                   RCREG2   0x000faa       data     extern E:\3.46\pic18-lt\cxx-framework\src\traditional\proc\p18f46j50.asm
                   SPBRG2   0x000fab       data     extern E:\3.46\pic18-lt\cxx-framework\src\traditional\proc\p18f46j50.asm
                RCSTAbits   0x000fac       data     extern E:\3.46\pic18-lt\cxx-framework\src\traditional\proc\p18f46j50.asm
               RCSTA1bits   0x000fac       data     extern E:\3.46\pic18-lt\cxx-framework\src\traditional\proc\p18f46j50.asm
                   RCSTA1   0x000fac       data     extern E:\3.46\pic18-lt\cxx-framework\src\traditional\proc\p18f46j50.asm
                    RCSTA   0x000fac       data     extern E:\3.46\pic18-lt\cxx-framework\src\traditional\proc\p18f46j50.asm
                TXSTAbits   0x000fad       data     extern E:\3.46\pic18-lt\cxx-framework\src\traditional\proc\p18f46j50.asm
               TXSTA1bits   0x000fad       data     extern E:\3.46\pic18-lt\cxx-framework\src\traditional\proc\p18f46j50.asm
                   TXSTA1   0x000fad       data     extern E:\3.46\pic18-lt\cxx-framework\src\traditional\proc\p18f46j50.asm
                    TXSTA   0x000fad       data     extern E:\3.46\pic18-lt\cxx-framework\src\traditional\proc\p18f46j50.asm
                    TXREG   0x000fae       data     extern E:\3.46\pic18-lt\cxx-framework\src\traditional\proc\p18f46j50.asm
                   TXREG1   0x000fae       data     extern E:\3.46\pic18-lt\cxx-framework\src\traditional\proc\p18f46j50.asm
                   RCREG1   0x000faf       data     extern E:\3.46\pic18-lt\cxx-framework\src\traditional\proc\p18f46j50.asm
                    RCREG   0x000faf       data     extern E:\3.46\pic18-lt\cxx-framework\src\traditional\proc\p18f46j50.asm
                   SPBRG1   0x000fb0       data     extern E:\3.46\pic18-lt\cxx-framework\src\traditional\proc\p18f46j50.asm
                    SPBRG   0x000fb0       data     extern E:\3.46\pic18-lt\cxx-framework\src\traditional\proc\p18f46j50.asm
             CTMUICONbits   0x000fb1       data     extern E:\3.46\pic18-lt\cxx-framework\src\traditional\proc\p18f46j50.asm
                 CTMUICON   0x000fb1       data     extern E:\3.46\pic18-lt\cxx-framework\src\traditional\proc\p18f46j50.asm
             CTMUCONLbits   0x000fb2       data     extern E:\3.46\pic18-lt\cxx-framework\src\traditional\proc\p18f46j50.asm
                 CTMUCONL   0x000fb2       data     extern E:\3.46\pic18-lt\cxx-framework\src\traditional\proc\p18f46j50.asm
             CTMUCONHbits   0x000fb3       data     extern E:\3.46\pic18-lt\cxx-framework\src\traditional\proc\p18f46j50.asm
                 CTMUCONH   0x000fb3       data     extern E:\3.46\pic18-lt\cxx-framework\src\traditional\proc\p18f46j50.asm
                  CCP2CON   0x000fb4       data     extern E:\3.46\pic18-lt\cxx-framework\src\traditional\proc\p18f46j50.asm
              CCP2CONbits   0x000fb4       data     extern E:\3.46\pic18-lt\cxx-framework\src\traditional\proc\p18f46j50.asm
                 ECCP2CON   0x000fb4       data     extern E:\3.46\pic18-lt\cxx-framework\src\traditional\proc\p18f46j50.asm
             ECCP2CONbits   0x000fb4       data     extern E:\3.46\pic18-lt\cxx-framework\src\traditional\proc\p18f46j50.asm
                    CCPR2   0x000fb5       data     extern E:\3.46\pic18-lt\cxx-framework\src\traditional\proc\p18f46j50.asm
                   CCPR2L   0x000fb5       data     extern E:\3.46\pic18-lt\cxx-framework\src\traditional\proc\p18f46j50.asm
                   CCPR2H   0x000fb6       data     extern E:\3.46\pic18-lt\cxx-framework\src\traditional\proc\p18f46j50.asm
              PWM2CONbits   0x000fb7       data     extern E:\3.46\pic18-lt\cxx-framework\src\traditional\proc\p18f46j50.asm
                  PWM2CON   0x000fb7       data     extern E:\3.46\pic18-lt\cxx-framework\src\traditional\proc\p18f46j50.asm
             ECCP2DELbits   0x000fb7       data     extern E:\3.46\pic18-lt\cxx-framework\src\traditional\proc\p18f46j50.asm
                 ECCP2DEL   0x000fb7       data     extern E:\3.46\pic18-lt\cxx-framework\src\traditional\proc\p18f46j50.asm
              ECCP2ASbits   0x000fb8       data     extern E:\3.46\pic18-lt\cxx-framework\src\traditional\proc\p18f46j50.asm
                  ECCP2AS   0x000fb8       data     extern E:\3.46\pic18-lt\cxx-framework\src\traditional\proc\p18f46j50.asm
                 PSTR2CON   0x000fb9       data     extern E:\3.46\pic18-lt\cxx-framework\src\traditional\proc\p18f46j50.asm
             PSTR2CONbits   0x000fb9       data     extern E:\3.46\pic18-lt\cxx-framework\src\traditional\proc\p18f46j50.asm
              CCP1CONbits   0x000fba       data     extern E:\3.46\pic18-lt\cxx-framework\src\traditional\proc\p18f46j50.asm
                  CCP1CON   0x000fba       data     extern E:\3.46\pic18-lt\cxx-framework\src\traditional\proc\p18f46j50.asm
                 ECCP1CON   0x000fba       data     extern E:\3.46\pic18-lt\cxx-framework\src\traditional\proc\p18f46j50.asm
             ECCP1CONbits   0x000fba       data     extern E:\3.46\pic18-lt\cxx-framework\src\traditional\proc\p18f46j50.asm
                    CCPR1   0x000fbb       data     extern E:\3.46\pic18-lt\cxx-framework\src\traditional\proc\p18f46j50.asm
                   CCPR1L   0x000fbb       data     extern E:\3.46\pic18-lt\cxx-framework\src\traditional\proc\p18f46j50.asm
                   CCPR1H   0x000fbc       data     extern E:\3.46\pic18-lt\cxx-framework\src\traditional\proc\p18f46j50.asm
                  PWM1CON   0x000fbd       data     extern E:\3.46\pic18-lt\cxx-framework\src\traditional\proc\p18f46j50.asm
              PWM1CONbits   0x000fbd       data     extern E:\3.46\pic18-lt\cxx-framework\src\traditional\proc\p18f46j50.asm
                 ECCP1DEL   0x000fbd       data     extern E:\3.46\pic18-lt\cxx-framework\src\traditional\proc\p18f46j50.asm
             ECCP1DELbits   0x000fbd       data     extern E:\3.46\pic18-lt\cxx-framework\src\traditional\proc\p18f46j50.asm
                  ECCP1AS   0x000fbe       data     extern E:\3.46\pic18-lt\cxx-framework\src\traditional\proc\p18f46j50.asm
              ECCP1ASbits   0x000fbe       data     extern E:\3.46\pic18-lt\cxx-framework\src\traditional\proc\p18f46j50.asm
             PSTR1CONbits   0x000fbf       data     extern E:\3.46\pic18-lt\cxx-framework\src\traditional\proc\p18f46j50.asm
                 PSTR1CON   0x000fbf       data     extern E:\3.46\pic18-lt\cxx-framework\src\traditional\proc\p18f46j50.asm
               WDTCONbits   0x000fc0       data     extern E:\3.46\pic18-lt\cxx-framework\src\traditional\proc\p18f46j50.asm
                   WDTCON   0x000fc0       data     extern E:\3.46\pic18-lt\cxx-framework\src\traditional\proc\p18f46j50.asm
               ADCON1bits   0x000fc1       data     extern E:\3.46\pic18-lt\cxx-framework\src\traditional\proc\p18f46j50.asm
                   ADCON1   0x000fc1       data     extern E:\3.46\pic18-lt\cxx-framework\src\traditional\proc\p18f46j50.asm
               ADCON0bits   0x000fc2       data     extern E:\3.46\pic18-lt\cxx-framework\src\traditional\proc\p18f46j50.asm
                   ADCON0   0x000fc2       data     extern E:\3.46\pic18-lt\cxx-framework\src\traditional\proc\p18f46j50.asm
                    ADRES   0x000fc3       data     extern E:\3.46\pic18-lt\cxx-framework\src\traditional\proc\p18f46j50.asm
                   ADRESL   0x000fc3       data     extern E:\3.46\pic18-lt\cxx-framework\src\traditional\proc\p18f46j50.asm
                   ADRESH   0x000fc4       data     extern E:\3.46\pic18-lt\cxx-framework\src\traditional\proc\p18f46j50.asm
             SSP1CON2bits   0x000fc5       data     extern E:\3.46\pic18-lt\cxx-framework\src\traditional\proc\p18f46j50.asm
              SSPCON2bits   0x000fc5       data     extern E:\3.46\pic18-lt\cxx-framework\src\traditional\proc\p18f46j50.asm
                 SSP1CON2   0x000fc5       data     extern E:\3.46\pic18-lt\cxx-framework\src\traditional\proc\p18f46j50.asm
                  SSPCON2   0x000fc5       data     extern E:\3.46\pic18-lt\cxx-framework\src\traditional\proc\p18f46j50.asm
              SSPCON1bits   0x000fc6       data     extern E:\3.46\pic18-lt\cxx-framework\src\traditional\proc\p18f46j50.asm
                 SSP1CON1   0x000fc6       data     extern E:\3.46\pic18-lt\cxx-framework\src\traditional\proc\p18f46j50.asm
             SSP1CON1bits   0x000fc6       data     extern E:\3.46\pic18-lt\cxx-framework\src\traditional\proc\p18f46j50.asm
                  SSPCON1   0x000fc6       data     extern E:\3.46\pic18-lt\cxx-framework\src\traditional\proc\p18f46j50.asm
             SSP1STATbits   0x000fc7       data     extern E:\3.46\pic18-lt\cxx-framework\src\traditional\proc\p18f46j50.asm
                 SSP1STAT   0x000fc7       data     extern E:\3.46\pic18-lt\cxx-framework\src\traditional\proc\p18f46j50.asm
                  SSPSTAT   0x000fc7       data     extern E:\3.46\pic18-lt\cxx-framework\src\traditional\proc\p18f46j50.asm
              SSPSTATbits   0x000fc7       data     extern E:\3.46\pic18-lt\cxx-framework\src\traditional\proc\p18f46j50.asm
              SSP1ADDbits   0x000fc8       data     extern E:\3.46\pic18-lt\cxx-framework\src\traditional\proc\p18f46j50.asm
                  SSP1ADD   0x000fc8       data     extern E:\3.46\pic18-lt\cxx-framework\src\traditional\proc\p18f46j50.asm
                   SSPADD   0x000fc8       data     extern E:\3.46\pic18-lt\cxx-framework\src\traditional\proc\p18f46j50.asm
               SSPADDbits   0x000fc8       data     extern E:\3.46\pic18-lt\cxx-framework\src\traditional\proc\p18f46j50.asm
                   SSPBUF   0x000fc9       data     extern E:\3.46\pic18-lt\cxx-framework\src\traditional\proc\p18f46j50.asm
                  SSP1BUF   0x000fc9       data     extern E:\3.46\pic18-lt\cxx-framework\src\traditional\proc\p18f46j50.asm
                    T2CON   0x000fca       data     extern E:\3.46\pic18-lt\cxx-framework\src\traditional\proc\p18f46j50.asm
                T2CONbits   0x000fca       data     extern E:\3.46\pic18-lt\cxx-framework\src\traditional\proc\p18f46j50.asm
                      PR2   0x000fcb       data     extern E:\3.46\pic18-lt\cxx-framework\src\traditional\proc\p18f46j50.asm
                     TMR2   0x000fcc       data     extern E:\3.46\pic18-lt\cxx-framework\src\traditional\proc\p18f46j50.asm
                    T1CON   0x000fcd       data     extern E:\3.46\pic18-lt\cxx-framework\src\traditional\proc\p18f46j50.asm
                T1CONbits   0x000fcd       data     extern E:\3.46\pic18-lt\cxx-framework\src\traditional\proc\p18f46j50.asm
                    TMR1L   0x000fce       data     extern E:\3.46\pic18-lt\cxx-framework\src\traditional\proc\p18f46j50.asm
                    TMR1H   0x000fcf       data     extern E:\3.46\pic18-lt\cxx-framework\src\traditional\proc\p18f46j50.asm
                     RCON   0x000fd0       data     extern E:\3.46\pic18-lt\cxx-framework\src\traditional\proc\p18f46j50.asm
                 RCONbits   0x000fd0       data     extern E:\3.46\pic18-lt\cxx-framework\src\traditional\proc\p18f46j50.asm
              CM2CON1bits   0x000fd1       data     extern E:\3.46\pic18-lt\cxx-framework\src\traditional\proc\p18f46j50.asm
                  CM2CON1   0x000fd1       data     extern E:\3.46\pic18-lt\cxx-framework\src\traditional\proc\p18f46j50.asm
                   CM2CON   0x000fd1       data     extern E:\3.46\pic18-lt\cxx-framework\src\traditional\proc\p18f46j50.asm
               CM2CONbits   0x000fd1       data     extern E:\3.46\pic18-lt\cxx-framework\src\traditional\proc\p18f46j50.asm
               CM1CONbits   0x000fd2       data     extern E:\3.46\pic18-lt\cxx-framework\src\traditional\proc\p18f46j50.asm
              CM1CON1bits   0x000fd2       data     extern E:\3.46\pic18-lt\cxx-framework\src\traditional\proc\p18f46j50.asm
                  CM1CON1   0x000fd2       data     extern E:\3.46\pic18-lt\cxx-framework\src\traditional\proc\p18f46j50.asm
                   CM1CON   0x000fd2       data     extern E:\3.46\pic18-lt\cxx-framework\src\traditional\proc\p18f46j50.asm
                   OSCCON   0x000fd3       data     extern E:\3.46\pic18-lt\cxx-framework\src\traditional\proc\p18f46j50.asm
               OSCCONbits   0x000fd3       data     extern E:\3.46\pic18-lt\cxx-framework\src\traditional\proc\p18f46j50.asm
                T0CONbits   0x000fd5       data     extern E:\3.46\pic18-lt\cxx-framework\src\traditional\proc\p18f46j50.asm
                    T0CON   0x000fd5       data     extern E:\3.46\pic18-lt\cxx-framework\src\traditional\proc\p18f46j50.asm
                    TMR0L   0x000fd6       data     extern E:\3.46\pic18-lt\cxx-framework\src\traditional\proc\p18f46j50.asm
                    TMR0H   0x000fd7       data     extern E:\3.46\pic18-lt\cxx-framework\src\traditional\proc\p18f46j50.asm
               STATUSbits   0x000fd8       data     extern E:\3.46\pic18-lt\cxx-framework\src\traditional\proc\p18f46j50.asm
                   STATUS   0x000fd8       data     extern E:\3.46\pic18-lt\cxx-framework\src\traditional\proc\p18f46j50.asm
                    FSR2L   0x000fd9       data     extern E:\3.46\pic18-lt\cxx-framework\src\traditional\proc\p18f46j50.asm
                     FSR2   0x000fd9       data     extern E:\3.46\pic18-lt\cxx-framework\src\traditional\proc\p18f46j50.asm
                    FSR2H   0x000fda       data     extern E:\3.46\pic18-lt\cxx-framework\src\traditional\proc\p18f46j50.asm
                   PLUSW2   0x000fdb       data     extern E:\3.46\pic18-lt\cxx-framework\src\traditional\proc\p18f46j50.asm
                  PREINC2   0x000fdc       data     extern E:\3.46\pic18-lt\cxx-framework\src\traditional\proc\p18f46j50.asm
                 POSTDEC2   0x000fdd       data     extern E:\3.46\pic18-lt\cxx-framework\src\traditional\proc\p18f46j50.asm
                 POSTINC2   0x000fde       data     extern E:\3.46\pic18-lt\cxx-framework\src\traditional\proc\p18f46j50.asm
                    INDF2   0x000fdf       data     extern E:\3.46\pic18-lt\cxx-framework\src\traditional\proc\p18f46j50.asm
                      BSR   0x000fe0       data     extern E:\3.46\pic18-lt\cxx-framework\src\traditional\proc\p18f46j50.asm
                     FSR1   0x000fe1       data     extern E:\3.46\pic18-lt\cxx-framework\src\traditional\proc\p18f46j50.asm
                    FSR1L   0x000fe1       data     extern E:\3.46\pic18-lt\cxx-framework\src\traditional\proc\p18f46j50.asm
                    FSR1H   0x000fe2       data     extern E:\3.46\pic18-lt\cxx-framework\src\traditional\proc\p18f46j50.asm
                   PLUSW1   0x000fe3       data     extern E:\3.46\pic18-lt\cxx-framework\src\traditional\proc\p18f46j50.asm
                  PREINC1   0x000fe4       data     extern E:\3.46\pic18-lt\cxx-framework\src\traditional\proc\p18f46j50.asm
                 POSTDEC1   0x000fe5       data     extern E:\3.46\pic18-lt\cxx-framework\src\traditional\proc\p18f46j50.asm
                 POSTINC1   0x000fe6       data     extern E:\3.46\pic18-lt\cxx-framework\src\traditional\proc\p18f46j50.asm
                    INDF1   0x000fe7       data     extern E:\3.46\pic18-lt\cxx-framework\src\traditional\proc\p18f46j50.asm
                     WREG   0x000fe8       data     extern E:\3.46\pic18-lt\cxx-framework\src\traditional\proc\p18f46j50.asm
                    FSR0L   0x000fe9       data     extern E:\3.46\pic18-lt\cxx-framework\src\traditional\proc\p18f46j50.asm
                     FSR0   0x000fe9       data     extern E:\3.46\pic18-lt\cxx-framework\src\traditional\proc\p18f46j50.asm
                    FSR0H   0x000fea       data     extern E:\3.46\pic18-lt\cxx-framework\src\traditional\proc\p18f46j50.asm
                   PLUSW0   0x000feb       data     extern E:\3.46\pic18-lt\cxx-framework\src\traditional\proc\p18f46j50.asm
                  PREINC0   0x000fec       data     extern E:\3.46\pic18-lt\cxx-framework\src\traditional\proc\p18f46j50.asm
                 POSTDEC0   0x000fed       data     extern E:\3.46\pic18-lt\cxx-framework\src\traditional\proc\p18f46j50.asm
                 POSTINC0   0x000fee       data     extern E:\3.46\pic18-lt\cxx-framework\src\traditional\proc\p18f46j50.asm
                    INDF0   0x000fef       data     extern E:\3.46\pic18-lt\cxx-framework\src\traditional\proc\p18f46j50.asm
              INTCON3bits   0x000ff0       data     extern E:\3.46\pic18-lt\cxx-framework\src\traditional\proc\p18f46j50.asm
                  INTCON3   0x000ff0       data     extern E:\3.46\pic18-lt\cxx-framework\src\traditional\proc\p18f46j50.asm
              INTCON2bits   0x000ff1       data     extern E:\3.46\pic18-lt\cxx-framework\src\traditional\proc\p18f46j50.asm
                  INTCON2   0x000ff1       data     extern E:\3.46\pic18-lt\cxx-framework\src\traditional\proc\p18f46j50.asm
               INTCONbits   0x000ff2       data     extern E:\3.46\pic18-lt\cxx-framework\src\traditional\proc\p18f46j50.asm
                   INTCON   0x000ff2       data     extern E:\3.46\pic18-lt\cxx-framework\src\traditional\proc\p18f46j50.asm
                     PROD   0x000ff3       data     extern E:\3.46\pic18-lt\cxx-framework\src\traditional\proc\p18f46j50.asm
                    PRODL   0x000ff3       data     extern E:\3.46\pic18-lt\cxx-framework\src\traditional\proc\p18f46j50.asm
                    PRODH   0x000ff4       data     extern E:\3.46\pic18-lt\cxx-framework\src\traditional\proc\p18f46j50.asm
                   TABLAT   0x000ff5       data     extern E:\3.46\pic18-lt\cxx-framework\src\traditional\proc\p18f46j50.asm
                  TBLPTRL   0x000ff6       data     extern E:\3.46\pic18-lt\cxx-framework\src\traditional\proc\p18f46j50.asm
                   TBLPTR   0x000ff6       data     extern E:\3.46\pic18-lt\cxx-framework\src\traditional\proc\p18f46j50.asm
                  TBLPTRH   0x000ff7       data     extern E:\3.46\pic18-lt\cxx-framework\src\traditional\proc\p18f46j50.asm
                  TBLPTRU   0x000ff8       data     extern E:\3.46\pic18-lt\cxx-framework\src\traditional\proc\p18f46j50.asm
                      PCL   0x000ff9       data     extern E:\3.46\pic18-lt\cxx-framework\src\traditional\proc\p18f46j50.asm
                       PC   0x000ff9       data     extern E:\3.46\pic18-lt\cxx-framework\src\traditional\proc\p18f46j50.asm
                   PCLATH   0x000ffa       data     extern E:\3.46\pic18-lt\cxx-framework\src\traditional\proc\p18f46j50.asm
                   PCLATU   0x000ffb       data     extern E:\3.46\pic18-lt\cxx-framework\src\traditional\proc\p18f46j50.asm
               STKPTRbits   0x000ffc       data     extern E:\3.46\pic18-lt\cxx-framework\src\traditional\proc\p18f46j50.asm
                   STKPTR   0x000ffc       data     extern E:\3.46\pic18-lt\cxx-framework\src\traditional\proc\p18f46j50.asm
                     TOSL   0x000ffd       data     extern E:\3.46\pic18-lt\cxx-framework\src\traditional\proc\p18f46j50.asm
                      TOS   0x000ffd       data     extern E:\3.46\pic18-lt\cxx-framework\src\traditional\proc\p18f46j50.asm
                     TOSH   0x000ffe       data     extern E:\3.46\pic18-lt\cxx-framework\src\traditional\proc\p18f46j50.asm
                     TOSU   0x000fff       data     extern E:\3.46\pic18-lt\cxx-framework\src\traditional\proc\p18f46j50.asm


