MPLINK 4.48, Linker
Linker Map File - Created Wed May 13 20:45:30 2020

                                 Section Info
                  Section       Type    Address   Location Size(Bytes)
                ---------  ---------  ---------  ---------  ---------
    REMAPPED_RESET_VECTOR       code   0x001000    program   0x000006
REMAPPED_HIGH_INTERRUPT_VECTOR       code   0x001008    program   0x000006
REMAPPED_LOW_INTERRUPT_VECTOR       code   0x001018    program   0x000006
                   .cinit    romdata   0x00102a    program   0x000032
              .code_ebb.o       code   0x00105c    program   0x003192
              .code_UBW.o       code   0x0041ee    program   0x00278e
       .code_usb_device.o       code   0x00697c    program   0x000da4
         .code_vfprintf.o       code   0x007720    program   0x000c22
             .stringtable    romdata   0x008342    program   0x000605
.romdata_WriteBytesFlash.o    romdata   0x008947    program   0x000000
         .romdata_ldexp.o    romdata   0x008947    program   0x000000
.romdata_usb_function_cdc.o    romdata   0x008947    program   0x000000
        .idata___init.o_i    romdata   0x008947    program   0x000000
         .romdata_errno.o    romdata   0x008947    program   0x000000
    .idata_usb_device.o_i    romdata   0x008947    program   0x000000
      .idata_fxd3232u.o_i    romdata   0x008947    program   0x000000
       .idata_pow2x16.o_i    romdata   0x008947    program   0x000000
      .romdata_PackMath.o    romdata   0x008947    program   0x000000
      .idata_RCServo2.o_i    romdata   0x008947    program   0x000000
          .romdata_putc.o    romdata   0x008947    program   0x000000
                     PROG       code   0x008948    program   0x0005ea
           .code_stdout.o       code   0x008948    program   0x000000
             .code_sqrt.o       code   0x008f32    program   0x000442
 .code_usb_function_cdc.o       code   0x009374    program   0x0003fc
         .code_RCServo2.o       code   0x009770    program   0x0003b0
  .code_WriteBytesFlash.o       code   0x009b20    program   0x0001de
             .code_main.o       code   0x009cfe    program   0x000148
            .code_ldexp.o       code   0x009e46    program   0x000138
         .code_UnpkMath.o       code   0x009f7e    program   0x00011c
         .code_PackMath.o       code   0x00a09a    program   0x00011a
       .code_EraseFlash.o       code   0x00a1b4    program   0x0000f8
               _cinit_scn       code   0x00a2ac    program   0x00009e
                   STRING       code   0x00a34a    program   0x00009a
           .code_printf.o       code   0x00a3e4    program   0x000098
        .code_ReadFlash.o       code   0x00a47c    program   0x000092
             .code_putc.o       code   0x00a50e    program   0x000084
          .code_fxm3232.o       code   0x00a592    program   0x000070
.romdata_usb_descriptors.o    romdata   0x00a602    program   0x000057
          .idata_sqrt.o_i    romdata   0x00a659    program   0x000000
        .romdata_printf.o    romdata   0x00a659    program   0x000000
      .idata_fxd1616u.o_i    romdata   0x00a659    program   0x000000
      .idata_PackMath.o_i    romdata   0x00a659    program   0x000000
    .romdata_usb_device.o    romdata   0x00a659    program   0x000000
          .idata_main.o_i    romdata   0x00a659    program   0x000000
.idata_WriteBytesFlash.o_i    romdata   0x00a659    program   0x000000
      .romdata_UnpkMath.o    romdata   0x00a659    program   0x000000
           .romdata_ebb.o    romdata   0x00a659    program   0x000000
       .romdata_fxm3232.o    romdata   0x00a659    program   0x000000
    .romdata_EraseFlash.o    romdata   0x00a659    program   0x000000
            .code_errno.o       code   0x00a65a    program   0x000000
                    CTYPE       code   0x00a65a    program   0x00004c
         .code_fxd3232u.o       code   0x00a6a6    program   0x000048
           .romdata_UBW.o    romdata   0x00a6ee    program   0x000035
      .idata_UnpkMath.o_i    romdata   0x00a723    program   0x000000
         .idata_errno.o_i    romdata   0x00a723    program   0x000000
        .romdata_stdout.o    romdata   0x00a723    program   0x000000
         .idata_ldexp.o_i    romdata   0x00a723    program   0x000000
      .idata_vfprintf.o_i    romdata   0x00a723    program   0x000000
       .romdata_pow2x16.o    romdata   0x00a723    program   0x000000
          .idata_putc.o_i    romdata   0x00a723    program   0x000000
         .romdata_c018i.o    romdata   0x00a723    program   0x000000
    .idata_EraseFlash.o_i    romdata   0x00a723    program   0x000000
     .romdata_ReadFlash.o    romdata   0x00a723    program   0x000000
      .romdata_fxd3232u.o    romdata   0x00a723    program   0x000000
         .code_fxd1616u.o       code   0x00a724    program   0x00002c
            .code_c018i.o       code   0x00a724    program   0x000000
                    .code       code   0x00a750    program   0x000020
             _startup_scn       code   0x00a770    program   0x00001c
                    STDIO       code   0x00a78c    program   0x00001c
          .code_pow2x16.o       code   0x00a7a8    program   0x000016
      .romdata_vfprintf.o    romdata   0x00a7be    program   0x000011
.idata_usb_function_cdc.o_i    romdata   0x00a7cf    program   0x000000
         .idata_c018i.o_i    romdata   0x00a7cf    program   0x000000
          .romdata_main.o    romdata   0x00a7cf    program   0x000000
      .romdata_fxd1616u.o    romdata   0x00a7cf    program   0x000000
      .romdata_RCServo2.o    romdata   0x00a7cf    program   0x000000
          .romdata_sqrt.o    romdata   0x00a7cf    program   0x000000
        .idata_printf.o_i    romdata   0x00a7cf    program   0x000000
        .romdata___init.o    romdata   0x00a7cf    program   0x000000
     .idata_ReadFlash.o_i    romdata   0x00a7cf    program   0x000000
       .idata_fxm3232.o_i    romdata   0x00a7cf    program   0x000000
           .code___init.o       code   0x00a7d0    program   0x000002
  .code_usb_descriptors.o       code   0x00a7d0    program   0x000000
.idata_usb_descriptors.o_i    romdata   0x00a7d2    program   0x00007e
        .idata_stdout.o_i    romdata   0x00a850    program   0x000002
           .idata_ebb.o_i    romdata   0x00a852    program   0x00000d
           .idata_UBW.o_i    romdata   0x00a85f    program   0x0000e9
                 .tmpdata      udata   0x000000       data   0x000034
                MATH_DATA      udata   0x000034       data   0x000014
             high_ISR_tmp      udata   0x000048       data   0x000008
              low_ISR_tmp      udata   0x000050       data   0x000004
                  ISR_buf      udata   0x000100       data   0x000071
               com_tx_buf      udata   0x000200       data   0x000080
 .idata_usb_descriptors.o      idata   0x000280       data   0x00007e
            .udata_main.o      udata   0x0002fe       data   0x000002
               com_rx_buf      udata   0x000300       data   0x000100
                  USB_BDT      udata   0x000400       data   0x000078
      .udata_usb_device.o      udata   0x000478       data   0x000034
             .idata_UBW.o      idata   0x000500       data   0x0000e9
                     FIFO      udata   0x000800       data   0x0000fa
          .idata_stdout.o      idata   0x0008fa       data   0x000002
         .udata_fxm3232.o      udata   0x0008fc       data   0x000000
         .idata_fxm3232.o      idata   0x0008fc       data   0x000000
       .udata_ReadFlash.o      udata   0x0008fc       data   0x000000
        .idata_fxd3232u.o      idata   0x0008fc       data   0x000000
        .udata_fxd3232u.o      udata   0x0008fc       data   0x000000
      .idata_EraseFlash.o      idata   0x0008fc       data   0x000000
      .udata_EraseFlash.o      udata   0x0008fc       data   0x000000
        .udata_UnpkMath.o      udata   0x0008fc       data   0x000000
        .idata_UnpkMath.o      idata   0x0008fc       data   0x000000
       .idata_ReadFlash.o      idata   0x0008fc       data   0x000000
 .udata_WriteBytesFlash.o      udata   0x0008fc       data   0x000000
 .idata_WriteBytesFlash.o      idata   0x0008fc       data   0x000000
          .udata___init.o      udata   0x0008fc       data   0x000000
          .idata___init.o      idata   0x0008fc       data   0x000000
         .udata_pow2x16.o      udata   0x0008fc       data   0x000000
         .idata_pow2x16.o      idata   0x0008fc       data   0x000000
          .udata_printf.o      udata   0x0008fc       data   0x000000
          .idata_printf.o      idata   0x0008fc       data   0x000000
            .udata_sqrt.o      udata   0x0008fc       data   0x000000
            .idata_sqrt.o      idata   0x0008fc       data   0x000000
        .udata_fxd1616u.o      udata   0x0008fc       data   0x000000
        .idata_fxd1616u.o      idata   0x0008fc       data   0x000000
        .udata_PackMath.o      udata   0x0008fc       data   0x000000
        .idata_PackMath.o      idata   0x0008fc       data   0x000000
           .idata_errno.o      idata   0x0008fc       data   0x000000
           .udata_ldexp.o      udata   0x0008fc       data   0x000000
           .idata_ldexp.o      idata   0x0008fc       data   0x000000
          .udata_stdout.o      udata   0x0008fc       data   0x000000
        .udata_vfprintf.o      udata   0x0008fc       data   0x000000
        .idata_vfprintf.o      idata   0x0008fc       data   0x000000
            .udata_putc.o      udata   0x0008fc       data   0x000000
            .idata_putc.o      idata   0x0008fc       data   0x000000
 .udata_usb_descriptors.o      udata   0x0008fc       data   0x000000
.idata_usb_function_cdc.o      idata   0x0008fc       data   0x000000
        .idata_RCServo2.o      idata   0x0008fc       data   0x000000
           .idata_c018i.o      idata   0x0008fc       data   0x000000
            .idata_main.o      idata   0x0008fc       data   0x000000
      .idata_usb_device.o      idata   0x0008fc       data   0x000000
                    FIFO2      udata   0x000900       data   0x0000fa
                    FIFO3      udata   0x000a00       data   0x000096
             .udata_UBW.o      udata   0x000a96       data   0x00003d
             .udata_ebb.o      udata   0x000ad3       data   0x000021
           .udata_c018i.o      udata   0x000af4       data   0x00000a
           .udata_errno.o      udata   0x000afe       data   0x000002
                    FIFO4      udata   0x000b00       data   0x0000fa
                    FIFO5      udata   0x000c00       data   0x00004b
.udata_usb_function_cdc.o      udata   0x000c4b       data   0x0000a8
             .idata_ebb.o      idata   0x000cf3       data   0x00000d
                   .stack      udata   0x000d00       data   0x000100
        .udata_RCServo2.o      udata   0x000e00       data   0x0000b7
              SFR_BANKED0      udata   0x000ec6       data   0x00000e
              SFR_BANKED1      udata   0x000ed7       data   0x000008
              SFR_BANKED2      udata   0x000ee7       data   0x000004
              SFR_BANKED3      udata   0x000eec       data   0x000003
              SFR_BANKED4      udata   0x000ef2       data   0x000002
              SFR_BANKED5      udata   0x000ef6       data   0x000002
              SFR_BANKED6      udata   0x000efb       data   0x000005
              SFR_BANKED7      udata   0x000f26       data   0x000014
              SFR_BANKED8      udata   0x000f3c       data   0x000007
              SFR_BANKED9      udata   0x000f48       data   0x000008
             SFR_BANKED10      udata   0x000f52       data   0x00000e
            SFR_UNBANKED0      udata   0x000f60       data   0x0000a0



                              Program Memory Usage 
                               Start         End      
                           ---------   ---------      
                            0x001000    0x001005      
                            0x001008    0x00100d      
                            0x001018    0x00101d      
                            0x00102a    0x008946      
                            0x008948    0x00a658      
                            0x00a65a    0x00a722      
                            0x00a724    0x00a7ce      
                            0x00a7d0    0x00a947      
            39212 out of 63498 program addresses used, program memory utilization is 61%



                              Symbols - Sorted by Name
                     Name    Address   Location    Storage File                     
                ---------  ---------  ---------  --------- ---------                
          AnalogConfigure   0x0052ec    program     extern C:\Projects\EggBot2-GH\EBB_firmware\app.X\source\UBW.c
           BlinkUSBStatus   0x0062fa    program     extern C:\Projects\EggBot2-GH\EBB_firmware\app.X\source\UBW.c
                CDCInitEP   0x009410    program     extern C:\Projects\EggBot2-GH\EBB_firmware\Microchip\USB\CDC Device Driver\usb_function_cdc.c
             CDCTxService   0x0095b2    program     extern C:\Projects\EggBot2-GH\EBB_firmware\Microchip\USB\CDC Device Driver\usb_function_cdc.c
                   D1616S   0x008df2    program     static E:\c18v3.46\pic18-lt\cxx-framework\src\traditional\math\fxd1616s.asm
                D1616SNEG   0x008e00    program     static E:\c18v3.46\pic18-lt\cxx-framework\src\traditional\math\fxd1616s.asm
                 D1616SOK   0x008dfc    program     static E:\c18v3.46\pic18-lt\cxx-framework\src\traditional\math\fxd1616s.asm
                  D1616SX   0x008e12    program     static E:\c18v3.46\pic18-lt\cxx-framework\src\traditional\math\fxd1616s.asm
                  DA1616S   0x008de2    program     static E:\c18v3.46\pic18-lt\cxx-framework\src\traditional\math\fxd1616s.asm
                 EBB_Init   0x0018c8    program     extern C:\Projects\EggBot2-GH\EBB_firmware\app.X\source\ebb.c
               EraseFlash   0x00a1b4    program     extern E:\c18v3.46\pic18-lt\cxx-framework\src\pmc_common\Flash\EraseFlash.c
                  FIFOInc   0x001bd0    program     extern C:\Projects\EggBot2-GH\EBB_firmware\app.X\source\ebb.c
                 FLO1632S   0x00894c    program     extern E:\c18v3.46\pic18-lt\cxx-framework\src\traditional\math\cast16FP.asm
                 FLO1632U   0x008948    program     extern E:\c18v3.46\pic18-lt\cxx-framework\src\traditional\math\cast16FP.asm
                 FLO3232S   0x008976    program     extern E:\c18v3.46\pic18-lt\cxx-framework\src\traditional\math\cast32FP.asm
                 FLO3232U   0x008972    program     extern E:\c18v3.46\pic18-lt\cxx-framework\src\traditional\math\cast32FP.asm
                    FPA32   0x008b2a    program     extern E:\c18v3.46\pic18-lt\cxx-framework\src\traditional\math\addFP.asm
                    FPD32   0x0089a8    program     extern E:\c18v3.46\pic18-lt\cxx-framework\src\traditional\math\divFP.asm
                    FPM32   0x008a4e    program     extern E:\c18v3.46\pic18-lt\cxx-framework\src\traditional\math\mulFP.asm
                    FPS32   0x008b28    program     extern E:\c18v3.46\pic18-lt\cxx-framework\src\traditional\math\addFP.asm
                 FXD1616S   0x008dd0    program     extern E:\c18v3.46\pic18-lt\cxx-framework\src\traditional\math\fxd1616s.asm
                 FXD1616U   0x00a724    program     extern E:\c18v3.46\pic18-lt\cxx-framework\src\traditional\math\fxd1616u.c
                 FXD3232U   0x00a6a6    program     extern E:\c18v3.46\pic18-lt\cxx-framework\src\traditional\math\fxd3232u.c
                 FXM1616S   0x008ed8    program     extern E:\c18v3.46\pic18-lt\cxx-framework\src\traditional\math\fxm1616s.asm
                  FXM3232   0x00a592    program     extern E:\c18v3.46\pic18-lt\cxx-framework\src\traditional\math\fxm3232.c
                  INT3232   0x008c56    program     extern E:\c18v3.46\pic18-lt\cxx-framework\src\traditional\math\castFP32.asm
         InitializeSystem   0x009d0a    program     static C:\Projects\EggBot2-GH\EBB_firmware\app.X\source\main.c
                LongDelay   0x005ac6    program     extern C:\Projects\EggBot2-GH\EBB_firmware\app.X\source\UBW.c
                ProcessIO   0x004836    program     extern C:\Projects\EggBot2-GH\EBB_firmware\app.X\source\UBW.c
            RCServo2_Init   0x009770    program     extern C:\Projects\EggBot2-GH\EBB_firmware\app.X\source\RCServo2.c
            RCServo2_Move   0x00990a    program     extern C:\Projects\EggBot2-GH\EBB_firmware\app.X\source\RCServo2.c
      RCServo2_S2_command   0x009860    program     extern C:\Projects\EggBot2-GH\EBB_firmware\app.X\source\RCServo2.c
RCServo2_get_channel_from_RPn   0x009822    program     extern C:\Projects\EggBot2-GH\EBB_firmware\app.X\source\RCServo2.c
                ReadFlash   0x00a47c    program     extern E:\c18v3.46\pic18-lt\cxx-framework\src\pmc_common\Flash\ReadFlash.c
        Remapped_High_ISR   0x001008    program     extern C:\Projects\EggBot2-GH\EBB_firmware\app.X\source\main.c
         Remapped_Low_ISR   0x001018    program     extern C:\Projects\EggBot2-GH\EBB_firmware\app.X\source\main.c
         SetPinLATFromRPn   0x0063d6    program     extern C:\Projects\EggBot2-GH\EBB_firmware\app.X\source\UBW.c
        SetPinTRISFromRPn   0x006432    program     extern C:\Projects\EggBot2-GH\EBB_firmware\app.X\source\UBW.c
                  TALTB32   0x008e1c    program     extern E:\c18v3.46\pic18-lt\cxx-framework\src\traditional\math\ltFP.asm
               TSIGN1616A   0x008f24    program     static E:\c18v3.46\pic18-lt\cxx-framework\src\traditional\math\fxm1616s.asm
       USBCBCheckOtherReq   0x009d52    program     extern C:\Projects\EggBot2-GH\EBB_firmware\app.X\source\main.c
        USBCBErrorHandler   0x009d50    program     extern C:\Projects\EggBot2-GH\EBB_firmware\app.X\source\main.c
              USBCBInitEP   0x009d58    program     extern C:\Projects\EggBot2-GH\EBB_firmware\app.X\source\main.c
          USBCBSendResume   0x009d5c    program     extern C:\Projects\EggBot2-GH\EBB_firmware\app.X\source\main.c
    USBCBStdSetDscHandler   0x009d56    program     extern C:\Projects\EggBot2-GH\EBB_firmware\app.X\source\main.c
             USBCBSuspend   0x009d4a    program     extern C:\Projects\EggBot2-GH\EBB_firmware\app.X\source\main.c
     USBCBWakeFromSuspend   0x009d4c    program     extern C:\Projects\EggBot2-GH\EBB_firmware\app.X\source\main.c
        USBCB_SOF_Handler   0x009d4e    program     extern C:\Projects\EggBot2-GH\EBB_firmware\app.X\source\main.c
       USBCDCEventHandler   0x00945a    program     extern C:\Projects\EggBot2-GH\EBB_firmware\Microchip\USB\CDC Device Driver\usb_function_cdc.c
              USBCancelIO   0x006cb4    program     extern C:\Projects\EggBot2-GH\EBB_firmware\Microchip\USB\usb_device.c
       USBCheckCDCRequest   0x009374    program     extern C:\Projects\EggBot2-GH\EBB_firmware\Microchip\USB\CDC Device Driver\usb_function_cdc.c
       USBCheckStdRequest   0x0072e4    program     static C:\Projects\EggBot2-GH\EBB_firmware\Microchip\USB\usb_device.c
     USBConfigureEndpoint   0x006d84    program     static C:\Projects\EggBot2-GH\EBB_firmware\Microchip\USB\usb_device.c
  USBCtrlEPAllowDataStage   0x006d44    program     extern C:\Projects\EggBot2-GH\EBB_firmware\Microchip\USB\usb_device.c
USBCtrlEPAllowStatusStage   0x006cee    program     extern C:\Projects\EggBot2-GH\EBB_firmware\Microchip\USB\usb_device.c
         USBCtrlEPService   0x007182    program     static C:\Projects\EggBot2-GH\EBB_firmware\Microchip\USB\usb_device.c
 USBCtrlEPServiceComplete   0x006dd6    program     static C:\Projects\EggBot2-GH\EBB_firmware\Microchip\USB\usb_device.c
      USBCtrlTrfInHandler   0x00726c    program     static C:\Projects\EggBot2-GH\EBB_firmware\Microchip\USB\usb_device.c
     USBCtrlTrfOutHandler   0x00724e    program     static C:\Projects\EggBot2-GH\EBB_firmware\Microchip\USB\usb_device.c
      USBCtrlTrfRxService   0x006eac    program     static C:\Projects\EggBot2-GH\EBB_firmware\Microchip\USB\usb_device.c
   USBCtrlTrfSetupHandler   0x00720e    program     static C:\Projects\EggBot2-GH\EBB_firmware\Microchip\USB\usb_device.c
      USBCtrlTrfTxService   0x006e30    program     static C:\Projects\EggBot2-GH\EBB_firmware\Microchip\USB\usb_device.c
            USBDeviceInit   0x00697c    program     extern C:\Projects\EggBot2-GH\EBB_firmware\Microchip\USB\usb_device.c
           USBDeviceTasks   0x006a50    program     extern C:\Projects\EggBot2-GH\EBB_firmware\Microchip\USB\usb_device.c
        USBEnableEndpoint   0x006bcc    program     extern C:\Projects\EggBot2-GH\EBB_firmware\Microchip\USB\usb_device.c
         USBStallEndpoint   0x006c8c    program     extern C:\Projects\EggBot2-GH\EBB_firmware\Microchip\USB\usb_device.c
          USBStallHandler   0x00711c    program     static C:\Projects\EggBot2-GH\EBB_firmware\Microchip\USB\usb_device.c
  USBStdFeatureReqHandler   0x007396    program     static C:\Projects\EggBot2-GH\EBB_firmware\Microchip\USB\usb_device.c
      USBStdGetDscHandler   0x00700a    program     static C:\Projects\EggBot2-GH\EBB_firmware\Microchip\USB\usb_device.c
   USBStdGetStatusHandler   0x0070b0    program     static C:\Projects\EggBot2-GH\EBB_firmware\Microchip\USB\usb_device.c
      USBStdSetCfgHandler   0x006f6c    program     static C:\Projects\EggBot2-GH\EBB_firmware\Microchip\USB\usb_device.c
               USBSuspend   0x00713e    program     static C:\Projects\EggBot2-GH\EBB_firmware\Microchip\USB\usb_device.c
     USBTransferOnePacket   0x006c0a    program     extern C:\Projects\EggBot2-GH\EBB_firmware\Microchip\USB\usb_device.c
       USBWakeFromSuspend   0x00715e    program     static C:\Projects\EggBot2-GH\EBB_firmware\Microchip\USB\usb_device.c
               USB_CD_Ptr   0x00a657    program     extern C:\Projects\EggBot2-GH\EBB_firmware\app.X\source\usb_descriptors.c
USER_USB_CALLBACK_EVENT_HANDLER   0x009da0    program     extern C:\Projects\EggBot2-GH\EBB_firmware\app.X\source\main.c
                 UserInit   0x0046a2    program     extern C:\Projects\EggBot2-GH\EBB_firmware\app.X\source\UBW.c
         WaitForEmptyFIFO   0x001bc8    program     extern C:\Projects\EggBot2-GH\EBB_firmware\app.X\source\ebb.c
        WaitForRoomInFIFO   0x001bbe    program     extern C:\Projects\EggBot2-GH\EBB_firmware\app.X\source\ebb.c
          WriteBytesFlash   0x009b20    program     extern E:\c18v3.46\pic18-lt\cxx-framework\src\pmc_common\Flash\WriteBytesFlash.c
              _2jContinue   0x00a36a    program     static E:\c18v3.46\pic18-lt\cxx-framework\src\traditional\stdclib\memset.asm
                   _2jEnd   0x00a3ce    program     static E:\c18v3.46\pic18-lt\cxx-framework\src\traditional\stdclib\slenpgm.asm
                   _3jEnd   0x00a374    program     static E:\c18v3.46\pic18-lt\cxx-framework\src\traditional\stdclib\memset.asm
                _PackMath   0x00a09a    program     extern E:\c18v3.46\pic18-lt\cxx-framework\src\traditional\stdclib\PackMath.c
                _UnpkMath   0x009f7e    program     extern E:\c18v3.46\pic18-lt\cxx-framework\src\traditional\stdclib\UnpkMath.c
              __FpCompare   0x008e2e    program     extern E:\c18v3.46\pic18-lt\cxx-framework\src\traditional\math\compFP.asm
                 __FpExit   0x008cd0    program     extern E:\c18v3.46\pic18-lt\cxx-framework\src\traditional\math\packFP.asm
                 __FpPack   0x008cfc    program     extern E:\c18v3.46\pic18-lt\cxx-framework\src\traditional\math\packFP.asm
            __FpReturnNaN   0x008cc4    program     extern E:\c18v3.46\pic18-lt\cxx-framework\src\traditional\math\packFP.asm
         __FpReturnNegInf   0x008cd6    program     extern E:\c18v3.46\pic18-lt\cxx-framework\src\traditional\math\packFP.asm
        __FpReturnNegZero   0x008cee    program     extern E:\c18v3.46\pic18-lt\cxx-framework\src\traditional\math\packFP.asm
         __FpReturnPosInf   0x008cdc    program     extern E:\c18v3.46\pic18-lt\cxx-framework\src\traditional\math\packFP.asm
        __FpReturnPosZero   0x008cf6    program     extern E:\c18v3.46\pic18-lt\cxx-framework\src\traditional\math\packFP.asm
        __FpReturnSignInf   0x008cd2    program     extern E:\c18v3.46\pic18-lt\cxx-framework\src\traditional\math\packFP.asm
       __FpReturnSignZero   0x008cea    program     extern E:\c18v3.46\pic18-lt\cxx-framework\src\traditional\math\packFP.asm
              __FpReturnW   0x008d54    program     extern E:\c18v3.46\pic18-lt\cxx-framework\src\traditional\math\packFP.asm
              __FpUnPackA   0x008d74    program     extern E:\c18v3.46\pic18-lt\cxx-framework\src\traditional\math\UnpackFP.asm
              __FpUnPackB   0x008da4    program     extern E:\c18v3.46\pic18-lt\cxx-framework\src\traditional\math\UnpackFP.asm
         ___else_lbl00002   0x001132    program     static                          
         ___else_lbl00007   0x00121a    program     static                          
         ___else_lbl00009   0x001234    program     static                          
         ___else_lbl00011   0x001256    program     static                          
         ___else_lbl00013   0x001270    program     static                          
         ___else_lbl00016   0x001238    program     static                          
         ___else_lbl00018   0x00136c    program     static                          
         ___else_lbl00022   0x0014c2    program     static                          
         ___else_lbl00031   0x001538    program     static                          
         ___else_lbl00034   0x00158c    program     static                          
         ___else_lbl00039   0x001652    program     static                          
         ___else_lbl00044   0x00178c    program     static                          
         ___else_lbl00047   0x001824    program     static                          
         ___else_lbl00050   0x0017a0    program     static                          
         ___else_lbl00052   0x001598    program     static                          
          ___for_lbl00062   0x001abc    program     static                          
          ___for_lbl00063   0x001ac0    program     static                          
          ___for_lbl00064   0x0018dc    program     static                          
          ___for_lbl00384   0x005af0    program     static                          
          ___for_lbl00385   0x005af4    program     static                          
          ___for_lbl00388   0x005ada    program     static                          
           ___if_lbl00001   0x001152    program     static                          
           ___if_lbl00003   0x001152    program     static                          
           ___if_lbl00004   0x001186    program     static                          
           ___if_lbl00005   0x009c68    program     static                          
           ___if_lbl00006   0x00121c    program     static                          
           ___if_lbl00006   0x009c8a    program     static                          
           ___if_lbl00007   0x009ca2    program     static                          
           ___if_lbl00008   0x001236    program     static                          
           ___if_lbl00010   0x001258    program     static                          
           ___if_lbl00012   0x001272    program     static                          
           ___if_lbl00014   0x001272    program     static                          
           ___if_lbl00015   0x001272    program     static                          
           ___if_lbl00017   0x001378    program     static                          
           ___if_lbl00019   0x001378    program     static                          
           ___if_lbl00020   0x0013c8    program     static                          
           ___if_lbl00021   0x0014ce    program     static                          
           ___if_lbl00023   0x0014ce    program     static                          
           ___if_lbl00024   0x00151e    program     static                          
           ___if_lbl00025   0x001530    program     static                          
           ___if_lbl00026   0x001536    program     static                          
           ___if_lbl00027   0x001544    program     static                          
           ___if_lbl00028   0x00154a    program     static                          
           ___if_lbl00029   0x00154a    program     static                          
           ___if_lbl00030   0x00154a    program     static                          
           ___if_lbl00032   0x001596    program     static                          
           ___if_lbl00033   0x001596    program     static                          
           ___if_lbl00035   0x001596    program     static                          
           ___if_lbl00036   0x001596    program     static                          
           ___if_lbl00037   0x001736    program     static                          
           ___if_lbl00038   0x001736    program     static                          
           ___if_lbl00040   0x001736    program     static                          
           ___if_lbl00041   0x00178a    program     static                          
           ___if_lbl00042   0x00179e    program     static                          
           ___if_lbl00043   0x00179e    program     static                          
           ___if_lbl00045   0x00179e    program     static                          
           ___if_lbl00046   0x00182c    program     static                          
           ___if_lbl00048   0x001832    program     static                          
           ___if_lbl00049   0x001832    program     static                          
           ___if_lbl00051   0x001832    program     static                          
           ___if_lbl00054   0x001888    program     static                          
           ___if_lbl00055   0x00188c    program     static                          
           ___if_lbl00056   0x00188c    program     static                          
           ___if_lbl00059   0x0018a4    program     static                          
           ___if_lbl00060   0x0018a4    program     static                          
       ___return_lbl00000   0x00a74e    program     static                          
       ___return_lbl00000   0x00a7bc    program     static                          
       ___return_lbl00000   0x009ce6    program     static                          
       ___return_lbl00000   0x00a4f6    program     static                          
       ___return_lbl00000   0x00a78a    program     static                          
       ___return_lbl00000   0x0018a8    program     static                          
       ___return_lbl00000   0x001004    program     static                          
       ___return_lbl00000   0x00a600    program     static                          
       ___return_lbl00000   0x00a6ec    program     static                          
       ___return_lbl00001   0x00a348    program     static                          
       ___return_lbl00001   0x00100c    program     static                          
       ___return_lbl00002   0x00101c    program     static                          
       ___return_lbl00061   0x001bb0    program     static                          
       ___return_lbl00383   0x005af4    program     static                          
       ___return_lbl00389   0x005b10    program     static                          
       ___return_lbl00390   0x005b1e    program     static                          
        ___while_lbl00001   0x009c0a    program     static                          
        ___while_lbl00001   0x00a4c4    program     static                          
        ___while_lbl00002   0x009ce6    program     static                          
        ___while_lbl00002   0x00a4f6    program     static                          
        ___while_lbl00003   0x009c2e    program     static                          
        ___while_lbl00004   0x009c6a    program     static                          
        ___while_lbl00386   0x005ae2    program     static                          
        ___while_lbl00387   0x005af0    program     static                          
                   __init   0x00a7d0    program     extern E:\c18v3.46\pic18-lt\cxx-framework\src\traditional\stdclib\__init.c
                   __pa_0   0x0035ba    program     static C:\Projects\EggBot2-GH\EBB_firmware\app.X\source\ebb.c
                   __pa_0   0x009e28    program     static C:\Projects\EggBot2-GH\EBB_firmware\app.X\source\main.c
                   __pa_0   0x009694    program     static C:\Projects\EggBot2-GH\EBB_firmware\Microchip\USB\CDC Device Driver\usb_function_cdc.c
                   __pa_0   0x00a08c    program     static E:\c18v3.46\pic18-lt\cxx-framework\src\traditional\stdclib\UnpkMath.c
                   __pa_0   0x009f74    program     static E:\c18v3.46\pic18-lt\cxx-framework\src\traditional\stdclib\ldexp.c
                   __pa_0   0x008060    program     static E:\c18v3.46\pic18-lt\cxx-framework\src\traditional\stdclib\vfprintf.c
                   __pa_0   0x0074d8    program     static C:\Projects\EggBot2-GH\EBB_firmware\Microchip\USB\usb_device.c
                   __pa_0   0x009aa8    program     static C:\Projects\EggBot2-GH\EBB_firmware\app.X\source\RCServo2.c
                   __pa_0   0x00a29e    program     static E:\c18v3.46\pic18-lt\cxx-framework\src\pmc_common\Flash\EraseFlash.c
                   __pa_0   0x00a162    program     static E:\c18v3.46\pic18-lt\cxx-framework\src\traditional\stdclib\PackMath.c
                   __pa_0   0x00648e    program     static C:\Projects\EggBot2-GH\EBB_firmware\app.X\source\UBW.c
                   __pa_0   0x0092d0    program     static E:\c18v3.46\pic18-lt\cxx-framework\src\traditional\stdclib\sqrt.c
                   __pa_1   0x0074e0    program     static C:\Projects\EggBot2-GH\EBB_firmware\Microchip\USB\usb_device.c
                   __pa_1   0x008068    program     static E:\c18v3.46\pic18-lt\cxx-framework\src\traditional\stdclib\vfprintf.c
                   __pa_1   0x009aba    program     static C:\Projects\EggBot2-GH\EBB_firmware\app.X\source\RCServo2.c
                   __pa_1   0x0096a6    program     static C:\Projects\EggBot2-GH\EBB_firmware\Microchip\USB\CDC Device Driver\usb_function_cdc.c
                   __pa_1   0x00a172    program     static E:\c18v3.46\pic18-lt\cxx-framework\src\traditional\stdclib\PackMath.c
                   __pa_1   0x009e3a    program     static C:\Projects\EggBot2-GH\EBB_firmware\app.X\source\main.c
                   __pa_1   0x0035e6    program     static C:\Projects\EggBot2-GH\EBB_firmware\app.X\source\ebb.c
                   __pa_1   0x0064a0    program     static C:\Projects\EggBot2-GH\EBB_firmware\app.X\source\UBW.c
                   __pa_1   0x0092da    program     static E:\c18v3.46\pic18-lt\cxx-framework\src\traditional\stdclib\sqrt.c
                  __pa_10   0x00972c    program     static C:\Projects\EggBot2-GH\EBB_firmware\Microchip\USB\CDC Device Driver\usb_function_cdc.c
                  __pa_10   0x00811c    program     static E:\c18v3.46\pic18-lt\cxx-framework\src\traditional\stdclib\vfprintf.c
                  __pa_10   0x009b14    program     static C:\Projects\EggBot2-GH\EBB_firmware\app.X\source\RCServo2.c
                  __pa_10   0x003668    program     static C:\Projects\EggBot2-GH\EBB_firmware\app.X\source\ebb.c
                  __pa_10   0x0064f4    program     static C:\Projects\EggBot2-GH\EBB_firmware\app.X\source\UBW.c
                  __pa_10   0x00753e    program     static C:\Projects\EggBot2-GH\EBB_firmware\Microchip\USB\usb_device.c
                 __pa_100   0x003d18    program     static C:\Projects\EggBot2-GH\EBB_firmware\app.X\source\ebb.c
                 __pa_100   0x0068fa    program     static C:\Projects\EggBot2-GH\EBB_firmware\app.X\source\UBW.c
                 __pa_101   0x003d26    program     static C:\Projects\EggBot2-GH\EBB_firmware\app.X\source\ebb.c
                 __pa_101   0x00690a    program     static C:\Projects\EggBot2-GH\EBB_firmware\app.X\source\UBW.c
                 __pa_102   0x003d34    program     static C:\Projects\EggBot2-GH\EBB_firmware\app.X\source\ebb.c
                 __pa_102   0x006916    program     static C:\Projects\EggBot2-GH\EBB_firmware\app.X\source\UBW.c
                 __pa_103   0x003d42    program     static C:\Projects\EggBot2-GH\EBB_firmware\app.X\source\ebb.c
                 __pa_103   0x00691e    program     static C:\Projects\EggBot2-GH\EBB_firmware\app.X\source\UBW.c
                 __pa_104   0x006926    program     static C:\Projects\EggBot2-GH\EBB_firmware\app.X\source\UBW.c
                 __pa_104   0x003d50    program     static C:\Projects\EggBot2-GH\EBB_firmware\app.X\source\ebb.c
                 __pa_105   0x003d54    program     static C:\Projects\EggBot2-GH\EBB_firmware\app.X\source\ebb.c
                 __pa_105   0x006932    program     static C:\Projects\EggBot2-GH\EBB_firmware\app.X\source\UBW.c
                 __pa_106   0x003d5e    program     static C:\Projects\EggBot2-GH\EBB_firmware\app.X\source\ebb.c
                 __pa_106   0x00693e    program     static C:\Projects\EggBot2-GH\EBB_firmware\app.X\source\UBW.c
                 __pa_107   0x003d68    program     static C:\Projects\EggBot2-GH\EBB_firmware\app.X\source\ebb.c
                 __pa_107   0x006946    program     static C:\Projects\EggBot2-GH\EBB_firmware\app.X\source\UBW.c
                 __pa_108   0x006952    program     static C:\Projects\EggBot2-GH\EBB_firmware\app.X\source\UBW.c
                 __pa_108   0x003d72    program     static C:\Projects\EggBot2-GH\EBB_firmware\app.X\source\ebb.c
                 __pa_109   0x006958    program     static C:\Projects\EggBot2-GH\EBB_firmware\app.X\source\UBW.c
                 __pa_109   0x003d7a    program     static C:\Projects\EggBot2-GH\EBB_firmware\app.X\source\ebb.c
                  __pa_11   0x006502    program     static C:\Projects\EggBot2-GH\EBB_firmware\app.X\source\UBW.c
                  __pa_11   0x007548    program     static C:\Projects\EggBot2-GH\EBB_firmware\Microchip\USB\usb_device.c
                  __pa_11   0x003676    program     static C:\Projects\EggBot2-GH\EBB_firmware\app.X\source\ebb.c
                  __pa_11   0x00973a    program     static C:\Projects\EggBot2-GH\EBB_firmware\Microchip\USB\CDC Device Driver\usb_function_cdc.c
                  __pa_11   0x00812a    program     static E:\c18v3.46\pic18-lt\cxx-framework\src\traditional\stdclib\vfprintf.c
                 __pa_110   0x006960    program     static C:\Projects\EggBot2-GH\EBB_firmware\app.X\source\UBW.c
                 __pa_110   0x003d82    program     static C:\Projects\EggBot2-GH\EBB_firmware\app.X\source\ebb.c
                 __pa_111   0x003d9a    program     static C:\Projects\EggBot2-GH\EBB_firmware\app.X\source\ebb.c
                 __pa_111   0x006966    program     static C:\Projects\EggBot2-GH\EBB_firmware\app.X\source\UBW.c
                 __pa_112   0x003da4    program     static C:\Projects\EggBot2-GH\EBB_firmware\app.X\source\ebb.c
                 __pa_112   0x00696c    program     static C:\Projects\EggBot2-GH\EBB_firmware\app.X\source\UBW.c
                 __pa_113   0x003dbc    program     static C:\Projects\EggBot2-GH\EBB_firmware\app.X\source\ebb.c
                 __pa_113   0x006974    program     static C:\Projects\EggBot2-GH\EBB_firmware\app.X\source\UBW.c
                 __pa_114   0x003dce    program     static C:\Projects\EggBot2-GH\EBB_firmware\app.X\source\ebb.c
                 __pa_115   0x003dd6    program     static C:\Projects\EggBot2-GH\EBB_firmware\app.X\source\ebb.c
                 __pa_116   0x003dec    program     static C:\Projects\EggBot2-GH\EBB_firmware\app.X\source\ebb.c
                 __pa_117   0x003e02    program     static C:\Projects\EggBot2-GH\EBB_firmware\app.X\source\ebb.c
                 __pa_118   0x003e0a    program     static C:\Projects\EggBot2-GH\EBB_firmware\app.X\source\ebb.c
                 __pa_119   0x003e1c    program     static C:\Projects\EggBot2-GH\EBB_firmware\app.X\source\ebb.c
                  __pa_12   0x00650c    program     static C:\Projects\EggBot2-GH\EBB_firmware\app.X\source\UBW.c
                  __pa_12   0x00755c    program     static C:\Projects\EggBot2-GH\EBB_firmware\Microchip\USB\usb_device.c
                  __pa_12   0x00367c    program     static C:\Projects\EggBot2-GH\EBB_firmware\app.X\source\ebb.c
                  __pa_12   0x008140    program     static E:\c18v3.46\pic18-lt\cxx-framework\src\traditional\stdclib\vfprintf.c
                  __pa_12   0x009744    program     static C:\Projects\EggBot2-GH\EBB_firmware\Microchip\USB\CDC Device Driver\usb_function_cdc.c
                 __pa_120   0x003e2e    program     static C:\Projects\EggBot2-GH\EBB_firmware\app.X\source\ebb.c
                 __pa_121   0x003e3a    program     static C:\Projects\EggBot2-GH\EBB_firmware\app.X\source\ebb.c
                 __pa_122   0x003e44    program     static C:\Projects\EggBot2-GH\EBB_firmware\app.X\source\ebb.c
                 __pa_123   0x003e52    program     static C:\Projects\EggBot2-GH\EBB_firmware\app.X\source\ebb.c
                 __pa_124   0x003e6e    program     static C:\Projects\EggBot2-GH\EBB_firmware\app.X\source\ebb.c
                 __pa_125   0x003e7a    program     static C:\Projects\EggBot2-GH\EBB_firmware\app.X\source\ebb.c
                 __pa_126   0x003e8c    program     static C:\Projects\EggBot2-GH\EBB_firmware\app.X\source\ebb.c
                 __pa_127   0x003e9e    program     static C:\Projects\EggBot2-GH\EBB_firmware\app.X\source\ebb.c
                 __pa_128   0x003eb0    program     static C:\Projects\EggBot2-GH\EBB_firmware\app.X\source\ebb.c
                 __pa_129   0x003ebc    program     static C:\Projects\EggBot2-GH\EBB_firmware\app.X\source\ebb.c
                  __pa_13   0x003694    program     static C:\Projects\EggBot2-GH\EBB_firmware\app.X\source\ebb.c
                  __pa_13   0x00815a    program     static E:\c18v3.46\pic18-lt\cxx-framework\src\traditional\stdclib\vfprintf.c
                  __pa_13   0x009754    program     static C:\Projects\EggBot2-GH\EBB_firmware\Microchip\USB\CDC Device Driver\usb_function_cdc.c
                  __pa_13   0x007570    program     static C:\Projects\EggBot2-GH\EBB_firmware\Microchip\USB\usb_device.c
                  __pa_13   0x006514    program     static C:\Projects\EggBot2-GH\EBB_firmware\app.X\source\UBW.c
                 __pa_130   0x003ec4    program     static C:\Projects\EggBot2-GH\EBB_firmware\app.X\source\ebb.c
                 __pa_131   0x003ece    program     static C:\Projects\EggBot2-GH\EBB_firmware\app.X\source\ebb.c
                 __pa_132   0x003ed6    program     static C:\Projects\EggBot2-GH\EBB_firmware\app.X\source\ebb.c
                 __pa_133   0x003eec    program     static C:\Projects\EggBot2-GH\EBB_firmware\app.X\source\ebb.c
                 __pa_134   0x003f06    program     static C:\Projects\EggBot2-GH\EBB_firmware\app.X\source\ebb.c
                 __pa_135   0x003f1e    program     static C:\Projects\EggBot2-GH\EBB_firmware\app.X\source\ebb.c
                 __pa_136   0x003f36    program     static C:\Projects\EggBot2-GH\EBB_firmware\app.X\source\ebb.c
                 __pa_137   0x003f3e    program     static C:\Projects\EggBot2-GH\EBB_firmware\app.X\source\ebb.c
                 __pa_138   0x003f4a    program     static C:\Projects\EggBot2-GH\EBB_firmware\app.X\source\ebb.c
                 __pa_139   0x003f52    program     static C:\Projects\EggBot2-GH\EBB_firmware\app.X\source\ebb.c
                  __pa_14   0x0036a0    program     static C:\Projects\EggBot2-GH\EBB_firmware\app.X\source\ebb.c
                  __pa_14   0x008172    program     static E:\c18v3.46\pic18-lt\cxx-framework\src\traditional\stdclib\vfprintf.c
                  __pa_14   0x009762    program     static C:\Projects\EggBot2-GH\EBB_firmware\Microchip\USB\CDC Device Driver\usb_function_cdc.c
                  __pa_14   0x00651c    program     static C:\Projects\EggBot2-GH\EBB_firmware\app.X\source\UBW.c
                  __pa_14   0x00757e    program     static C:\Projects\EggBot2-GH\EBB_firmware\Microchip\USB\usb_device.c
                 __pa_140   0x003f5a    program     static C:\Projects\EggBot2-GH\EBB_firmware\app.X\source\ebb.c
                 __pa_141   0x003f70    program     static C:\Projects\EggBot2-GH\EBB_firmware\app.X\source\ebb.c
                 __pa_142   0x003f86    program     static C:\Projects\EggBot2-GH\EBB_firmware\app.X\source\ebb.c
                 __pa_143   0x003f90    program     static C:\Projects\EggBot2-GH\EBB_firmware\app.X\source\ebb.c
                 __pa_144   0x003f9e    program     static C:\Projects\EggBot2-GH\EBB_firmware\app.X\source\ebb.c
                 __pa_145   0x003faa    program     static C:\Projects\EggBot2-GH\EBB_firmware\app.X\source\ebb.c
                 __pa_146   0x003fb6    program     static C:\Projects\EggBot2-GH\EBB_firmware\app.X\source\ebb.c
                 __pa_147   0x003fc2    program     static C:\Projects\EggBot2-GH\EBB_firmware\app.X\source\ebb.c
                 __pa_148   0x003fca    program     static C:\Projects\EggBot2-GH\EBB_firmware\app.X\source\ebb.c
                 __pa_149   0x003fd2    program     static C:\Projects\EggBot2-GH\EBB_firmware\app.X\source\ebb.c
                  __pa_15   0x006528    program     static C:\Projects\EggBot2-GH\EBB_firmware\app.X\source\UBW.c
                  __pa_15   0x0036a8    program     static C:\Projects\EggBot2-GH\EBB_firmware\app.X\source\ebb.c
                  __pa_15   0x008182    program     static E:\c18v3.46\pic18-lt\cxx-framework\src\traditional\stdclib\vfprintf.c
                  __pa_15   0x00758a    program     static C:\Projects\EggBot2-GH\EBB_firmware\Microchip\USB\usb_device.c
                 __pa_150   0x003fda    program     static C:\Projects\EggBot2-GH\EBB_firmware\app.X\source\ebb.c
                 __pa_151   0x003fee    program     static C:\Projects\EggBot2-GH\EBB_firmware\app.X\source\ebb.c
                 __pa_152   0x004000    program     static C:\Projects\EggBot2-GH\EBB_firmware\app.X\source\ebb.c
                 __pa_153   0x004012    program     static C:\Projects\EggBot2-GH\EBB_firmware\app.X\source\ebb.c
                 __pa_154   0x004024    program     static C:\Projects\EggBot2-GH\EBB_firmware\app.X\source\ebb.c
                 __pa_155   0x004030    program     static C:\Projects\EggBot2-GH\EBB_firmware\app.X\source\ebb.c
                 __pa_156   0x00403a    program     static C:\Projects\EggBot2-GH\EBB_firmware\app.X\source\ebb.c
                 __pa_157   0x004046    program     static C:\Projects\EggBot2-GH\EBB_firmware\app.X\source\ebb.c
                 __pa_158   0x004050    program     static C:\Projects\EggBot2-GH\EBB_firmware\app.X\source\ebb.c
                 __pa_159   0x004060    program     static C:\Projects\EggBot2-GH\EBB_firmware\app.X\source\ebb.c
                  __pa_16   0x006532    program     static C:\Projects\EggBot2-GH\EBB_firmware\app.X\source\UBW.c
                  __pa_16   0x0075a4    program     static C:\Projects\EggBot2-GH\EBB_firmware\Microchip\USB\usb_device.c
                  __pa_16   0x0036b4    program     static C:\Projects\EggBot2-GH\EBB_firmware\app.X\source\ebb.c
                  __pa_16   0x008198    program     static E:\c18v3.46\pic18-lt\cxx-framework\src\traditional\stdclib\vfprintf.c
                 __pa_160   0x00406e    program     static C:\Projects\EggBot2-GH\EBB_firmware\app.X\source\ebb.c
                 __pa_161   0x00407c    program     static C:\Projects\EggBot2-GH\EBB_firmware\app.X\source\ebb.c
                 __pa_162   0x00408a    program     static C:\Projects\EggBot2-GH\EBB_firmware\app.X\source\ebb.c
                 __pa_163   0x004094    program     static C:\Projects\EggBot2-GH\EBB_firmware\app.X\source\ebb.c
                 __pa_164   0x0040a0    program     static C:\Projects\EggBot2-GH\EBB_firmware\app.X\source\ebb.c
                 __pa_165   0x0040ac    program     static C:\Projects\EggBot2-GH\EBB_firmware\app.X\source\ebb.c
                 __pa_166   0x0040ba    program     static C:\Projects\EggBot2-GH\EBB_firmware\app.X\source\ebb.c
                 __pa_167   0x0040c6    program     static C:\Projects\EggBot2-GH\EBB_firmware\app.X\source\ebb.c
                 __pa_168   0x0040ce    program     static C:\Projects\EggBot2-GH\EBB_firmware\app.X\source\ebb.c
                 __pa_169   0x0040d4    program     static C:\Projects\EggBot2-GH\EBB_firmware\app.X\source\ebb.c
                  __pa_17   0x0075b0    program     static C:\Projects\EggBot2-GH\EBB_firmware\Microchip\USB\usb_device.c
                  __pa_17   0x0081aa    program     static E:\c18v3.46\pic18-lt\cxx-framework\src\traditional\stdclib\vfprintf.c
                  __pa_17   0x00653a    program     static C:\Projects\EggBot2-GH\EBB_firmware\app.X\source\UBW.c
                  __pa_17   0x0036c0    program     static C:\Projects\EggBot2-GH\EBB_firmware\app.X\source\ebb.c
                 __pa_170   0x0040dc    program     static C:\Projects\EggBot2-GH\EBB_firmware\app.X\source\ebb.c
                 __pa_171   0x0040e6    program     static C:\Projects\EggBot2-GH\EBB_firmware\app.X\source\ebb.c
                 __pa_172   0x0040f0    program     static C:\Projects\EggBot2-GH\EBB_firmware\app.X\source\ebb.c
                 __pa_173   0x0040fa    program     static C:\Projects\EggBot2-GH\EBB_firmware\app.X\source\ebb.c
                 __pa_174   0x004104    program     static C:\Projects\EggBot2-GH\EBB_firmware\app.X\source\ebb.c
                 __pa_175   0x00410e    program     static C:\Projects\EggBot2-GH\EBB_firmware\app.X\source\ebb.c
                 __pa_176   0x004116    program     static C:\Projects\EggBot2-GH\EBB_firmware\app.X\source\ebb.c
                 __pa_177   0x004128    program     static C:\Projects\EggBot2-GH\EBB_firmware\app.X\source\ebb.c
                 __pa_178   0x004130    program     static C:\Projects\EggBot2-GH\EBB_firmware\app.X\source\ebb.c
                 __pa_179   0x004138    program     static C:\Projects\EggBot2-GH\EBB_firmware\app.X\source\ebb.c
                  __pa_18   0x0081bc    program     static E:\c18v3.46\pic18-lt\cxx-framework\src\traditional\stdclib\vfprintf.c
                  __pa_18   0x0075bc    program     static C:\Projects\EggBot2-GH\EBB_firmware\Microchip\USB\usb_device.c
                  __pa_18   0x0036d6    program     static C:\Projects\EggBot2-GH\EBB_firmware\app.X\source\ebb.c
                  __pa_18   0x00654c    program     static C:\Projects\EggBot2-GH\EBB_firmware\app.X\source\UBW.c
                 __pa_180   0x004146    program     static C:\Projects\EggBot2-GH\EBB_firmware\app.X\source\ebb.c
                 __pa_181   0x004156    program     static C:\Projects\EggBot2-GH\EBB_firmware\app.X\source\ebb.c
                 __pa_182   0x004160    program     static C:\Projects\EggBot2-GH\EBB_firmware\app.X\source\ebb.c
                 __pa_183   0x00416c    program     static C:\Projects\EggBot2-GH\EBB_firmware\app.X\source\ebb.c
                 __pa_184   0x004178    program     static C:\Projects\EggBot2-GH\EBB_firmware\app.X\source\ebb.c
                 __pa_185   0x004180    program     static C:\Projects\EggBot2-GH\EBB_firmware\app.X\source\ebb.c
                 __pa_186   0x004188    program     static C:\Projects\EggBot2-GH\EBB_firmware\app.X\source\ebb.c
                 __pa_187   0x004194    program     static C:\Projects\EggBot2-GH\EBB_firmware\app.X\source\ebb.c
                 __pa_188   0x0041a2    program     static C:\Projects\EggBot2-GH\EBB_firmware\app.X\source\ebb.c
                 __pa_189   0x0041b0    program     static C:\Projects\EggBot2-GH\EBB_firmware\app.X\source\ebb.c
                  __pa_19   0x006552    program     static C:\Projects\EggBot2-GH\EBB_firmware\app.X\source\UBW.c
                  __pa_19   0x0075c4    program     static C:\Projects\EggBot2-GH\EBB_firmware\Microchip\USB\usb_device.c
                  __pa_19   0x0081c6    program     static E:\c18v3.46\pic18-lt\cxx-framework\src\traditional\stdclib\vfprintf.c
                  __pa_19   0x0036ea    program     static C:\Projects\EggBot2-GH\EBB_firmware\app.X\source\ebb.c
                 __pa_190   0x0041ba    program     static C:\Projects\EggBot2-GH\EBB_firmware\app.X\source\ebb.c
                 __pa_191   0x0041c2    program     static C:\Projects\EggBot2-GH\EBB_firmware\app.X\source\ebb.c
                 __pa_192   0x0041d0    program     static C:\Projects\EggBot2-GH\EBB_firmware\app.X\source\ebb.c
                 __pa_193   0x0041d8    program     static C:\Projects\EggBot2-GH\EBB_firmware\app.X\source\ebb.c
                 __pa_194   0x0041e0    program     static C:\Projects\EggBot2-GH\EBB_firmware\app.X\source\ebb.c
                 __pa_195   0x0041e6    program     static C:\Projects\EggBot2-GH\EBB_firmware\app.X\source\ebb.c
                   __pa_2   0x0096b6    program     static C:\Projects\EggBot2-GH\EBB_firmware\Microchip\USB\CDC Device Driver\usb_function_cdc.c
                   __pa_2   0x00a180    program     static E:\c18v3.46\pic18-lt\cxx-framework\src\traditional\stdclib\PackMath.c
                   __pa_2   0x0092f4    program     static E:\c18v3.46\pic18-lt\cxx-framework\src\traditional\stdclib\sqrt.c
                   __pa_2   0x0035ec    program     static C:\Projects\EggBot2-GH\EBB_firmware\app.X\source\ebb.c
                   __pa_2   0x0074e6    program     static C:\Projects\EggBot2-GH\EBB_firmware\Microchip\USB\usb_device.c
                   __pa_2   0x008072    program     static E:\c18v3.46\pic18-lt\cxx-framework\src\traditional\stdclib\vfprintf.c
                   __pa_2   0x009ac4    program     static C:\Projects\EggBot2-GH\EBB_firmware\app.X\source\RCServo2.c
                   __pa_2   0x0064a6    program     static C:\Projects\EggBot2-GH\EBB_firmware\app.X\source\UBW.c
                  __pa_20   0x0081d6    program     static E:\c18v3.46\pic18-lt\cxx-framework\src\traditional\stdclib\vfprintf.c
                  __pa_20   0x0075cc    program     static C:\Projects\EggBot2-GH\EBB_firmware\Microchip\USB\usb_device.c
                  __pa_20   0x00655e    program     static C:\Projects\EggBot2-GH\EBB_firmware\app.X\source\UBW.c
                  __pa_20   0x0036fe    program     static C:\Projects\EggBot2-GH\EBB_firmware\app.X\source\ebb.c
                  __pa_21   0x00657a    program     static C:\Projects\EggBot2-GH\EBB_firmware\app.X\source\UBW.c
                  __pa_21   0x0081e6    program     static E:\c18v3.46\pic18-lt\cxx-framework\src\traditional\stdclib\vfprintf.c
                  __pa_21   0x003740    program     static C:\Projects\EggBot2-GH\EBB_firmware\app.X\source\ebb.c
                  __pa_21   0x0075d8    program     static C:\Projects\EggBot2-GH\EBB_firmware\Microchip\USB\usb_device.c
                  __pa_22   0x006588    program     static C:\Projects\EggBot2-GH\EBB_firmware\app.X\source\UBW.c
                  __pa_22   0x0081f6    program     static E:\c18v3.46\pic18-lt\cxx-framework\src\traditional\stdclib\vfprintf.c
                  __pa_22   0x0075e8    program     static C:\Projects\EggBot2-GH\EBB_firmware\Microchip\USB\usb_device.c
                  __pa_22   0x003754    program     static C:\Projects\EggBot2-GH\EBB_firmware\app.X\source\ebb.c
                  __pa_23   0x008202    program     static E:\c18v3.46\pic18-lt\cxx-framework\src\traditional\stdclib\vfprintf.c
                  __pa_23   0x003766    program     static C:\Projects\EggBot2-GH\EBB_firmware\app.X\source\ebb.c
                  __pa_23   0x006596    program     static C:\Projects\EggBot2-GH\EBB_firmware\app.X\source\UBW.c
                  __pa_23   0x0075f8    program     static C:\Projects\EggBot2-GH\EBB_firmware\Microchip\USB\usb_device.c
                  __pa_24   0x008210    program     static E:\c18v3.46\pic18-lt\cxx-framework\src\traditional\stdclib\vfprintf.c
                  __pa_24   0x007606    program     static C:\Projects\EggBot2-GH\EBB_firmware\Microchip\USB\usb_device.c
                  __pa_24   0x00376c    program     static C:\Projects\EggBot2-GH\EBB_firmware\app.X\source\ebb.c
                  __pa_24   0x0065a4    program     static C:\Projects\EggBot2-GH\EBB_firmware\app.X\source\UBW.c
                  __pa_25   0x008218    program     static E:\c18v3.46\pic18-lt\cxx-framework\src\traditional\stdclib\vfprintf.c
                  __pa_25   0x0065b0    program     static C:\Projects\EggBot2-GH\EBB_firmware\app.X\source\UBW.c
                  __pa_25   0x007614    program     static C:\Projects\EggBot2-GH\EBB_firmware\Microchip\USB\usb_device.c
                  __pa_25   0x003782    program     static C:\Projects\EggBot2-GH\EBB_firmware\app.X\source\ebb.c
                  __pa_26   0x008222    program     static E:\c18v3.46\pic18-lt\cxx-framework\src\traditional\stdclib\vfprintf.c
                  __pa_26   0x007622    program     static C:\Projects\EggBot2-GH\EBB_firmware\Microchip\USB\usb_device.c
                  __pa_26   0x0065b6    program     static C:\Projects\EggBot2-GH\EBB_firmware\app.X\source\UBW.c
                  __pa_26   0x003796    program     static C:\Projects\EggBot2-GH\EBB_firmware\app.X\source\ebb.c
                  __pa_27   0x00762c    program     static C:\Projects\EggBot2-GH\EBB_firmware\Microchip\USB\usb_device.c
                  __pa_27   0x00822c    program     static E:\c18v3.46\pic18-lt\cxx-framework\src\traditional\stdclib\vfprintf.c
                  __pa_27   0x0065c0    program     static C:\Projects\EggBot2-GH\EBB_firmware\app.X\source\UBW.c
                  __pa_27   0x0037a0    program     static C:\Projects\EggBot2-GH\EBB_firmware\app.X\source\ebb.c
                  __pa_28   0x0037ae    program     static C:\Projects\EggBot2-GH\EBB_firmware\app.X\source\ebb.c
                  __pa_28   0x0065ca    program     static C:\Projects\EggBot2-GH\EBB_firmware\app.X\source\UBW.c
                  __pa_28   0x008234    program     static E:\c18v3.46\pic18-lt\cxx-framework\src\traditional\stdclib\vfprintf.c
                  __pa_28   0x007644    program     static C:\Projects\EggBot2-GH\EBB_firmware\Microchip\USB\usb_device.c
                  __pa_29   0x0065d2    program     static C:\Projects\EggBot2-GH\EBB_firmware\app.X\source\UBW.c
                  __pa_29   0x0037bc    program     static C:\Projects\EggBot2-GH\EBB_firmware\app.X\source\ebb.c
                  __pa_29   0x008242    program     static E:\c18v3.46\pic18-lt\cxx-framework\src\traditional\stdclib\vfprintf.c
                  __pa_29   0x007650    program     static C:\Projects\EggBot2-GH\EBB_firmware\Microchip\USB\usb_device.c
                   __pa_3   0x00807c    program     static E:\c18v3.46\pic18-lt\cxx-framework\src\traditional\stdclib\vfprintf.c
                   __pa_3   0x009aca    program     static C:\Projects\EggBot2-GH\EBB_firmware\app.X\source\RCServo2.c
                   __pa_3   0x0035fa    program     static C:\Projects\EggBot2-GH\EBB_firmware\app.X\source\ebb.c
                   __pa_3   0x0096c2    program     static C:\Projects\EggBot2-GH\EBB_firmware\Microchip\USB\CDC Device Driver\usb_function_cdc.c
                   __pa_3   0x0064b2    program     static C:\Projects\EggBot2-GH\EBB_firmware\app.X\source\UBW.c
                   __pa_3   0x00930e    program     static E:\c18v3.46\pic18-lt\cxx-framework\src\traditional\stdclib\sqrt.c
                   __pa_3   0x0074ea    program     static C:\Projects\EggBot2-GH\EBB_firmware\Microchip\USB\usb_device.c
                   __pa_3   0x00a18a    program     static E:\c18v3.46\pic18-lt\cxx-framework\src\traditional\stdclib\PackMath.c
                  __pa_30   0x0065d8    program     static C:\Projects\EggBot2-GH\EBB_firmware\app.X\source\UBW.c
                  __pa_30   0x007664    program     static C:\Projects\EggBot2-GH\EBB_firmware\Microchip\USB\usb_device.c
                  __pa_30   0x0037d2    program     static C:\Projects\EggBot2-GH\EBB_firmware\app.X\source\ebb.c
                  __pa_30   0x00825e    program     static E:\c18v3.46\pic18-lt\cxx-framework\src\traditional\stdclib\vfprintf.c
                  __pa_31   0x007670    program     static C:\Projects\EggBot2-GH\EBB_firmware\Microchip\USB\usb_device.c
                  __pa_31   0x0037e8    program     static C:\Projects\EggBot2-GH\EBB_firmware\app.X\source\ebb.c
                  __pa_31   0x008278    program     static E:\c18v3.46\pic18-lt\cxx-framework\src\traditional\stdclib\vfprintf.c
                  __pa_31   0x0065e6    program     static C:\Projects\EggBot2-GH\EBB_firmware\app.X\source\UBW.c
                  __pa_32   0x003802    program     static C:\Projects\EggBot2-GH\EBB_firmware\app.X\source\ebb.c
                  __pa_32   0x0065f4    program     static C:\Projects\EggBot2-GH\EBB_firmware\app.X\source\UBW.c
                  __pa_32   0x008292    program     static E:\c18v3.46\pic18-lt\cxx-framework\src\traditional\stdclib\vfprintf.c
                  __pa_32   0x007682    program     static C:\Projects\EggBot2-GH\EBB_firmware\Microchip\USB\usb_device.c
                  __pa_33   0x0065fc    program     static C:\Projects\EggBot2-GH\EBB_firmware\app.X\source\UBW.c
                  __pa_33   0x0082aa    program     static E:\c18v3.46\pic18-lt\cxx-framework\src\traditional\stdclib\vfprintf.c
                  __pa_33   0x00381c    program     static C:\Projects\EggBot2-GH\EBB_firmware\app.X\source\ebb.c
                  __pa_33   0x007690    program     static C:\Projects\EggBot2-GH\EBB_firmware\Microchip\USB\usb_device.c
                  __pa_34   0x0082b4    program     static E:\c18v3.46\pic18-lt\cxx-framework\src\traditional\stdclib\vfprintf.c
                  __pa_34   0x006618    program     static C:\Projects\EggBot2-GH\EBB_firmware\app.X\source\UBW.c
                  __pa_34   0x003836    program     static C:\Projects\EggBot2-GH\EBB_firmware\app.X\source\ebb.c
                  __pa_34   0x0076a2    program     static C:\Projects\EggBot2-GH\EBB_firmware\Microchip\USB\usb_device.c
                  __pa_35   0x0082c2    program     static E:\c18v3.46\pic18-lt\cxx-framework\src\traditional\stdclib\vfprintf.c
                  __pa_35   0x006634    program     static C:\Projects\EggBot2-GH\EBB_firmware\app.X\source\UBW.c
                  __pa_35   0x0076ac    program     static C:\Projects\EggBot2-GH\EBB_firmware\Microchip\USB\usb_device.c
                  __pa_35   0x003852    program     static C:\Projects\EggBot2-GH\EBB_firmware\app.X\source\ebb.c
                  __pa_36   0x00386e    program     static C:\Projects\EggBot2-GH\EBB_firmware\app.X\source\ebb.c
                  __pa_36   0x0082ca    program     static E:\c18v3.46\pic18-lt\cxx-framework\src\traditional\stdclib\vfprintf.c
                  __pa_36   0x0076b6    program     static C:\Projects\EggBot2-GH\EBB_firmware\Microchip\USB\usb_device.c
                  __pa_36   0x00664e    program     static C:\Projects\EggBot2-GH\EBB_firmware\app.X\source\UBW.c
                  __pa_37   0x00387c    program     static C:\Projects\EggBot2-GH\EBB_firmware\app.X\source\ebb.c
                  __pa_37   0x0076bc    program     static C:\Projects\EggBot2-GH\EBB_firmware\Microchip\USB\usb_device.c
                  __pa_37   0x0082d4    program     static E:\c18v3.46\pic18-lt\cxx-framework\src\traditional\stdclib\vfprintf.c
                  __pa_37   0x00665a    program     static C:\Projects\EggBot2-GH\EBB_firmware\app.X\source\UBW.c
                  __pa_38   0x0076c4    program     static C:\Projects\EggBot2-GH\EBB_firmware\Microchip\USB\usb_device.c
                  __pa_38   0x0082e4    program     static E:\c18v3.46\pic18-lt\cxx-framework\src\traditional\stdclib\vfprintf.c
                  __pa_38   0x006664    program     static C:\Projects\EggBot2-GH\EBB_firmware\app.X\source\UBW.c
                  __pa_38   0x003898    program     static C:\Projects\EggBot2-GH\EBB_firmware\app.X\source\ebb.c
                  __pa_39   0x0082f2    program     static E:\c18v3.46\pic18-lt\cxx-framework\src\traditional\stdclib\vfprintf.c
                  __pa_39   0x006670    program     static C:\Projects\EggBot2-GH\EBB_firmware\app.X\source\UBW.c
                  __pa_39   0x0076ca    program     static C:\Projects\EggBot2-GH\EBB_firmware\Microchip\USB\usb_device.c
                  __pa_39   0x0038b8    program     static C:\Projects\EggBot2-GH\EBB_firmware\app.X\source\ebb.c
                   __pa_4   0x009320    program     static E:\c18v3.46\pic18-lt\cxx-framework\src\traditional\stdclib\sqrt.c
                   __pa_4   0x0064be    program     static C:\Projects\EggBot2-GH\EBB_firmware\app.X\source\UBW.c
                   __pa_4   0x0074f4    program     static C:\Projects\EggBot2-GH\EBB_firmware\Microchip\USB\usb_device.c
                   __pa_4   0x00a198    program     static E:\c18v3.46\pic18-lt\cxx-framework\src\traditional\stdclib\PackMath.c
                   __pa_4   0x0096d4    program     static C:\Projects\EggBot2-GH\EBB_firmware\Microchip\USB\CDC Device Driver\usb_function_cdc.c
                   __pa_4   0x003608    program     static C:\Projects\EggBot2-GH\EBB_firmware\app.X\source\ebb.c
                   __pa_4   0x008094    program     static E:\c18v3.46\pic18-lt\cxx-framework\src\traditional\stdclib\vfprintf.c
                   __pa_4   0x009ad6    program     static C:\Projects\EggBot2-GH\EBB_firmware\app.X\source\RCServo2.c
                  __pa_40   0x0076d8    program     static C:\Projects\EggBot2-GH\EBB_firmware\Microchip\USB\usb_device.c
                  __pa_40   0x0082fe    program     static E:\c18v3.46\pic18-lt\cxx-framework\src\traditional\stdclib\vfprintf.c
                  __pa_40   0x006678    program     static C:\Projects\EggBot2-GH\EBB_firmware\app.X\source\UBW.c
                  __pa_40   0x0038ce    program     static C:\Projects\EggBot2-GH\EBB_firmware\app.X\source\ebb.c
                  __pa_41   0x00668e    program     static C:\Projects\EggBot2-GH\EBB_firmware\app.X\source\UBW.c
                  __pa_41   0x00830a    program     static E:\c18v3.46\pic18-lt\cxx-framework\src\traditional\stdclib\vfprintf.c
                  __pa_41   0x0076e6    program     static C:\Projects\EggBot2-GH\EBB_firmware\Microchip\USB\usb_device.c
                  __pa_41   0x0038e0    program     static C:\Projects\EggBot2-GH\EBB_firmware\app.X\source\ebb.c
                  __pa_42   0x0038e6    program     static C:\Projects\EggBot2-GH\EBB_firmware\app.X\source\ebb.c
                  __pa_42   0x008312    program     static E:\c18v3.46\pic18-lt\cxx-framework\src\traditional\stdclib\vfprintf.c
                  __pa_42   0x00669c    program     static C:\Projects\EggBot2-GH\EBB_firmware\app.X\source\UBW.c
                  __pa_42   0x0076f0    program     static C:\Projects\EggBot2-GH\EBB_firmware\Microchip\USB\usb_device.c
                  __pa_43   0x0076fa    program     static C:\Projects\EggBot2-GH\EBB_firmware\Microchip\USB\usb_device.c
                  __pa_43   0x00831c    program     static E:\c18v3.46\pic18-lt\cxx-framework\src\traditional\stdclib\vfprintf.c
                  __pa_43   0x0066a6    program     static C:\Projects\EggBot2-GH\EBB_firmware\app.X\source\UBW.c
                  __pa_43   0x003904    program     static C:\Projects\EggBot2-GH\EBB_firmware\app.X\source\ebb.c
                  __pa_44   0x008322    program     static E:\c18v3.46\pic18-lt\cxx-framework\src\traditional\stdclib\vfprintf.c
                  __pa_44   0x003918    program     static C:\Projects\EggBot2-GH\EBB_firmware\app.X\source\ebb.c
                  __pa_44   0x007702    program     static C:\Projects\EggBot2-GH\EBB_firmware\Microchip\USB\usb_device.c
                  __pa_44   0x0066b8    program     static C:\Projects\EggBot2-GH\EBB_firmware\app.X\source\UBW.c
                  __pa_45   0x00770e    program     static C:\Projects\EggBot2-GH\EBB_firmware\Microchip\USB\usb_device.c
                  __pa_45   0x00832c    program     static E:\c18v3.46\pic18-lt\cxx-framework\src\traditional\stdclib\vfprintf.c
                  __pa_45   0x003932    program     static C:\Projects\EggBot2-GH\EBB_firmware\app.X\source\ebb.c
                  __pa_45   0x0066ca    program     static C:\Projects\EggBot2-GH\EBB_firmware\app.X\source\UBW.c
                  __pa_46   0x007718    program     static C:\Projects\EggBot2-GH\EBB_firmware\Microchip\USB\usb_device.c
                  __pa_46   0x00394c    program     static C:\Projects\EggBot2-GH\EBB_firmware\app.X\source\ebb.c
                  __pa_46   0x0066d6    program     static C:\Projects\EggBot2-GH\EBB_firmware\app.X\source\UBW.c
                  __pa_46   0x008338    program     static E:\c18v3.46\pic18-lt\cxx-framework\src\traditional\stdclib\vfprintf.c
                  __pa_47   0x003966    program     static C:\Projects\EggBot2-GH\EBB_firmware\app.X\source\ebb.c
                  __pa_47   0x0066e2    program     static C:\Projects\EggBot2-GH\EBB_firmware\app.X\source\UBW.c
                  __pa_48   0x003978    program     static C:\Projects\EggBot2-GH\EBB_firmware\app.X\source\ebb.c
                  __pa_48   0x0066ec    program     static C:\Projects\EggBot2-GH\EBB_firmware\app.X\source\UBW.c
                  __pa_49   0x003984    program     static C:\Projects\EggBot2-GH\EBB_firmware\app.X\source\ebb.c
                  __pa_49   0x0066f6    program     static C:\Projects\EggBot2-GH\EBB_firmware\app.X\source\UBW.c
                   __pa_5   0x00a1a0    program     static E:\c18v3.46\pic18-lt\cxx-framework\src\traditional\stdclib\PackMath.c
                   __pa_5   0x0064c6    program     static C:\Projects\EggBot2-GH\EBB_firmware\app.X\source\UBW.c
                   __pa_5   0x003620    program     static C:\Projects\EggBot2-GH\EBB_firmware\app.X\source\ebb.c
                   __pa_5   0x009332    program     static E:\c18v3.46\pic18-lt\cxx-framework\src\traditional\stdclib\sqrt.c
                   __pa_5   0x0096ee    program     static C:\Projects\EggBot2-GH\EBB_firmware\Microchip\USB\CDC Device Driver\usb_function_cdc.c
                   __pa_5   0x0080a8    program     static E:\c18v3.46\pic18-lt\cxx-framework\src\traditional\stdclib\vfprintf.c
                   __pa_5   0x007504    program     static C:\Projects\EggBot2-GH\EBB_firmware\Microchip\USB\usb_device.c
                   __pa_5   0x009ae2    program     static C:\Projects\EggBot2-GH\EBB_firmware\app.X\source\RCServo2.c
                  __pa_50   0x0039a4    program     static C:\Projects\EggBot2-GH\EBB_firmware\app.X\source\ebb.c
                  __pa_50   0x006700    program     static C:\Projects\EggBot2-GH\EBB_firmware\app.X\source\UBW.c
                  __pa_51   0x0039ba    program     static C:\Projects\EggBot2-GH\EBB_firmware\app.X\source\ebb.c
                  __pa_51   0x00670c    program     static C:\Projects\EggBot2-GH\EBB_firmware\app.X\source\UBW.c
                  __pa_52   0x0039c4    program     static C:\Projects\EggBot2-GH\EBB_firmware\app.X\source\ebb.c
                  __pa_52   0x006718    program     static C:\Projects\EggBot2-GH\EBB_firmware\app.X\source\UBW.c
                  __pa_53   0x0039e0    program     static C:\Projects\EggBot2-GH\EBB_firmware\app.X\source\ebb.c
                  __pa_53   0x006726    program     static C:\Projects\EggBot2-GH\EBB_firmware\app.X\source\UBW.c
                  __pa_54   0x0039ec    program     static C:\Projects\EggBot2-GH\EBB_firmware\app.X\source\ebb.c
                  __pa_54   0x006734    program     static C:\Projects\EggBot2-GH\EBB_firmware\app.X\source\UBW.c
                  __pa_55   0x0039f6    program     static C:\Projects\EggBot2-GH\EBB_firmware\app.X\source\ebb.c
                  __pa_55   0x006742    program     static C:\Projects\EggBot2-GH\EBB_firmware\app.X\source\UBW.c
                  __pa_56   0x006750    program     static C:\Projects\EggBot2-GH\EBB_firmware\app.X\source\UBW.c
                  __pa_56   0x003a0c    program     static C:\Projects\EggBot2-GH\EBB_firmware\app.X\source\ebb.c
                  __pa_57   0x00675e    program     static C:\Projects\EggBot2-GH\EBB_firmware\app.X\source\UBW.c
                  __pa_57   0x003a26    program     static C:\Projects\EggBot2-GH\EBB_firmware\app.X\source\ebb.c
                  __pa_58   0x003a44    program     static C:\Projects\EggBot2-GH\EBB_firmware\app.X\source\ebb.c
                  __pa_58   0x006768    program     static C:\Projects\EggBot2-GH\EBB_firmware\app.X\source\UBW.c
                  __pa_59   0x003a62    program     static C:\Projects\EggBot2-GH\EBB_firmware\app.X\source\ebb.c
                  __pa_59   0x006772    program     static C:\Projects\EggBot2-GH\EBB_firmware\app.X\source\UBW.c
                   __pa_6   0x003632    program     static C:\Projects\EggBot2-GH\EBB_firmware\app.X\source\ebb.c
                   __pa_6   0x0096fc    program     static C:\Projects\EggBot2-GH\EBB_firmware\Microchip\USB\CDC Device Driver\usb_function_cdc.c
                   __pa_6   0x00750e    program     static C:\Projects\EggBot2-GH\EBB_firmware\Microchip\USB\usb_device.c
                   __pa_6   0x0080c4    program     static E:\c18v3.46\pic18-lt\cxx-framework\src\traditional\stdclib\vfprintf.c
                   __pa_6   0x00a1a8    program     static E:\c18v3.46\pic18-lt\cxx-framework\src\traditional\stdclib\PackMath.c
                   __pa_6   0x0064d0    program     static C:\Projects\EggBot2-GH\EBB_firmware\app.X\source\UBW.c
                   __pa_6   0x009344    program     static E:\c18v3.46\pic18-lt\cxx-framework\src\traditional\stdclib\sqrt.c
                   __pa_6   0x009aee    program     static C:\Projects\EggBot2-GH\EBB_firmware\app.X\source\RCServo2.c
                  __pa_60   0x00677e    program     static C:\Projects\EggBot2-GH\EBB_firmware\app.X\source\UBW.c
                  __pa_60   0x003a7a    program     static C:\Projects\EggBot2-GH\EBB_firmware\app.X\source\ebb.c
                  __pa_61   0x003a82    program     static C:\Projects\EggBot2-GH\EBB_firmware\app.X\source\ebb.c
                  __pa_61   0x006784    program     static C:\Projects\EggBot2-GH\EBB_firmware\app.X\source\UBW.c
                  __pa_62   0x003a92    program     static C:\Projects\EggBot2-GH\EBB_firmware\app.X\source\ebb.c
                  __pa_62   0x00678e    program     static C:\Projects\EggBot2-GH\EBB_firmware\app.X\source\UBW.c
                  __pa_63   0x003aa4    program     static C:\Projects\EggBot2-GH\EBB_firmware\app.X\source\ebb.c
                  __pa_63   0x006794    program     static C:\Projects\EggBot2-GH\EBB_firmware\app.X\source\UBW.c
                  __pa_64   0x00679e    program     static C:\Projects\EggBot2-GH\EBB_firmware\app.X\source\UBW.c
                  __pa_64   0x003ab2    program     static C:\Projects\EggBot2-GH\EBB_firmware\app.X\source\ebb.c
                  __pa_65   0x003ac0    program     static C:\Projects\EggBot2-GH\EBB_firmware\app.X\source\ebb.c
                  __pa_65   0x0067a4    program     static C:\Projects\EggBot2-GH\EBB_firmware\app.X\source\UBW.c
                  __pa_66   0x003acc    program     static C:\Projects\EggBot2-GH\EBB_firmware\app.X\source\ebb.c
                  __pa_66   0x0067ae    program     static C:\Projects\EggBot2-GH\EBB_firmware\app.X\source\UBW.c
                  __pa_67   0x003ad8    program     static C:\Projects\EggBot2-GH\EBB_firmware\app.X\source\ebb.c
                  __pa_67   0x0067b6    program     static C:\Projects\EggBot2-GH\EBB_firmware\app.X\source\UBW.c
                  __pa_68   0x003af4    program     static C:\Projects\EggBot2-GH\EBB_firmware\app.X\source\ebb.c
                  __pa_68   0x0067ba    program     static C:\Projects\EggBot2-GH\EBB_firmware\app.X\source\UBW.c
                  __pa_69   0x003b10    program     static C:\Projects\EggBot2-GH\EBB_firmware\app.X\source\ebb.c
                  __pa_69   0x0067c4    program     static C:\Projects\EggBot2-GH\EBB_firmware\app.X\source\UBW.c
                   __pa_7   0x007518    program     static C:\Projects\EggBot2-GH\EBB_firmware\Microchip\USB\usb_device.c
                   __pa_7   0x009af6    program     static C:\Projects\EggBot2-GH\EBB_firmware\app.X\source\RCServo2.c
                   __pa_7   0x009352    program     static E:\c18v3.46\pic18-lt\cxx-framework\src\traditional\stdclib\sqrt.c
                   __pa_7   0x0080ce    program     static E:\c18v3.46\pic18-lt\cxx-framework\src\traditional\stdclib\vfprintf.c
                   __pa_7   0x0064da    program     static C:\Projects\EggBot2-GH\EBB_firmware\app.X\source\UBW.c
                   __pa_7   0x003640    program     static C:\Projects\EggBot2-GH\EBB_firmware\app.X\source\ebb.c
                   __pa_7   0x00970a    program     static C:\Projects\EggBot2-GH\EBB_firmware\Microchip\USB\CDC Device Driver\usb_function_cdc.c
                  __pa_70   0x003b2c    program     static C:\Projects\EggBot2-GH\EBB_firmware\app.X\source\ebb.c
                  __pa_70   0x0067ca    program     static C:\Projects\EggBot2-GH\EBB_firmware\app.X\source\UBW.c
                  __pa_71   0x003b42    program     static C:\Projects\EggBot2-GH\EBB_firmware\app.X\source\ebb.c
                  __pa_71   0x0067d6    program     static C:\Projects\EggBot2-GH\EBB_firmware\app.X\source\UBW.c
                  __pa_72   0x003b4e    program     static C:\Projects\EggBot2-GH\EBB_firmware\app.X\source\ebb.c
                  __pa_72   0x0067e0    program     static C:\Projects\EggBot2-GH\EBB_firmware\app.X\source\UBW.c
                  __pa_73   0x003b68    program     static C:\Projects\EggBot2-GH\EBB_firmware\app.X\source\ebb.c
                  __pa_73   0x0067ec    program     static C:\Projects\EggBot2-GH\EBB_firmware\app.X\source\UBW.c
                  __pa_74   0x003b82    program     static C:\Projects\EggBot2-GH\EBB_firmware\app.X\source\ebb.c
                  __pa_74   0x0067f4    program     static C:\Projects\EggBot2-GH\EBB_firmware\app.X\source\UBW.c
                  __pa_75   0x006800    program     static C:\Projects\EggBot2-GH\EBB_firmware\app.X\source\UBW.c
                  __pa_75   0x003b9c    program     static C:\Projects\EggBot2-GH\EBB_firmware\app.X\source\ebb.c
                  __pa_76   0x00680a    program     static C:\Projects\EggBot2-GH\EBB_firmware\app.X\source\UBW.c
                  __pa_76   0x003bb6    program     static C:\Projects\EggBot2-GH\EBB_firmware\app.X\source\ebb.c
                  __pa_77   0x003bd0    program     static C:\Projects\EggBot2-GH\EBB_firmware\app.X\source\ebb.c
                  __pa_77   0x006812    program     static C:\Projects\EggBot2-GH\EBB_firmware\app.X\source\UBW.c
                  __pa_78   0x006820    program     static C:\Projects\EggBot2-GH\EBB_firmware\app.X\source\UBW.c
[...]
                    RCSTA   0x000fac       data     extern E:\c18v3.46\pic18-lt\cxx-framework\src\traditional\proc\p18f46j50.asm
                   RCSTA1   0x000fac       data     extern E:\c18v3.46\pic18-lt\cxx-framework\src\traditional\proc\p18f46j50.asm
                RCSTAbits   0x000fac       data     extern E:\c18v3.46\pic18-lt\cxx-framework\src\traditional\proc\p18f46j50.asm
               RCSTA1bits   0x000fac       data     extern E:\c18v3.46\pic18-lt\cxx-framework\src\traditional\proc\p18f46j50.asm
                    TXSTA   0x000fad       data     extern E:\c18v3.46\pic18-lt\cxx-framework\src\traditional\proc\p18f46j50.asm
               TXSTA1bits   0x000fad       data     extern E:\c18v3.46\pic18-lt\cxx-framework\src\traditional\proc\p18f46j50.asm
                   TXSTA1   0x000fad       data     extern E:\c18v3.46\pic18-lt\cxx-framework\src\traditional\proc\p18f46j50.asm
                TXSTAbits   0x000fad       data     extern E:\c18v3.46\pic18-lt\cxx-framework\src\traditional\proc\p18f46j50.asm
                   TXREG1   0x000fae       data     extern E:\c18v3.46\pic18-lt\cxx-framework\src\traditional\proc\p18f46j50.asm
                    TXREG   0x000fae       data     extern E:\c18v3.46\pic18-lt\cxx-framework\src\traditional\proc\p18f46j50.asm
                    RCREG   0x000faf       data     extern E:\c18v3.46\pic18-lt\cxx-framework\src\traditional\proc\p18f46j50.asm
                   RCREG1   0x000faf       data     extern E:\c18v3.46\pic18-lt\cxx-framework\src\traditional\proc\p18f46j50.asm
                   SPBRG1   0x000fb0       data     extern E:\c18v3.46\pic18-lt\cxx-framework\src\traditional\proc\p18f46j50.asm
                    SPBRG   0x000fb0       data     extern E:\c18v3.46\pic18-lt\cxx-framework\src\traditional\proc\p18f46j50.asm
             CTMUICONbits   0x000fb1       data     extern E:\c18v3.46\pic18-lt\cxx-framework\src\traditional\proc\p18f46j50.asm
                 CTMUICON   0x000fb1       data     extern E:\c18v3.46\pic18-lt\cxx-framework\src\traditional\proc\p18f46j50.asm
             CTMUCONLbits   0x000fb2       data     extern E:\c18v3.46\pic18-lt\cxx-framework\src\traditional\proc\p18f46j50.asm
                 CTMUCONL   0x000fb2       data     extern E:\c18v3.46\pic18-lt\cxx-framework\src\traditional\proc\p18f46j50.asm
             CTMUCONHbits   0x000fb3       data     extern E:\c18v3.46\pic18-lt\cxx-framework\src\traditional\proc\p18f46j50.asm
                 CTMUCONH   0x000fb3       data     extern E:\c18v3.46\pic18-lt\cxx-framework\src\traditional\proc\p18f46j50.asm
                 ECCP2CON   0x000fb4       data     extern E:\c18v3.46\pic18-lt\cxx-framework\src\traditional\proc\p18f46j50.asm
             ECCP2CONbits   0x000fb4       data     extern E:\c18v3.46\pic18-lt\cxx-framework\src\traditional\proc\p18f46j50.asm
              CCP2CONbits   0x000fb4       data     extern E:\c18v3.46\pic18-lt\cxx-framework\src\traditional\proc\p18f46j50.asm
                  CCP2CON   0x000fb4       data     extern E:\c18v3.46\pic18-lt\cxx-framework\src\traditional\proc\p18f46j50.asm
                    CCPR2   0x000fb5       data     extern E:\c18v3.46\pic18-lt\cxx-framework\src\traditional\proc\p18f46j50.asm
                   CCPR2L   0x000fb5       data     extern E:\c18v3.46\pic18-lt\cxx-framework\src\traditional\proc\p18f46j50.asm
                   CCPR2H   0x000fb6       data     extern E:\c18v3.46\pic18-lt\cxx-framework\src\traditional\proc\p18f46j50.asm
             ECCP2DELbits   0x000fb7       data     extern E:\c18v3.46\pic18-lt\cxx-framework\src\traditional\proc\p18f46j50.asm
                 ECCP2DEL   0x000fb7       data     extern E:\c18v3.46\pic18-lt\cxx-framework\src\traditional\proc\p18f46j50.asm
                  PWM2CON   0x000fb7       data     extern E:\c18v3.46\pic18-lt\cxx-framework\src\traditional\proc\p18f46j50.asm
              PWM2CONbits   0x000fb7       data     extern E:\c18v3.46\pic18-lt\cxx-framework\src\traditional\proc\p18f46j50.asm
                  ECCP2AS   0x000fb8       data     extern E:\c18v3.46\pic18-lt\cxx-framework\src\traditional\proc\p18f46j50.asm
              ECCP2ASbits   0x000fb8       data     extern E:\c18v3.46\pic18-lt\cxx-framework\src\traditional\proc\p18f46j50.asm
                 PSTR2CON   0x000fb9       data     extern E:\c18v3.46\pic18-lt\cxx-framework\src\traditional\proc\p18f46j50.asm
             PSTR2CONbits   0x000fb9       data     extern E:\c18v3.46\pic18-lt\cxx-framework\src\traditional\proc\p18f46j50.asm
              CCP1CONbits   0x000fba       data     extern E:\c18v3.46\pic18-lt\cxx-framework\src\traditional\proc\p18f46j50.asm
                  CCP1CON   0x000fba       data     extern E:\c18v3.46\pic18-lt\cxx-framework\src\traditional\proc\p18f46j50.asm
             ECCP1CONbits   0x000fba       data     extern E:\c18v3.46\pic18-lt\cxx-framework\src\traditional\proc\p18f46j50.asm
                 ECCP1CON   0x000fba       data     extern E:\c18v3.46\pic18-lt\cxx-framework\src\traditional\proc\p18f46j50.asm
                   CCPR1L   0x000fbb       data     extern E:\c18v3.46\pic18-lt\cxx-framework\src\traditional\proc\p18f46j50.asm
                    CCPR1   0x000fbb       data     extern E:\c18v3.46\pic18-lt\cxx-framework\src\traditional\proc\p18f46j50.asm
                   CCPR1H   0x000fbc       data     extern E:\c18v3.46\pic18-lt\cxx-framework\src\traditional\proc\p18f46j50.asm
             ECCP1DELbits   0x000fbd       data     extern E:\c18v3.46\pic18-lt\cxx-framework\src\traditional\proc\p18f46j50.asm
                 ECCP1DEL   0x000fbd       data     extern E:\c18v3.46\pic18-lt\cxx-framework\src\traditional\proc\p18f46j50.asm
                  PWM1CON   0x000fbd       data     extern E:\c18v3.46\pic18-lt\cxx-framework\src\traditional\proc\p18f46j50.asm
              PWM1CONbits   0x000fbd       data     extern E:\c18v3.46\pic18-lt\cxx-framework\src\traditional\proc\p18f46j50.asm
              ECCP1ASbits   0x000fbe       data     extern E:\c18v3.46\pic18-lt\cxx-framework\src\traditional\proc\p18f46j50.asm
                  ECCP1AS   0x000fbe       data     extern E:\c18v3.46\pic18-lt\cxx-framework\src\traditional\proc\p18f46j50.asm
             PSTR1CONbits   0x000fbf       data     extern E:\c18v3.46\pic18-lt\cxx-framework\src\traditional\proc\p18f46j50.asm
                 PSTR1CON   0x000fbf       data     extern E:\c18v3.46\pic18-lt\cxx-framework\src\traditional\proc\p18f46j50.asm
                   WDTCON   0x000fc0       data     extern E:\c18v3.46\pic18-lt\cxx-framework\src\traditional\proc\p18f46j50.asm
               WDTCONbits   0x000fc0       data     extern E:\c18v3.46\pic18-lt\cxx-framework\src\traditional\proc\p18f46j50.asm
               ADCON1bits   0x000fc1       data     extern E:\c18v3.46\pic18-lt\cxx-framework\src\traditional\proc\p18f46j50.asm
                   ADCON1   0x000fc1       data     extern E:\c18v3.46\pic18-lt\cxx-framework\src\traditional\proc\p18f46j50.asm
               ADCON0bits   0x000fc2       data     extern E:\c18v3.46\pic18-lt\cxx-framework\src\traditional\proc\p18f46j50.asm
                   ADCON0   0x000fc2       data     extern E:\c18v3.46\pic18-lt\cxx-framework\src\traditional\proc\p18f46j50.asm
                    ADRES   0x000fc3       data     extern E:\c18v3.46\pic18-lt\cxx-framework\src\traditional\proc\p18f46j50.asm
                   ADRESL   0x000fc3       data     extern E:\c18v3.46\pic18-lt\cxx-framework\src\traditional\proc\p18f46j50.asm
                   ADRESH   0x000fc4       data     extern E:\c18v3.46\pic18-lt\cxx-framework\src\traditional\proc\p18f46j50.asm
              SSPCON2bits   0x000fc5       data     extern E:\c18v3.46\pic18-lt\cxx-framework\src\traditional\proc\p18f46j50.asm
                  SSPCON2   0x000fc5       data     extern E:\c18v3.46\pic18-lt\cxx-framework\src\traditional\proc\p18f46j50.asm
             SSP1CON2bits   0x000fc5       data     extern E:\c18v3.46\pic18-lt\cxx-framework\src\traditional\proc\p18f46j50.asm
                 SSP1CON2   0x000fc5       data     extern E:\c18v3.46\pic18-lt\cxx-framework\src\traditional\proc\p18f46j50.asm
              SSPCON1bits   0x000fc6       data     extern E:\c18v3.46\pic18-lt\cxx-framework\src\traditional\proc\p18f46j50.asm
                  SSPCON1   0x000fc6       data     extern E:\c18v3.46\pic18-lt\cxx-framework\src\traditional\proc\p18f46j50.asm
             SSP1CON1bits   0x000fc6       data     extern E:\c18v3.46\pic18-lt\cxx-framework\src\traditional\proc\p18f46j50.asm
                 SSP1CON1   0x000fc6       data     extern E:\c18v3.46\pic18-lt\cxx-framework\src\traditional\proc\p18f46j50.asm
              SSPSTATbits   0x000fc7       data     extern E:\c18v3.46\pic18-lt\cxx-framework\src\traditional\proc\p18f46j50.asm
                  SSPSTAT   0x000fc7       data     extern E:\c18v3.46\pic18-lt\cxx-framework\src\traditional\proc\p18f46j50.asm
             SSP1STATbits   0x000fc7       data     extern E:\c18v3.46\pic18-lt\cxx-framework\src\traditional\proc\p18f46j50.asm
                 SSP1STAT   0x000fc7       data     extern E:\c18v3.46\pic18-lt\cxx-framework\src\traditional\proc\p18f46j50.asm
               SSPADDbits   0x000fc8       data     extern E:\c18v3.46\pic18-lt\cxx-framework\src\traditional\proc\p18f46j50.asm
                   SSPADD   0x000fc8       data     extern E:\c18v3.46\pic18-lt\cxx-framework\src\traditional\proc\p18f46j50.asm
              SSP1ADDbits   0x000fc8       data     extern E:\c18v3.46\pic18-lt\cxx-framework\src\traditional\proc\p18f46j50.asm
                  SSP1ADD   0x000fc8       data     extern E:\c18v3.46\pic18-lt\cxx-framework\src\traditional\proc\p18f46j50.asm
                  SSP1BUF   0x000fc9       data     extern E:\c18v3.46\pic18-lt\cxx-framework\src\traditional\proc\p18f46j50.asm
                   SSPBUF   0x000fc9       data     extern E:\c18v3.46\pic18-lt\cxx-framework\src\traditional\proc\p18f46j50.asm
                T2CONbits   0x000fca       data     extern E:\c18v3.46\pic18-lt\cxx-framework\src\traditional\proc\p18f46j50.asm
                    T2CON   0x000fca       data     extern E:\c18v3.46\pic18-lt\cxx-framework\src\traditional\proc\p18f46j50.asm
                      PR2   0x000fcb       data     extern E:\c18v3.46\pic18-lt\cxx-framework\src\traditional\proc\p18f46j50.asm
                     TMR2   0x000fcc       data     extern E:\c18v3.46\pic18-lt\cxx-framework\src\traditional\proc\p18f46j50.asm
                    T1CON   0x000fcd       data     extern E:\c18v3.46\pic18-lt\cxx-framework\src\traditional\proc\p18f46j50.asm
                T1CONbits   0x000fcd       data     extern E:\c18v3.46\pic18-lt\cxx-framework\src\traditional\proc\p18f46j50.asm
                    TMR1L   0x000fce       data     extern E:\c18v3.46\pic18-lt\cxx-framework\src\traditional\proc\p18f46j50.asm
                    TMR1H   0x000fcf       data     extern E:\c18v3.46\pic18-lt\cxx-framework\src\traditional\proc\p18f46j50.asm
                     RCON   0x000fd0       data     extern E:\c18v3.46\pic18-lt\cxx-framework\src\traditional\proc\p18f46j50.asm
                 RCONbits   0x000fd0       data     extern E:\c18v3.46\pic18-lt\cxx-framework\src\traditional\proc\p18f46j50.asm
              CM2CON1bits   0x000fd1       data     extern E:\c18v3.46\pic18-lt\cxx-framework\src\traditional\proc\p18f46j50.asm
                  CM2CON1   0x000fd1       data     extern E:\c18v3.46\pic18-lt\cxx-framework\src\traditional\proc\p18f46j50.asm
                   CM2CON   0x000fd1       data     extern E:\c18v3.46\pic18-lt\cxx-framework\src\traditional\proc\p18f46j50.asm
               CM2CONbits   0x000fd1       data     extern E:\c18v3.46\pic18-lt\cxx-framework\src\traditional\proc\p18f46j50.asm
               CM1CONbits   0x000fd2       data     extern E:\c18v3.46\pic18-lt\cxx-framework\src\traditional\proc\p18f46j50.asm
                   CM1CON   0x000fd2       data     extern E:\c18v3.46\pic18-lt\cxx-framework\src\traditional\proc\p18f46j50.asm
                  CM1CON1   0x000fd2       data     extern E:\c18v3.46\pic18-lt\cxx-framework\src\traditional\proc\p18f46j50.asm
              CM1CON1bits   0x000fd2       data     extern E:\c18v3.46\pic18-lt\cxx-framework\src\traditional\proc\p18f46j50.asm
               OSCCONbits   0x000fd3       data     extern E:\c18v3.46\pic18-lt\cxx-framework\src\traditional\proc\p18f46j50.asm
                   OSCCON   0x000fd3       data     extern E:\c18v3.46\pic18-lt\cxx-framework\src\traditional\proc\p18f46j50.asm
                    T0CON   0x000fd5       data     extern E:\c18v3.46\pic18-lt\cxx-framework\src\traditional\proc\p18f46j50.asm
                T0CONbits   0x000fd5       data     extern E:\c18v3.46\pic18-lt\cxx-framework\src\traditional\proc\p18f46j50.asm
                    TMR0L   0x000fd6       data     extern E:\c18v3.46\pic18-lt\cxx-framework\src\traditional\proc\p18f46j50.asm
                    TMR0H   0x000fd7       data     extern E:\c18v3.46\pic18-lt\cxx-framework\src\traditional\proc\p18f46j50.asm
                   STATUS   0x000fd8       data     extern E:\c18v3.46\pic18-lt\cxx-framework\src\traditional\proc\p18f46j50.asm
               STATUSbits   0x000fd8       data     extern E:\c18v3.46\pic18-lt\cxx-framework\src\traditional\proc\p18f46j50.asm
                    FSR2L   0x000fd9       data     extern E:\c18v3.46\pic18-lt\cxx-framework\src\traditional\proc\p18f46j50.asm
                     FSR2   0x000fd9       data     extern E:\c18v3.46\pic18-lt\cxx-framework\src\traditional\proc\p18f46j50.asm
                    FSR2H   0x000fda       data     extern E:\c18v3.46\pic18-lt\cxx-framework\src\traditional\proc\p18f46j50.asm
                   PLUSW2   0x000fdb       data     extern E:\c18v3.46\pic18-lt\cxx-framework\src\traditional\proc\p18f46j50.asm
                  PREINC2   0x000fdc       data     extern E:\c18v3.46\pic18-lt\cxx-framework\src\traditional\proc\p18f46j50.asm
                 POSTDEC2   0x000fdd       data     extern E:\c18v3.46\pic18-lt\cxx-framework\src\traditional\proc\p18f46j50.asm
                 POSTINC2   0x000fde       data     extern E:\c18v3.46\pic18-lt\cxx-framework\src\traditional\proc\p18f46j50.asm
                    INDF2   0x000fdf       data     extern E:\c18v3.46\pic18-lt\cxx-framework\src\traditional\proc\p18f46j50.asm
                      BSR   0x000fe0       data     extern E:\c18v3.46\pic18-lt\cxx-framework\src\traditional\proc\p18f46j50.asm
                     FSR1   0x000fe1       data     extern E:\c18v3.46\pic18-lt\cxx-framework\src\traditional\proc\p18f46j50.asm
                    FSR1L   0x000fe1       data     extern E:\c18v3.46\pic18-lt\cxx-framework\src\traditional\proc\p18f46j50.asm
                    FSR1H   0x000fe2       data     extern E:\c18v3.46\pic18-lt\cxx-framework\src\traditional\proc\p18f46j50.asm
                   PLUSW1   0x000fe3       data     extern E:\c18v3.46\pic18-lt\cxx-framework\src\traditional\proc\p18f46j50.asm
                  PREINC1   0x000fe4       data     extern E:\c18v3.46\pic18-lt\cxx-framework\src\traditional\proc\p18f46j50.asm
                 POSTDEC1   0x000fe5       data     extern E:\c18v3.46\pic18-lt\cxx-framework\src\traditional\proc\p18f46j50.asm
                 POSTINC1   0x000fe6       data     extern E:\c18v3.46\pic18-lt\cxx-framework\src\traditional\proc\p18f46j50.asm
                    INDF1   0x000fe7       data     extern E:\c18v3.46\pic18-lt\cxx-framework\src\traditional\proc\p18f46j50.asm
                     WREG   0x000fe8       data     extern E:\c18v3.46\pic18-lt\cxx-framework\src\traditional\proc\p18f46j50.asm
                    FSR0L   0x000fe9       data     extern E:\c18v3.46\pic18-lt\cxx-framework\src\traditional\proc\p18f46j50.asm
                     FSR0   0x000fe9       data     extern E:\c18v3.46\pic18-lt\cxx-framework\src\traditional\proc\p18f46j50.asm
                    FSR0H   0x000fea       data     extern E:\c18v3.46\pic18-lt\cxx-framework\src\traditional\proc\p18f46j50.asm
                   PLUSW0   0x000feb       data     extern E:\c18v3.46\pic18-lt\cxx-framework\src\traditional\proc\p18f46j50.asm
                  PREINC0   0x000fec       data     extern E:\c18v3.46\pic18-lt\cxx-framework\src\traditional\proc\p18f46j50.asm
                 POSTDEC0   0x000fed       data     extern E:\c18v3.46\pic18-lt\cxx-framework\src\traditional\proc\p18f46j50.asm
                 POSTINC0   0x000fee       data     extern E:\c18v3.46\pic18-lt\cxx-framework\src\traditional\proc\p18f46j50.asm
                    INDF0   0x000fef       data     extern E:\c18v3.46\pic18-lt\cxx-framework\src\traditional\proc\p18f46j50.asm
              INTCON3bits   0x000ff0       data     extern E:\c18v3.46\pic18-lt\cxx-framework\src\traditional\proc\p18f46j50.asm
                  INTCON3   0x000ff0       data     extern E:\c18v3.46\pic18-lt\cxx-framework\src\traditional\proc\p18f46j50.asm
              INTCON2bits   0x000ff1       data     extern E:\c18v3.46\pic18-lt\cxx-framework\src\traditional\proc\p18f46j50.asm
                  INTCON2   0x000ff1       data     extern E:\c18v3.46\pic18-lt\cxx-framework\src\traditional\proc\p18f46j50.asm
               INTCONbits   0x000ff2       data     extern E:\c18v3.46\pic18-lt\cxx-framework\src\traditional\proc\p18f46j50.asm
                   INTCON   0x000ff2       data     extern E:\c18v3.46\pic18-lt\cxx-framework\src\traditional\proc\p18f46j50.asm
                    PRODL   0x000ff3       data     extern E:\c18v3.46\pic18-lt\cxx-framework\src\traditional\proc\p18f46j50.asm
                     PROD   0x000ff3       data     extern E:\c18v3.46\pic18-lt\cxx-framework\src\traditional\proc\p18f46j50.asm
                    PRODH   0x000ff4       data     extern E:\c18v3.46\pic18-lt\cxx-framework\src\traditional\proc\p18f46j50.asm
                   TABLAT   0x000ff5       data     extern E:\c18v3.46\pic18-lt\cxx-framework\src\traditional\proc\p18f46j50.asm
                  TBLPTRL   0x000ff6       data     extern E:\c18v3.46\pic18-lt\cxx-framework\src\traditional\proc\p18f46j50.asm
                   TBLPTR   0x000ff6       data     extern E:\c18v3.46\pic18-lt\cxx-framework\src\traditional\proc\p18f46j50.asm
                  TBLPTRH   0x000ff7       data     extern E:\c18v3.46\pic18-lt\cxx-framework\src\traditional\proc\p18f46j50.asm
                  TBLPTRU   0x000ff8       data     extern E:\c18v3.46\pic18-lt\cxx-framework\src\traditional\proc\p18f46j50.asm
                       PC   0x000ff9       data     extern E:\c18v3.46\pic18-lt\cxx-framework\src\traditional\proc\p18f46j50.asm
                      PCL   0x000ff9       data     extern E:\c18v3.46\pic18-lt\cxx-framework\src\traditional\proc\p18f46j50.asm
                   PCLATH   0x000ffa       data     extern E:\c18v3.46\pic18-lt\cxx-framework\src\traditional\proc\p18f46j50.asm
                   PCLATU   0x000ffb       data     extern E:\c18v3.46\pic18-lt\cxx-framework\src\traditional\proc\p18f46j50.asm
               STKPTRbits   0x000ffc       data     extern E:\c18v3.46\pic18-lt\cxx-framework\src\traditional\proc\p18f46j50.asm
                   STKPTR   0x000ffc       data     extern E:\c18v3.46\pic18-lt\cxx-framework\src\traditional\proc\p18f46j50.asm
                     TOSL   0x000ffd       data     extern E:\c18v3.46\pic18-lt\cxx-framework\src\traditional\proc\p18f46j50.asm
                      TOS   0x000ffd       data     extern E:\c18v3.46\pic18-lt\cxx-framework\src\traditional\proc\p18f46j50.asm
                     TOSH   0x000ffe       data     extern E:\c18v3.46\pic18-lt\cxx-framework\src\traditional\proc\p18f46j50.asm
                     TOSU   0x000fff       data     extern E:\c18v3.46\pic18-lt\cxx-framework\src\traditional\proc\p18f46j50.asm


