MPLINK 5.00, LINKER
Linker Map File - Created Fri Nov 29 22:03:39 2019

                                 Section Info
                  Section       Type    Address   Location Size(Bytes)
                ---------  ---------  ---------  ---------  ---------
    REMAPPED_RESET_VECTOR       code   0x001000    program   0x000006
REMAPPED_HIGH_INTERRUPT_VECTOR       code   0x001008    program   0x000006
REMAPPED_LOW_INTERRUPT_VECTOR       code   0x001018    program   0x000006
                   .cinit    romdata   0x00102a    program   0x000032
      .romdata_ebb_demo.o    romdata   0x00105c    program   0x00388c
              .code_ebb.o       code   0x0048e8    program   0x002dc6
              .code_UBW.o       code   0x0076ae    program   0x002730
       .code_usb_device.o       code   0x009dde    program   0x000da4
         .code_vfprintf.o       code   0x00ab82    program   0x000c22
                     PROG       code   0x00b7a4    program   0x0005ea
             .stringtable    romdata   0x00bd8e    program   0x0005e8
             .code_sqrt.o       code   0x00c376    program   0x000442
 .code_usb_function_cdc.o       code   0x00c7b8    program   0x0003fc
         .code_RCServo2.o       code   0x00cbb4    program   0x00034a
  .code_WriteBytesFlash.o       code   0x00cefe    program   0x0001de
             .code_main.o       code   0x00d0dc    program   0x000148
            .code_ldexp.o       code   0x00d224    program   0x000138
         .code_UnpkMath.o       code   0x00d35c    program   0x00011c
         .code_PackMath.o       code   0x00d478    program   0x00011a
       .code_EraseFlash.o       code   0x00d592    program   0x0000f8
               _cinit_scn       code   0x00d68a    program   0x00009e
                   STRING       code   0x00d728    program   0x00009a
           .code_printf.o       code   0x00d7c2    program   0x000098
        .code_ReadFlash.o       code   0x00d85a    program   0x000092
             .code_putc.o       code   0x00d8ec    program   0x000084
          .code_fxm3232.o       code   0x00d970    program   0x000070
.romdata_usb_descriptors.o    romdata   0x00d9e0    program   0x000057
      .idata_UnpkMath.o_i    romdata   0x00da37    program   0x000000
        .idata_printf.o_i    romdata   0x00da37    program   0x000000
       .romdata_pow2x16.o    romdata   0x00da37    program   0x000000
         .idata_ldexp.o_i    romdata   0x00da37    program   0x000000
          .romdata_sqrt.o    romdata   0x00da37    program   0x000000
        .romdata___init.o    romdata   0x00da37    program   0x000000
      .idata_PackMath.o_i    romdata   0x00da37    program   0x000000
         .romdata_errno.o    romdata   0x00da37    program   0x000000
     .romdata_ReadFlash.o    romdata   0x00da37    program   0x000000
       .romdata_fxm3232.o    romdata   0x00da37    program   0x000000
      .idata_fxd1616u.o_i    romdata   0x00da37    program   0x000000
         .idata_c018i.o_i    romdata   0x00da37    program   0x000000
.romdata_usb_function_cdc.o    romdata   0x00da37    program   0x000000
    .idata_usb_device.o_i    romdata   0x00da37    program   0x000000
    .romdata_EraseFlash.o    romdata   0x00da37    program   0x000000
           .code_stdout.o       code   0x00da38    program   0x000000
                    CTYPE       code   0x00da38    program   0x00004c
            .code_c018i.o       code   0x00da38    program   0x000000
         .code_fxd3232u.o       code   0x00da84    program   0x000048
           .romdata_UBW.o    romdata   0x00dacc    program   0x000035
         .idata_errno.o_i    romdata   0x00db01    program   0x000000
    .romdata_usb_device.o    romdata   0x00db01    program   0x000000
      .romdata_fxd3232u.o    romdata   0x00db01    program   0x000000
       .idata_fxm3232.o_i    romdata   0x00db01    program   0x000000
           .romdata_ebb.o    romdata   0x00db01    program   0x000000
          .romdata_main.o    romdata   0x00db01    program   0x000000
    .idata_EraseFlash.o_i    romdata   0x00db01    program   0x000000
          .idata_sqrt.o_i    romdata   0x00db01    program   0x000000
      .romdata_RCServo2.o    romdata   0x00db01    program   0x000000
     .idata_ReadFlash.o_i    romdata   0x00db01    program   0x000000
      .idata_vfprintf.o_i    romdata   0x00db01    program   0x000000
       .idata_pow2x16.o_i    romdata   0x00db01    program   0x000000
        .idata___init.o_i    romdata   0x00db01    program   0x000000
          .romdata_putc.o    romdata   0x00db01    program   0x000000
.romdata_WriteBytesFlash.o    romdata   0x00db01    program   0x000000
         .code_fxd1616u.o       code   0x00db02    program   0x00002c
            .code_errno.o       code   0x00db02    program   0x000000
                    .code       code   0x00db2e    program   0x000020
             _startup_scn       code   0x00db4e    program   0x00001c
                    STDIO       code   0x00db6a    program   0x00001c
          .code_pow2x16.o       code   0x00db86    program   0x000016
      .romdata_vfprintf.o    romdata   0x00db9c    program   0x000011
        .romdata_stdout.o    romdata   0x00dbad    program   0x000000
          .idata_putc.o_i    romdata   0x00dbad    program   0x000000
         .romdata_ldexp.o    romdata   0x00dbad    program   0x000000
         .romdata_c018i.o    romdata   0x00dbad    program   0x000000
      .idata_fxd3232u.o_i    romdata   0x00dbad    program   0x000000
.idata_WriteBytesFlash.o_i    romdata   0x00dbad    program   0x000000
      .idata_ebb_demo.o_i    romdata   0x00dbad    program   0x000000
        .romdata_printf.o    romdata   0x00dbad    program   0x000000
      .idata_RCServo2.o_i    romdata   0x00dbad    program   0x000000
          .idata_main.o_i    romdata   0x00dbad    program   0x000000
      .romdata_fxd1616u.o    romdata   0x00dbad    program   0x000000
      .romdata_PackMath.o    romdata   0x00dbad    program   0x000000
      .romdata_UnpkMath.o    romdata   0x00dbad    program   0x000000
.idata_usb_function_cdc.o_i    romdata   0x00dbad    program   0x000000
           .code___init.o       code   0x00dbae    program   0x000002
  .code_usb_descriptors.o       code   0x00dbae    program   0x000000
         .code_ebb_demo.o       code   0x00dbae    program   0x000000
.idata_usb_descriptors.o_i    romdata   0x00dbb0    program   0x00007e
        .idata_stdout.o_i    romdata   0x00dc2e    program   0x000002
           .idata_ebb.o_i    romdata   0x00dc30    program   0x000009
           .idata_UBW.o_i    romdata   0x00dc39    program   0x0000e9
                 .tmpdata      udata   0x000000       data   0x000034
                MATH_DATA      udata   0x000034       data   0x000014
              low_ISR_tmp      udata   0x000048       data   0x000004
             high_ISR_tmp      udata   0x00004c       data   0x000004
                  ISR_buf      udata   0x000100       data   0x000071
               com_tx_buf      udata   0x000200       data   0x000080
 .idata_usb_descriptors.o      idata   0x000280       data   0x00007e
            .udata_main.o      udata   0x0002fe       data   0x000002
               com_rx_buf      udata   0x000300       data   0x000100
                  USB_BDT      udata   0x000400       data   0x000078
      .udata_usb_device.o      udata   0x000478       data   0x000034
             .idata_UBW.o      idata   0x000500       data   0x0000e9
           .udata_c018i.o      udata   0x0005e9       data   0x00000a
           .udata_errno.o      udata   0x0005f3       data   0x000002
          .idata_stdout.o      idata   0x0005f5       data   0x000002
        .idata_PackMath.o      idata   0x0005f7       data   0x000000
      .udata_EraseFlash.o      udata   0x0005f7       data   0x000000
      .idata_EraseFlash.o      idata   0x0005f7       data   0x000000
        .udata_fxd3232u.o      udata   0x0005f7       data   0x000000
        .idata_fxd3232u.o      idata   0x0005f7       data   0x000000
         .udata_fxm3232.o      udata   0x0005f7       data   0x000000
         .idata_fxm3232.o      idata   0x0005f7       data   0x000000
       .udata_ReadFlash.o      udata   0x0005f7       data   0x000000
       .idata_ReadFlash.o      idata   0x0005f7       data   0x000000
 .udata_WriteBytesFlash.o      udata   0x0005f7       data   0x000000
 .idata_WriteBytesFlash.o      idata   0x0005f7       data   0x000000
          .udata___init.o      udata   0x0005f7       data   0x000000
          .idata___init.o      idata   0x0005f7       data   0x000000
         .udata_pow2x16.o      udata   0x0005f7       data   0x000000
         .idata_pow2x16.o      idata   0x0005f7       data   0x000000
          .udata_printf.o      udata   0x0005f7       data   0x000000
          .idata_printf.o      idata   0x0005f7       data   0x000000
            .udata_sqrt.o      udata   0x0005f7       data   0x000000
            .idata_sqrt.o      idata   0x0005f7       data   0x000000
        .udata_fxd1616u.o      udata   0x0005f7       data   0x000000
        .idata_fxd1616u.o      idata   0x0005f7       data   0x000000
        .udata_PackMath.o      udata   0x0005f7       data   0x000000
        .idata_RCServo2.o      idata   0x0005f7       data   0x000000
            .idata_putc.o      idata   0x0005f7       data   0x000000
            .idata_main.o      idata   0x0005f7       data   0x000000
.idata_usb_function_cdc.o      idata   0x0005f7       data   0x000000
 .udata_usb_descriptors.o      udata   0x0005f7       data   0x000000
        .udata_ebb_demo.o      udata   0x0005f7       data   0x000000
        .idata_ebb_demo.o      idata   0x0005f7       data   0x000000
            .udata_putc.o      udata   0x0005f7       data   0x000000
        .idata_vfprintf.o      idata   0x0005f7       data   0x000000
        .udata_vfprintf.o      udata   0x0005f7       data   0x000000
      .idata_usb_device.o      idata   0x0005f7       data   0x000000
          .udata_stdout.o      udata   0x0005f7       data   0x000000
           .idata_ldexp.o      idata   0x0005f7       data   0x000000
           .udata_ldexp.o      udata   0x0005f7       data   0x000000
           .idata_errno.o      idata   0x0005f7       data   0x000000
           .idata_c018i.o      idata   0x0005f7       data   0x000000
        .idata_UnpkMath.o      idata   0x0005f7       data   0x000000
        .udata_UnpkMath.o      udata   0x0005f7       data   0x000000
             .udata_ebb.o      udata   0x000600       data   0x0000e5
.udata_usb_function_cdc.o      udata   0x000700       data   0x0000a8
             .udata_UBW.o      udata   0x0007a8       data   0x00003d
                   .stack      udata   0x000d00       data   0x000100
        .udata_RCServo2.o      udata   0x000e00       data   0x0000b7
             .idata_ebb.o      idata   0x000eb7       data   0x000009
              SFR_BANKED0      udata   0x000ec6       data   0x00000e
              SFR_BANKED1      udata   0x000ed7       data   0x000008
              SFR_BANKED2      udata   0x000ee7       data   0x000004
              SFR_BANKED3      udata   0x000eec       data   0x000003
              SFR_BANKED4      udata   0x000ef2       data   0x000002
              SFR_BANKED5      udata   0x000ef6       data   0x000002
              SFR_BANKED6      udata   0x000efb       data   0x000005
              SFR_BANKED7      udata   0x000f26       data   0x000014
              SFR_BANKED8      udata   0x000f3c       data   0x000007
              SFR_BANKED9      udata   0x000f48       data   0x000008
             SFR_BANKED10      udata   0x000f52       data   0x00000e
            SFR_UNBANKED0      udata   0x000f60       data   0x0000a0



                              Program Memory Usage 
                               Start         End      
                           ---------   ---------      
                            0x001000    0x001005      
                            0x001008    0x00100d      
                            0x001018    0x00101d      
                            0x00102a    0x00da36      
                            0x00da38    0x00db00      
                            0x00db02    0x00dbac      
                            0x00dbae    0x00dd21      
            52487 out of 63498 program addresses used, program memory utilization is 82%



                              Symbols - Sorted by Name
                     Name    Address   Location    Storage File                     
                ---------  ---------  ---------  --------- ---------                
          AnalogConfigure   0x008746    program     extern D:\Projects\EggBot3-GH\EBB_firmware\app.X\source\UBW.c
           BlinkUSBStatus   0x009774    program     extern D:\Projects\EggBot3-GH\EBB_firmware\app.X\source\UBW.c
                CDCInitEP   0x00c854    program     extern D:\Projects\EggBot3-GH\EBB_firmware\Microchip\USB\CDC Device Driver\usb_function_cdc.c
             CDCTxService   0x00c9f6    program     extern D:\Projects\EggBot3-GH\EBB_firmware\Microchip\USB\CDC Device Driver\usb_function_cdc.c
                   D1616S   0x00bc4e    program     static E:\3.46\pic18-lt\cxx-framework\src\traditional\math\fxd1616s.asm
                D1616SNEG   0x00bc5c    program     static E:\3.46\pic18-lt\cxx-framework\src\traditional\math\fxd1616s.asm
                 D1616SOK   0x00bc58    program     static E:\3.46\pic18-lt\cxx-framework\src\traditional\math\fxd1616s.asm
                  D1616SX   0x00bc6e    program     static E:\3.46\pic18-lt\cxx-framework\src\traditional\math\fxd1616s.asm
                  DA1616S   0x00bc3e    program     static E:\3.46\pic18-lt\cxx-framework\src\traditional\math\fxd1616s.asm
                 EBB_Init   0x004ef2    program     extern D:\Projects\EggBot3-GH\EBB_firmware\app.X\source\ebb.c
               EraseFlash   0x00d592    program     extern E:\3.46\pic18-lt\cxx-framework\src\pmc_common\Flash\EraseFlash.c
                 FLO1632S   0x00b7a8    program     extern E:\3.46\pic18-lt\cxx-framework\src\traditional\math\cast16FP.asm
                 FLO1632U   0x00b7a4    program     extern E:\3.46\pic18-lt\cxx-framework\src\traditional\math\cast16FP.asm
                 FLO3232S   0x00b7d2    program     extern E:\3.46\pic18-lt\cxx-framework\src\traditional\math\cast32FP.asm
                 FLO3232U   0x00b7ce    program     extern E:\3.46\pic18-lt\cxx-framework\src\traditional\math\cast32FP.asm
                    FPA32   0x00b986    program     extern E:\3.46\pic18-lt\cxx-framework\src\traditional\math\addFP.asm
                    FPD32   0x00b804    program     extern E:\3.46\pic18-lt\cxx-framework\src\traditional\math\divFP.asm
                    FPM32   0x00b8aa    program     extern E:\3.46\pic18-lt\cxx-framework\src\traditional\math\mulFP.asm
                    FPS32   0x00b984    program     extern E:\3.46\pic18-lt\cxx-framework\src\traditional\math\addFP.asm
                 FXD1616S   0x00bc2c    program     extern E:\3.46\pic18-lt\cxx-framework\src\traditional\math\fxd1616s.asm
                 FXD1616U   0x00db02    program     extern E:\3.46\pic18-lt\cxx-framework\src\traditional\math\fxd1616u.c
                 FXD3232U   0x00da84    program     extern E:\3.46\pic18-lt\cxx-framework\src\traditional\math\fxd3232u.c
                 FXM1616S   0x00bd34    program     extern E:\3.46\pic18-lt\cxx-framework\src\traditional\math\fxm1616s.asm
                  FXM3232   0x00d970    program     extern E:\3.46\pic18-lt\cxx-framework\src\traditional\math\fxm3232.c
                  INT3232   0x00bab2    program     extern E:\3.46\pic18-lt\cxx-framework\src\traditional\math\castFP32.asm
         InitializeSystem   0x00d0e8    program     static D:\Projects\EggBot3-GH\EBB_firmware\app.X\source\main.c
                LongDelay   0x008f34    program     extern D:\Projects\EggBot3-GH\EBB_firmware\app.X\source\UBW.c
                ProcessIO   0x007cfa    program     extern D:\Projects\EggBot3-GH\EBB_firmware\app.X\source\UBW.c
            RCServo2_Init   0x00cbb4    program     extern D:\Projects\EggBot3-GH\EBB_firmware\app.X\source\RCServo2.c
            RCServo2_Move   0x00cd4e    program     extern D:\Projects\EggBot3-GH\EBB_firmware\app.X\source\RCServo2.c
      RCServo2_S2_command   0x00cca4    program     extern D:\Projects\EggBot3-GH\EBB_firmware\app.X\source\RCServo2.c
RCServo2_get_channel_from_RPn   0x00cc66    program     extern D:\Projects\EggBot3-GH\EBB_firmware\app.X\source\RCServo2.c
                ReadFlash   0x00d85a    program     extern E:\3.46\pic18-lt\cxx-framework\src\pmc_common\Flash\ReadFlash.c
        Remapped_High_ISR   0x001008    program     extern D:\Projects\EggBot3-GH\EBB_firmware\app.X\source\main.c
         Remapped_Low_ISR   0x001018    program     extern D:\Projects\EggBot3-GH\EBB_firmware\app.X\source\main.c
         SetPinLATFromRPn   0x009850    program     extern D:\Projects\EggBot3-GH\EBB_firmware\app.X\source\UBW.c
        SetPinTRISFromRPn   0x0098ac    program     extern D:\Projects\EggBot3-GH\EBB_firmware\app.X\source\UBW.c
                  TALTB32   0x00bc78    program     extern E:\3.46\pic18-lt\cxx-framework\src\traditional\math\ltFP.asm
               TSIGN1616A   0x00bd80    program     static E:\3.46\pic18-lt\cxx-framework\src\traditional\math\fxm1616s.asm
       USBCBCheckOtherReq   0x00d130    program     extern D:\Projects\EggBot3-GH\EBB_firmware\app.X\source\main.c
        USBCBErrorHandler   0x00d12e    program     extern D:\Projects\EggBot3-GH\EBB_firmware\app.X\source\main.c
              USBCBInitEP   0x00d136    program     extern D:\Projects\EggBot3-GH\EBB_firmware\app.X\source\main.c
          USBCBSendResume   0x00d13a    program     extern D:\Projects\EggBot3-GH\EBB_firmware\app.X\source\main.c
    USBCBStdSetDscHandler   0x00d134    program     extern D:\Projects\EggBot3-GH\EBB_firmware\app.X\source\main.c
             USBCBSuspend   0x00d128    program     extern D:\Projects\EggBot3-GH\EBB_firmware\app.X\source\main.c
     USBCBWakeFromSuspend   0x00d12a    program     extern D:\Projects\EggBot3-GH\EBB_firmware\app.X\source\main.c
        USBCB_SOF_Handler   0x00d12c    program     extern D:\Projects\EggBot3-GH\EBB_firmware\app.X\source\main.c
       USBCDCEventHandler   0x00c89e    program     extern D:\Projects\EggBot3-GH\EBB_firmware\Microchip\USB\CDC Device Driver\usb_function_cdc.c
              USBCancelIO   0x00a116    program     extern D:\Projects\EggBot3-GH\EBB_firmware\Microchip\USB\usb_device.c
       USBCheckCDCRequest   0x00c7b8    program     extern D:\Projects\EggBot3-GH\EBB_firmware\Microchip\USB\CDC Device Driver\usb_function_cdc.c
       USBCheckStdRequest   0x00a746    program     static D:\Projects\EggBot3-GH\EBB_firmware\Microchip\USB\usb_device.c
     USBConfigureEndpoint   0x00a1e6    program     static D:\Projects\EggBot3-GH\EBB_firmware\Microchip\USB\usb_device.c
  USBCtrlEPAllowDataStage   0x00a1a6    program     extern D:\Projects\EggBot3-GH\EBB_firmware\Microchip\USB\usb_device.c
USBCtrlEPAllowStatusStage   0x00a150    program     extern D:\Projects\EggBot3-GH\EBB_firmware\Microchip\USB\usb_device.c
         USBCtrlEPService   0x00a5e4    program     static D:\Projects\EggBot3-GH\EBB_firmware\Microchip\USB\usb_device.c
 USBCtrlEPServiceComplete   0x00a238    program     static D:\Projects\EggBot3-GH\EBB_firmware\Microchip\USB\usb_device.c
      USBCtrlTrfInHandler   0x00a6ce    program     static D:\Projects\EggBot3-GH\EBB_firmware\Microchip\USB\usb_device.c
     USBCtrlTrfOutHandler   0x00a6b0    program     static D:\Projects\EggBot3-GH\EBB_firmware\Microchip\USB\usb_device.c
      USBCtrlTrfRxService   0x00a30e    program     static D:\Projects\EggBot3-GH\EBB_firmware\Microchip\USB\usb_device.c
   USBCtrlTrfSetupHandler   0x00a670    program     static D:\Projects\EggBot3-GH\EBB_firmware\Microchip\USB\usb_device.c
      USBCtrlTrfTxService   0x00a292    program     static D:\Projects\EggBot3-GH\EBB_firmware\Microchip\USB\usb_device.c
            USBDeviceInit   0x009dde    program     extern D:\Projects\EggBot3-GH\EBB_firmware\Microchip\USB\usb_device.c
           USBDeviceTasks   0x009eb2    program     extern D:\Projects\EggBot3-GH\EBB_firmware\Microchip\USB\usb_device.c
        USBEnableEndpoint   0x00a02e    program     extern D:\Projects\EggBot3-GH\EBB_firmware\Microchip\USB\usb_device.c
         USBStallEndpoint   0x00a0ee    program     extern D:\Projects\EggBot3-GH\EBB_firmware\Microchip\USB\usb_device.c
          USBStallHandler   0x00a57e    program     static D:\Projects\EggBot3-GH\EBB_firmware\Microchip\USB\usb_device.c
  USBStdFeatureReqHandler   0x00a7f8    program     static D:\Projects\EggBot3-GH\EBB_firmware\Microchip\USB\usb_device.c
      USBStdGetDscHandler   0x00a46c    program     static D:\Projects\EggBot3-GH\EBB_firmware\Microchip\USB\usb_device.c
   USBStdGetStatusHandler   0x00a512    program     static D:\Projects\EggBot3-GH\EBB_firmware\Microchip\USB\usb_device.c
      USBStdSetCfgHandler   0x00a3ce    program     static D:\Projects\EggBot3-GH\EBB_firmware\Microchip\USB\usb_device.c
               USBSuspend   0x00a5a0    program     static D:\Projects\EggBot3-GH\EBB_firmware\Microchip\USB\usb_device.c
     USBTransferOnePacket   0x00a06c    program     extern D:\Projects\EggBot3-GH\EBB_firmware\Microchip\USB\usb_device.c
       USBWakeFromSuspend   0x00a5c0    program     static D:\Projects\EggBot3-GH\EBB_firmware\Microchip\USB\usb_device.c
               USB_CD_Ptr   0x00da35    program     extern D:\Projects\EggBot3-GH\EBB_firmware\app.X\source\usb_descriptors.c
USER_USB_CALLBACK_EVENT_HANDLER   0x00d17e    program     extern D:\Projects\EggBot3-GH\EBB_firmware\app.X\source\main.c
                 UserInit   0x007b64    program     extern D:\Projects\EggBot3-GH\EBB_firmware\app.X\source\UBW.c
          WriteBytesFlash   0x00cefe    program     extern E:\3.46\pic18-lt\cxx-framework\src\pmc_common\Flash\WriteBytesFlash.c
              _2jContinue   0x00d748    program     static E:\3.46\pic18-lt\cxx-framework\src\traditional\stdclib\memset.asm
                   _2jEnd   0x00d7ac    program     static E:\3.46\pic18-lt\cxx-framework\src\traditional\stdclib\slenpgm.asm
                   _3jEnd   0x00d752    program     static E:\3.46\pic18-lt\cxx-framework\src\traditional\stdclib\memset.asm
                _PackMath   0x00d478    program     extern E:\3.46\pic18-lt\cxx-framework\src\traditional\stdclib\PackMath.c
                _UnpkMath   0x00d35c    program     extern E:\3.46\pic18-lt\cxx-framework\src\traditional\stdclib\UnpkMath.c
              __FpCompare   0x00bc8a    program     extern E:\3.46\pic18-lt\cxx-framework\src\traditional\math\compFP.asm
                 __FpExit   0x00bb2c    program     extern E:\3.46\pic18-lt\cxx-framework\src\traditional\math\packFP.asm
                 __FpPack   0x00bb58    program     extern E:\3.46\pic18-lt\cxx-framework\src\traditional\math\packFP.asm
            __FpReturnNaN   0x00bb20    program     extern E:\3.46\pic18-lt\cxx-framework\src\traditional\math\packFP.asm
         __FpReturnNegInf   0x00bb32    program     extern E:\3.46\pic18-lt\cxx-framework\src\traditional\math\packFP.asm
        __FpReturnNegZero   0x00bb4a    program     extern E:\3.46\pic18-lt\cxx-framework\src\traditional\math\packFP.asm
         __FpReturnPosInf   0x00bb38    program     extern E:\3.46\pic18-lt\cxx-framework\src\traditional\math\packFP.asm
        __FpReturnPosZero   0x00bb52    program     extern E:\3.46\pic18-lt\cxx-framework\src\traditional\math\packFP.asm
        __FpReturnSignInf   0x00bb2e    program     extern E:\3.46\pic18-lt\cxx-framework\src\traditional\math\packFP.asm
       __FpReturnSignZero   0x00bb46    program     extern E:\3.46\pic18-lt\cxx-framework\src\traditional\math\packFP.asm
              __FpReturnW   0x00bbb0    program     extern E:\3.46\pic18-lt\cxx-framework\src\traditional\math\packFP.asm
              __FpUnPackA   0x00bbd0    program     extern E:\3.46\pic18-lt\cxx-framework\src\traditional\math\UnpackFP.asm
              __FpUnPackB   0x00bc00    program     extern E:\3.46\pic18-lt\cxx-framework\src\traditional\math\UnpackFP.asm
         ___else_lbl00002   0x00494e    program     static                          
         ___else_lbl00007   0x00499c    program     static                          
         ___else_lbl00009   0x0049a8    program     static                          
         ___else_lbl00011   0x0049bc    program     static                          
         ___else_lbl00013   0x0049c8    program     static                          
         ___else_lbl00016   0x0049ac    program     static                          
         ___else_lbl00018   0x004a6e    program     static                          
         ___else_lbl00022   0x004b42    program     static                          
         ___else_lbl00031   0x004b8c    program     static                          
         ___else_lbl00034   0x004be0    program     static                          
         ___else_lbl00039   0x004c7a    program     static                          
         ___else_lbl00044   0x004d22    program     static                          
         ___else_lbl00047   0x004d8c    program     static                          
         ___else_lbl00050   0x004d36    program     static                          
         ___else_lbl00052   0x004bec    program     static                          
         ___else_lbl00055   0x004eb8    program     static                          
          ___for_lbl00062   0x004f92    program     static                          
          ___for_lbl00063   0x004f96    program     static                          
          ___for_lbl00064   0x004f06    program     static                          
          ___for_lbl00378   0x008f5e    program     static                          
          ___for_lbl00379   0x008f62    program     static                          
          ___for_lbl00382   0x008f48    program     static                          
           ___if_lbl00001   0x00495a    program     static                          
           ___if_lbl00003   0x00495a    program     static                          
           ___if_lbl00004   0x00496a    program     static                          
           ___if_lbl00005   0x00d046    program     static                          
           ___if_lbl00006   0x00d068    program     static                          
           ___if_lbl00006   0x00499e    program     static                          
           ___if_lbl00007   0x00d080    program     static                          
           ___if_lbl00008   0x0049aa    program     static                          
           ___if_lbl00010   0x0049be    program     static                          
           ___if_lbl00012   0x0049ca    program     static                          
           ___if_lbl00014   0x0049ca    program     static                          
           ___if_lbl00015   0x0049ca    program     static                          
           ___if_lbl00017   0x004a7a    program     static                          
           ___if_lbl00019   0x004a7a    program     static                          
           ___if_lbl00020   0x004a9e    program     static                          
           ___if_lbl00021   0x004b4e    program     static                          
           ___if_lbl00023   0x004b4e    program     static                          
           ___if_lbl00024   0x004b72    program     static                          
           ___if_lbl00025   0x004b84    program     static                          
           ___if_lbl00026   0x004b8a    program     static                          
           ___if_lbl00027   0x004b98    program     static                          
           ___if_lbl00028   0x004b9e    program     static                          
           ___if_lbl00029   0x004b9e    program     static                          
           ___if_lbl00030   0x004b9e    program     static                          
           ___if_lbl00032   0x004bea    program     static                          
           ___if_lbl00033   0x004bea    program     static                          
           ___if_lbl00035   0x004bea    program     static                          
           ___if_lbl00036   0x004bea    program     static                          
           ___if_lbl00037   0x004cf0    program     static                          
           ___if_lbl00038   0x004cf0    program     static                          
           ___if_lbl00040   0x004cf0    program     static                          
           ___if_lbl00041   0x004d20    program     static                          
           ___if_lbl00042   0x004d34    program     static                          
           ___if_lbl00043   0x004d34    program     static                          
           ___if_lbl00045   0x004d34    program     static                          
           ___if_lbl00046   0x004d94    program     static                          
           ___if_lbl00048   0x004d9a    program     static                          
           ___if_lbl00049   0x004d9a    program     static                          
           ___if_lbl00051   0x004d9a    program     static                          
           ___if_lbl00054   0x004ec2    program     static                          
           ___if_lbl00056   0x004ec2    program     static                          
           ___if_lbl00059   0x004eda    program     static                          
           ___if_lbl00060   0x004eda    program     static                          
       ___return_lbl00000   0x00d8d4    program     static                          
       ___return_lbl00000   0x00db2c    program     static                          
       ___return_lbl00000   0x00daca    program     static                          
       ___return_lbl00000   0x00db9a    program     static                          
       ___return_lbl00000   0x001004    program     static                          
       ___return_lbl00000   0x004eda    program     static                          
       ___return_lbl00000   0x00db68    program     static                          
       ___return_lbl00000   0x00d9de    program     static                          
       ___return_lbl00000   0x00d0c4    program     static                          
       ___return_lbl00001   0x00100c    program     static                          
       ___return_lbl00001   0x00d726    program     static                          
       ___return_lbl00002   0x00101c    program     static                          
       ___return_lbl00061   0x00509c    program     static                          
       ___return_lbl00377   0x008f62    program     static                          
       ___return_lbl00383   0x008f7e    program     static                          
       ___return_lbl00384   0x008f8c    program     static                          
        ___while_lbl00001   0x00cfe8    program     static                          
        ___while_lbl00001   0x00d8a2    program     static                          
        ___while_lbl00002   0x00d0c4    program     static                          
        ___while_lbl00002   0x00d8d4    program     static                          
        ___while_lbl00003   0x00d00c    program     static                          
        ___while_lbl00004   0x00d048    program     static                          
        ___while_lbl00380   0x008f50    program     static                          
        ___while_lbl00381   0x008f5e    program     static                          
                   __init   0x00dbae    program     extern E:\3.46\pic18-lt\cxx-framework\src\traditional\stdclib\__init.c
                   __pa_0   0x00d67c    program     static E:\3.46\pic18-lt\cxx-framework\src\pmc_common\Flash\EraseFlash.c
                   __pa_0   0x00d206    program     static D:\Projects\EggBot3-GH\EBB_firmware\app.X\source\main.c
                   __pa_0   0x00cad8    program     static D:\Projects\EggBot3-GH\EBB_firmware\Microchip\USB\CDC Device Driver\usb_function_cdc.c
                   __pa_0   0x00a93a    program     static D:\Projects\EggBot3-GH\EBB_firmware\Microchip\USB\usb_device.c
                   __pa_0   0x00ce8c    program     static D:\Projects\EggBot3-GH\EBB_firmware\app.X\source\RCServo2.c
                   __pa_0   0x00c714    program     static E:\3.46\pic18-lt\cxx-framework\src\traditional\stdclib\sqrt.c
                   __pa_0   0x009908    program     static D:\Projects\EggBot3-GH\EBB_firmware\app.X\source\UBW.c
                   __pa_0   0x00b4c2    program     static E:\3.46\pic18-lt\cxx-framework\src\traditional\stdclib\vfprintf.c
                   __pa_0   0x00d352    program     static E:\3.46\pic18-lt\cxx-framework\src\traditional\stdclib\ldexp.c
                   __pa_0   0x00d46a    program     static E:\3.46\pic18-lt\cxx-framework\src\traditional\stdclib\UnpkMath.c
                   __pa_0   0x00d540    program     static E:\3.46\pic18-lt\cxx-framework\src\traditional\stdclib\PackMath.c
                   __pa_0   0x006c14    program     static D:\Projects\EggBot3-GH\EBB_firmware\app.X\source\ebb.c
                   __pa_1   0x00a942    program     static D:\Projects\EggBot3-GH\EBB_firmware\Microchip\USB\usb_device.c
                   __pa_1   0x00c71e    program     static E:\3.46\pic18-lt\cxx-framework\src\traditional\stdclib\sqrt.c
                   __pa_1   0x00caea    program     static D:\Projects\EggBot3-GH\EBB_firmware\Microchip\USB\CDC Device Driver\usb_function_cdc.c
                   __pa_1   0x00d218    program     static D:\Projects\EggBot3-GH\EBB_firmware\app.X\source\main.c
                   __pa_1   0x00ce9e    program     static D:\Projects\EggBot3-GH\EBB_firmware\app.X\source\RCServo2.c
                   __pa_1   0x00991a    program     static D:\Projects\EggBot3-GH\EBB_firmware\app.X\source\UBW.c
                   __pa_1   0x00b4ca    program     static E:\3.46\pic18-lt\cxx-framework\src\traditional\stdclib\vfprintf.c
                   __pa_1   0x00d550    program     static E:\3.46\pic18-lt\cxx-framework\src\traditional\stdclib\PackMath.c
                   __pa_1   0x006c4a    program     static D:\Projects\EggBot3-GH\EBB_firmware\app.X\source\ebb.c
                  __pa_10   0x009970    program     static D:\Projects\EggBot3-GH\EBB_firmware\app.X\source\UBW.c
                  __pa_10   0x00a9a0    program     static D:\Projects\EggBot3-GH\EBB_firmware\Microchip\USB\usb_device.c
                  __pa_10   0x00cb70    program     static D:\Projects\EggBot3-GH\EBB_firmware\Microchip\USB\CDC Device Driver\usb_function_cdc.c
                  __pa_10   0x00b57e    program     static E:\3.46\pic18-lt\cxx-framework\src\traditional\stdclib\vfprintf.c
                  __pa_10   0x006cde    program     static D:\Projects\EggBot3-GH\EBB_firmware\app.X\source\ebb.c
                 __pa_100   0x007370    program     static D:\Projects\EggBot3-GH\EBB_firmware\app.X\source\ebb.c
                 __pa_100   0x009d7a    program     static D:\Projects\EggBot3-GH\EBB_firmware\app.X\source\UBW.c
                 __pa_101   0x007386    program     static D:\Projects\EggBot3-GH\EBB_firmware\app.X\source\ebb.c
                 __pa_101   0x009d82    program     static D:\Projects\EggBot3-GH\EBB_firmware\app.X\source\UBW.c
                 __pa_102   0x009d8e    program     static D:\Projects\EggBot3-GH\EBB_firmware\app.X\source\UBW.c
                 __pa_102   0x007398    program     static D:\Projects\EggBot3-GH\EBB_firmware\app.X\source\ebb.c
                 __pa_103   0x009d9a    program     static D:\Projects\EggBot3-GH\EBB_firmware\app.X\source\UBW.c
                 __pa_103   0x0073aa    program     static D:\Projects\EggBot3-GH\EBB_firmware\app.X\source\ebb.c
                 __pa_104   0x009da2    program     static D:\Projects\EggBot3-GH\EBB_firmware\app.X\source\UBW.c
                 __pa_104   0x0073b4    program     static D:\Projects\EggBot3-GH\EBB_firmware\app.X\source\ebb.c
                 __pa_105   0x0073be    program     static D:\Projects\EggBot3-GH\EBB_firmware\app.X\source\ebb.c
                 __pa_105   0x009dac    program     static D:\Projects\EggBot3-GH\EBB_firmware\app.X\source\UBW.c
                 __pa_106   0x009db8    program     static D:\Projects\EggBot3-GH\EBB_firmware\app.X\source\UBW.c
                 __pa_106   0x0073d8    program     static D:\Projects\EggBot3-GH\EBB_firmware\app.X\source\ebb.c
                 __pa_107   0x009dc0    program     static D:\Projects\EggBot3-GH\EBB_firmware\app.X\source\UBW.c
                 __pa_107   0x0073f4    program     static D:\Projects\EggBot3-GH\EBB_firmware\app.X\source\ebb.c
                 __pa_108   0x009dc6    program     static D:\Projects\EggBot3-GH\EBB_firmware\app.X\source\UBW.c
                 __pa_108   0x007400    program     static D:\Projects\EggBot3-GH\EBB_firmware\app.X\source\ebb.c
                 __pa_109   0x009dcc    program     static D:\Projects\EggBot3-GH\EBB_firmware\app.X\source\UBW.c
                 __pa_109   0x007412    program     static D:\Projects\EggBot3-GH\EBB_firmware\app.X\source\ebb.c
                  __pa_11   0x00997e    program     static D:\Projects\EggBot3-GH\EBB_firmware\app.X\source\UBW.c
                  __pa_11   0x00b58c    program     static E:\3.46\pic18-lt\cxx-framework\src\traditional\stdclib\vfprintf.c
                  __pa_11   0x00cb7e    program     static D:\Projects\EggBot3-GH\EBB_firmware\Microchip\USB\CDC Device Driver\usb_function_cdc.c
                  __pa_11   0x00a9aa    program     static D:\Projects\EggBot3-GH\EBB_firmware\Microchip\USB\usb_device.c
                  __pa_11   0x006ce4    program     static D:\Projects\EggBot3-GH\EBB_firmware\app.X\source\ebb.c
                 __pa_110   0x009dd4    program     static D:\Projects\EggBot3-GH\EBB_firmware\app.X\source\UBW.c
                 __pa_110   0x007424    program     static D:\Projects\EggBot3-GH\EBB_firmware\app.X\source\ebb.c
                 __pa_111   0x007430    program     static D:\Projects\EggBot3-GH\EBB_firmware\app.X\source\ebb.c
                 __pa_112   0x007438    program     static D:\Projects\EggBot3-GH\EBB_firmware\app.X\source\ebb.c
                 __pa_113   0x007442    program     static D:\Projects\EggBot3-GH\EBB_firmware\app.X\source\ebb.c
                 __pa_114   0x007458    program     static D:\Projects\EggBot3-GH\EBB_firmware\app.X\source\ebb.c
                 __pa_115   0x007472    program     static D:\Projects\EggBot3-GH\EBB_firmware\app.X\source\ebb.c
                 __pa_116   0x00748a    program     static D:\Projects\EggBot3-GH\EBB_firmware\app.X\source\ebb.c
                 __pa_117   0x0074a2    program     static D:\Projects\EggBot3-GH\EBB_firmware\app.X\source\ebb.c
                 __pa_118   0x0074aa    program     static D:\Projects\EggBot3-GH\EBB_firmware\app.X\source\ebb.c
                 __pa_119   0x0074b0    program     static D:\Projects\EggBot3-GH\EBB_firmware\app.X\source\ebb.c
                  __pa_12   0x00cb88    program     static D:\Projects\EggBot3-GH\EBB_firmware\Microchip\USB\CDC Device Driver\usb_function_cdc.c
                  __pa_12   0x006cfa    program     static D:\Projects\EggBot3-GH\EBB_firmware\app.X\source\ebb.c
                  __pa_12   0x00a9be    program     static D:\Projects\EggBot3-GH\EBB_firmware\Microchip\USB\usb_device.c
                  __pa_12   0x009986    program     static D:\Projects\EggBot3-GH\EBB_firmware\app.X\source\UBW.c
                  __pa_12   0x00b5a2    program     static E:\3.46\pic18-lt\cxx-framework\src\traditional\stdclib\vfprintf.c
                 __pa_120   0x0074b8    program     static D:\Projects\EggBot3-GH\EBB_firmware\app.X\source\ebb.c
                 __pa_121   0x0074ce    program     static D:\Projects\EggBot3-GH\EBB_firmware\app.X\source\ebb.c
                 __pa_122   0x0074e4    program     static D:\Projects\EggBot3-GH\EBB_firmware\app.X\source\ebb.c
                 __pa_123   0x0074ee    program     static D:\Projects\EggBot3-GH\EBB_firmware\app.X\source\ebb.c
                 __pa_124   0x0074fc    program     static D:\Projects\EggBot3-GH\EBB_firmware\app.X\source\ebb.c
                 __pa_125   0x007508    program     static D:\Projects\EggBot3-GH\EBB_firmware\app.X\source\ebb.c
                 __pa_126   0x007514    program     static D:\Projects\EggBot3-GH\EBB_firmware\app.X\source\ebb.c
                 __pa_127   0x00751c    program     static D:\Projects\EggBot3-GH\EBB_firmware\app.X\source\ebb.c
                 __pa_128   0x007524    program     static D:\Projects\EggBot3-GH\EBB_firmware\app.X\source\ebb.c
                 __pa_129   0x007538    program     static D:\Projects\EggBot3-GH\EBB_firmware\app.X\source\ebb.c
                  __pa_13   0x009990    program     static D:\Projects\EggBot3-GH\EBB_firmware\app.X\source\UBW.c
                  __pa_13   0x00cb98    program     static D:\Projects\EggBot3-GH\EBB_firmware\Microchip\USB\CDC Device Driver\usb_function_cdc.c
                  __pa_13   0x006d06    program     static D:\Projects\EggBot3-GH\EBB_firmware\app.X\source\ebb.c
                  __pa_13   0x00a9d2    program     static D:\Projects\EggBot3-GH\EBB_firmware\Microchip\USB\usb_device.c
                  __pa_13   0x00b5bc    program     static E:\3.46\pic18-lt\cxx-framework\src\traditional\stdclib\vfprintf.c
                 __pa_130   0x00754a    program     static D:\Projects\EggBot3-GH\EBB_firmware\app.X\source\ebb.c
                 __pa_131   0x00755c    program     static D:\Projects\EggBot3-GH\EBB_firmware\app.X\source\ebb.c
                 __pa_132   0x00756e    program     static D:\Projects\EggBot3-GH\EBB_firmware\app.X\source\ebb.c
                 __pa_133   0x007578    program     static D:\Projects\EggBot3-GH\EBB_firmware\app.X\source\ebb.c
                 __pa_134   0x007586    program     static D:\Projects\EggBot3-GH\EBB_firmware\app.X\source\ebb.c
                 __pa_135   0x007598    program     static D:\Projects\EggBot3-GH\EBB_firmware\app.X\source\ebb.c
                 __pa_136   0x0075a2    program     static D:\Projects\EggBot3-GH\EBB_firmware\app.X\source\ebb.c
                 __pa_137   0x0075ae    program     static D:\Projects\EggBot3-GH\EBB_firmware\app.X\source\ebb.c
                 __pa_138   0x0075ba    program     static D:\Projects\EggBot3-GH\EBB_firmware\app.X\source\ebb.c
                 __pa_139   0x0075ca    program     static D:\Projects\EggBot3-GH\EBB_firmware\app.X\source\ebb.c
                  __pa_14   0x00b5d4    program     static E:\3.46\pic18-lt\cxx-framework\src\traditional\stdclib\vfprintf.c
                  __pa_14   0x00a9e0    program     static D:\Projects\EggBot3-GH\EBB_firmware\Microchip\USB\usb_device.c
                  __pa_14   0x00cba6    program     static D:\Projects\EggBot3-GH\EBB_firmware\Microchip\USB\CDC Device Driver\usb_function_cdc.c
                  __pa_14   0x009998    program     static D:\Projects\EggBot3-GH\EBB_firmware\app.X\source\UBW.c
                  __pa_14   0x006d0e    program     static D:\Projects\EggBot3-GH\EBB_firmware\app.X\source\ebb.c
                 __pa_140   0x0075d8    program     static D:\Projects\EggBot3-GH\EBB_firmware\app.X\source\ebb.c
                 __pa_141   0x0075e6    program     static D:\Projects\EggBot3-GH\EBB_firmware\app.X\source\ebb.c
                 __pa_142   0x0075f0    program     static D:\Projects\EggBot3-GH\EBB_firmware\app.X\source\ebb.c
                 __pa_143   0x0075fe    program     static D:\Projects\EggBot3-GH\EBB_firmware\app.X\source\ebb.c
                 __pa_144   0x00760a    program     static D:\Projects\EggBot3-GH\EBB_firmware\app.X\source\ebb.c
                 __pa_145   0x007614    program     static D:\Projects\EggBot3-GH\EBB_firmware\app.X\source\ebb.c
                 __pa_146   0x00761c    program     static D:\Projects\EggBot3-GH\EBB_firmware\app.X\source\ebb.c
                 __pa_147   0x007624    program     static D:\Projects\EggBot3-GH\EBB_firmware\app.X\source\ebb.c
                 __pa_148   0x00762c    program     static D:\Projects\EggBot3-GH\EBB_firmware\app.X\source\ebb.c
                 __pa_149   0x007634    program     static D:\Projects\EggBot3-GH\EBB_firmware\app.X\source\ebb.c
                  __pa_15   0x00a9ec    program     static D:\Projects\EggBot3-GH\EBB_firmware\Microchip\USB\usb_device.c
                  __pa_15   0x0099a4    program     static D:\Projects\EggBot3-GH\EBB_firmware\app.X\source\UBW.c
                  __pa_15   0x006d1a    program     static D:\Projects\EggBot3-GH\EBB_firmware\app.X\source\ebb.c
                  __pa_15   0x00b5e4    program     static E:\3.46\pic18-lt\cxx-framework\src\traditional\stdclib\vfprintf.c
                 __pa_150   0x007640    program     static D:\Projects\EggBot3-GH\EBB_firmware\app.X\source\ebb.c
                 __pa_151   0x007648    program     static D:\Projects\EggBot3-GH\EBB_firmware\app.X\source\ebb.c
                 __pa_152   0x007650    program     static D:\Projects\EggBot3-GH\EBB_firmware\app.X\source\ebb.c
                 __pa_153   0x00765c    program     static D:\Projects\EggBot3-GH\EBB_firmware\app.X\source\ebb.c
                 __pa_154   0x007666    program     static D:\Projects\EggBot3-GH\EBB_firmware\app.X\source\ebb.c
                 __pa_155   0x00766e    program     static D:\Projects\EggBot3-GH\EBB_firmware\app.X\source\ebb.c
                 __pa_156   0x00767c    program     static D:\Projects\EggBot3-GH\EBB_firmware\app.X\source\ebb.c
                 __pa_157   0x007684    program     static D:\Projects\EggBot3-GH\EBB_firmware\app.X\source\ebb.c
                 __pa_158   0x00768a    program     static D:\Projects\EggBot3-GH\EBB_firmware\app.X\source\ebb.c
                 __pa_159   0x007692    program     static D:\Projects\EggBot3-GH\EBB_firmware\app.X\source\ebb.c
                  __pa_16   0x00b5fa    program     static E:\3.46\pic18-lt\cxx-framework\src\traditional\stdclib\vfprintf.c
                  __pa_16   0x006d26    program     static D:\Projects\EggBot3-GH\EBB_firmware\app.X\source\ebb.c
                  __pa_16   0x0099ae    program     static D:\Projects\EggBot3-GH\EBB_firmware\app.X\source\UBW.c
                  __pa_16   0x00aa06    program     static D:\Projects\EggBot3-GH\EBB_firmware\Microchip\USB\usb_device.c
                 __pa_160   0x007698    program     static D:\Projects\EggBot3-GH\EBB_firmware\app.X\source\ebb.c
                 __pa_161   0x0076a0    program     static D:\Projects\EggBot3-GH\EBB_firmware\app.X\source\ebb.c
                 __pa_162   0x0076a6    program     static D:\Projects\EggBot3-GH\EBB_firmware\app.X\source\ebb.c
                  __pa_17   0x00aa12    program     static D:\Projects\EggBot3-GH\EBB_firmware\Microchip\USB\usb_device.c
                  __pa_17   0x006d3c    program     static D:\Projects\EggBot3-GH\EBB_firmware\app.X\source\ebb.c
                  __pa_17   0x00b60c    program     static E:\3.46\pic18-lt\cxx-framework\src\traditional\stdclib\vfprintf.c
                  __pa_17   0x0099b6    program     static D:\Projects\EggBot3-GH\EBB_firmware\app.X\source\UBW.c
                  __pa_18   0x00aa1e    program     static D:\Projects\EggBot3-GH\EBB_firmware\Microchip\USB\usb_device.c
                  __pa_18   0x006d5e    program     static D:\Projects\EggBot3-GH\EBB_firmware\app.X\source\ebb.c
                  __pa_18   0x00b61e    program     static E:\3.46\pic18-lt\cxx-framework\src\traditional\stdclib\vfprintf.c
                  __pa_18   0x0099c8    program     static D:\Projects\EggBot3-GH\EBB_firmware\app.X\source\UBW.c
                  __pa_19   0x00aa26    program     static D:\Projects\EggBot3-GH\EBB_firmware\Microchip\USB\usb_device.c
                  __pa_19   0x006d72    program     static D:\Projects\EggBot3-GH\EBB_firmware\app.X\source\ebb.c
                  __pa_19   0x00b628    program     static E:\3.46\pic18-lt\cxx-framework\src\traditional\stdclib\vfprintf.c
                  __pa_19   0x0099ce    program     static D:\Projects\EggBot3-GH\EBB_firmware\app.X\source\UBW.c
                   __pa_2   0x009920    program     static D:\Projects\EggBot3-GH\EBB_firmware\app.X\source\UBW.c
                   __pa_2   0x006c50    program     static D:\Projects\EggBot3-GH\EBB_firmware\app.X\source\ebb.c
                   __pa_2   0x00d55e    program     static E:\3.46\pic18-lt\cxx-framework\src\traditional\stdclib\PackMath.c
                   __pa_2   0x00b4d4    program     static E:\3.46\pic18-lt\cxx-framework\src\traditional\stdclib\vfprintf.c
                   __pa_2   0x00cea8    program     static D:\Projects\EggBot3-GH\EBB_firmware\app.X\source\RCServo2.c
                   __pa_2   0x00cafa    program     static D:\Projects\EggBot3-GH\EBB_firmware\Microchip\USB\CDC Device Driver\usb_function_cdc.c
                   __pa_2   0x00c738    program     static E:\3.46\pic18-lt\cxx-framework\src\traditional\stdclib\sqrt.c
                   __pa_2   0x00a948    program     static D:\Projects\EggBot3-GH\EBB_firmware\Microchip\USB\usb_device.c
                  __pa_20   0x006d86    program     static D:\Projects\EggBot3-GH\EBB_firmware\app.X\source\ebb.c
                  __pa_20   0x00b638    program     static E:\3.46\pic18-lt\cxx-framework\src\traditional\stdclib\vfprintf.c
                  __pa_20   0x00aa2e    program     static D:\Projects\EggBot3-GH\EBB_firmware\Microchip\USB\usb_device.c
                  __pa_20   0x0099da    program     static D:\Projects\EggBot3-GH\EBB_firmware\app.X\source\UBW.c
                  __pa_21   0x00aa3a    program     static D:\Projects\EggBot3-GH\EBB_firmware\Microchip\USB\usb_device.c
                  __pa_21   0x006dd4    program     static D:\Projects\EggBot3-GH\EBB_firmware\app.X\source\ebb.c
                  __pa_21   0x00b648    program     static E:\3.46\pic18-lt\cxx-framework\src\traditional\stdclib\vfprintf.c
                  __pa_21   0x0099f6    program     static D:\Projects\EggBot3-GH\EBB_firmware\app.X\source\UBW.c
                  __pa_22   0x00aa4a    program     static D:\Projects\EggBot3-GH\EBB_firmware\Microchip\USB\usb_device.c
                  __pa_22   0x006dde    program     static D:\Projects\EggBot3-GH\EBB_firmware\app.X\source\ebb.c
                  __pa_22   0x00b658    program     static E:\3.46\pic18-lt\cxx-framework\src\traditional\stdclib\vfprintf.c
                  __pa_22   0x009a04    program     static D:\Projects\EggBot3-GH\EBB_firmware\app.X\source\UBW.c
                  __pa_23   0x006de2    program     static D:\Projects\EggBot3-GH\EBB_firmware\app.X\source\ebb.c
                  __pa_23   0x009a12    program     static D:\Projects\EggBot3-GH\EBB_firmware\app.X\source\UBW.c
                  __pa_23   0x00aa5a    program     static D:\Projects\EggBot3-GH\EBB_firmware\Microchip\USB\usb_device.c
                  __pa_23   0x00b664    program     static E:\3.46\pic18-lt\cxx-framework\src\traditional\stdclib\vfprintf.c
                  __pa_24   0x006dfc    program     static D:\Projects\EggBot3-GH\EBB_firmware\app.X\source\ebb.c
                  __pa_24   0x00b672    program     static E:\3.46\pic18-lt\cxx-framework\src\traditional\stdclib\vfprintf.c
                  __pa_24   0x00aa68    program     static D:\Projects\EggBot3-GH\EBB_firmware\Microchip\USB\usb_device.c
                  __pa_24   0x009a20    program     static D:\Projects\EggBot3-GH\EBB_firmware\app.X\source\UBW.c
                  __pa_25   0x006e12    program     static D:\Projects\EggBot3-GH\EBB_firmware\app.X\source\ebb.c
                  __pa_25   0x00b67a    program     static E:\3.46\pic18-lt\cxx-framework\src\traditional\stdclib\vfprintf.c
                  __pa_25   0x00aa76    program     static D:\Projects\EggBot3-GH\EBB_firmware\Microchip\USB\usb_device.c
                  __pa_25   0x009a2c    program     static D:\Projects\EggBot3-GH\EBB_firmware\app.X\source\UBW.c
                  __pa_26   0x006e28    program     static D:\Projects\EggBot3-GH\EBB_firmware\app.X\source\ebb.c
                  __pa_26   0x009a32    program     static D:\Projects\EggBot3-GH\EBB_firmware\app.X\source\UBW.c
                  __pa_26   0x00b684    program     static E:\3.46\pic18-lt\cxx-framework\src\traditional\stdclib\vfprintf.c
                  __pa_26   0x00aa84    program     static D:\Projects\EggBot3-GH\EBB_firmware\Microchip\USB\usb_device.c
                  __pa_27   0x009a3c    program     static D:\Projects\EggBot3-GH\EBB_firmware\app.X\source\UBW.c
                  __pa_27   0x00b68e    program     static E:\3.46\pic18-lt\cxx-framework\src\traditional\stdclib\vfprintf.c
                  __pa_27   0x00aa8e    program     static D:\Projects\EggBot3-GH\EBB_firmware\Microchip\USB\usb_device.c
                  __pa_27   0x006e36    program     static D:\Projects\EggBot3-GH\EBB_firmware\app.X\source\ebb.c
                  __pa_28   0x00aaa6    program     static D:\Projects\EggBot3-GH\EBB_firmware\Microchip\USB\usb_device.c
                  __pa_28   0x00b696    program     static E:\3.46\pic18-lt\cxx-framework\src\traditional\stdclib\vfprintf.c
                  __pa_28   0x006e40    program     static D:\Projects\EggBot3-GH\EBB_firmware\app.X\source\ebb.c
                  __pa_28   0x009a46    program     static D:\Projects\EggBot3-GH\EBB_firmware\app.X\source\UBW.c
                  __pa_29   0x006e56    program     static D:\Projects\EggBot3-GH\EBB_firmware\app.X\source\ebb.c
                  __pa_29   0x00aab2    program     static D:\Projects\EggBot3-GH\EBB_firmware\Microchip\USB\usb_device.c
                  __pa_29   0x009a4c    program     static D:\Projects\EggBot3-GH\EBB_firmware\app.X\source\UBW.c
                  __pa_29   0x00b6a4    program     static E:\3.46\pic18-lt\cxx-framework\src\traditional\stdclib\vfprintf.c
                   __pa_3   0x00c752    program     static E:\3.46\pic18-lt\cxx-framework\src\traditional\stdclib\sqrt.c
                   __pa_3   0x00cb06    program     static D:\Projects\EggBot3-GH\EBB_firmware\Microchip\USB\CDC Device Driver\usb_function_cdc.c
                   __pa_3   0x006c5e    program     static D:\Projects\EggBot3-GH\EBB_firmware\app.X\source\ebb.c
                   __pa_3   0x00b4de    program     static E:\3.46\pic18-lt\cxx-framework\src\traditional\stdclib\vfprintf.c
                   __pa_3   0x00d568    program     static E:\3.46\pic18-lt\cxx-framework\src\traditional\stdclib\PackMath.c
                   __pa_3   0x00ceb8    program     static D:\Projects\EggBot3-GH\EBB_firmware\app.X\source\RCServo2.c
                   __pa_3   0x00992c    program     static D:\Projects\EggBot3-GH\EBB_firmware\app.X\source\UBW.c
                   __pa_3   0x00a94c    program     static D:\Projects\EggBot3-GH\EBB_firmware\Microchip\USB\usb_device.c
                  __pa_30   0x009a5a    program     static D:\Projects\EggBot3-GH\EBB_firmware\app.X\source\UBW.c
                  __pa_30   0x00b6c0    program     static E:\3.46\pic18-lt\cxx-framework\src\traditional\stdclib\vfprintf.c
                  __pa_30   0x00aac6    program     static D:\Projects\EggBot3-GH\EBB_firmware\Microchip\USB\usb_device.c
                  __pa_30   0x006e6c    program     static D:\Projects\EggBot3-GH\EBB_firmware\app.X\source\ebb.c
                  __pa_31   0x009a68    program     static D:\Projects\EggBot3-GH\EBB_firmware\app.X\source\UBW.c
                  __pa_31   0x00aad2    program     static D:\Projects\EggBot3-GH\EBB_firmware\Microchip\USB\usb_device.c
                  __pa_31   0x00b6da    program     static E:\3.46\pic18-lt\cxx-framework\src\traditional\stdclib\vfprintf.c
                  __pa_31   0x006e86    program     static D:\Projects\EggBot3-GH\EBB_firmware\app.X\source\ebb.c
                  __pa_32   0x009a70    program     static D:\Projects\EggBot3-GH\EBB_firmware\app.X\source\UBW.c
                  __pa_32   0x00aae4    program     static D:\Projects\EggBot3-GH\EBB_firmware\Microchip\USB\usb_device.c
                  __pa_32   0x00b6f4    program     static E:\3.46\pic18-lt\cxx-framework\src\traditional\stdclib\vfprintf.c
                  __pa_32   0x006ea0    program     static D:\Projects\EggBot3-GH\EBB_firmware\app.X\source\ebb.c
                  __pa_33   0x009a8c    program     static D:\Projects\EggBot3-GH\EBB_firmware\app.X\source\UBW.c
                  __pa_33   0x00b70c    program     static E:\3.46\pic18-lt\cxx-framework\src\traditional\stdclib\vfprintf.c
                  __pa_33   0x006eba    program     static D:\Projects\EggBot3-GH\EBB_firmware\app.X\source\ebb.c
                  __pa_33   0x00aaf2    program     static D:\Projects\EggBot3-GH\EBB_firmware\Microchip\USB\usb_device.c
                  __pa_34   0x009aa8    program     static D:\Projects\EggBot3-GH\EBB_firmware\app.X\source\UBW.c
                  __pa_34   0x00b716    program     static E:\3.46\pic18-lt\cxx-framework\src\traditional\stdclib\vfprintf.c
                  __pa_34   0x00ab04    program     static D:\Projects\EggBot3-GH\EBB_firmware\Microchip\USB\usb_device.c
                  __pa_34   0x006ed6    program     static D:\Projects\EggBot3-GH\EBB_firmware\app.X\source\ebb.c
                  __pa_35   0x006ef2    program     static D:\Projects\EggBot3-GH\EBB_firmware\app.X\source\ebb.c
                  __pa_35   0x00ab0e    program     static D:\Projects\EggBot3-GH\EBB_firmware\Microchip\USB\usb_device.c
                  __pa_35   0x00b724    program     static E:\3.46\pic18-lt\cxx-framework\src\traditional\stdclib\vfprintf.c
                  __pa_35   0x009ac2    program     static D:\Projects\EggBot3-GH\EBB_firmware\app.X\source\UBW.c
                  __pa_36   0x00ab18    program     static D:\Projects\EggBot3-GH\EBB_firmware\Microchip\USB\usb_device.c
                  __pa_36   0x006f00    program     static D:\Projects\EggBot3-GH\EBB_firmware\app.X\source\ebb.c
                  __pa_36   0x00b72c    program     static E:\3.46\pic18-lt\cxx-framework\src\traditional\stdclib\vfprintf.c
                  __pa_36   0x009ace    program     static D:\Projects\EggBot3-GH\EBB_firmware\app.X\source\UBW.c
                  __pa_37   0x00b736    program     static E:\3.46\pic18-lt\cxx-framework\src\traditional\stdclib\vfprintf.c
                  __pa_37   0x009ad8    program     static D:\Projects\EggBot3-GH\EBB_firmware\app.X\source\UBW.c
                  __pa_37   0x006f1a    program     static D:\Projects\EggBot3-GH\EBB_firmware\app.X\source\ebb.c
                  __pa_37   0x00ab1e    program     static D:\Projects\EggBot3-GH\EBB_firmware\Microchip\USB\usb_device.c
                  __pa_38   0x009ae4    program     static D:\Projects\EggBot3-GH\EBB_firmware\app.X\source\UBW.c
                  __pa_38   0x00b746    program     static E:\3.46\pic18-lt\cxx-framework\src\traditional\stdclib\vfprintf.c
                  __pa_38   0x006f30    program     static D:\Projects\EggBot3-GH\EBB_firmware\app.X\source\ebb.c
                  __pa_38   0x00ab26    program     static D:\Projects\EggBot3-GH\EBB_firmware\Microchip\USB\usb_device.c
                  __pa_39   0x009af0    program     static D:\Projects\EggBot3-GH\EBB_firmware\app.X\source\UBW.c
                  __pa_39   0x00b754    program     static E:\3.46\pic18-lt\cxx-framework\src\traditional\stdclib\vfprintf.c
                  __pa_39   0x00ab2c    program     static D:\Projects\EggBot3-GH\EBB_firmware\Microchip\USB\usb_device.c
                  __pa_39   0x006f42    program     static D:\Projects\EggBot3-GH\EBB_firmware\app.X\source\ebb.c
                   __pa_4   0x00c764    program     static E:\3.46\pic18-lt\cxx-framework\src\traditional\stdclib\sqrt.c
                   __pa_4   0x00cb18    program     static D:\Projects\EggBot3-GH\EBB_firmware\Microchip\USB\CDC Device Driver\usb_function_cdc.c
                   __pa_4   0x00a956    program     static D:\Projects\EggBot3-GH\EBB_firmware\Microchip\USB\usb_device.c
                   __pa_4   0x006c6a    program     static D:\Projects\EggBot3-GH\EBB_firmware\app.X\source\ebb.c
                   __pa_4   0x009938    program     static D:\Projects\EggBot3-GH\EBB_firmware\app.X\source\UBW.c
                   __pa_4   0x00b4f6    program     static E:\3.46\pic18-lt\cxx-framework\src\traditional\stdclib\vfprintf.c
                   __pa_4   0x00d576    program     static E:\3.46\pic18-lt\cxx-framework\src\traditional\stdclib\PackMath.c
                   __pa_4   0x00cec4    program     static D:\Projects\EggBot3-GH\EBB_firmware\app.X\source\RCServo2.c
                  __pa_40   0x00b760    program     static E:\3.46\pic18-lt\cxx-framework\src\traditional\stdclib\vfprintf.c
                  __pa_40   0x009af8    program     static D:\Projects\EggBot3-GH\EBB_firmware\app.X\source\UBW.c
                  __pa_40   0x00ab3a    program     static D:\Projects\EggBot3-GH\EBB_firmware\Microchip\USB\usb_device.c
                  __pa_40   0x006f54    program     static D:\Projects\EggBot3-GH\EBB_firmware\app.X\source\ebb.c
                  __pa_41   0x00ab48    program     static D:\Projects\EggBot3-GH\EBB_firmware\Microchip\USB\usb_device.c
                  __pa_41   0x006f5a    program     static D:\Projects\EggBot3-GH\EBB_firmware\app.X\source\ebb.c
                  __pa_41   0x009b0e    program     static D:\Projects\EggBot3-GH\EBB_firmware\app.X\source\UBW.c
                  __pa_41   0x00b76c    program     static E:\3.46\pic18-lt\cxx-framework\src\traditional\stdclib\vfprintf.c
                  __pa_42   0x00ab52    program     static D:\Projects\EggBot3-GH\EBB_firmware\Microchip\USB\usb_device.c
                  __pa_42   0x009b1c    program     static D:\Projects\EggBot3-GH\EBB_firmware\app.X\source\UBW.c
                  __pa_42   0x006f76    program     static D:\Projects\EggBot3-GH\EBB_firmware\app.X\source\ebb.c
                  __pa_42   0x00b774    program     static E:\3.46\pic18-lt\cxx-framework\src\traditional\stdclib\vfprintf.c
                  __pa_43   0x00b77e    program     static E:\3.46\pic18-lt\cxx-framework\src\traditional\stdclib\vfprintf.c
                  __pa_43   0x006f90    program     static D:\Projects\EggBot3-GH\EBB_firmware\app.X\source\ebb.c
                  __pa_43   0x00ab5c    program     static D:\Projects\EggBot3-GH\EBB_firmware\Microchip\USB\usb_device.c
                  __pa_43   0x009b26    program     static D:\Projects\EggBot3-GH\EBB_firmware\app.X\source\UBW.c
                  __pa_44   0x00b784    program     static E:\3.46\pic18-lt\cxx-framework\src\traditional\stdclib\vfprintf.c
                  __pa_44   0x00ab64    program     static D:\Projects\EggBot3-GH\EBB_firmware\Microchip\USB\usb_device.c
                  __pa_44   0x006faa    program     static D:\Projects\EggBot3-GH\EBB_firmware\app.X\source\ebb.c
                  __pa_44   0x009b38    program     static D:\Projects\EggBot3-GH\EBB_firmware\app.X\source\UBW.c
                  __pa_45   0x006fc4    program     static D:\Projects\EggBot3-GH\EBB_firmware\app.X\source\ebb.c
                  __pa_45   0x00b78e    program     static E:\3.46\pic18-lt\cxx-framework\src\traditional\stdclib\vfprintf.c
                  __pa_45   0x00ab70    program     static D:\Projects\EggBot3-GH\EBB_firmware\Microchip\USB\usb_device.c
                  __pa_45   0x009b4a    program     static D:\Projects\EggBot3-GH\EBB_firmware\app.X\source\UBW.c
                  __pa_46   0x00b79a    program     static E:\3.46\pic18-lt\cxx-framework\src\traditional\stdclib\vfprintf.c
                  __pa_46   0x009b56    program     static D:\Projects\EggBot3-GH\EBB_firmware\app.X\source\UBW.c
                  __pa_46   0x00ab7a    program     static D:\Projects\EggBot3-GH\EBB_firmware\Microchip\USB\usb_device.c
                  __pa_46   0x006fde    program     static D:\Projects\EggBot3-GH\EBB_firmware\app.X\source\ebb.c
                  __pa_47   0x009b62    program     static D:\Projects\EggBot3-GH\EBB_firmware\app.X\source\UBW.c
                  __pa_47   0x006ff0    program     static D:\Projects\EggBot3-GH\EBB_firmware\app.X\source\ebb.c
                  __pa_48   0x009b6c    program     static D:\Projects\EggBot3-GH\EBB_firmware\app.X\source\UBW.c
                  __pa_48   0x007010    program     static D:\Projects\EggBot3-GH\EBB_firmware\app.X\source\ebb.c
                  __pa_49   0x00701a    program     static D:\Projects\EggBot3-GH\EBB_firmware\app.X\source\ebb.c
                  __pa_49   0x009b76    program     static D:\Projects\EggBot3-GH\EBB_firmware\app.X\source\UBW.c
                   __pa_5   0x00ced0    program     static D:\Projects\EggBot3-GH\EBB_firmware\app.X\source\RCServo2.c
                   __pa_5   0x00cb32    program     static D:\Projects\EggBot3-GH\EBB_firmware\Microchip\USB\CDC Device Driver\usb_function_cdc.c
                   __pa_5   0x00d57e    program     static E:\3.46\pic18-lt\cxx-framework\src\traditional\stdclib\PackMath.c
                   __pa_5   0x009940    program     static D:\Projects\EggBot3-GH\EBB_firmware\app.X\source\UBW.c
                   __pa_5   0x00b50a    program     static E:\3.46\pic18-lt\cxx-framework\src\traditional\stdclib\vfprintf.c
                   __pa_5   0x00a966    program     static D:\Projects\EggBot3-GH\EBB_firmware\Microchip\USB\usb_device.c
                   __pa_5   0x006c84    program     static D:\Projects\EggBot3-GH\EBB_firmware\app.X\source\ebb.c
                   __pa_5   0x00c776    program     static E:\3.46\pic18-lt\cxx-framework\src\traditional\stdclib\sqrt.c
                  __pa_50   0x007026    program     static D:\Projects\EggBot3-GH\EBB_firmware\app.X\source\ebb.c
                  __pa_50   0x009b82    program     static D:\Projects\EggBot3-GH\EBB_firmware\app.X\source\UBW.c
                  __pa_51   0x007030    program     static D:\Projects\EggBot3-GH\EBB_firmware\app.X\source\ebb.c
                  __pa_51   0x009b8e    program     static D:\Projects\EggBot3-GH\EBB_firmware\app.X\source\UBW.c
                  __pa_52   0x009b9c    program     static D:\Projects\EggBot3-GH\EBB_firmware\app.X\source\UBW.c
                  __pa_52   0x007046    program     static D:\Projects\EggBot3-GH\EBB_firmware\app.X\source\ebb.c
                  __pa_53   0x009baa    program     static D:\Projects\EggBot3-GH\EBB_firmware\app.X\source\UBW.c
                  __pa_53   0x007064    program     static D:\Projects\EggBot3-GH\EBB_firmware\app.X\source\ebb.c
                  __pa_54   0x009bb8    program     static D:\Projects\EggBot3-GH\EBB_firmware\app.X\source\UBW.c
                  __pa_54   0x007082    program     static D:\Projects\EggBot3-GH\EBB_firmware\app.X\source\ebb.c
                  __pa_55   0x009bbe    program     static D:\Projects\EggBot3-GH\EBB_firmware\app.X\source\UBW.c
                  __pa_55   0x0070a0    program     static D:\Projects\EggBot3-GH\EBB_firmware\app.X\source\ebb.c
                  __pa_56   0x0070be    program     static D:\Projects\EggBot3-GH\EBB_firmware\app.X\source\ebb.c
                  __pa_56   0x009bcc    program     static D:\Projects\EggBot3-GH\EBB_firmware\app.X\source\UBW.c
                  __pa_57   0x0070d6    program     static D:\Projects\EggBot3-GH\EBB_firmware\app.X\source\ebb.c
                  __pa_57   0x009bd6    program     static D:\Projects\EggBot3-GH\EBB_firmware\app.X\source\UBW.c
                  __pa_58   0x009be0    program     static D:\Projects\EggBot3-GH\EBB_firmware\app.X\source\UBW.c
                  __pa_58   0x0070de    program     static D:\Projects\EggBot3-GH\EBB_firmware\app.X\source\ebb.c
                  __pa_59   0x009be8    program     static D:\Projects\EggBot3-GH\EBB_firmware\app.X\source\UBW.c
                  __pa_59   0x0070ee    program     static D:\Projects\EggBot3-GH\EBB_firmware\app.X\source\ebb.c
                   __pa_6   0x00cedc    program     static D:\Projects\EggBot3-GH\EBB_firmware\app.X\source\RCServo2.c
                   __pa_6   0x006c92    program     static D:\Projects\EggBot3-GH\EBB_firmware\app.X\source\ebb.c
                   __pa_6   0x00c788    program     static E:\3.46\pic18-lt\cxx-framework\src\traditional\stdclib\sqrt.c
                   __pa_6   0x00b526    program     static E:\3.46\pic18-lt\cxx-framework\src\traditional\stdclib\vfprintf.c
                   __pa_6   0x00a970    program     static D:\Projects\EggBot3-GH\EBB_firmware\Microchip\USB\usb_device.c
                   __pa_6   0x00994a    program     static D:\Projects\EggBot3-GH\EBB_firmware\app.X\source\UBW.c
                   __pa_6   0x00cb40    program     static D:\Projects\EggBot3-GH\EBB_firmware\Microchip\USB\CDC Device Driver\usb_function_cdc.c
                   __pa_6   0x00d586    program     static E:\3.46\pic18-lt\cxx-framework\src\traditional\stdclib\PackMath.c
                  __pa_60   0x009bee    program     static D:\Projects\EggBot3-GH\EBB_firmware\app.X\source\UBW.c
                  __pa_60   0x0070fa    program     static D:\Projects\EggBot3-GH\EBB_firmware\app.X\source\ebb.c
                  __pa_61   0x009bf6    program     static D:\Projects\EggBot3-GH\EBB_firmware\app.X\source\UBW.c
                  __pa_61   0x007110    program     static D:\Projects\EggBot3-GH\EBB_firmware\app.X\source\ebb.c
                  __pa_62   0x009bfc    program     static D:\Projects\EggBot3-GH\EBB_firmware\app.X\source\UBW.c
                  __pa_62   0x00711c    program     static D:\Projects\EggBot3-GH\EBB_firmware\app.X\source\ebb.c
                  __pa_63   0x009c06    program     static D:\Projects\EggBot3-GH\EBB_firmware\app.X\source\UBW.c
                  __pa_63   0x007136    program     static D:\Projects\EggBot3-GH\EBB_firmware\app.X\source\ebb.c
                  __pa_64   0x009c10    program     static D:\Projects\EggBot3-GH\EBB_firmware\app.X\source\UBW.c
                  __pa_64   0x007150    program     static D:\Projects\EggBot3-GH\EBB_firmware\app.X\source\ebb.c
                  __pa_65   0x009c16    program     static D:\Projects\EggBot3-GH\EBB_firmware\app.X\source\UBW.c
                  __pa_65   0x00716a    program     static D:\Projects\EggBot3-GH\EBB_firmware\app.X\source\ebb.c
                  __pa_66   0x007184    program     static D:\Projects\EggBot3-GH\EBB_firmware\app.X\source\ebb.c
                  __pa_66   0x009c20    program     static D:\Projects\EggBot3-GH\EBB_firmware\app.X\source\UBW.c
                  __pa_67   0x00719e    program     static D:\Projects\EggBot3-GH\EBB_firmware\app.X\source\ebb.c
                  __pa_67   0x009c24    program     static D:\Projects\EggBot3-GH\EBB_firmware\app.X\source\UBW.c
                  __pa_68   0x0071b6    program     static D:\Projects\EggBot3-GH\EBB_firmware\app.X\source\ebb.c
                  __pa_68   0x009c2e    program     static D:\Projects\EggBot3-GH\EBB_firmware\app.X\source\UBW.c
                  __pa_69   0x0071c2    program     static D:\Projects\EggBot3-GH\EBB_firmware\app.X\source\ebb.c
                  __pa_69   0x009c3a    program     static D:\Projects\EggBot3-GH\EBB_firmware\app.X\source\UBW.c
                   __pa_7   0x00cee4    program     static D:\Projects\EggBot3-GH\EBB_firmware\app.X\source\RCServo2.c
                   __pa_7   0x00b530    program     static E:\3.46\pic18-lt\cxx-framework\src\traditional\stdclib\vfprintf.c
                   __pa_7   0x00c796    program     static E:\3.46\pic18-lt\cxx-framework\src\traditional\stdclib\sqrt.c
                   __pa_7   0x00cb4e    program     static D:\Projects\EggBot3-GH\EBB_firmware\Microchip\USB\CDC Device Driver\usb_function_cdc.c
                   __pa_7   0x006cac    program     static D:\Projects\EggBot3-GH\EBB_firmware\app.X\source\ebb.c
                   __pa_7   0x009954    program     static D:\Projects\EggBot3-GH\EBB_firmware\app.X\source\UBW.c
                   __pa_7   0x00a97a    program     static D:\Projects\EggBot3-GH\EBB_firmware\Microchip\USB\usb_device.c
                  __pa_70   0x0071cc    program     static D:\Projects\EggBot3-GH\EBB_firmware\app.X\source\ebb.c
                  __pa_70   0x009c46    program     static D:\Projects\EggBot3-GH\EBB_firmware\app.X\source\UBW.c
                  __pa_71   0x0071da    program     static D:\Projects\EggBot3-GH\EBB_firmware\app.X\source\ebb.c
                  __pa_71   0x009c4e    program     static D:\Projects\EggBot3-GH\EBB_firmware\app.X\source\UBW.c
                  __pa_72   0x0071e8    program     static D:\Projects\EggBot3-GH\EBB_firmware\app.X\source\ebb.c
                  __pa_72   0x009c56    program     static D:\Projects\EggBot3-GH\EBB_firmware\app.X\source\UBW.c
                  __pa_73   0x009c64    program     static D:\Projects\EggBot3-GH\EBB_firmware\app.X\source\UBW.c
                  __pa_73   0x0071f6    program     static D:\Projects\EggBot3-GH\EBB_firmware\app.X\source\ebb.c
                  __pa_74   0x009c6a    program     static D:\Projects\EggBot3-GH\EBB_firmware\app.X\source\UBW.c
                  __pa_74   0x0071fc    program     static D:\Projects\EggBot3-GH\EBB_firmware\app.X\source\ebb.c
                  __pa_75   0x009c74    program     static D:\Projects\EggBot3-GH\EBB_firmware\app.X\source\UBW.c
                  __pa_75   0x007210    program     static D:\Projects\EggBot3-GH\EBB_firmware\app.X\source\ebb.c
                  __pa_76   0x009c7e    program     static D:\Projects\EggBot3-GH\EBB_firmware\app.X\source\UBW.c
                  __pa_76   0x007224    program     static D:\Projects\EggBot3-GH\EBB_firmware\app.X\source\ebb.c
                  __pa_77   0x00722c    program     static D:\Projects\EggBot3-GH\EBB_firmware\app.X\source\ebb.c
                  __pa_77   0x009c88    program     static D:\Projects\EggBot3-GH\EBB_firmware\app.X\source\UBW.c
                  __pa_78   0x009c96    program     static D:\Projects\EggBot3-GH\EBB_firmware\app.X\source\UBW.c
                  __pa_78   0x00723e    program     static D:\Projects\EggBot3-GH\EBB_firmware\app.X\source\ebb.c
                  __pa_79   0x009ca2    program     static D:\Projects\EggBot3-GH\EBB_firmware\app.X\source\UBW.c
                  __pa_79   0x00724e    program     static D:\Projects\EggBot3-GH\EBB_firmware\app.X\source\ebb.c
                   __pa_8   0x00cb54    program     static D:\Projects\EggBot3-GH\EBB_firmware\Microchip\USB\CDC Device Driver\usb_function_cdc.c
                   __pa_8   0x00a98a    program     static D:\Projects\EggBot3-GH\EBB_firmware\Microchip\USB\usb_device.c
                   __pa_8   0x00c79e    program     static E:\3.46\pic18-lt\cxx-framework\src\traditional\stdclib\sqrt.c
                   __pa_8   0x00ceee    program     static D:\Projects\EggBot3-GH\EBB_firmware\app.X\source\RCServo2.c
                   __pa_8   0x00b53c    program     static E:\3.46\pic18-lt\cxx-framework\src\traditional\stdclib\vfprintf.c
                   __pa_8   0x006cc0    program     static D:\Projects\EggBot3-GH\EBB_firmware\app.X\source\ebb.c
                   __pa_8   0x00995e    program     static D:\Projects\EggBot3-GH\EBB_firmware\app.X\source\UBW.c
                  __pa_80   0x009cac    program     static D:\Projects\EggBot3-GH\EBB_firmware\app.X\source\UBW.c
                  __pa_80   0x007260    program     static D:\Projects\EggBot3-GH\EBB_firmware\app.X\source\ebb.c
                  __pa_81   0x00726c    program     static D:\Projects\EggBot3-GH\EBB_firmware\app.X\source\ebb.c
                  __pa_81   0x009cb8    program     static D:\Projects\EggBot3-GH\EBB_firmware\app.X\source\UBW.c
                  __pa_82   0x009cc4    program     static D:\Projects\EggBot3-GH\EBB_firmware\app.X\source\UBW.c
                  __pa_82   0x00727e    program     static D:\Projects\EggBot3-GH\EBB_firmware\app.X\source\ebb.c
                  __pa_83   0x009cce    program     static D:\Projects\EggBot3-GH\EBB_firmware\app.X\source\UBW.c
                  __pa_83   0x007286    program     static D:\Projects\EggBot3-GH\EBB_firmware\app.X\source\ebb.c
                  __pa_84   0x009cdc    program     static D:\Projects\EggBot3-GH\EBB_firmware\app.X\source\UBW.c
                  __pa_84   0x00728e    program     static D:\Projects\EggBot3-GH\EBB_firmware\app.X\source\ebb.c
                  __pa_85   0x009ce8    program     static D:\Projects\EggBot3-GH\EBB_firmware\app.X\source\UBW.c
                  __pa_85   0x007298    program     static D:\Projects\EggBot3-GH\EBB_firmware\app.X\source\ebb.c
                  __pa_86   0x009cf4    program     static D:\Projects\EggBot3-GH\EBB_firmware\app.X\source\UBW.c
                  __pa_86   0x0072a8    program     static D:\Projects\EggBot3-GH\EBB_firmware\app.X\source\ebb.c
                  __pa_87   0x009cfc    program     static D:\Projects\EggBot3-GH\EBB_firmware\app.X\source\UBW.c
                  __pa_87   0x0072b0    program     static D:\Projects\EggBot3-GH\EBB_firmware\app.X\source\ebb.c
                  __pa_88   0x009d06    program     static D:\Projects\EggBot3-GH\EBB_firmware\app.X\source\UBW.c
                  __pa_88   0x0072be    program     static D:\Projects\EggBot3-GH\EBB_firmware\app.X\source\ebb.c
                  __pa_89   0x0072cc    program     static D:\Projects\EggBot3-GH\EBB_firmware\app.X\source\ebb.c
                  __pa_89   0x009d0e    program     static D:\Projects\EggBot3-GH\EBB_firmware\app.X\source\UBW.c
                   __pa_9   0x00b55e    program     static E:\3.46\pic18-lt\cxx-framework\src\traditional\stdclib\vfprintf.c
                   __pa_9   0x00c7a8    program     static E:\3.46\pic18-lt\cxx-framework\src\traditional\stdclib\sqrt.c
                   __pa_9   0x006cd2    program     static D:\Projects\EggBot3-GH\EBB_firmware\app.X\source\ebb.c
                   __pa_9   0x009966    program     static D:\Projects\EggBot3-GH\EBB_firmware\app.X\source\UBW.c
                   __pa_9   0x00cb62    program     static D:\Projects\EggBot3-GH\EBB_firmware\Microchip\USB\CDC Device Driver\usb_function_cdc.c
                   __pa_9   0x00a994    program     static D:\Projects\EggBot3-GH\EBB_firmware\Microchip\USB\usb_device.c
                  __pa_90   0x0072da    program     static D:\Projects\EggBot3-GH\EBB_firmware\app.X\source\ebb.c
                  __pa_90   0x009d16    program     static D:\Projects\EggBot3-GH\EBB_firmware\app.X\source\UBW.c
                  __pa_91   0x0072e8    program     static D:\Projects\EggBot3-GH\EBB_firmware\app.X\source\ebb.c
                  __pa_91   0x009d1e    program     static D:\Projects\EggBot3-GH\EBB_firmware\app.X\source\UBW.c
                  __pa_92   0x0072f2    program     static D:\Projects\EggBot3-GH\EBB_firmware\app.X\source\ebb.c
                  __pa_92   0x009d26    program     static D:\Projects\EggBot3-GH\EBB_firmware\app.X\source\UBW.c
                  __pa_93   0x0072fc    program     static D:\Projects\EggBot3-GH\EBB_firmware\app.X\source\ebb.c
[...]
               TXSTA2bits   0x000fa8       data     extern E:\3.46\pic18-lt\cxx-framework\src\traditional\proc\p18f46j50.asm
                   TXSTA2   0x000fa8       data     extern E:\3.46\pic18-lt\cxx-framework\src\traditional\proc\p18f46j50.asm
                   TXREG2   0x000fa9       data     extern E:\3.46\pic18-lt\cxx-framework\src\traditional\proc\p18f46j50.asm
                   RCREG2   0x000faa       data     extern E:\3.46\pic18-lt\cxx-framework\src\traditional\proc\p18f46j50.asm
                   SPBRG2   0x000fab       data     extern E:\3.46\pic18-lt\cxx-framework\src\traditional\proc\p18f46j50.asm
                RCSTAbits   0x000fac       data     extern E:\3.46\pic18-lt\cxx-framework\src\traditional\proc\p18f46j50.asm
               RCSTA1bits   0x000fac       data     extern E:\3.46\pic18-lt\cxx-framework\src\traditional\proc\p18f46j50.asm
                   RCSTA1   0x000fac       data     extern E:\3.46\pic18-lt\cxx-framework\src\traditional\proc\p18f46j50.asm
                    RCSTA   0x000fac       data     extern E:\3.46\pic18-lt\cxx-framework\src\traditional\proc\p18f46j50.asm
                    TXSTA   0x000fad       data     extern E:\3.46\pic18-lt\cxx-framework\src\traditional\proc\p18f46j50.asm
                   TXSTA1   0x000fad       data     extern E:\3.46\pic18-lt\cxx-framework\src\traditional\proc\p18f46j50.asm
               TXSTA1bits   0x000fad       data     extern E:\3.46\pic18-lt\cxx-framework\src\traditional\proc\p18f46j50.asm
                TXSTAbits   0x000fad       data     extern E:\3.46\pic18-lt\cxx-framework\src\traditional\proc\p18f46j50.asm
                    TXREG   0x000fae       data     extern E:\3.46\pic18-lt\cxx-framework\src\traditional\proc\p18f46j50.asm
                   TXREG1   0x000fae       data     extern E:\3.46\pic18-lt\cxx-framework\src\traditional\proc\p18f46j50.asm
                    RCREG   0x000faf       data     extern E:\3.46\pic18-lt\cxx-framework\src\traditional\proc\p18f46j50.asm
                   RCREG1   0x000faf       data     extern E:\3.46\pic18-lt\cxx-framework\src\traditional\proc\p18f46j50.asm
                    SPBRG   0x000fb0       data     extern E:\3.46\pic18-lt\cxx-framework\src\traditional\proc\p18f46j50.asm
                   SPBRG1   0x000fb0       data     extern E:\3.46\pic18-lt\cxx-framework\src\traditional\proc\p18f46j50.asm
                 CTMUICON   0x000fb1       data     extern E:\3.46\pic18-lt\cxx-framework\src\traditional\proc\p18f46j50.asm
             CTMUICONbits   0x000fb1       data     extern E:\3.46\pic18-lt\cxx-framework\src\traditional\proc\p18f46j50.asm
             CTMUCONLbits   0x000fb2       data     extern E:\3.46\pic18-lt\cxx-framework\src\traditional\proc\p18f46j50.asm
                 CTMUCONL   0x000fb2       data     extern E:\3.46\pic18-lt\cxx-framework\src\traditional\proc\p18f46j50.asm
             CTMUCONHbits   0x000fb3       data     extern E:\3.46\pic18-lt\cxx-framework\src\traditional\proc\p18f46j50.asm
                 CTMUCONH   0x000fb3       data     extern E:\3.46\pic18-lt\cxx-framework\src\traditional\proc\p18f46j50.asm
                 ECCP2CON   0x000fb4       data     extern E:\3.46\pic18-lt\cxx-framework\src\traditional\proc\p18f46j50.asm
              CCP2CONbits   0x000fb4       data     extern E:\3.46\pic18-lt\cxx-framework\src\traditional\proc\p18f46j50.asm
             ECCP2CONbits   0x000fb4       data     extern E:\3.46\pic18-lt\cxx-framework\src\traditional\proc\p18f46j50.asm
                  CCP2CON   0x000fb4       data     extern E:\3.46\pic18-lt\cxx-framework\src\traditional\proc\p18f46j50.asm
                   CCPR2L   0x000fb5       data     extern E:\3.46\pic18-lt\cxx-framework\src\traditional\proc\p18f46j50.asm
                    CCPR2   0x000fb5       data     extern E:\3.46\pic18-lt\cxx-framework\src\traditional\proc\p18f46j50.asm
                   CCPR2H   0x000fb6       data     extern E:\3.46\pic18-lt\cxx-framework\src\traditional\proc\p18f46j50.asm
             ECCP2DELbits   0x000fb7       data     extern E:\3.46\pic18-lt\cxx-framework\src\traditional\proc\p18f46j50.asm
                 ECCP2DEL   0x000fb7       data     extern E:\3.46\pic18-lt\cxx-framework\src\traditional\proc\p18f46j50.asm
              PWM2CONbits   0x000fb7       data     extern E:\3.46\pic18-lt\cxx-framework\src\traditional\proc\p18f46j50.asm
                  PWM2CON   0x000fb7       data     extern E:\3.46\pic18-lt\cxx-framework\src\traditional\proc\p18f46j50.asm
              ECCP2ASbits   0x000fb8       data     extern E:\3.46\pic18-lt\cxx-framework\src\traditional\proc\p18f46j50.asm
                  ECCP2AS   0x000fb8       data     extern E:\3.46\pic18-lt\cxx-framework\src\traditional\proc\p18f46j50.asm
                 PSTR2CON   0x000fb9       data     extern E:\3.46\pic18-lt\cxx-framework\src\traditional\proc\p18f46j50.asm
             PSTR2CONbits   0x000fb9       data     extern E:\3.46\pic18-lt\cxx-framework\src\traditional\proc\p18f46j50.asm
              CCP1CONbits   0x000fba       data     extern E:\3.46\pic18-lt\cxx-framework\src\traditional\proc\p18f46j50.asm
                  CCP1CON   0x000fba       data     extern E:\3.46\pic18-lt\cxx-framework\src\traditional\proc\p18f46j50.asm
             ECCP1CONbits   0x000fba       data     extern E:\3.46\pic18-lt\cxx-framework\src\traditional\proc\p18f46j50.asm
                 ECCP1CON   0x000fba       data     extern E:\3.46\pic18-lt\cxx-framework\src\traditional\proc\p18f46j50.asm
                   CCPR1L   0x000fbb       data     extern E:\3.46\pic18-lt\cxx-framework\src\traditional\proc\p18f46j50.asm
                    CCPR1   0x000fbb       data     extern E:\3.46\pic18-lt\cxx-framework\src\traditional\proc\p18f46j50.asm
                   CCPR1H   0x000fbc       data     extern E:\3.46\pic18-lt\cxx-framework\src\traditional\proc\p18f46j50.asm
                  PWM1CON   0x000fbd       data     extern E:\3.46\pic18-lt\cxx-framework\src\traditional\proc\p18f46j50.asm
              PWM1CONbits   0x000fbd       data     extern E:\3.46\pic18-lt\cxx-framework\src\traditional\proc\p18f46j50.asm
             ECCP1DELbits   0x000fbd       data     extern E:\3.46\pic18-lt\cxx-framework\src\traditional\proc\p18f46j50.asm
                 ECCP1DEL   0x000fbd       data     extern E:\3.46\pic18-lt\cxx-framework\src\traditional\proc\p18f46j50.asm
              ECCP1ASbits   0x000fbe       data     extern E:\3.46\pic18-lt\cxx-framework\src\traditional\proc\p18f46j50.asm
                  ECCP1AS   0x000fbe       data     extern E:\3.46\pic18-lt\cxx-framework\src\traditional\proc\p18f46j50.asm
             PSTR1CONbits   0x000fbf       data     extern E:\3.46\pic18-lt\cxx-framework\src\traditional\proc\p18f46j50.asm
                 PSTR1CON   0x000fbf       data     extern E:\3.46\pic18-lt\cxx-framework\src\traditional\proc\p18f46j50.asm
                   WDTCON   0x000fc0       data     extern E:\3.46\pic18-lt\cxx-framework\src\traditional\proc\p18f46j50.asm
               WDTCONbits   0x000fc0       data     extern E:\3.46\pic18-lt\cxx-framework\src\traditional\proc\p18f46j50.asm
                   ADCON1   0x000fc1       data     extern E:\3.46\pic18-lt\cxx-framework\src\traditional\proc\p18f46j50.asm
               ADCON1bits   0x000fc1       data     extern E:\3.46\pic18-lt\cxx-framework\src\traditional\proc\p18f46j50.asm
               ADCON0bits   0x000fc2       data     extern E:\3.46\pic18-lt\cxx-framework\src\traditional\proc\p18f46j50.asm
                   ADCON0   0x000fc2       data     extern E:\3.46\pic18-lt\cxx-framework\src\traditional\proc\p18f46j50.asm
                    ADRES   0x000fc3       data     extern E:\3.46\pic18-lt\cxx-framework\src\traditional\proc\p18f46j50.asm
                   ADRESL   0x000fc3       data     extern E:\3.46\pic18-lt\cxx-framework\src\traditional\proc\p18f46j50.asm
                   ADRESH   0x000fc4       data     extern E:\3.46\pic18-lt\cxx-framework\src\traditional\proc\p18f46j50.asm
             SSP1CON2bits   0x000fc5       data     extern E:\3.46\pic18-lt\cxx-framework\src\traditional\proc\p18f46j50.asm
                  SSPCON2   0x000fc5       data     extern E:\3.46\pic18-lt\cxx-framework\src\traditional\proc\p18f46j50.asm
              SSPCON2bits   0x000fc5       data     extern E:\3.46\pic18-lt\cxx-framework\src\traditional\proc\p18f46j50.asm
                 SSP1CON2   0x000fc5       data     extern E:\3.46\pic18-lt\cxx-framework\src\traditional\proc\p18f46j50.asm
                  SSPCON1   0x000fc6       data     extern E:\3.46\pic18-lt\cxx-framework\src\traditional\proc\p18f46j50.asm
              SSPCON1bits   0x000fc6       data     extern E:\3.46\pic18-lt\cxx-framework\src\traditional\proc\p18f46j50.asm
                 SSP1CON1   0x000fc6       data     extern E:\3.46\pic18-lt\cxx-framework\src\traditional\proc\p18f46j50.asm
             SSP1CON1bits   0x000fc6       data     extern E:\3.46\pic18-lt\cxx-framework\src\traditional\proc\p18f46j50.asm
                  SSPSTAT   0x000fc7       data     extern E:\3.46\pic18-lt\cxx-framework\src\traditional\proc\p18f46j50.asm
              SSPSTATbits   0x000fc7       data     extern E:\3.46\pic18-lt\cxx-framework\src\traditional\proc\p18f46j50.asm
                 SSP1STAT   0x000fc7       data     extern E:\3.46\pic18-lt\cxx-framework\src\traditional\proc\p18f46j50.asm
             SSP1STATbits   0x000fc7       data     extern E:\3.46\pic18-lt\cxx-framework\src\traditional\proc\p18f46j50.asm
                   SSPADD   0x000fc8       data     extern E:\3.46\pic18-lt\cxx-framework\src\traditional\proc\p18f46j50.asm
              SSP1ADDbits   0x000fc8       data     extern E:\3.46\pic18-lt\cxx-framework\src\traditional\proc\p18f46j50.asm
                  SSP1ADD   0x000fc8       data     extern E:\3.46\pic18-lt\cxx-framework\src\traditional\proc\p18f46j50.asm
               SSPADDbits   0x000fc8       data     extern E:\3.46\pic18-lt\cxx-framework\src\traditional\proc\p18f46j50.asm
                  SSP1BUF   0x000fc9       data     extern E:\3.46\pic18-lt\cxx-framework\src\traditional\proc\p18f46j50.asm
                   SSPBUF   0x000fc9       data     extern E:\3.46\pic18-lt\cxx-framework\src\traditional\proc\p18f46j50.asm
                T2CONbits   0x000fca       data     extern E:\3.46\pic18-lt\cxx-framework\src\traditional\proc\p18f46j50.asm
                    T2CON   0x000fca       data     extern E:\3.46\pic18-lt\cxx-framework\src\traditional\proc\p18f46j50.asm
                      PR2   0x000fcb       data     extern E:\3.46\pic18-lt\cxx-framework\src\traditional\proc\p18f46j50.asm
                     TMR2   0x000fcc       data     extern E:\3.46\pic18-lt\cxx-framework\src\traditional\proc\p18f46j50.asm
                T1CONbits   0x000fcd       data     extern E:\3.46\pic18-lt\cxx-framework\src\traditional\proc\p18f46j50.asm
                    T1CON   0x000fcd       data     extern E:\3.46\pic18-lt\cxx-framework\src\traditional\proc\p18f46j50.asm
                    TMR1L   0x000fce       data     extern E:\3.46\pic18-lt\cxx-framework\src\traditional\proc\p18f46j50.asm
                    TMR1H   0x000fcf       data     extern E:\3.46\pic18-lt\cxx-framework\src\traditional\proc\p18f46j50.asm
                 RCONbits   0x000fd0       data     extern E:\3.46\pic18-lt\cxx-framework\src\traditional\proc\p18f46j50.asm
                     RCON   0x000fd0       data     extern E:\3.46\pic18-lt\cxx-framework\src\traditional\proc\p18f46j50.asm
               CM2CONbits   0x000fd1       data     extern E:\3.46\pic18-lt\cxx-framework\src\traditional\proc\p18f46j50.asm
              CM2CON1bits   0x000fd1       data     extern E:\3.46\pic18-lt\cxx-framework\src\traditional\proc\p18f46j50.asm
                  CM2CON1   0x000fd1       data     extern E:\3.46\pic18-lt\cxx-framework\src\traditional\proc\p18f46j50.asm
                   CM2CON   0x000fd1       data     extern E:\3.46\pic18-lt\cxx-framework\src\traditional\proc\p18f46j50.asm
               CM1CONbits   0x000fd2       data     extern E:\3.46\pic18-lt\cxx-framework\src\traditional\proc\p18f46j50.asm
              CM1CON1bits   0x000fd2       data     extern E:\3.46\pic18-lt\cxx-framework\src\traditional\proc\p18f46j50.asm
                  CM1CON1   0x000fd2       data     extern E:\3.46\pic18-lt\cxx-framework\src\traditional\proc\p18f46j50.asm
                   CM1CON   0x000fd2       data     extern E:\3.46\pic18-lt\cxx-framework\src\traditional\proc\p18f46j50.asm
                   OSCCON   0x000fd3       data     extern E:\3.46\pic18-lt\cxx-framework\src\traditional\proc\p18f46j50.asm
               OSCCONbits   0x000fd3       data     extern E:\3.46\pic18-lt\cxx-framework\src\traditional\proc\p18f46j50.asm
                    T0CON   0x000fd5       data     extern E:\3.46\pic18-lt\cxx-framework\src\traditional\proc\p18f46j50.asm
                T0CONbits   0x000fd5       data     extern E:\3.46\pic18-lt\cxx-framework\src\traditional\proc\p18f46j50.asm
                    TMR0L   0x000fd6       data     extern E:\3.46\pic18-lt\cxx-framework\src\traditional\proc\p18f46j50.asm
                    TMR0H   0x000fd7       data     extern E:\3.46\pic18-lt\cxx-framework\src\traditional\proc\p18f46j50.asm
               STATUSbits   0x000fd8       data     extern E:\3.46\pic18-lt\cxx-framework\src\traditional\proc\p18f46j50.asm
                   STATUS   0x000fd8       data     extern E:\3.46\pic18-lt\cxx-framework\src\traditional\proc\p18f46j50.asm
                    FSR2L   0x000fd9       data     extern E:\3.46\pic18-lt\cxx-framework\src\traditional\proc\p18f46j50.asm
                     FSR2   0x000fd9       data     extern E:\3.46\pic18-lt\cxx-framework\src\traditional\proc\p18f46j50.asm
                    FSR2H   0x000fda       data     extern E:\3.46\pic18-lt\cxx-framework\src\traditional\proc\p18f46j50.asm
                   PLUSW2   0x000fdb       data     extern E:\3.46\pic18-lt\cxx-framework\src\traditional\proc\p18f46j50.asm
                  PREINC2   0x000fdc       data     extern E:\3.46\pic18-lt\cxx-framework\src\traditional\proc\p18f46j50.asm
                 POSTDEC2   0x000fdd       data     extern E:\3.46\pic18-lt\cxx-framework\src\traditional\proc\p18f46j50.asm
                 POSTINC2   0x000fde       data     extern E:\3.46\pic18-lt\cxx-framework\src\traditional\proc\p18f46j50.asm
                    INDF2   0x000fdf       data     extern E:\3.46\pic18-lt\cxx-framework\src\traditional\proc\p18f46j50.asm
                      BSR   0x000fe0       data     extern E:\3.46\pic18-lt\cxx-framework\src\traditional\proc\p18f46j50.asm
                     FSR1   0x000fe1       data     extern E:\3.46\pic18-lt\cxx-framework\src\traditional\proc\p18f46j50.asm
                    FSR1L   0x000fe1       data     extern E:\3.46\pic18-lt\cxx-framework\src\traditional\proc\p18f46j50.asm
                    FSR1H   0x000fe2       data     extern E:\3.46\pic18-lt\cxx-framework\src\traditional\proc\p18f46j50.asm
                   PLUSW1   0x000fe3       data     extern E:\3.46\pic18-lt\cxx-framework\src\traditional\proc\p18f46j50.asm
                  PREINC1   0x000fe4       data     extern E:\3.46\pic18-lt\cxx-framework\src\traditional\proc\p18f46j50.asm
                 POSTDEC1   0x000fe5       data     extern E:\3.46\pic18-lt\cxx-framework\src\traditional\proc\p18f46j50.asm
                 POSTINC1   0x000fe6       data     extern E:\3.46\pic18-lt\cxx-framework\src\traditional\proc\p18f46j50.asm
                    INDF1   0x000fe7       data     extern E:\3.46\pic18-lt\cxx-framework\src\traditional\proc\p18f46j50.asm
                     WREG   0x000fe8       data     extern E:\3.46\pic18-lt\cxx-framework\src\traditional\proc\p18f46j50.asm
                    FSR0L   0x000fe9       data     extern E:\3.46\pic18-lt\cxx-framework\src\traditional\proc\p18f46j50.asm
                     FSR0   0x000fe9       data     extern E:\3.46\pic18-lt\cxx-framework\src\traditional\proc\p18f46j50.asm
                    FSR0H   0x000fea       data     extern E:\3.46\pic18-lt\cxx-framework\src\traditional\proc\p18f46j50.asm
                   PLUSW0   0x000feb       data     extern E:\3.46\pic18-lt\cxx-framework\src\traditional\proc\p18f46j50.asm
                  PREINC0   0x000fec       data     extern E:\3.46\pic18-lt\cxx-framework\src\traditional\proc\p18f46j50.asm
                 POSTDEC0   0x000fed       data     extern E:\3.46\pic18-lt\cxx-framework\src\traditional\proc\p18f46j50.asm
                 POSTINC0   0x000fee       data     extern E:\3.46\pic18-lt\cxx-framework\src\traditional\proc\p18f46j50.asm
                    INDF0   0x000fef       data     extern E:\3.46\pic18-lt\cxx-framework\src\traditional\proc\p18f46j50.asm
              INTCON3bits   0x000ff0       data     extern E:\3.46\pic18-lt\cxx-framework\src\traditional\proc\p18f46j50.asm
                  INTCON3   0x000ff0       data     extern E:\3.46\pic18-lt\cxx-framework\src\traditional\proc\p18f46j50.asm
              INTCON2bits   0x000ff1       data     extern E:\3.46\pic18-lt\cxx-framework\src\traditional\proc\p18f46j50.asm
                  INTCON2   0x000ff1       data     extern E:\3.46\pic18-lt\cxx-framework\src\traditional\proc\p18f46j50.asm
               INTCONbits   0x000ff2       data     extern E:\3.46\pic18-lt\cxx-framework\src\traditional\proc\p18f46j50.asm
                   INTCON   0x000ff2       data     extern E:\3.46\pic18-lt\cxx-framework\src\traditional\proc\p18f46j50.asm
                    PRODL   0x000ff3       data     extern E:\3.46\pic18-lt\cxx-framework\src\traditional\proc\p18f46j50.asm
                     PROD   0x000ff3       data     extern E:\3.46\pic18-lt\cxx-framework\src\traditional\proc\p18f46j50.asm
                    PRODH   0x000ff4       data     extern E:\3.46\pic18-lt\cxx-framework\src\traditional\proc\p18f46j50.asm
                   TABLAT   0x000ff5       data     extern E:\3.46\pic18-lt\cxx-framework\src\traditional\proc\p18f46j50.asm
                   TBLPTR   0x000ff6       data     extern E:\3.46\pic18-lt\cxx-framework\src\traditional\proc\p18f46j50.asm
                  TBLPTRL   0x000ff6       data     extern E:\3.46\pic18-lt\cxx-framework\src\traditional\proc\p18f46j50.asm
                  TBLPTRH   0x000ff7       data     extern E:\3.46\pic18-lt\cxx-framework\src\traditional\proc\p18f46j50.asm
                  TBLPTRU   0x000ff8       data     extern E:\3.46\pic18-lt\cxx-framework\src\traditional\proc\p18f46j50.asm
                       PC   0x000ff9       data     extern E:\3.46\pic18-lt\cxx-framework\src\traditional\proc\p18f46j50.asm
                      PCL   0x000ff9       data     extern E:\3.46\pic18-lt\cxx-framework\src\traditional\proc\p18f46j50.asm
                   PCLATH   0x000ffa       data     extern E:\3.46\pic18-lt\cxx-framework\src\traditional\proc\p18f46j50.asm
                   PCLATU   0x000ffb       data     extern E:\3.46\pic18-lt\cxx-framework\src\traditional\proc\p18f46j50.asm
                   STKPTR   0x000ffc       data     extern E:\3.46\pic18-lt\cxx-framework\src\traditional\proc\p18f46j50.asm
               STKPTRbits   0x000ffc       data     extern E:\3.46\pic18-lt\cxx-framework\src\traditional\proc\p18f46j50.asm
                      TOS   0x000ffd       data     extern E:\3.46\pic18-lt\cxx-framework\src\traditional\proc\p18f46j50.asm
                     TOSL   0x000ffd       data     extern E:\3.46\pic18-lt\cxx-framework\src\traditional\proc\p18f46j50.asm
                     TOSH   0x000ffe       data     extern E:\3.46\pic18-lt\cxx-framework\src\traditional\proc\p18f46j50.asm
                     TOSU   0x000fff       data     extern E:\3.46\pic18-lt\cxx-framework\src\traditional\proc\p18f46j50.asm


