MPLINK 5.00, LINKER
Linker Map File - Created Tue Nov 05 19:53:10 2019

                                 Section Info
                  Section       Type    Address   Location Size(Bytes)
                ---------  ---------  ---------  ---------  ---------
    REMAPPED_RESET_VECTOR       code   0x001000    program   0x000006
REMAPPED_HIGH_INTERRUPT_VECTOR       code   0x001008    program   0x000006
REMAPPED_LOW_INTERRUPT_VECTOR       code   0x001018    program   0x000006
                   .cinit    romdata   0x00102a    program   0x000032
      .romdata_ebb_demo.o    romdata   0x00105c    program   0x00388c
              .code_ebb.o       code   0x0048e8    program   0x002ddc
              .code_UBW.o       code   0x0076c4    program   0x002730
       .code_usb_device.o       code   0x009df4    program   0x000da4
         .code_vfprintf.o       code   0x00ab98    program   0x000c22
                     PROG       code   0x00b7ba    program   0x0005ea
             .stringtable    romdata   0x00bda4    program   0x0005e8
             .code_sqrt.o       code   0x00c38c    program   0x000442
 .code_usb_function_cdc.o       code   0x00c7ce    program   0x0003fc
         .code_RCServo2.o       code   0x00cbca    program   0x00034a
  .code_WriteBytesFlash.o       code   0x00cf14    program   0x0001de
             .code_main.o       code   0x00d0f2    program   0x000148
            .code_ldexp.o       code   0x00d23a    program   0x000138
         .code_UnpkMath.o       code   0x00d372    program   0x00011c
         .code_PackMath.o       code   0x00d48e    program   0x00011a
       .code_EraseFlash.o       code   0x00d5a8    program   0x0000f8
               _cinit_scn       code   0x00d6a0    program   0x00009e
                   STRING       code   0x00d73e    program   0x00009a
           .code_printf.o       code   0x00d7d8    program   0x000098
        .code_ReadFlash.o       code   0x00d870    program   0x000092
             .code_putc.o       code   0x00d902    program   0x000084
          .code_fxm3232.o       code   0x00d986    program   0x000070
.romdata_usb_descriptors.o    romdata   0x00d9f6    program   0x000057
      .idata_UnpkMath.o_i    romdata   0x00da4d    program   0x000000
        .idata_printf.o_i    romdata   0x00da4d    program   0x000000
       .romdata_pow2x16.o    romdata   0x00da4d    program   0x000000
         .idata_ldexp.o_i    romdata   0x00da4d    program   0x000000
          .romdata_sqrt.o    romdata   0x00da4d    program   0x000000
        .romdata___init.o    romdata   0x00da4d    program   0x000000
      .idata_PackMath.o_i    romdata   0x00da4d    program   0x000000
         .romdata_errno.o    romdata   0x00da4d    program   0x000000
     .romdata_ReadFlash.o    romdata   0x00da4d    program   0x000000
       .romdata_fxm3232.o    romdata   0x00da4d    program   0x000000
      .idata_fxd1616u.o_i    romdata   0x00da4d    program   0x000000
         .idata_c018i.o_i    romdata   0x00da4d    program   0x000000
.romdata_usb_function_cdc.o    romdata   0x00da4d    program   0x000000
    .idata_usb_device.o_i    romdata   0x00da4d    program   0x000000
    .romdata_EraseFlash.o    romdata   0x00da4d    program   0x000000
           .code_stdout.o       code   0x00da4e    program   0x000000
                    CTYPE       code   0x00da4e    program   0x00004c
            .code_c018i.o       code   0x00da4e    program   0x000000
         .code_fxd3232u.o       code   0x00da9a    program   0x000048
           .romdata_UBW.o    romdata   0x00dae2    program   0x000035
         .idata_errno.o_i    romdata   0x00db17    program   0x000000
    .romdata_usb_device.o    romdata   0x00db17    program   0x000000
      .romdata_fxd3232u.o    romdata   0x00db17    program   0x000000
       .idata_fxm3232.o_i    romdata   0x00db17    program   0x000000
           .romdata_ebb.o    romdata   0x00db17    program   0x000000
          .romdata_main.o    romdata   0x00db17    program   0x000000
    .idata_EraseFlash.o_i    romdata   0x00db17    program   0x000000
          .idata_sqrt.o_i    romdata   0x00db17    program   0x000000
      .romdata_RCServo2.o    romdata   0x00db17    program   0x000000
     .idata_ReadFlash.o_i    romdata   0x00db17    program   0x000000
      .idata_vfprintf.o_i    romdata   0x00db17    program   0x000000
       .idata_pow2x16.o_i    romdata   0x00db17    program   0x000000
        .idata___init.o_i    romdata   0x00db17    program   0x000000
          .romdata_putc.o    romdata   0x00db17    program   0x000000
.romdata_WriteBytesFlash.o    romdata   0x00db17    program   0x000000
         .code_fxd1616u.o       code   0x00db18    program   0x00002c
            .code_errno.o       code   0x00db18    program   0x000000
                    .code       code   0x00db44    program   0x000020
             _startup_scn       code   0x00db64    program   0x00001c
                    STDIO       code   0x00db80    program   0x00001c
          .code_pow2x16.o       code   0x00db9c    program   0x000016
      .romdata_vfprintf.o    romdata   0x00dbb2    program   0x000011
        .romdata_stdout.o    romdata   0x00dbc3    program   0x000000
          .idata_putc.o_i    romdata   0x00dbc3    program   0x000000
         .romdata_ldexp.o    romdata   0x00dbc3    program   0x000000
         .romdata_c018i.o    romdata   0x00dbc3    program   0x000000
      .idata_fxd3232u.o_i    romdata   0x00dbc3    program   0x000000
.idata_WriteBytesFlash.o_i    romdata   0x00dbc3    program   0x000000
      .idata_ebb_demo.o_i    romdata   0x00dbc3    program   0x000000
        .romdata_printf.o    romdata   0x00dbc3    program   0x000000
      .idata_RCServo2.o_i    romdata   0x00dbc3    program   0x000000
          .idata_main.o_i    romdata   0x00dbc3    program   0x000000
      .romdata_fxd1616u.o    romdata   0x00dbc3    program   0x000000
      .romdata_PackMath.o    romdata   0x00dbc3    program   0x000000
      .romdata_UnpkMath.o    romdata   0x00dbc3    program   0x000000
.idata_usb_function_cdc.o_i    romdata   0x00dbc3    program   0x000000
           .code___init.o       code   0x00dbc4    program   0x000002
  .code_usb_descriptors.o       code   0x00dbc4    program   0x000000
         .code_ebb_demo.o       code   0x00dbc4    program   0x000000
.idata_usb_descriptors.o_i    romdata   0x00dbc6    program   0x00007e
        .idata_stdout.o_i    romdata   0x00dc44    program   0x000002
           .idata_ebb.o_i    romdata   0x00dc46    program   0x000009
           .idata_UBW.o_i    romdata   0x00dc4f    program   0x0000e9
                 .tmpdata      udata   0x000000       data   0x000034
                MATH_DATA      udata   0x000034       data   0x000014
              low_ISR_tmp      udata   0x000048       data   0x000004
             high_ISR_tmp      udata   0x00004c       data   0x000004
                  ISR_buf      udata   0x000100       data   0x000071
               com_tx_buf      udata   0x000200       data   0x000080
 .idata_usb_descriptors.o      idata   0x000280       data   0x00007e
            .udata_main.o      udata   0x0002fe       data   0x000002
               com_rx_buf      udata   0x000300       data   0x000100
                  USB_BDT      udata   0x000400       data   0x000078
      .udata_usb_device.o      udata   0x000478       data   0x000034
             .idata_UBW.o      idata   0x000500       data   0x0000e9
           .udata_c018i.o      udata   0x0005e9       data   0x00000a
           .udata_errno.o      udata   0x0005f3       data   0x000002
          .idata_stdout.o      idata   0x0005f5       data   0x000002
        .idata_PackMath.o      idata   0x0005f7       data   0x000000
      .udata_EraseFlash.o      udata   0x0005f7       data   0x000000
      .idata_EraseFlash.o      idata   0x0005f7       data   0x000000
        .udata_fxd3232u.o      udata   0x0005f7       data   0x000000
        .idata_fxd3232u.o      idata   0x0005f7       data   0x000000
         .udata_fxm3232.o      udata   0x0005f7       data   0x000000
         .idata_fxm3232.o      idata   0x0005f7       data   0x000000
       .udata_ReadFlash.o      udata   0x0005f7       data   0x000000
       .idata_ReadFlash.o      idata   0x0005f7       data   0x000000
 .udata_WriteBytesFlash.o      udata   0x0005f7       data   0x000000
 .idata_WriteBytesFlash.o      idata   0x0005f7       data   0x000000
          .udata___init.o      udata   0x0005f7       data   0x000000
          .idata___init.o      idata   0x0005f7       data   0x000000
         .udata_pow2x16.o      udata   0x0005f7       data   0x000000
         .idata_pow2x16.o      idata   0x0005f7       data   0x000000
          .udata_printf.o      udata   0x0005f7       data   0x000000
          .idata_printf.o      idata   0x0005f7       data   0x000000
            .udata_sqrt.o      udata   0x0005f7       data   0x000000
            .idata_sqrt.o      idata   0x0005f7       data   0x000000
        .udata_fxd1616u.o      udata   0x0005f7       data   0x000000
        .idata_fxd1616u.o      idata   0x0005f7       data   0x000000
        .udata_PackMath.o      udata   0x0005f7       data   0x000000
        .idata_RCServo2.o      idata   0x0005f7       data   0x000000
            .idata_putc.o      idata   0x0005f7       data   0x000000
            .idata_main.o      idata   0x0005f7       data   0x000000
.idata_usb_function_cdc.o      idata   0x0005f7       data   0x000000
 .udata_usb_descriptors.o      udata   0x0005f7       data   0x000000
        .udata_ebb_demo.o      udata   0x0005f7       data   0x000000
        .idata_ebb_demo.o      idata   0x0005f7       data   0x000000
            .udata_putc.o      udata   0x0005f7       data   0x000000
        .idata_vfprintf.o      idata   0x0005f7       data   0x000000
        .udata_vfprintf.o      udata   0x0005f7       data   0x000000
      .idata_usb_device.o      idata   0x0005f7       data   0x000000
          .udata_stdout.o      udata   0x0005f7       data   0x000000
           .idata_ldexp.o      idata   0x0005f7       data   0x000000
           .udata_ldexp.o      udata   0x0005f7       data   0x000000
           .idata_errno.o      idata   0x0005f7       data   0x000000
           .idata_c018i.o      idata   0x0005f7       data   0x000000
        .idata_UnpkMath.o      idata   0x0005f7       data   0x000000
        .udata_UnpkMath.o      udata   0x0005f7       data   0x000000
             .udata_ebb.o      udata   0x000600       data   0x0000e5
.udata_usb_function_cdc.o      udata   0x000700       data   0x0000a8
             .udata_UBW.o      udata   0x0007a8       data   0x00003d
                   .stack      udata   0x000d00       data   0x000100
        .udata_RCServo2.o      udata   0x000e00       data   0x0000b7
             .idata_ebb.o      idata   0x000eb7       data   0x000009
              SFR_BANKED0      udata   0x000ec6       data   0x00000e
              SFR_BANKED1      udata   0x000ed7       data   0x000008
              SFR_BANKED2      udata   0x000ee7       data   0x000004
              SFR_BANKED3      udata   0x000eec       data   0x000003
              SFR_BANKED4      udata   0x000ef2       data   0x000002
              SFR_BANKED5      udata   0x000ef6       data   0x000002
              SFR_BANKED6      udata   0x000efb       data   0x000005
              SFR_BANKED7      udata   0x000f26       data   0x000014
              SFR_BANKED8      udata   0x000f3c       data   0x000007
              SFR_BANKED9      udata   0x000f48       data   0x000008
             SFR_BANKED10      udata   0x000f52       data   0x00000e
            SFR_UNBANKED0      udata   0x000f60       data   0x0000a0



                              Program Memory Usage 
                               Start         End      
                           ---------   ---------      
                            0x001000    0x001005      
                            0x001008    0x00100d      
                            0x001018    0x00101d      
                            0x00102a    0x00da4c      
                            0x00da4e    0x00db16      
                            0x00db18    0x00dbc2      
                            0x00dbc4    0x00dd37      
            52509 out of 63498 program addresses used, program memory utilization is 82%



                              Symbols - Sorted by Name
                     Name    Address   Location    Storage File                     
                ---------  ---------  ---------  --------- ---------                
          AnalogConfigure   0x00875c    program     extern D:\Projects\EggBot3-GH\EBB_firmware\app.X\source\UBW.c
           BlinkUSBStatus   0x00978a    program     extern D:\Projects\EggBot3-GH\EBB_firmware\app.X\source\UBW.c
                CDCInitEP   0x00c86a    program     extern D:\Projects\EggBot3-GH\EBB_firmware\Microchip\USB\CDC Device Driver\usb_function_cdc.c
             CDCTxService   0x00ca0c    program     extern D:\Projects\EggBot3-GH\EBB_firmware\Microchip\USB\CDC Device Driver\usb_function_cdc.c
                   D1616S   0x00bc64    program     static E:\3.46\pic18-lt\cxx-framework\src\traditional\math\fxd1616s.asm
                D1616SNEG   0x00bc72    program     static E:\3.46\pic18-lt\cxx-framework\src\traditional\math\fxd1616s.asm
                 D1616SOK   0x00bc6e    program     static E:\3.46\pic18-lt\cxx-framework\src\traditional\math\fxd1616s.asm
                  D1616SX   0x00bc84    program     static E:\3.46\pic18-lt\cxx-framework\src\traditional\math\fxd1616s.asm
                  DA1616S   0x00bc54    program     static E:\3.46\pic18-lt\cxx-framework\src\traditional\math\fxd1616s.asm
                 EBB_Init   0x004ef2    program     extern D:\Projects\EggBot3-GH\EBB_firmware\app.X\source\ebb.c
               EraseFlash   0x00d5a8    program     extern E:\3.46\pic18-lt\cxx-framework\src\pmc_common\Flash\EraseFlash.c
                 FLO1632S   0x00b7be    program     extern E:\3.46\pic18-lt\cxx-framework\src\traditional\math\cast16FP.asm
                 FLO1632U   0x00b7ba    program     extern E:\3.46\pic18-lt\cxx-framework\src\traditional\math\cast16FP.asm
                 FLO3232S   0x00b7e8    program     extern E:\3.46\pic18-lt\cxx-framework\src\traditional\math\cast32FP.asm
                 FLO3232U   0x00b7e4    program     extern E:\3.46\pic18-lt\cxx-framework\src\traditional\math\cast32FP.asm
                    FPA32   0x00b99c    program     extern E:\3.46\pic18-lt\cxx-framework\src\traditional\math\addFP.asm
                    FPD32   0x00b81a    program     extern E:\3.46\pic18-lt\cxx-framework\src\traditional\math\divFP.asm
                    FPM32   0x00b8c0    program     extern E:\3.46\pic18-lt\cxx-framework\src\traditional\math\mulFP.asm
                    FPS32   0x00b99a    program     extern E:\3.46\pic18-lt\cxx-framework\src\traditional\math\addFP.asm
                 FXD1616S   0x00bc42    program     extern E:\3.46\pic18-lt\cxx-framework\src\traditional\math\fxd1616s.asm
                 FXD1616U   0x00db18    program     extern E:\3.46\pic18-lt\cxx-framework\src\traditional\math\fxd1616u.c
                 FXD3232U   0x00da9a    program     extern E:\3.46\pic18-lt\cxx-framework\src\traditional\math\fxd3232u.c
                 FXM1616S   0x00bd4a    program     extern E:\3.46\pic18-lt\cxx-framework\src\traditional\math\fxm1616s.asm
                  FXM3232   0x00d986    program     extern E:\3.46\pic18-lt\cxx-framework\src\traditional\math\fxm3232.c
                  INT3232   0x00bac8    program     extern E:\3.46\pic18-lt\cxx-framework\src\traditional\math\castFP32.asm
         InitializeSystem   0x00d0fe    program     static D:\Projects\EggBot3-GH\EBB_firmware\app.X\source\main.c
                LongDelay   0x008f4a    program     extern D:\Projects\EggBot3-GH\EBB_firmware\app.X\source\UBW.c
                ProcessIO   0x007d10    program     extern D:\Projects\EggBot3-GH\EBB_firmware\app.X\source\UBW.c
            RCServo2_Init   0x00cbca    program     extern D:\Projects\EggBot3-GH\EBB_firmware\app.X\source\RCServo2.c
            RCServo2_Move   0x00cd64    program     extern D:\Projects\EggBot3-GH\EBB_firmware\app.X\source\RCServo2.c
      RCServo2_S2_command   0x00ccba    program     extern D:\Projects\EggBot3-GH\EBB_firmware\app.X\source\RCServo2.c
RCServo2_get_channel_from_RPn   0x00cc7c    program     extern D:\Projects\EggBot3-GH\EBB_firmware\app.X\source\RCServo2.c
                ReadFlash   0x00d870    program     extern E:\3.46\pic18-lt\cxx-framework\src\pmc_common\Flash\ReadFlash.c
        Remapped_High_ISR   0x001008    program     extern D:\Projects\EggBot3-GH\EBB_firmware\app.X\source\main.c
         Remapped_Low_ISR   0x001018    program     extern D:\Projects\EggBot3-GH\EBB_firmware\app.X\source\main.c
         SetPinLATFromRPn   0x009866    program     extern D:\Projects\EggBot3-GH\EBB_firmware\app.X\source\UBW.c
        SetPinTRISFromRPn   0x0098c2    program     extern D:\Projects\EggBot3-GH\EBB_firmware\app.X\source\UBW.c
                  TALTB32   0x00bc8e    program     extern E:\3.46\pic18-lt\cxx-framework\src\traditional\math\ltFP.asm
               TSIGN1616A   0x00bd96    program     static E:\3.46\pic18-lt\cxx-framework\src\traditional\math\fxm1616s.asm
       USBCBCheckOtherReq   0x00d146    program     extern D:\Projects\EggBot3-GH\EBB_firmware\app.X\source\main.c
        USBCBErrorHandler   0x00d144    program     extern D:\Projects\EggBot3-GH\EBB_firmware\app.X\source\main.c
              USBCBInitEP   0x00d14c    program     extern D:\Projects\EggBot3-GH\EBB_firmware\app.X\source\main.c
          USBCBSendResume   0x00d150    program     extern D:\Projects\EggBot3-GH\EBB_firmware\app.X\source\main.c
    USBCBStdSetDscHandler   0x00d14a    program     extern D:\Projects\EggBot3-GH\EBB_firmware\app.X\source\main.c
             USBCBSuspend   0x00d13e    program     extern D:\Projects\EggBot3-GH\EBB_firmware\app.X\source\main.c
     USBCBWakeFromSuspend   0x00d140    program     extern D:\Projects\EggBot3-GH\EBB_firmware\app.X\source\main.c
        USBCB_SOF_Handler   0x00d142    program     extern D:\Projects\EggBot3-GH\EBB_firmware\app.X\source\main.c
       USBCDCEventHandler   0x00c8b4    program     extern D:\Projects\EggBot3-GH\EBB_firmware\Microchip\USB\CDC Device Driver\usb_function_cdc.c
              USBCancelIO   0x00a12c    program     extern D:\Projects\EggBot3-GH\EBB_firmware\Microchip\USB\usb_device.c
       USBCheckCDCRequest   0x00c7ce    program     extern D:\Projects\EggBot3-GH\EBB_firmware\Microchip\USB\CDC Device Driver\usb_function_cdc.c
       USBCheckStdRequest   0x00a75c    program     static D:\Projects\EggBot3-GH\EBB_firmware\Microchip\USB\usb_device.c
     USBConfigureEndpoint   0x00a1fc    program     static D:\Projects\EggBot3-GH\EBB_firmware\Microchip\USB\usb_device.c
  USBCtrlEPAllowDataStage   0x00a1bc    program     extern D:\Projects\EggBot3-GH\EBB_firmware\Microchip\USB\usb_device.c
USBCtrlEPAllowStatusStage   0x00a166    program     extern D:\Projects\EggBot3-GH\EBB_firmware\Microchip\USB\usb_device.c
         USBCtrlEPService   0x00a5fa    program     static D:\Projects\EggBot3-GH\EBB_firmware\Microchip\USB\usb_device.c
 USBCtrlEPServiceComplete   0x00a24e    program     static D:\Projects\EggBot3-GH\EBB_firmware\Microchip\USB\usb_device.c
      USBCtrlTrfInHandler   0x00a6e4    program     static D:\Projects\EggBot3-GH\EBB_firmware\Microchip\USB\usb_device.c
     USBCtrlTrfOutHandler   0x00a6c6    program     static D:\Projects\EggBot3-GH\EBB_firmware\Microchip\USB\usb_device.c
      USBCtrlTrfRxService   0x00a324    program     static D:\Projects\EggBot3-GH\EBB_firmware\Microchip\USB\usb_device.c
   USBCtrlTrfSetupHandler   0x00a686    program     static D:\Projects\EggBot3-GH\EBB_firmware\Microchip\USB\usb_device.c
      USBCtrlTrfTxService   0x00a2a8    program     static D:\Projects\EggBot3-GH\EBB_firmware\Microchip\USB\usb_device.c
            USBDeviceInit   0x009df4    program     extern D:\Projects\EggBot3-GH\EBB_firmware\Microchip\USB\usb_device.c
           USBDeviceTasks   0x009ec8    program     extern D:\Projects\EggBot3-GH\EBB_firmware\Microchip\USB\usb_device.c
        USBEnableEndpoint   0x00a044    program     extern D:\Projects\EggBot3-GH\EBB_firmware\Microchip\USB\usb_device.c
         USBStallEndpoint   0x00a104    program     extern D:\Projects\EggBot3-GH\EBB_firmware\Microchip\USB\usb_device.c
          USBStallHandler   0x00a594    program     static D:\Projects\EggBot3-GH\EBB_firmware\Microchip\USB\usb_device.c
  USBStdFeatureReqHandler   0x00a80e    program     static D:\Projects\EggBot3-GH\EBB_firmware\Microchip\USB\usb_device.c
      USBStdGetDscHandler   0x00a482    program     static D:\Projects\EggBot3-GH\EBB_firmware\Microchip\USB\usb_device.c
   USBStdGetStatusHandler   0x00a528    program     static D:\Projects\EggBot3-GH\EBB_firmware\Microchip\USB\usb_device.c
      USBStdSetCfgHandler   0x00a3e4    program     static D:\Projects\EggBot3-GH\EBB_firmware\Microchip\USB\usb_device.c
               USBSuspend   0x00a5b6    program     static D:\Projects\EggBot3-GH\EBB_firmware\Microchip\USB\usb_device.c
     USBTransferOnePacket   0x00a082    program     extern D:\Projects\EggBot3-GH\EBB_firmware\Microchip\USB\usb_device.c
       USBWakeFromSuspend   0x00a5d6    program     static D:\Projects\EggBot3-GH\EBB_firmware\Microchip\USB\usb_device.c
               USB_CD_Ptr   0x00da4b    program     extern D:\Projects\EggBot3-GH\EBB_firmware\app.X\source\usb_descriptors.c
USER_USB_CALLBACK_EVENT_HANDLER   0x00d194    program     extern D:\Projects\EggBot3-GH\EBB_firmware\app.X\source\main.c
                 UserInit   0x007b7a    program     extern D:\Projects\EggBot3-GH\EBB_firmware\app.X\source\UBW.c
          WriteBytesFlash   0x00cf14    program     extern E:\3.46\pic18-lt\cxx-framework\src\pmc_common\Flash\WriteBytesFlash.c
              _2jContinue   0x00d75e    program     static E:\3.46\pic18-lt\cxx-framework\src\traditional\stdclib\memset.asm
                   _2jEnd   0x00d7c2    program     static E:\3.46\pic18-lt\cxx-framework\src\traditional\stdclib\slenpgm.asm
                   _3jEnd   0x00d768    program     static E:\3.46\pic18-lt\cxx-framework\src\traditional\stdclib\memset.asm
                _PackMath   0x00d48e    program     extern E:\3.46\pic18-lt\cxx-framework\src\traditional\stdclib\PackMath.c
                _UnpkMath   0x00d372    program     extern E:\3.46\pic18-lt\cxx-framework\src\traditional\stdclib\UnpkMath.c
              __FpCompare   0x00bca0    program     extern E:\3.46\pic18-lt\cxx-framework\src\traditional\math\compFP.asm
                 __FpExit   0x00bb42    program     extern E:\3.46\pic18-lt\cxx-framework\src\traditional\math\packFP.asm
                 __FpPack   0x00bb6e    program     extern E:\3.46\pic18-lt\cxx-framework\src\traditional\math\packFP.asm
            __FpReturnNaN   0x00bb36    program     extern E:\3.46\pic18-lt\cxx-framework\src\traditional\math\packFP.asm
         __FpReturnNegInf   0x00bb48    program     extern E:\3.46\pic18-lt\cxx-framework\src\traditional\math\packFP.asm
        __FpReturnNegZero   0x00bb60    program     extern E:\3.46\pic18-lt\cxx-framework\src\traditional\math\packFP.asm
         __FpReturnPosInf   0x00bb4e    program     extern E:\3.46\pic18-lt\cxx-framework\src\traditional\math\packFP.asm
        __FpReturnPosZero   0x00bb68    program     extern E:\3.46\pic18-lt\cxx-framework\src\traditional\math\packFP.asm
        __FpReturnSignInf   0x00bb44    program     extern E:\3.46\pic18-lt\cxx-framework\src\traditional\math\packFP.asm
       __FpReturnSignZero   0x00bb5c    program     extern E:\3.46\pic18-lt\cxx-framework\src\traditional\math\packFP.asm
              __FpReturnW   0x00bbc6    program     extern E:\3.46\pic18-lt\cxx-framework\src\traditional\math\packFP.asm
              __FpUnPackA   0x00bbe6    program     extern E:\3.46\pic18-lt\cxx-framework\src\traditional\math\UnpackFP.asm
              __FpUnPackB   0x00bc16    program     extern E:\3.46\pic18-lt\cxx-framework\src\traditional\math\UnpackFP.asm
         ___else_lbl00002   0x00494e    program     static                          
         ___else_lbl00007   0x00499c    program     static                          
         ___else_lbl00009   0x0049a8    program     static                          
         ___else_lbl00011   0x0049bc    program     static                          
         ___else_lbl00013   0x0049c8    program     static                          
         ___else_lbl00016   0x0049ac    program     static                          
         ___else_lbl00018   0x004a6e    program     static                          
         ___else_lbl00022   0x004b42    program     static                          
         ___else_lbl00031   0x004b8c    program     static                          
         ___else_lbl00034   0x004be0    program     static                          
         ___else_lbl00039   0x004c7a    program     static                          
         ___else_lbl00044   0x004d22    program     static                          
         ___else_lbl00047   0x004d8c    program     static                          
         ___else_lbl00050   0x004d36    program     static                          
         ___else_lbl00052   0x004bec    program     static                          
         ___else_lbl00055   0x004eb8    program     static                          
          ___for_lbl00062   0x004f92    program     static                          
          ___for_lbl00063   0x004f96    program     static                          
          ___for_lbl00064   0x004f06    program     static                          
          ___for_lbl00378   0x008f74    program     static                          
          ___for_lbl00379   0x008f78    program     static                          
          ___for_lbl00382   0x008f5e    program     static                          
           ___if_lbl00001   0x00495a    program     static                          
           ___if_lbl00003   0x00495a    program     static                          
           ___if_lbl00004   0x00496a    program     static                          
           ___if_lbl00005   0x00d05c    program     static                          
           ___if_lbl00006   0x00499e    program     static                          
           ___if_lbl00006   0x00d07e    program     static                          
           ___if_lbl00007   0x00d096    program     static                          
           ___if_lbl00008   0x0049aa    program     static                          
           ___if_lbl00010   0x0049be    program     static                          
           ___if_lbl00012   0x0049ca    program     static                          
           ___if_lbl00014   0x0049ca    program     static                          
           ___if_lbl00015   0x0049ca    program     static                          
           ___if_lbl00017   0x004a7a    program     static                          
           ___if_lbl00019   0x004a7a    program     static                          
           ___if_lbl00020   0x004a9e    program     static                          
           ___if_lbl00021   0x004b4e    program     static                          
           ___if_lbl00023   0x004b4e    program     static                          
           ___if_lbl00024   0x004b72    program     static                          
           ___if_lbl00025   0x004b84    program     static                          
           ___if_lbl00026   0x004b8a    program     static                          
           ___if_lbl00027   0x004b98    program     static                          
           ___if_lbl00028   0x004b9e    program     static                          
           ___if_lbl00029   0x004b9e    program     static                          
           ___if_lbl00030   0x004b9e    program     static                          
           ___if_lbl00032   0x004bea    program     static                          
           ___if_lbl00033   0x004bea    program     static                          
           ___if_lbl00035   0x004bea    program     static                          
           ___if_lbl00036   0x004bea    program     static                          
           ___if_lbl00037   0x004cf0    program     static                          
           ___if_lbl00038   0x004cf0    program     static                          
           ___if_lbl00040   0x004cf0    program     static                          
           ___if_lbl00041   0x004d20    program     static                          
           ___if_lbl00042   0x004d34    program     static                          
           ___if_lbl00043   0x004d34    program     static                          
           ___if_lbl00045   0x004d34    program     static                          
           ___if_lbl00046   0x004d94    program     static                          
           ___if_lbl00048   0x004d9a    program     static                          
           ___if_lbl00049   0x004d9a    program     static                          
           ___if_lbl00051   0x004d9a    program     static                          
           ___if_lbl00054   0x004ec2    program     static                          
           ___if_lbl00056   0x004ec2    program     static                          
           ___if_lbl00059   0x004eda    program     static                          
           ___if_lbl00060   0x004eda    program     static                          
       ___return_lbl00000   0x00d9f4    program     static                          
       ___return_lbl00000   0x00dae0    program     static                          
       ___return_lbl00000   0x00dbb0    program     static                          
       ___return_lbl00000   0x004eda    program     static                          
       ___return_lbl00000   0x001004    program     static                          
       ___return_lbl00000   0x00db42    program     static                          
       ___return_lbl00000   0x00d8ea    program     static                          
       ___return_lbl00000   0x00d0da    program     static                          
       ___return_lbl00000   0x00db7e    program     static                          
       ___return_lbl00001   0x00d73c    program     static                          
       ___return_lbl00001   0x00100c    program     static                          
       ___return_lbl00002   0x00101c    program     static                          
       ___return_lbl00061   0x00509c    program     static                          
       ___return_lbl00377   0x008f78    program     static                          
       ___return_lbl00383   0x008f94    program     static                          
       ___return_lbl00384   0x008fa2    program     static                          
        ___while_lbl00001   0x00d8b8    program     static                          
        ___while_lbl00001   0x00cffe    program     static                          
        ___while_lbl00002   0x00d0da    program     static                          
        ___while_lbl00002   0x00d8ea    program     static                          
        ___while_lbl00003   0x00d022    program     static                          
        ___while_lbl00004   0x00d05e    program     static                          
        ___while_lbl00380   0x008f66    program     static                          
        ___while_lbl00381   0x008f74    program     static                          
                   __init   0x00dbc4    program     extern E:\3.46\pic18-lt\cxx-framework\src\traditional\stdclib\__init.c
                   __pa_0   0x00d21c    program     static D:\Projects\EggBot3-GH\EBB_firmware\app.X\source\main.c
                   __pa_0   0x00caee    program     static D:\Projects\EggBot3-GH\EBB_firmware\Microchip\USB\CDC Device Driver\usb_function_cdc.c
                   __pa_0   0x006c06    program     static D:\Projects\EggBot3-GH\EBB_firmware\app.X\source\ebb.c
                   __pa_0   0x00d692    program     static E:\3.46\pic18-lt\cxx-framework\src\pmc_common\Flash\EraseFlash.c
                   __pa_0   0x00cea2    program     static D:\Projects\EggBot3-GH\EBB_firmware\app.X\source\RCServo2.c
                   __pa_0   0x00b4d8    program     static E:\3.46\pic18-lt\cxx-framework\src\traditional\stdclib\vfprintf.c
                   __pa_0   0x00d368    program     static E:\3.46\pic18-lt\cxx-framework\src\traditional\stdclib\ldexp.c
                   __pa_0   0x00d480    program     static E:\3.46\pic18-lt\cxx-framework\src\traditional\stdclib\UnpkMath.c
                   __pa_0   0x00c72a    program     static E:\3.46\pic18-lt\cxx-framework\src\traditional\stdclib\sqrt.c
                   __pa_0   0x00d556    program     static E:\3.46\pic18-lt\cxx-framework\src\traditional\stdclib\PackMath.c
                   __pa_0   0x00991e    program     static D:\Projects\EggBot3-GH\EBB_firmware\app.X\source\UBW.c
                   __pa_0   0x00a950    program     static D:\Projects\EggBot3-GH\EBB_firmware\Microchip\USB\usb_device.c
                   __pa_1   0x00c734    program     static E:\3.46\pic18-lt\cxx-framework\src\traditional\stdclib\sqrt.c
                   __pa_1   0x00cb00    program     static D:\Projects\EggBot3-GH\EBB_firmware\Microchip\USB\CDC Device Driver\usb_function_cdc.c
                   __pa_1   0x00d22e    program     static D:\Projects\EggBot3-GH\EBB_firmware\app.X\source\main.c
                   __pa_1   0x00a958    program     static D:\Projects\EggBot3-GH\EBB_firmware\Microchip\USB\usb_device.c
                   __pa_1   0x00ceb4    program     static D:\Projects\EggBot3-GH\EBB_firmware\app.X\source\RCServo2.c
                   __pa_1   0x009930    program     static D:\Projects\EggBot3-GH\EBB_firmware\app.X\source\UBW.c
                   __pa_1   0x00b4e0    program     static E:\3.46\pic18-lt\cxx-framework\src\traditional\stdclib\vfprintf.c
                   __pa_1   0x00d566    program     static E:\3.46\pic18-lt\cxx-framework\src\traditional\stdclib\PackMath.c
                   __pa_1   0x006c3c    program     static D:\Projects\EggBot3-GH\EBB_firmware\app.X\source\ebb.c
                  __pa_10   0x00a9b6    program     static D:\Projects\EggBot3-GH\EBB_firmware\Microchip\USB\usb_device.c
                  __pa_10   0x00cb86    program     static D:\Projects\EggBot3-GH\EBB_firmware\Microchip\USB\CDC Device Driver\usb_function_cdc.c
                  __pa_10   0x009986    program     static D:\Projects\EggBot3-GH\EBB_firmware\app.X\source\UBW.c
                  __pa_10   0x00b594    program     static E:\3.46\pic18-lt\cxx-framework\src\traditional\stdclib\vfprintf.c
                  __pa_10   0x006cd0    program     static D:\Projects\EggBot3-GH\EBB_firmware\app.X\source\ebb.c
                 __pa_100   0x00736e    program     static D:\Projects\EggBot3-GH\EBB_firmware\app.X\source\ebb.c
                 __pa_100   0x009d90    program     static D:\Projects\EggBot3-GH\EBB_firmware\app.X\source\UBW.c
                 __pa_101   0x009d98    program     static D:\Projects\EggBot3-GH\EBB_firmware\app.X\source\UBW.c
                 __pa_101   0x007376    program     static D:\Projects\EggBot3-GH\EBB_firmware\app.X\source\ebb.c
                 __pa_102   0x009da4    program     static D:\Projects\EggBot3-GH\EBB_firmware\app.X\source\UBW.c
                 __pa_102   0x00738c    program     static D:\Projects\EggBot3-GH\EBB_firmware\app.X\source\ebb.c
                 __pa_103   0x00739e    program     static D:\Projects\EggBot3-GH\EBB_firmware\app.X\source\ebb.c
                 __pa_103   0x009db0    program     static D:\Projects\EggBot3-GH\EBB_firmware\app.X\source\UBW.c
                 __pa_104   0x009db8    program     static D:\Projects\EggBot3-GH\EBB_firmware\app.X\source\UBW.c
                 __pa_104   0x0073b0    program     static D:\Projects\EggBot3-GH\EBB_firmware\app.X\source\ebb.c
                 __pa_105   0x009dc2    program     static D:\Projects\EggBot3-GH\EBB_firmware\app.X\source\UBW.c
                 __pa_105   0x0073ba    program     static D:\Projects\EggBot3-GH\EBB_firmware\app.X\source\ebb.c
                 __pa_106   0x009dce    program     static D:\Projects\EggBot3-GH\EBB_firmware\app.X\source\UBW.c
                 __pa_106   0x0073c4    program     static D:\Projects\EggBot3-GH\EBB_firmware\app.X\source\ebb.c
                 __pa_107   0x0073de    program     static D:\Projects\EggBot3-GH\EBB_firmware\app.X\source\ebb.c
                 __pa_107   0x009dd6    program     static D:\Projects\EggBot3-GH\EBB_firmware\app.X\source\UBW.c
                 __pa_108   0x0073fa    program     static D:\Projects\EggBot3-GH\EBB_firmware\app.X\source\ebb.c
                 __pa_108   0x009ddc    program     static D:\Projects\EggBot3-GH\EBB_firmware\app.X\source\UBW.c
                 __pa_109   0x009de2    program     static D:\Projects\EggBot3-GH\EBB_firmware\app.X\source\UBW.c
                 __pa_109   0x007406    program     static D:\Projects\EggBot3-GH\EBB_firmware\app.X\source\ebb.c
                  __pa_11   0x009994    program     static D:\Projects\EggBot3-GH\EBB_firmware\app.X\source\UBW.c
                  __pa_11   0x00b5a2    program     static E:\3.46\pic18-lt\cxx-framework\src\traditional\stdclib\vfprintf.c
                  __pa_11   0x00cb94    program     static D:\Projects\EggBot3-GH\EBB_firmware\Microchip\USB\CDC Device Driver\usb_function_cdc.c
                  __pa_11   0x00a9c0    program     static D:\Projects\EggBot3-GH\EBB_firmware\Microchip\USB\usb_device.c
                  __pa_11   0x006cd6    program     static D:\Projects\EggBot3-GH\EBB_firmware\app.X\source\ebb.c
                 __pa_110   0x009dea    program     static D:\Projects\EggBot3-GH\EBB_firmware\app.X\source\UBW.c
                 __pa_110   0x007418    program     static D:\Projects\EggBot3-GH\EBB_firmware\app.X\source\ebb.c
                 __pa_111   0x00742a    program     static D:\Projects\EggBot3-GH\EBB_firmware\app.X\source\ebb.c
                 __pa_112   0x007436    program     static D:\Projects\EggBot3-GH\EBB_firmware\app.X\source\ebb.c
                 __pa_113   0x00743e    program     static D:\Projects\EggBot3-GH\EBB_firmware\app.X\source\ebb.c
                 __pa_114   0x007448    program     static D:\Projects\EggBot3-GH\EBB_firmware\app.X\source\ebb.c
                 __pa_115   0x00745e    program     static D:\Projects\EggBot3-GH\EBB_firmware\app.X\source\ebb.c
                 __pa_116   0x007478    program     static D:\Projects\EggBot3-GH\EBB_firmware\app.X\source\ebb.c
                 __pa_117   0x007490    program     static D:\Projects\EggBot3-GH\EBB_firmware\app.X\source\ebb.c
                 __pa_118   0x0074a8    program     static D:\Projects\EggBot3-GH\EBB_firmware\app.X\source\ebb.c
                 __pa_119   0x0074b0    program     static D:\Projects\EggBot3-GH\EBB_firmware\app.X\source\ebb.c
                  __pa_12   0x00cb9e    program     static D:\Projects\EggBot3-GH\EBB_firmware\Microchip\USB\CDC Device Driver\usb_function_cdc.c
                  __pa_12   0x00b5b8    program     static E:\3.46\pic18-lt\cxx-framework\src\traditional\stdclib\vfprintf.c
                  __pa_12   0x00999c    program     static D:\Projects\EggBot3-GH\EBB_firmware\app.X\source\UBW.c
                  __pa_12   0x006cec    program     static D:\Projects\EggBot3-GH\EBB_firmware\app.X\source\ebb.c
                  __pa_12   0x00a9d4    program     static D:\Projects\EggBot3-GH\EBB_firmware\Microchip\USB\usb_device.c
                 __pa_120   0x0074b8    program     static D:\Projects\EggBot3-GH\EBB_firmware\app.X\source\ebb.c
                 __pa_121   0x0074c0    program     static D:\Projects\EggBot3-GH\EBB_firmware\app.X\source\ebb.c
                 __pa_122   0x0074d6    program     static D:\Projects\EggBot3-GH\EBB_firmware\app.X\source\ebb.c
                 __pa_123   0x0074ec    program     static D:\Projects\EggBot3-GH\EBB_firmware\app.X\source\ebb.c
                 __pa_124   0x0074f6    program     static D:\Projects\EggBot3-GH\EBB_firmware\app.X\source\ebb.c
                 __pa_125   0x007504    program     static D:\Projects\EggBot3-GH\EBB_firmware\app.X\source\ebb.c
                 __pa_126   0x007510    program     static D:\Projects\EggBot3-GH\EBB_firmware\app.X\source\ebb.c
                 __pa_127   0x00751c    program     static D:\Projects\EggBot3-GH\EBB_firmware\app.X\source\ebb.c
                 __pa_128   0x007524    program     static D:\Projects\EggBot3-GH\EBB_firmware\app.X\source\ebb.c
                 __pa_129   0x00752c    program     static D:\Projects\EggBot3-GH\EBB_firmware\app.X\source\ebb.c
                  __pa_13   0x00cbae    program     static D:\Projects\EggBot3-GH\EBB_firmware\Microchip\USB\CDC Device Driver\usb_function_cdc.c
                  __pa_13   0x00b5d2    program     static E:\3.46\pic18-lt\cxx-framework\src\traditional\stdclib\vfprintf.c
                  __pa_13   0x006cf8    program     static D:\Projects\EggBot3-GH\EBB_firmware\app.X\source\ebb.c
                  __pa_13   0x0099a6    program     static D:\Projects\EggBot3-GH\EBB_firmware\app.X\source\UBW.c
                  __pa_13   0x00a9e8    program     static D:\Projects\EggBot3-GH\EBB_firmware\Microchip\USB\usb_device.c
                 __pa_130   0x007540    program     static D:\Projects\EggBot3-GH\EBB_firmware\app.X\source\ebb.c
                 __pa_131   0x007552    program     static D:\Projects\EggBot3-GH\EBB_firmware\app.X\source\ebb.c
                 __pa_132   0x007564    program     static D:\Projects\EggBot3-GH\EBB_firmware\app.X\source\ebb.c
                 __pa_133   0x007576    program     static D:\Projects\EggBot3-GH\EBB_firmware\app.X\source\ebb.c
                 __pa_134   0x007580    program     static D:\Projects\EggBot3-GH\EBB_firmware\app.X\source\ebb.c
                 __pa_135   0x00758e    program     static D:\Projects\EggBot3-GH\EBB_firmware\app.X\source\ebb.c
                 __pa_136   0x0075a0    program     static D:\Projects\EggBot3-GH\EBB_firmware\app.X\source\ebb.c
                 __pa_137   0x0075aa    program     static D:\Projects\EggBot3-GH\EBB_firmware\app.X\source\ebb.c
                 __pa_138   0x0075b6    program     static D:\Projects\EggBot3-GH\EBB_firmware\app.X\source\ebb.c
                 __pa_139   0x0075c2    program     static D:\Projects\EggBot3-GH\EBB_firmware\app.X\source\ebb.c
                  __pa_14   0x006d00    program     static D:\Projects\EggBot3-GH\EBB_firmware\app.X\source\ebb.c
                  __pa_14   0x0099ae    program     static D:\Projects\EggBot3-GH\EBB_firmware\app.X\source\UBW.c
                  __pa_14   0x00a9f6    program     static D:\Projects\EggBot3-GH\EBB_firmware\Microchip\USB\usb_device.c
                  __pa_14   0x00b5ea    program     static E:\3.46\pic18-lt\cxx-framework\src\traditional\stdclib\vfprintf.c
                  __pa_14   0x00cbbc    program     static D:\Projects\EggBot3-GH\EBB_firmware\Microchip\USB\CDC Device Driver\usb_function_cdc.c
                 __pa_140   0x0075d2    program     static D:\Projects\EggBot3-GH\EBB_firmware\app.X\source\ebb.c
                 __pa_141   0x0075e0    program     static D:\Projects\EggBot3-GH\EBB_firmware\app.X\source\ebb.c
                 __pa_142   0x0075ee    program     static D:\Projects\EggBot3-GH\EBB_firmware\app.X\source\ebb.c
                 __pa_143   0x0075fc    program     static D:\Projects\EggBot3-GH\EBB_firmware\app.X\source\ebb.c
                 __pa_144   0x007606    program     static D:\Projects\EggBot3-GH\EBB_firmware\app.X\source\ebb.c
                 __pa_145   0x007614    program     static D:\Projects\EggBot3-GH\EBB_firmware\app.X\source\ebb.c
                 __pa_146   0x007620    program     static D:\Projects\EggBot3-GH\EBB_firmware\app.X\source\ebb.c
                 __pa_147   0x00762a    program     static D:\Projects\EggBot3-GH\EBB_firmware\app.X\source\ebb.c
                 __pa_148   0x007632    program     static D:\Projects\EggBot3-GH\EBB_firmware\app.X\source\ebb.c
                 __pa_149   0x00763a    program     static D:\Projects\EggBot3-GH\EBB_firmware\app.X\source\ebb.c
                  __pa_15   0x00aa02    program     static D:\Projects\EggBot3-GH\EBB_firmware\Microchip\USB\usb_device.c
                  __pa_15   0x006d0c    program     static D:\Projects\EggBot3-GH\EBB_firmware\app.X\source\ebb.c
                  __pa_15   0x00b5fa    program     static E:\3.46\pic18-lt\cxx-framework\src\traditional\stdclib\vfprintf.c
                  __pa_15   0x0099ba    program     static D:\Projects\EggBot3-GH\EBB_firmware\app.X\source\UBW.c
                 __pa_150   0x007642    program     static D:\Projects\EggBot3-GH\EBB_firmware\app.X\source\ebb.c
                 __pa_151   0x00764a    program     static D:\Projects\EggBot3-GH\EBB_firmware\app.X\source\ebb.c
                 __pa_152   0x007656    program     static D:\Projects\EggBot3-GH\EBB_firmware\app.X\source\ebb.c
                 __pa_153   0x00765e    program     static D:\Projects\EggBot3-GH\EBB_firmware\app.X\source\ebb.c
                 __pa_154   0x007666    program     static D:\Projects\EggBot3-GH\EBB_firmware\app.X\source\ebb.c
                 __pa_155   0x007672    program     static D:\Projects\EggBot3-GH\EBB_firmware\app.X\source\ebb.c
                 __pa_156   0x00767c    program     static D:\Projects\EggBot3-GH\EBB_firmware\app.X\source\ebb.c
                 __pa_157   0x007684    program     static D:\Projects\EggBot3-GH\EBB_firmware\app.X\source\ebb.c
                 __pa_158   0x007692    program     static D:\Projects\EggBot3-GH\EBB_firmware\app.X\source\ebb.c
                 __pa_159   0x00769a    program     static D:\Projects\EggBot3-GH\EBB_firmware\app.X\source\ebb.c
                  __pa_16   0x006d18    program     static D:\Projects\EggBot3-GH\EBB_firmware\app.X\source\ebb.c
                  __pa_16   0x0099c4    program     static D:\Projects\EggBot3-GH\EBB_firmware\app.X\source\UBW.c
                  __pa_16   0x00b610    program     static E:\3.46\pic18-lt\cxx-framework\src\traditional\stdclib\vfprintf.c
                  __pa_16   0x00aa1c    program     static D:\Projects\EggBot3-GH\EBB_firmware\Microchip\USB\usb_device.c
                 __pa_160   0x0076a0    program     static D:\Projects\EggBot3-GH\EBB_firmware\app.X\source\ebb.c
                 __pa_161   0x0076a8    program     static D:\Projects\EggBot3-GH\EBB_firmware\app.X\source\ebb.c
                 __pa_162   0x0076ae    program     static D:\Projects\EggBot3-GH\EBB_firmware\app.X\source\ebb.c
                 __pa_163   0x0076b6    program     static D:\Projects\EggBot3-GH\EBB_firmware\app.X\source\ebb.c
                 __pa_164   0x0076bc    program     static D:\Projects\EggBot3-GH\EBB_firmware\app.X\source\ebb.c
                  __pa_17   0x00b622    program     static E:\3.46\pic18-lt\cxx-framework\src\traditional\stdclib\vfprintf.c
                  __pa_17   0x00aa28    program     static D:\Projects\EggBot3-GH\EBB_firmware\Microchip\USB\usb_device.c
                  __pa_17   0x006d2e    program     static D:\Projects\EggBot3-GH\EBB_firmware\app.X\source\ebb.c
                  __pa_17   0x0099cc    program     static D:\Projects\EggBot3-GH\EBB_firmware\app.X\source\UBW.c
                  __pa_18   0x006d50    program     static D:\Projects\EggBot3-GH\EBB_firmware\app.X\source\ebb.c
                  __pa_18   0x00aa34    program     static D:\Projects\EggBot3-GH\EBB_firmware\Microchip\USB\usb_device.c
                  __pa_18   0x0099de    program     static D:\Projects\EggBot3-GH\EBB_firmware\app.X\source\UBW.c
                  __pa_18   0x00b634    program     static E:\3.46\pic18-lt\cxx-framework\src\traditional\stdclib\vfprintf.c
                  __pa_19   0x006d64    program     static D:\Projects\EggBot3-GH\EBB_firmware\app.X\source\ebb.c
                  __pa_19   0x0099e4    program     static D:\Projects\EggBot3-GH\EBB_firmware\app.X\source\UBW.c
                  __pa_19   0x00aa3c    program     static D:\Projects\EggBot3-GH\EBB_firmware\Microchip\USB\usb_device.c
                  __pa_19   0x00b63e    program     static E:\3.46\pic18-lt\cxx-framework\src\traditional\stdclib\vfprintf.c
                   __pa_2   0x00d574    program     static E:\3.46\pic18-lt\cxx-framework\src\traditional\stdclib\PackMath.c
                   __pa_2   0x00c74e    program     static E:\3.46\pic18-lt\cxx-framework\src\traditional\stdclib\sqrt.c
                   __pa_2   0x00a95e    program     static D:\Projects\EggBot3-GH\EBB_firmware\Microchip\USB\usb_device.c
                   __pa_2   0x00cb10    program     static D:\Projects\EggBot3-GH\EBB_firmware\Microchip\USB\CDC Device Driver\usb_function_cdc.c
                   __pa_2   0x009936    program     static D:\Projects\EggBot3-GH\EBB_firmware\app.X\source\UBW.c
                   __pa_2   0x00b4ea    program     static E:\3.46\pic18-lt\cxx-framework\src\traditional\stdclib\vfprintf.c
                   __pa_2   0x00cebe    program     static D:\Projects\EggBot3-GH\EBB_firmware\app.X\source\RCServo2.c
                   __pa_2   0x006c42    program     static D:\Projects\EggBot3-GH\EBB_firmware\app.X\source\ebb.c
                  __pa_20   0x0099f0    program     static D:\Projects\EggBot3-GH\EBB_firmware\app.X\source\UBW.c
                  __pa_20   0x006d78    program     static D:\Projects\EggBot3-GH\EBB_firmware\app.X\source\ebb.c
                  __pa_20   0x00b64e    program     static E:\3.46\pic18-lt\cxx-framework\src\traditional\stdclib\vfprintf.c
                  __pa_20   0x00aa44    program     static D:\Projects\EggBot3-GH\EBB_firmware\Microchip\USB\usb_device.c
                  __pa_21   0x009a0c    program     static D:\Projects\EggBot3-GH\EBB_firmware\app.X\source\UBW.c
                  __pa_21   0x006dc6    program     static D:\Projects\EggBot3-GH\EBB_firmware\app.X\source\ebb.c
                  __pa_21   0x00b65e    program     static E:\3.46\pic18-lt\cxx-framework\src\traditional\stdclib\vfprintf.c
                  __pa_21   0x00aa50    program     static D:\Projects\EggBot3-GH\EBB_firmware\Microchip\USB\usb_device.c
                  __pa_22   0x009a1a    program     static D:\Projects\EggBot3-GH\EBB_firmware\app.X\source\UBW.c
                  __pa_22   0x006dd0    program     static D:\Projects\EggBot3-GH\EBB_firmware\app.X\source\ebb.c
                  __pa_22   0x00b66e    program     static E:\3.46\pic18-lt\cxx-framework\src\traditional\stdclib\vfprintf.c
                  __pa_22   0x00aa60    program     static D:\Projects\EggBot3-GH\EBB_firmware\Microchip\USB\usb_device.c
                  __pa_23   0x009a28    program     static D:\Projects\EggBot3-GH\EBB_firmware\app.X\source\UBW.c
                  __pa_23   0x00aa70    program     static D:\Projects\EggBot3-GH\EBB_firmware\Microchip\USB\usb_device.c
                  __pa_23   0x006de4    program     static D:\Projects\EggBot3-GH\EBB_firmware\app.X\source\ebb.c
                  __pa_23   0x00b67a    program     static E:\3.46\pic18-lt\cxx-framework\src\traditional\stdclib\vfprintf.c
                  __pa_24   0x00aa7e    program     static D:\Projects\EggBot3-GH\EBB_firmware\Microchip\USB\usb_device.c
                  __pa_24   0x009a36    program     static D:\Projects\EggBot3-GH\EBB_firmware\app.X\source\UBW.c
                  __pa_24   0x00b688    program     static E:\3.46\pic18-lt\cxx-framework\src\traditional\stdclib\vfprintf.c
                  __pa_24   0x006de8    program     static D:\Projects\EggBot3-GH\EBB_firmware\app.X\source\ebb.c
                  __pa_25   0x00aa8c    program     static D:\Projects\EggBot3-GH\EBB_firmware\Microchip\USB\usb_device.c
                  __pa_25   0x00b690    program     static E:\3.46\pic18-lt\cxx-framework\src\traditional\stdclib\vfprintf.c
                  __pa_25   0x009a42    program     static D:\Projects\EggBot3-GH\EBB_firmware\app.X\source\UBW.c
                  __pa_25   0x006e02    program     static D:\Projects\EggBot3-GH\EBB_firmware\app.X\source\ebb.c
                  __pa_26   0x00aa9a    program     static D:\Projects\EggBot3-GH\EBB_firmware\Microchip\USB\usb_device.c
                  __pa_26   0x00b69a    program     static E:\3.46\pic18-lt\cxx-framework\src\traditional\stdclib\vfprintf.c
                  __pa_26   0x006e18    program     static D:\Projects\EggBot3-GH\EBB_firmware\app.X\source\ebb.c
                  __pa_26   0x009a48    program     static D:\Projects\EggBot3-GH\EBB_firmware\app.X\source\UBW.c
                  __pa_27   0x009a52    program     static D:\Projects\EggBot3-GH\EBB_firmware\app.X\source\UBW.c
                  __pa_27   0x00b6a4    program     static E:\3.46\pic18-lt\cxx-framework\src\traditional\stdclib\vfprintf.c
                  __pa_27   0x006e2e    program     static D:\Projects\EggBot3-GH\EBB_firmware\app.X\source\ebb.c
                  __pa_27   0x00aaa4    program     static D:\Projects\EggBot3-GH\EBB_firmware\Microchip\USB\usb_device.c
                  __pa_28   0x00aabc    program     static D:\Projects\EggBot3-GH\EBB_firmware\Microchip\USB\usb_device.c
                  __pa_28   0x00b6ac    program     static E:\3.46\pic18-lt\cxx-framework\src\traditional\stdclib\vfprintf.c
                  __pa_28   0x009a5c    program     static D:\Projects\EggBot3-GH\EBB_firmware\app.X\source\UBW.c
                  __pa_28   0x006e3c    program     static D:\Projects\EggBot3-GH\EBB_firmware\app.X\source\ebb.c
                  __pa_29   0x009a62    program     static D:\Projects\EggBot3-GH\EBB_firmware\app.X\source\UBW.c
                  __pa_29   0x00aac8    program     static D:\Projects\EggBot3-GH\EBB_firmware\Microchip\USB\usb_device.c
                  __pa_29   0x00b6ba    program     static E:\3.46\pic18-lt\cxx-framework\src\traditional\stdclib\vfprintf.c
                  __pa_29   0x006e46    program     static D:\Projects\EggBot3-GH\EBB_firmware\app.X\source\ebb.c
                   __pa_3   0x00cb1c    program     static D:\Projects\EggBot3-GH\EBB_firmware\Microchip\USB\CDC Device Driver\usb_function_cdc.c
                   __pa_3   0x00c768    program     static E:\3.46\pic18-lt\cxx-framework\src\traditional\stdclib\sqrt.c
                   __pa_3   0x006c50    program     static D:\Projects\EggBot3-GH\EBB_firmware\app.X\source\ebb.c
                   __pa_3   0x00cece    program     static D:\Projects\EggBot3-GH\EBB_firmware\app.X\source\RCServo2.c
                   __pa_3   0x00d57e    program     static E:\3.46\pic18-lt\cxx-framework\src\traditional\stdclib\PackMath.c
                   __pa_3   0x00b4f4    program     static E:\3.46\pic18-lt\cxx-framework\src\traditional\stdclib\vfprintf.c
                   __pa_3   0x00a962    program     static D:\Projects\EggBot3-GH\EBB_firmware\Microchip\USB\usb_device.c
                   __pa_3   0x009942    program     static D:\Projects\EggBot3-GH\EBB_firmware\app.X\source\UBW.c
                  __pa_30   0x00b6d6    program     static E:\3.46\pic18-lt\cxx-framework\src\traditional\stdclib\vfprintf.c
                  __pa_30   0x00aadc    program     static D:\Projects\EggBot3-GH\EBB_firmware\Microchip\USB\usb_device.c
                  __pa_30   0x006e5c    program     static D:\Projects\EggBot3-GH\EBB_firmware\app.X\source\ebb.c
                  __pa_30   0x009a70    program     static D:\Projects\EggBot3-GH\EBB_firmware\app.X\source\UBW.c
                  __pa_31   0x006e72    program     static D:\Projects\EggBot3-GH\EBB_firmware\app.X\source\ebb.c
                  __pa_31   0x00b6f0    program     static E:\3.46\pic18-lt\cxx-framework\src\traditional\stdclib\vfprintf.c
                  __pa_31   0x009a7e    program     static D:\Projects\EggBot3-GH\EBB_firmware\app.X\source\UBW.c
                  __pa_31   0x00aae8    program     static D:\Projects\EggBot3-GH\EBB_firmware\Microchip\USB\usb_device.c
                  __pa_32   0x006e8c    program     static D:\Projects\EggBot3-GH\EBB_firmware\app.X\source\ebb.c
                  __pa_32   0x00b70a    program     static E:\3.46\pic18-lt\cxx-framework\src\traditional\stdclib\vfprintf.c
                  __pa_32   0x00aafa    program     static D:\Projects\EggBot3-GH\EBB_firmware\Microchip\USB\usb_device.c
                  __pa_32   0x009a86    program     static D:\Projects\EggBot3-GH\EBB_firmware\app.X\source\UBW.c
                  __pa_33   0x00ab08    program     static D:\Projects\EggBot3-GH\EBB_firmware\Microchip\USB\usb_device.c
                  __pa_33   0x00b722    program     static E:\3.46\pic18-lt\cxx-framework\src\traditional\stdclib\vfprintf.c
                  __pa_33   0x009aa2    program     static D:\Projects\EggBot3-GH\EBB_firmware\app.X\source\UBW.c
                  __pa_33   0x006ea6    program     static D:\Projects\EggBot3-GH\EBB_firmware\app.X\source\ebb.c
                  __pa_34   0x00b72c    program     static E:\3.46\pic18-lt\cxx-framework\src\traditional\stdclib\vfprintf.c
                  __pa_34   0x00ab1a    program     static D:\Projects\EggBot3-GH\EBB_firmware\Microchip\USB\usb_device.c
                  __pa_34   0x006ec0    program     static D:\Projects\EggBot3-GH\EBB_firmware\app.X\source\ebb.c
                  __pa_34   0x009abe    program     static D:\Projects\EggBot3-GH\EBB_firmware\app.X\source\UBW.c
                  __pa_35   0x009ad8    program     static D:\Projects\EggBot3-GH\EBB_firmware\app.X\source\UBW.c
                  __pa_35   0x00ab24    program     static D:\Projects\EggBot3-GH\EBB_firmware\Microchip\USB\usb_device.c
                  __pa_35   0x006edc    program     static D:\Projects\EggBot3-GH\EBB_firmware\app.X\source\ebb.c
                  __pa_35   0x00b73a    program     static E:\3.46\pic18-lt\cxx-framework\src\traditional\stdclib\vfprintf.c
                  __pa_36   0x006ef8    program     static D:\Projects\EggBot3-GH\EBB_firmware\app.X\source\ebb.c
                  __pa_36   0x00b742    program     static E:\3.46\pic18-lt\cxx-framework\src\traditional\stdclib\vfprintf.c
                  __pa_36   0x00ab2e    program     static D:\Projects\EggBot3-GH\EBB_firmware\Microchip\USB\usb_device.c
                  __pa_36   0x009ae4    program     static D:\Projects\EggBot3-GH\EBB_firmware\app.X\source\UBW.c
                  __pa_37   0x006f06    program     static D:\Projects\EggBot3-GH\EBB_firmware\app.X\source\ebb.c
                  __pa_37   0x00b74c    program     static E:\3.46\pic18-lt\cxx-framework\src\traditional\stdclib\vfprintf.c
                  __pa_37   0x00ab34    program     static D:\Projects\EggBot3-GH\EBB_firmware\Microchip\USB\usb_device.c
                  __pa_37   0x009aee    program     static D:\Projects\EggBot3-GH\EBB_firmware\app.X\source\UBW.c
                  __pa_38   0x006f20    program     static D:\Projects\EggBot3-GH\EBB_firmware\app.X\source\ebb.c
                  __pa_38   0x00b75c    program     static E:\3.46\pic18-lt\cxx-framework\src\traditional\stdclib\vfprintf.c
                  __pa_38   0x00ab3c    program     static D:\Projects\EggBot3-GH\EBB_firmware\Microchip\USB\usb_device.c
                  __pa_38   0x009afa    program     static D:\Projects\EggBot3-GH\EBB_firmware\app.X\source\UBW.c
                  __pa_39   0x00b76a    program     static E:\3.46\pic18-lt\cxx-framework\src\traditional\stdclib\vfprintf.c
                  __pa_39   0x009b06    program     static D:\Projects\EggBot3-GH\EBB_firmware\app.X\source\UBW.c
                  __pa_39   0x006f36    program     static D:\Projects\EggBot3-GH\EBB_firmware\app.X\source\ebb.c
                  __pa_39   0x00ab42    program     static D:\Projects\EggBot3-GH\EBB_firmware\Microchip\USB\usb_device.c
                   __pa_4   0x00994e    program     static D:\Projects\EggBot3-GH\EBB_firmware\app.X\source\UBW.c
                   __pa_4   0x00ceda    program     static D:\Projects\EggBot3-GH\EBB_firmware\app.X\source\RCServo2.c
                   __pa_4   0x00d58c    program     static E:\3.46\pic18-lt\cxx-framework\src\traditional\stdclib\PackMath.c
                   __pa_4   0x00b50c    program     static E:\3.46\pic18-lt\cxx-framework\src\traditional\stdclib\vfprintf.c
                   __pa_4   0x006c5c    program     static D:\Projects\EggBot3-GH\EBB_firmware\app.X\source\ebb.c
                   __pa_4   0x00a96c    program     static D:\Projects\EggBot3-GH\EBB_firmware\Microchip\USB\usb_device.c
                   __pa_4   0x00c77a    program     static E:\3.46\pic18-lt\cxx-framework\src\traditional\stdclib\sqrt.c
                   __pa_4   0x00cb2e    program     static D:\Projects\EggBot3-GH\EBB_firmware\Microchip\USB\CDC Device Driver\usb_function_cdc.c
                  __pa_40   0x006f48    program     static D:\Projects\EggBot3-GH\EBB_firmware\app.X\source\ebb.c
                  __pa_40   0x009b0e    program     static D:\Projects\EggBot3-GH\EBB_firmware\app.X\source\UBW.c
                  __pa_40   0x00ab50    program     static D:\Projects\EggBot3-GH\EBB_firmware\Microchip\USB\usb_device.c
                  __pa_40   0x00b776    program     static E:\3.46\pic18-lt\cxx-framework\src\traditional\stdclib\vfprintf.c
                  __pa_41   0x006f5a    program     static D:\Projects\EggBot3-GH\EBB_firmware\app.X\source\ebb.c
                  __pa_41   0x00ab5e    program     static D:\Projects\EggBot3-GH\EBB_firmware\Microchip\USB\usb_device.c
                  __pa_41   0x009b24    program     static D:\Projects\EggBot3-GH\EBB_firmware\app.X\source\UBW.c
                  __pa_41   0x00b782    program     static E:\3.46\pic18-lt\cxx-framework\src\traditional\stdclib\vfprintf.c
                  __pa_42   0x00b78a    program     static E:\3.46\pic18-lt\cxx-framework\src\traditional\stdclib\vfprintf.c
                  __pa_42   0x00ab68    program     static D:\Projects\EggBot3-GH\EBB_firmware\Microchip\USB\usb_device.c
                  __pa_42   0x009b32    program     static D:\Projects\EggBot3-GH\EBB_firmware\app.X\source\UBW.c
                  __pa_42   0x006f60    program     static D:\Projects\EggBot3-GH\EBB_firmware\app.X\source\ebb.c
                  __pa_43   0x00b794    program     static E:\3.46\pic18-lt\cxx-framework\src\traditional\stdclib\vfprintf.c
                  __pa_43   0x00ab72    program     static D:\Projects\EggBot3-GH\EBB_firmware\Microchip\USB\usb_device.c
                  __pa_43   0x006f7c    program     static D:\Projects\EggBot3-GH\EBB_firmware\app.X\source\ebb.c
                  __pa_43   0x009b3c    program     static D:\Projects\EggBot3-GH\EBB_firmware\app.X\source\UBW.c
                  __pa_44   0x006f96    program     static D:\Projects\EggBot3-GH\EBB_firmware\app.X\source\ebb.c
                  __pa_44   0x00b79a    program     static E:\3.46\pic18-lt\cxx-framework\src\traditional\stdclib\vfprintf.c
                  __pa_44   0x00ab7a    program     static D:\Projects\EggBot3-GH\EBB_firmware\Microchip\USB\usb_device.c
                  __pa_44   0x009b4e    program     static D:\Projects\EggBot3-GH\EBB_firmware\app.X\source\UBW.c
                  __pa_45   0x009b60    program     static D:\Projects\EggBot3-GH\EBB_firmware\app.X\source\UBW.c
                  __pa_45   0x00b7a4    program     static E:\3.46\pic18-lt\cxx-framework\src\traditional\stdclib\vfprintf.c
                  __pa_45   0x00ab86    program     static D:\Projects\EggBot3-GH\EBB_firmware\Microchip\USB\usb_device.c
                  __pa_45   0x006fb0    program     static D:\Projects\EggBot3-GH\EBB_firmware\app.X\source\ebb.c
                  __pa_46   0x009b6c    program     static D:\Projects\EggBot3-GH\EBB_firmware\app.X\source\UBW.c
                  __pa_46   0x00b7b0    program     static E:\3.46\pic18-lt\cxx-framework\src\traditional\stdclib\vfprintf.c
                  __pa_46   0x00ab90    program     static D:\Projects\EggBot3-GH\EBB_firmware\Microchip\USB\usb_device.c
                  __pa_46   0x006fca    program     static D:\Projects\EggBot3-GH\EBB_firmware\app.X\source\ebb.c
                  __pa_47   0x009b78    program     static D:\Projects\EggBot3-GH\EBB_firmware\app.X\source\UBW.c
                  __pa_47   0x006fe4    program     static D:\Projects\EggBot3-GH\EBB_firmware\app.X\source\ebb.c
                  __pa_48   0x009b82    program     static D:\Projects\EggBot3-GH\EBB_firmware\app.X\source\UBW.c
                  __pa_48   0x006ff6    program     static D:\Projects\EggBot3-GH\EBB_firmware\app.X\source\ebb.c
                  __pa_49   0x007016    program     static D:\Projects\EggBot3-GH\EBB_firmware\app.X\source\ebb.c
                  __pa_49   0x009b8c    program     static D:\Projects\EggBot3-GH\EBB_firmware\app.X\source\UBW.c
                   __pa_5   0x00d594    program     static E:\3.46\pic18-lt\cxx-framework\src\traditional\stdclib\PackMath.c
                   __pa_5   0x00cb48    program     static D:\Projects\EggBot3-GH\EBB_firmware\Microchip\USB\CDC Device Driver\usb_function_cdc.c
                   __pa_5   0x006c76    program     static D:\Projects\EggBot3-GH\EBB_firmware\app.X\source\ebb.c
                   __pa_5   0x00c78c    program     static E:\3.46\pic18-lt\cxx-framework\src\traditional\stdclib\sqrt.c
                   __pa_5   0x00b520    program     static E:\3.46\pic18-lt\cxx-framework\src\traditional\stdclib\vfprintf.c
                   __pa_5   0x009956    program     static D:\Projects\EggBot3-GH\EBB_firmware\app.X\source\UBW.c
                   __pa_5   0x00cee6    program     static D:\Projects\EggBot3-GH\EBB_firmware\app.X\source\RCServo2.c
                   __pa_5   0x00a97c    program     static D:\Projects\EggBot3-GH\EBB_firmware\Microchip\USB\usb_device.c
                  __pa_50   0x009b98    program     static D:\Projects\EggBot3-GH\EBB_firmware\app.X\source\UBW.c
                  __pa_50   0x007020    program     static D:\Projects\EggBot3-GH\EBB_firmware\app.X\source\ebb.c
                  __pa_51   0x009ba4    program     static D:\Projects\EggBot3-GH\EBB_firmware\app.X\source\UBW.c
                  __pa_51   0x00702c    program     static D:\Projects\EggBot3-GH\EBB_firmware\app.X\source\ebb.c
                  __pa_52   0x009bb2    program     static D:\Projects\EggBot3-GH\EBB_firmware\app.X\source\UBW.c
                  __pa_52   0x007036    program     static D:\Projects\EggBot3-GH\EBB_firmware\app.X\source\ebb.c
                  __pa_53   0x009bc0    program     static D:\Projects\EggBot3-GH\EBB_firmware\app.X\source\UBW.c
                  __pa_53   0x00704c    program     static D:\Projects\EggBot3-GH\EBB_firmware\app.X\source\ebb.c
                  __pa_54   0x009bce    program     static D:\Projects\EggBot3-GH\EBB_firmware\app.X\source\UBW.c
                  __pa_54   0x00706a    program     static D:\Projects\EggBot3-GH\EBB_firmware\app.X\source\ebb.c
                  __pa_55   0x007088    program     static D:\Projects\EggBot3-GH\EBB_firmware\app.X\source\ebb.c
                  __pa_55   0x009bd4    program     static D:\Projects\EggBot3-GH\EBB_firmware\app.X\source\UBW.c
                  __pa_56   0x0070a6    program     static D:\Projects\EggBot3-GH\EBB_firmware\app.X\source\ebb.c
                  __pa_56   0x009be2    program     static D:\Projects\EggBot3-GH\EBB_firmware\app.X\source\UBW.c
                  __pa_57   0x0070c4    program     static D:\Projects\EggBot3-GH\EBB_firmware\app.X\source\ebb.c
                  __pa_57   0x009bec    program     static D:\Projects\EggBot3-GH\EBB_firmware\app.X\source\UBW.c
                  __pa_58   0x0070dc    program     static D:\Projects\EggBot3-GH\EBB_firmware\app.X\source\ebb.c
                  __pa_58   0x009bf6    program     static D:\Projects\EggBot3-GH\EBB_firmware\app.X\source\UBW.c
                  __pa_59   0x0070e4    program     static D:\Projects\EggBot3-GH\EBB_firmware\app.X\source\ebb.c
                  __pa_59   0x009bfe    program     static D:\Projects\EggBot3-GH\EBB_firmware\app.X\source\UBW.c
                   __pa_6   0x006c84    program     static D:\Projects\EggBot3-GH\EBB_firmware\app.X\source\ebb.c
                   __pa_6   0x00d59c    program     static E:\3.46\pic18-lt\cxx-framework\src\traditional\stdclib\PackMath.c
                   __pa_6   0x00b53c    program     static E:\3.46\pic18-lt\cxx-framework\src\traditional\stdclib\vfprintf.c
                   __pa_6   0x00cef2    program     static D:\Projects\EggBot3-GH\EBB_firmware\app.X\source\RCServo2.c
                   __pa_6   0x009960    program     static D:\Projects\EggBot3-GH\EBB_firmware\app.X\source\UBW.c
                   __pa_6   0x00c79e    program     static E:\3.46\pic18-lt\cxx-framework\src\traditional\stdclib\sqrt.c
                   __pa_6   0x00cb56    program     static D:\Projects\EggBot3-GH\EBB_firmware\Microchip\USB\CDC Device Driver\usb_function_cdc.c
                   __pa_6   0x00a986    program     static D:\Projects\EggBot3-GH\EBB_firmware\Microchip\USB\usb_device.c
                  __pa_60   0x0070f4    program     static D:\Projects\EggBot3-GH\EBB_firmware\app.X\source\ebb.c
                  __pa_60   0x009c04    program     static D:\Projects\EggBot3-GH\EBB_firmware\app.X\source\UBW.c
                  __pa_61   0x007100    program     static D:\Projects\EggBot3-GH\EBB_firmware\app.X\source\ebb.c
                  __pa_61   0x009c0c    program     static D:\Projects\EggBot3-GH\EBB_firmware\app.X\source\UBW.c
                  __pa_62   0x007116    program     static D:\Projects\EggBot3-GH\EBB_firmware\app.X\source\ebb.c
                  __pa_62   0x009c12    program     static D:\Projects\EggBot3-GH\EBB_firmware\app.X\source\UBW.c
                  __pa_63   0x007122    program     static D:\Projects\EggBot3-GH\EBB_firmware\app.X\source\ebb.c
                  __pa_63   0x009c1c    program     static D:\Projects\EggBot3-GH\EBB_firmware\app.X\source\UBW.c
                  __pa_64   0x00713c    program     static D:\Projects\EggBot3-GH\EBB_firmware\app.X\source\ebb.c
                  __pa_64   0x009c26    program     static D:\Projects\EggBot3-GH\EBB_firmware\app.X\source\UBW.c
                  __pa_65   0x007156    program     static D:\Projects\EggBot3-GH\EBB_firmware\app.X\source\ebb.c
                  __pa_65   0x009c2c    program     static D:\Projects\EggBot3-GH\EBB_firmware\app.X\source\UBW.c
                  __pa_66   0x009c36    program     static D:\Projects\EggBot3-GH\EBB_firmware\app.X\source\UBW.c
                  __pa_66   0x007170    program     static D:\Projects\EggBot3-GH\EBB_firmware\app.X\source\ebb.c
                  __pa_67   0x00718a    program     static D:\Projects\EggBot3-GH\EBB_firmware\app.X\source\ebb.c
                  __pa_67   0x009c3a    program     static D:\Projects\EggBot3-GH\EBB_firmware\app.X\source\UBW.c
                  __pa_68   0x009c44    program     static D:\Projects\EggBot3-GH\EBB_firmware\app.X\source\UBW.c
                  __pa_68   0x0071a4    program     static D:\Projects\EggBot3-GH\EBB_firmware\app.X\source\ebb.c
                  __pa_69   0x009c50    program     static D:\Projects\EggBot3-GH\EBB_firmware\app.X\source\UBW.c
                  __pa_69   0x0071bc    program     static D:\Projects\EggBot3-GH\EBB_firmware\app.X\source\ebb.c
                   __pa_7   0x00cefa    program     static D:\Projects\EggBot3-GH\EBB_firmware\app.X\source\RCServo2.c
                   __pa_7   0x00996a    program     static D:\Projects\EggBot3-GH\EBB_firmware\app.X\source\UBW.c
                   __pa_7   0x006c9e    program     static D:\Projects\EggBot3-GH\EBB_firmware\app.X\source\ebb.c
                   __pa_7   0x00c7ac    program     static E:\3.46\pic18-lt\cxx-framework\src\traditional\stdclib\sqrt.c
                   __pa_7   0x00b546    program     static E:\3.46\pic18-lt\cxx-framework\src\traditional\stdclib\vfprintf.c
                   __pa_7   0x00cb64    program     static D:\Projects\EggBot3-GH\EBB_firmware\Microchip\USB\CDC Device Driver\usb_function_cdc.c
                   __pa_7   0x00a990    program     static D:\Projects\EggBot3-GH\EBB_firmware\Microchip\USB\usb_device.c
                  __pa_70   0x0071c8    program     static D:\Projects\EggBot3-GH\EBB_firmware\app.X\source\ebb.c
                  __pa_70   0x009c5c    program     static D:\Projects\EggBot3-GH\EBB_firmware\app.X\source\UBW.c
                  __pa_71   0x0071d2    program     static D:\Projects\EggBot3-GH\EBB_firmware\app.X\source\ebb.c
                  __pa_71   0x009c64    program     static D:\Projects\EggBot3-GH\EBB_firmware\app.X\source\UBW.c
                  __pa_72   0x0071e0    program     static D:\Projects\EggBot3-GH\EBB_firmware\app.X\source\ebb.c
                  __pa_72   0x009c6c    program     static D:\Projects\EggBot3-GH\EBB_firmware\app.X\source\UBW.c
                  __pa_73   0x0071ee    program     static D:\Projects\EggBot3-GH\EBB_firmware\app.X\source\ebb.c
                  __pa_73   0x009c7a    program     static D:\Projects\EggBot3-GH\EBB_firmware\app.X\source\UBW.c
                  __pa_74   0x0071fc    program     static D:\Projects\EggBot3-GH\EBB_firmware\app.X\source\ebb.c
                  __pa_74   0x009c80    program     static D:\Projects\EggBot3-GH\EBB_firmware\app.X\source\UBW.c
                  __pa_75   0x009c8a    program     static D:\Projects\EggBot3-GH\EBB_firmware\app.X\source\UBW.c
                  __pa_75   0x007202    program     static D:\Projects\EggBot3-GH\EBB_firmware\app.X\source\ebb.c
                  __pa_76   0x009c94    program     static D:\Projects\EggBot3-GH\EBB_firmware\app.X\source\UBW.c
                  __pa_76   0x007216    program     static D:\Projects\EggBot3-GH\EBB_firmware\app.X\source\ebb.c
                  __pa_77   0x009c9e    program     static D:\Projects\EggBot3-GH\EBB_firmware\app.X\source\UBW.c
                  __pa_77   0x00722a    program     static D:\Projects\EggBot3-GH\EBB_firmware\app.X\source\ebb.c
                  __pa_78   0x009cac    program     static D:\Projects\EggBot3-GH\EBB_firmware\app.X\source\UBW.c
                  __pa_78   0x007232    program     static D:\Projects\EggBot3-GH\EBB_firmware\app.X\source\ebb.c
                  __pa_79   0x009cb8    program     static D:\Projects\EggBot3-GH\EBB_firmware\app.X\source\UBW.c
                  __pa_79   0x007244    program     static D:\Projects\EggBot3-GH\EBB_firmware\app.X\source\ebb.c
                   __pa_8   0x00cb6a    program     static D:\Projects\EggBot3-GH\EBB_firmware\Microchip\USB\CDC Device Driver\usb_function_cdc.c
                   __pa_8   0x00a9a0    program     static D:\Projects\EggBot3-GH\EBB_firmware\Microchip\USB\usb_device.c
                   __pa_8   0x00b552    program     static E:\3.46\pic18-lt\cxx-framework\src\traditional\stdclib\vfprintf.c
                   __pa_8   0x00c7b4    program     static E:\3.46\pic18-lt\cxx-framework\src\traditional\stdclib\sqrt.c
                   __pa_8   0x006cb2    program     static D:\Projects\EggBot3-GH\EBB_firmware\app.X\source\ebb.c
                   __pa_8   0x009974    program     static D:\Projects\EggBot3-GH\EBB_firmware\app.X\source\UBW.c
                   __pa_8   0x00cf04    program     static D:\Projects\EggBot3-GH\EBB_firmware\app.X\source\RCServo2.c
                  __pa_80   0x009cc2    program     static D:\Projects\EggBot3-GH\EBB_firmware\app.X\source\UBW.c
                  __pa_80   0x007254    program     static D:\Projects\EggBot3-GH\EBB_firmware\app.X\source\ebb.c
                  __pa_81   0x007266    program     static D:\Projects\EggBot3-GH\EBB_firmware\app.X\source\ebb.c
                  __pa_81   0x009cce    program     static D:\Projects\EggBot3-GH\EBB_firmware\app.X\source\UBW.c
                  __pa_82   0x009cda    program     static D:\Projects\EggBot3-GH\EBB_firmware\app.X\source\UBW.c
                  __pa_82   0x007272    program     static D:\Projects\EggBot3-GH\EBB_firmware\app.X\source\ebb.c
                  __pa_83   0x007284    program     static D:\Projects\EggBot3-GH\EBB_firmware\app.X\source\ebb.c
                  __pa_83   0x009ce4    program     static D:\Projects\EggBot3-GH\EBB_firmware\app.X\source\UBW.c
                  __pa_84   0x00728c    program     static D:\Projects\EggBot3-GH\EBB_firmware\app.X\source\ebb.c
                  __pa_84   0x009cf2    program     static D:\Projects\EggBot3-GH\EBB_firmware\app.X\source\UBW.c
                  __pa_85   0x007294    program     static D:\Projects\EggBot3-GH\EBB_firmware\app.X\source\ebb.c
                  __pa_85   0x009cfe    program     static D:\Projects\EggBot3-GH\EBB_firmware\app.X\source\UBW.c
                  __pa_86   0x00729e    program     static D:\Projects\EggBot3-GH\EBB_firmware\app.X\source\ebb.c
                  __pa_86   0x009d0a    program     static D:\Projects\EggBot3-GH\EBB_firmware\app.X\source\UBW.c
                  __pa_87   0x009d12    program     static D:\Projects\EggBot3-GH\EBB_firmware\app.X\source\UBW.c
                  __pa_87   0x0072ae    program     static D:\Projects\EggBot3-GH\EBB_firmware\app.X\source\ebb.c
                  __pa_88   0x009d1c    program     static D:\Projects\EggBot3-GH\EBB_firmware\app.X\source\UBW.c
                  __pa_88   0x0072b6    program     static D:\Projects\EggBot3-GH\EBB_firmware\app.X\source\ebb.c
                  __pa_89   0x009d24    program     static D:\Projects\EggBot3-GH\EBB_firmware\app.X\source\UBW.c
                  __pa_89   0x0072c4    program     static D:\Projects\EggBot3-GH\EBB_firmware\app.X\source\ebb.c
                   __pa_9   0x006cc4    program     static D:\Projects\EggBot3-GH\EBB_firmware\app.X\source\ebb.c
                   __pa_9   0x00b574    program     static E:\3.46\pic18-lt\cxx-framework\src\traditional\stdclib\vfprintf.c
                   __pa_9   0x00997c    program     static D:\Projects\EggBot3-GH\EBB_firmware\app.X\source\UBW.c
                   __pa_9   0x00c7be    program     static E:\3.46\pic18-lt\cxx-framework\src\traditional\stdclib\sqrt.c
                   __pa_9   0x00a9aa    program     static D:\Projects\EggBot3-GH\EBB_firmware\Microchip\USB\usb_device.c
                   __pa_9   0x00cb78    program     static D:\Projects\EggBot3-GH\EBB_firmware\Microchip\USB\CDC Device Driver\usb_function_cdc.c
                  __pa_90   0x0072d2    program     static D:\Projects\EggBot3-GH\EBB_firmware\app.X\source\ebb.c
                  __pa_90   0x009d2c    program     static D:\Projects\EggBot3-GH\EBB_firmware\app.X\source\UBW.c
                  __pa_91   0x0072e0    program     static D:\Projects\EggBot3-GH\EBB_firmware\app.X\source\ebb.c
                  __pa_91   0x009d34    program     static D:\Projects\EggBot3-GH\EBB_firmware\app.X\source\UBW.c
                  __pa_92   0x0072ee    program     static D:\Projects\EggBot3-GH\EBB_firmware\app.X\source\ebb.c
[...]
               TXSTA2bits   0x000fa8       data     extern E:\3.46\pic18-lt\cxx-framework\src\traditional\proc\p18f46j50.asm
                   TXSTA2   0x000fa8       data     extern E:\3.46\pic18-lt\cxx-framework\src\traditional\proc\p18f46j50.asm
                   TXREG2   0x000fa9       data     extern E:\3.46\pic18-lt\cxx-framework\src\traditional\proc\p18f46j50.asm
                   RCREG2   0x000faa       data     extern E:\3.46\pic18-lt\cxx-framework\src\traditional\proc\p18f46j50.asm
                   SPBRG2   0x000fab       data     extern E:\3.46\pic18-lt\cxx-framework\src\traditional\proc\p18f46j50.asm
                RCSTAbits   0x000fac       data     extern E:\3.46\pic18-lt\cxx-framework\src\traditional\proc\p18f46j50.asm
               RCSTA1bits   0x000fac       data     extern E:\3.46\pic18-lt\cxx-framework\src\traditional\proc\p18f46j50.asm
                   RCSTA1   0x000fac       data     extern E:\3.46\pic18-lt\cxx-framework\src\traditional\proc\p18f46j50.asm
                    RCSTA   0x000fac       data     extern E:\3.46\pic18-lt\cxx-framework\src\traditional\proc\p18f46j50.asm
                    TXSTA   0x000fad       data     extern E:\3.46\pic18-lt\cxx-framework\src\traditional\proc\p18f46j50.asm
                   TXSTA1   0x000fad       data     extern E:\3.46\pic18-lt\cxx-framework\src\traditional\proc\p18f46j50.asm
               TXSTA1bits   0x000fad       data     extern E:\3.46\pic18-lt\cxx-framework\src\traditional\proc\p18f46j50.asm
                TXSTAbits   0x000fad       data     extern E:\3.46\pic18-lt\cxx-framework\src\traditional\proc\p18f46j50.asm
                    TXREG   0x000fae       data     extern E:\3.46\pic18-lt\cxx-framework\src\traditional\proc\p18f46j50.asm
                   TXREG1   0x000fae       data     extern E:\3.46\pic18-lt\cxx-framework\src\traditional\proc\p18f46j50.asm
                    RCREG   0x000faf       data     extern E:\3.46\pic18-lt\cxx-framework\src\traditional\proc\p18f46j50.asm
                   RCREG1   0x000faf       data     extern E:\3.46\pic18-lt\cxx-framework\src\traditional\proc\p18f46j50.asm
                    SPBRG   0x000fb0       data     extern E:\3.46\pic18-lt\cxx-framework\src\traditional\proc\p18f46j50.asm
                   SPBRG1   0x000fb0       data     extern E:\3.46\pic18-lt\cxx-framework\src\traditional\proc\p18f46j50.asm
                 CTMUICON   0x000fb1       data     extern E:\3.46\pic18-lt\cxx-framework\src\traditional\proc\p18f46j50.asm
             CTMUICONbits   0x000fb1       data     extern E:\3.46\pic18-lt\cxx-framework\src\traditional\proc\p18f46j50.asm
             CTMUCONLbits   0x000fb2       data     extern E:\3.46\pic18-lt\cxx-framework\src\traditional\proc\p18f46j50.asm
                 CTMUCONL   0x000fb2       data     extern E:\3.46\pic18-lt\cxx-framework\src\traditional\proc\p18f46j50.asm
             CTMUCONHbits   0x000fb3       data     extern E:\3.46\pic18-lt\cxx-framework\src\traditional\proc\p18f46j50.asm
                 CTMUCONH   0x000fb3       data     extern E:\3.46\pic18-lt\cxx-framework\src\traditional\proc\p18f46j50.asm
                 ECCP2CON   0x000fb4       data     extern E:\3.46\pic18-lt\cxx-framework\src\traditional\proc\p18f46j50.asm
              CCP2CONbits   0x000fb4       data     extern E:\3.46\pic18-lt\cxx-framework\src\traditional\proc\p18f46j50.asm
             ECCP2CONbits   0x000fb4       data     extern E:\3.46\pic18-lt\cxx-framework\src\traditional\proc\p18f46j50.asm
                  CCP2CON   0x000fb4       data     extern E:\3.46\pic18-lt\cxx-framework\src\traditional\proc\p18f46j50.asm
                   CCPR2L   0x000fb5       data     extern E:\3.46\pic18-lt\cxx-framework\src\traditional\proc\p18f46j50.asm
                    CCPR2   0x000fb5       data     extern E:\3.46\pic18-lt\cxx-framework\src\traditional\proc\p18f46j50.asm
                   CCPR2H   0x000fb6       data     extern E:\3.46\pic18-lt\cxx-framework\src\traditional\proc\p18f46j50.asm
             ECCP2DELbits   0x000fb7       data     extern E:\3.46\pic18-lt\cxx-framework\src\traditional\proc\p18f46j50.asm
                 ECCP2DEL   0x000fb7       data     extern E:\3.46\pic18-lt\cxx-framework\src\traditional\proc\p18f46j50.asm
              PWM2CONbits   0x000fb7       data     extern E:\3.46\pic18-lt\cxx-framework\src\traditional\proc\p18f46j50.asm
                  PWM2CON   0x000fb7       data     extern E:\3.46\pic18-lt\cxx-framework\src\traditional\proc\p18f46j50.asm
              ECCP2ASbits   0x000fb8       data     extern E:\3.46\pic18-lt\cxx-framework\src\traditional\proc\p18f46j50.asm
                  ECCP2AS   0x000fb8       data     extern E:\3.46\pic18-lt\cxx-framework\src\traditional\proc\p18f46j50.asm
                 PSTR2CON   0x000fb9       data     extern E:\3.46\pic18-lt\cxx-framework\src\traditional\proc\p18f46j50.asm
             PSTR2CONbits   0x000fb9       data     extern E:\3.46\pic18-lt\cxx-framework\src\traditional\proc\p18f46j50.asm
              CCP1CONbits   0x000fba       data     extern E:\3.46\pic18-lt\cxx-framework\src\traditional\proc\p18f46j50.asm
                  CCP1CON   0x000fba       data     extern E:\3.46\pic18-lt\cxx-framework\src\traditional\proc\p18f46j50.asm
             ECCP1CONbits   0x000fba       data     extern E:\3.46\pic18-lt\cxx-framework\src\traditional\proc\p18f46j50.asm
                 ECCP1CON   0x000fba       data     extern E:\3.46\pic18-lt\cxx-framework\src\traditional\proc\p18f46j50.asm
                   CCPR1L   0x000fbb       data     extern E:\3.46\pic18-lt\cxx-framework\src\traditional\proc\p18f46j50.asm
                    CCPR1   0x000fbb       data     extern E:\3.46\pic18-lt\cxx-framework\src\traditional\proc\p18f46j50.asm
                   CCPR1H   0x000fbc       data     extern E:\3.46\pic18-lt\cxx-framework\src\traditional\proc\p18f46j50.asm
                  PWM1CON   0x000fbd       data     extern E:\3.46\pic18-lt\cxx-framework\src\traditional\proc\p18f46j50.asm
              PWM1CONbits   0x000fbd       data     extern E:\3.46\pic18-lt\cxx-framework\src\traditional\proc\p18f46j50.asm
             ECCP1DELbits   0x000fbd       data     extern E:\3.46\pic18-lt\cxx-framework\src\traditional\proc\p18f46j50.asm
                 ECCP1DEL   0x000fbd       data     extern E:\3.46\pic18-lt\cxx-framework\src\traditional\proc\p18f46j50.asm
              ECCP1ASbits   0x000fbe       data     extern E:\3.46\pic18-lt\cxx-framework\src\traditional\proc\p18f46j50.asm
                  ECCP1AS   0x000fbe       data     extern E:\3.46\pic18-lt\cxx-framework\src\traditional\proc\p18f46j50.asm
             PSTR1CONbits   0x000fbf       data     extern E:\3.46\pic18-lt\cxx-framework\src\traditional\proc\p18f46j50.asm
                 PSTR1CON   0x000fbf       data     extern E:\3.46\pic18-lt\cxx-framework\src\traditional\proc\p18f46j50.asm
                   WDTCON   0x000fc0       data     extern E:\3.46\pic18-lt\cxx-framework\src\traditional\proc\p18f46j50.asm
               WDTCONbits   0x000fc0       data     extern E:\3.46\pic18-lt\cxx-framework\src\traditional\proc\p18f46j50.asm
                   ADCON1   0x000fc1       data     extern E:\3.46\pic18-lt\cxx-framework\src\traditional\proc\p18f46j50.asm
               ADCON1bits   0x000fc1       data     extern E:\3.46\pic18-lt\cxx-framework\src\traditional\proc\p18f46j50.asm
               ADCON0bits   0x000fc2       data     extern E:\3.46\pic18-lt\cxx-framework\src\traditional\proc\p18f46j50.asm
                   ADCON0   0x000fc2       data     extern E:\3.46\pic18-lt\cxx-framework\src\traditional\proc\p18f46j50.asm
                    ADRES   0x000fc3       data     extern E:\3.46\pic18-lt\cxx-framework\src\traditional\proc\p18f46j50.asm
                   ADRESL   0x000fc3       data     extern E:\3.46\pic18-lt\cxx-framework\src\traditional\proc\p18f46j50.asm
                   ADRESH   0x000fc4       data     extern E:\3.46\pic18-lt\cxx-framework\src\traditional\proc\p18f46j50.asm
             SSP1CON2bits   0x000fc5       data     extern E:\3.46\pic18-lt\cxx-framework\src\traditional\proc\p18f46j50.asm
                  SSPCON2   0x000fc5       data     extern E:\3.46\pic18-lt\cxx-framework\src\traditional\proc\p18f46j50.asm
              SSPCON2bits   0x000fc5       data     extern E:\3.46\pic18-lt\cxx-framework\src\traditional\proc\p18f46j50.asm
                 SSP1CON2   0x000fc5       data     extern E:\3.46\pic18-lt\cxx-framework\src\traditional\proc\p18f46j50.asm
                  SSPCON1   0x000fc6       data     extern E:\3.46\pic18-lt\cxx-framework\src\traditional\proc\p18f46j50.asm
              SSPCON1bits   0x000fc6       data     extern E:\3.46\pic18-lt\cxx-framework\src\traditional\proc\p18f46j50.asm
                 SSP1CON1   0x000fc6       data     extern E:\3.46\pic18-lt\cxx-framework\src\traditional\proc\p18f46j50.asm
             SSP1CON1bits   0x000fc6       data     extern E:\3.46\pic18-lt\cxx-framework\src\traditional\proc\p18f46j50.asm
                  SSPSTAT   0x000fc7       data     extern E:\3.46\pic18-lt\cxx-framework\src\traditional\proc\p18f46j50.asm
              SSPSTATbits   0x000fc7       data     extern E:\3.46\pic18-lt\cxx-framework\src\traditional\proc\p18f46j50.asm
                 SSP1STAT   0x000fc7       data     extern E:\3.46\pic18-lt\cxx-framework\src\traditional\proc\p18f46j50.asm
             SSP1STATbits   0x000fc7       data     extern E:\3.46\pic18-lt\cxx-framework\src\traditional\proc\p18f46j50.asm
                   SSPADD   0x000fc8       data     extern E:\3.46\pic18-lt\cxx-framework\src\traditional\proc\p18f46j50.asm
              SSP1ADDbits   0x000fc8       data     extern E:\3.46\pic18-lt\cxx-framework\src\traditional\proc\p18f46j50.asm
                  SSP1ADD   0x000fc8       data     extern E:\3.46\pic18-lt\cxx-framework\src\traditional\proc\p18f46j50.asm
               SSPADDbits   0x000fc8       data     extern E:\3.46\pic18-lt\cxx-framework\src\traditional\proc\p18f46j50.asm
                  SSP1BUF   0x000fc9       data     extern E:\3.46\pic18-lt\cxx-framework\src\traditional\proc\p18f46j50.asm
                   SSPBUF   0x000fc9       data     extern E:\3.46\pic18-lt\cxx-framework\src\traditional\proc\p18f46j50.asm
                T2CONbits   0x000fca       data     extern E:\3.46\pic18-lt\cxx-framework\src\traditional\proc\p18f46j50.asm
                    T2CON   0x000fca       data     extern E:\3.46\pic18-lt\cxx-framework\src\traditional\proc\p18f46j50.asm
                      PR2   0x000fcb       data     extern E:\3.46\pic18-lt\cxx-framework\src\traditional\proc\p18f46j50.asm
                     TMR2   0x000fcc       data     extern E:\3.46\pic18-lt\cxx-framework\src\traditional\proc\p18f46j50.asm
                T1CONbits   0x000fcd       data     extern E:\3.46\pic18-lt\cxx-framework\src\traditional\proc\p18f46j50.asm
                    T1CON   0x000fcd       data     extern E:\3.46\pic18-lt\cxx-framework\src\traditional\proc\p18f46j50.asm
                    TMR1L   0x000fce       data     extern E:\3.46\pic18-lt\cxx-framework\src\traditional\proc\p18f46j50.asm
                    TMR1H   0x000fcf       data     extern E:\3.46\pic18-lt\cxx-framework\src\traditional\proc\p18f46j50.asm
                 RCONbits   0x000fd0       data     extern E:\3.46\pic18-lt\cxx-framework\src\traditional\proc\p18f46j50.asm
                     RCON   0x000fd0       data     extern E:\3.46\pic18-lt\cxx-framework\src\traditional\proc\p18f46j50.asm
               CM2CONbits   0x000fd1       data     extern E:\3.46\pic18-lt\cxx-framework\src\traditional\proc\p18f46j50.asm
              CM2CON1bits   0x000fd1       data     extern E:\3.46\pic18-lt\cxx-framework\src\traditional\proc\p18f46j50.asm
                  CM2CON1   0x000fd1       data     extern E:\3.46\pic18-lt\cxx-framework\src\traditional\proc\p18f46j50.asm
                   CM2CON   0x000fd1       data     extern E:\3.46\pic18-lt\cxx-framework\src\traditional\proc\p18f46j50.asm
               CM1CONbits   0x000fd2       data     extern E:\3.46\pic18-lt\cxx-framework\src\traditional\proc\p18f46j50.asm
              CM1CON1bits   0x000fd2       data     extern E:\3.46\pic18-lt\cxx-framework\src\traditional\proc\p18f46j50.asm
                  CM1CON1   0x000fd2       data     extern E:\3.46\pic18-lt\cxx-framework\src\traditional\proc\p18f46j50.asm
                   CM1CON   0x000fd2       data     extern E:\3.46\pic18-lt\cxx-framework\src\traditional\proc\p18f46j50.asm
                   OSCCON   0x000fd3       data     extern E:\3.46\pic18-lt\cxx-framework\src\traditional\proc\p18f46j50.asm
               OSCCONbits   0x000fd3       data     extern E:\3.46\pic18-lt\cxx-framework\src\traditional\proc\p18f46j50.asm
                    T0CON   0x000fd5       data     extern E:\3.46\pic18-lt\cxx-framework\src\traditional\proc\p18f46j50.asm
                T0CONbits   0x000fd5       data     extern E:\3.46\pic18-lt\cxx-framework\src\traditional\proc\p18f46j50.asm
                    TMR0L   0x000fd6       data     extern E:\3.46\pic18-lt\cxx-framework\src\traditional\proc\p18f46j50.asm
                    TMR0H   0x000fd7       data     extern E:\3.46\pic18-lt\cxx-framework\src\traditional\proc\p18f46j50.asm
               STATUSbits   0x000fd8       data     extern E:\3.46\pic18-lt\cxx-framework\src\traditional\proc\p18f46j50.asm
                   STATUS   0x000fd8       data     extern E:\3.46\pic18-lt\cxx-framework\src\traditional\proc\p18f46j50.asm
                    FSR2L   0x000fd9       data     extern E:\3.46\pic18-lt\cxx-framework\src\traditional\proc\p18f46j50.asm
                     FSR2   0x000fd9       data     extern E:\3.46\pic18-lt\cxx-framework\src\traditional\proc\p18f46j50.asm
                    FSR2H   0x000fda       data     extern E:\3.46\pic18-lt\cxx-framework\src\traditional\proc\p18f46j50.asm
                   PLUSW2   0x000fdb       data     extern E:\3.46\pic18-lt\cxx-framework\src\traditional\proc\p18f46j50.asm
                  PREINC2   0x000fdc       data     extern E:\3.46\pic18-lt\cxx-framework\src\traditional\proc\p18f46j50.asm
                 POSTDEC2   0x000fdd       data     extern E:\3.46\pic18-lt\cxx-framework\src\traditional\proc\p18f46j50.asm
                 POSTINC2   0x000fde       data     extern E:\3.46\pic18-lt\cxx-framework\src\traditional\proc\p18f46j50.asm
                    INDF2   0x000fdf       data     extern E:\3.46\pic18-lt\cxx-framework\src\traditional\proc\p18f46j50.asm
                      BSR   0x000fe0       data     extern E:\3.46\pic18-lt\cxx-framework\src\traditional\proc\p18f46j50.asm
                     FSR1   0x000fe1       data     extern E:\3.46\pic18-lt\cxx-framework\src\traditional\proc\p18f46j50.asm
                    FSR1L   0x000fe1       data     extern E:\3.46\pic18-lt\cxx-framework\src\traditional\proc\p18f46j50.asm
                    FSR1H   0x000fe2       data     extern E:\3.46\pic18-lt\cxx-framework\src\traditional\proc\p18f46j50.asm
                   PLUSW1   0x000fe3       data     extern E:\3.46\pic18-lt\cxx-framework\src\traditional\proc\p18f46j50.asm
                  PREINC1   0x000fe4       data     extern E:\3.46\pic18-lt\cxx-framework\src\traditional\proc\p18f46j50.asm
                 POSTDEC1   0x000fe5       data     extern E:\3.46\pic18-lt\cxx-framework\src\traditional\proc\p18f46j50.asm
                 POSTINC1   0x000fe6       data     extern E:\3.46\pic18-lt\cxx-framework\src\traditional\proc\p18f46j50.asm
                    INDF1   0x000fe7       data     extern E:\3.46\pic18-lt\cxx-framework\src\traditional\proc\p18f46j50.asm
                     WREG   0x000fe8       data     extern E:\3.46\pic18-lt\cxx-framework\src\traditional\proc\p18f46j50.asm
                    FSR0L   0x000fe9       data     extern E:\3.46\pic18-lt\cxx-framework\src\traditional\proc\p18f46j50.asm
                     FSR0   0x000fe9       data     extern E:\3.46\pic18-lt\cxx-framework\src\traditional\proc\p18f46j50.asm
                    FSR0H   0x000fea       data     extern E:\3.46\pic18-lt\cxx-framework\src\traditional\proc\p18f46j50.asm
                   PLUSW0   0x000feb       data     extern E:\3.46\pic18-lt\cxx-framework\src\traditional\proc\p18f46j50.asm
                  PREINC0   0x000fec       data     extern E:\3.46\pic18-lt\cxx-framework\src\traditional\proc\p18f46j50.asm
                 POSTDEC0   0x000fed       data     extern E:\3.46\pic18-lt\cxx-framework\src\traditional\proc\p18f46j50.asm
                 POSTINC0   0x000fee       data     extern E:\3.46\pic18-lt\cxx-framework\src\traditional\proc\p18f46j50.asm
                    INDF0   0x000fef       data     extern E:\3.46\pic18-lt\cxx-framework\src\traditional\proc\p18f46j50.asm
              INTCON3bits   0x000ff0       data     extern E:\3.46\pic18-lt\cxx-framework\src\traditional\proc\p18f46j50.asm
                  INTCON3   0x000ff0       data     extern E:\3.46\pic18-lt\cxx-framework\src\traditional\proc\p18f46j50.asm
              INTCON2bits   0x000ff1       data     extern E:\3.46\pic18-lt\cxx-framework\src\traditional\proc\p18f46j50.asm
                  INTCON2   0x000ff1       data     extern E:\3.46\pic18-lt\cxx-framework\src\traditional\proc\p18f46j50.asm
               INTCONbits   0x000ff2       data     extern E:\3.46\pic18-lt\cxx-framework\src\traditional\proc\p18f46j50.asm
                   INTCON   0x000ff2       data     extern E:\3.46\pic18-lt\cxx-framework\src\traditional\proc\p18f46j50.asm
                    PRODL   0x000ff3       data     extern E:\3.46\pic18-lt\cxx-framework\src\traditional\proc\p18f46j50.asm
                     PROD   0x000ff3       data     extern E:\3.46\pic18-lt\cxx-framework\src\traditional\proc\p18f46j50.asm
                    PRODH   0x000ff4       data     extern E:\3.46\pic18-lt\cxx-framework\src\traditional\proc\p18f46j50.asm
                   TABLAT   0x000ff5       data     extern E:\3.46\pic18-lt\cxx-framework\src\traditional\proc\p18f46j50.asm
                   TBLPTR   0x000ff6       data     extern E:\3.46\pic18-lt\cxx-framework\src\traditional\proc\p18f46j50.asm
                  TBLPTRL   0x000ff6       data     extern E:\3.46\pic18-lt\cxx-framework\src\traditional\proc\p18f46j50.asm
                  TBLPTRH   0x000ff7       data     extern E:\3.46\pic18-lt\cxx-framework\src\traditional\proc\p18f46j50.asm
                  TBLPTRU   0x000ff8       data     extern E:\3.46\pic18-lt\cxx-framework\src\traditional\proc\p18f46j50.asm
                       PC   0x000ff9       data     extern E:\3.46\pic18-lt\cxx-framework\src\traditional\proc\p18f46j50.asm
                      PCL   0x000ff9       data     extern E:\3.46\pic18-lt\cxx-framework\src\traditional\proc\p18f46j50.asm
                   PCLATH   0x000ffa       data     extern E:\3.46\pic18-lt\cxx-framework\src\traditional\proc\p18f46j50.asm
                   PCLATU   0x000ffb       data     extern E:\3.46\pic18-lt\cxx-framework\src\traditional\proc\p18f46j50.asm
                   STKPTR   0x000ffc       data     extern E:\3.46\pic18-lt\cxx-framework\src\traditional\proc\p18f46j50.asm
               STKPTRbits   0x000ffc       data     extern E:\3.46\pic18-lt\cxx-framework\src\traditional\proc\p18f46j50.asm
                      TOS   0x000ffd       data     extern E:\3.46\pic18-lt\cxx-framework\src\traditional\proc\p18f46j50.asm
                     TOSL   0x000ffd       data     extern E:\3.46\pic18-lt\cxx-framework\src\traditional\proc\p18f46j50.asm
                     TOSH   0x000ffe       data     extern E:\3.46\pic18-lt\cxx-framework\src\traditional\proc\p18f46j50.asm
                     TOSU   0x000fff       data     extern E:\3.46\pic18-lt\cxx-framework\src\traditional\proc\p18f46j50.asm


