MPLINK 5.00, LINKER
Linker Map File - Created Sat Jan 06 21:47:32 2018

                                 Section Info
                  Section       Type    Address   Location Size(Bytes)
                ---------  ---------  ---------  ---------  ---------
    REMAPPED_RESET_VECTOR       code   0x001000    program   0x000006
REMAPPED_HIGH_INTERRUPT_VECTOR       code   0x001008    program   0x000006
REMAPPED_LOW_INTERRUPT_VECTOR       code   0x001018    program   0x000006
                   .cinit    romdata   0x00102a    program   0x000032
      .romdata_ebb_demo.o    romdata   0x00105c    program   0x00388c
              .code_ebb.o       code   0x0048e8    program   0x002948
              .code_UBW.o       code   0x007230    program   0x0025e2
       .code_usb_device.o       code   0x009812    program   0x000da4
         .code_vfprintf.o       code   0x00a5b6    program   0x000c22
                     PROG       code   0x00b1d8    program   0x0005ea
             .stringtable    romdata   0x00b7c2    program   0x000545
         .romdata_ldexp.o    romdata   0x00bd07    program   0x000000
         .romdata_errno.o    romdata   0x00bd07    program   0x000000
      .romdata_PackMath.o    romdata   0x00bd07    program   0x000000
       .idata_pow2x16.o_i    romdata   0x00bd07    program   0x000000
.romdata_WriteBytesFlash.o    romdata   0x00bd07    program   0x000000
     .idata_ReadFlash.o_i    romdata   0x00bd07    program   0x000000
      .idata_fxd3232u.o_i    romdata   0x00bd07    program   0x000000
          .romdata_putc.o    romdata   0x00bd07    program   0x000000
         .idata_c018i.o_i    romdata   0x00bd07    program   0x000000
    .idata_usb_device.o_i    romdata   0x00bd07    program   0x000000
.romdata_usb_function_cdc.o    romdata   0x00bd07    program   0x000000
            .code_c018i.o       code   0x00bd08    program   0x000000
             .code_sqrt.o       code   0x00bd08    program   0x000442
  .code_usb_descriptors.o       code   0x00bd08    program   0x000000
 .code_usb_function_cdc.o       code   0x00c14a    program   0x0003fc
         .code_RCServo2.o       code   0x00c546    program   0x000348
  .code_WriteBytesFlash.o       code   0x00c88e    program   0x0001de
             .code_main.o       code   0x00ca6c    program   0x000148
            .code_ldexp.o       code   0x00cbb4    program   0x000138
         .code_UnpkMath.o       code   0x00ccec    program   0x00011c
         .code_PackMath.o       code   0x00ce08    program   0x00011a
       .code_EraseFlash.o       code   0x00cf22    program   0x0000f8
               _cinit_scn       code   0x00d01a    program   0x00009e
                   STRING       code   0x00d0b8    program   0x00009a
           .code_printf.o       code   0x00d152    program   0x000098
        .code_ReadFlash.o       code   0x00d1ea    program   0x000092
             .code_putc.o       code   0x00d27c    program   0x000084
          .code_fxm3232.o       code   0x00d300    program   0x000070
.romdata_usb_descriptors.o    romdata   0x00d370    program   0x000057
           .romdata_ebb.o    romdata   0x00d3c7    program   0x000000
      .romdata_UnpkMath.o    romdata   0x00d3c7    program   0x000000
      .idata_RCServo2.o_i    romdata   0x00d3c7    program   0x000000
      .idata_fxd1616u.o_i    romdata   0x00d3c7    program   0x000000
          .idata_sqrt.o_i    romdata   0x00d3c7    program   0x000000
        .romdata_printf.o    romdata   0x00d3c7    program   0x000000
    .romdata_usb_device.o    romdata   0x00d3c7    program   0x000000
        .idata___init.o_i    romdata   0x00d3c7    program   0x000000
    .romdata_EraseFlash.o    romdata   0x00d3c7    program   0x000000
          .idata_main.o_i    romdata   0x00d3c7    program   0x000000
       .romdata_fxm3232.o    romdata   0x00d3c7    program   0x000000
           .code_stdout.o       code   0x00d3c8    program   0x000000
                    CTYPE       code   0x00d3c8    program   0x00004c
         .code_fxd3232u.o       code   0x00d414    program   0x000048
           .romdata_UBW.o    romdata   0x00d45c    program   0x000035
         .idata_errno.o_i    romdata   0x00d491    program   0x000000
      .romdata_fxd3232u.o    romdata   0x00d491    program   0x000000
         .idata_ldexp.o_i    romdata   0x00d491    program   0x000000
      .idata_PackMath.o_i    romdata   0x00d491    program   0x000000
        .romdata_stdout.o    romdata   0x00d491    program   0x000000
      .idata_vfprintf.o_i    romdata   0x00d491    program   0x000000
       .romdata_pow2x16.o    romdata   0x00d491    program   0x000000
     .romdata_ReadFlash.o    romdata   0x00d491    program   0x000000
          .idata_putc.o_i    romdata   0x00d491    program   0x000000
         .romdata_c018i.o    romdata   0x00d491    program   0x000000
.idata_WriteBytesFlash.o_i    romdata   0x00d491    program   0x000000
         .code_fxd1616u.o       code   0x00d492    program   0x00002c
            .code_errno.o       code   0x00d492    program   0x000000
                    .code       code   0x00d4be    program   0x000020
             _startup_scn       code   0x00d4de    program   0x00001c
                    STDIO       code   0x00d4fa    program   0x00001c
          .code_pow2x16.o       code   0x00d516    program   0x000016
      .romdata_vfprintf.o    romdata   0x00d52c    program   0x000011
          .romdata_main.o    romdata   0x00d53d    program   0x000000
      .idata_ebb_demo.o_i    romdata   0x00d53d    program   0x000000
      .idata_UnpkMath.o_i    romdata   0x00d53d    program   0x000000
      .romdata_fxd1616u.o    romdata   0x00d53d    program   0x000000
       .idata_fxm3232.o_i    romdata   0x00d53d    program   0x000000
      .romdata_RCServo2.o    romdata   0x00d53d    program   0x000000
          .romdata_sqrt.o    romdata   0x00d53d    program   0x000000
        .idata_printf.o_i    romdata   0x00d53d    program   0x000000
    .idata_EraseFlash.o_i    romdata   0x00d53d    program   0x000000
        .romdata___init.o    romdata   0x00d53d    program   0x000000
.idata_usb_function_cdc.o_i    romdata   0x00d53d    program   0x000000
         .code_ebb_demo.o       code   0x00d53e    program   0x000000
           .code___init.o       code   0x00d53e    program   0x000002
.idata_usb_descriptors.o_i    romdata   0x00d540    program   0x00005a
        .idata_stdout.o_i    romdata   0x00d59a    program   0x000002
           .idata_ebb.o_i    romdata   0x00d59c    program   0x000009
           .idata_UBW.o_i    romdata   0x00d5a5    program   0x0000e1
                 .tmpdata      udata   0x000000       data   0x000034
                MATH_DATA      udata   0x000034       data   0x000014
              low_ISR_tmp      udata   0x000048       data   0x000004
             high_ISR_tmp      udata   0x00004c       data   0x000004
                  ISR_buf      udata   0x000100       data   0x000071
               com_tx_buf      udata   0x000200       data   0x000080
 .idata_usb_descriptors.o      idata   0x000280       data   0x00005a
               com_rx_buf      udata   0x000300       data   0x000100
                  USB_BDT      udata   0x000400       data   0x000078
      .udata_usb_device.o      udata   0x000478       data   0x000034
             .udata_ebb.o      udata   0x000500       data   0x0000e5
           .udata_c018i.o      udata   0x0005e5       data   0x00000a
            .udata_main.o      udata   0x0005ef       data   0x000002
           .udata_errno.o      udata   0x0005f1       data   0x000002
          .idata_stdout.o      idata   0x0005f3       data   0x000002
        .idata_PackMath.o      idata   0x0005f5       data   0x000000
      .udata_EraseFlash.o      udata   0x0005f5       data   0x000000
      .idata_EraseFlash.o      idata   0x0005f5       data   0x000000
        .udata_fxd3232u.o      udata   0x0005f5       data   0x000000
        .idata_fxd3232u.o      idata   0x0005f5       data   0x000000
         .udata_fxm3232.o      udata   0x0005f5       data   0x000000
         .idata_fxm3232.o      idata   0x0005f5       data   0x000000
       .udata_ReadFlash.o      udata   0x0005f5       data   0x000000
       .idata_ReadFlash.o      idata   0x0005f5       data   0x000000
 .udata_WriteBytesFlash.o      udata   0x0005f5       data   0x000000
 .idata_WriteBytesFlash.o      idata   0x0005f5       data   0x000000
          .udata___init.o      udata   0x0005f5       data   0x000000
          .idata___init.o      idata   0x0005f5       data   0x000000
         .udata_pow2x16.o      udata   0x0005f5       data   0x000000
         .idata_pow2x16.o      idata   0x0005f5       data   0x000000
          .udata_printf.o      udata   0x0005f5       data   0x000000
          .idata_printf.o      idata   0x0005f5       data   0x000000
            .udata_sqrt.o      udata   0x0005f5       data   0x000000
            .idata_sqrt.o      idata   0x0005f5       data   0x000000
        .udata_fxd1616u.o      udata   0x0005f5       data   0x000000
        .idata_fxd1616u.o      idata   0x0005f5       data   0x000000
        .udata_PackMath.o      udata   0x0005f5       data   0x000000
        .idata_RCServo2.o      idata   0x0005f5       data   0x000000
            .idata_putc.o      idata   0x0005f5       data   0x000000
            .idata_main.o      idata   0x0005f5       data   0x000000
.idata_usb_function_cdc.o      idata   0x0005f5       data   0x000000
 .udata_usb_descriptors.o      udata   0x0005f5       data   0x000000
        .udata_ebb_demo.o      udata   0x0005f5       data   0x000000
        .idata_ebb_demo.o      idata   0x0005f5       data   0x000000
            .udata_putc.o      udata   0x0005f5       data   0x000000
        .idata_vfprintf.o      idata   0x0005f5       data   0x000000
        .udata_vfprintf.o      udata   0x0005f5       data   0x000000
      .idata_usb_device.o      idata   0x0005f5       data   0x000000
          .udata_stdout.o      udata   0x0005f5       data   0x000000
           .idata_ldexp.o      idata   0x0005f5       data   0x000000
           .udata_ldexp.o      udata   0x0005f5       data   0x000000
           .idata_errno.o      idata   0x0005f5       data   0x000000
           .idata_c018i.o      idata   0x0005f5       data   0x000000
        .idata_UnpkMath.o      idata   0x0005f5       data   0x000000
        .udata_UnpkMath.o      udata   0x0005f5       data   0x000000
             .idata_UBW.o      idata   0x000600       data   0x0000e1
.udata_usb_function_cdc.o      udata   0x000700       data   0x0000a8
             .udata_UBW.o      udata   0x0007a8       data   0x00003d
                   .stack      udata   0x000d00       data   0x000100
        .udata_RCServo2.o      udata   0x000e00       data   0x0000b7
             .idata_ebb.o      idata   0x000eb7       data   0x000009
              SFR_BANKED0      udata   0x000ec6       data   0x00000e
              SFR_BANKED1      udata   0x000ed7       data   0x000008
              SFR_BANKED2      udata   0x000ee7       data   0x000004
              SFR_BANKED3      udata   0x000eec       data   0x000003
              SFR_BANKED4      udata   0x000ef2       data   0x000002
              SFR_BANKED5      udata   0x000ef6       data   0x000002
              SFR_BANKED6      udata   0x000efb       data   0x000005
              SFR_BANKED7      udata   0x000f26       data   0x000014
              SFR_BANKED8      udata   0x000f3c       data   0x000007
              SFR_BANKED9      udata   0x000f48       data   0x000008
             SFR_BANKED10      udata   0x000f52       data   0x00000e
            SFR_UNBANKED0      udata   0x000f60       data   0x0000a0



                              Program Memory Usage 
                               Start         End      
                           ---------   ---------      
                            0x001000    0x001005      
                            0x001008    0x00100d      
                            0x001018    0x00101d      
                            0x00102a    0x00bd06      
                            0x00bd08    0x00d3c6      
                            0x00d3c8    0x00d490      
                            0x00d492    0x00d53c      
                            0x00d53e    0x00d685      
            50794 out of 63498 program addresses used, program memory utilization is 79%



                              Symbols - Sorted by Name
                     Name    Address   Location    Storage File                     
                ---------  ---------  ---------  --------- ---------                
          AnalogConfigure   0x008256    program     extern D:\Projects\EggBot_GitHub\EBB_firmware\app.X\source\UBW.c
           BlinkUSBStatus   0x0091d6    program     extern D:\Projects\EggBot_GitHub\EBB_firmware\app.X\source\UBW.c
                CDCInitEP   0x00c1e6    program     extern D:\Projects\EggBot_GitHub\EBB_firmware\Microchip\USB\CDC Device Driver\usb_function_cdc.c
             CDCTxService   0x00c388    program     extern D:\Projects\EggBot_GitHub\EBB_firmware\Microchip\USB\CDC Device Driver\usb_function_cdc.c
                   D1616S   0x00b682    program     static E:\3.46\pic18-lt\cxx-framework\src\traditional\math\fxd1616s.asm
                D1616SNEG   0x00b690    program     static E:\3.46\pic18-lt\cxx-framework\src\traditional\math\fxd1616s.asm
                 D1616SOK   0x00b68c    program     static E:\3.46\pic18-lt\cxx-framework\src\traditional\math\fxd1616s.asm
                  D1616SX   0x00b6a2    program     static E:\3.46\pic18-lt\cxx-framework\src\traditional\math\fxd1616s.asm
                  DA1616S   0x00b672    program     static E:\3.46\pic18-lt\cxx-framework\src\traditional\math\fxd1616s.asm
                 EBB_Init   0x004ef2    program     extern D:\Projects\EggBot_GitHub\EBB_firmware\app.X\source\ebb.c
               EraseFlash   0x00cf22    program     extern E:\3.46\pic18-lt\cxx-framework\src\pmc_common\Flash\EraseFlash.c
                 FLO1632S   0x00b1dc    program     extern E:\3.46\pic18-lt\cxx-framework\src\traditional\math\cast16FP.asm
                 FLO1632U   0x00b1d8    program     extern E:\3.46\pic18-lt\cxx-framework\src\traditional\math\cast16FP.asm
                 FLO3232S   0x00b206    program     extern E:\3.46\pic18-lt\cxx-framework\src\traditional\math\cast32FP.asm
                 FLO3232U   0x00b202    program     extern E:\3.46\pic18-lt\cxx-framework\src\traditional\math\cast32FP.asm
                    FPA32   0x00b3ba    program     extern E:\3.46\pic18-lt\cxx-framework\src\traditional\math\addFP.asm
                    FPD32   0x00b238    program     extern E:\3.46\pic18-lt\cxx-framework\src\traditional\math\divFP.asm
                    FPM32   0x00b2de    program     extern E:\3.46\pic18-lt\cxx-framework\src\traditional\math\mulFP.asm
                    FPS32   0x00b3b8    program     extern E:\3.46\pic18-lt\cxx-framework\src\traditional\math\addFP.asm
                 FXD1616S   0x00b660    program     extern E:\3.46\pic18-lt\cxx-framework\src\traditional\math\fxd1616s.asm
                 FXD1616U   0x00d492    program     extern E:\3.46\pic18-lt\cxx-framework\src\traditional\math\fxd1616u.c
                 FXD3232U   0x00d414    program     extern E:\3.46\pic18-lt\cxx-framework\src\traditional\math\fxd3232u.c
                 FXM1616S   0x00b768    program     extern E:\3.46\pic18-lt\cxx-framework\src\traditional\math\fxm1616s.asm
                  FXM3232   0x00d300    program     extern E:\3.46\pic18-lt\cxx-framework\src\traditional\math\fxm3232.c
                  INT3232   0x00b4e6    program     extern E:\3.46\pic18-lt\cxx-framework\src\traditional\math\castFP32.asm
         InitializeSystem   0x00ca78    program     static D:\Projects\EggBot_GitHub\EBB_firmware\app.X\source\main.c
                LongDelay   0x008a4e    program     extern D:\Projects\EggBot_GitHub\EBB_firmware\app.X\source\UBW.c
                ProcessIO   0x00785a    program     extern D:\Projects\EggBot_GitHub\EBB_firmware\app.X\source\UBW.c
            RCServo2_Init   0x00c546    program     extern D:\Projects\EggBot_GitHub\EBB_firmware\app.X\source\RCServo2.c
            RCServo2_Move   0x00c6de    program     extern D:\Projects\EggBot_GitHub\EBB_firmware\app.X\source\RCServo2.c
      RCServo2_S2_command   0x00c634    program     extern D:\Projects\EggBot_GitHub\EBB_firmware\app.X\source\RCServo2.c
RCServo2_get_channel_from_RPn   0x00c5f6    program     extern D:\Projects\EggBot_GitHub\EBB_firmware\app.X\source\RCServo2.c
                ReadFlash   0x00d1ea    program     extern E:\3.46\pic18-lt\cxx-framework\src\pmc_common\Flash\ReadFlash.c
        Remapped_High_ISR   0x001008    program     extern D:\Projects\EggBot_GitHub\EBB_firmware\app.X\source\main.c
         Remapped_Low_ISR   0x001018    program     extern D:\Projects\EggBot_GitHub\EBB_firmware\app.X\source\main.c
         SetPinLATFromRPn   0x0092b2    program     extern D:\Projects\EggBot_GitHub\EBB_firmware\app.X\source\UBW.c
        SetPinTRISFromRPn   0x00930e    program     extern D:\Projects\EggBot_GitHub\EBB_firmware\app.X\source\UBW.c
                  TALTB32   0x00b6ac    program     extern E:\3.46\pic18-lt\cxx-framework\src\traditional\math\ltFP.asm
               TSIGN1616A   0x00b7b4    program     static E:\3.46\pic18-lt\cxx-framework\src\traditional\math\fxm1616s.asm
       USBCBCheckOtherReq   0x00cac0    program     extern D:\Projects\EggBot_GitHub\EBB_firmware\app.X\source\main.c
        USBCBErrorHandler   0x00cabe    program     extern D:\Projects\EggBot_GitHub\EBB_firmware\app.X\source\main.c
              USBCBInitEP   0x00cac6    program     extern D:\Projects\EggBot_GitHub\EBB_firmware\app.X\source\main.c
          USBCBSendResume   0x00caca    program     extern D:\Projects\EggBot_GitHub\EBB_firmware\app.X\source\main.c
    USBCBStdSetDscHandler   0x00cac4    program     extern D:\Projects\EggBot_GitHub\EBB_firmware\app.X\source\main.c
             USBCBSuspend   0x00cab8    program     extern D:\Projects\EggBot_GitHub\EBB_firmware\app.X\source\main.c
     USBCBWakeFromSuspend   0x00caba    program     extern D:\Projects\EggBot_GitHub\EBB_firmware\app.X\source\main.c
        USBCB_SOF_Handler   0x00cabc    program     extern D:\Projects\EggBot_GitHub\EBB_firmware\app.X\source\main.c
       USBCDCEventHandler   0x00c230    program     extern D:\Projects\EggBot_GitHub\EBB_firmware\Microchip\USB\CDC Device Driver\usb_function_cdc.c
              USBCancelIO   0x009b4a    program     extern D:\Projects\EggBot_GitHub\EBB_firmware\Microchip\USB\usb_device.c
       USBCheckCDCRequest   0x00c14a    program     extern D:\Projects\EggBot_GitHub\EBB_firmware\Microchip\USB\CDC Device Driver\usb_function_cdc.c
       USBCheckStdRequest   0x00a17a    program     static D:\Projects\EggBot_GitHub\EBB_firmware\Microchip\USB\usb_device.c
     USBConfigureEndpoint   0x009c1a    program     static D:\Projects\EggBot_GitHub\EBB_firmware\Microchip\USB\usb_device.c
  USBCtrlEPAllowDataStage   0x009bda    program     extern D:\Projects\EggBot_GitHub\EBB_firmware\Microchip\USB\usb_device.c
USBCtrlEPAllowStatusStage   0x009b84    program     extern D:\Projects\EggBot_GitHub\EBB_firmware\Microchip\USB\usb_device.c
         USBCtrlEPService   0x00a018    program     static D:\Projects\EggBot_GitHub\EBB_firmware\Microchip\USB\usb_device.c
 USBCtrlEPServiceComplete   0x009c6c    program     static D:\Projects\EggBot_GitHub\EBB_firmware\Microchip\USB\usb_device.c
      USBCtrlTrfInHandler   0x00a102    program     static D:\Projects\EggBot_GitHub\EBB_firmware\Microchip\USB\usb_device.c
     USBCtrlTrfOutHandler   0x00a0e4    program     static D:\Projects\EggBot_GitHub\EBB_firmware\Microchip\USB\usb_device.c
      USBCtrlTrfRxService   0x009d42    program     static D:\Projects\EggBot_GitHub\EBB_firmware\Microchip\USB\usb_device.c
   USBCtrlTrfSetupHandler   0x00a0a4    program     static D:\Projects\EggBot_GitHub\EBB_firmware\Microchip\USB\usb_device.c
      USBCtrlTrfTxService   0x009cc6    program     static D:\Projects\EggBot_GitHub\EBB_firmware\Microchip\USB\usb_device.c
            USBDeviceInit   0x009812    program     extern D:\Projects\EggBot_GitHub\EBB_firmware\Microchip\USB\usb_device.c
           USBDeviceTasks   0x0098e6    program     extern D:\Projects\EggBot_GitHub\EBB_firmware\Microchip\USB\usb_device.c
        USBEnableEndpoint   0x009a62    program     extern D:\Projects\EggBot_GitHub\EBB_firmware\Microchip\USB\usb_device.c
         USBStallEndpoint   0x009b22    program     extern D:\Projects\EggBot_GitHub\EBB_firmware\Microchip\USB\usb_device.c
          USBStallHandler   0x009fb2    program     static D:\Projects\EggBot_GitHub\EBB_firmware\Microchip\USB\usb_device.c
  USBStdFeatureReqHandler   0x00a22c    program     static D:\Projects\EggBot_GitHub\EBB_firmware\Microchip\USB\usb_device.c
      USBStdGetDscHandler   0x009ea0    program     static D:\Projects\EggBot_GitHub\EBB_firmware\Microchip\USB\usb_device.c
   USBStdGetStatusHandler   0x009f46    program     static D:\Projects\EggBot_GitHub\EBB_firmware\Microchip\USB\usb_device.c
      USBStdSetCfgHandler   0x009e02    program     static D:\Projects\EggBot_GitHub\EBB_firmware\Microchip\USB\usb_device.c
               USBSuspend   0x009fd4    program     static D:\Projects\EggBot_GitHub\EBB_firmware\Microchip\USB\usb_device.c
     USBTransferOnePacket   0x009aa0    program     extern D:\Projects\EggBot_GitHub\EBB_firmware\Microchip\USB\usb_device.c
       USBWakeFromSuspend   0x009ff4    program     static D:\Projects\EggBot_GitHub\EBB_firmware\Microchip\USB\usb_device.c
               USB_CD_Ptr   0x00d3c5    program     extern D:\Projects\EggBot_GitHub\EBB_firmware\app.X\source\usb_descriptors.c
USER_USB_CALLBACK_EVENT_HANDLER   0x00cb0e    program     extern D:\Projects\EggBot_GitHub\EBB_firmware\app.X\source\main.c
                 UserInit   0x0076c4    program     extern D:\Projects\EggBot_GitHub\EBB_firmware\app.X\source\UBW.c
          WriteBytesFlash   0x00c88e    program     extern E:\3.46\pic18-lt\cxx-framework\src\pmc_common\Flash\WriteBytesFlash.c
              _2jContinue   0x00d0d8    program     static E:\3.46\pic18-lt\cxx-framework\src\traditional\stdclib\memset.asm
                   _2jEnd   0x00d13c    program     static E:\3.46\pic18-lt\cxx-framework\src\traditional\stdclib\slenpgm.asm
                   _3jEnd   0x00d0e2    program     static E:\3.46\pic18-lt\cxx-framework\src\traditional\stdclib\memset.asm
                _PackMath   0x00ce08    program     extern E:\3.46\pic18-lt\cxx-framework\src\traditional\stdclib\PackMath.c
                _UnpkMath   0x00ccec    program     extern E:\3.46\pic18-lt\cxx-framework\src\traditional\stdclib\UnpkMath.c
              __FpCompare   0x00b6be    program     extern E:\3.46\pic18-lt\cxx-framework\src\traditional\math\compFP.asm
                 __FpExit   0x00b560    program     extern E:\3.46\pic18-lt\cxx-framework\src\traditional\math\packFP.asm
                 __FpPack   0x00b58c    program     extern E:\3.46\pic18-lt\cxx-framework\src\traditional\math\packFP.asm
            __FpReturnNaN   0x00b554    program     extern E:\3.46\pic18-lt\cxx-framework\src\traditional\math\packFP.asm
         __FpReturnNegInf   0x00b566    program     extern E:\3.46\pic18-lt\cxx-framework\src\traditional\math\packFP.asm
        __FpReturnNegZero   0x00b57e    program     extern E:\3.46\pic18-lt\cxx-framework\src\traditional\math\packFP.asm
         __FpReturnPosInf   0x00b56c    program     extern E:\3.46\pic18-lt\cxx-framework\src\traditional\math\packFP.asm
        __FpReturnPosZero   0x00b586    program     extern E:\3.46\pic18-lt\cxx-framework\src\traditional\math\packFP.asm
        __FpReturnSignInf   0x00b562    program     extern E:\3.46\pic18-lt\cxx-framework\src\traditional\math\packFP.asm
       __FpReturnSignZero   0x00b57a    program     extern E:\3.46\pic18-lt\cxx-framework\src\traditional\math\packFP.asm
              __FpReturnW   0x00b5e4    program     extern E:\3.46\pic18-lt\cxx-framework\src\traditional\math\packFP.asm
              __FpUnPackA   0x00b604    program     extern E:\3.46\pic18-lt\cxx-framework\src\traditional\math\UnpackFP.asm
              __FpUnPackB   0x00b634    program     extern E:\3.46\pic18-lt\cxx-framework\src\traditional\math\UnpackFP.asm
         ___else_lbl00002   0x00494e    program     static                          
         ___else_lbl00007   0x00499c    program     static                          
         ___else_lbl00009   0x0049a8    program     static                          
         ___else_lbl00011   0x0049bc    program     static                          
         ___else_lbl00013   0x0049c8    program     static                          
         ___else_lbl00016   0x0049ac    program     static                          
         ___else_lbl00018   0x004a6e    program     static                          
         ___else_lbl00022   0x004b42    program     static                          
         ___else_lbl00031   0x004b8c    program     static                          
         ___else_lbl00034   0x004be0    program     static                          
         ___else_lbl00039   0x004c7a    program     static                          
         ___else_lbl00044   0x004d22    program     static                          
         ___else_lbl00047   0x004d8c    program     static                          
         ___else_lbl00050   0x004d36    program     static                          
         ___else_lbl00052   0x004bec    program     static                          
         ___else_lbl00055   0x004eb8    program     static                          
          ___for_lbl00062   0x004f92    program     static                          
          ___for_lbl00063   0x004f96    program     static                          
          ___for_lbl00064   0x004f06    program     static                          
          ___for_lbl00372   0x008a78    program     static                          
          ___for_lbl00373   0x008a7c    program     static                          
          ___for_lbl00376   0x008a62    program     static                          
           ___if_lbl00001   0x00495a    program     static                          
           ___if_lbl00003   0x00495a    program     static                          
           ___if_lbl00004   0x00496a    program     static                          
           ___if_lbl00005   0x00c9d6    program     static                          
           ___if_lbl00006   0x00c9f8    program     static                          
           ___if_lbl00006   0x00499e    program     static                          
           ___if_lbl00007   0x00ca10    program     static                          
           ___if_lbl00008   0x0049aa    program     static                          
           ___if_lbl00010   0x0049be    program     static                          
           ___if_lbl00012   0x0049ca    program     static                          
           ___if_lbl00014   0x0049ca    program     static                          
           ___if_lbl00015   0x0049ca    program     static                          
           ___if_lbl00017   0x004a7a    program     static                          
           ___if_lbl00019   0x004a7a    program     static                          
           ___if_lbl00020   0x004a9e    program     static                          
           ___if_lbl00021   0x004b4e    program     static                          
           ___if_lbl00023   0x004b4e    program     static                          
           ___if_lbl00024   0x004b72    program     static                          
           ___if_lbl00025   0x004b84    program     static                          
           ___if_lbl00026   0x004b8a    program     static                          
           ___if_lbl00027   0x004b98    program     static                          
           ___if_lbl00028   0x004b9e    program     static                          
           ___if_lbl00029   0x004b9e    program     static                          
           ___if_lbl00030   0x004b9e    program     static                          
           ___if_lbl00032   0x004bea    program     static                          
           ___if_lbl00033   0x004bea    program     static                          
           ___if_lbl00035   0x004bea    program     static                          
           ___if_lbl00036   0x004bea    program     static                          
           ___if_lbl00037   0x004cf0    program     static                          
           ___if_lbl00038   0x004cf0    program     static                          
           ___if_lbl00040   0x004cf0    program     static                          
           ___if_lbl00041   0x004d20    program     static                          
           ___if_lbl00042   0x004d34    program     static                          
           ___if_lbl00043   0x004d34    program     static                          
           ___if_lbl00045   0x004d34    program     static                          
           ___if_lbl00046   0x004d94    program     static                          
           ___if_lbl00048   0x004d9a    program     static                          
           ___if_lbl00049   0x004d9a    program     static                          
           ___if_lbl00051   0x004d9a    program     static                          
           ___if_lbl00054   0x004ec2    program     static                          
           ___if_lbl00056   0x004ec2    program     static                          
           ___if_lbl00059   0x004eda    program     static                          
           ___if_lbl00060   0x004eda    program     static                          
       ___return_lbl00000   0x004eda    program     static                          
       ___return_lbl00000   0x00ca54    program     static                          
       ___return_lbl00000   0x00d264    program     static                          
       ___return_lbl00000   0x00d4f8    program     static                          
       ___return_lbl00000   0x001004    program     static                          
       ___return_lbl00000   0x00d45a    program     static                          
       ___return_lbl00000   0x00d4bc    program     static                          
       ___return_lbl00000   0x00d52a    program     static                          
       ___return_lbl00000   0x00d36e    program     static                          
       ___return_lbl00001   0x00d0b6    program     static                          
       ___return_lbl00001   0x00100c    program     static                          
       ___return_lbl00002   0x00101c    program     static                          
       ___return_lbl00061   0x005098    program     static                          
       ___return_lbl00371   0x008a7c    program     static                          
       ___return_lbl00377   0x008a98    program     static                          
       ___return_lbl00378   0x008aa6    program     static                          
        ___while_lbl00001   0x00d232    program     static                          
        ___while_lbl00001   0x00c978    program     static                          
        ___while_lbl00002   0x00d264    program     static                          
        ___while_lbl00002   0x00ca54    program     static                          
        ___while_lbl00003   0x00c99c    program     static                          
        ___while_lbl00004   0x00c9d8    program     static                          
        ___while_lbl00374   0x008a6a    program     static                          
        ___while_lbl00375   0x008a78    program     static                          
                   __init   0x00d53e    program     extern E:\3.46\pic18-lt\cxx-framework\src\traditional\stdclib\__init.c
                   __pa_0   0x00ced0    program     static E:\3.46\pic18-lt\cxx-framework\src\traditional\stdclib\PackMath.c
                   __pa_0   0x00c0a6    program     static E:\3.46\pic18-lt\cxx-framework\src\traditional\stdclib\sqrt.c
                   __pa_0   0x00c46a    program     static D:\Projects\EggBot_GitHub\EBB_firmware\Microchip\USB\CDC Device Driver\usb_function_cdc.c
                   __pa_0   0x0069a4    program     static D:\Projects\EggBot_GitHub\EBB_firmware\app.X\source\ebb.c
                   __pa_0   0x00cdfa    program     static E:\3.46\pic18-lt\cxx-framework\src\traditional\stdclib\UnpkMath.c
                   __pa_0   0x00cb96    program     static D:\Projects\EggBot_GitHub\EBB_firmware\app.X\source\main.c
                   __pa_0   0x00cce2    program     static E:\3.46\pic18-lt\cxx-framework\src\traditional\stdclib\ldexp.c
                   __pa_0   0x00aef6    program     static E:\3.46\pic18-lt\cxx-framework\src\traditional\stdclib\vfprintf.c
                   __pa_0   0x00a36e    program     static D:\Projects\EggBot_GitHub\EBB_firmware\Microchip\USB\usb_device.c
                   __pa_0   0x00c81c    program     static D:\Projects\EggBot_GitHub\EBB_firmware\app.X\source\RCServo2.c
                   __pa_0   0x00936a    program     static D:\Projects\EggBot_GitHub\EBB_firmware\app.X\source\UBW.c
                   __pa_0   0x00d00c    program     static E:\3.46\pic18-lt\cxx-framework\src\pmc_common\Flash\EraseFlash.c
                   __pa_1   0x00c0b0    program     static E:\3.46\pic18-lt\cxx-framework\src\traditional\stdclib\sqrt.c
                   __pa_1   0x00cee0    program     static E:\3.46\pic18-lt\cxx-framework\src\traditional\stdclib\PackMath.c
                   __pa_1   0x00aefe    program     static E:\3.46\pic18-lt\cxx-framework\src\traditional\stdclib\vfprintf.c
                   __pa_1   0x00937c    program     static D:\Projects\EggBot_GitHub\EBB_firmware\app.X\source\UBW.c
                   __pa_1   0x00c82e    program     static D:\Projects\EggBot_GitHub\EBB_firmware\app.X\source\RCServo2.c
                   __pa_1   0x00a376    program     static D:\Projects\EggBot_GitHub\EBB_firmware\Microchip\USB\usb_device.c
                   __pa_1   0x00cba8    program     static D:\Projects\EggBot_GitHub\EBB_firmware\app.X\source\main.c
                   __pa_1   0x0069b2    program     static D:\Projects\EggBot_GitHub\EBB_firmware\app.X\source\ebb.c
                   __pa_1   0x00c47c    program     static D:\Projects\EggBot_GitHub\EBB_firmware\Microchip\USB\CDC Device Driver\usb_function_cdc.c
                  __pa_10   0x00afb2    program     static E:\3.46\pic18-lt\cxx-framework\src\traditional\stdclib\vfprintf.c
                  __pa_10   0x0093d2    program     static D:\Projects\EggBot_GitHub\EBB_firmware\app.X\source\UBW.c
                  __pa_10   0x00a3d4    program     static D:\Projects\EggBot_GitHub\EBB_firmware\Microchip\USB\usb_device.c
                  __pa_10   0x00c502    program     static D:\Projects\EggBot_GitHub\EBB_firmware\Microchip\USB\CDC Device Driver\usb_function_cdc.c
                  __pa_10   0x006a62    program     static D:\Projects\EggBot_GitHub\EBB_firmware\app.X\source\ebb.c
                 __pa_100   0x0097ce    program     static D:\Projects\EggBot_GitHub\EBB_firmware\app.X\source\UBW.c
                 __pa_100   0x0070de    program     static D:\Projects\EggBot_GitHub\EBB_firmware\app.X\source\ebb.c
                 __pa_101   0x0097d6    program     static D:\Projects\EggBot_GitHub\EBB_firmware\app.X\source\UBW.c
                 __pa_101   0x0070e8    program     static D:\Projects\EggBot_GitHub\EBB_firmware\app.X\source\ebb.c
                 __pa_102   0x0097e0    program     static D:\Projects\EggBot_GitHub\EBB_firmware\app.X\source\UBW.c
                 __pa_102   0x0070f0    program     static D:\Projects\EggBot_GitHub\EBB_firmware\app.X\source\ebb.c
                 __pa_103   0x0097ec    program     static D:\Projects\EggBot_GitHub\EBB_firmware\app.X\source\UBW.c
                 __pa_103   0x007104    program     static D:\Projects\EggBot_GitHub\EBB_firmware\app.X\source\ebb.c
                 __pa_104   0x007116    program     static D:\Projects\EggBot_GitHub\EBB_firmware\app.X\source\ebb.c
                 __pa_104   0x0097f4    program     static D:\Projects\EggBot_GitHub\EBB_firmware\app.X\source\UBW.c
                 __pa_105   0x007128    program     static D:\Projects\EggBot_GitHub\EBB_firmware\app.X\source\ebb.c
                 __pa_105   0x0097fa    program     static D:\Projects\EggBot_GitHub\EBB_firmware\app.X\source\UBW.c
                 __pa_106   0x007132    program     static D:\Projects\EggBot_GitHub\EBB_firmware\app.X\source\ebb.c
                 __pa_106   0x009800    program     static D:\Projects\EggBot_GitHub\EBB_firmware\app.X\source\UBW.c
                 __pa_107   0x007140    program     static D:\Projects\EggBot_GitHub\EBB_firmware\app.X\source\ebb.c
                 __pa_107   0x009808    program     static D:\Projects\EggBot_GitHub\EBB_firmware\app.X\source\UBW.c
                 __pa_108   0x007152    program     static D:\Projects\EggBot_GitHub\EBB_firmware\app.X\source\ebb.c
                 __pa_109   0x00715e    program     static D:\Projects\EggBot_GitHub\EBB_firmware\app.X\source\ebb.c
                  __pa_11   0x00a3de    program     static D:\Projects\EggBot_GitHub\EBB_firmware\Microchip\USB\usb_device.c
                  __pa_11   0x006a72    program     static D:\Projects\EggBot_GitHub\EBB_firmware\app.X\source\ebb.c
                  __pa_11   0x00c510    program     static D:\Projects\EggBot_GitHub\EBB_firmware\Microchip\USB\CDC Device Driver\usb_function_cdc.c
                  __pa_11   0x00afc0    program     static E:\3.46\pic18-lt\cxx-framework\src\traditional\stdclib\vfprintf.c
                  __pa_11   0x0093e0    program     static D:\Projects\EggBot_GitHub\EBB_firmware\app.X\source\UBW.c
                 __pa_110   0x007166    program     static D:\Projects\EggBot_GitHub\EBB_firmware\app.X\source\ebb.c
                 __pa_111   0x00716e    program     static D:\Projects\EggBot_GitHub\EBB_firmware\app.X\source\ebb.c
                 __pa_112   0x007176    program     static D:\Projects\EggBot_GitHub\EBB_firmware\app.X\source\ebb.c
                 __pa_113   0x007184    program     static D:\Projects\EggBot_GitHub\EBB_firmware\app.X\source\ebb.c
                 __pa_114   0x00718c    program     static D:\Projects\EggBot_GitHub\EBB_firmware\app.X\source\ebb.c
                 __pa_115   0x00719a    program     static D:\Projects\EggBot_GitHub\EBB_firmware\app.X\source\ebb.c
                 __pa_116   0x0071a6    program     static D:\Projects\EggBot_GitHub\EBB_firmware\app.X\source\ebb.c
                 __pa_117   0x0071b0    program     static D:\Projects\EggBot_GitHub\EBB_firmware\app.X\source\ebb.c
                 __pa_118   0x0071b8    program     static D:\Projects\EggBot_GitHub\EBB_firmware\app.X\source\ebb.c
                 __pa_119   0x0071c2    program     static D:\Projects\EggBot_GitHub\EBB_firmware\app.X\source\ebb.c
                  __pa_12   0x00c51a    program     static D:\Projects\EggBot_GitHub\EBB_firmware\Microchip\USB\CDC Device Driver\usb_function_cdc.c
                  __pa_12   0x00a3f2    program     static D:\Projects\EggBot_GitHub\EBB_firmware\Microchip\USB\usb_device.c
                  __pa_12   0x00afd6    program     static E:\3.46\pic18-lt\cxx-framework\src\traditional\stdclib\vfprintf.c
                  __pa_12   0x006ac0    program     static D:\Projects\EggBot_GitHub\EBB_firmware\app.X\source\ebb.c
                  __pa_12   0x0093e8    program     static D:\Projects\EggBot_GitHub\EBB_firmware\app.X\source\UBW.c
                 __pa_120   0x0071d8    program     static D:\Projects\EggBot_GitHub\EBB_firmware\app.X\source\ebb.c
                 __pa_121   0x0071e0    program     static D:\Projects\EggBot_GitHub\EBB_firmware\app.X\source\ebb.c
                 __pa_122   0x0071e8    program     static D:\Projects\EggBot_GitHub\EBB_firmware\app.X\source\ebb.c
                 __pa_123   0x0071f4    program     static D:\Projects\EggBot_GitHub\EBB_firmware\app.X\source\ebb.c
                 __pa_124   0x0071fc    program     static D:\Projects\EggBot_GitHub\EBB_firmware\app.X\source\ebb.c
                 __pa_125   0x007206    program     static D:\Projects\EggBot_GitHub\EBB_firmware\app.X\source\ebb.c
                 __pa_126   0x007210    program     static D:\Projects\EggBot_GitHub\EBB_firmware\app.X\source\ebb.c
                 __pa_127   0x00721a    program     static D:\Projects\EggBot_GitHub\EBB_firmware\app.X\source\ebb.c
                 __pa_128   0x007220    program     static D:\Projects\EggBot_GitHub\EBB_firmware\app.X\source\ebb.c
                 __pa_129   0x00722a    program     static D:\Projects\EggBot_GitHub\EBB_firmware\app.X\source\ebb.c
                  __pa_13   0x006aca    program     static D:\Projects\EggBot_GitHub\EBB_firmware\app.X\source\ebb.c
                  __pa_13   0x0093f0    program     static D:\Projects\EggBot_GitHub\EBB_firmware\app.X\source\UBW.c
                  __pa_13   0x00a406    program     static D:\Projects\EggBot_GitHub\EBB_firmware\Microchip\USB\usb_device.c
                  __pa_13   0x00c52a    program     static D:\Projects\EggBot_GitHub\EBB_firmware\Microchip\USB\CDC Device Driver\usb_function_cdc.c
                  __pa_13   0x00aff0    program     static E:\3.46\pic18-lt\cxx-framework\src\traditional\stdclib\vfprintf.c
                  __pa_14   0x0093fa    program     static D:\Projects\EggBot_GitHub\EBB_firmware\app.X\source\UBW.c
                  __pa_14   0x006ace    program     static D:\Projects\EggBot_GitHub\EBB_firmware\app.X\source\ebb.c
                  __pa_14   0x00a414    program     static D:\Projects\EggBot_GitHub\EBB_firmware\Microchip\USB\usb_device.c
                  __pa_14   0x00c538    program     static D:\Projects\EggBot_GitHub\EBB_firmware\Microchip\USB\CDC Device Driver\usb_function_cdc.c
                  __pa_14   0x00b008    program     static E:\3.46\pic18-lt\cxx-framework\src\traditional\stdclib\vfprintf.c
                  __pa_15   0x00b018    program     static E:\3.46\pic18-lt\cxx-framework\src\traditional\stdclib\vfprintf.c
                  __pa_15   0x006ae4    program     static D:\Projects\EggBot_GitHub\EBB_firmware\app.X\source\ebb.c
                  __pa_15   0x009406    program     static D:\Projects\EggBot_GitHub\EBB_firmware\app.X\source\UBW.c
                  __pa_15   0x00a420    program     static D:\Projects\EggBot_GitHub\EBB_firmware\Microchip\USB\usb_device.c
                  __pa_16   0x009410    program     static D:\Projects\EggBot_GitHub\EBB_firmware\app.X\source\UBW.c
                  __pa_16   0x006aee    program     static D:\Projects\EggBot_GitHub\EBB_firmware\app.X\source\ebb.c
                  __pa_16   0x00b02e    program     static E:\3.46\pic18-lt\cxx-framework\src\traditional\stdclib\vfprintf.c
                  __pa_16   0x00a43a    program     static D:\Projects\EggBot_GitHub\EBB_firmware\Microchip\USB\usb_device.c
                  __pa_17   0x009418    program     static D:\Projects\EggBot_GitHub\EBB_firmware\app.X\source\UBW.c
                  __pa_17   0x006b02    program     static D:\Projects\EggBot_GitHub\EBB_firmware\app.X\source\ebb.c
                  __pa_17   0x00a446    program     static D:\Projects\EggBot_GitHub\EBB_firmware\Microchip\USB\usb_device.c
                  __pa_17   0x00b040    program     static E:\3.46\pic18-lt\cxx-framework\src\traditional\stdclib\vfprintf.c
                  __pa_18   0x00942a    program     static D:\Projects\EggBot_GitHub\EBB_firmware\app.X\source\UBW.c
                  __pa_18   0x006b16    program     static D:\Projects\EggBot_GitHub\EBB_firmware\app.X\source\ebb.c
                  __pa_18   0x00a452    program     static D:\Projects\EggBot_GitHub\EBB_firmware\Microchip\USB\usb_device.c
                  __pa_18   0x00b052    program     static E:\3.46\pic18-lt\cxx-framework\src\traditional\stdclib\vfprintf.c
                  __pa_19   0x00a45a    program     static D:\Projects\EggBot_GitHub\EBB_firmware\Microchip\USB\usb_device.c
                  __pa_19   0x009430    program     static D:\Projects\EggBot_GitHub\EBB_firmware\app.X\source\UBW.c
                  __pa_19   0x00b05c    program     static E:\3.46\pic18-lt\cxx-framework\src\traditional\stdclib\vfprintf.c
                  __pa_19   0x006b30    program     static D:\Projects\EggBot_GitHub\EBB_firmware\app.X\source\ebb.c
                   __pa_2   0x00c0ca    program     static E:\3.46\pic18-lt\cxx-framework\src\traditional\stdclib\sqrt.c
                   __pa_2   0x00c838    program     static D:\Projects\EggBot_GitHub\EBB_firmware\app.X\source\RCServo2.c
                   __pa_2   0x009382    program     static D:\Projects\EggBot_GitHub\EBB_firmware\app.X\source\UBW.c
                   __pa_2   0x0069cc    program     static D:\Projects\EggBot_GitHub\EBB_firmware\app.X\source\ebb.c
                   __pa_2   0x00c48c    program     static D:\Projects\EggBot_GitHub\EBB_firmware\Microchip\USB\CDC Device Driver\usb_function_cdc.c
                   __pa_2   0x00af08    program     static E:\3.46\pic18-lt\cxx-framework\src\traditional\stdclib\vfprintf.c
                   __pa_2   0x00ceee    program     static E:\3.46\pic18-lt\cxx-framework\src\traditional\stdclib\PackMath.c
                   __pa_2   0x00a37c    program     static D:\Projects\EggBot_GitHub\EBB_firmware\Microchip\USB\usb_device.c
                  __pa_20   0x00b06c    program     static E:\3.46\pic18-lt\cxx-framework\src\traditional\stdclib\vfprintf.c
                  __pa_20   0x006b42    program     static D:\Projects\EggBot_GitHub\EBB_firmware\app.X\source\ebb.c
                  __pa_20   0x00943c    program     static D:\Projects\EggBot_GitHub\EBB_firmware\app.X\source\UBW.c
                  __pa_20   0x00a462    program     static D:\Projects\EggBot_GitHub\EBB_firmware\Microchip\USB\usb_device.c
                  __pa_21   0x00b07c    program     static E:\3.46\pic18-lt\cxx-framework\src\traditional\stdclib\vfprintf.c
                  __pa_21   0x006b50    program     static D:\Projects\EggBot_GitHub\EBB_firmware\app.X\source\ebb.c
                  __pa_21   0x009458    program     static D:\Projects\EggBot_GitHub\EBB_firmware\app.X\source\UBW.c
                  __pa_21   0x00a46e    program     static D:\Projects\EggBot_GitHub\EBB_firmware\Microchip\USB\usb_device.c
                  __pa_22   0x009466    program     static D:\Projects\EggBot_GitHub\EBB_firmware\app.X\source\UBW.c
                  __pa_22   0x006b5e    program     static D:\Projects\EggBot_GitHub\EBB_firmware\app.X\source\ebb.c
                  __pa_22   0x00a47e    program     static D:\Projects\EggBot_GitHub\EBB_firmware\Microchip\USB\usb_device.c
                  __pa_22   0x00b08c    program     static E:\3.46\pic18-lt\cxx-framework\src\traditional\stdclib\vfprintf.c
                  __pa_23   0x00b098    program     static E:\3.46\pic18-lt\cxx-framework\src\traditional\stdclib\vfprintf.c
                  __pa_23   0x009474    program     static D:\Projects\EggBot_GitHub\EBB_firmware\app.X\source\UBW.c
                  __pa_23   0x006b6c    program     static D:\Projects\EggBot_GitHub\EBB_firmware\app.X\source\ebb.c
                  __pa_23   0x00a48e    program     static D:\Projects\EggBot_GitHub\EBB_firmware\Microchip\USB\usb_device.c
                  __pa_24   0x00b0a6    program     static E:\3.46\pic18-lt\cxx-framework\src\traditional\stdclib\vfprintf.c
                  __pa_24   0x006b78    program     static D:\Projects\EggBot_GitHub\EBB_firmware\app.X\source\ebb.c
                  __pa_24   0x009482    program     static D:\Projects\EggBot_GitHub\EBB_firmware\app.X\source\UBW.c
                  __pa_24   0x00a49c    program     static D:\Projects\EggBot_GitHub\EBB_firmware\Microchip\USB\usb_device.c
                  __pa_25   0x00a4aa    program     static D:\Projects\EggBot_GitHub\EBB_firmware\Microchip\USB\usb_device.c
                  __pa_25   0x00948e    program     static D:\Projects\EggBot_GitHub\EBB_firmware\app.X\source\UBW.c
                  __pa_25   0x00b0ae    program     static E:\3.46\pic18-lt\cxx-framework\src\traditional\stdclib\vfprintf.c
                  __pa_25   0x006b98    program     static D:\Projects\EggBot_GitHub\EBB_firmware\app.X\source\ebb.c
                  __pa_26   0x00a4b8    program     static D:\Projects\EggBot_GitHub\EBB_firmware\Microchip\USB\usb_device.c
                  __pa_26   0x00b0b8    program     static E:\3.46\pic18-lt\cxx-framework\src\traditional\stdclib\vfprintf.c
                  __pa_26   0x009494    program     static D:\Projects\EggBot_GitHub\EBB_firmware\app.X\source\UBW.c
                  __pa_26   0x006bae    program     static D:\Projects\EggBot_GitHub\EBB_firmware\app.X\source\ebb.c
                  __pa_27   0x00a4c2    program     static D:\Projects\EggBot_GitHub\EBB_firmware\Microchip\USB\usb_device.c
                  __pa_27   0x00b0c2    program     static E:\3.46\pic18-lt\cxx-framework\src\traditional\stdclib\vfprintf.c
                  __pa_27   0x00949e    program     static D:\Projects\EggBot_GitHub\EBB_firmware\app.X\source\UBW.c
                  __pa_27   0x006bc0    program     static D:\Projects\EggBot_GitHub\EBB_firmware\app.X\source\ebb.c
                  __pa_28   0x00a4da    program     static D:\Projects\EggBot_GitHub\EBB_firmware\Microchip\USB\usb_device.c
                  __pa_28   0x00b0ca    program     static E:\3.46\pic18-lt\cxx-framework\src\traditional\stdclib\vfprintf.c
                  __pa_28   0x0094a8    program     static D:\Projects\EggBot_GitHub\EBB_firmware\app.X\source\UBW.c
                  __pa_28   0x006bdc    program     static D:\Projects\EggBot_GitHub\EBB_firmware\app.X\source\ebb.c
                  __pa_29   0x006be6    program     static D:\Projects\EggBot_GitHub\EBB_firmware\app.X\source\ebb.c
                  __pa_29   0x0094ae    program     static D:\Projects\EggBot_GitHub\EBB_firmware\app.X\source\UBW.c
                  __pa_29   0x00b0d8    program     static E:\3.46\pic18-lt\cxx-framework\src\traditional\stdclib\vfprintf.c
                  __pa_29   0x00a4e6    program     static D:\Projects\EggBot_GitHub\EBB_firmware\Microchip\USB\usb_device.c
                   __pa_3   0x0069e6    program     static D:\Projects\EggBot_GitHub\EBB_firmware\app.X\source\ebb.c
                   __pa_3   0x00c848    program     static D:\Projects\EggBot_GitHub\EBB_firmware\app.X\source\RCServo2.c
                   __pa_3   0x00c498    program     static D:\Projects\EggBot_GitHub\EBB_firmware\Microchip\USB\CDC Device Driver\usb_function_cdc.c
                   __pa_3   0x00af12    program     static E:\3.46\pic18-lt\cxx-framework\src\traditional\stdclib\vfprintf.c
                   __pa_3   0x00a380    program     static D:\Projects\EggBot_GitHub\EBB_firmware\Microchip\USB\usb_device.c
                   __pa_3   0x00938e    program     static D:\Projects\EggBot_GitHub\EBB_firmware\app.X\source\UBW.c
                   __pa_3   0x00c0e4    program     static E:\3.46\pic18-lt\cxx-framework\src\traditional\stdclib\sqrt.c
                   __pa_3   0x00cef8    program     static E:\3.46\pic18-lt\cxx-framework\src\traditional\stdclib\PackMath.c
                  __pa_30   0x006bec    program     static D:\Projects\EggBot_GitHub\EBB_firmware\app.X\source\ebb.c
                  __pa_30   0x0094bc    program     static D:\Projects\EggBot_GitHub\EBB_firmware\app.X\source\UBW.c
                  __pa_30   0x00b0f4    program     static E:\3.46\pic18-lt\cxx-framework\src\traditional\stdclib\vfprintf.c
                  __pa_30   0x00a4fa    program     static D:\Projects\EggBot_GitHub\EBB_firmware\Microchip\USB\usb_device.c
                  __pa_31   0x0094ca    program     static D:\Projects\EggBot_GitHub\EBB_firmware\app.X\source\UBW.c
                  __pa_31   0x006c06    program     static D:\Projects\EggBot_GitHub\EBB_firmware\app.X\source\ebb.c
                  __pa_31   0x00b10e    program     static E:\3.46\pic18-lt\cxx-framework\src\traditional\stdclib\vfprintf.c
                  __pa_31   0x00a506    program     static D:\Projects\EggBot_GitHub\EBB_firmware\Microchip\USB\usb_device.c
                  __pa_32   0x00a518    program     static D:\Projects\EggBot_GitHub\EBB_firmware\Microchip\USB\usb_device.c
                  __pa_32   0x006c20    program     static D:\Projects\EggBot_GitHub\EBB_firmware\app.X\source\ebb.c
                  __pa_32   0x00b128    program     static E:\3.46\pic18-lt\cxx-framework\src\traditional\stdclib\vfprintf.c
                  __pa_32   0x0094e6    program     static D:\Projects\EggBot_GitHub\EBB_firmware\app.X\source\UBW.c
                  __pa_33   0x0094ee    program     static D:\Projects\EggBot_GitHub\EBB_firmware\app.X\source\UBW.c
                  __pa_33   0x006c3a    program     static D:\Projects\EggBot_GitHub\EBB_firmware\app.X\source\ebb.c
                  __pa_33   0x00a526    program     static D:\Projects\EggBot_GitHub\EBB_firmware\Microchip\USB\usb_device.c
                  __pa_33   0x00b140    program     static E:\3.46\pic18-lt\cxx-framework\src\traditional\stdclib\vfprintf.c
                  __pa_34   0x009508    program     static D:\Projects\EggBot_GitHub\EBB_firmware\app.X\source\UBW.c
                  __pa_34   0x00b14a    program     static E:\3.46\pic18-lt\cxx-framework\src\traditional\stdclib\vfprintf.c
                  __pa_34   0x00a538    program     static D:\Projects\EggBot_GitHub\EBB_firmware\Microchip\USB\usb_device.c
                  __pa_34   0x006c54    program     static D:\Projects\EggBot_GitHub\EBB_firmware\app.X\source\ebb.c
                  __pa_35   0x009514    program     static D:\Projects\EggBot_GitHub\EBB_firmware\app.X\source\UBW.c
                  __pa_35   0x00a542    program     static D:\Projects\EggBot_GitHub\EBB_firmware\Microchip\USB\usb_device.c
                  __pa_35   0x00b158    program     static E:\3.46\pic18-lt\cxx-framework\src\traditional\stdclib\vfprintf.c
                  __pa_35   0x006c6e    program     static D:\Projects\EggBot_GitHub\EBB_firmware\app.X\source\ebb.c
                  __pa_36   0x00b160    program     static E:\3.46\pic18-lt\cxx-framework\src\traditional\stdclib\vfprintf.c
                  __pa_36   0x006c8e    program     static D:\Projects\EggBot_GitHub\EBB_firmware\app.X\source\ebb.c
                  __pa_36   0x00a54c    program     static D:\Projects\EggBot_GitHub\EBB_firmware\Microchip\USB\usb_device.c
                  __pa_36   0x00951e    program     static D:\Projects\EggBot_GitHub\EBB_firmware\app.X\source\UBW.c
                  __pa_37   0x00b16a    program     static E:\3.46\pic18-lt\cxx-framework\src\traditional\stdclib\vfprintf.c
                  __pa_37   0x006c9a    program     static D:\Projects\EggBot_GitHub\EBB_firmware\app.X\source\ebb.c
                  __pa_37   0x00952a    program     static D:\Projects\EggBot_GitHub\EBB_firmware\app.X\source\UBW.c
                  __pa_37   0x00a552    program     static D:\Projects\EggBot_GitHub\EBB_firmware\Microchip\USB\usb_device.c
                  __pa_38   0x00b17a    program     static E:\3.46\pic18-lt\cxx-framework\src\traditional\stdclib\vfprintf.c
                  __pa_38   0x006cb6    program     static D:\Projects\EggBot_GitHub\EBB_firmware\app.X\source\ebb.c
                  __pa_38   0x009536    program     static D:\Projects\EggBot_GitHub\EBB_firmware\app.X\source\UBW.c
                  __pa_38   0x00a55a    program     static D:\Projects\EggBot_GitHub\EBB_firmware\Microchip\USB\usb_device.c
                  __pa_39   0x00a560    program     static D:\Projects\EggBot_GitHub\EBB_firmware\Microchip\USB\usb_device.c
                  __pa_39   0x00953e    program     static D:\Projects\EggBot_GitHub\EBB_firmware\app.X\source\UBW.c
                  __pa_39   0x006cc2    program     static D:\Projects\EggBot_GitHub\EBB_firmware\app.X\source\ebb.c
                  __pa_39   0x00b188    program     static E:\3.46\pic18-lt\cxx-framework\src\traditional\stdclib\vfprintf.c
                   __pa_4   0x00c854    program     static D:\Projects\EggBot_GitHub\EBB_firmware\app.X\source\RCServo2.c
                   __pa_4   0x00939a    program     static D:\Projects\EggBot_GitHub\EBB_firmware\app.X\source\UBW.c
                   __pa_4   0x00c0f6    program     static E:\3.46\pic18-lt\cxx-framework\src\traditional\stdclib\sqrt.c
                   __pa_4   0x00a38a    program     static D:\Projects\EggBot_GitHub\EBB_firmware\Microchip\USB\usb_device.c
                   __pa_4   0x006a0a    program     static D:\Projects\EggBot_GitHub\EBB_firmware\app.X\source\ebb.c
                   __pa_4   0x00c4aa    program     static D:\Projects\EggBot_GitHub\EBB_firmware\Microchip\USB\CDC Device Driver\usb_function_cdc.c
                   __pa_4   0x00cf06    program     static E:\3.46\pic18-lt\cxx-framework\src\traditional\stdclib\PackMath.c
                   __pa_4   0x00af2a    program     static E:\3.46\pic18-lt\cxx-framework\src\traditional\stdclib\vfprintf.c
                  __pa_40   0x00a56e    program     static D:\Projects\EggBot_GitHub\EBB_firmware\Microchip\USB\usb_device.c
                  __pa_40   0x00b194    program     static E:\3.46\pic18-lt\cxx-framework\src\traditional\stdclib\vfprintf.c
                  __pa_40   0x006cdc    program     static D:\Projects\EggBot_GitHub\EBB_firmware\app.X\source\ebb.c
                  __pa_40   0x009554    program     static D:\Projects\EggBot_GitHub\EBB_firmware\app.X\source\UBW.c
                  __pa_41   0x00a57c    program     static D:\Projects\EggBot_GitHub\EBB_firmware\Microchip\USB\usb_device.c
                  __pa_41   0x006cfa    program     static D:\Projects\EggBot_GitHub\EBB_firmware\app.X\source\ebb.c
                  __pa_41   0x009562    program     static D:\Projects\EggBot_GitHub\EBB_firmware\app.X\source\UBW.c
                  __pa_41   0x00b1a0    program     static E:\3.46\pic18-lt\cxx-framework\src\traditional\stdclib\vfprintf.c
                  __pa_42   0x00a586    program     static D:\Projects\EggBot_GitHub\EBB_firmware\Microchip\USB\usb_device.c
                  __pa_42   0x00956c    program     static D:\Projects\EggBot_GitHub\EBB_firmware\app.X\source\UBW.c
                  __pa_42   0x006d18    program     static D:\Projects\EggBot_GitHub\EBB_firmware\app.X\source\ebb.c
                  __pa_42   0x00b1a8    program     static E:\3.46\pic18-lt\cxx-framework\src\traditional\stdclib\vfprintf.c
                  __pa_43   0x006d36    program     static D:\Projects\EggBot_GitHub\EBB_firmware\app.X\source\ebb.c
                  __pa_43   0x00a590    program     static D:\Projects\EggBot_GitHub\EBB_firmware\Microchip\USB\usb_device.c
                  __pa_43   0x00957e    program     static D:\Projects\EggBot_GitHub\EBB_firmware\app.X\source\UBW.c
                  __pa_43   0x00b1b2    program     static E:\3.46\pic18-lt\cxx-framework\src\traditional\stdclib\vfprintf.c
                  __pa_44   0x006d54    program     static D:\Projects\EggBot_GitHub\EBB_firmware\app.X\source\ebb.c
                  __pa_44   0x009590    program     static D:\Projects\EggBot_GitHub\EBB_firmware\app.X\source\UBW.c
                  __pa_44   0x00b1b8    program     static E:\3.46\pic18-lt\cxx-framework\src\traditional\stdclib\vfprintf.c
                  __pa_44   0x00a598    program     static D:\Projects\EggBot_GitHub\EBB_firmware\Microchip\USB\usb_device.c
                  __pa_45   0x00b1c2    program     static E:\3.46\pic18-lt\cxx-framework\src\traditional\stdclib\vfprintf.c
                  __pa_45   0x00a5a4    program     static D:\Projects\EggBot_GitHub\EBB_firmware\Microchip\USB\usb_device.c
                  __pa_45   0x00959c    program     static D:\Projects\EggBot_GitHub\EBB_firmware\app.X\source\UBW.c
                  __pa_45   0x006d6c    program     static D:\Projects\EggBot_GitHub\EBB_firmware\app.X\source\ebb.c
                  __pa_46   0x00b1ce    program     static E:\3.46\pic18-lt\cxx-framework\src\traditional\stdclib\vfprintf.c
                  __pa_46   0x00a5ae    program     static D:\Projects\EggBot_GitHub\EBB_firmware\Microchip\USB\usb_device.c
                  __pa_46   0x0095a8    program     static D:\Projects\EggBot_GitHub\EBB_firmware\app.X\source\UBW.c
                  __pa_46   0x006d74    program     static D:\Projects\EggBot_GitHub\EBB_firmware\app.X\source\ebb.c
                  __pa_47   0x006d86    program     static D:\Projects\EggBot_GitHub\EBB_firmware\app.X\source\ebb.c
                  __pa_47   0x0095b2    program     static D:\Projects\EggBot_GitHub\EBB_firmware\app.X\source\UBW.c
                  __pa_48   0x0095bc    program     static D:\Projects\EggBot_GitHub\EBB_firmware\app.X\source\UBW.c
                  __pa_48   0x006d8e    program     static D:\Projects\EggBot_GitHub\EBB_firmware\app.X\source\ebb.c
                  __pa_49   0x006d9e    program     static D:\Projects\EggBot_GitHub\EBB_firmware\app.X\source\ebb.c
                  __pa_49   0x0095c8    program     static D:\Projects\EggBot_GitHub\EBB_firmware\app.X\source\UBW.c
                   __pa_5   0x00a39a    program     static D:\Projects\EggBot_GitHub\EBB_firmware\Microchip\USB\usb_device.c
                   __pa_5   0x00cf0e    program     static E:\3.46\pic18-lt\cxx-framework\src\traditional\stdclib\PackMath.c
                   __pa_5   0x006a2e    program     static D:\Projects\EggBot_GitHub\EBB_firmware\app.X\source\ebb.c
                   __pa_5   0x00c108    program     static E:\3.46\pic18-lt\cxx-framework\src\traditional\stdclib\sqrt.c
                   __pa_5   0x00af3e    program     static E:\3.46\pic18-lt\cxx-framework\src\traditional\stdclib\vfprintf.c
                   __pa_5   0x00c860    program     static D:\Projects\EggBot_GitHub\EBB_firmware\app.X\source\RCServo2.c
                   __pa_5   0x00c4c4    program     static D:\Projects\EggBot_GitHub\EBB_firmware\Microchip\USB\CDC Device Driver\usb_function_cdc.c
                   __pa_5   0x0093a2    program     static D:\Projects\EggBot_GitHub\EBB_firmware\app.X\source\UBW.c
                  __pa_50   0x0095d4    program     static D:\Projects\EggBot_GitHub\EBB_firmware\app.X\source\UBW.c
                  __pa_50   0x006db4    program     static D:\Projects\EggBot_GitHub\EBB_firmware\app.X\source\ebb.c
                  __pa_51   0x0095e2    program     static D:\Projects\EggBot_GitHub\EBB_firmware\app.X\source\UBW.c
                  __pa_51   0x006dc0    program     static D:\Projects\EggBot_GitHub\EBB_firmware\app.X\source\ebb.c
                  __pa_52   0x006dda    program     static D:\Projects\EggBot_GitHub\EBB_firmware\app.X\source\ebb.c
                  __pa_52   0x0095f0    program     static D:\Projects\EggBot_GitHub\EBB_firmware\app.X\source\UBW.c
                  __pa_53   0x006df4    program     static D:\Projects\EggBot_GitHub\EBB_firmware\app.X\source\ebb.c
                  __pa_53   0x0095fe    program     static D:\Projects\EggBot_GitHub\EBB_firmware\app.X\source\UBW.c
                  __pa_54   0x00960c    program     static D:\Projects\EggBot_GitHub\EBB_firmware\app.X\source\UBW.c
                  __pa_54   0x006e02    program     static D:\Projects\EggBot_GitHub\EBB_firmware\app.X\source\ebb.c
                  __pa_55   0x006e10    program     static D:\Projects\EggBot_GitHub\EBB_firmware\app.X\source\ebb.c
                  __pa_55   0x009616    program     static D:\Projects\EggBot_GitHub\EBB_firmware\app.X\source\UBW.c
                  __pa_56   0x009620    program     static D:\Projects\EggBot_GitHub\EBB_firmware\app.X\source\UBW.c
                  __pa_56   0x006e1e    program     static D:\Projects\EggBot_GitHub\EBB_firmware\app.X\source\ebb.c
                  __pa_57   0x006e24    program     static D:\Projects\EggBot_GitHub\EBB_firmware\app.X\source\ebb.c
                  __pa_57   0x009628    program     static D:\Projects\EggBot_GitHub\EBB_firmware\app.X\source\UBW.c
                  __pa_58   0x00962e    program     static D:\Projects\EggBot_GitHub\EBB_firmware\app.X\source\UBW.c
                  __pa_58   0x006e38    program     static D:\Projects\EggBot_GitHub\EBB_firmware\app.X\source\ebb.c
                  __pa_59   0x009636    program     static D:\Projects\EggBot_GitHub\EBB_firmware\app.X\source\UBW.c
                  __pa_59   0x006e40    program     static D:\Projects\EggBot_GitHub\EBB_firmware\app.X\source\ebb.c
                   __pa_6   0x00c11a    program     static E:\3.46\pic18-lt\cxx-framework\src\traditional\stdclib\sqrt.c
                   __pa_6   0x0093ac    program     static D:\Projects\EggBot_GitHub\EBB_firmware\app.X\source\UBW.c
                   __pa_6   0x00a3a4    program     static D:\Projects\EggBot_GitHub\EBB_firmware\Microchip\USB\usb_device.c
                   __pa_6   0x00c86c    program     static D:\Projects\EggBot_GitHub\EBB_firmware\app.X\source\RCServo2.c
                   __pa_6   0x00c4d2    program     static D:\Projects\EggBot_GitHub\EBB_firmware\Microchip\USB\CDC Device Driver\usb_function_cdc.c
                   __pa_6   0x00af5a    program     static E:\3.46\pic18-lt\cxx-framework\src\traditional\stdclib\vfprintf.c
                   __pa_6   0x006a3a    program     static D:\Projects\EggBot_GitHub\EBB_firmware\app.X\source\ebb.c
                   __pa_6   0x00cf16    program     static E:\3.46\pic18-lt\cxx-framework\src\traditional\stdclib\PackMath.c
                  __pa_60   0x00963c    program     static D:\Projects\EggBot_GitHub\EBB_firmware\app.X\source\UBW.c
                  __pa_60   0x006e52    program     static D:\Projects\EggBot_GitHub\EBB_firmware\app.X\source\ebb.c
                  __pa_61   0x009646    program     static D:\Projects\EggBot_GitHub\EBB_firmware\app.X\source\UBW.c
                  __pa_61   0x006e64    program     static D:\Projects\EggBot_GitHub\EBB_firmware\app.X\source\ebb.c
                  __pa_62   0x006e74    program     static D:\Projects\EggBot_GitHub\EBB_firmware\app.X\source\ebb.c
                  __pa_62   0x009650    program     static D:\Projects\EggBot_GitHub\EBB_firmware\app.X\source\UBW.c
                  __pa_63   0x006e86    program     static D:\Projects\EggBot_GitHub\EBB_firmware\app.X\source\ebb.c
                  __pa_63   0x009656    program     static D:\Projects\EggBot_GitHub\EBB_firmware\app.X\source\UBW.c
                  __pa_64   0x009660    program     static D:\Projects\EggBot_GitHub\EBB_firmware\app.X\source\UBW.c
                  __pa_64   0x006e98    program     static D:\Projects\EggBot_GitHub\EBB_firmware\app.X\source\ebb.c
                  __pa_65   0x009664    program     static D:\Projects\EggBot_GitHub\EBB_firmware\app.X\source\UBW.c
                  __pa_65   0x006ea0    program     static D:\Projects\EggBot_GitHub\EBB_firmware\app.X\source\ebb.c
                  __pa_66   0x00966e    program     static D:\Projects\EggBot_GitHub\EBB_firmware\app.X\source\UBW.c
                  __pa_66   0x006eac    program     static D:\Projects\EggBot_GitHub\EBB_firmware\app.X\source\ebb.c
                  __pa_67   0x00967a    program     static D:\Projects\EggBot_GitHub\EBB_firmware\app.X\source\UBW.c
                  __pa_67   0x006eb4    program     static D:\Projects\EggBot_GitHub\EBB_firmware\app.X\source\ebb.c
                  __pa_68   0x009686    program     static D:\Projects\EggBot_GitHub\EBB_firmware\app.X\source\UBW.c
                  __pa_68   0x006ec4    program     static D:\Projects\EggBot_GitHub\EBB_firmware\app.X\source\ebb.c
                  __pa_69   0x00968e    program     static D:\Projects\EggBot_GitHub\EBB_firmware\app.X\source\UBW.c
                  __pa_69   0x006ecc    program     static D:\Projects\EggBot_GitHub\EBB_firmware\app.X\source\ebb.c
                   __pa_7   0x0093b6    program     static D:\Projects\EggBot_GitHub\EBB_firmware\app.X\source\UBW.c
                   __pa_7   0x00a3ae    program     static D:\Projects\EggBot_GitHub\EBB_firmware\Microchip\USB\usb_device.c
                   __pa_7   0x006a3e    program     static D:\Projects\EggBot_GitHub\EBB_firmware\app.X\source\ebb.c
                   __pa_7   0x00c128    program     static E:\3.46\pic18-lt\cxx-framework\src\traditional\stdclib\sqrt.c
                   __pa_7   0x00c4e0    program     static D:\Projects\EggBot_GitHub\EBB_firmware\Microchip\USB\CDC Device Driver\usb_function_cdc.c
                   __pa_7   0x00c874    program     static D:\Projects\EggBot_GitHub\EBB_firmware\app.X\source\RCServo2.c
                   __pa_7   0x00af64    program     static E:\3.46\pic18-lt\cxx-framework\src\traditional\stdclib\vfprintf.c
                  __pa_70   0x006eda    program     static D:\Projects\EggBot_GitHub\EBB_firmware\app.X\source\ebb.c
                  __pa_70   0x009696    program     static D:\Projects\EggBot_GitHub\EBB_firmware\app.X\source\UBW.c
                  __pa_71   0x006ee8    program     static D:\Projects\EggBot_GitHub\EBB_firmware\app.X\source\ebb.c
                  __pa_71   0x0096a4    program     static D:\Projects\EggBot_GitHub\EBB_firmware\app.X\source\UBW.c
                  __pa_72   0x006ef6    program     static D:\Projects\EggBot_GitHub\EBB_firmware\app.X\source\ebb.c
                  __pa_72   0x0096aa    program     static D:\Projects\EggBot_GitHub\EBB_firmware\app.X\source\UBW.c
                  __pa_73   0x0096b4    program     static D:\Projects\EggBot_GitHub\EBB_firmware\app.X\source\UBW.c
                  __pa_73   0x006f04    program     static D:\Projects\EggBot_GitHub\EBB_firmware\app.X\source\ebb.c
                  __pa_74   0x006f0e    program     static D:\Projects\EggBot_GitHub\EBB_firmware\app.X\source\ebb.c
                  __pa_74   0x0096be    program     static D:\Projects\EggBot_GitHub\EBB_firmware\app.X\source\UBW.c
                  __pa_75   0x006f18    program     static D:\Projects\EggBot_GitHub\EBB_firmware\app.X\source\ebb.c
                  __pa_75   0x0096c8    program     static D:\Projects\EggBot_GitHub\EBB_firmware\app.X\source\UBW.c
                  __pa_76   0x006f22    program     static D:\Projects\EggBot_GitHub\EBB_firmware\app.X\source\ebb.c
                  __pa_76   0x0096d6    program     static D:\Projects\EggBot_GitHub\EBB_firmware\app.X\source\UBW.c
                  __pa_77   0x0096e2    program     static D:\Projects\EggBot_GitHub\EBB_firmware\app.X\source\UBW.c
                  __pa_77   0x006f2c    program     static D:\Projects\EggBot_GitHub\EBB_firmware\app.X\source\ebb.c
                  __pa_78   0x0096ec    program     static D:\Projects\EggBot_GitHub\EBB_firmware\app.X\source\UBW.c
                  __pa_78   0x006f34    program     static D:\Projects\EggBot_GitHub\EBB_firmware\app.X\source\ebb.c
                  __pa_79   0x0096f8    program     static D:\Projects\EggBot_GitHub\EBB_firmware\app.X\source\UBW.c
                  __pa_79   0x006f4a    program     static D:\Projects\EggBot_GitHub\EBB_firmware\app.X\source\ebb.c
                   __pa_8   0x006a50    program     static D:\Projects\EggBot_GitHub\EBB_firmware\app.X\source\ebb.c
                   __pa_8   0x00a3be    program     static D:\Projects\EggBot_GitHub\EBB_firmware\Microchip\USB\usb_device.c
                   __pa_8   0x0093c0    program     static D:\Projects\EggBot_GitHub\EBB_firmware\app.X\source\UBW.c
                   __pa_8   0x00af70    program     static E:\3.46\pic18-lt\cxx-framework\src\traditional\stdclib\vfprintf.c
                   __pa_8   0x00c87e    program     static D:\Projects\EggBot_GitHub\EBB_firmware\app.X\source\RCServo2.c
                   __pa_8   0x00c130    program     static E:\3.46\pic18-lt\cxx-framework\src\traditional\stdclib\sqrt.c
                   __pa_8   0x00c4e6    program     static D:\Projects\EggBot_GitHub\EBB_firmware\Microchip\USB\CDC Device Driver\usb_function_cdc.c
                  __pa_80   0x006f5c    program     static D:\Projects\EggBot_GitHub\EBB_firmware\app.X\source\ebb.c
                  __pa_80   0x009702    program     static D:\Projects\EggBot_GitHub\EBB_firmware\app.X\source\UBW.c
                  __pa_81   0x006f6e    program     static D:\Projects\EggBot_GitHub\EBB_firmware\app.X\source\ebb.c
                  __pa_81   0x009710    program     static D:\Projects\EggBot_GitHub\EBB_firmware\app.X\source\UBW.c
                  __pa_82   0x006f86    program     static D:\Projects\EggBot_GitHub\EBB_firmware\app.X\source\ebb.c
                  __pa_82   0x00971c    program     static D:\Projects\EggBot_GitHub\EBB_firmware\app.X\source\UBW.c
                  __pa_83   0x006f9e    program     static D:\Projects\EggBot_GitHub\EBB_firmware\app.X\source\ebb.c
                  __pa_83   0x009728    program     static D:\Projects\EggBot_GitHub\EBB_firmware\app.X\source\UBW.c
                  __pa_84   0x006fb6    program     static D:\Projects\EggBot_GitHub\EBB_firmware\app.X\source\ebb.c
                  __pa_84   0x009730    program     static D:\Projects\EggBot_GitHub\EBB_firmware\app.X\source\UBW.c
                  __pa_85   0x006fca    program     static D:\Projects\EggBot_GitHub\EBB_firmware\app.X\source\ebb.c
                  __pa_85   0x00973a    program     static D:\Projects\EggBot_GitHub\EBB_firmware\app.X\source\UBW.c
                  __pa_86   0x006fdc    program     static D:\Projects\EggBot_GitHub\EBB_firmware\app.X\source\ebb.c
                  __pa_86   0x009742    program     static D:\Projects\EggBot_GitHub\EBB_firmware\app.X\source\UBW.c
                  __pa_87   0x00974a    program     static D:\Projects\EggBot_GitHub\EBB_firmware\app.X\source\UBW.c
                  __pa_87   0x006fe6    program     static D:\Projects\EggBot_GitHub\EBB_firmware\app.X\source\ebb.c
                  __pa_88   0x009752    program     static D:\Projects\EggBot_GitHub\EBB_firmware\app.X\source\UBW.c
                  __pa_88   0x007000    program     static D:\Projects\EggBot_GitHub\EBB_firmware\app.X\source\ebb.c
                  __pa_89   0x007014    program     static D:\Projects\EggBot_GitHub\EBB_firmware\app.X\source\ebb.c
                  __pa_89   0x00975a    program     static D:\Projects\EggBot_GitHub\EBB_firmware\app.X\source\UBW.c
                   __pa_9   0x00a3c8    program     static D:\Projects\EggBot_GitHub\EBB_firmware\Microchip\USB\usb_device.c
                   __pa_9   0x00c13a    program     static E:\3.46\pic18-lt\cxx-framework\src\traditional\stdclib\sqrt.c
                   __pa_9   0x00c4f4    program     static D:\Projects\EggBot_GitHub\EBB_firmware\Microchip\USB\CDC Device Driver\usb_function_cdc.c
                   __pa_9   0x00af92    program     static E:\3.46\pic18-lt\cxx-framework\src\traditional\stdclib\vfprintf.c
                   __pa_9   0x006a56    program     static D:\Projects\EggBot_GitHub\EBB_firmware\app.X\source\ebb.c
                   __pa_9   0x0093c8    program     static D:\Projects\EggBot_GitHub\EBB_firmware\app.X\source\UBW.c
                  __pa_90   0x009764    program     static D:\Projects\EggBot_GitHub\EBB_firmware\app.X\source\UBW.c
                  __pa_90   0x00701e    program     static D:\Projects\EggBot_GitHub\EBB_firmware\app.X\source\ebb.c
                  __pa_91   0x00976c    program     static D:\Projects\EggBot_GitHub\EBB_firmware\app.X\source\UBW.c
                  __pa_91   0x007024    program     static D:\Projects\EggBot_GitHub\EBB_firmware\app.X\source\ebb.c
                  __pa_92   0x009778    program     static D:\Projects\EggBot_GitHub\EBB_firmware\app.X\source\UBW.c
                  __pa_92   0x00702e    program     static D:\Projects\EggBot_GitHub\EBB_firmware\app.X\source\ebb.c
                  __pa_93   0x009782    program     static D:\Projects\EggBot_GitHub\EBB_firmware\app.X\source\UBW.c
                  __pa_93   0x007046    program     static D:\Projects\EggBot_GitHub\EBB_firmware\app.X\source\ebb.c
                  __pa_94   0x00978a    program     static D:\Projects\EggBot_GitHub\EBB_firmware\app.X\source\UBW.c
                  __pa_94   0x00705e    program     static D:\Projects\EggBot_GitHub\EBB_firmware\app.X\source\ebb.c
                  __pa_95   0x007076    program     static D:\Projects\EggBot_GitHub\EBB_firmware\app.X\source\ebb.c
                  __pa_95   0x00979a    program     static D:\Projects\EggBot_GitHub\EBB_firmware\app.X\source\UBW.c
                  __pa_96   0x00708e    program     static D:\Projects\EggBot_GitHub\EBB_firmware\app.X\source\ebb.c
                  __pa_96   0x0097a6    program     static D:\Projects\EggBot_GitHub\EBB_firmware\app.X\source\UBW.c
                  __pa_97   0x0070a6    program     static D:\Projects\EggBot_GitHub\EBB_firmware\app.X\source\ebb.c
                  __pa_97   0x0097ae    program     static D:\Projects\EggBot_GitHub\EBB_firmware\app.X\source\UBW.c
                  __pa_98   0x0070be    program     static D:\Projects\EggBot_GitHub\EBB_firmware\app.X\source\ebb.c
                  __pa_98   0x0097b6    program     static D:\Projects\EggBot_GitHub\EBB_firmware\app.X\source\UBW.c
                  __pa_99   0x0097c2    program     static D:\Projects\EggBot_GitHub\EBB_firmware\app.X\source\UBW.c
                  __pa_99   0x0070d6    program     static D:\Projects\EggBot_GitHub\EBB_firmware\app.X\source\ebb.c
               __string_0   0x00baea    program     static D:\Projects\EggBot_GitHub\EBB_firmware\app.X\source\ebb.c
               __string_1   0x00babc    program     static D:\Projects\EggBot_GitHub\EBB_firmware\app.X\source\ebb.c
               __string_1   0x00bd04    program     static D:\Projects\EggBot_GitHub\EBB_firmware\app.X\source\UBW.c
              __string_10   0x00b92f    program     static D:\Projects\EggBot_GitHub\EBB_firmware\app.X\source\ebb.c
              __string_10   0x00bc76    program     static D:\Projects\EggBot_GitHub\EBB_firmware\app.X\source\UBW.c
              __string_11   0x00b8ff    program     static D:\Projects\EggBot_GitHub\EBB_firmware\app.X\source\ebb.c
              __string_11   0x00bc55    program     static D:\Projects\EggBot_GitHub\EBB_firmware\app.X\source\UBW.c
              __string_12   0x00b8d9    program     static D:\Projects\EggBot_GitHub\EBB_firmware\app.X\source\ebb.c
              __string_12   0x00bc3c    program     static D:\Projects\EggBot_GitHub\EBB_firmware\app.X\source\UBW.c
              __string_13   0x00bc19    program     static D:\Projects\EggBot_GitHub\EBB_firmware\app.X\source\UBW.c
              __string_13   0x00b8a4    program     static D:\Projects\EggBot_GitHub\EBB_firmware\app.X\source\ebb.c
              __string_14   0x00bbf1    program     static D:\Projects\EggBot_GitHub\EBB_firmware\app.X\source\UBW.c
              __string_14   0x00b879    program     static D:\Projects\EggBot_GitHub\EBB_firmware\app.X\source\ebb.c
[...]
               TXSTA2bits   0x000fa8       data     extern E:\3.46\pic18-lt\cxx-framework\src\traditional\proc\p18f46j50.asm
                   TXSTA2   0x000fa8       data     extern E:\3.46\pic18-lt\cxx-framework\src\traditional\proc\p18f46j50.asm
                   TXREG2   0x000fa9       data     extern E:\3.46\pic18-lt\cxx-framework\src\traditional\proc\p18f46j50.asm
                   RCREG2   0x000faa       data     extern E:\3.46\pic18-lt\cxx-framework\src\traditional\proc\p18f46j50.asm
                   SPBRG2   0x000fab       data     extern E:\3.46\pic18-lt\cxx-framework\src\traditional\proc\p18f46j50.asm
                RCSTAbits   0x000fac       data     extern E:\3.46\pic18-lt\cxx-framework\src\traditional\proc\p18f46j50.asm
               RCSTA1bits   0x000fac       data     extern E:\3.46\pic18-lt\cxx-framework\src\traditional\proc\p18f46j50.asm
                   RCSTA1   0x000fac       data     extern E:\3.46\pic18-lt\cxx-framework\src\traditional\proc\p18f46j50.asm
                    RCSTA   0x000fac       data     extern E:\3.46\pic18-lt\cxx-framework\src\traditional\proc\p18f46j50.asm
                    TXSTA   0x000fad       data     extern E:\3.46\pic18-lt\cxx-framework\src\traditional\proc\p18f46j50.asm
                   TXSTA1   0x000fad       data     extern E:\3.46\pic18-lt\cxx-framework\src\traditional\proc\p18f46j50.asm
               TXSTA1bits   0x000fad       data     extern E:\3.46\pic18-lt\cxx-framework\src\traditional\proc\p18f46j50.asm
                TXSTAbits   0x000fad       data     extern E:\3.46\pic18-lt\cxx-framework\src\traditional\proc\p18f46j50.asm
                    TXREG   0x000fae       data     extern E:\3.46\pic18-lt\cxx-framework\src\traditional\proc\p18f46j50.asm
                   TXREG1   0x000fae       data     extern E:\3.46\pic18-lt\cxx-framework\src\traditional\proc\p18f46j50.asm
                   RCREG1   0x000faf       data     extern E:\3.46\pic18-lt\cxx-framework\src\traditional\proc\p18f46j50.asm
                    RCREG   0x000faf       data     extern E:\3.46\pic18-lt\cxx-framework\src\traditional\proc\p18f46j50.asm
                    SPBRG   0x000fb0       data     extern E:\3.46\pic18-lt\cxx-framework\src\traditional\proc\p18f46j50.asm
                   SPBRG1   0x000fb0       data     extern E:\3.46\pic18-lt\cxx-framework\src\traditional\proc\p18f46j50.asm
                 CTMUICON   0x000fb1       data     extern E:\3.46\pic18-lt\cxx-framework\src\traditional\proc\p18f46j50.asm
             CTMUICONbits   0x000fb1       data     extern E:\3.46\pic18-lt\cxx-framework\src\traditional\proc\p18f46j50.asm
                 CTMUCONL   0x000fb2       data     extern E:\3.46\pic18-lt\cxx-framework\src\traditional\proc\p18f46j50.asm
             CTMUCONLbits   0x000fb2       data     extern E:\3.46\pic18-lt\cxx-framework\src\traditional\proc\p18f46j50.asm
                 CTMUCONH   0x000fb3       data     extern E:\3.46\pic18-lt\cxx-framework\src\traditional\proc\p18f46j50.asm
             CTMUCONHbits   0x000fb3       data     extern E:\3.46\pic18-lt\cxx-framework\src\traditional\proc\p18f46j50.asm
                 ECCP2CON   0x000fb4       data     extern E:\3.46\pic18-lt\cxx-framework\src\traditional\proc\p18f46j50.asm
             ECCP2CONbits   0x000fb4       data     extern E:\3.46\pic18-lt\cxx-framework\src\traditional\proc\p18f46j50.asm
              CCP2CONbits   0x000fb4       data     extern E:\3.46\pic18-lt\cxx-framework\src\traditional\proc\p18f46j50.asm
                  CCP2CON   0x000fb4       data     extern E:\3.46\pic18-lt\cxx-framework\src\traditional\proc\p18f46j50.asm
                    CCPR2   0x000fb5       data     extern E:\3.46\pic18-lt\cxx-framework\src\traditional\proc\p18f46j50.asm
                   CCPR2L   0x000fb5       data     extern E:\3.46\pic18-lt\cxx-framework\src\traditional\proc\p18f46j50.asm
                   CCPR2H   0x000fb6       data     extern E:\3.46\pic18-lt\cxx-framework\src\traditional\proc\p18f46j50.asm
             ECCP2DELbits   0x000fb7       data     extern E:\3.46\pic18-lt\cxx-framework\src\traditional\proc\p18f46j50.asm
                 ECCP2DEL   0x000fb7       data     extern E:\3.46\pic18-lt\cxx-framework\src\traditional\proc\p18f46j50.asm
                  PWM2CON   0x000fb7       data     extern E:\3.46\pic18-lt\cxx-framework\src\traditional\proc\p18f46j50.asm
              PWM2CONbits   0x000fb7       data     extern E:\3.46\pic18-lt\cxx-framework\src\traditional\proc\p18f46j50.asm
              ECCP2ASbits   0x000fb8       data     extern E:\3.46\pic18-lt\cxx-framework\src\traditional\proc\p18f46j50.asm
                  ECCP2AS   0x000fb8       data     extern E:\3.46\pic18-lt\cxx-framework\src\traditional\proc\p18f46j50.asm
                 PSTR2CON   0x000fb9       data     extern E:\3.46\pic18-lt\cxx-framework\src\traditional\proc\p18f46j50.asm
             PSTR2CONbits   0x000fb9       data     extern E:\3.46\pic18-lt\cxx-framework\src\traditional\proc\p18f46j50.asm
                 ECCP1CON   0x000fba       data     extern E:\3.46\pic18-lt\cxx-framework\src\traditional\proc\p18f46j50.asm
             ECCP1CONbits   0x000fba       data     extern E:\3.46\pic18-lt\cxx-framework\src\traditional\proc\p18f46j50.asm
              CCP1CONbits   0x000fba       data     extern E:\3.46\pic18-lt\cxx-framework\src\traditional\proc\p18f46j50.asm
                  CCP1CON   0x000fba       data     extern E:\3.46\pic18-lt\cxx-framework\src\traditional\proc\p18f46j50.asm
                   CCPR1L   0x000fbb       data     extern E:\3.46\pic18-lt\cxx-framework\src\traditional\proc\p18f46j50.asm
                    CCPR1   0x000fbb       data     extern E:\3.46\pic18-lt\cxx-framework\src\traditional\proc\p18f46j50.asm
                   CCPR1H   0x000fbc       data     extern E:\3.46\pic18-lt\cxx-framework\src\traditional\proc\p18f46j50.asm
             ECCP1DELbits   0x000fbd       data     extern E:\3.46\pic18-lt\cxx-framework\src\traditional\proc\p18f46j50.asm
              PWM1CONbits   0x000fbd       data     extern E:\3.46\pic18-lt\cxx-framework\src\traditional\proc\p18f46j50.asm
                  PWM1CON   0x000fbd       data     extern E:\3.46\pic18-lt\cxx-framework\src\traditional\proc\p18f46j50.asm
                 ECCP1DEL   0x000fbd       data     extern E:\3.46\pic18-lt\cxx-framework\src\traditional\proc\p18f46j50.asm
                  ECCP1AS   0x000fbe       data     extern E:\3.46\pic18-lt\cxx-framework\src\traditional\proc\p18f46j50.asm
              ECCP1ASbits   0x000fbe       data     extern E:\3.46\pic18-lt\cxx-framework\src\traditional\proc\p18f46j50.asm
                 PSTR1CON   0x000fbf       data     extern E:\3.46\pic18-lt\cxx-framework\src\traditional\proc\p18f46j50.asm
             PSTR1CONbits   0x000fbf       data     extern E:\3.46\pic18-lt\cxx-framework\src\traditional\proc\p18f46j50.asm
                   WDTCON   0x000fc0       data     extern E:\3.46\pic18-lt\cxx-framework\src\traditional\proc\p18f46j50.asm
               WDTCONbits   0x000fc0       data     extern E:\3.46\pic18-lt\cxx-framework\src\traditional\proc\p18f46j50.asm
               ADCON1bits   0x000fc1       data     extern E:\3.46\pic18-lt\cxx-framework\src\traditional\proc\p18f46j50.asm
                   ADCON1   0x000fc1       data     extern E:\3.46\pic18-lt\cxx-framework\src\traditional\proc\p18f46j50.asm
                   ADCON0   0x000fc2       data     extern E:\3.46\pic18-lt\cxx-framework\src\traditional\proc\p18f46j50.asm
               ADCON0bits   0x000fc2       data     extern E:\3.46\pic18-lt\cxx-framework\src\traditional\proc\p18f46j50.asm
                    ADRES   0x000fc3       data     extern E:\3.46\pic18-lt\cxx-framework\src\traditional\proc\p18f46j50.asm
                   ADRESL   0x000fc3       data     extern E:\3.46\pic18-lt\cxx-framework\src\traditional\proc\p18f46j50.asm
                   ADRESH   0x000fc4       data     extern E:\3.46\pic18-lt\cxx-framework\src\traditional\proc\p18f46j50.asm
                 SSP1CON2   0x000fc5       data     extern E:\3.46\pic18-lt\cxx-framework\src\traditional\proc\p18f46j50.asm
             SSP1CON2bits   0x000fc5       data     extern E:\3.46\pic18-lt\cxx-framework\src\traditional\proc\p18f46j50.asm
                  SSPCON2   0x000fc5       data     extern E:\3.46\pic18-lt\cxx-framework\src\traditional\proc\p18f46j50.asm
              SSPCON2bits   0x000fc5       data     extern E:\3.46\pic18-lt\cxx-framework\src\traditional\proc\p18f46j50.asm
                  SSPCON1   0x000fc6       data     extern E:\3.46\pic18-lt\cxx-framework\src\traditional\proc\p18f46j50.asm
              SSPCON1bits   0x000fc6       data     extern E:\3.46\pic18-lt\cxx-framework\src\traditional\proc\p18f46j50.asm
                 SSP1CON1   0x000fc6       data     extern E:\3.46\pic18-lt\cxx-framework\src\traditional\proc\p18f46j50.asm
             SSP1CON1bits   0x000fc6       data     extern E:\3.46\pic18-lt\cxx-framework\src\traditional\proc\p18f46j50.asm
                  SSPSTAT   0x000fc7       data     extern E:\3.46\pic18-lt\cxx-framework\src\traditional\proc\p18f46j50.asm
              SSPSTATbits   0x000fc7       data     extern E:\3.46\pic18-lt\cxx-framework\src\traditional\proc\p18f46j50.asm
                 SSP1STAT   0x000fc7       data     extern E:\3.46\pic18-lt\cxx-framework\src\traditional\proc\p18f46j50.asm
             SSP1STATbits   0x000fc7       data     extern E:\3.46\pic18-lt\cxx-framework\src\traditional\proc\p18f46j50.asm
               SSPADDbits   0x000fc8       data     extern E:\3.46\pic18-lt\cxx-framework\src\traditional\proc\p18f46j50.asm
                   SSPADD   0x000fc8       data     extern E:\3.46\pic18-lt\cxx-framework\src\traditional\proc\p18f46j50.asm
              SSP1ADDbits   0x000fc8       data     extern E:\3.46\pic18-lt\cxx-framework\src\traditional\proc\p18f46j50.asm
                  SSP1ADD   0x000fc8       data     extern E:\3.46\pic18-lt\cxx-framework\src\traditional\proc\p18f46j50.asm
                  SSP1BUF   0x000fc9       data     extern E:\3.46\pic18-lt\cxx-framework\src\traditional\proc\p18f46j50.asm
                   SSPBUF   0x000fc9       data     extern E:\3.46\pic18-lt\cxx-framework\src\traditional\proc\p18f46j50.asm
                T2CONbits   0x000fca       data     extern E:\3.46\pic18-lt\cxx-framework\src\traditional\proc\p18f46j50.asm
                    T2CON   0x000fca       data     extern E:\3.46\pic18-lt\cxx-framework\src\traditional\proc\p18f46j50.asm
                      PR2   0x000fcb       data     extern E:\3.46\pic18-lt\cxx-framework\src\traditional\proc\p18f46j50.asm
                     TMR2   0x000fcc       data     extern E:\3.46\pic18-lt\cxx-framework\src\traditional\proc\p18f46j50.asm
                T1CONbits   0x000fcd       data     extern E:\3.46\pic18-lt\cxx-framework\src\traditional\proc\p18f46j50.asm
                    T1CON   0x000fcd       data     extern E:\3.46\pic18-lt\cxx-framework\src\traditional\proc\p18f46j50.asm
                    TMR1L   0x000fce       data     extern E:\3.46\pic18-lt\cxx-framework\src\traditional\proc\p18f46j50.asm
                    TMR1H   0x000fcf       data     extern E:\3.46\pic18-lt\cxx-framework\src\traditional\proc\p18f46j50.asm
                 RCONbits   0x000fd0       data     extern E:\3.46\pic18-lt\cxx-framework\src\traditional\proc\p18f46j50.asm
                     RCON   0x000fd0       data     extern E:\3.46\pic18-lt\cxx-framework\src\traditional\proc\p18f46j50.asm
               CM2CONbits   0x000fd1       data     extern E:\3.46\pic18-lt\cxx-framework\src\traditional\proc\p18f46j50.asm
              CM2CON1bits   0x000fd1       data     extern E:\3.46\pic18-lt\cxx-framework\src\traditional\proc\p18f46j50.asm
                  CM2CON1   0x000fd1       data     extern E:\3.46\pic18-lt\cxx-framework\src\traditional\proc\p18f46j50.asm
                   CM2CON   0x000fd1       data     extern E:\3.46\pic18-lt\cxx-framework\src\traditional\proc\p18f46j50.asm
               CM1CONbits   0x000fd2       data     extern E:\3.46\pic18-lt\cxx-framework\src\traditional\proc\p18f46j50.asm
              CM1CON1bits   0x000fd2       data     extern E:\3.46\pic18-lt\cxx-framework\src\traditional\proc\p18f46j50.asm
                  CM1CON1   0x000fd2       data     extern E:\3.46\pic18-lt\cxx-framework\src\traditional\proc\p18f46j50.asm
                   CM1CON   0x000fd2       data     extern E:\3.46\pic18-lt\cxx-framework\src\traditional\proc\p18f46j50.asm
                   OSCCON   0x000fd3       data     extern E:\3.46\pic18-lt\cxx-framework\src\traditional\proc\p18f46j50.asm
               OSCCONbits   0x000fd3       data     extern E:\3.46\pic18-lt\cxx-framework\src\traditional\proc\p18f46j50.asm
                    T0CON   0x000fd5       data     extern E:\3.46\pic18-lt\cxx-framework\src\traditional\proc\p18f46j50.asm
                T0CONbits   0x000fd5       data     extern E:\3.46\pic18-lt\cxx-framework\src\traditional\proc\p18f46j50.asm
                    TMR0L   0x000fd6       data     extern E:\3.46\pic18-lt\cxx-framework\src\traditional\proc\p18f46j50.asm
                    TMR0H   0x000fd7       data     extern E:\3.46\pic18-lt\cxx-framework\src\traditional\proc\p18f46j50.asm
               STATUSbits   0x000fd8       data     extern E:\3.46\pic18-lt\cxx-framework\src\traditional\proc\p18f46j50.asm
                   STATUS   0x000fd8       data     extern E:\3.46\pic18-lt\cxx-framework\src\traditional\proc\p18f46j50.asm
                    FSR2L   0x000fd9       data     extern E:\3.46\pic18-lt\cxx-framework\src\traditional\proc\p18f46j50.asm
                     FSR2   0x000fd9       data     extern E:\3.46\pic18-lt\cxx-framework\src\traditional\proc\p18f46j50.asm
                    FSR2H   0x000fda       data     extern E:\3.46\pic18-lt\cxx-framework\src\traditional\proc\p18f46j50.asm
                   PLUSW2   0x000fdb       data     extern E:\3.46\pic18-lt\cxx-framework\src\traditional\proc\p18f46j50.asm
                  PREINC2   0x000fdc       data     extern E:\3.46\pic18-lt\cxx-framework\src\traditional\proc\p18f46j50.asm
                 POSTDEC2   0x000fdd       data     extern E:\3.46\pic18-lt\cxx-framework\src\traditional\proc\p18f46j50.asm
                 POSTINC2   0x000fde       data     extern E:\3.46\pic18-lt\cxx-framework\src\traditional\proc\p18f46j50.asm
                    INDF2   0x000fdf       data     extern E:\3.46\pic18-lt\cxx-framework\src\traditional\proc\p18f46j50.asm
                      BSR   0x000fe0       data     extern E:\3.46\pic18-lt\cxx-framework\src\traditional\proc\p18f46j50.asm
                     FSR1   0x000fe1       data     extern E:\3.46\pic18-lt\cxx-framework\src\traditional\proc\p18f46j50.asm
                    FSR1L   0x000fe1       data     extern E:\3.46\pic18-lt\cxx-framework\src\traditional\proc\p18f46j50.asm
                    FSR1H   0x000fe2       data     extern E:\3.46\pic18-lt\cxx-framework\src\traditional\proc\p18f46j50.asm
                   PLUSW1   0x000fe3       data     extern E:\3.46\pic18-lt\cxx-framework\src\traditional\proc\p18f46j50.asm
                  PREINC1   0x000fe4       data     extern E:\3.46\pic18-lt\cxx-framework\src\traditional\proc\p18f46j50.asm
                 POSTDEC1   0x000fe5       data     extern E:\3.46\pic18-lt\cxx-framework\src\traditional\proc\p18f46j50.asm
                 POSTINC1   0x000fe6       data     extern E:\3.46\pic18-lt\cxx-framework\src\traditional\proc\p18f46j50.asm
                    INDF1   0x000fe7       data     extern E:\3.46\pic18-lt\cxx-framework\src\traditional\proc\p18f46j50.asm
                     WREG   0x000fe8       data     extern E:\3.46\pic18-lt\cxx-framework\src\traditional\proc\p18f46j50.asm
                    FSR0L   0x000fe9       data     extern E:\3.46\pic18-lt\cxx-framework\src\traditional\proc\p18f46j50.asm
                     FSR0   0x000fe9       data     extern E:\3.46\pic18-lt\cxx-framework\src\traditional\proc\p18f46j50.asm
                    FSR0H   0x000fea       data     extern E:\3.46\pic18-lt\cxx-framework\src\traditional\proc\p18f46j50.asm
                   PLUSW0   0x000feb       data     extern E:\3.46\pic18-lt\cxx-framework\src\traditional\proc\p18f46j50.asm
                  PREINC0   0x000fec       data     extern E:\3.46\pic18-lt\cxx-framework\src\traditional\proc\p18f46j50.asm
                 POSTDEC0   0x000fed       data     extern E:\3.46\pic18-lt\cxx-framework\src\traditional\proc\p18f46j50.asm
                 POSTINC0   0x000fee       data     extern E:\3.46\pic18-lt\cxx-framework\src\traditional\proc\p18f46j50.asm
                    INDF0   0x000fef       data     extern E:\3.46\pic18-lt\cxx-framework\src\traditional\proc\p18f46j50.asm
              INTCON3bits   0x000ff0       data     extern E:\3.46\pic18-lt\cxx-framework\src\traditional\proc\p18f46j50.asm
                  INTCON3   0x000ff0       data     extern E:\3.46\pic18-lt\cxx-framework\src\traditional\proc\p18f46j50.asm
              INTCON2bits   0x000ff1       data     extern E:\3.46\pic18-lt\cxx-framework\src\traditional\proc\p18f46j50.asm
                  INTCON2   0x000ff1       data     extern E:\3.46\pic18-lt\cxx-framework\src\traditional\proc\p18f46j50.asm
               INTCONbits   0x000ff2       data     extern E:\3.46\pic18-lt\cxx-framework\src\traditional\proc\p18f46j50.asm
                   INTCON   0x000ff2       data     extern E:\3.46\pic18-lt\cxx-framework\src\traditional\proc\p18f46j50.asm
                    PRODL   0x000ff3       data     extern E:\3.46\pic18-lt\cxx-framework\src\traditional\proc\p18f46j50.asm
                     PROD   0x000ff3       data     extern E:\3.46\pic18-lt\cxx-framework\src\traditional\proc\p18f46j50.asm
                    PRODH   0x000ff4       data     extern E:\3.46\pic18-lt\cxx-framework\src\traditional\proc\p18f46j50.asm
                   TABLAT   0x000ff5       data     extern E:\3.46\pic18-lt\cxx-framework\src\traditional\proc\p18f46j50.asm
                   TBLPTR   0x000ff6       data     extern E:\3.46\pic18-lt\cxx-framework\src\traditional\proc\p18f46j50.asm
                  TBLPTRL   0x000ff6       data     extern E:\3.46\pic18-lt\cxx-framework\src\traditional\proc\p18f46j50.asm
                  TBLPTRH   0x000ff7       data     extern E:\3.46\pic18-lt\cxx-framework\src\traditional\proc\p18f46j50.asm
                  TBLPTRU   0x000ff8       data     extern E:\3.46\pic18-lt\cxx-framework\src\traditional\proc\p18f46j50.asm
                       PC   0x000ff9       data     extern E:\3.46\pic18-lt\cxx-framework\src\traditional\proc\p18f46j50.asm
                      PCL   0x000ff9       data     extern E:\3.46\pic18-lt\cxx-framework\src\traditional\proc\p18f46j50.asm
                   PCLATH   0x000ffa       data     extern E:\3.46\pic18-lt\cxx-framework\src\traditional\proc\p18f46j50.asm
                   PCLATU   0x000ffb       data     extern E:\3.46\pic18-lt\cxx-framework\src\traditional\proc\p18f46j50.asm
                   STKPTR   0x000ffc       data     extern E:\3.46\pic18-lt\cxx-framework\src\traditional\proc\p18f46j50.asm
               STKPTRbits   0x000ffc       data     extern E:\3.46\pic18-lt\cxx-framework\src\traditional\proc\p18f46j50.asm
                      TOS   0x000ffd       data     extern E:\3.46\pic18-lt\cxx-framework\src\traditional\proc\p18f46j50.asm
                     TOSL   0x000ffd       data     extern E:\3.46\pic18-lt\cxx-framework\src\traditional\proc\p18f46j50.asm
                     TOSH   0x000ffe       data     extern E:\3.46\pic18-lt\cxx-framework\src\traditional\proc\p18f46j50.asm
                     TOSU   0x000fff       data     extern E:\3.46\pic18-lt\cxx-framework\src\traditional\proc\p18f46j50.asm


