MPLINK 5.00, LINKER
Linker Map File - Created Thu Mar 17 18:40:14 2016

                                 Section Info
                  Section       Type    Address   Location Size(Bytes)
                ---------  ---------  ---------  ---------  ---------
    REMAPPED_RESET_VECTOR       code   0x001000    program   0x000006
REMAPPED_HIGH_INTERRUPT_VECTOR       code   0x001008    program   0x000006
REMAPPED_LOW_INTERRUPT_VECTOR       code   0x001018    program   0x000006
                   .cinit    romdata   0x00102a    program   0x000026
      .romdata_ebb_demo.o    romdata   0x001050    program   0x00388c
              .code_UBW.o       code   0x0048dc    program   0x002232
              .code_ebb.o       code   0x006b0e    program   0x00213c
       .code_usb_device.o       code   0x008c4a    program   0x000d8c
         .code_vfprintf.o       code   0x0099d6    program   0x000c22
                     PROG       code   0x00a5f8    program   0x0005ea
             .stringtable    romdata   0x00abe2    program   0x000530
             .code_sqrt.o       code   0x00b112    program   0x000442
 .code_usb_function_cdc.o       code   0x00b554    program   0x0003fc
         .code_RCServo2.o       code   0x00b950    program   0x000348
             .code_main.o       code   0x00bc98    program   0x000148
            .code_ldexp.o       code   0x00bde0    program   0x000138
         .code_UnpkMath.o       code   0x00bf18    program   0x00011c
         .code_PackMath.o       code   0x00c034    program   0x00011a
               _cinit_scn       code   0x00c14e    program   0x00009e
                   STRING       code   0x00c1ec    program   0x00009a
           .code_printf.o       code   0x00c286    program   0x000098
.romdata_usb_descriptors.o    romdata   0x00c31e    program   0x00008f
       .romdata_fxm3232.o    romdata   0x00c3ad    program   0x000000
      .idata_ebb_demo.o_i    romdata   0x00c3ad    program   0x000000
      .idata_fxd3232u.o_i    romdata   0x00c3ad    program   0x000000
       .romdata_pow2x16.o    romdata   0x00c3ad    program   0x000000
        .romdata___init.o    romdata   0x00c3ad    program   0x000000
          .romdata_sqrt.o    romdata   0x00c3ad    program   0x000000
      .romdata_PackMath.o    romdata   0x00c3ad    program   0x000000
          .idata_putc.o_i    romdata   0x00c3ad    program   0x000000
          .idata_main.o_i    romdata   0x00c3ad    program   0x000000
      .idata_UnpkMath.o_i    romdata   0x00c3ad    program   0x000000
.romdata_usb_function_cdc.o    romdata   0x00c3ad    program   0x000000
         .romdata_errno.o    romdata   0x00c3ad    program   0x000000
    .idata_usb_device.o_i    romdata   0x00c3ad    program   0x000000
  .code_usb_descriptors.o       code   0x00c3ae    program   0x000000
             .code_putc.o       code   0x00c3ae    program   0x000084
         .code_ebb_demo.o       code   0x00c3ae    program   0x000000
          .code_fxm3232.o       code   0x00c432    program   0x000070
                    CTYPE       code   0x00c4a2    program   0x00004c
         .code_fxd3232u.o       code   0x00c4ee    program   0x000048
           .romdata_UBW.o    romdata   0x00c536    program   0x000035
         .idata_c018i.o_i    romdata   0x00c56b    program   0x000000
          .romdata_putc.o    romdata   0x00c56b    program   0x000000
      .idata_vfprintf.o_i    romdata   0x00c56b    program   0x000000
    .romdata_usb_device.o    romdata   0x00c56b    program   0x000000
         .idata_ldexp.o_i    romdata   0x00c56b    program   0x000000
      .romdata_UnpkMath.o    romdata   0x00c56b    program   0x000000
           .romdata_ebb.o    romdata   0x00c56b    program   0x000000
          .romdata_main.o    romdata   0x00c56b    program   0x000000
      .idata_RCServo2.o_i    romdata   0x00c56b    program   0x000000
      .idata_fxd1616u.o_i    romdata   0x00c56b    program   0x000000
        .idata_printf.o_i    romdata   0x00c56b    program   0x000000
.idata_usb_descriptors.o_i    romdata   0x00c56b    program   0x000000
      .romdata_fxd3232u.o    romdata   0x00c56b    program   0x000000
         .code_fxd1616u.o       code   0x00c56c    program   0x00002c
            .code_c018i.o       code   0x00c56c    program   0x000000
           .code_stdout.o       code   0x00c56c    program   0x000000
                    .code       code   0x00c598    program   0x000020
             _startup_scn       code   0x00c5b8    program   0x00001c
                    STDIO       code   0x00c5d4    program   0x00001c
          .code_pow2x16.o       code   0x00c5f0    program   0x000016
      .romdata_vfprintf.o    romdata   0x00c606    program   0x000011
       .idata_fxm3232.o_i    romdata   0x00c617    program   0x000000
         .romdata_c018i.o    romdata   0x00c617    program   0x000000
        .idata___init.o_i    romdata   0x00c617    program   0x000000
        .romdata_stdout.o    romdata   0x00c617    program   0x000000
         .romdata_ldexp.o    romdata   0x00c617    program   0x000000
       .idata_pow2x16.o_i    romdata   0x00c617    program   0x000000
.idata_usb_function_cdc.o_i    romdata   0x00c617    program   0x000000
         .idata_errno.o_i    romdata   0x00c617    program   0x000000
        .romdata_printf.o    romdata   0x00c617    program   0x000000
      .idata_PackMath.o_i    romdata   0x00c617    program   0x000000
      .romdata_fxd1616u.o    romdata   0x00c617    program   0x000000
          .idata_sqrt.o_i    romdata   0x00c617    program   0x000000
      .romdata_RCServo2.o    romdata   0x00c617    program   0x000000
            .code_errno.o       code   0x00c618    program   0x000000
           .code___init.o       code   0x00c618    program   0x000002
        .idata_stdout.o_i    romdata   0x00c61a    program   0x000002
           .idata_ebb.o_i    romdata   0x00c61c    program   0x000009
           .idata_UBW.o_i    romdata   0x00c625    program   0x0000e1
                 .tmpdata      udata   0x000000       data   0x000034
                MATH_DATA      udata   0x000034       data   0x000014
              low_ISR_tmp      udata   0x000048       data   0x000004
             high_ISR_tmp      udata   0x00004c       data   0x000004
                  ISR_buf      udata   0x000100       data   0x000071
               com_tx_buf      udata   0x000200       data   0x000080
               com_rx_buf      udata   0x000300       data   0x000100
                  USB_BDT      udata   0x000400       data   0x000078
             .idata_UBW.o      idata   0x000500       data   0x0000e1
             .idata_ebb.o      idata   0x0005e1       data   0x000009
        .udata_RCServo2.o      udata   0x000600       data   0x0000b7
             .udata_UBW.o      udata   0x0006b7       data   0x00003d
           .udata_c018i.o      udata   0x0006f4       data   0x00000a
            .udata_main.o      udata   0x0006fe       data   0x000002
.udata_usb_function_cdc.o      udata   0x000700       data   0x0000a8
      .udata_usb_device.o      udata   0x0007a8       data   0x000034
                   .stack      udata   0x000d00       data   0x000100
             .udata_ebb.o      udata   0x000e00       data   0x0000ba
           .udata_errno.o      udata   0x000eba       data   0x000002
          .idata_stdout.o      idata   0x000ebc       data   0x000002
          .idata___init.o      idata   0x000ebe       data   0x000000
         .udata_pow2x16.o      udata   0x000ebe       data   0x000000
         .idata_pow2x16.o      idata   0x000ebe       data   0x000000
          .udata_printf.o      udata   0x000ebe       data   0x000000
          .idata_printf.o      idata   0x000ebe       data   0x000000
            .udata_sqrt.o      udata   0x000ebe       data   0x000000
            .idata_sqrt.o      idata   0x000ebe       data   0x000000
        .udata_fxd1616u.o      udata   0x000ebe       data   0x000000
        .idata_fxd1616u.o      idata   0x000ebe       data   0x000000
        .udata_PackMath.o      udata   0x000ebe       data   0x000000
        .idata_PackMath.o      idata   0x000ebe       data   0x000000
        .udata_UnpkMath.o      udata   0x000ebe       data   0x000000
        .idata_UnpkMath.o      idata   0x000ebe       data   0x000000
           .idata_errno.o      idata   0x000ebe       data   0x000000
           .udata_ldexp.o      udata   0x000ebe       data   0x000000
           .idata_ldexp.o      idata   0x000ebe       data   0x000000
          .udata_stdout.o      udata   0x000ebe       data   0x000000
        .udata_vfprintf.o      udata   0x000ebe       data   0x000000
        .idata_vfprintf.o      idata   0x000ebe       data   0x000000
            .udata_putc.o      udata   0x000ebe       data   0x000000
            .idata_putc.o      idata   0x000ebe       data   0x000000
           .idata_c018i.o      idata   0x000ebe       data   0x000000
        .idata_RCServo2.o      idata   0x000ebe       data   0x000000
            .idata_main.o      idata   0x000ebe       data   0x000000
.idata_usb_function_cdc.o      idata   0x000ebe       data   0x000000
      .idata_usb_device.o      idata   0x000ebe       data   0x000000
 .udata_usb_descriptors.o      udata   0x000ebe       data   0x000000
 .idata_usb_descriptors.o      idata   0x000ebe       data   0x000000
        .udata_ebb_demo.o      udata   0x000ebe       data   0x000000
        .idata_ebb_demo.o      idata   0x000ebe       data   0x000000
          .udata___init.o      udata   0x000ebe       data   0x000000
         .idata_fxm3232.o      idata   0x000ebe       data   0x000000
         .udata_fxm3232.o      udata   0x000ebe       data   0x000000
        .idata_fxd3232u.o      idata   0x000ebe       data   0x000000
        .udata_fxd3232u.o      udata   0x000ebe       data   0x000000
              SFR_BANKED0      udata   0x000ec6       data   0x00000e
              SFR_BANKED1      udata   0x000ed7       data   0x000008
              SFR_BANKED2      udata   0x000ee7       data   0x000004
              SFR_BANKED3      udata   0x000eec       data   0x000003
              SFR_BANKED4      udata   0x000ef2       data   0x000002
              SFR_BANKED5      udata   0x000ef6       data   0x000002
              SFR_BANKED6      udata   0x000efb       data   0x000005
              SFR_BANKED7      udata   0x000f26       data   0x000014
              SFR_BANKED8      udata   0x000f3c       data   0x000007
              SFR_BANKED9      udata   0x000f48       data   0x000008
             SFR_BANKED10      udata   0x000f52       data   0x00000e
            SFR_UNBANKED0      udata   0x000f60       data   0x0000a0



                              Program Memory Usage 
                               Start         End      
                           ---------   ---------      
                            0x001000    0x001005      
                            0x001008    0x00100d      
                            0x001018    0x00101d      
                            0x00102a    0x00c3ac      
                            0x00c3ae    0x00c56a      
                            0x00c56c    0x00c616      
                            0x00c618    0x00c705      
            46827 out of 65538 program addresses used, program memory utilization is 71%



                              Symbols - Sorted by Name
                     Name    Address   Location    Storage File                     
                ---------  ---------  ---------  --------- ---------                
          AnalogConfigure   0x00581e    program     extern D:\Projects\EggBot_GitHub\EBB_firmware\app.X\source\UBW.c
           BlinkUSBStatus   0x00653e    program     extern D:\Projects\EggBot_GitHub\EBB_firmware\app.X\source\UBW.c
                CDCInitEP   0x00b5f0    program     extern D:\Projects\EggBot_GitHub\EBB_firmware\Microchip\USB\CDC Device Driver\usb_function_cdc.c
             CDCTxService   0x00b792    program     extern D:\Projects\EggBot_GitHub\EBB_firmware\Microchip\USB\CDC Device Driver\usb_function_cdc.c
                   D1616S   0x00aaa2    program     static E:\3.46\pic18-lt\cxx-framework\src\traditional\math\fxd1616s.asm
                D1616SNEG   0x00aab0    program     static E:\3.46\pic18-lt\cxx-framework\src\traditional\math\fxd1616s.asm
                 D1616SOK   0x00aaac    program     static E:\3.46\pic18-lt\cxx-framework\src\traditional\math\fxd1616s.asm
                  D1616SX   0x00aac2    program     static E:\3.46\pic18-lt\cxx-framework\src\traditional\math\fxd1616s.asm
                  DA1616S   0x00aa92    program     static E:\3.46\pic18-lt\cxx-framework\src\traditional\math\fxd1616s.asm
                 EBB_Init   0x007048    program     extern D:\Projects\EggBot_GitHub\EBB_firmware\app.X\source\ebb.c
                 FLO1632S   0x00a5fc    program     extern E:\3.46\pic18-lt\cxx-framework\src\traditional\math\cast16FP.asm
                 FLO1632U   0x00a5f8    program     extern E:\3.46\pic18-lt\cxx-framework\src\traditional\math\cast16FP.asm
                 FLO3232S   0x00a626    program     extern E:\3.46\pic18-lt\cxx-framework\src\traditional\math\cast32FP.asm
                 FLO3232U   0x00a622    program     extern E:\3.46\pic18-lt\cxx-framework\src\traditional\math\cast32FP.asm
                    FPA32   0x00a7da    program     extern E:\3.46\pic18-lt\cxx-framework\src\traditional\math\addFP.asm
                    FPD32   0x00a658    program     extern E:\3.46\pic18-lt\cxx-framework\src\traditional\math\divFP.asm
                    FPM32   0x00a6fe    program     extern E:\3.46\pic18-lt\cxx-framework\src\traditional\math\mulFP.asm
                    FPS32   0x00a7d8    program     extern E:\3.46\pic18-lt\cxx-framework\src\traditional\math\addFP.asm
                 FXD1616S   0x00aa80    program     extern E:\3.46\pic18-lt\cxx-framework\src\traditional\math\fxd1616s.asm
                 FXD1616U   0x00c56c    program     extern E:\3.46\pic18-lt\cxx-framework\src\traditional\math\fxd1616u.c
                 FXD3232U   0x00c4ee    program     extern E:\3.46\pic18-lt\cxx-framework\src\traditional\math\fxd3232u.c
                 FXM1616S   0x00ab88    program     extern E:\3.46\pic18-lt\cxx-framework\src\traditional\math\fxm1616s.asm
                  FXM3232   0x00c432    program     extern E:\3.46\pic18-lt\cxx-framework\src\traditional\math\fxm3232.c
                  INT3232   0x00a906    program     extern E:\3.46\pic18-lt\cxx-framework\src\traditional\math\castFP32.asm
         InitializeSystem   0x00bca4    program     static D:\Projects\EggBot_GitHub\EBB_firmware\app.X\source\main.c
                LongDelay   0x006010    program     extern D:\Projects\EggBot_GitHub\EBB_firmware\app.X\source\UBW.c
                ProcessIO   0x004e7e    program     extern D:\Projects\EggBot_GitHub\EBB_firmware\app.X\source\UBW.c
            RCServo2_Init   0x00b950    program     extern D:\Projects\EggBot_GitHub\EBB_firmware\app.X\source\RCServo2.c
            RCServo2_Move   0x00bae8    program     extern D:\Projects\EggBot_GitHub\EBB_firmware\app.X\source\RCServo2.c
      RCServo2_S2_command   0x00ba3e    program     extern D:\Projects\EggBot_GitHub\EBB_firmware\app.X\source\RCServo2.c
RCServo2_get_channel_from_RPn   0x00ba00    program     extern D:\Projects\EggBot_GitHub\EBB_firmware\app.X\source\RCServo2.c
        Remapped_High_ISR   0x001008    program     extern D:\Projects\EggBot_GitHub\EBB_firmware\app.X\source\main.c
         Remapped_Low_ISR   0x001018    program     extern D:\Projects\EggBot_GitHub\EBB_firmware\app.X\source\main.c
         SetPinLATFromRPn   0x00661a    program     extern D:\Projects\EggBot_GitHub\EBB_firmware\app.X\source\UBW.c
        SetPinTRISFromRPn   0x006676    program     extern D:\Projects\EggBot_GitHub\EBB_firmware\app.X\source\UBW.c
                  TALTB32   0x00aacc    program     extern E:\3.46\pic18-lt\cxx-framework\src\traditional\math\ltFP.asm
               TSIGN1616A   0x00abd4    program     static E:\3.46\pic18-lt\cxx-framework\src\traditional\math\fxm1616s.asm
       USBCBCheckOtherReq   0x00bcec    program     extern D:\Projects\EggBot_GitHub\EBB_firmware\app.X\source\main.c
        USBCBErrorHandler   0x00bcea    program     extern D:\Projects\EggBot_GitHub\EBB_firmware\app.X\source\main.c
              USBCBInitEP   0x00bcf2    program     extern D:\Projects\EggBot_GitHub\EBB_firmware\app.X\source\main.c
          USBCBSendResume   0x00bcf6    program     extern D:\Projects\EggBot_GitHub\EBB_firmware\app.X\source\main.c
    USBCBStdSetDscHandler   0x00bcf0    program     extern D:\Projects\EggBot_GitHub\EBB_firmware\app.X\source\main.c
             USBCBSuspend   0x00bce4    program     extern D:\Projects\EggBot_GitHub\EBB_firmware\app.X\source\main.c
     USBCBWakeFromSuspend   0x00bce6    program     extern D:\Projects\EggBot_GitHub\EBB_firmware\app.X\source\main.c
        USBCB_SOF_Handler   0x00bce8    program     extern D:\Projects\EggBot_GitHub\EBB_firmware\app.X\source\main.c
       USBCDCEventHandler   0x00b63a    program     extern D:\Projects\EggBot_GitHub\EBB_firmware\Microchip\USB\CDC Device Driver\usb_function_cdc.c
              USBCancelIO   0x008f82    program     extern D:\Projects\EggBot_GitHub\EBB_firmware\Microchip\USB\usb_device.c
       USBCheckCDCRequest   0x00b554    program     extern D:\Projects\EggBot_GitHub\EBB_firmware\Microchip\USB\CDC Device Driver\usb_function_cdc.c
       USBCheckStdRequest   0x00957c    program     static D:\Projects\EggBot_GitHub\EBB_firmware\Microchip\USB\usb_device.c
     USBConfigureEndpoint   0x009048    program     static D:\Projects\EggBot_GitHub\EBB_firmware\Microchip\USB\usb_device.c
  USBCtrlEPAllowDataStage   0x00900a    program     extern D:\Projects\EggBot_GitHub\EBB_firmware\Microchip\USB\usb_device.c
USBCtrlEPAllowStatusStage   0x008fbc    program     extern D:\Projects\EggBot_GitHub\EBB_firmware\Microchip\USB\usb_device.c
         USBCtrlEPService   0x00941a    program     static D:\Projects\EggBot_GitHub\EBB_firmware\Microchip\USB\usb_device.c
 USBCtrlEPServiceComplete   0x00909a    program     static D:\Projects\EggBot_GitHub\EBB_firmware\Microchip\USB\usb_device.c
      USBCtrlTrfInHandler   0x009504    program     static D:\Projects\EggBot_GitHub\EBB_firmware\Microchip\USB\usb_device.c
     USBCtrlTrfOutHandler   0x0094e6    program     static D:\Projects\EggBot_GitHub\EBB_firmware\Microchip\USB\usb_device.c
      USBCtrlTrfRxService   0x009170    program     static D:\Projects\EggBot_GitHub\EBB_firmware\Microchip\USB\usb_device.c
   USBCtrlTrfSetupHandler   0x0094a6    program     static D:\Projects\EggBot_GitHub\EBB_firmware\Microchip\USB\usb_device.c
      USBCtrlTrfTxService   0x0090f4    program     static D:\Projects\EggBot_GitHub\EBB_firmware\Microchip\USB\usb_device.c
            USBDeviceInit   0x008c4a    program     extern D:\Projects\EggBot_GitHub\EBB_firmware\Microchip\USB\usb_device.c
           USBDeviceTasks   0x008d1e    program     extern D:\Projects\EggBot_GitHub\EBB_firmware\Microchip\USB\usb_device.c
        USBEnableEndpoint   0x008e9a    program     extern D:\Projects\EggBot_GitHub\EBB_firmware\Microchip\USB\usb_device.c
         USBStallEndpoint   0x008f5a    program     extern D:\Projects\EggBot_GitHub\EBB_firmware\Microchip\USB\usb_device.c
          USBStallHandler   0x0093b4    program     static D:\Projects\EggBot_GitHub\EBB_firmware\Microchip\USB\usb_device.c
  USBStdFeatureReqHandler   0x00962e    program     static D:\Projects\EggBot_GitHub\EBB_firmware\Microchip\USB\usb_device.c
      USBStdGetDscHandler   0x0092ce    program     static D:\Projects\EggBot_GitHub\EBB_firmware\Microchip\USB\usb_device.c
   USBStdGetStatusHandler   0x009348    program     static D:\Projects\EggBot_GitHub\EBB_firmware\Microchip\USB\usb_device.c
      USBStdSetCfgHandler   0x009230    program     static D:\Projects\EggBot_GitHub\EBB_firmware\Microchip\USB\usb_device.c
               USBSuspend   0x0093d6    program     static D:\Projects\EggBot_GitHub\EBB_firmware\Microchip\USB\usb_device.c
     USBTransferOnePacket   0x008ed8    program     extern D:\Projects\EggBot_GitHub\EBB_firmware\Microchip\USB\usb_device.c
       USBWakeFromSuspend   0x0093f6    program     static D:\Projects\EggBot_GitHub\EBB_firmware\Microchip\USB\usb_device.c
               USB_CD_Ptr   0x00c3a5    program     extern D:\Projects\EggBot_GitHub\EBB_firmware\app.X\source\usb_descriptors.c
               USB_SD_Ptr   0x00c3a7    program     extern D:\Projects\EggBot_GitHub\EBB_firmware\app.X\source\usb_descriptors.c
USER_USB_CALLBACK_EVENT_HANDLER   0x00bd3a    program     extern D:\Projects\EggBot_GitHub\EBB_firmware\app.X\source\main.c
                 UserInit   0x004d64    program     extern D:\Projects\EggBot_GitHub\EBB_firmware\app.X\source\UBW.c
              _2jContinue   0x00c20c    program     static E:\3.46\pic18-lt\cxx-framework\src\traditional\stdclib\memset.asm
                   _2jEnd   0x00c270    program     static E:\3.46\pic18-lt\cxx-framework\src\traditional\stdclib\slenpgm.asm
                   _3jEnd   0x00c216    program     static E:\3.46\pic18-lt\cxx-framework\src\traditional\stdclib\memset.asm
                _PackMath   0x00c034    program     extern E:\3.46\pic18-lt\cxx-framework\src\traditional\stdclib\PackMath.c
                _UnpkMath   0x00bf18    program     extern E:\3.46\pic18-lt\cxx-framework\src\traditional\stdclib\UnpkMath.c
              __FpCompare   0x00aade    program     extern E:\3.46\pic18-lt\cxx-framework\src\traditional\math\compFP.asm
                 __FpExit   0x00a980    program     extern E:\3.46\pic18-lt\cxx-framework\src\traditional\math\packFP.asm
                 __FpPack   0x00a9ac    program     extern E:\3.46\pic18-lt\cxx-framework\src\traditional\math\packFP.asm
            __FpReturnNaN   0x00a974    program     extern E:\3.46\pic18-lt\cxx-framework\src\traditional\math\packFP.asm
         __FpReturnNegInf   0x00a986    program     extern E:\3.46\pic18-lt\cxx-framework\src\traditional\math\packFP.asm
        __FpReturnNegZero   0x00a99e    program     extern E:\3.46\pic18-lt\cxx-framework\src\traditional\math\packFP.asm
         __FpReturnPosInf   0x00a98c    program     extern E:\3.46\pic18-lt\cxx-framework\src\traditional\math\packFP.asm
        __FpReturnPosZero   0x00a9a6    program     extern E:\3.46\pic18-lt\cxx-framework\src\traditional\math\packFP.asm
        __FpReturnSignInf   0x00a982    program     extern E:\3.46\pic18-lt\cxx-framework\src\traditional\math\packFP.asm
       __FpReturnSignZero   0x00a99a    program     extern E:\3.46\pic18-lt\cxx-framework\src\traditional\math\packFP.asm
              __FpReturnW   0x00aa04    program     extern E:\3.46\pic18-lt\cxx-framework\src\traditional\math\packFP.asm
              __FpUnPackA   0x00aa24    program     extern E:\3.46\pic18-lt\cxx-framework\src\traditional\math\UnpackFP.asm
              __FpUnPackB   0x00aa54    program     extern E:\3.46\pic18-lt\cxx-framework\src\traditional\math\UnpackFP.asm
         ___else_lbl00002   0x006b72    program     static                          
         ___else_lbl00007   0x006bc2    program     static                          
         ___else_lbl00009   0x006bce    program     static                          
         ___else_lbl00011   0x006be2    program     static                          
         ___else_lbl00013   0x006bee    program     static                          
         ___else_lbl00016   0x006bd2    program     static                          
         ___else_lbl00027   0x006d72    program     static                          
         ___else_lbl00030   0x006dc6    program     static                          
         ___else_lbl00035   0x006e60    program     static                          
         ___else_lbl00040   0x006f08    program     static                          
         ___else_lbl00044   0x006dd2    program     static                          
         ___else_lbl00047   0x00700e    program     static                          
          ___for_lbl00054   0x0070de    program     static                          
          ___for_lbl00055   0x0070e2    program     static                          
          ___for_lbl00056   0x00705c    program     static                          
          ___for_lbl00359   0x00603a    program     static                          
          ___for_lbl00360   0x00603e    program     static                          
          ___for_lbl00363   0x006024    program     static                          
           ___if_lbl00001   0x006b7e    program     static                          
           ___if_lbl00003   0x006b7e    program     static                          
           ___if_lbl00004   0x006b8e    program     static                          
           ___if_lbl00006   0x006bc4    program     static                          
           ___if_lbl00008   0x006bd0    program     static                          
           ___if_lbl00010   0x006be4    program     static                          
           ___if_lbl00012   0x006bf0    program     static                          
           ___if_lbl00014   0x006bf0    program     static                          
           ___if_lbl00015   0x006bf0    program     static                          
           ___if_lbl00017   0x006c74    program     static                          
           ___if_lbl00018   0x006ca4    program     static                          
           ___if_lbl00019   0x006d28    program     static                          
           ___if_lbl00020   0x006d58    program     static                          
           ___if_lbl00021   0x006d6a    program     static                          
           ___if_lbl00022   0x006d70    program     static                          
           ___if_lbl00023   0x006d7e    program     static                          
           ___if_lbl00024   0x006d84    program     static                          
           ___if_lbl00025   0x006d84    program     static                          
           ___if_lbl00026   0x006d84    program     static                          
           ___if_lbl00028   0x006dd0    program     static                          
           ___if_lbl00029   0x006dd0    program     static                          
           ___if_lbl00031   0x006dd0    program     static                          
           ___if_lbl00032   0x006dd0    program     static                          
           ___if_lbl00033   0x006ed6    program     static                          
           ___if_lbl00034   0x006ed6    program     static                          
           ___if_lbl00036   0x006ed6    program     static                          
           ___if_lbl00037   0x006f06    program     static                          
           ___if_lbl00038   0x006f1a    program     static                          
           ___if_lbl00039   0x006f1a    program     static                          
           ___if_lbl00041   0x006f1a    program     static                          
           ___if_lbl00042   0x006f1a    program     static                          
           ___if_lbl00043   0x006f1a    program     static                          
           ___if_lbl00046   0x007018    program     static                          
           ___if_lbl00048   0x007018    program     static                          
           ___if_lbl00051   0x007030    program     static                          
           ___if_lbl00052   0x007030    program     static                          
       ___return_lbl00000   0x00c596    program     static                          
       ___return_lbl00000   0x00c534    program     static                          
       ___return_lbl00000   0x00c4a0    program     static                          
       ___return_lbl00000   0x001004    program     static                          
       ___return_lbl00000   0x00c604    program     static                          
       ___return_lbl00000   0x00c5d2    program     static                          
       ___return_lbl00000   0x007030    program     static                          
       ___return_lbl00001   0x00c1ea    program     static                          
       ___return_lbl00001   0x00100c    program     static                          
       ___return_lbl00002   0x00101c    program     static                          
       ___return_lbl00053   0x0071de    program     static                          
       ___return_lbl00358   0x00603e    program     static                          
       ___return_lbl00364   0x00605a    program     static                          
        ___while_lbl00361   0x00602c    program     static                          
        ___while_lbl00362   0x00603a    program     static                          
                   __init   0x00c618    program     extern E:\3.46\pic18-lt\cxx-framework\src\traditional\stdclib\__init.c
                   __pa_0   0x00bdc2    program     static D:\Projects\EggBot_GitHub\EBB_firmware\app.X\source\main.c
                   __pa_0   0x00b874    program     static D:\Projects\EggBot_GitHub\EBB_firmware\Microchip\USB\CDC Device Driver\usb_function_cdc.c
                   __pa_0   0x0066d2    program     static D:\Projects\EggBot_GitHub\EBB_firmware\app.X\source\UBW.c
                   __pa_0   0x00b4b0    program     static E:\3.46\pic18-lt\cxx-framework\src\traditional\stdclib\sqrt.c
                   __pa_0   0x009770    program     static D:\Projects\EggBot_GitHub\EBB_firmware\Microchip\USB\usb_device.c
                   __pa_0   0x00c026    program     static E:\3.46\pic18-lt\cxx-framework\src\traditional\stdclib\UnpkMath.c
                   __pa_0   0x008518    program     static D:\Projects\EggBot_GitHub\EBB_firmware\app.X\source\ebb.c
                   __pa_0   0x00bf0e    program     static E:\3.46\pic18-lt\cxx-framework\src\traditional\stdclib\ldexp.c
                   __pa_0   0x00a316    program     static E:\3.46\pic18-lt\cxx-framework\src\traditional\stdclib\vfprintf.c
                   __pa_0   0x00bc26    program     static D:\Projects\EggBot_GitHub\EBB_firmware\app.X\source\RCServo2.c
                   __pa_0   0x00c0fc    program     static E:\3.46\pic18-lt\cxx-framework\src\traditional\stdclib\PackMath.c
                   __pa_1   0x009778    program     static D:\Projects\EggBot_GitHub\EBB_firmware\Microchip\USB\usb_device.c
                   __pa_1   0x00b886    program     static D:\Projects\EggBot_GitHub\EBB_firmware\Microchip\USB\CDC Device Driver\usb_function_cdc.c
                   __pa_1   0x00a31e    program     static E:\3.46\pic18-lt\cxx-framework\src\traditional\stdclib\vfprintf.c
                   __pa_1   0x00bdd4    program     static D:\Projects\EggBot_GitHub\EBB_firmware\app.X\source\main.c
                   __pa_1   0x008522    program     static D:\Projects\EggBot_GitHub\EBB_firmware\app.X\source\ebb.c
                   __pa_1   0x00b4ba    program     static E:\3.46\pic18-lt\cxx-framework\src\traditional\stdclib\sqrt.c
                   __pa_1   0x0066d8    program     static D:\Projects\EggBot_GitHub\EBB_firmware\app.X\source\UBW.c
                   __pa_1   0x00bc38    program     static D:\Projects\EggBot_GitHub\EBB_firmware\app.X\source\RCServo2.c
                   __pa_1   0x00c10c    program     static E:\3.46\pic18-lt\cxx-framework\src\traditional\stdclib\PackMath.c
                  __pa_10   0x008616    program     static D:\Projects\EggBot_GitHub\EBB_firmware\app.X\source\ebb.c
                  __pa_10   0x00673c    program     static D:\Projects\EggBot_GitHub\EBB_firmware\app.X\source\UBW.c
                  __pa_10   0x00b90c    program     static D:\Projects\EggBot_GitHub\EBB_firmware\Microchip\USB\CDC Device Driver\usb_function_cdc.c
                  __pa_10   0x00a3d2    program     static E:\3.46\pic18-lt\cxx-framework\src\traditional\stdclib\vfprintf.c
                  __pa_10   0x0097d6    program     static D:\Projects\EggBot_GitHub\EBB_firmware\Microchip\USB\usb_device.c
                 __pa_100   0x008be2    program     static D:\Projects\EggBot_GitHub\EBB_firmware\app.X\source\ebb.c
                 __pa_101   0x008bee    program     static D:\Projects\EggBot_GitHub\EBB_firmware\app.X\source\ebb.c
                 __pa_102   0x008bf6    program     static D:\Projects\EggBot_GitHub\EBB_firmware\app.X\source\ebb.c
                 __pa_103   0x008c00    program     static D:\Projects\EggBot_GitHub\EBB_firmware\app.X\source\ebb.c
                 __pa_104   0x008c08    program     static D:\Projects\EggBot_GitHub\EBB_firmware\app.X\source\ebb.c
                 __pa_105   0x008c1a    program     static D:\Projects\EggBot_GitHub\EBB_firmware\app.X\source\ebb.c
                 __pa_106   0x008c26    program     static D:\Projects\EggBot_GitHub\EBB_firmware\app.X\source\ebb.c
                 __pa_107   0x008c30    program     static D:\Projects\EggBot_GitHub\EBB_firmware\app.X\source\ebb.c
                 __pa_108   0x008c3a    program     static D:\Projects\EggBot_GitHub\EBB_firmware\app.X\source\ebb.c
                 __pa_109   0x008c42    program     static D:\Projects\EggBot_GitHub\EBB_firmware\app.X\source\ebb.c
                  __pa_11   0x00b91a    program     static D:\Projects\EggBot_GitHub\EBB_firmware\Microchip\USB\CDC Device Driver\usb_function_cdc.c
                  __pa_11   0x00a3e0    program     static E:\3.46\pic18-lt\cxx-framework\src\traditional\stdclib\vfprintf.c
                  __pa_11   0x008620    program     static D:\Projects\EggBot_GitHub\EBB_firmware\app.X\source\ebb.c
                  __pa_11   0x0097e0    program     static D:\Projects\EggBot_GitHub\EBB_firmware\Microchip\USB\usb_device.c
                  __pa_11   0x006742    program     static D:\Projects\EggBot_GitHub\EBB_firmware\app.X\source\UBW.c
                  __pa_12   0x0097f4    program     static D:\Projects\EggBot_GitHub\EBB_firmware\Microchip\USB\usb_device.c
                  __pa_12   0x008630    program     static D:\Projects\EggBot_GitHub\EBB_firmware\app.X\source\ebb.c
                  __pa_12   0x00b924    program     static D:\Projects\EggBot_GitHub\EBB_firmware\Microchip\USB\CDC Device Driver\usb_function_cdc.c
                  __pa_12   0x00674a    program     static D:\Projects\EggBot_GitHub\EBB_firmware\app.X\source\UBW.c
                  __pa_12   0x00a3f6    program     static E:\3.46\pic18-lt\cxx-framework\src\traditional\stdclib\vfprintf.c
                  __pa_13   0x00b934    program     static D:\Projects\EggBot_GitHub\EBB_firmware\Microchip\USB\CDC Device Driver\usb_function_cdc.c
                  __pa_13   0x006758    program     static D:\Projects\EggBot_GitHub\EBB_firmware\app.X\source\UBW.c
                  __pa_13   0x00a410    program     static E:\3.46\pic18-lt\cxx-framework\src\traditional\stdclib\vfprintf.c
                  __pa_13   0x009808    program     static D:\Projects\EggBot_GitHub\EBB_firmware\Microchip\USB\usb_device.c
                  __pa_13   0x008644    program     static D:\Projects\EggBot_GitHub\EBB_firmware\app.X\source\ebb.c
                  __pa_14   0x00b942    program     static D:\Projects\EggBot_GitHub\EBB_firmware\Microchip\USB\CDC Device Driver\usb_function_cdc.c
                  __pa_14   0x006760    program     static D:\Projects\EggBot_GitHub\EBB_firmware\app.X\source\UBW.c
                  __pa_14   0x00a428    program     static E:\3.46\pic18-lt\cxx-framework\src\traditional\stdclib\vfprintf.c
                  __pa_14   0x008658    program     static D:\Projects\EggBot_GitHub\EBB_firmware\app.X\source\ebb.c
                  __pa_14   0x009816    program     static D:\Projects\EggBot_GitHub\EBB_firmware\Microchip\USB\usb_device.c
                  __pa_15   0x006768    program     static D:\Projects\EggBot_GitHub\EBB_firmware\app.X\source\UBW.c
                  __pa_15   0x00a438    program     static E:\3.46\pic18-lt\cxx-framework\src\traditional\stdclib\vfprintf.c
                  __pa_15   0x00865c    program     static D:\Projects\EggBot_GitHub\EBB_firmware\app.X\source\ebb.c
                  __pa_15   0x009822    program     static D:\Projects\EggBot_GitHub\EBB_firmware\Microchip\USB\usb_device.c
                  __pa_16   0x008676    program     static D:\Projects\EggBot_GitHub\EBB_firmware\app.X\source\ebb.c
                  __pa_16   0x00983c    program     static D:\Projects\EggBot_GitHub\EBB_firmware\Microchip\USB\usb_device.c
                  __pa_16   0x00a44e    program     static E:\3.46\pic18-lt\cxx-framework\src\traditional\stdclib\vfprintf.c
                  __pa_16   0x00677a    program     static D:\Projects\EggBot_GitHub\EBB_firmware\app.X\source\UBW.c
                  __pa_17   0x009848    program     static D:\Projects\EggBot_GitHub\EBB_firmware\Microchip\USB\usb_device.c
                  __pa_17   0x00a460    program     static E:\3.46\pic18-lt\cxx-framework\src\traditional\stdclib\vfprintf.c
                  __pa_17   0x008682    program     static D:\Projects\EggBot_GitHub\EBB_firmware\app.X\source\ebb.c
                  __pa_17   0x006786    program     static D:\Projects\EggBot_GitHub\EBB_firmware\app.X\source\UBW.c
                  __pa_18   0x0067a2    program     static D:\Projects\EggBot_GitHub\EBB_firmware\app.X\source\UBW.c
                  __pa_18   0x00a472    program     static E:\3.46\pic18-lt\cxx-framework\src\traditional\stdclib\vfprintf.c
                  __pa_18   0x008694    program     static D:\Projects\EggBot_GitHub\EBB_firmware\app.X\source\ebb.c
                  __pa_18   0x009854    program     static D:\Projects\EggBot_GitHub\EBB_firmware\Microchip\USB\usb_device.c
                  __pa_19   0x0067b0    program     static D:\Projects\EggBot_GitHub\EBB_firmware\app.X\source\UBW.c
                  __pa_19   0x00985c    program     static D:\Projects\EggBot_GitHub\EBB_firmware\Microchip\USB\usb_device.c
                  __pa_19   0x0086a2    program     static D:\Projects\EggBot_GitHub\EBB_firmware\app.X\source\ebb.c
                  __pa_19   0x00a47c    program     static E:\3.46\pic18-lt\cxx-framework\src\traditional\stdclib\vfprintf.c
                   __pa_2   0x00b4d4    program     static E:\3.46\pic18-lt\cxx-framework\src\traditional\stdclib\sqrt.c
                   __pa_2   0x0066ea    program     static D:\Projects\EggBot_GitHub\EBB_firmware\app.X\source\UBW.c
                   __pa_2   0x00854c    program     static D:\Projects\EggBot_GitHub\EBB_firmware\app.X\source\ebb.c
                   __pa_2   0x00bc42    program     static D:\Projects\EggBot_GitHub\EBB_firmware\app.X\source\RCServo2.c
                   __pa_2   0x00c11a    program     static E:\3.46\pic18-lt\cxx-framework\src\traditional\stdclib\PackMath.c
                   __pa_2   0x00977e    program     static D:\Projects\EggBot_GitHub\EBB_firmware\Microchip\USB\usb_device.c
                   __pa_2   0x00b896    program     static D:\Projects\EggBot_GitHub\EBB_firmware\Microchip\USB\CDC Device Driver\usb_function_cdc.c
                   __pa_2   0x00a328    program     static E:\3.46\pic18-lt\cxx-framework\src\traditional\stdclib\vfprintf.c
                  __pa_20   0x0067b8    program     static D:\Projects\EggBot_GitHub\EBB_firmware\app.X\source\UBW.c
                  __pa_20   0x00a48c    program     static E:\3.46\pic18-lt\cxx-framework\src\traditional\stdclib\vfprintf.c
                  __pa_20   0x0086ac    program     static D:\Projects\EggBot_GitHub\EBB_firmware\app.X\source\ebb.c
                  __pa_20   0x009864    program     static D:\Projects\EggBot_GitHub\EBB_firmware\Microchip\USB\usb_device.c
                  __pa_21   0x0067c4    program     static D:\Projects\EggBot_GitHub\EBB_firmware\app.X\source\UBW.c
                  __pa_21   0x00a49c    program     static E:\3.46\pic18-lt\cxx-framework\src\traditional\stdclib\vfprintf.c
                  __pa_21   0x0086da    program     static D:\Projects\EggBot_GitHub\EBB_firmware\app.X\source\ebb.c
                  __pa_21   0x009870    program     static D:\Projects\EggBot_GitHub\EBB_firmware\Microchip\USB\usb_device.c
                  __pa_22   0x0067ca    program     static D:\Projects\EggBot_GitHub\EBB_firmware\app.X\source\UBW.c
                  __pa_22   0x0086e4    program     static D:\Projects\EggBot_GitHub\EBB_firmware\app.X\source\ebb.c
                  __pa_22   0x009880    program     static D:\Projects\EggBot_GitHub\EBB_firmware\Microchip\USB\usb_device.c
                  __pa_22   0x00a4ac    program     static E:\3.46\pic18-lt\cxx-framework\src\traditional\stdclib\vfprintf.c
                  __pa_23   0x0086fe    program     static D:\Projects\EggBot_GitHub\EBB_firmware\app.X\source\ebb.c
                  __pa_23   0x009890    program     static D:\Projects\EggBot_GitHub\EBB_firmware\Microchip\USB\usb_device.c
                  __pa_23   0x00a4b8    program     static E:\3.46\pic18-lt\cxx-framework\src\traditional\stdclib\vfprintf.c
                  __pa_23   0x0067d4    program     static D:\Projects\EggBot_GitHub\EBB_firmware\app.X\source\UBW.c
                  __pa_24   0x008718    program     static D:\Projects\EggBot_GitHub\EBB_firmware\app.X\source\ebb.c
                  __pa_24   0x00a4c6    program     static E:\3.46\pic18-lt\cxx-framework\src\traditional\stdclib\vfprintf.c
                  __pa_24   0x0098a0    program     static D:\Projects\EggBot_GitHub\EBB_firmware\Microchip\USB\usb_device.c
                  __pa_24   0x0067da    program     static D:\Projects\EggBot_GitHub\EBB_firmware\app.X\source\UBW.c
                  __pa_25   0x0067e8    program     static D:\Projects\EggBot_GitHub\EBB_firmware\app.X\source\UBW.c
                  __pa_25   0x008726    program     static D:\Projects\EggBot_GitHub\EBB_firmware\app.X\source\ebb.c
                  __pa_25   0x00a4ce    program     static E:\3.46\pic18-lt\cxx-framework\src\traditional\stdclib\vfprintf.c
                  __pa_25   0x0098ae    program     static D:\Projects\EggBot_GitHub\EBB_firmware\Microchip\USB\usb_device.c
                  __pa_26   0x00872e    program     static D:\Projects\EggBot_GitHub\EBB_firmware\app.X\source\ebb.c
                  __pa_26   0x0067f6    program     static D:\Projects\EggBot_GitHub\EBB_firmware\app.X\source\UBW.c
                  __pa_26   0x00a4d8    program     static E:\3.46\pic18-lt\cxx-framework\src\traditional\stdclib\vfprintf.c
                  __pa_26   0x0098bc    program     static D:\Projects\EggBot_GitHub\EBB_firmware\Microchip\USB\usb_device.c
                  __pa_27   0x008740    program     static D:\Projects\EggBot_GitHub\EBB_firmware\app.X\source\ebb.c
                  __pa_27   0x00a4e2    program     static E:\3.46\pic18-lt\cxx-framework\src\traditional\stdclib\vfprintf.c
                  __pa_27   0x0098ca    program     static D:\Projects\EggBot_GitHub\EBB_firmware\Microchip\USB\usb_device.c
                  __pa_27   0x006802    program     static D:\Projects\EggBot_GitHub\EBB_firmware\app.X\source\UBW.c
                  __pa_28   0x0098d8    program     static D:\Projects\EggBot_GitHub\EBB_firmware\Microchip\USB\usb_device.c
                  __pa_28   0x008746    program     static D:\Projects\EggBot_GitHub\EBB_firmware\app.X\source\ebb.c
                  __pa_28   0x00a4ea    program     static E:\3.46\pic18-lt\cxx-framework\src\traditional\stdclib\vfprintf.c
                  __pa_28   0x00681e    program     static D:\Projects\EggBot_GitHub\EBB_firmware\app.X\source\UBW.c
                  __pa_29   0x0098e2    program     static D:\Projects\EggBot_GitHub\EBB_firmware\Microchip\USB\usb_device.c
                  __pa_29   0x008752    program     static D:\Projects\EggBot_GitHub\EBB_firmware\app.X\source\ebb.c
                  __pa_29   0x00a4f8    program     static E:\3.46\pic18-lt\cxx-framework\src\traditional\stdclib\vfprintf.c
                  __pa_29   0x006832    program     static D:\Projects\EggBot_GitHub\EBB_firmware\app.X\source\UBW.c
                   __pa_3   0x00c124    program     static E:\3.46\pic18-lt\cxx-framework\src\traditional\stdclib\PackMath.c
                   __pa_3   0x00bc52    program     static D:\Projects\EggBot_GitHub\EBB_firmware\app.X\source\RCServo2.c
                   __pa_3   0x00b4ee    program     static E:\3.46\pic18-lt\cxx-framework\src\traditional\stdclib\sqrt.c
                   __pa_3   0x00a332    program     static E:\3.46\pic18-lt\cxx-framework\src\traditional\stdclib\vfprintf.c
                   __pa_3   0x009782    program     static D:\Projects\EggBot_GitHub\EBB_firmware\Microchip\USB\usb_device.c
                   __pa_3   0x00b8a2    program     static D:\Projects\EggBot_GitHub\EBB_firmware\Microchip\USB\CDC Device Driver\usb_function_cdc.c
                   __pa_3   0x0066f6    program     static D:\Projects\EggBot_GitHub\EBB_firmware\app.X\source\UBW.c
                   __pa_3   0x008560    program     static D:\Projects\EggBot_GitHub\EBB_firmware\app.X\source\ebb.c
                  __pa_30   0x00876e    program     static D:\Projects\EggBot_GitHub\EBB_firmware\app.X\source\ebb.c
                  __pa_30   0x00a514    program     static E:\3.46\pic18-lt\cxx-framework\src\traditional\stdclib\vfprintf.c
                  __pa_30   0x00684c    program     static D:\Projects\EggBot_GitHub\EBB_firmware\app.X\source\UBW.c
                  __pa_30   0x0098fa    program     static D:\Projects\EggBot_GitHub\EBB_firmware\Microchip\USB\usb_device.c
                  __pa_31   0x006858    program     static D:\Projects\EggBot_GitHub\EBB_firmware\app.X\source\UBW.c
                  __pa_31   0x009906    program     static D:\Projects\EggBot_GitHub\EBB_firmware\Microchip\USB\usb_device.c
                  __pa_31   0x00a52e    program     static E:\3.46\pic18-lt\cxx-framework\src\traditional\stdclib\vfprintf.c
                  __pa_31   0x00878a    program     static D:\Projects\EggBot_GitHub\EBB_firmware\app.X\source\ebb.c
                  __pa_32   0x00991a    program     static D:\Projects\EggBot_GitHub\EBB_firmware\Microchip\USB\usb_device.c
                  __pa_32   0x006862    program     static D:\Projects\EggBot_GitHub\EBB_firmware\app.X\source\UBW.c
                  __pa_32   0x00a548    program     static E:\3.46\pic18-lt\cxx-framework\src\traditional\stdclib\vfprintf.c
                  __pa_32   0x008794    program     static D:\Projects\EggBot_GitHub\EBB_firmware\app.X\source\ebb.c
                  __pa_33   0x00686c    program     static D:\Projects\EggBot_GitHub\EBB_firmware\app.X\source\UBW.c
                  __pa_33   0x00a560    program     static E:\3.46\pic18-lt\cxx-framework\src\traditional\stdclib\vfprintf.c
                  __pa_33   0x0087b2    program     static D:\Projects\EggBot_GitHub\EBB_firmware\app.X\source\ebb.c
                  __pa_33   0x009926    program     static D:\Projects\EggBot_GitHub\EBB_firmware\Microchip\USB\usb_device.c
                  __pa_34   0x0087d0    program     static D:\Projects\EggBot_GitHub\EBB_firmware\app.X\source\ebb.c
                  __pa_34   0x00a56a    program     static E:\3.46\pic18-lt\cxx-framework\src\traditional\stdclib\vfprintf.c
                  __pa_34   0x009938    program     static D:\Projects\EggBot_GitHub\EBB_firmware\Microchip\USB\usb_device.c
                  __pa_34   0x006878    program     static D:\Projects\EggBot_GitHub\EBB_firmware\app.X\source\UBW.c
                  __pa_35   0x0087d8    program     static D:\Projects\EggBot_GitHub\EBB_firmware\app.X\source\ebb.c
                  __pa_35   0x00a578    program     static E:\3.46\pic18-lt\cxx-framework\src\traditional\stdclib\vfprintf.c
                  __pa_35   0x006884    program     static D:\Projects\EggBot_GitHub\EBB_firmware\app.X\source\UBW.c
                  __pa_35   0x009946    program     static D:\Projects\EggBot_GitHub\EBB_firmware\Microchip\USB\usb_device.c
                  __pa_36   0x0087e8    program     static D:\Projects\EggBot_GitHub\EBB_firmware\app.X\source\ebb.c
                  __pa_36   0x00a580    program     static E:\3.46\pic18-lt\cxx-framework\src\traditional\stdclib\vfprintf.c
                  __pa_36   0x009958    program     static D:\Projects\EggBot_GitHub\EBB_firmware\Microchip\USB\usb_device.c
                  __pa_36   0x00688c    program     static D:\Projects\EggBot_GitHub\EBB_firmware\app.X\source\UBW.c
                  __pa_37   0x009962    program     static D:\Projects\EggBot_GitHub\EBB_firmware\Microchip\USB\usb_device.c
                  __pa_37   0x006894    program     static D:\Projects\EggBot_GitHub\EBB_firmware\app.X\source\UBW.c
                  __pa_37   0x00a58a    program     static E:\3.46\pic18-lt\cxx-framework\src\traditional\stdclib\vfprintf.c
                  __pa_37   0x0087f6    program     static D:\Projects\EggBot_GitHub\EBB_firmware\app.X\source\ebb.c
                  __pa_38   0x00996c    program     static D:\Projects\EggBot_GitHub\EBB_firmware\Microchip\USB\usb_device.c
                  __pa_38   0x0068aa    program     static D:\Projects\EggBot_GitHub\EBB_firmware\app.X\source\UBW.c
                  __pa_38   0x00a59a    program     static E:\3.46\pic18-lt\cxx-framework\src\traditional\stdclib\vfprintf.c
                  __pa_38   0x008802    program     static D:\Projects\EggBot_GitHub\EBB_firmware\app.X\source\ebb.c
                  __pa_39   0x009972    program     static D:\Projects\EggBot_GitHub\EBB_firmware\Microchip\USB\usb_device.c
                  __pa_39   0x0068b8    program     static D:\Projects\EggBot_GitHub\EBB_firmware\app.X\source\UBW.c
                  __pa_39   0x00a5a8    program     static E:\3.46\pic18-lt\cxx-framework\src\traditional\stdclib\vfprintf.c
                  __pa_39   0x008818    program     static D:\Projects\EggBot_GitHub\EBB_firmware\app.X\source\ebb.c
                   __pa_4   0x00c132    program     static E:\3.46\pic18-lt\cxx-framework\src\traditional\stdclib\PackMath.c
                   __pa_4   0x00978c    program     static D:\Projects\EggBot_GitHub\EBB_firmware\Microchip\USB\usb_device.c
                   __pa_4   0x006702    program     static D:\Projects\EggBot_GitHub\EBB_firmware\app.X\source\UBW.c
                   __pa_4   0x00856c    program     static D:\Projects\EggBot_GitHub\EBB_firmware\app.X\source\ebb.c
                   __pa_4   0x00b8b4    program     static D:\Projects\EggBot_GitHub\EBB_firmware\Microchip\USB\CDC Device Driver\usb_function_cdc.c
                   __pa_4   0x00bc5e    program     static D:\Projects\EggBot_GitHub\EBB_firmware\app.X\source\RCServo2.c
                   __pa_4   0x00a34a    program     static E:\3.46\pic18-lt\cxx-framework\src\traditional\stdclib\vfprintf.c
                   __pa_4   0x00b500    program     static E:\3.46\pic18-lt\cxx-framework\src\traditional\stdclib\sqrt.c
                  __pa_40   0x008832    program     static D:\Projects\EggBot_GitHub\EBB_firmware\app.X\source\ebb.c
                  __pa_40   0x00997a    program     static D:\Projects\EggBot_GitHub\EBB_firmware\Microchip\USB\usb_device.c
                  __pa_40   0x0068c0    program     static D:\Projects\EggBot_GitHub\EBB_firmware\app.X\source\UBW.c
                  __pa_40   0x00a5b4    program     static E:\3.46\pic18-lt\cxx-framework\src\traditional\stdclib\vfprintf.c
                  __pa_41   0x00884c    program     static D:\Projects\EggBot_GitHub\EBB_firmware\app.X\source\ebb.c
                  __pa_41   0x0068ce    program     static D:\Projects\EggBot_GitHub\EBB_firmware\app.X\source\UBW.c
                  __pa_41   0x00a5c0    program     static E:\3.46\pic18-lt\cxx-framework\src\traditional\stdclib\vfprintf.c
                  __pa_41   0x009980    program     static D:\Projects\EggBot_GitHub\EBB_firmware\Microchip\USB\usb_device.c
                  __pa_42   0x008866    program     static D:\Projects\EggBot_GitHub\EBB_firmware\app.X\source\ebb.c
                  __pa_42   0x0068d8    program     static D:\Projects\EggBot_GitHub\EBB_firmware\app.X\source\UBW.c
                  __pa_42   0x00a5c8    program     static E:\3.46\pic18-lt\cxx-framework\src\traditional\stdclib\vfprintf.c
                  __pa_42   0x00998e    program     static D:\Projects\EggBot_GitHub\EBB_firmware\Microchip\USB\usb_device.c
                  __pa_43   0x008880    program     static D:\Projects\EggBot_GitHub\EBB_firmware\app.X\source\ebb.c
                  __pa_43   0x0068ea    program     static D:\Projects\EggBot_GitHub\EBB_firmware\app.X\source\UBW.c
                  __pa_43   0x00999c    program     static D:\Projects\EggBot_GitHub\EBB_firmware\Microchip\USB\usb_device.c
                  __pa_43   0x00a5d2    program     static E:\3.46\pic18-lt\cxx-framework\src\traditional\stdclib\vfprintf.c
                  __pa_44   0x008898    program     static D:\Projects\EggBot_GitHub\EBB_firmware\app.X\source\ebb.c
                  __pa_44   0x00a5d8    program     static E:\3.46\pic18-lt\cxx-framework\src\traditional\stdclib\vfprintf.c
                  __pa_44   0x0099a6    program     static D:\Projects\EggBot_GitHub\EBB_firmware\Microchip\USB\usb_device.c
                  __pa_44   0x0068f6    program     static D:\Projects\EggBot_GitHub\EBB_firmware\app.X\source\UBW.c
                  __pa_45   0x00a5e2    program     static E:\3.46\pic18-lt\cxx-framework\src\traditional\stdclib\vfprintf.c
                  __pa_45   0x0099b0    program     static D:\Projects\EggBot_GitHub\EBB_firmware\Microchip\USB\usb_device.c
                  __pa_45   0x0088a6    program     static D:\Projects\EggBot_GitHub\EBB_firmware\app.X\source\ebb.c
                  __pa_45   0x006902    program     static D:\Projects\EggBot_GitHub\EBB_firmware\app.X\source\UBW.c
                  __pa_46   0x0088b4    program     static D:\Projects\EggBot_GitHub\EBB_firmware\app.X\source\ebb.c
                  __pa_46   0x00690c    program     static D:\Projects\EggBot_GitHub\EBB_firmware\app.X\source\UBW.c
                  __pa_46   0x0099b8    program     static D:\Projects\EggBot_GitHub\EBB_firmware\Microchip\USB\usb_device.c
                  __pa_46   0x00a5ee    program     static E:\3.46\pic18-lt\cxx-framework\src\traditional\stdclib\vfprintf.c
                  __pa_47   0x006914    program     static D:\Projects\EggBot_GitHub\EBB_firmware\app.X\source\UBW.c
                  __pa_47   0x0099c4    program     static D:\Projects\EggBot_GitHub\EBB_firmware\Microchip\USB\usb_device.c
                  __pa_47   0x0088c2    program     static D:\Projects\EggBot_GitHub\EBB_firmware\app.X\source\ebb.c
                  __pa_48   0x0088c8    program     static D:\Projects\EggBot_GitHub\EBB_firmware\app.X\source\ebb.c
                  __pa_48   0x006920    program     static D:\Projects\EggBot_GitHub\EBB_firmware\app.X\source\UBW.c
                  __pa_48   0x0099ce    program     static D:\Projects\EggBot_GitHub\EBB_firmware\Microchip\USB\usb_device.c
                  __pa_49   0x0088dc    program     static D:\Projects\EggBot_GitHub\EBB_firmware\app.X\source\ebb.c
                  __pa_49   0x00692c    program     static D:\Projects\EggBot_GitHub\EBB_firmware\app.X\source\UBW.c
                   __pa_5   0x00979c    program     static D:\Projects\EggBot_GitHub\EBB_firmware\Microchip\USB\usb_device.c
                   __pa_5   0x00a35e    program     static E:\3.46\pic18-lt\cxx-framework\src\traditional\stdclib\vfprintf.c
                   __pa_5   0x008570    program     static D:\Projects\EggBot_GitHub\EBB_firmware\app.X\source\ebb.c
                   __pa_5   0x00c13a    program     static E:\3.46\pic18-lt\cxx-framework\src\traditional\stdclib\PackMath.c
                   __pa_5   0x00b8ce    program     static D:\Projects\EggBot_GitHub\EBB_firmware\Microchip\USB\CDC Device Driver\usb_function_cdc.c
                   __pa_5   0x00670c    program     static D:\Projects\EggBot_GitHub\EBB_firmware\app.X\source\UBW.c
                   __pa_5   0x00bc6a    program     static D:\Projects\EggBot_GitHub\EBB_firmware\app.X\source\RCServo2.c
                   __pa_5   0x00b512    program     static E:\3.46\pic18-lt\cxx-framework\src\traditional\stdclib\sqrt.c
                  __pa_50   0x00693a    program     static D:\Projects\EggBot_GitHub\EBB_firmware\app.X\source\UBW.c
                  __pa_50   0x0088e4    program     static D:\Projects\EggBot_GitHub\EBB_firmware\app.X\source\ebb.c
                  __pa_51   0x006948    program     static D:\Projects\EggBot_GitHub\EBB_firmware\app.X\source\UBW.c
                  __pa_51   0x0088f6    program     static D:\Projects\EggBot_GitHub\EBB_firmware\app.X\source\ebb.c
                  __pa_52   0x006956    program     static D:\Projects\EggBot_GitHub\EBB_firmware\app.X\source\UBW.c
                  __pa_52   0x008908    program     static D:\Projects\EggBot_GitHub\EBB_firmware\app.X\source\ebb.c
                  __pa_53   0x006964    program     static D:\Projects\EggBot_GitHub\EBB_firmware\app.X\source\UBW.c
                  __pa_53   0x00891a    program     static D:\Projects\EggBot_GitHub\EBB_firmware\app.X\source\ebb.c
                  __pa_54   0x00892a    program     static D:\Projects\EggBot_GitHub\EBB_firmware\app.X\source\ebb.c
                  __pa_54   0x006972    program     static D:\Projects\EggBot_GitHub\EBB_firmware\app.X\source\UBW.c
                  __pa_55   0x00697c    program     static D:\Projects\EggBot_GitHub\EBB_firmware\app.X\source\UBW.c
                  __pa_55   0x00893c    program     static D:\Projects\EggBot_GitHub\EBB_firmware\app.X\source\ebb.c
                  __pa_56   0x006984    program     static D:\Projects\EggBot_GitHub\EBB_firmware\app.X\source\UBW.c
                  __pa_56   0x008942    program     static D:\Projects\EggBot_GitHub\EBB_firmware\app.X\source\ebb.c
                  __pa_57   0x008952    program     static D:\Projects\EggBot_GitHub\EBB_firmware\app.X\source\ebb.c
                  __pa_57   0x00698a    program     static D:\Projects\EggBot_GitHub\EBB_firmware\app.X\source\UBW.c
                  __pa_58   0x008960    program     static D:\Projects\EggBot_GitHub\EBB_firmware\app.X\source\ebb.c
                  __pa_58   0x006992    program     static D:\Projects\EggBot_GitHub\EBB_firmware\app.X\source\UBW.c
                  __pa_59   0x00896e    program     static D:\Projects\EggBot_GitHub\EBB_firmware\app.X\source\ebb.c
                  __pa_59   0x00699c    program     static D:\Projects\EggBot_GitHub\EBB_firmware\app.X\source\UBW.c
                   __pa_6   0x00b8dc    program     static D:\Projects\EggBot_GitHub\EBB_firmware\Microchip\USB\CDC Device Driver\usb_function_cdc.c
                   __pa_6   0x00b524    program     static E:\3.46\pic18-lt\cxx-framework\src\traditional\stdclib\sqrt.c
                   __pa_6   0x00c142    program     static E:\3.46\pic18-lt\cxx-framework\src\traditional\stdclib\PackMath.c
                   __pa_6   0x006716    program     static D:\Projects\EggBot_GitHub\EBB_firmware\app.X\source\UBW.c
                   __pa_6   0x0097a6    program     static D:\Projects\EggBot_GitHub\EBB_firmware\Microchip\USB\usb_device.c
                   __pa_6   0x008582    program     static D:\Projects\EggBot_GitHub\EBB_firmware\app.X\source\ebb.c
                   __pa_6   0x00a37a    program     static E:\3.46\pic18-lt\cxx-framework\src\traditional\stdclib\vfprintf.c
                   __pa_6   0x00bc76    program     static D:\Projects\EggBot_GitHub\EBB_firmware\app.X\source\RCServo2.c
                  __pa_60   0x00897c    program     static D:\Projects\EggBot_GitHub\EBB_firmware\app.X\source\ebb.c
                  __pa_60   0x0069a2    program     static D:\Projects\EggBot_GitHub\EBB_firmware\app.X\source\UBW.c
                  __pa_61   0x008980    program     static D:\Projects\EggBot_GitHub\EBB_firmware\app.X\source\ebb.c
                  __pa_61   0x0069a8    program     static D:\Projects\EggBot_GitHub\EBB_firmware\app.X\source\UBW.c
                  __pa_62   0x008988    program     static D:\Projects\EggBot_GitHub\EBB_firmware\app.X\source\ebb.c
                  __pa_62   0x0069ac    program     static D:\Projects\EggBot_GitHub\EBB_firmware\app.X\source\UBW.c
                  __pa_63   0x0069b6    program     static D:\Projects\EggBot_GitHub\EBB_firmware\app.X\source\UBW.c
                  __pa_63   0x008992    program     static D:\Projects\EggBot_GitHub\EBB_firmware\app.X\source\ebb.c
                  __pa_64   0x0069be    program     static D:\Projects\EggBot_GitHub\EBB_firmware\app.X\source\UBW.c
                  __pa_64   0x00899c    program     static D:\Projects\EggBot_GitHub\EBB_firmware\app.X\source\ebb.c
                  __pa_65   0x0069c8    program     static D:\Projects\EggBot_GitHub\EBB_firmware\app.X\source\UBW.c
                  __pa_65   0x0089a4    program     static D:\Projects\EggBot_GitHub\EBB_firmware\app.X\source\ebb.c
                  __pa_66   0x0089ba    program     static D:\Projects\EggBot_GitHub\EBB_firmware\app.X\source\ebb.c
                  __pa_66   0x0069d4    program     static D:\Projects\EggBot_GitHub\EBB_firmware\app.X\source\UBW.c
                  __pa_67   0x0089cc    program     static D:\Projects\EggBot_GitHub\EBB_firmware\app.X\source\ebb.c
                  __pa_67   0x0069dc    program     static D:\Projects\EggBot_GitHub\EBB_firmware\app.X\source\UBW.c
                  __pa_68   0x0069e4    program     static D:\Projects\EggBot_GitHub\EBB_firmware\app.X\source\UBW.c
                  __pa_68   0x0089de    program     static D:\Projects\EggBot_GitHub\EBB_firmware\app.X\source\ebb.c
                  __pa_69   0x0089e8    program     static D:\Projects\EggBot_GitHub\EBB_firmware\app.X\source\ebb.c
                  __pa_69   0x0069ea    program     static D:\Projects\EggBot_GitHub\EBB_firmware\app.X\source\UBW.c
                   __pa_7   0x0085b4    program     static D:\Projects\EggBot_GitHub\EBB_firmware\app.X\source\ebb.c
                   __pa_7   0x00671e    program     static D:\Projects\EggBot_GitHub\EBB_firmware\app.X\source\UBW.c
                   __pa_7   0x00b532    program     static E:\3.46\pic18-lt\cxx-framework\src\traditional\stdclib\sqrt.c
                   __pa_7   0x00bc7e    program     static D:\Projects\EggBot_GitHub\EBB_firmware\app.X\source\RCServo2.c
                   __pa_7   0x00a384    program     static E:\3.46\pic18-lt\cxx-framework\src\traditional\stdclib\vfprintf.c
                   __pa_7   0x0097b0    program     static D:\Projects\EggBot_GitHub\EBB_firmware\Microchip\USB\usb_device.c
                   __pa_7   0x00b8ea    program     static D:\Projects\EggBot_GitHub\EBB_firmware\Microchip\USB\CDC Device Driver\usb_function_cdc.c
                  __pa_70   0x008a00    program     static D:\Projects\EggBot_GitHub\EBB_firmware\app.X\source\ebb.c
                  __pa_70   0x0069f4    program     static D:\Projects\EggBot_GitHub\EBB_firmware\app.X\source\UBW.c
                  __pa_71   0x008a18    program     static D:\Projects\EggBot_GitHub\EBB_firmware\app.X\source\ebb.c
                  __pa_71   0x0069fe    program     static D:\Projects\EggBot_GitHub\EBB_firmware\app.X\source\UBW.c
                  __pa_72   0x008a30    program     static D:\Projects\EggBot_GitHub\EBB_firmware\app.X\source\ebb.c
                  __pa_72   0x006a0a    program     static D:\Projects\EggBot_GitHub\EBB_firmware\app.X\source\UBW.c
                  __pa_73   0x008a46    program     static D:\Projects\EggBot_GitHub\EBB_firmware\app.X\source\ebb.c
                  __pa_73   0x006a16    program     static D:\Projects\EggBot_GitHub\EBB_firmware\app.X\source\UBW.c
                  __pa_74   0x008a4e    program     static D:\Projects\EggBot_GitHub\EBB_firmware\app.X\source\ebb.c
                  __pa_74   0x006a20    program     static D:\Projects\EggBot_GitHub\EBB_firmware\app.X\source\UBW.c
                  __pa_75   0x006a2a    program     static D:\Projects\EggBot_GitHub\EBB_firmware\app.X\source\UBW.c
                  __pa_75   0x008a68    program     static D:\Projects\EggBot_GitHub\EBB_firmware\app.X\source\ebb.c
                  __pa_76   0x008a82    program     static D:\Projects\EggBot_GitHub\EBB_firmware\app.X\source\ebb.c
                  __pa_76   0x006a36    program     static D:\Projects\EggBot_GitHub\EBB_firmware\app.X\source\UBW.c
                  __pa_77   0x006a3e    program     static D:\Projects\EggBot_GitHub\EBB_firmware\app.X\source\UBW.c
                  __pa_77   0x008a86    program     static D:\Projects\EggBot_GitHub\EBB_firmware\app.X\source\ebb.c
                  __pa_78   0x006a48    program     static D:\Projects\EggBot_GitHub\EBB_firmware\app.X\source\UBW.c
                  __pa_78   0x008a92    program     static D:\Projects\EggBot_GitHub\EBB_firmware\app.X\source\ebb.c
                  __pa_79   0x008aaa    program     static D:\Projects\EggBot_GitHub\EBB_firmware\app.X\source\ebb.c
                  __pa_79   0x006a50    program     static D:\Projects\EggBot_GitHub\EBB_firmware\app.X\source\UBW.c
                   __pa_8   0x00bc88    program     static D:\Projects\EggBot_GitHub\EBB_firmware\app.X\source\RCServo2.c
                   __pa_8   0x0097c0    program     static D:\Projects\EggBot_GitHub\EBB_firmware\Microchip\USB\usb_device.c
                   __pa_8   0x00b8f0    program     static D:\Projects\EggBot_GitHub\EBB_firmware\Microchip\USB\CDC Device Driver\usb_function_cdc.c
                   __pa_8   0x00b53a    program     static E:\3.46\pic18-lt\cxx-framework\src\traditional\stdclib\sqrt.c
                   __pa_8   0x00a390    program     static E:\3.46\pic18-lt\cxx-framework\src\traditional\stdclib\vfprintf.c
                   __pa_8   0x006728    program     static D:\Projects\EggBot_GitHub\EBB_firmware\app.X\source\UBW.c
                   __pa_8   0x0085c0    program     static D:\Projects\EggBot_GitHub\EBB_firmware\app.X\source\ebb.c
                  __pa_80   0x006a58    program     static D:\Projects\EggBot_GitHub\EBB_firmware\app.X\source\UBW.c
                  __pa_80   0x008ac2    program     static D:\Projects\EggBot_GitHub\EBB_firmware\app.X\source\ebb.c
                  __pa_81   0x008ada    program     static D:\Projects\EggBot_GitHub\EBB_firmware\app.X\source\ebb.c
                  __pa_81   0x006a60    program     static D:\Projects\EggBot_GitHub\EBB_firmware\app.X\source\UBW.c
                  __pa_82   0x008af2    program     static D:\Projects\EggBot_GitHub\EBB_firmware\app.X\source\ebb.c
                  __pa_82   0x006a68    program     static D:\Projects\EggBot_GitHub\EBB_firmware\app.X\source\UBW.c
                  __pa_83   0x008b0a    program     static D:\Projects\EggBot_GitHub\EBB_firmware\app.X\source\ebb.c
                  __pa_83   0x006a72    program     static D:\Projects\EggBot_GitHub\EBB_firmware\app.X\source\UBW.c
                  __pa_84   0x006a7c    program     static D:\Projects\EggBot_GitHub\EBB_firmware\app.X\source\UBW.c
                  __pa_84   0x008b22    program     static D:\Projects\EggBot_GitHub\EBB_firmware\app.X\source\ebb.c
                  __pa_85   0x006a86    program     static D:\Projects\EggBot_GitHub\EBB_firmware\app.X\source\UBW.c
                  __pa_85   0x008b2a    program     static D:\Projects\EggBot_GitHub\EBB_firmware\app.X\source\ebb.c
                  __pa_86   0x006a92    program     static D:\Projects\EggBot_GitHub\EBB_firmware\app.X\source\UBW.c
                  __pa_86   0x008b34    program     static D:\Projects\EggBot_GitHub\EBB_firmware\app.X\source\ebb.c
                  __pa_87   0x008b3e    program     static D:\Projects\EggBot_GitHub\EBB_firmware\app.X\source\ebb.c
                  __pa_87   0x006a9c    program     static D:\Projects\EggBot_GitHub\EBB_firmware\app.X\source\UBW.c
                  __pa_88   0x008b48    program     static D:\Projects\EggBot_GitHub\EBB_firmware\app.X\source\ebb.c
                  __pa_88   0x006aa4    program     static D:\Projects\EggBot_GitHub\EBB_firmware\app.X\source\UBW.c
                  __pa_89   0x008b5a    program     static D:\Projects\EggBot_GitHub\EBB_firmware\app.X\source\ebb.c
                  __pa_89   0x006ab0    program     static D:\Projects\EggBot_GitHub\EBB_firmware\app.X\source\UBW.c
                   __pa_9   0x00b544    program     static E:\3.46\pic18-lt\cxx-framework\src\traditional\stdclib\sqrt.c
                   __pa_9   0x00b8fe    program     static D:\Projects\EggBot_GitHub\EBB_firmware\Microchip\USB\CDC Device Driver\usb_function_cdc.c
                   __pa_9   0x0097ca    program     static D:\Projects\EggBot_GitHub\EBB_firmware\Microchip\USB\usb_device.c
                   __pa_9   0x0085c8    program     static D:\Projects\EggBot_GitHub\EBB_firmware\app.X\source\ebb.c
                   __pa_9   0x00a3b2    program     static E:\3.46\pic18-lt\cxx-framework\src\traditional\stdclib\vfprintf.c
                   __pa_9   0x006730    program     static D:\Projects\EggBot_GitHub\EBB_firmware\app.X\source\UBW.c
                  __pa_90   0x006ab6    program     static D:\Projects\EggBot_GitHub\EBB_firmware\app.X\source\UBW.c
                  __pa_90   0x008b6c    program     static D:\Projects\EggBot_GitHub\EBB_firmware\app.X\source\ebb.c
                  __pa_91   0x006ac2    program     static D:\Projects\EggBot_GitHub\EBB_firmware\app.X\source\UBW.c
                  __pa_91   0x008b7c    program     static D:\Projects\EggBot_GitHub\EBB_firmware\app.X\source\ebb.c
                  __pa_92   0x006ace    program     static D:\Projects\EggBot_GitHub\EBB_firmware\app.X\source\UBW.c
                  __pa_92   0x008b8e    program     static D:\Projects\EggBot_GitHub\EBB_firmware\app.X\source\ebb.c
                  __pa_93   0x006ad6    program     static D:\Projects\EggBot_GitHub\EBB_firmware\app.X\source\UBW.c
                  __pa_93   0x008b94    program     static D:\Projects\EggBot_GitHub\EBB_firmware\app.X\source\ebb.c
                  __pa_94   0x006ade    program     static D:\Projects\EggBot_GitHub\EBB_firmware\app.X\source\UBW.c
                  __pa_94   0x008b9c    program     static D:\Projects\EggBot_GitHub\EBB_firmware\app.X\source\ebb.c
                  __pa_95   0x006ae8    program     static D:\Projects\EggBot_GitHub\EBB_firmware\app.X\source\UBW.c
                  __pa_95   0x008ba6    program     static D:\Projects\EggBot_GitHub\EBB_firmware\app.X\source\ebb.c
                  __pa_96   0x006af0    program     static D:\Projects\EggBot_GitHub\EBB_firmware\app.X\source\UBW.c
                  __pa_96   0x008bb0    program     static D:\Projects\EggBot_GitHub\EBB_firmware\app.X\source\ebb.c
                  __pa_97   0x008bbe    program     static D:\Projects\EggBot_GitHub\EBB_firmware\app.X\source\ebb.c
                  __pa_97   0x006af6    program     static D:\Projects\EggBot_GitHub\EBB_firmware\app.X\source\UBW.c
                  __pa_98   0x008bc8    program     static D:\Projects\EggBot_GitHub\EBB_firmware\app.X\source\ebb.c
                  __pa_98   0x006afc    program     static D:\Projects\EggBot_GitHub\EBB_firmware\app.X\source\UBW.c
                  __pa_99   0x008bd4    program     static D:\Projects\EggBot_GitHub\EBB_firmware\app.X\source\ebb.c
                  __pa_99   0x006b04    program     static D:\Projects\EggBot_GitHub\EBB_firmware\app.X\source\UBW.c
               __string_0   0x00aefd    program     static D:\Projects\EggBot_GitHub\EBB_firmware\app.X\source\ebb.c
               __string_1   0x00aecf    program     static D:\Projects\EggBot_GitHub\EBB_firmware\app.X\source\ebb.c
              __string_10   0x00ad42    program     static D:\Projects\EggBot_GitHub\EBB_firmware\app.X\source\ebb.c
              __string_10   0x00b084    program     static D:\Projects\EggBot_GitHub\EBB_firmware\app.X\source\UBW.c
              __string_11   0x00ad12    program     static D:\Projects\EggBot_GitHub\EBB_firmware\app.X\source\ebb.c
              __string_11   0x00b063    program     static D:\Projects\EggBot_GitHub\EBB_firmware\app.X\source\UBW.c
              __string_12   0x00acec    program     static D:\Projects\EggBot_GitHub\EBB_firmware\app.X\source\ebb.c
              __string_12   0x00b04a    program     static D:\Projects\EggBot_GitHub\EBB_firmware\app.X\source\UBW.c
              __string_13   0x00acb7    program     static D:\Projects\EggBot_GitHub\EBB_firmware\app.X\source\ebb.c
              __string_13   0x00b027    program     static D:\Projects\EggBot_GitHub\EBB_firmware\app.X\source\UBW.c
              __string_14   0x00ac8c    program     static D:\Projects\EggBot_GitHub\EBB_firmware\app.X\source\ebb.c
              __string_14   0x00afff    program     static D:\Projects\EggBot_GitHub\EBB_firmware\app.X\source\UBW.c
              __string_15   0x00ac57    program     static D:\Projects\EggBot_GitHub\EBB_firmware\app.X\source\ebb.c
              __string_15   0x00afe2    program     static D:\Projects\EggBot_GitHub\EBB_firmware\app.X\source\UBW.c
              __string_16   0x00ac2c    program     static D:\Projects\EggBot_GitHub\EBB_firmware\app.X\source\ebb.c
              __string_16   0x00afe0    program     static D:\Projects\EggBot_GitHub\EBB_firmware\app.X\source\UBW.c
              __string_17   0x00afd5    program     static D:\Projects\EggBot_GitHub\EBB_firmware\app.X\source\UBW.c
              __string_17   0x00ac17    program     static D:\Projects\EggBot_GitHub\EBB_firmware\app.X\source\ebb.c
              __string_18   0x00afcb    program     static D:\Projects\EggBot_GitHub\EBB_firmware\app.X\source\UBW.c
              __string_18   0x00ac12    program     static D:\Projects\EggBot_GitHub\EBB_firmware\app.X\source\ebb.c
              __string_19   0x00afc2    program     static D:\Projects\EggBot_GitHub\EBB_firmware\app.X\source\UBW.c
              __string_19   0x00ac09    program     static D:\Projects\EggBot_GitHub\EBB_firmware\app.X\source\ebb.c
               __string_2   0x00aea5    program     static D:\Projects\EggBot_GitHub\EBB_firmware\app.X\source\ebb.c
              __string_20   0x00afb6    program     static D:\Projects\EggBot_GitHub\EBB_firmware\app.X\source\UBW.c
              __string_20   0x00ac02    program     static D:\Projects\EggBot_GitHub\EBB_firmware\app.X\source\ebb.c
              __string_21   0x00afaa    program     static D:\Projects\EggBot_GitHub\EBB_firmware\app.X\source\UBW.c
              __string_21   0x00abfc    program     static D:\Projects\EggBot_GitHub\EBB_firmware\app.X\source\ebb.c
              __string_22   0x00af9e    program     static D:\Projects\EggBot_GitHub\EBB_firmware\app.X\source\UBW.c
              __string_22   0x00abf0    program     static D:\Projects\EggBot_GitHub\EBB_firmware\app.X\source\ebb.c
              __string_23   0x00af92    program     static D:\Projects\EggBot_GitHub\EBB_firmware\app.X\source\UBW.c
              __string_23   0x00abe2    program     static D:\Projects\EggBot_GitHub\EBB_firmware\app.X\source\ebb.c
              __string_24   0x00af85    program     static D:\Projects\EggBot_GitHub\EBB_firmware\app.X\source\UBW.c
              __string_25   0x00af78    program     static D:\Projects\EggBot_GitHub\EBB_firmware\app.X\source\UBW.c
              __string_26   0x00af6c    program     static D:\Projects\EggBot_GitHub\EBB_firmware\app.X\source\UBW.c
              __string_27   0x00af60    program     static D:\Projects\EggBot_GitHub\EBB_firmware\app.X\source\UBW.c
              __string_28   0x00af39    program     static D:\Projects\EggBot_GitHub\EBB_firmware\app.X\source\UBW.c
              __string_29   0x00af2d    program     static D:\Projects\EggBot_GitHub\EBB_firmware\app.X\source\UBW.c
               __string_3   0x00ae7d    program     static D:\Projects\EggBot_GitHub\EBB_firmware\app.X\source\ebb.c
               __string_3   0x00b106    program     static D:\Projects\EggBot_GitHub\EBB_firmware\app.X\source\UBW.c
               __string_4   0x00b103    program     static D:\Projects\EggBot_GitHub\EBB_firmware\app.X\source\UBW.c
               __string_4   0x00ae4f    program     static D:\Projects\EggBot_GitHub\EBB_firmware\app.X\source\ebb.c
               __string_5   0x00b100    program     static D:\Projects\EggBot_GitHub\EBB_firmware\app.X\source\UBW.c
               __string_5   0x00ae21    program     static D:\Projects\EggBot_GitHub\EBB_firmware\app.X\source\ebb.c
               __string_6   0x00b0fa    program     static D:\Projects\EggBot_GitHub\EBB_firmware\app.X\source\UBW.c
               __string_6   0x00adf6    program     static D:\Projects\EggBot_GitHub\EBB_firmware\app.X\source\ebb.c
               __string_7   0x00b0db    program     static D:\Projects\EggBot_GitHub\EBB_firmware\app.X\source\UBW.c
               __string_7   0x00adcb    program     static D:\Projects\EggBot_GitHub\EBB_firmware\app.X\source\ebb.c
               __string_8   0x00ad98    program     static D:\Projects\EggBot_GitHub\EBB_firmware\app.X\source\ebb.c
               __string_8   0x00b0bf    program     static D:\Projects\EggBot_GitHub\EBB_firmware\app.X\source\UBW.c
               __string_9   0x00b0a3    program     static D:\Projects\EggBot_GitHub\EBB_firmware\app.X\source\UBW.c
               __string_9   0x00ad68    program     static D:\Projects\EggBot_GitHub\EBB_firmware\app.X\source\ebb.c
               __tmplbl_0   0x006b64    program     static                          
               __tmplbl_1   0x006bb2    program     static                          
             __tmplbl_135   0x0066f6    program     static                          
             __tmplbl_147   0x0066f6    program     static                          
             __tmplbl_148   0x0066f6    program     static                          
             __tmplbl_149   0x0066f6    program     static                          
             __tmplbl_191   0x0066f6    program     static                          
             __tmplbl_192   0x0069a8    program     static                          
             __tmplbl_193   0x0069a8    program     static                          
             __tmplbl_194   0x0066f6    program     static                          
             __tmplbl_195   0x0066f6    program     static                          
             __tmplbl_196   0x0066f6    program     static                          
             __tmplbl_197   0x0066f6    program     static                          
               __tmplbl_2   0x006ba4    program     static                          
             __tmplbl_200   0x0069a8    program     static                          
             __tmplbl_201   0x0069a8    program     static                          
             __tmplbl_202   0x0069a8    program     static                          
             __tmplbl_206   0x0069a8    program     static                          
             __tmplbl_207   0x0069a8    program     static                          
             __tmplbl_211   0x0069a8    program     static                          
             __tmplbl_212   0x0066f6    program     static                          
[...]
               TXSTA2bits   0x000fa8       data     extern E:\3.46\pic18-lt\cxx-framework\src\traditional\proc\p18f46j50.asm
                   TXSTA2   0x000fa8       data     extern E:\3.46\pic18-lt\cxx-framework\src\traditional\proc\p18f46j50.asm
                   TXREG2   0x000fa9       data     extern E:\3.46\pic18-lt\cxx-framework\src\traditional\proc\p18f46j50.asm
                   RCREG2   0x000faa       data     extern E:\3.46\pic18-lt\cxx-framework\src\traditional\proc\p18f46j50.asm
                   SPBRG2   0x000fab       data     extern E:\3.46\pic18-lt\cxx-framework\src\traditional\proc\p18f46j50.asm
                   RCSTA1   0x000fac       data     extern E:\3.46\pic18-lt\cxx-framework\src\traditional\proc\p18f46j50.asm
                    RCSTA   0x000fac       data     extern E:\3.46\pic18-lt\cxx-framework\src\traditional\proc\p18f46j50.asm
                RCSTAbits   0x000fac       data     extern E:\3.46\pic18-lt\cxx-framework\src\traditional\proc\p18f46j50.asm
               RCSTA1bits   0x000fac       data     extern E:\3.46\pic18-lt\cxx-framework\src\traditional\proc\p18f46j50.asm
                TXSTAbits   0x000fad       data     extern E:\3.46\pic18-lt\cxx-framework\src\traditional\proc\p18f46j50.asm
               TXSTA1bits   0x000fad       data     extern E:\3.46\pic18-lt\cxx-framework\src\traditional\proc\p18f46j50.asm
                   TXSTA1   0x000fad       data     extern E:\3.46\pic18-lt\cxx-framework\src\traditional\proc\p18f46j50.asm
                    TXSTA   0x000fad       data     extern E:\3.46\pic18-lt\cxx-framework\src\traditional\proc\p18f46j50.asm
                   TXREG1   0x000fae       data     extern E:\3.46\pic18-lt\cxx-framework\src\traditional\proc\p18f46j50.asm
                    TXREG   0x000fae       data     extern E:\3.46\pic18-lt\cxx-framework\src\traditional\proc\p18f46j50.asm
                   RCREG1   0x000faf       data     extern E:\3.46\pic18-lt\cxx-framework\src\traditional\proc\p18f46j50.asm
                    RCREG   0x000faf       data     extern E:\3.46\pic18-lt\cxx-framework\src\traditional\proc\p18f46j50.asm
                    SPBRG   0x000fb0       data     extern E:\3.46\pic18-lt\cxx-framework\src\traditional\proc\p18f46j50.asm
                   SPBRG1   0x000fb0       data     extern E:\3.46\pic18-lt\cxx-framework\src\traditional\proc\p18f46j50.asm
                 CTMUICON   0x000fb1       data     extern E:\3.46\pic18-lt\cxx-framework\src\traditional\proc\p18f46j50.asm
             CTMUICONbits   0x000fb1       data     extern E:\3.46\pic18-lt\cxx-framework\src\traditional\proc\p18f46j50.asm
                 CTMUCONL   0x000fb2       data     extern E:\3.46\pic18-lt\cxx-framework\src\traditional\proc\p18f46j50.asm
             CTMUCONLbits   0x000fb2       data     extern E:\3.46\pic18-lt\cxx-framework\src\traditional\proc\p18f46j50.asm
             CTMUCONHbits   0x000fb3       data     extern E:\3.46\pic18-lt\cxx-framework\src\traditional\proc\p18f46j50.asm
                 CTMUCONH   0x000fb3       data     extern E:\3.46\pic18-lt\cxx-framework\src\traditional\proc\p18f46j50.asm
             ECCP2CONbits   0x000fb4       data     extern E:\3.46\pic18-lt\cxx-framework\src\traditional\proc\p18f46j50.asm
                 ECCP2CON   0x000fb4       data     extern E:\3.46\pic18-lt\cxx-framework\src\traditional\proc\p18f46j50.asm
                  CCP2CON   0x000fb4       data     extern E:\3.46\pic18-lt\cxx-framework\src\traditional\proc\p18f46j50.asm
              CCP2CONbits   0x000fb4       data     extern E:\3.46\pic18-lt\cxx-framework\src\traditional\proc\p18f46j50.asm
                    CCPR2   0x000fb5       data     extern E:\3.46\pic18-lt\cxx-framework\src\traditional\proc\p18f46j50.asm
                   CCPR2L   0x000fb5       data     extern E:\3.46\pic18-lt\cxx-framework\src\traditional\proc\p18f46j50.asm
                   CCPR2H   0x000fb6       data     extern E:\3.46\pic18-lt\cxx-framework\src\traditional\proc\p18f46j50.asm
                  PWM2CON   0x000fb7       data     extern E:\3.46\pic18-lt\cxx-framework\src\traditional\proc\p18f46j50.asm
             ECCP2DELbits   0x000fb7       data     extern E:\3.46\pic18-lt\cxx-framework\src\traditional\proc\p18f46j50.asm
                 ECCP2DEL   0x000fb7       data     extern E:\3.46\pic18-lt\cxx-framework\src\traditional\proc\p18f46j50.asm
              PWM2CONbits   0x000fb7       data     extern E:\3.46\pic18-lt\cxx-framework\src\traditional\proc\p18f46j50.asm
              ECCP2ASbits   0x000fb8       data     extern E:\3.46\pic18-lt\cxx-framework\src\traditional\proc\p18f46j50.asm
                  ECCP2AS   0x000fb8       data     extern E:\3.46\pic18-lt\cxx-framework\src\traditional\proc\p18f46j50.asm
             PSTR2CONbits   0x000fb9       data     extern E:\3.46\pic18-lt\cxx-framework\src\traditional\proc\p18f46j50.asm
                 PSTR2CON   0x000fb9       data     extern E:\3.46\pic18-lt\cxx-framework\src\traditional\proc\p18f46j50.asm
                 ECCP1CON   0x000fba       data     extern E:\3.46\pic18-lt\cxx-framework\src\traditional\proc\p18f46j50.asm
             ECCP1CONbits   0x000fba       data     extern E:\3.46\pic18-lt\cxx-framework\src\traditional\proc\p18f46j50.asm
                  CCP1CON   0x000fba       data     extern E:\3.46\pic18-lt\cxx-framework\src\traditional\proc\p18f46j50.asm
              CCP1CONbits   0x000fba       data     extern E:\3.46\pic18-lt\cxx-framework\src\traditional\proc\p18f46j50.asm
                    CCPR1   0x000fbb       data     extern E:\3.46\pic18-lt\cxx-framework\src\traditional\proc\p18f46j50.asm
                   CCPR1L   0x000fbb       data     extern E:\3.46\pic18-lt\cxx-framework\src\traditional\proc\p18f46j50.asm
                   CCPR1H   0x000fbc       data     extern E:\3.46\pic18-lt\cxx-framework\src\traditional\proc\p18f46j50.asm
                 ECCP1DEL   0x000fbd       data     extern E:\3.46\pic18-lt\cxx-framework\src\traditional\proc\p18f46j50.asm
              PWM1CONbits   0x000fbd       data     extern E:\3.46\pic18-lt\cxx-framework\src\traditional\proc\p18f46j50.asm
             ECCP1DELbits   0x000fbd       data     extern E:\3.46\pic18-lt\cxx-framework\src\traditional\proc\p18f46j50.asm
                  PWM1CON   0x000fbd       data     extern E:\3.46\pic18-lt\cxx-framework\src\traditional\proc\p18f46j50.asm
              ECCP1ASbits   0x000fbe       data     extern E:\3.46\pic18-lt\cxx-framework\src\traditional\proc\p18f46j50.asm
                  ECCP1AS   0x000fbe       data     extern E:\3.46\pic18-lt\cxx-framework\src\traditional\proc\p18f46j50.asm
             PSTR1CONbits   0x000fbf       data     extern E:\3.46\pic18-lt\cxx-framework\src\traditional\proc\p18f46j50.asm
                 PSTR1CON   0x000fbf       data     extern E:\3.46\pic18-lt\cxx-framework\src\traditional\proc\p18f46j50.asm
               WDTCONbits   0x000fc0       data     extern E:\3.46\pic18-lt\cxx-framework\src\traditional\proc\p18f46j50.asm
                   WDTCON   0x000fc0       data     extern E:\3.46\pic18-lt\cxx-framework\src\traditional\proc\p18f46j50.asm
                   ADCON1   0x000fc1       data     extern E:\3.46\pic18-lt\cxx-framework\src\traditional\proc\p18f46j50.asm
               ADCON1bits   0x000fc1       data     extern E:\3.46\pic18-lt\cxx-framework\src\traditional\proc\p18f46j50.asm
                   ADCON0   0x000fc2       data     extern E:\3.46\pic18-lt\cxx-framework\src\traditional\proc\p18f46j50.asm
               ADCON0bits   0x000fc2       data     extern E:\3.46\pic18-lt\cxx-framework\src\traditional\proc\p18f46j50.asm
                    ADRES   0x000fc3       data     extern E:\3.46\pic18-lt\cxx-framework\src\traditional\proc\p18f46j50.asm
                   ADRESL   0x000fc3       data     extern E:\3.46\pic18-lt\cxx-framework\src\traditional\proc\p18f46j50.asm
                   ADRESH   0x000fc4       data     extern E:\3.46\pic18-lt\cxx-framework\src\traditional\proc\p18f46j50.asm
              SSPCON2bits   0x000fc5       data     extern E:\3.46\pic18-lt\cxx-framework\src\traditional\proc\p18f46j50.asm
                  SSPCON2   0x000fc5       data     extern E:\3.46\pic18-lt\cxx-framework\src\traditional\proc\p18f46j50.asm
             SSP1CON2bits   0x000fc5       data     extern E:\3.46\pic18-lt\cxx-framework\src\traditional\proc\p18f46j50.asm
                 SSP1CON2   0x000fc5       data     extern E:\3.46\pic18-lt\cxx-framework\src\traditional\proc\p18f46j50.asm
              SSPCON1bits   0x000fc6       data     extern E:\3.46\pic18-lt\cxx-framework\src\traditional\proc\p18f46j50.asm
                  SSPCON1   0x000fc6       data     extern E:\3.46\pic18-lt\cxx-framework\src\traditional\proc\p18f46j50.asm
             SSP1CON1bits   0x000fc6       data     extern E:\3.46\pic18-lt\cxx-framework\src\traditional\proc\p18f46j50.asm
                 SSP1CON1   0x000fc6       data     extern E:\3.46\pic18-lt\cxx-framework\src\traditional\proc\p18f46j50.asm
              SSPSTATbits   0x000fc7       data     extern E:\3.46\pic18-lt\cxx-framework\src\traditional\proc\p18f46j50.asm
                  SSPSTAT   0x000fc7       data     extern E:\3.46\pic18-lt\cxx-framework\src\traditional\proc\p18f46j50.asm
             SSP1STATbits   0x000fc7       data     extern E:\3.46\pic18-lt\cxx-framework\src\traditional\proc\p18f46j50.asm
                 SSP1STAT   0x000fc7       data     extern E:\3.46\pic18-lt\cxx-framework\src\traditional\proc\p18f46j50.asm
               SSPADDbits   0x000fc8       data     extern E:\3.46\pic18-lt\cxx-framework\src\traditional\proc\p18f46j50.asm
                   SSPADD   0x000fc8       data     extern E:\3.46\pic18-lt\cxx-framework\src\traditional\proc\p18f46j50.asm
              SSP1ADDbits   0x000fc8       data     extern E:\3.46\pic18-lt\cxx-framework\src\traditional\proc\p18f46j50.asm
                  SSP1ADD   0x000fc8       data     extern E:\3.46\pic18-lt\cxx-framework\src\traditional\proc\p18f46j50.asm
                  SSP1BUF   0x000fc9       data     extern E:\3.46\pic18-lt\cxx-framework\src\traditional\proc\p18f46j50.asm
                   SSPBUF   0x000fc9       data     extern E:\3.46\pic18-lt\cxx-framework\src\traditional\proc\p18f46j50.asm
                T2CONbits   0x000fca       data     extern E:\3.46\pic18-lt\cxx-framework\src\traditional\proc\p18f46j50.asm
                    T2CON   0x000fca       data     extern E:\3.46\pic18-lt\cxx-framework\src\traditional\proc\p18f46j50.asm
                      PR2   0x000fcb       data     extern E:\3.46\pic18-lt\cxx-framework\src\traditional\proc\p18f46j50.asm
                     TMR2   0x000fcc       data     extern E:\3.46\pic18-lt\cxx-framework\src\traditional\proc\p18f46j50.asm
                    T1CON   0x000fcd       data     extern E:\3.46\pic18-lt\cxx-framework\src\traditional\proc\p18f46j50.asm
                T1CONbits   0x000fcd       data     extern E:\3.46\pic18-lt\cxx-framework\src\traditional\proc\p18f46j50.asm
                    TMR1L   0x000fce       data     extern E:\3.46\pic18-lt\cxx-framework\src\traditional\proc\p18f46j50.asm
                    TMR1H   0x000fcf       data     extern E:\3.46\pic18-lt\cxx-framework\src\traditional\proc\p18f46j50.asm
                     RCON   0x000fd0       data     extern E:\3.46\pic18-lt\cxx-framework\src\traditional\proc\p18f46j50.asm
                 RCONbits   0x000fd0       data     extern E:\3.46\pic18-lt\cxx-framework\src\traditional\proc\p18f46j50.asm
              CM2CON1bits   0x000fd1       data     extern E:\3.46\pic18-lt\cxx-framework\src\traditional\proc\p18f46j50.asm
                  CM2CON1   0x000fd1       data     extern E:\3.46\pic18-lt\cxx-framework\src\traditional\proc\p18f46j50.asm
                   CM2CON   0x000fd1       data     extern E:\3.46\pic18-lt\cxx-framework\src\traditional\proc\p18f46j50.asm
               CM2CONbits   0x000fd1       data     extern E:\3.46\pic18-lt\cxx-framework\src\traditional\proc\p18f46j50.asm
               CM1CONbits   0x000fd2       data     extern E:\3.46\pic18-lt\cxx-framework\src\traditional\proc\p18f46j50.asm
              CM1CON1bits   0x000fd2       data     extern E:\3.46\pic18-lt\cxx-framework\src\traditional\proc\p18f46j50.asm
                  CM1CON1   0x000fd2       data     extern E:\3.46\pic18-lt\cxx-framework\src\traditional\proc\p18f46j50.asm
                   CM1CON   0x000fd2       data     extern E:\3.46\pic18-lt\cxx-framework\src\traditional\proc\p18f46j50.asm
               OSCCONbits   0x000fd3       data     extern E:\3.46\pic18-lt\cxx-framework\src\traditional\proc\p18f46j50.asm
                   OSCCON   0x000fd3       data     extern E:\3.46\pic18-lt\cxx-framework\src\traditional\proc\p18f46j50.asm
                    T0CON   0x000fd5       data     extern E:\3.46\pic18-lt\cxx-framework\src\traditional\proc\p18f46j50.asm
                T0CONbits   0x000fd5       data     extern E:\3.46\pic18-lt\cxx-framework\src\traditional\proc\p18f46j50.asm
                    TMR0L   0x000fd6       data     extern E:\3.46\pic18-lt\cxx-framework\src\traditional\proc\p18f46j50.asm
                    TMR0H   0x000fd7       data     extern E:\3.46\pic18-lt\cxx-framework\src\traditional\proc\p18f46j50.asm
                   STATUS   0x000fd8       data     extern E:\3.46\pic18-lt\cxx-framework\src\traditional\proc\p18f46j50.asm
               STATUSbits   0x000fd8       data     extern E:\3.46\pic18-lt\cxx-framework\src\traditional\proc\p18f46j50.asm
                     FSR2   0x000fd9       data     extern E:\3.46\pic18-lt\cxx-framework\src\traditional\proc\p18f46j50.asm
                    FSR2L   0x000fd9       data     extern E:\3.46\pic18-lt\cxx-framework\src\traditional\proc\p18f46j50.asm
                    FSR2H   0x000fda       data     extern E:\3.46\pic18-lt\cxx-framework\src\traditional\proc\p18f46j50.asm
                   PLUSW2   0x000fdb       data     extern E:\3.46\pic18-lt\cxx-framework\src\traditional\proc\p18f46j50.asm
                  PREINC2   0x000fdc       data     extern E:\3.46\pic18-lt\cxx-framework\src\traditional\proc\p18f46j50.asm
                 POSTDEC2   0x000fdd       data     extern E:\3.46\pic18-lt\cxx-framework\src\traditional\proc\p18f46j50.asm
                 POSTINC2   0x000fde       data     extern E:\3.46\pic18-lt\cxx-framework\src\traditional\proc\p18f46j50.asm
                    INDF2   0x000fdf       data     extern E:\3.46\pic18-lt\cxx-framework\src\traditional\proc\p18f46j50.asm
                      BSR   0x000fe0       data     extern E:\3.46\pic18-lt\cxx-framework\src\traditional\proc\p18f46j50.asm
                    FSR1L   0x000fe1       data     extern E:\3.46\pic18-lt\cxx-framework\src\traditional\proc\p18f46j50.asm
                     FSR1   0x000fe1       data     extern E:\3.46\pic18-lt\cxx-framework\src\traditional\proc\p18f46j50.asm
                    FSR1H   0x000fe2       data     extern E:\3.46\pic18-lt\cxx-framework\src\traditional\proc\p18f46j50.asm
                   PLUSW1   0x000fe3       data     extern E:\3.46\pic18-lt\cxx-framework\src\traditional\proc\p18f46j50.asm
                  PREINC1   0x000fe4       data     extern E:\3.46\pic18-lt\cxx-framework\src\traditional\proc\p18f46j50.asm
                 POSTDEC1   0x000fe5       data     extern E:\3.46\pic18-lt\cxx-framework\src\traditional\proc\p18f46j50.asm
                 POSTINC1   0x000fe6       data     extern E:\3.46\pic18-lt\cxx-framework\src\traditional\proc\p18f46j50.asm
                    INDF1   0x000fe7       data     extern E:\3.46\pic18-lt\cxx-framework\src\traditional\proc\p18f46j50.asm
                     WREG   0x000fe8       data     extern E:\3.46\pic18-lt\cxx-framework\src\traditional\proc\p18f46j50.asm
                    FSR0L   0x000fe9       data     extern E:\3.46\pic18-lt\cxx-framework\src\traditional\proc\p18f46j50.asm
                     FSR0   0x000fe9       data     extern E:\3.46\pic18-lt\cxx-framework\src\traditional\proc\p18f46j50.asm
                    FSR0H   0x000fea       data     extern E:\3.46\pic18-lt\cxx-framework\src\traditional\proc\p18f46j50.asm
                   PLUSW0   0x000feb       data     extern E:\3.46\pic18-lt\cxx-framework\src\traditional\proc\p18f46j50.asm
                  PREINC0   0x000fec       data     extern E:\3.46\pic18-lt\cxx-framework\src\traditional\proc\p18f46j50.asm
                 POSTDEC0   0x000fed       data     extern E:\3.46\pic18-lt\cxx-framework\src\traditional\proc\p18f46j50.asm
                 POSTINC0   0x000fee       data     extern E:\3.46\pic18-lt\cxx-framework\src\traditional\proc\p18f46j50.asm
                    INDF0   0x000fef       data     extern E:\3.46\pic18-lt\cxx-framework\src\traditional\proc\p18f46j50.asm
                  INTCON3   0x000ff0       data     extern E:\3.46\pic18-lt\cxx-framework\src\traditional\proc\p18f46j50.asm
              INTCON3bits   0x000ff0       data     extern E:\3.46\pic18-lt\cxx-framework\src\traditional\proc\p18f46j50.asm
                  INTCON2   0x000ff1       data     extern E:\3.46\pic18-lt\cxx-framework\src\traditional\proc\p18f46j50.asm
              INTCON2bits   0x000ff1       data     extern E:\3.46\pic18-lt\cxx-framework\src\traditional\proc\p18f46j50.asm
               INTCONbits   0x000ff2       data     extern E:\3.46\pic18-lt\cxx-framework\src\traditional\proc\p18f46j50.asm
                   INTCON   0x000ff2       data     extern E:\3.46\pic18-lt\cxx-framework\src\traditional\proc\p18f46j50.asm
                    PRODL   0x000ff3       data     extern E:\3.46\pic18-lt\cxx-framework\src\traditional\proc\p18f46j50.asm
                     PROD   0x000ff3       data     extern E:\3.46\pic18-lt\cxx-framework\src\traditional\proc\p18f46j50.asm
                    PRODH   0x000ff4       data     extern E:\3.46\pic18-lt\cxx-framework\src\traditional\proc\p18f46j50.asm
                   TABLAT   0x000ff5       data     extern E:\3.46\pic18-lt\cxx-framework\src\traditional\proc\p18f46j50.asm
                   TBLPTR   0x000ff6       data     extern E:\3.46\pic18-lt\cxx-framework\src\traditional\proc\p18f46j50.asm
                  TBLPTRL   0x000ff6       data     extern E:\3.46\pic18-lt\cxx-framework\src\traditional\proc\p18f46j50.asm
                  TBLPTRH   0x000ff7       data     extern E:\3.46\pic18-lt\cxx-framework\src\traditional\proc\p18f46j50.asm
                  TBLPTRU   0x000ff8       data     extern E:\3.46\pic18-lt\cxx-framework\src\traditional\proc\p18f46j50.asm
                       PC   0x000ff9       data     extern E:\3.46\pic18-lt\cxx-framework\src\traditional\proc\p18f46j50.asm
                      PCL   0x000ff9       data     extern E:\3.46\pic18-lt\cxx-framework\src\traditional\proc\p18f46j50.asm
                   PCLATH   0x000ffa       data     extern E:\3.46\pic18-lt\cxx-framework\src\traditional\proc\p18f46j50.asm
                   PCLATU   0x000ffb       data     extern E:\3.46\pic18-lt\cxx-framework\src\traditional\proc\p18f46j50.asm
               STKPTRbits   0x000ffc       data     extern E:\3.46\pic18-lt\cxx-framework\src\traditional\proc\p18f46j50.asm
                   STKPTR   0x000ffc       data     extern E:\3.46\pic18-lt\cxx-framework\src\traditional\proc\p18f46j50.asm
                      TOS   0x000ffd       data     extern E:\3.46\pic18-lt\cxx-framework\src\traditional\proc\p18f46j50.asm
                     TOSL   0x000ffd       data     extern E:\3.46\pic18-lt\cxx-framework\src\traditional\proc\p18f46j50.asm
                     TOSH   0x000ffe       data     extern E:\3.46\pic18-lt\cxx-framework\src\traditional\proc\p18f46j50.asm
                     TOSU   0x000fff       data     extern E:\3.46\pic18-lt\cxx-framework\src\traditional\proc\p18f46j50.asm


