MPLINK 4.48, Linker
Linker Map File - Created Wed Aug 07 18:52:43 2019

                                 Section Info
                  Section       Type    Address   Location Size(Bytes)
                ---------  ---------  ---------  ---------  ---------
    REMAPPED_RESET_VECTOR       code   0x001000    program   0x000006
REMAPPED_HIGH_INTERRUPT_VECTOR       code   0x001008    program   0x000006
REMAPPED_LOW_INTERRUPT_VECTOR       code   0x001018    program   0x000006
                   .cinit    romdata   0x00102a    program   0x000032
              .code_ebb.o       code   0x00105c    program   0x003124
              .code_UBW.o       code   0x004180    program   0x00278e
       .code_usb_device.o       code   0x00690e    program   0x000da4
         .code_vfprintf.o       code   0x0076b2    program   0x000c22
             .stringtable    romdata   0x0082d4    program   0x0005f0
                     PROG       code   0x0088c4    program   0x0005ea
             .code_sqrt.o       code   0x008eae    program   0x000442
 .code_usb_function_cdc.o       code   0x0092f0    program   0x0003fc
         .code_RCServo2.o       code   0x0096ec    program   0x0003b0
  .code_WriteBytesFlash.o       code   0x009a9c    program   0x0001de
             .code_main.o       code   0x009c7a    program   0x000148
            .code_ldexp.o       code   0x009dc2    program   0x000138
         .code_UnpkMath.o       code   0x009efa    program   0x00011c
         .code_PackMath.o       code   0x00a016    program   0x00011a
       .code_EraseFlash.o       code   0x00a130    program   0x0000f8
               _cinit_scn       code   0x00a228    program   0x00009e
                   STRING       code   0x00a2c6    program   0x00009a
           .code_printf.o       code   0x00a360    program   0x000098
        .code_ReadFlash.o       code   0x00a3f8    program   0x000092
             .code_putc.o       code   0x00a48a    program   0x000084
          .code_fxm3232.o       code   0x00a50e    program   0x000070
.romdata_usb_descriptors.o    romdata   0x00a57e    program   0x000057
     .romdata_ReadFlash.o    romdata   0x00a5d5    program   0x000000
     .idata_ReadFlash.o_i    romdata   0x00a5d5    program   0x000000
       .romdata_fxm3232.o    romdata   0x00a5d5    program   0x000000
        .idata___init.o_i    romdata   0x00a5d5    program   0x000000
        .romdata___init.o    romdata   0x00a5d5    program   0x000000
.romdata_usb_function_cdc.o    romdata   0x00a5d5    program   0x000000
       .romdata_pow2x16.o    romdata   0x00a5d5    program   0x000000
        .idata_printf.o_i    romdata   0x00a5d5    program   0x000000
    .romdata_EraseFlash.o    romdata   0x00a5d5    program   0x000000
    .idata_EraseFlash.o_i    romdata   0x00a5d5    program   0x000000
          .romdata_sqrt.o    romdata   0x00a5d5    program   0x000000
      .idata_fxd1616u.o_i    romdata   0x00a5d5    program   0x000000
    .idata_usb_device.o_i    romdata   0x00a5d5    program   0x000000
         .idata_ldexp.o_i    romdata   0x00a5d5    program   0x000000
         .romdata_errno.o    romdata   0x00a5d5    program   0x000000
                    CTYPE       code   0x00a5d6    program   0x00004c
            .code_errno.o       code   0x00a5d6    program   0x000000
         .code_fxd3232u.o       code   0x00a622    program   0x000048
           .romdata_UBW.o    romdata   0x00a66a    program   0x000035
      .romdata_RCServo2.o    romdata   0x00a69f    program   0x000000
         .idata_errno.o_i    romdata   0x00a69f    program   0x000000
      .idata_RCServo2.o_i    romdata   0x00a69f    program   0x000000
    .romdata_usb_device.o    romdata   0x00a69f    program   0x000000
          .idata_sqrt.o_i    romdata   0x00a69f    program   0x000000
      .idata_vfprintf.o_i    romdata   0x00a69f    program   0x000000
          .romdata_main.o    romdata   0x00a69f    program   0x000000
           .romdata_ebb.o    romdata   0x00a69f    program   0x000000
.idata_WriteBytesFlash.o_i    romdata   0x00a69f    program   0x000000
.romdata_WriteBytesFlash.o    romdata   0x00a69f    program   0x000000
       .idata_fxm3232.o_i    romdata   0x00a69f    program   0x000000
      .romdata_fxd3232u.o    romdata   0x00a69f    program   0x000000
       .idata_pow2x16.o_i    romdata   0x00a69f    program   0x000000
          .romdata_putc.o    romdata   0x00a69f    program   0x000000
  .code_usb_descriptors.o       code   0x00a6a0    program   0x000000
         .code_fxd1616u.o       code   0x00a6a0    program   0x00002c
            .code_c018i.o       code   0x00a6a0    program   0x000000
                    .code       code   0x00a6cc    program   0x000020
             _startup_scn       code   0x00a6ec    program   0x00001c
                    STDIO       code   0x00a708    program   0x00001c
          .code_pow2x16.o       code   0x00a724    program   0x000016
      .romdata_vfprintf.o    romdata   0x00a73a    program   0x000011
         .romdata_c018i.o    romdata   0x00a74b    program   0x000000
        .romdata_stdout.o    romdata   0x00a74b    program   0x000000
          .idata_putc.o_i    romdata   0x00a74b    program   0x000000
         .romdata_ldexp.o    romdata   0x00a74b    program   0x000000
         .idata_c018i.o_i    romdata   0x00a74b    program   0x000000
      .romdata_UnpkMath.o    romdata   0x00a74b    program   0x000000
      .idata_UnpkMath.o_i    romdata   0x00a74b    program   0x000000
      .romdata_PackMath.o    romdata   0x00a74b    program   0x000000
      .idata_PackMath.o_i    romdata   0x00a74b    program   0x000000
      .romdata_fxd1616u.o    romdata   0x00a74b    program   0x000000
.idata_usb_function_cdc.o_i    romdata   0x00a74b    program   0x000000
        .romdata_printf.o    romdata   0x00a74b    program   0x000000
      .idata_fxd3232u.o_i    romdata   0x00a74b    program   0x000000
          .idata_main.o_i    romdata   0x00a74b    program   0x000000
           .code_stdout.o       code   0x00a74c    program   0x000000
           .code___init.o       code   0x00a74c    program   0x000002
.idata_usb_descriptors.o_i    romdata   0x00a74e    program   0x00007e
        .idata_stdout.o_i    romdata   0x00a7cc    program   0x000002
           .idata_ebb.o_i    romdata   0x00a7ce    program   0x00000d
           .idata_UBW.o_i    romdata   0x00a7db    program   0x0000e9
                 .tmpdata      udata   0x000000       data   0x000034
                MATH_DATA      udata   0x000034       data   0x000014
             high_ISR_tmp      udata   0x000048       data   0x000008
              low_ISR_tmp      udata   0x000050       data   0x000004
                  ISR_buf      udata   0x000100       data   0x000071
               com_tx_buf      udata   0x000200       data   0x000080
 .idata_usb_descriptors.o      idata   0x000280       data   0x00007e
            .udata_main.o      udata   0x0002fe       data   0x000002
               com_rx_buf      udata   0x000300       data   0x000100
                  USB_BDT      udata   0x000400       data   0x000078
      .udata_usb_device.o      udata   0x000478       data   0x000034
             .idata_UBW.o      idata   0x000500       data   0x0000e9
                     FIFO      udata   0x000800       data   0x0000fa
          .idata_stdout.o      idata   0x0008fa       data   0x000002
         .udata_fxm3232.o      udata   0x0008fc       data   0x000000
         .idata_fxm3232.o      idata   0x0008fc       data   0x000000
       .udata_ReadFlash.o      udata   0x0008fc       data   0x000000
        .idata_fxd3232u.o      idata   0x0008fc       data   0x000000
        .udata_fxd3232u.o      udata   0x0008fc       data   0x000000
      .idata_EraseFlash.o      idata   0x0008fc       data   0x000000
      .udata_EraseFlash.o      udata   0x0008fc       data   0x000000
        .udata_UnpkMath.o      udata   0x0008fc       data   0x000000
        .idata_UnpkMath.o      idata   0x0008fc       data   0x000000
       .idata_ReadFlash.o      idata   0x0008fc       data   0x000000
 .udata_WriteBytesFlash.o      udata   0x0008fc       data   0x000000
 .idata_WriteBytesFlash.o      idata   0x0008fc       data   0x000000
          .udata___init.o      udata   0x0008fc       data   0x000000
          .idata___init.o      idata   0x0008fc       data   0x000000
         .udata_pow2x16.o      udata   0x0008fc       data   0x000000
         .idata_pow2x16.o      idata   0x0008fc       data   0x000000
          .udata_printf.o      udata   0x0008fc       data   0x000000
          .idata_printf.o      idata   0x0008fc       data   0x000000
            .udata_sqrt.o      udata   0x0008fc       data   0x000000
            .idata_sqrt.o      idata   0x0008fc       data   0x000000
        .udata_fxd1616u.o      udata   0x0008fc       data   0x000000
        .idata_fxd1616u.o      idata   0x0008fc       data   0x000000
        .udata_PackMath.o      udata   0x0008fc       data   0x000000
        .idata_PackMath.o      idata   0x0008fc       data   0x000000
           .idata_errno.o      idata   0x0008fc       data   0x000000
           .udata_ldexp.o      udata   0x0008fc       data   0x000000
           .idata_ldexp.o      idata   0x0008fc       data   0x000000
          .udata_stdout.o      udata   0x0008fc       data   0x000000
        .udata_vfprintf.o      udata   0x0008fc       data   0x000000
        .idata_vfprintf.o      idata   0x0008fc       data   0x000000
            .udata_putc.o      udata   0x0008fc       data   0x000000
            .idata_putc.o      idata   0x0008fc       data   0x000000
 .udata_usb_descriptors.o      udata   0x0008fc       data   0x000000
.idata_usb_function_cdc.o      idata   0x0008fc       data   0x000000
        .idata_RCServo2.o      idata   0x0008fc       data   0x000000
           .idata_c018i.o      idata   0x0008fc       data   0x000000
            .idata_main.o      idata   0x0008fc       data   0x000000
      .idata_usb_device.o      idata   0x0008fc       data   0x000000
                    FIFO2      udata   0x000900       data   0x0000fa
                    FIFO3      udata   0x000a00       data   0x000096
             .udata_UBW.o      udata   0x000a96       data   0x00003d
             .udata_ebb.o      udata   0x000ad3       data   0x000021
           .udata_c018i.o      udata   0x000af4       data   0x00000a
           .udata_errno.o      udata   0x000afe       data   0x000002
                    FIFO4      udata   0x000b00       data   0x0000fa
                    FIFO5      udata   0x000c00       data   0x00004b
.udata_usb_function_cdc.o      udata   0x000c4b       data   0x0000a8
             .idata_ebb.o      idata   0x000cf3       data   0x00000d
                   .stack      udata   0x000d00       data   0x000100
        .udata_RCServo2.o      udata   0x000e00       data   0x0000b7
              SFR_BANKED0      udata   0x000ec6       data   0x00000e
              SFR_BANKED1      udata   0x000ed7       data   0x000008
              SFR_BANKED2      udata   0x000ee7       data   0x000004
              SFR_BANKED3      udata   0x000eec       data   0x000003
              SFR_BANKED4      udata   0x000ef2       data   0x000002
              SFR_BANKED5      udata   0x000ef6       data   0x000002
              SFR_BANKED6      udata   0x000efb       data   0x000005
              SFR_BANKED7      udata   0x000f26       data   0x000014
              SFR_BANKED8      udata   0x000f3c       data   0x000007
              SFR_BANKED9      udata   0x000f48       data   0x000008
             SFR_BANKED10      udata   0x000f52       data   0x00000e
            SFR_UNBANKED0      udata   0x000f60       data   0x0000a0



                              Program Memory Usage 
                               Start         End      
                           ---------   ---------      
                            0x001000    0x001005      
                            0x001008    0x00100d      
                            0x001018    0x00101d      
                            0x00102a    0x00a5d4      
                            0x00a5d6    0x00a69e      
                            0x00a6a0    0x00a74a      
                            0x00a74c    0x00a8c3      
            39081 out of 63498 program addresses used, program memory utilization is 61%



                              Symbols - Sorted by Name
                     Name    Address   Location    Storage File                     
                ---------  ---------  ---------  --------- ---------                
          AnalogConfigure   0x00527e    program     extern C:\Projects\EggBot-GH\EBB_firmware\app.X\source\UBW.c
           BlinkUSBStatus   0x00628c    program     extern C:\Projects\EggBot-GH\EBB_firmware\app.X\source\UBW.c
                CDCInitEP   0x00938c    program     extern C:\Projects\EggBot-GH\EBB_firmware\Microchip\USB\CDC Device Driver\usb_function_cdc.c
             CDCTxService   0x00952e    program     extern C:\Projects\EggBot-GH\EBB_firmware\Microchip\USB\CDC Device Driver\usb_function_cdc.c
                   D1616S   0x008d6e    program     static E:\c18v3.46\pic18-lt\cxx-framework\src\traditional\math\fxd1616s.asm
                D1616SNEG   0x008d7c    program     static E:\c18v3.46\pic18-lt\cxx-framework\src\traditional\math\fxd1616s.asm
                 D1616SOK   0x008d78    program     static E:\c18v3.46\pic18-lt\cxx-framework\src\traditional\math\fxd1616s.asm
                  D1616SX   0x008d8e    program     static E:\c18v3.46\pic18-lt\cxx-framework\src\traditional\math\fxd1616s.asm
                  DA1616S   0x008d5e    program     static E:\c18v3.46\pic18-lt\cxx-framework\src\traditional\math\fxd1616s.asm
                 EBB_Init   0x0018c2    program     extern C:\Projects\EggBot-GH\EBB_firmware\app.X\source\ebb.c
               EraseFlash   0x00a130    program     extern E:\c18v3.46\pic18-lt\cxx-framework\src\pmc_common\Flash\EraseFlash.c
                  FIFOInc   0x001bc6    program     extern C:\Projects\EggBot-GH\EBB_firmware\app.X\source\ebb.c
                 FLO1632S   0x0088c8    program     extern E:\c18v3.46\pic18-lt\cxx-framework\src\traditional\math\cast16FP.asm
                 FLO1632U   0x0088c4    program     extern E:\c18v3.46\pic18-lt\cxx-framework\src\traditional\math\cast16FP.asm
                 FLO3232S   0x0088f2    program     extern E:\c18v3.46\pic18-lt\cxx-framework\src\traditional\math\cast32FP.asm
                 FLO3232U   0x0088ee    program     extern E:\c18v3.46\pic18-lt\cxx-framework\src\traditional\math\cast32FP.asm
                    FPA32   0x008aa6    program     extern E:\c18v3.46\pic18-lt\cxx-framework\src\traditional\math\addFP.asm
                    FPD32   0x008924    program     extern E:\c18v3.46\pic18-lt\cxx-framework\src\traditional\math\divFP.asm
                    FPM32   0x0089ca    program     extern E:\c18v3.46\pic18-lt\cxx-framework\src\traditional\math\mulFP.asm
                    FPS32   0x008aa4    program     extern E:\c18v3.46\pic18-lt\cxx-framework\src\traditional\math\addFP.asm
                 FXD1616S   0x008d4c    program     extern E:\c18v3.46\pic18-lt\cxx-framework\src\traditional\math\fxd1616s.asm
                 FXD1616U   0x00a6a0    program     extern E:\c18v3.46\pic18-lt\cxx-framework\src\traditional\math\fxd1616u.c
                 FXD3232U   0x00a622    program     extern E:\c18v3.46\pic18-lt\cxx-framework\src\traditional\math\fxd3232u.c
                 FXM1616S   0x008e54    program     extern E:\c18v3.46\pic18-lt\cxx-framework\src\traditional\math\fxm1616s.asm
                  FXM3232   0x00a50e    program     extern E:\c18v3.46\pic18-lt\cxx-framework\src\traditional\math\fxm3232.c
                  INT3232   0x008bd2    program     extern E:\c18v3.46\pic18-lt\cxx-framework\src\traditional\math\castFP32.asm
         InitializeSystem   0x009c86    program     static C:\Projects\EggBot-GH\EBB_firmware\app.X\source\main.c
                LongDelay   0x005a58    program     extern C:\Projects\EggBot-GH\EBB_firmware\app.X\source\UBW.c
                ProcessIO   0x0047c8    program     extern C:\Projects\EggBot-GH\EBB_firmware\app.X\source\UBW.c
            RCServo2_Init   0x0096ec    program     extern C:\Projects\EggBot-GH\EBB_firmware\app.X\source\RCServo2.c
            RCServo2_Move   0x009886    program     extern C:\Projects\EggBot-GH\EBB_firmware\app.X\source\RCServo2.c
      RCServo2_S2_command   0x0097dc    program     extern C:\Projects\EggBot-GH\EBB_firmware\app.X\source\RCServo2.c
RCServo2_get_channel_from_RPn   0x00979e    program     extern C:\Projects\EggBot-GH\EBB_firmware\app.X\source\RCServo2.c
                ReadFlash   0x00a3f8    program     extern E:\c18v3.46\pic18-lt\cxx-framework\src\pmc_common\Flash\ReadFlash.c
        Remapped_High_ISR   0x001008    program     extern C:\Projects\EggBot-GH\EBB_firmware\app.X\source\main.c
         Remapped_Low_ISR   0x001018    program     extern C:\Projects\EggBot-GH\EBB_firmware\app.X\source\main.c
         SetPinLATFromRPn   0x006368    program     extern C:\Projects\EggBot-GH\EBB_firmware\app.X\source\UBW.c
        SetPinTRISFromRPn   0x0063c4    program     extern C:\Projects\EggBot-GH\EBB_firmware\app.X\source\UBW.c
                  TALTB32   0x008d98    program     extern E:\c18v3.46\pic18-lt\cxx-framework\src\traditional\math\ltFP.asm
               TSIGN1616A   0x008ea0    program     static E:\c18v3.46\pic18-lt\cxx-framework\src\traditional\math\fxm1616s.asm
       USBCBCheckOtherReq   0x009cce    program     extern C:\Projects\EggBot-GH\EBB_firmware\app.X\source\main.c
        USBCBErrorHandler   0x009ccc    program     extern C:\Projects\EggBot-GH\EBB_firmware\app.X\source\main.c
              USBCBInitEP   0x009cd4    program     extern C:\Projects\EggBot-GH\EBB_firmware\app.X\source\main.c
          USBCBSendResume   0x009cd8    program     extern C:\Projects\EggBot-GH\EBB_firmware\app.X\source\main.c
    USBCBStdSetDscHandler   0x009cd2    program     extern C:\Projects\EggBot-GH\EBB_firmware\app.X\source\main.c
             USBCBSuspend   0x009cc6    program     extern C:\Projects\EggBot-GH\EBB_firmware\app.X\source\main.c
     USBCBWakeFromSuspend   0x009cc8    program     extern C:\Projects\EggBot-GH\EBB_firmware\app.X\source\main.c
        USBCB_SOF_Handler   0x009cca    program     extern C:\Projects\EggBot-GH\EBB_firmware\app.X\source\main.c
       USBCDCEventHandler   0x0093d6    program     extern C:\Projects\EggBot-GH\EBB_firmware\Microchip\USB\CDC Device Driver\usb_function_cdc.c
              USBCancelIO   0x006c46    program     extern C:\Projects\EggBot-GH\EBB_firmware\Microchip\USB\usb_device.c
       USBCheckCDCRequest   0x0092f0    program     extern C:\Projects\EggBot-GH\EBB_firmware\Microchip\USB\CDC Device Driver\usb_function_cdc.c
       USBCheckStdRequest   0x007276    program     static C:\Projects\EggBot-GH\EBB_firmware\Microchip\USB\usb_device.c
     USBConfigureEndpoint   0x006d16    program     static C:\Projects\EggBot-GH\EBB_firmware\Microchip\USB\usb_device.c
  USBCtrlEPAllowDataStage   0x006cd6    program     extern C:\Projects\EggBot-GH\EBB_firmware\Microchip\USB\usb_device.c
USBCtrlEPAllowStatusStage   0x006c80    program     extern C:\Projects\EggBot-GH\EBB_firmware\Microchip\USB\usb_device.c
         USBCtrlEPService   0x007114    program     static C:\Projects\EggBot-GH\EBB_firmware\Microchip\USB\usb_device.c
 USBCtrlEPServiceComplete   0x006d68    program     static C:\Projects\EggBot-GH\EBB_firmware\Microchip\USB\usb_device.c
      USBCtrlTrfInHandler   0x0071fe    program     static C:\Projects\EggBot-GH\EBB_firmware\Microchip\USB\usb_device.c
     USBCtrlTrfOutHandler   0x0071e0    program     static C:\Projects\EggBot-GH\EBB_firmware\Microchip\USB\usb_device.c
      USBCtrlTrfRxService   0x006e3e    program     static C:\Projects\EggBot-GH\EBB_firmware\Microchip\USB\usb_device.c
   USBCtrlTrfSetupHandler   0x0071a0    program     static C:\Projects\EggBot-GH\EBB_firmware\Microchip\USB\usb_device.c
      USBCtrlTrfTxService   0x006dc2    program     static C:\Projects\EggBot-GH\EBB_firmware\Microchip\USB\usb_device.c
            USBDeviceInit   0x00690e    program     extern C:\Projects\EggBot-GH\EBB_firmware\Microchip\USB\usb_device.c
           USBDeviceTasks   0x0069e2    program     extern C:\Projects\EggBot-GH\EBB_firmware\Microchip\USB\usb_device.c
        USBEnableEndpoint   0x006b5e    program     extern C:\Projects\EggBot-GH\EBB_firmware\Microchip\USB\usb_device.c
         USBStallEndpoint   0x006c1e    program     extern C:\Projects\EggBot-GH\EBB_firmware\Microchip\USB\usb_device.c
          USBStallHandler   0x0070ae    program     static C:\Projects\EggBot-GH\EBB_firmware\Microchip\USB\usb_device.c
  USBStdFeatureReqHandler   0x007328    program     static C:\Projects\EggBot-GH\EBB_firmware\Microchip\USB\usb_device.c
      USBStdGetDscHandler   0x006f9c    program     static C:\Projects\EggBot-GH\EBB_firmware\Microchip\USB\usb_device.c
   USBStdGetStatusHandler   0x007042    program     static C:\Projects\EggBot-GH\EBB_firmware\Microchip\USB\usb_device.c
      USBStdSetCfgHandler   0x006efe    program     static C:\Projects\EggBot-GH\EBB_firmware\Microchip\USB\usb_device.c
               USBSuspend   0x0070d0    program     static C:\Projects\EggBot-GH\EBB_firmware\Microchip\USB\usb_device.c
     USBTransferOnePacket   0x006b9c    program     extern C:\Projects\EggBot-GH\EBB_firmware\Microchip\USB\usb_device.c
       USBWakeFromSuspend   0x0070f0    program     static C:\Projects\EggBot-GH\EBB_firmware\Microchip\USB\usb_device.c
               USB_CD_Ptr   0x00a5d3    program     extern C:\Projects\EggBot-GH\EBB_firmware\app.X\source\usb_descriptors.c
USER_USB_CALLBACK_EVENT_HANDLER   0x009d1c    program     extern C:\Projects\EggBot-GH\EBB_firmware\app.X\source\main.c
                 UserInit   0x004634    program     extern C:\Projects\EggBot-GH\EBB_firmware\app.X\source\UBW.c
         WaitForEmptyFIFO   0x001bbe    program     extern C:\Projects\EggBot-GH\EBB_firmware\app.X\source\ebb.c
        WaitForRoomInFIFO   0x001bb4    program     extern C:\Projects\EggBot-GH\EBB_firmware\app.X\source\ebb.c
          WriteBytesFlash   0x009a9c    program     extern E:\c18v3.46\pic18-lt\cxx-framework\src\pmc_common\Flash\WriteBytesFlash.c
              _2jContinue   0x00a2e6    program     static E:\c18v3.46\pic18-lt\cxx-framework\src\traditional\stdclib\memset.asm
                   _2jEnd   0x00a34a    program     static E:\c18v3.46\pic18-lt\cxx-framework\src\traditional\stdclib\slenpgm.asm
                   _3jEnd   0x00a2f0    program     static E:\c18v3.46\pic18-lt\cxx-framework\src\traditional\stdclib\memset.asm
                _PackMath   0x00a016    program     extern E:\c18v3.46\pic18-lt\cxx-framework\src\traditional\stdclib\PackMath.c
                _UnpkMath   0x009efa    program     extern E:\c18v3.46\pic18-lt\cxx-framework\src\traditional\stdclib\UnpkMath.c
              __FpCompare   0x008daa    program     extern E:\c18v3.46\pic18-lt\cxx-framework\src\traditional\math\compFP.asm
                 __FpExit   0x008c4c    program     extern E:\c18v3.46\pic18-lt\cxx-framework\src\traditional\math\packFP.asm
                 __FpPack   0x008c78    program     extern E:\c18v3.46\pic18-lt\cxx-framework\src\traditional\math\packFP.asm
            __FpReturnNaN   0x008c40    program     extern E:\c18v3.46\pic18-lt\cxx-framework\src\traditional\math\packFP.asm
         __FpReturnNegInf   0x008c52    program     extern E:\c18v3.46\pic18-lt\cxx-framework\src\traditional\math\packFP.asm
        __FpReturnNegZero   0x008c6a    program     extern E:\c18v3.46\pic18-lt\cxx-framework\src\traditional\math\packFP.asm
         __FpReturnPosInf   0x008c58    program     extern E:\c18v3.46\pic18-lt\cxx-framework\src\traditional\math\packFP.asm
        __FpReturnPosZero   0x008c72    program     extern E:\c18v3.46\pic18-lt\cxx-framework\src\traditional\math\packFP.asm
        __FpReturnSignInf   0x008c4e    program     extern E:\c18v3.46\pic18-lt\cxx-framework\src\traditional\math\packFP.asm
       __FpReturnSignZero   0x008c66    program     extern E:\c18v3.46\pic18-lt\cxx-framework\src\traditional\math\packFP.asm
              __FpReturnW   0x008cd0    program     extern E:\c18v3.46\pic18-lt\cxx-framework\src\traditional\math\packFP.asm
              __FpUnPackA   0x008cf0    program     extern E:\c18v3.46\pic18-lt\cxx-framework\src\traditional\math\UnpackFP.asm
              __FpUnPackB   0x008d20    program     extern E:\c18v3.46\pic18-lt\cxx-framework\src\traditional\math\UnpackFP.asm
         ___else_lbl00002   0x001126    program     static                          
         ___else_lbl00007   0x00120e    program     static                          
         ___else_lbl00009   0x001228    program     static                          
         ___else_lbl00011   0x00124a    program     static                          
         ___else_lbl00013   0x001264    program     static                          
         ___else_lbl00016   0x00122c    program     static                          
         ___else_lbl00018   0x001360    program     static                          
         ___else_lbl00022   0x0014b6    program     static                          
         ___else_lbl00031   0x00152c    program     static                          
         ___else_lbl00034   0x001580    program     static                          
         ___else_lbl00039   0x001646    program     static                          
         ___else_lbl00044   0x001780    program     static                          
         ___else_lbl00047   0x001818    program     static                          
         ___else_lbl00050   0x001794    program     static                          
         ___else_lbl00052   0x00158c    program     static                          
         ___else_lbl00058   0x001888    program     static                          
          ___for_lbl00065   0x001ab6    program     static                          
          ___for_lbl00066   0x001aba    program     static                          
          ___for_lbl00067   0x0018d6    program     static                          
          ___for_lbl00384   0x005a82    program     static                          
          ___for_lbl00385   0x005a86    program     static                          
          ___for_lbl00388   0x005a6c    program     static                          
           ___if_lbl00001   0x001146    program     static                          
           ___if_lbl00003   0x001146    program     static                          
           ___if_lbl00004   0x00117a    program     static                          
           ___if_lbl00005   0x009be4    program     static                          
           ___if_lbl00006   0x009c06    program     static                          
           ___if_lbl00006   0x001210    program     static                          
           ___if_lbl00007   0x009c1e    program     static                          
           ___if_lbl00008   0x00122a    program     static                          
           ___if_lbl00010   0x00124c    program     static                          
           ___if_lbl00012   0x001266    program     static                          
           ___if_lbl00014   0x001266    program     static                          
           ___if_lbl00015   0x001266    program     static                          
           ___if_lbl00017   0x00136c    program     static                          
           ___if_lbl00019   0x00136c    program     static                          
           ___if_lbl00020   0x0013bc    program     static                          
           ___if_lbl00021   0x0014c2    program     static                          
           ___if_lbl00023   0x0014c2    program     static                          
           ___if_lbl00024   0x001512    program     static                          
           ___if_lbl00025   0x001524    program     static                          
           ___if_lbl00026   0x00152a    program     static                          
           ___if_lbl00027   0x001538    program     static                          
           ___if_lbl00028   0x00153e    program     static                          
           ___if_lbl00029   0x00153e    program     static                          
           ___if_lbl00030   0x00153e    program     static                          
           ___if_lbl00032   0x00158a    program     static                          
           ___if_lbl00033   0x00158a    program     static                          
           ___if_lbl00035   0x00158a    program     static                          
           ___if_lbl00036   0x00158a    program     static                          
           ___if_lbl00037   0x00172a    program     static                          
           ___if_lbl00038   0x00172a    program     static                          
           ___if_lbl00040   0x00172a    program     static                          
           ___if_lbl00041   0x00177e    program     static                          
           ___if_lbl00042   0x001792    program     static                          
           ___if_lbl00043   0x001792    program     static                          
           ___if_lbl00045   0x001792    program     static                          
           ___if_lbl00046   0x001820    program     static                          
           ___if_lbl00048   0x001826    program     static                          
           ___if_lbl00049   0x001826    program     static                          
           ___if_lbl00051   0x001826    program     static                          
           ___if_lbl00054   0x001886    program     static                          
           ___if_lbl00057   0x00188a    program     static                          
           ___if_lbl00059   0x00188a    program     static                          
           ___if_lbl00062   0x0018a2    program     static                          
           ___if_lbl00063   0x0018a2    program     static                          
       ___return_lbl00000   0x00a738    program     static                          
       ___return_lbl00000   0x00a6ca    program     static                          
       ___return_lbl00000   0x009c62    program     static                          
       ___return_lbl00000   0x001004    program     static                          
       ___return_lbl00000   0x0018a2    program     static                          
       ___return_lbl00000   0x00a668    program     static                          
       ___return_lbl00000   0x00a472    program     static                          
       ___return_lbl00000   0x00a57c    program     static                          
       ___return_lbl00000   0x00a706    program     static                          
       ___return_lbl00001   0x00a2c4    program     static                          
       ___return_lbl00001   0x00100c    program     static                          
       ___return_lbl00002   0x00101c    program     static                          
       ___return_lbl00064   0x001ba6    program     static                          
       ___return_lbl00383   0x005a86    program     static                          
       ___return_lbl00389   0x005aa2    program     static                          
       ___return_lbl00390   0x005ab0    program     static                          
        ___while_lbl00001   0x00a440    program     static                          
        ___while_lbl00001   0x009b86    program     static                          
        ___while_lbl00002   0x00a472    program     static                          
        ___while_lbl00002   0x009c62    program     static                          
        ___while_lbl00003   0x009baa    program     static                          
        ___while_lbl00004   0x009be6    program     static                          
        ___while_lbl00055   0x001888    program     static                          
        ___while_lbl00056   0x00188a    program     static                          
        ___while_lbl00386   0x005a74    program     static                          
        ___while_lbl00387   0x005a82    program     static                          
                   __init   0x00a74c    program     extern E:\c18v3.46\pic18-lt\cxx-framework\src\traditional\stdclib\__init.c
                   __pa_0   0x00a0de    program     static E:\c18v3.46\pic18-lt\cxx-framework\src\traditional\stdclib\PackMath.c
                   __pa_0   0x00a008    program     static E:\c18v3.46\pic18-lt\cxx-framework\src\traditional\stdclib\UnpkMath.c
                   __pa_0   0x009ef0    program     static E:\c18v3.46\pic18-lt\cxx-framework\src\traditional\stdclib\ldexp.c
                   __pa_0   0x00924c    program     static E:\c18v3.46\pic18-lt\cxx-framework\src\traditional\stdclib\sqrt.c
                   __pa_0   0x006420    program     static C:\Projects\EggBot-GH\EBB_firmware\app.X\source\UBW.c
                   __pa_0   0x007ff2    program     static E:\c18v3.46\pic18-lt\cxx-framework\src\traditional\stdclib\vfprintf.c
                   __pa_0   0x009a24    program     static C:\Projects\EggBot-GH\EBB_firmware\app.X\source\RCServo2.c
                   __pa_0   0x009610    program     static C:\Projects\EggBot-GH\EBB_firmware\Microchip\USB\CDC Device Driver\usb_function_cdc.c
                   __pa_0   0x00746a    program     static C:\Projects\EggBot-GH\EBB_firmware\Microchip\USB\usb_device.c
                   __pa_0   0x009da4    program     static C:\Projects\EggBot-GH\EBB_firmware\app.X\source\main.c
                   __pa_0   0x00a21a    program     static E:\c18v3.46\pic18-lt\cxx-framework\src\pmc_common\Flash\EraseFlash.c
                   __pa_0   0x00354e    program     static C:\Projects\EggBot-GH\EBB_firmware\app.X\source\ebb.c
                   __pa_1   0x009a36    program     static C:\Projects\EggBot-GH\EBB_firmware\app.X\source\RCServo2.c
                   __pa_1   0x007ffa    program     static E:\c18v3.46\pic18-lt\cxx-framework\src\traditional\stdclib\vfprintf.c
                   __pa_1   0x00a0ee    program     static E:\c18v3.46\pic18-lt\cxx-framework\src\traditional\stdclib\PackMath.c
                   __pa_1   0x007472    program     static C:\Projects\EggBot-GH\EBB_firmware\Microchip\USB\usb_device.c
                   __pa_1   0x009622    program     static C:\Projects\EggBot-GH\EBB_firmware\Microchip\USB\CDC Device Driver\usb_function_cdc.c
                   __pa_1   0x009256    program     static E:\c18v3.46\pic18-lt\cxx-framework\src\traditional\stdclib\sqrt.c
                   __pa_1   0x009db6    program     static C:\Projects\EggBot-GH\EBB_firmware\app.X\source\main.c
                   __pa_1   0x006432    program     static C:\Projects\EggBot-GH\EBB_firmware\app.X\source\UBW.c
                   __pa_1   0x003578    program     static C:\Projects\EggBot-GH\EBB_firmware\app.X\source\ebb.c
                  __pa_10   0x0096a8    program     static C:\Projects\EggBot-GH\EBB_firmware\Microchip\USB\CDC Device Driver\usb_function_cdc.c
                  __pa_10   0x0080ae    program     static E:\c18v3.46\pic18-lt\cxx-framework\src\traditional\stdclib\vfprintf.c
                  __pa_10   0x009a90    program     static C:\Projects\EggBot-GH\EBB_firmware\app.X\source\RCServo2.c
                  __pa_10   0x0074d0    program     static C:\Projects\EggBot-GH\EBB_firmware\Microchip\USB\usb_device.c
                  __pa_10   0x0035fa    program     static C:\Projects\EggBot-GH\EBB_firmware\app.X\source\ebb.c
                  __pa_10   0x006486    program     static C:\Projects\EggBot-GH\EBB_firmware\app.X\source\UBW.c
                 __pa_100   0x003caa    program     static C:\Projects\EggBot-GH\EBB_firmware\app.X\source\ebb.c
                 __pa_100   0x00688c    program     static C:\Projects\EggBot-GH\EBB_firmware\app.X\source\UBW.c
                 __pa_101   0x003cb8    program     static C:\Projects\EggBot-GH\EBB_firmware\app.X\source\ebb.c
                 __pa_101   0x00689c    program     static C:\Projects\EggBot-GH\EBB_firmware\app.X\source\UBW.c
                 __pa_102   0x003cc6    program     static C:\Projects\EggBot-GH\EBB_firmware\app.X\source\ebb.c
                 __pa_102   0x0068a8    program     static C:\Projects\EggBot-GH\EBB_firmware\app.X\source\UBW.c
                 __pa_103   0x0068b0    program     static C:\Projects\EggBot-GH\EBB_firmware\app.X\source\UBW.c
                 __pa_103   0x003cd4    program     static C:\Projects\EggBot-GH\EBB_firmware\app.X\source\ebb.c
                 __pa_104   0x003ce2    program     static C:\Projects\EggBot-GH\EBB_firmware\app.X\source\ebb.c
                 __pa_104   0x0068b8    program     static C:\Projects\EggBot-GH\EBB_firmware\app.X\source\UBW.c
                 __pa_105   0x0068c4    program     static C:\Projects\EggBot-GH\EBB_firmware\app.X\source\UBW.c
                 __pa_105   0x003ce6    program     static C:\Projects\EggBot-GH\EBB_firmware\app.X\source\ebb.c
                 __pa_106   0x003cf0    program     static C:\Projects\EggBot-GH\EBB_firmware\app.X\source\ebb.c
                 __pa_106   0x0068d0    program     static C:\Projects\EggBot-GH\EBB_firmware\app.X\source\UBW.c
                 __pa_107   0x0068d8    program     static C:\Projects\EggBot-GH\EBB_firmware\app.X\source\UBW.c
                 __pa_107   0x003cfa    program     static C:\Projects\EggBot-GH\EBB_firmware\app.X\source\ebb.c
                 __pa_108   0x0068e4    program     static C:\Projects\EggBot-GH\EBB_firmware\app.X\source\UBW.c
                 __pa_108   0x003d04    program     static C:\Projects\EggBot-GH\EBB_firmware\app.X\source\ebb.c
                 __pa_109   0x003d1c    program     static C:\Projects\EggBot-GH\EBB_firmware\app.X\source\ebb.c
                 __pa_109   0x0068ea    program     static C:\Projects\EggBot-GH\EBB_firmware\app.X\source\UBW.c
                  __pa_11   0x0074da    program     static C:\Projects\EggBot-GH\EBB_firmware\Microchip\USB\usb_device.c
                  __pa_11   0x003608    program     static C:\Projects\EggBot-GH\EBB_firmware\app.X\source\ebb.c
                  __pa_11   0x0080bc    program     static E:\c18v3.46\pic18-lt\cxx-framework\src\traditional\stdclib\vfprintf.c
                  __pa_11   0x006494    program     static C:\Projects\EggBot-GH\EBB_firmware\app.X\source\UBW.c
                  __pa_11   0x0096b6    program     static C:\Projects\EggBot-GH\EBB_firmware\Microchip\USB\CDC Device Driver\usb_function_cdc.c
                 __pa_110   0x003d26    program     static C:\Projects\EggBot-GH\EBB_firmware\app.X\source\ebb.c
                 __pa_110   0x0068f2    program     static C:\Projects\EggBot-GH\EBB_firmware\app.X\source\UBW.c
                 __pa_111   0x003d3e    program     static C:\Projects\EggBot-GH\EBB_firmware\app.X\source\ebb.c
                 __pa_111   0x0068f8    program     static C:\Projects\EggBot-GH\EBB_firmware\app.X\source\UBW.c
                 __pa_112   0x003d50    program     static C:\Projects\EggBot-GH\EBB_firmware\app.X\source\ebb.c
                 __pa_112   0x0068fe    program     static C:\Projects\EggBot-GH\EBB_firmware\app.X\source\UBW.c
                 __pa_113   0x003d58    program     static C:\Projects\EggBot-GH\EBB_firmware\app.X\source\ebb.c
                 __pa_113   0x006906    program     static C:\Projects\EggBot-GH\EBB_firmware\app.X\source\UBW.c
                 __pa_114   0x003d6e    program     static C:\Projects\EggBot-GH\EBB_firmware\app.X\source\ebb.c
                 __pa_115   0x003d84    program     static C:\Projects\EggBot-GH\EBB_firmware\app.X\source\ebb.c
                 __pa_116   0x003d8c    program     static C:\Projects\EggBot-GH\EBB_firmware\app.X\source\ebb.c
                 __pa_117   0x003d9e    program     static C:\Projects\EggBot-GH\EBB_firmware\app.X\source\ebb.c
                 __pa_118   0x003db0    program     static C:\Projects\EggBot-GH\EBB_firmware\app.X\source\ebb.c
                 __pa_119   0x003dbc    program     static C:\Projects\EggBot-GH\EBB_firmware\app.X\source\ebb.c
                  __pa_12   0x0096c0    program     static C:\Projects\EggBot-GH\EBB_firmware\Microchip\USB\CDC Device Driver\usb_function_cdc.c
                  __pa_12   0x0080d2    program     static E:\c18v3.46\pic18-lt\cxx-framework\src\traditional\stdclib\vfprintf.c
                  __pa_12   0x00360e    program     static C:\Projects\EggBot-GH\EBB_firmware\app.X\source\ebb.c
                  __pa_12   0x0074ee    program     static C:\Projects\EggBot-GH\EBB_firmware\Microchip\USB\usb_device.c
                  __pa_12   0x00649e    program     static C:\Projects\EggBot-GH\EBB_firmware\app.X\source\UBW.c
                 __pa_120   0x003dca    program     static C:\Projects\EggBot-GH\EBB_firmware\app.X\source\ebb.c
                 __pa_121   0x003de6    program     static C:\Projects\EggBot-GH\EBB_firmware\app.X\source\ebb.c
                 __pa_122   0x003df2    program     static C:\Projects\EggBot-GH\EBB_firmware\app.X\source\ebb.c
                 __pa_123   0x003e04    program     static C:\Projects\EggBot-GH\EBB_firmware\app.X\source\ebb.c
                 __pa_124   0x003e16    program     static C:\Projects\EggBot-GH\EBB_firmware\app.X\source\ebb.c
                 __pa_125   0x003e28    program     static C:\Projects\EggBot-GH\EBB_firmware\app.X\source\ebb.c
                 __pa_126   0x003e34    program     static C:\Projects\EggBot-GH\EBB_firmware\app.X\source\ebb.c
                 __pa_127   0x003e3c    program     static C:\Projects\EggBot-GH\EBB_firmware\app.X\source\ebb.c
                 __pa_128   0x003e46    program     static C:\Projects\EggBot-GH\EBB_firmware\app.X\source\ebb.c
                 __pa_129   0x003e50    program     static C:\Projects\EggBot-GH\EBB_firmware\app.X\source\ebb.c
                  __pa_13   0x003626    program     static C:\Projects\EggBot-GH\EBB_firmware\app.X\source\ebb.c
                  __pa_13   0x007502    program     static C:\Projects\EggBot-GH\EBB_firmware\Microchip\USB\usb_device.c
                  __pa_13   0x0080ec    program     static E:\c18v3.46\pic18-lt\cxx-framework\src\traditional\stdclib\vfprintf.c
                  __pa_13   0x0096d0    program     static C:\Projects\EggBot-GH\EBB_firmware\Microchip\USB\CDC Device Driver\usb_function_cdc.c
                  __pa_13   0x0064a6    program     static C:\Projects\EggBot-GH\EBB_firmware\app.X\source\UBW.c
                 __pa_130   0x003e5a    program     static C:\Projects\EggBot-GH\EBB_firmware\app.X\source\ebb.c
                 __pa_131   0x003e70    program     static C:\Projects\EggBot-GH\EBB_firmware\app.X\source\ebb.c
                 __pa_132   0x003e8a    program     static C:\Projects\EggBot-GH\EBB_firmware\app.X\source\ebb.c
                 __pa_133   0x003ea2    program     static C:\Projects\EggBot-GH\EBB_firmware\app.X\source\ebb.c
                 __pa_134   0x003eba    program     static C:\Projects\EggBot-GH\EBB_firmware\app.X\source\ebb.c
                 __pa_135   0x003ec2    program     static C:\Projects\EggBot-GH\EBB_firmware\app.X\source\ebb.c
                 __pa_136   0x003ece    program     static C:\Projects\EggBot-GH\EBB_firmware\app.X\source\ebb.c
                 __pa_137   0x003ed6    program     static C:\Projects\EggBot-GH\EBB_firmware\app.X\source\ebb.c
                 __pa_138   0x003ede    program     static C:\Projects\EggBot-GH\EBB_firmware\app.X\source\ebb.c
                 __pa_139   0x003ef4    program     static C:\Projects\EggBot-GH\EBB_firmware\app.X\source\ebb.c
                  __pa_14   0x007510    program     static C:\Projects\EggBot-GH\EBB_firmware\Microchip\USB\usb_device.c
                  __pa_14   0x0064ae    program     static C:\Projects\EggBot-GH\EBB_firmware\app.X\source\UBW.c
                  __pa_14   0x0096de    program     static C:\Projects\EggBot-GH\EBB_firmware\Microchip\USB\CDC Device Driver\usb_function_cdc.c
                  __pa_14   0x008104    program     static E:\c18v3.46\pic18-lt\cxx-framework\src\traditional\stdclib\vfprintf.c
                  __pa_14   0x003632    program     static C:\Projects\EggBot-GH\EBB_firmware\app.X\source\ebb.c
                 __pa_140   0x003f0a    program     static C:\Projects\EggBot-GH\EBB_firmware\app.X\source\ebb.c
                 __pa_141   0x003f14    program     static C:\Projects\EggBot-GH\EBB_firmware\app.X\source\ebb.c
                 __pa_142   0x003f22    program     static C:\Projects\EggBot-GH\EBB_firmware\app.X\source\ebb.c
                 __pa_143   0x003f2e    program     static C:\Projects\EggBot-GH\EBB_firmware\app.X\source\ebb.c
                 __pa_144   0x003f3a    program     static C:\Projects\EggBot-GH\EBB_firmware\app.X\source\ebb.c
                 __pa_145   0x003f46    program     static C:\Projects\EggBot-GH\EBB_firmware\app.X\source\ebb.c
                 __pa_146   0x003f4e    program     static C:\Projects\EggBot-GH\EBB_firmware\app.X\source\ebb.c
                 __pa_147   0x003f56    program     static C:\Projects\EggBot-GH\EBB_firmware\app.X\source\ebb.c
                 __pa_148   0x003f6a    program     static C:\Projects\EggBot-GH\EBB_firmware\app.X\source\ebb.c
                 __pa_149   0x003f7c    program     static C:\Projects\EggBot-GH\EBB_firmware\app.X\source\ebb.c
                  __pa_15   0x00363a    program     static C:\Projects\EggBot-GH\EBB_firmware\app.X\source\ebb.c
                  __pa_15   0x008114    program     static E:\c18v3.46\pic18-lt\cxx-framework\src\traditional\stdclib\vfprintf.c
                  __pa_15   0x0064ba    program     static C:\Projects\EggBot-GH\EBB_firmware\app.X\source\UBW.c
                  __pa_15   0x00751c    program     static C:\Projects\EggBot-GH\EBB_firmware\Microchip\USB\usb_device.c
                 __pa_150   0x003f8e    program     static C:\Projects\EggBot-GH\EBB_firmware\app.X\source\ebb.c
                 __pa_151   0x003fa0    program     static C:\Projects\EggBot-GH\EBB_firmware\app.X\source\ebb.c
                 __pa_152   0x003fac    program     static C:\Projects\EggBot-GH\EBB_firmware\app.X\source\ebb.c
                 __pa_153   0x003fba    program     static C:\Projects\EggBot-GH\EBB_firmware\app.X\source\ebb.c
                 __pa_154   0x003fc6    program     static C:\Projects\EggBot-GH\EBB_firmware\app.X\source\ebb.c
                 __pa_155   0x003fd0    program     static C:\Projects\EggBot-GH\EBB_firmware\app.X\source\ebb.c
                 __pa_156   0x003fdc    program     static C:\Projects\EggBot-GH\EBB_firmware\app.X\source\ebb.c
                 __pa_157   0x003fe6    program     static C:\Projects\EggBot-GH\EBB_firmware\app.X\source\ebb.c
                 __pa_158   0x003ff6    program     static C:\Projects\EggBot-GH\EBB_firmware\app.X\source\ebb.c
                 __pa_159   0x004004    program     static C:\Projects\EggBot-GH\EBB_firmware\app.X\source\ebb.c
                  __pa_16   0x0064c4    program     static C:\Projects\EggBot-GH\EBB_firmware\app.X\source\UBW.c
                  __pa_16   0x007536    program     static C:\Projects\EggBot-GH\EBB_firmware\Microchip\USB\usb_device.c
                  __pa_16   0x003646    program     static C:\Projects\EggBot-GH\EBB_firmware\app.X\source\ebb.c
                  __pa_16   0x00812a    program     static E:\c18v3.46\pic18-lt\cxx-framework\src\traditional\stdclib\vfprintf.c
                 __pa_160   0x004012    program     static C:\Projects\EggBot-GH\EBB_firmware\app.X\source\ebb.c
                 __pa_161   0x004020    program     static C:\Projects\EggBot-GH\EBB_firmware\app.X\source\ebb.c
                 __pa_162   0x00402a    program     static C:\Projects\EggBot-GH\EBB_firmware\app.X\source\ebb.c
                 __pa_163   0x004036    program     static C:\Projects\EggBot-GH\EBB_firmware\app.X\source\ebb.c
                 __pa_164   0x004042    program     static C:\Projects\EggBot-GH\EBB_firmware\app.X\source\ebb.c
                 __pa_165   0x004050    program     static C:\Projects\EggBot-GH\EBB_firmware\app.X\source\ebb.c
                 __pa_166   0x00405c    program     static C:\Projects\EggBot-GH\EBB_firmware\app.X\source\ebb.c
                 __pa_167   0x004064    program     static C:\Projects\EggBot-GH\EBB_firmware\app.X\source\ebb.c
                 __pa_168   0x00406a    program     static C:\Projects\EggBot-GH\EBB_firmware\app.X\source\ebb.c
                 __pa_169   0x004072    program     static C:\Projects\EggBot-GH\EBB_firmware\app.X\source\ebb.c
                  __pa_17   0x0064cc    program     static C:\Projects\EggBot-GH\EBB_firmware\app.X\source\UBW.c
                  __pa_17   0x003652    program     static C:\Projects\EggBot-GH\EBB_firmware\app.X\source\ebb.c
                  __pa_17   0x00813c    program     static E:\c18v3.46\pic18-lt\cxx-framework\src\traditional\stdclib\vfprintf.c
                  __pa_17   0x007542    program     static C:\Projects\EggBot-GH\EBB_firmware\Microchip\USB\usb_device.c
                 __pa_170   0x00407c    program     static C:\Projects\EggBot-GH\EBB_firmware\app.X\source\ebb.c
                 __pa_171   0x004086    program     static C:\Projects\EggBot-GH\EBB_firmware\app.X\source\ebb.c
                 __pa_172   0x004090    program     static C:\Projects\EggBot-GH\EBB_firmware\app.X\source\ebb.c
                 __pa_173   0x00409a    program     static C:\Projects\EggBot-GH\EBB_firmware\app.X\source\ebb.c
                 __pa_174   0x0040a4    program     static C:\Projects\EggBot-GH\EBB_firmware\app.X\source\ebb.c
                 __pa_175   0x0040b6    program     static C:\Projects\EggBot-GH\EBB_firmware\app.X\source\ebb.c
                 __pa_176   0x0040be    program     static C:\Projects\EggBot-GH\EBB_firmware\app.X\source\ebb.c
                 __pa_177   0x0040c6    program     static C:\Projects\EggBot-GH\EBB_firmware\app.X\source\ebb.c
                 __pa_178   0x0040d4    program     static C:\Projects\EggBot-GH\EBB_firmware\app.X\source\ebb.c
                 __pa_179   0x0040e4    program     static C:\Projects\EggBot-GH\EBB_firmware\app.X\source\ebb.c
                  __pa_18   0x0064de    program     static C:\Projects\EggBot-GH\EBB_firmware\app.X\source\UBW.c
                  __pa_18   0x003668    program     static C:\Projects\EggBot-GH\EBB_firmware\app.X\source\ebb.c
                  __pa_18   0x00814e    program     static E:\c18v3.46\pic18-lt\cxx-framework\src\traditional\stdclib\vfprintf.c
                  __pa_18   0x00754e    program     static C:\Projects\EggBot-GH\EBB_firmware\Microchip\USB\usb_device.c
                 __pa_180   0x0040f0    program     static C:\Projects\EggBot-GH\EBB_firmware\app.X\source\ebb.c
                 __pa_181   0x0040fc    program     static C:\Projects\EggBot-GH\EBB_firmware\app.X\source\ebb.c
                 __pa_182   0x004104    program     static C:\Projects\EggBot-GH\EBB_firmware\app.X\source\ebb.c
                 __pa_183   0x00410c    program     static C:\Projects\EggBot-GH\EBB_firmware\app.X\source\ebb.c
                 __pa_184   0x004118    program     static C:\Projects\EggBot-GH\EBB_firmware\app.X\source\ebb.c
                 __pa_185   0x004126    program     static C:\Projects\EggBot-GH\EBB_firmware\app.X\source\ebb.c
                 __pa_186   0x004134    program     static C:\Projects\EggBot-GH\EBB_firmware\app.X\source\ebb.c
                 __pa_187   0x00413e    program     static C:\Projects\EggBot-GH\EBB_firmware\app.X\source\ebb.c
                 __pa_188   0x004146    program     static C:\Projects\EggBot-GH\EBB_firmware\app.X\source\ebb.c
                 __pa_189   0x004154    program     static C:\Projects\EggBot-GH\EBB_firmware\app.X\source\ebb.c
                  __pa_19   0x00367c    program     static C:\Projects\EggBot-GH\EBB_firmware\app.X\source\ebb.c
                  __pa_19   0x008158    program     static E:\c18v3.46\pic18-lt\cxx-framework\src\traditional\stdclib\vfprintf.c
                  __pa_19   0x0064e4    program     static C:\Projects\EggBot-GH\EBB_firmware\app.X\source\UBW.c
                  __pa_19   0x007556    program     static C:\Projects\EggBot-GH\EBB_firmware\Microchip\USB\usb_device.c
                 __pa_190   0x00415c    program     static C:\Projects\EggBot-GH\EBB_firmware\app.X\source\ebb.c
                 __pa_191   0x004164    program     static C:\Projects\EggBot-GH\EBB_firmware\app.X\source\ebb.c
                 __pa_192   0x00416a    program     static C:\Projects\EggBot-GH\EBB_firmware\app.X\source\ebb.c
                 __pa_193   0x004172    program     static C:\Projects\EggBot-GH\EBB_firmware\app.X\source\ebb.c
                 __pa_194   0x004178    program     static C:\Projects\EggBot-GH\EBB_firmware\app.X\source\ebb.c
                   __pa_2   0x008004    program     static E:\c18v3.46\pic18-lt\cxx-framework\src\traditional\stdclib\vfprintf.c
                   __pa_2   0x007478    program     static C:\Projects\EggBot-GH\EBB_firmware\Microchip\USB\usb_device.c
                   __pa_2   0x009a40    program     static C:\Projects\EggBot-GH\EBB_firmware\app.X\source\RCServo2.c
                   __pa_2   0x00a0fc    program     static E:\c18v3.46\pic18-lt\cxx-framework\src\traditional\stdclib\PackMath.c
                   __pa_2   0x006438    program     static C:\Projects\EggBot-GH\EBB_firmware\app.X\source\UBW.c
                   __pa_2   0x00357e    program     static C:\Projects\EggBot-GH\EBB_firmware\app.X\source\ebb.c
                   __pa_2   0x009632    program     static C:\Projects\EggBot-GH\EBB_firmware\Microchip\USB\CDC Device Driver\usb_function_cdc.c
                   __pa_2   0x009270    program     static E:\c18v3.46\pic18-lt\cxx-framework\src\traditional\stdclib\sqrt.c
                  __pa_20   0x008168    program     static E:\c18v3.46\pic18-lt\cxx-framework\src\traditional\stdclib\vfprintf.c
                  __pa_20   0x00755e    program     static C:\Projects\EggBot-GH\EBB_firmware\Microchip\USB\usb_device.c
                  __pa_20   0x0064f0    program     static C:\Projects\EggBot-GH\EBB_firmware\app.X\source\UBW.c
                  __pa_20   0x003690    program     static C:\Projects\EggBot-GH\EBB_firmware\app.X\source\ebb.c
                  __pa_21   0x00756a    program     static C:\Projects\EggBot-GH\EBB_firmware\Microchip\USB\usb_device.c
                  __pa_21   0x0036d2    program     static C:\Projects\EggBot-GH\EBB_firmware\app.X\source\ebb.c
                  __pa_21   0x00650c    program     static C:\Projects\EggBot-GH\EBB_firmware\app.X\source\UBW.c
                  __pa_21   0x008178    program     static E:\c18v3.46\pic18-lt\cxx-framework\src\traditional\stdclib\vfprintf.c
                  __pa_22   0x00651a    program     static C:\Projects\EggBot-GH\EBB_firmware\app.X\source\UBW.c
                  __pa_22   0x00757a    program     static C:\Projects\EggBot-GH\EBB_firmware\Microchip\USB\usb_device.c
                  __pa_22   0x008188    program     static E:\c18v3.46\pic18-lt\cxx-framework\src\traditional\stdclib\vfprintf.c
                  __pa_22   0x0036e6    program     static C:\Projects\EggBot-GH\EBB_firmware\app.X\source\ebb.c
                  __pa_23   0x00758a    program     static C:\Projects\EggBot-GH\EBB_firmware\Microchip\USB\usb_device.c
                  __pa_23   0x008194    program     static E:\c18v3.46\pic18-lt\cxx-framework\src\traditional\stdclib\vfprintf.c
                  __pa_23   0x0036f8    program     static C:\Projects\EggBot-GH\EBB_firmware\app.X\source\ebb.c
                  __pa_23   0x006528    program     static C:\Projects\EggBot-GH\EBB_firmware\app.X\source\UBW.c
                  __pa_24   0x006536    program     static C:\Projects\EggBot-GH\EBB_firmware\app.X\source\UBW.c
                  __pa_24   0x0036fe    program     static C:\Projects\EggBot-GH\EBB_firmware\app.X\source\ebb.c
                  __pa_24   0x0081a2    program     static E:\c18v3.46\pic18-lt\cxx-framework\src\traditional\stdclib\vfprintf.c
                  __pa_24   0x007598    program     static C:\Projects\EggBot-GH\EBB_firmware\Microchip\USB\usb_device.c
                  __pa_25   0x0075a6    program     static C:\Projects\EggBot-GH\EBB_firmware\Microchip\USB\usb_device.c
                  __pa_25   0x003714    program     static C:\Projects\EggBot-GH\EBB_firmware\app.X\source\ebb.c
                  __pa_25   0x0081aa    program     static E:\c18v3.46\pic18-lt\cxx-framework\src\traditional\stdclib\vfprintf.c
                  __pa_25   0x006542    program     static C:\Projects\EggBot-GH\EBB_firmware\app.X\source\UBW.c
                  __pa_26   0x006548    program     static C:\Projects\EggBot-GH\EBB_firmware\app.X\source\UBW.c
                  __pa_26   0x0075b4    program     static C:\Projects\EggBot-GH\EBB_firmware\Microchip\USB\usb_device.c
                  __pa_26   0x0081b4    program     static E:\c18v3.46\pic18-lt\cxx-framework\src\traditional\stdclib\vfprintf.c
                  __pa_26   0x003728    program     static C:\Projects\EggBot-GH\EBB_firmware\app.X\source\ebb.c
                  __pa_27   0x0081be    program     static E:\c18v3.46\pic18-lt\cxx-framework\src\traditional\stdclib\vfprintf.c
                  __pa_27   0x0075be    program     static C:\Projects\EggBot-GH\EBB_firmware\Microchip\USB\usb_device.c
                  __pa_27   0x006552    program     static C:\Projects\EggBot-GH\EBB_firmware\app.X\source\UBW.c
                  __pa_27   0x003736    program     static C:\Projects\EggBot-GH\EBB_firmware\app.X\source\ebb.c
                  __pa_28   0x0075d6    program     static C:\Projects\EggBot-GH\EBB_firmware\Microchip\USB\usb_device.c
                  __pa_28   0x0081c6    program     static E:\c18v3.46\pic18-lt\cxx-framework\src\traditional\stdclib\vfprintf.c
                  __pa_28   0x00655c    program     static C:\Projects\EggBot-GH\EBB_firmware\app.X\source\UBW.c
                  __pa_28   0x003744    program     static C:\Projects\EggBot-GH\EBB_firmware\app.X\source\ebb.c
                  __pa_29   0x00374e    program     static C:\Projects\EggBot-GH\EBB_firmware\app.X\source\ebb.c
                  __pa_29   0x006564    program     static C:\Projects\EggBot-GH\EBB_firmware\app.X\source\UBW.c
                  __pa_29   0x0081d4    program     static E:\c18v3.46\pic18-lt\cxx-framework\src\traditional\stdclib\vfprintf.c
                  __pa_29   0x0075e2    program     static C:\Projects\EggBot-GH\EBB_firmware\Microchip\USB\usb_device.c
                   __pa_3   0x00358c    program     static C:\Projects\EggBot-GH\EBB_firmware\app.X\source\ebb.c
                   __pa_3   0x006444    program     static C:\Projects\EggBot-GH\EBB_firmware\app.X\source\UBW.c
                   __pa_3   0x00928a    program     static E:\c18v3.46\pic18-lt\cxx-framework\src\traditional\stdclib\sqrt.c
                   __pa_3   0x00a106    program     static E:\c18v3.46\pic18-lt\cxx-framework\src\traditional\stdclib\PackMath.c
                   __pa_3   0x009a46    program     static C:\Projects\EggBot-GH\EBB_firmware\app.X\source\RCServo2.c
                   __pa_3   0x00747c    program     static C:\Projects\EggBot-GH\EBB_firmware\Microchip\USB\usb_device.c
                   __pa_3   0x00800e    program     static E:\c18v3.46\pic18-lt\cxx-framework\src\traditional\stdclib\vfprintf.c
                   __pa_3   0x00963e    program     static C:\Projects\EggBot-GH\EBB_firmware\Microchip\USB\CDC Device Driver\usb_function_cdc.c
                  __pa_30   0x00656a    program     static C:\Projects\EggBot-GH\EBB_firmware\app.X\source\UBW.c
                  __pa_30   0x003764    program     static C:\Projects\EggBot-GH\EBB_firmware\app.X\source\ebb.c
                  __pa_30   0x0081f0    program     static E:\c18v3.46\pic18-lt\cxx-framework\src\traditional\stdclib\vfprintf.c
                  __pa_30   0x0075f6    program     static C:\Projects\EggBot-GH\EBB_firmware\Microchip\USB\usb_device.c
                  __pa_31   0x00377a    program     static C:\Projects\EggBot-GH\EBB_firmware\app.X\source\ebb.c
                  __pa_31   0x007602    program     static C:\Projects\EggBot-GH\EBB_firmware\Microchip\USB\usb_device.c
                  __pa_31   0x006578    program     static C:\Projects\EggBot-GH\EBB_firmware\app.X\source\UBW.c
                  __pa_31   0x00820a    program     static E:\c18v3.46\pic18-lt\cxx-framework\src\traditional\stdclib\vfprintf.c
                  __pa_32   0x003794    program     static C:\Projects\EggBot-GH\EBB_firmware\app.X\source\ebb.c
                  __pa_32   0x006586    program     static C:\Projects\EggBot-GH\EBB_firmware\app.X\source\UBW.c
                  __pa_32   0x007614    program     static C:\Projects\EggBot-GH\EBB_firmware\Microchip\USB\usb_device.c
                  __pa_32   0x008224    program     static E:\c18v3.46\pic18-lt\cxx-framework\src\traditional\stdclib\vfprintf.c
                  __pa_33   0x0037ae    program     static C:\Projects\EggBot-GH\EBB_firmware\app.X\source\ebb.c
                  __pa_33   0x00658e    program     static C:\Projects\EggBot-GH\EBB_firmware\app.X\source\UBW.c
                  __pa_33   0x007622    program     static C:\Projects\EggBot-GH\EBB_firmware\Microchip\USB\usb_device.c
                  __pa_33   0x00823c    program     static E:\c18v3.46\pic18-lt\cxx-framework\src\traditional\stdclib\vfprintf.c
                  __pa_34   0x0065aa    program     static C:\Projects\EggBot-GH\EBB_firmware\app.X\source\UBW.c
                  __pa_34   0x008246    program     static E:\c18v3.46\pic18-lt\cxx-framework\src\traditional\stdclib\vfprintf.c
                  __pa_34   0x007634    program     static C:\Projects\EggBot-GH\EBB_firmware\Microchip\USB\usb_device.c
                  __pa_34   0x0037c8    program     static C:\Projects\EggBot-GH\EBB_firmware\app.X\source\ebb.c
                  __pa_35   0x00763e    program     static C:\Projects\EggBot-GH\EBB_firmware\Microchip\USB\usb_device.c
                  __pa_35   0x0065c6    program     static C:\Projects\EggBot-GH\EBB_firmware\app.X\source\UBW.c
                  __pa_35   0x008254    program     static E:\c18v3.46\pic18-lt\cxx-framework\src\traditional\stdclib\vfprintf.c
                  __pa_35   0x0037e4    program     static C:\Projects\EggBot-GH\EBB_firmware\app.X\source\ebb.c
                  __pa_36   0x0065e0    program     static C:\Projects\EggBot-GH\EBB_firmware\app.X\source\UBW.c
                  __pa_36   0x00825c    program     static E:\c18v3.46\pic18-lt\cxx-framework\src\traditional\stdclib\vfprintf.c
                  __pa_36   0x003800    program     static C:\Projects\EggBot-GH\EBB_firmware\app.X\source\ebb.c
                  __pa_36   0x007648    program     static C:\Projects\EggBot-GH\EBB_firmware\Microchip\USB\usb_device.c
                  __pa_37   0x0065ec    program     static C:\Projects\EggBot-GH\EBB_firmware\app.X\source\UBW.c
                  __pa_37   0x00380e    program     static C:\Projects\EggBot-GH\EBB_firmware\app.X\source\ebb.c
                  __pa_37   0x008266    program     static E:\c18v3.46\pic18-lt\cxx-framework\src\traditional\stdclib\vfprintf.c
                  __pa_37   0x00764e    program     static C:\Projects\EggBot-GH\EBB_firmware\Microchip\USB\usb_device.c
                  __pa_38   0x0065f6    program     static C:\Projects\EggBot-GH\EBB_firmware\app.X\source\UBW.c
                  __pa_38   0x00382a    program     static C:\Projects\EggBot-GH\EBB_firmware\app.X\source\ebb.c
                  __pa_38   0x008276    program     static E:\c18v3.46\pic18-lt\cxx-framework\src\traditional\stdclib\vfprintf.c
                  __pa_38   0x007656    program     static C:\Projects\EggBot-GH\EBB_firmware\Microchip\USB\usb_device.c
                  __pa_39   0x008284    program     static E:\c18v3.46\pic18-lt\cxx-framework\src\traditional\stdclib\vfprintf.c
                  __pa_39   0x00384a    program     static C:\Projects\EggBot-GH\EBB_firmware\app.X\source\ebb.c
                  __pa_39   0x00765c    program     static C:\Projects\EggBot-GH\EBB_firmware\Microchip\USB\usb_device.c
                  __pa_39   0x006602    program     static C:\Projects\EggBot-GH\EBB_firmware\app.X\source\UBW.c
                   __pa_4   0x006450    program     static C:\Projects\EggBot-GH\EBB_firmware\app.X\source\UBW.c
                   __pa_4   0x00359a    program     static C:\Projects\EggBot-GH\EBB_firmware\app.X\source\ebb.c
                   __pa_4   0x009650    program     static C:\Projects\EggBot-GH\EBB_firmware\Microchip\USB\CDC Device Driver\usb_function_cdc.c
                   __pa_4   0x00929c    program     static E:\c18v3.46\pic18-lt\cxx-framework\src\traditional\stdclib\sqrt.c
                   __pa_4   0x00a114    program     static E:\c18v3.46\pic18-lt\cxx-framework\src\traditional\stdclib\PackMath.c
                   __pa_4   0x008026    program     static E:\c18v3.46\pic18-lt\cxx-framework\src\traditional\stdclib\vfprintf.c
                   __pa_4   0x009a52    program     static C:\Projects\EggBot-GH\EBB_firmware\app.X\source\RCServo2.c
                   __pa_4   0x007486    program     static C:\Projects\EggBot-GH\EBB_firmware\Microchip\USB\usb_device.c
                  __pa_40   0x00660a    program     static C:\Projects\EggBot-GH\EBB_firmware\app.X\source\UBW.c
                  __pa_40   0x008290    program     static E:\c18v3.46\pic18-lt\cxx-framework\src\traditional\stdclib\vfprintf.c
                  __pa_40   0x003860    program     static C:\Projects\EggBot-GH\EBB_firmware\app.X\source\ebb.c
                  __pa_40   0x00766a    program     static C:\Projects\EggBot-GH\EBB_firmware\Microchip\USB\usb_device.c
                  __pa_41   0x006620    program     static C:\Projects\EggBot-GH\EBB_firmware\app.X\source\UBW.c
                  __pa_41   0x003872    program     static C:\Projects\EggBot-GH\EBB_firmware\app.X\source\ebb.c
                  __pa_41   0x00829c    program     static E:\c18v3.46\pic18-lt\cxx-framework\src\traditional\stdclib\vfprintf.c
                  __pa_41   0x007678    program     static C:\Projects\EggBot-GH\EBB_firmware\Microchip\USB\usb_device.c
                  __pa_42   0x00662e    program     static C:\Projects\EggBot-GH\EBB_firmware\app.X\source\UBW.c
                  __pa_42   0x0082a4    program     static E:\c18v3.46\pic18-lt\cxx-framework\src\traditional\stdclib\vfprintf.c
                  __pa_42   0x007682    program     static C:\Projects\EggBot-GH\EBB_firmware\Microchip\USB\usb_device.c
                  __pa_42   0x003878    program     static C:\Projects\EggBot-GH\EBB_firmware\app.X\source\ebb.c
                  __pa_43   0x0082ae    program     static E:\c18v3.46\pic18-lt\cxx-framework\src\traditional\stdclib\vfprintf.c
                  __pa_43   0x00768c    program     static C:\Projects\EggBot-GH\EBB_firmware\Microchip\USB\usb_device.c
                  __pa_43   0x006638    program     static C:\Projects\EggBot-GH\EBB_firmware\app.X\source\UBW.c
                  __pa_43   0x003896    program     static C:\Projects\EggBot-GH\EBB_firmware\app.X\source\ebb.c
                  __pa_44   0x007694    program     static C:\Projects\EggBot-GH\EBB_firmware\Microchip\USB\usb_device.c
                  __pa_44   0x0082b4    program     static E:\c18v3.46\pic18-lt\cxx-framework\src\traditional\stdclib\vfprintf.c
                  __pa_44   0x00664a    program     static C:\Projects\EggBot-GH\EBB_firmware\app.X\source\UBW.c
                  __pa_44   0x0038aa    program     static C:\Projects\EggBot-GH\EBB_firmware\app.X\source\ebb.c
                  __pa_45   0x0038c4    program     static C:\Projects\EggBot-GH\EBB_firmware\app.X\source\ebb.c
                  __pa_45   0x0082be    program     static E:\c18v3.46\pic18-lt\cxx-framework\src\traditional\stdclib\vfprintf.c
                  __pa_45   0x00665c    program     static C:\Projects\EggBot-GH\EBB_firmware\app.X\source\UBW.c
                  __pa_45   0x0076a0    program     static C:\Projects\EggBot-GH\EBB_firmware\Microchip\USB\usb_device.c
                  __pa_46   0x0082ca    program     static E:\c18v3.46\pic18-lt\cxx-framework\src\traditional\stdclib\vfprintf.c
                  __pa_46   0x0076aa    program     static C:\Projects\EggBot-GH\EBB_firmware\Microchip\USB\usb_device.c
                  __pa_46   0x006668    program     static C:\Projects\EggBot-GH\EBB_firmware\app.X\source\UBW.c
                  __pa_46   0x0038de    program     static C:\Projects\EggBot-GH\EBB_firmware\app.X\source\ebb.c
                  __pa_47   0x0038f8    program     static C:\Projects\EggBot-GH\EBB_firmware\app.X\source\ebb.c
                  __pa_47   0x006674    program     static C:\Projects\EggBot-GH\EBB_firmware\app.X\source\UBW.c
                  __pa_48   0x00667e    program     static C:\Projects\EggBot-GH\EBB_firmware\app.X\source\UBW.c
                  __pa_48   0x00390a    program     static C:\Projects\EggBot-GH\EBB_firmware\app.X\source\ebb.c
                  __pa_49   0x006688    program     static C:\Projects\EggBot-GH\EBB_firmware\app.X\source\UBW.c
                  __pa_49   0x003916    program     static C:\Projects\EggBot-GH\EBB_firmware\app.X\source\ebb.c
                   __pa_5   0x00966a    program     static C:\Projects\EggBot-GH\EBB_firmware\Microchip\USB\CDC Device Driver\usb_function_cdc.c
                   __pa_5   0x0092ae    program     static E:\c18v3.46\pic18-lt\cxx-framework\src\traditional\stdclib\sqrt.c
                   __pa_5   0x00803a    program     static E:\c18v3.46\pic18-lt\cxx-framework\src\traditional\stdclib\vfprintf.c
                   __pa_5   0x009a5e    program     static C:\Projects\EggBot-GH\EBB_firmware\app.X\source\RCServo2.c
                   __pa_5   0x007496    program     static C:\Projects\EggBot-GH\EBB_firmware\Microchip\USB\usb_device.c
                   __pa_5   0x006458    program     static C:\Projects\EggBot-GH\EBB_firmware\app.X\source\UBW.c
                   __pa_5   0x00a11c    program     static E:\c18v3.46\pic18-lt\cxx-framework\src\traditional\stdclib\PackMath.c
                   __pa_5   0x0035b2    program     static C:\Projects\EggBot-GH\EBB_firmware\app.X\source\ebb.c
                  __pa_50   0x003936    program     static C:\Projects\EggBot-GH\EBB_firmware\app.X\source\ebb.c
                  __pa_50   0x006692    program     static C:\Projects\EggBot-GH\EBB_firmware\app.X\source\UBW.c
                  __pa_51   0x00669e    program     static C:\Projects\EggBot-GH\EBB_firmware\app.X\source\UBW.c
                  __pa_51   0x00394c    program     static C:\Projects\EggBot-GH\EBB_firmware\app.X\source\ebb.c
                  __pa_52   0x0066aa    program     static C:\Projects\EggBot-GH\EBB_firmware\app.X\source\UBW.c
                  __pa_52   0x003956    program     static C:\Projects\EggBot-GH\EBB_firmware\app.X\source\ebb.c
                  __pa_53   0x0066b8    program     static C:\Projects\EggBot-GH\EBB_firmware\app.X\source\UBW.c
                  __pa_53   0x003972    program     static C:\Projects\EggBot-GH\EBB_firmware\app.X\source\ebb.c
                  __pa_54   0x00397e    program     static C:\Projects\EggBot-GH\EBB_firmware\app.X\source\ebb.c
                  __pa_54   0x0066c6    program     static C:\Projects\EggBot-GH\EBB_firmware\app.X\source\UBW.c
                  __pa_55   0x003988    program     static C:\Projects\EggBot-GH\EBB_firmware\app.X\source\ebb.c
                  __pa_55   0x0066d4    program     static C:\Projects\EggBot-GH\EBB_firmware\app.X\source\UBW.c
                  __pa_56   0x00399e    program     static C:\Projects\EggBot-GH\EBB_firmware\app.X\source\ebb.c
                  __pa_56   0x0066e2    program     static C:\Projects\EggBot-GH\EBB_firmware\app.X\source\UBW.c
                  __pa_57   0x0066f0    program     static C:\Projects\EggBot-GH\EBB_firmware\app.X\source\UBW.c
                  __pa_57   0x0039b8    program     static C:\Projects\EggBot-GH\EBB_firmware\app.X\source\ebb.c
                  __pa_58   0x0066fa    program     static C:\Projects\EggBot-GH\EBB_firmware\app.X\source\UBW.c
                  __pa_58   0x0039d6    program     static C:\Projects\EggBot-GH\EBB_firmware\app.X\source\ebb.c
                  __pa_59   0x006704    program     static C:\Projects\EggBot-GH\EBB_firmware\app.X\source\UBW.c
                  __pa_59   0x0039f4    program     static C:\Projects\EggBot-GH\EBB_firmware\app.X\source\ebb.c
                   __pa_6   0x0074a0    program     static C:\Projects\EggBot-GH\EBB_firmware\Microchip\USB\usb_device.c
                   __pa_6   0x009a6a    program     static C:\Projects\EggBot-GH\EBB_firmware\app.X\source\RCServo2.c
                   __pa_6   0x009678    program     static C:\Projects\EggBot-GH\EBB_firmware\Microchip\USB\CDC Device Driver\usb_function_cdc.c
                   __pa_6   0x00a124    program     static E:\c18v3.46\pic18-lt\cxx-framework\src\traditional\stdclib\PackMath.c
                   __pa_6   0x008056    program     static E:\c18v3.46\pic18-lt\cxx-framework\src\traditional\stdclib\vfprintf.c
                   __pa_6   0x0035c0    program     static C:\Projects\EggBot-GH\EBB_firmware\app.X\source\ebb.c
                   __pa_6   0x0092c0    program     static E:\c18v3.46\pic18-lt\cxx-framework\src\traditional\stdclib\sqrt.c
                   __pa_6   0x006462    program     static C:\Projects\EggBot-GH\EBB_firmware\app.X\source\UBW.c
                  __pa_60   0x003a0c    program     static C:\Projects\EggBot-GH\EBB_firmware\app.X\source\ebb.c
                  __pa_60   0x006710    program     static C:\Projects\EggBot-GH\EBB_firmware\app.X\source\UBW.c
                  __pa_61   0x003a14    program     static C:\Projects\EggBot-GH\EBB_firmware\app.X\source\ebb.c
                  __pa_61   0x006716    program     static C:\Projects\EggBot-GH\EBB_firmware\app.X\source\UBW.c
                  __pa_62   0x006720    program     static C:\Projects\EggBot-GH\EBB_firmware\app.X\source\UBW.c
                  __pa_62   0x003a24    program     static C:\Projects\EggBot-GH\EBB_firmware\app.X\source\ebb.c
                  __pa_63   0x003a36    program     static C:\Projects\EggBot-GH\EBB_firmware\app.X\source\ebb.c
                  __pa_63   0x006726    program     static C:\Projects\EggBot-GH\EBB_firmware\app.X\source\UBW.c
                  __pa_64   0x003a44    program     static C:\Projects\EggBot-GH\EBB_firmware\app.X\source\ebb.c
                  __pa_64   0x006730    program     static C:\Projects\EggBot-GH\EBB_firmware\app.X\source\UBW.c
                  __pa_65   0x003a52    program     static C:\Projects\EggBot-GH\EBB_firmware\app.X\source\ebb.c
                  __pa_65   0x006736    program     static C:\Projects\EggBot-GH\EBB_firmware\app.X\source\UBW.c
                  __pa_66   0x006740    program     static C:\Projects\EggBot-GH\EBB_firmware\app.X\source\UBW.c
                  __pa_66   0x003a5e    program     static C:\Projects\EggBot-GH\EBB_firmware\app.X\source\ebb.c
                  __pa_67   0x006748    program     static C:\Projects\EggBot-GH\EBB_firmware\app.X\source\UBW.c
                  __pa_67   0x003a6a    program     static C:\Projects\EggBot-GH\EBB_firmware\app.X\source\ebb.c
                  __pa_68   0x00674c    program     static C:\Projects\EggBot-GH\EBB_firmware\app.X\source\UBW.c
                  __pa_68   0x003a86    program     static C:\Projects\EggBot-GH\EBB_firmware\app.X\source\ebb.c
                  __pa_69   0x006756    program     static C:\Projects\EggBot-GH\EBB_firmware\app.X\source\UBW.c
                  __pa_69   0x003aa2    program     static C:\Projects\EggBot-GH\EBB_firmware\app.X\source\ebb.c
                   __pa_7   0x008060    program     static E:\c18v3.46\pic18-lt\cxx-framework\src\traditional\stdclib\vfprintf.c
                   __pa_7   0x00646c    program     static C:\Projects\EggBot-GH\EBB_firmware\app.X\source\UBW.c
                   __pa_7   0x009686    program     static C:\Projects\EggBot-GH\EBB_firmware\Microchip\USB\CDC Device Driver\usb_function_cdc.c
                   __pa_7   0x009a72    program     static C:\Projects\EggBot-GH\EBB_firmware\app.X\source\RCServo2.c
                   __pa_7   0x0074aa    program     static C:\Projects\EggBot-GH\EBB_firmware\Microchip\USB\usb_device.c
                   __pa_7   0x0092ce    program     static E:\c18v3.46\pic18-lt\cxx-framework\src\traditional\stdclib\sqrt.c
                   __pa_7   0x0035da    program     static C:\Projects\EggBot-GH\EBB_firmware\app.X\source\ebb.c
                  __pa_70   0x00675c    program     static C:\Projects\EggBot-GH\EBB_firmware\app.X\source\UBW.c
                  __pa_70   0x003abe    program     static C:\Projects\EggBot-GH\EBB_firmware\app.X\source\ebb.c
                  __pa_71   0x003ad4    program     static C:\Projects\EggBot-GH\EBB_firmware\app.X\source\ebb.c
                  __pa_71   0x006768    program     static C:\Projects\EggBot-GH\EBB_firmware\app.X\source\UBW.c
                  __pa_72   0x003ae0    program     static C:\Projects\EggBot-GH\EBB_firmware\app.X\source\ebb.c
                  __pa_72   0x006772    program     static C:\Projects\EggBot-GH\EBB_firmware\app.X\source\UBW.c
                  __pa_73   0x003afa    program     static C:\Projects\EggBot-GH\EBB_firmware\app.X\source\ebb.c
                  __pa_73   0x00677e    program     static C:\Projects\EggBot-GH\EBB_firmware\app.X\source\UBW.c
                  __pa_74   0x003b14    program     static C:\Projects\EggBot-GH\EBB_firmware\app.X\source\ebb.c
                  __pa_74   0x006786    program     static C:\Projects\EggBot-GH\EBB_firmware\app.X\source\UBW.c
                  __pa_75   0x003b2e    program     static C:\Projects\EggBot-GH\EBB_firmware\app.X\source\ebb.c
                  __pa_75   0x006792    program     static C:\Projects\EggBot-GH\EBB_firmware\app.X\source\UBW.c
                  __pa_76   0x003b48    program     static C:\Projects\EggBot-GH\EBB_firmware\app.X\source\ebb.c
                  __pa_76   0x00679c    program     static C:\Projects\EggBot-GH\EBB_firmware\app.X\source\UBW.c
                  __pa_77   0x003b62    program     static C:\Projects\EggBot-GH\EBB_firmware\app.X\source\ebb.c
                  __pa_77   0x0067a4    program     static C:\Projects\EggBot-GH\EBB_firmware\app.X\source\UBW.c
                  __pa_78   0x003b7c    program     static C:\Projects\EggBot-GH\EBB_firmware\app.X\source\ebb.c
                  __pa_78   0x0067b2    program     static C:\Projects\EggBot-GH\EBB_firmware\app.X\source\UBW.c
                  __pa_79   0x003b86    program     static C:\Projects\EggBot-GH\EBB_firmware\app.X\source\ebb.c
                  __pa_79   0x0067bc    program     static C:\Projects\EggBot-GH\EBB_firmware\app.X\source\UBW.c
[...]
                    RCSTA   0x000fac       data     extern E:\c18v3.46\pic18-lt\cxx-framework\src\traditional\proc\p18f46j50.asm
                   RCSTA1   0x000fac       data     extern E:\c18v3.46\pic18-lt\cxx-framework\src\traditional\proc\p18f46j50.asm
                RCSTAbits   0x000fac       data     extern E:\c18v3.46\pic18-lt\cxx-framework\src\traditional\proc\p18f46j50.asm
               RCSTA1bits   0x000fac       data     extern E:\c18v3.46\pic18-lt\cxx-framework\src\traditional\proc\p18f46j50.asm
                    TXSTA   0x000fad       data     extern E:\c18v3.46\pic18-lt\cxx-framework\src\traditional\proc\p18f46j50.asm
               TXSTA1bits   0x000fad       data     extern E:\c18v3.46\pic18-lt\cxx-framework\src\traditional\proc\p18f46j50.asm
                   TXSTA1   0x000fad       data     extern E:\c18v3.46\pic18-lt\cxx-framework\src\traditional\proc\p18f46j50.asm
                TXSTAbits   0x000fad       data     extern E:\c18v3.46\pic18-lt\cxx-framework\src\traditional\proc\p18f46j50.asm
                   TXREG1   0x000fae       data     extern E:\c18v3.46\pic18-lt\cxx-framework\src\traditional\proc\p18f46j50.asm
                    TXREG   0x000fae       data     extern E:\c18v3.46\pic18-lt\cxx-framework\src\traditional\proc\p18f46j50.asm
                    RCREG   0x000faf       data     extern E:\c18v3.46\pic18-lt\cxx-framework\src\traditional\proc\p18f46j50.asm
                   RCREG1   0x000faf       data     extern E:\c18v3.46\pic18-lt\cxx-framework\src\traditional\proc\p18f46j50.asm
                   SPBRG1   0x000fb0       data     extern E:\c18v3.46\pic18-lt\cxx-framework\src\traditional\proc\p18f46j50.asm
                    SPBRG   0x000fb0       data     extern E:\c18v3.46\pic18-lt\cxx-framework\src\traditional\proc\p18f46j50.asm
             CTMUICONbits   0x000fb1       data     extern E:\c18v3.46\pic18-lt\cxx-framework\src\traditional\proc\p18f46j50.asm
                 CTMUICON   0x000fb1       data     extern E:\c18v3.46\pic18-lt\cxx-framework\src\traditional\proc\p18f46j50.asm
             CTMUCONLbits   0x000fb2       data     extern E:\c18v3.46\pic18-lt\cxx-framework\src\traditional\proc\p18f46j50.asm
                 CTMUCONL   0x000fb2       data     extern E:\c18v3.46\pic18-lt\cxx-framework\src\traditional\proc\p18f46j50.asm
             CTMUCONHbits   0x000fb3       data     extern E:\c18v3.46\pic18-lt\cxx-framework\src\traditional\proc\p18f46j50.asm
                 CTMUCONH   0x000fb3       data     extern E:\c18v3.46\pic18-lt\cxx-framework\src\traditional\proc\p18f46j50.asm
                 ECCP2CON   0x000fb4       data     extern E:\c18v3.46\pic18-lt\cxx-framework\src\traditional\proc\p18f46j50.asm
             ECCP2CONbits   0x000fb4       data     extern E:\c18v3.46\pic18-lt\cxx-framework\src\traditional\proc\p18f46j50.asm
              CCP2CONbits   0x000fb4       data     extern E:\c18v3.46\pic18-lt\cxx-framework\src\traditional\proc\p18f46j50.asm
                  CCP2CON   0x000fb4       data     extern E:\c18v3.46\pic18-lt\cxx-framework\src\traditional\proc\p18f46j50.asm
                    CCPR2   0x000fb5       data     extern E:\c18v3.46\pic18-lt\cxx-framework\src\traditional\proc\p18f46j50.asm
                   CCPR2L   0x000fb5       data     extern E:\c18v3.46\pic18-lt\cxx-framework\src\traditional\proc\p18f46j50.asm
                   CCPR2H   0x000fb6       data     extern E:\c18v3.46\pic18-lt\cxx-framework\src\traditional\proc\p18f46j50.asm
             ECCP2DELbits   0x000fb7       data     extern E:\c18v3.46\pic18-lt\cxx-framework\src\traditional\proc\p18f46j50.asm
                 ECCP2DEL   0x000fb7       data     extern E:\c18v3.46\pic18-lt\cxx-framework\src\traditional\proc\p18f46j50.asm
                  PWM2CON   0x000fb7       data     extern E:\c18v3.46\pic18-lt\cxx-framework\src\traditional\proc\p18f46j50.asm
              PWM2CONbits   0x000fb7       data     extern E:\c18v3.46\pic18-lt\cxx-framework\src\traditional\proc\p18f46j50.asm
                  ECCP2AS   0x000fb8       data     extern E:\c18v3.46\pic18-lt\cxx-framework\src\traditional\proc\p18f46j50.asm
              ECCP2ASbits   0x000fb8       data     extern E:\c18v3.46\pic18-lt\cxx-framework\src\traditional\proc\p18f46j50.asm
                 PSTR2CON   0x000fb9       data     extern E:\c18v3.46\pic18-lt\cxx-framework\src\traditional\proc\p18f46j50.asm
             PSTR2CONbits   0x000fb9       data     extern E:\c18v3.46\pic18-lt\cxx-framework\src\traditional\proc\p18f46j50.asm
              CCP1CONbits   0x000fba       data     extern E:\c18v3.46\pic18-lt\cxx-framework\src\traditional\proc\p18f46j50.asm
                  CCP1CON   0x000fba       data     extern E:\c18v3.46\pic18-lt\cxx-framework\src\traditional\proc\p18f46j50.asm
             ECCP1CONbits   0x000fba       data     extern E:\c18v3.46\pic18-lt\cxx-framework\src\traditional\proc\p18f46j50.asm
                 ECCP1CON   0x000fba       data     extern E:\c18v3.46\pic18-lt\cxx-framework\src\traditional\proc\p18f46j50.asm
                   CCPR1L   0x000fbb       data     extern E:\c18v3.46\pic18-lt\cxx-framework\src\traditional\proc\p18f46j50.asm
                    CCPR1   0x000fbb       data     extern E:\c18v3.46\pic18-lt\cxx-framework\src\traditional\proc\p18f46j50.asm
                   CCPR1H   0x000fbc       data     extern E:\c18v3.46\pic18-lt\cxx-framework\src\traditional\proc\p18f46j50.asm
             ECCP1DELbits   0x000fbd       data     extern E:\c18v3.46\pic18-lt\cxx-framework\src\traditional\proc\p18f46j50.asm
                 ECCP1DEL   0x000fbd       data     extern E:\c18v3.46\pic18-lt\cxx-framework\src\traditional\proc\p18f46j50.asm
                  PWM1CON   0x000fbd       data     extern E:\c18v3.46\pic18-lt\cxx-framework\src\traditional\proc\p18f46j50.asm
              PWM1CONbits   0x000fbd       data     extern E:\c18v3.46\pic18-lt\cxx-framework\src\traditional\proc\p18f46j50.asm
              ECCP1ASbits   0x000fbe       data     extern E:\c18v3.46\pic18-lt\cxx-framework\src\traditional\proc\p18f46j50.asm
                  ECCP1AS   0x000fbe       data     extern E:\c18v3.46\pic18-lt\cxx-framework\src\traditional\proc\p18f46j50.asm
             PSTR1CONbits   0x000fbf       data     extern E:\c18v3.46\pic18-lt\cxx-framework\src\traditional\proc\p18f46j50.asm
                 PSTR1CON   0x000fbf       data     extern E:\c18v3.46\pic18-lt\cxx-framework\src\traditional\proc\p18f46j50.asm
                   WDTCON   0x000fc0       data     extern E:\c18v3.46\pic18-lt\cxx-framework\src\traditional\proc\p18f46j50.asm
               WDTCONbits   0x000fc0       data     extern E:\c18v3.46\pic18-lt\cxx-framework\src\traditional\proc\p18f46j50.asm
               ADCON1bits   0x000fc1       data     extern E:\c18v3.46\pic18-lt\cxx-framework\src\traditional\proc\p18f46j50.asm
                   ADCON1   0x000fc1       data     extern E:\c18v3.46\pic18-lt\cxx-framework\src\traditional\proc\p18f46j50.asm
               ADCON0bits   0x000fc2       data     extern E:\c18v3.46\pic18-lt\cxx-framework\src\traditional\proc\p18f46j50.asm
                   ADCON0   0x000fc2       data     extern E:\c18v3.46\pic18-lt\cxx-framework\src\traditional\proc\p18f46j50.asm
                    ADRES   0x000fc3       data     extern E:\c18v3.46\pic18-lt\cxx-framework\src\traditional\proc\p18f46j50.asm
                   ADRESL   0x000fc3       data     extern E:\c18v3.46\pic18-lt\cxx-framework\src\traditional\proc\p18f46j50.asm
                   ADRESH   0x000fc4       data     extern E:\c18v3.46\pic18-lt\cxx-framework\src\traditional\proc\p18f46j50.asm
              SSPCON2bits   0x000fc5       data     extern E:\c18v3.46\pic18-lt\cxx-framework\src\traditional\proc\p18f46j50.asm
                  SSPCON2   0x000fc5       data     extern E:\c18v3.46\pic18-lt\cxx-framework\src\traditional\proc\p18f46j50.asm
             SSP1CON2bits   0x000fc5       data     extern E:\c18v3.46\pic18-lt\cxx-framework\src\traditional\proc\p18f46j50.asm
                 SSP1CON2   0x000fc5       data     extern E:\c18v3.46\pic18-lt\cxx-framework\src\traditional\proc\p18f46j50.asm
              SSPCON1bits   0x000fc6       data     extern E:\c18v3.46\pic18-lt\cxx-framework\src\traditional\proc\p18f46j50.asm
                  SSPCON1   0x000fc6       data     extern E:\c18v3.46\pic18-lt\cxx-framework\src\traditional\proc\p18f46j50.asm
             SSP1CON1bits   0x000fc6       data     extern E:\c18v3.46\pic18-lt\cxx-framework\src\traditional\proc\p18f46j50.asm
                 SSP1CON1   0x000fc6       data     extern E:\c18v3.46\pic18-lt\cxx-framework\src\traditional\proc\p18f46j50.asm
              SSPSTATbits   0x000fc7       data     extern E:\c18v3.46\pic18-lt\cxx-framework\src\traditional\proc\p18f46j50.asm
                  SSPSTAT   0x000fc7       data     extern E:\c18v3.46\pic18-lt\cxx-framework\src\traditional\proc\p18f46j50.asm
             SSP1STATbits   0x000fc7       data     extern E:\c18v3.46\pic18-lt\cxx-framework\src\traditional\proc\p18f46j50.asm
                 SSP1STAT   0x000fc7       data     extern E:\c18v3.46\pic18-lt\cxx-framework\src\traditional\proc\p18f46j50.asm
               SSPADDbits   0x000fc8       data     extern E:\c18v3.46\pic18-lt\cxx-framework\src\traditional\proc\p18f46j50.asm
                   SSPADD   0x000fc8       data     extern E:\c18v3.46\pic18-lt\cxx-framework\src\traditional\proc\p18f46j50.asm
              SSP1ADDbits   0x000fc8       data     extern E:\c18v3.46\pic18-lt\cxx-framework\src\traditional\proc\p18f46j50.asm
                  SSP1ADD   0x000fc8       data     extern E:\c18v3.46\pic18-lt\cxx-framework\src\traditional\proc\p18f46j50.asm
                  SSP1BUF   0x000fc9       data     extern E:\c18v3.46\pic18-lt\cxx-framework\src\traditional\proc\p18f46j50.asm
                   SSPBUF   0x000fc9       data     extern E:\c18v3.46\pic18-lt\cxx-framework\src\traditional\proc\p18f46j50.asm
                T2CONbits   0x000fca       data     extern E:\c18v3.46\pic18-lt\cxx-framework\src\traditional\proc\p18f46j50.asm
                    T2CON   0x000fca       data     extern E:\c18v3.46\pic18-lt\cxx-framework\src\traditional\proc\p18f46j50.asm
                      PR2   0x000fcb       data     extern E:\c18v3.46\pic18-lt\cxx-framework\src\traditional\proc\p18f46j50.asm
                     TMR2   0x000fcc       data     extern E:\c18v3.46\pic18-lt\cxx-framework\src\traditional\proc\p18f46j50.asm
                    T1CON   0x000fcd       data     extern E:\c18v3.46\pic18-lt\cxx-framework\src\traditional\proc\p18f46j50.asm
                T1CONbits   0x000fcd       data     extern E:\c18v3.46\pic18-lt\cxx-framework\src\traditional\proc\p18f46j50.asm
                    TMR1L   0x000fce       data     extern E:\c18v3.46\pic18-lt\cxx-framework\src\traditional\proc\p18f46j50.asm
                    TMR1H   0x000fcf       data     extern E:\c18v3.46\pic18-lt\cxx-framework\src\traditional\proc\p18f46j50.asm
                     RCON   0x000fd0       data     extern E:\c18v3.46\pic18-lt\cxx-framework\src\traditional\proc\p18f46j50.asm
                 RCONbits   0x000fd0       data     extern E:\c18v3.46\pic18-lt\cxx-framework\src\traditional\proc\p18f46j50.asm
              CM2CON1bits   0x000fd1       data     extern E:\c18v3.46\pic18-lt\cxx-framework\src\traditional\proc\p18f46j50.asm
                  CM2CON1   0x000fd1       data     extern E:\c18v3.46\pic18-lt\cxx-framework\src\traditional\proc\p18f46j50.asm
                   CM2CON   0x000fd1       data     extern E:\c18v3.46\pic18-lt\cxx-framework\src\traditional\proc\p18f46j50.asm
               CM2CONbits   0x000fd1       data     extern E:\c18v3.46\pic18-lt\cxx-framework\src\traditional\proc\p18f46j50.asm
               CM1CONbits   0x000fd2       data     extern E:\c18v3.46\pic18-lt\cxx-framework\src\traditional\proc\p18f46j50.asm
                   CM1CON   0x000fd2       data     extern E:\c18v3.46\pic18-lt\cxx-framework\src\traditional\proc\p18f46j50.asm
                  CM1CON1   0x000fd2       data     extern E:\c18v3.46\pic18-lt\cxx-framework\src\traditional\proc\p18f46j50.asm
              CM1CON1bits   0x000fd2       data     extern E:\c18v3.46\pic18-lt\cxx-framework\src\traditional\proc\p18f46j50.asm
               OSCCONbits   0x000fd3       data     extern E:\c18v3.46\pic18-lt\cxx-framework\src\traditional\proc\p18f46j50.asm
                   OSCCON   0x000fd3       data     extern E:\c18v3.46\pic18-lt\cxx-framework\src\traditional\proc\p18f46j50.asm
                    T0CON   0x000fd5       data     extern E:\c18v3.46\pic18-lt\cxx-framework\src\traditional\proc\p18f46j50.asm
                T0CONbits   0x000fd5       data     extern E:\c18v3.46\pic18-lt\cxx-framework\src\traditional\proc\p18f46j50.asm
                    TMR0L   0x000fd6       data     extern E:\c18v3.46\pic18-lt\cxx-framework\src\traditional\proc\p18f46j50.asm
                    TMR0H   0x000fd7       data     extern E:\c18v3.46\pic18-lt\cxx-framework\src\traditional\proc\p18f46j50.asm
                   STATUS   0x000fd8       data     extern E:\c18v3.46\pic18-lt\cxx-framework\src\traditional\proc\p18f46j50.asm
               STATUSbits   0x000fd8       data     extern E:\c18v3.46\pic18-lt\cxx-framework\src\traditional\proc\p18f46j50.asm
                    FSR2L   0x000fd9       data     extern E:\c18v3.46\pic18-lt\cxx-framework\src\traditional\proc\p18f46j50.asm
                     FSR2   0x000fd9       data     extern E:\c18v3.46\pic18-lt\cxx-framework\src\traditional\proc\p18f46j50.asm
                    FSR2H   0x000fda       data     extern E:\c18v3.46\pic18-lt\cxx-framework\src\traditional\proc\p18f46j50.asm
                   PLUSW2   0x000fdb       data     extern E:\c18v3.46\pic18-lt\cxx-framework\src\traditional\proc\p18f46j50.asm
                  PREINC2   0x000fdc       data     extern E:\c18v3.46\pic18-lt\cxx-framework\src\traditional\proc\p18f46j50.asm
                 POSTDEC2   0x000fdd       data     extern E:\c18v3.46\pic18-lt\cxx-framework\src\traditional\proc\p18f46j50.asm
                 POSTINC2   0x000fde       data     extern E:\c18v3.46\pic18-lt\cxx-framework\src\traditional\proc\p18f46j50.asm
                    INDF2   0x000fdf       data     extern E:\c18v3.46\pic18-lt\cxx-framework\src\traditional\proc\p18f46j50.asm
                      BSR   0x000fe0       data     extern E:\c18v3.46\pic18-lt\cxx-framework\src\traditional\proc\p18f46j50.asm
                     FSR1   0x000fe1       data     extern E:\c18v3.46\pic18-lt\cxx-framework\src\traditional\proc\p18f46j50.asm
                    FSR1L   0x000fe1       data     extern E:\c18v3.46\pic18-lt\cxx-framework\src\traditional\proc\p18f46j50.asm
                    FSR1H   0x000fe2       data     extern E:\c18v3.46\pic18-lt\cxx-framework\src\traditional\proc\p18f46j50.asm
                   PLUSW1   0x000fe3       data     extern E:\c18v3.46\pic18-lt\cxx-framework\src\traditional\proc\p18f46j50.asm
                  PREINC1   0x000fe4       data     extern E:\c18v3.46\pic18-lt\cxx-framework\src\traditional\proc\p18f46j50.asm
                 POSTDEC1   0x000fe5       data     extern E:\c18v3.46\pic18-lt\cxx-framework\src\traditional\proc\p18f46j50.asm
                 POSTINC1   0x000fe6       data     extern E:\c18v3.46\pic18-lt\cxx-framework\src\traditional\proc\p18f46j50.asm
                    INDF1   0x000fe7       data     extern E:\c18v3.46\pic18-lt\cxx-framework\src\traditional\proc\p18f46j50.asm
                     WREG   0x000fe8       data     extern E:\c18v3.46\pic18-lt\cxx-framework\src\traditional\proc\p18f46j50.asm
                    FSR0L   0x000fe9       data     extern E:\c18v3.46\pic18-lt\cxx-framework\src\traditional\proc\p18f46j50.asm
                     FSR0   0x000fe9       data     extern E:\c18v3.46\pic18-lt\cxx-framework\src\traditional\proc\p18f46j50.asm
                    FSR0H   0x000fea       data     extern E:\c18v3.46\pic18-lt\cxx-framework\src\traditional\proc\p18f46j50.asm
                   PLUSW0   0x000feb       data     extern E:\c18v3.46\pic18-lt\cxx-framework\src\traditional\proc\p18f46j50.asm
                  PREINC0   0x000fec       data     extern E:\c18v3.46\pic18-lt\cxx-framework\src\traditional\proc\p18f46j50.asm
                 POSTDEC0   0x000fed       data     extern E:\c18v3.46\pic18-lt\cxx-framework\src\traditional\proc\p18f46j50.asm
                 POSTINC0   0x000fee       data     extern E:\c18v3.46\pic18-lt\cxx-framework\src\traditional\proc\p18f46j50.asm
                    INDF0   0x000fef       data     extern E:\c18v3.46\pic18-lt\cxx-framework\src\traditional\proc\p18f46j50.asm
              INTCON3bits   0x000ff0       data     extern E:\c18v3.46\pic18-lt\cxx-framework\src\traditional\proc\p18f46j50.asm
                  INTCON3   0x000ff0       data     extern E:\c18v3.46\pic18-lt\cxx-framework\src\traditional\proc\p18f46j50.asm
              INTCON2bits   0x000ff1       data     extern E:\c18v3.46\pic18-lt\cxx-framework\src\traditional\proc\p18f46j50.asm
                  INTCON2   0x000ff1       data     extern E:\c18v3.46\pic18-lt\cxx-framework\src\traditional\proc\p18f46j50.asm
               INTCONbits   0x000ff2       data     extern E:\c18v3.46\pic18-lt\cxx-framework\src\traditional\proc\p18f46j50.asm
                   INTCON   0x000ff2       data     extern E:\c18v3.46\pic18-lt\cxx-framework\src\traditional\proc\p18f46j50.asm
                    PRODL   0x000ff3       data     extern E:\c18v3.46\pic18-lt\cxx-framework\src\traditional\proc\p18f46j50.asm
                     PROD   0x000ff3       data     extern E:\c18v3.46\pic18-lt\cxx-framework\src\traditional\proc\p18f46j50.asm
                    PRODH   0x000ff4       data     extern E:\c18v3.46\pic18-lt\cxx-framework\src\traditional\proc\p18f46j50.asm
                   TABLAT   0x000ff5       data     extern E:\c18v3.46\pic18-lt\cxx-framework\src\traditional\proc\p18f46j50.asm
                  TBLPTRL   0x000ff6       data     extern E:\c18v3.46\pic18-lt\cxx-framework\src\traditional\proc\p18f46j50.asm
                   TBLPTR   0x000ff6       data     extern E:\c18v3.46\pic18-lt\cxx-framework\src\traditional\proc\p18f46j50.asm
                  TBLPTRH   0x000ff7       data     extern E:\c18v3.46\pic18-lt\cxx-framework\src\traditional\proc\p18f46j50.asm
                  TBLPTRU   0x000ff8       data     extern E:\c18v3.46\pic18-lt\cxx-framework\src\traditional\proc\p18f46j50.asm
                       PC   0x000ff9       data     extern E:\c18v3.46\pic18-lt\cxx-framework\src\traditional\proc\p18f46j50.asm
                      PCL   0x000ff9       data     extern E:\c18v3.46\pic18-lt\cxx-framework\src\traditional\proc\p18f46j50.asm
                   PCLATH   0x000ffa       data     extern E:\c18v3.46\pic18-lt\cxx-framework\src\traditional\proc\p18f46j50.asm
                   PCLATU   0x000ffb       data     extern E:\c18v3.46\pic18-lt\cxx-framework\src\traditional\proc\p18f46j50.asm
               STKPTRbits   0x000ffc       data     extern E:\c18v3.46\pic18-lt\cxx-framework\src\traditional\proc\p18f46j50.asm
                   STKPTR   0x000ffc       data     extern E:\c18v3.46\pic18-lt\cxx-framework\src\traditional\proc\p18f46j50.asm
                     TOSL   0x000ffd       data     extern E:\c18v3.46\pic18-lt\cxx-framework\src\traditional\proc\p18f46j50.asm
                      TOS   0x000ffd       data     extern E:\c18v3.46\pic18-lt\cxx-framework\src\traditional\proc\p18f46j50.asm
                     TOSH   0x000ffe       data     extern E:\c18v3.46\pic18-lt\cxx-framework\src\traditional\proc\p18f46j50.asm
                     TOSU   0x000fff       data     extern E:\c18v3.46\pic18-lt\cxx-framework\src\traditional\proc\p18f46j50.asm


