MPLINK 5.00, LINKER
Linker Map File - Created Wed Jan 18 17:27:32 2017

                                 Section Info
                  Section       Type    Address   Location Size(Bytes)
                ---------  ---------  ---------  ---------  ---------
    REMAPPED_RESET_VECTOR       code   0x001000    program   0x000006
REMAPPED_HIGH_INTERRUPT_VECTOR       code   0x001008    program   0x000006
REMAPPED_LOW_INTERRUPT_VECTOR       code   0x001018    program   0x000006
                   .cinit    romdata   0x00102a    program   0x000026
      .romdata_ebb_demo.o    romdata   0x001050    program   0x00388c
              .code_ebb.o       code   0x0048dc    program   0x0026f6
              .code_UBW.o       code   0x006fd2    program   0x002254
       .code_usb_device.o       code   0x009226    program   0x000d8c
         .code_vfprintf.o       code   0x009fb2    program   0x000c22
                     PROG       code   0x00abd4    program   0x0005ea
             .stringtable    romdata   0x00b1be    program   0x00053d
         .idata_errno.o_i    romdata   0x00b6fb    program   0x000000
.idata_usb_function_cdc.o_i    romdata   0x00b6fb    program   0x000000
.romdata_usb_function_cdc.o    romdata   0x00b6fb    program   0x000000
         .idata_ldexp.o_i    romdata   0x00b6fb    program   0x000000
      .idata_UnpkMath.o_i    romdata   0x00b6fb    program   0x000000
         .romdata_ldexp.o    romdata   0x00b6fb    program   0x000000
      .romdata_UnpkMath.o    romdata   0x00b6fb    program   0x000000
         .romdata_errno.o    romdata   0x00b6fb    program   0x000000
          .idata_putc.o_i    romdata   0x00b6fb    program   0x000000
          .romdata_putc.o    romdata   0x00b6fb    program   0x000000
           .code_stdout.o       code   0x00b6fc    program   0x000000
             .code_sqrt.o       code   0x00b6fc    program   0x000442
 .code_usb_function_cdc.o       code   0x00bb3e    program   0x0003fc
         .code_RCServo2.o       code   0x00bf3a    program   0x000348
             .code_main.o       code   0x00c282    program   0x000148
            .code_ldexp.o       code   0x00c3ca    program   0x000138
         .code_UnpkMath.o       code   0x00c502    program   0x00011c
         .code_PackMath.o       code   0x00c61e    program   0x00011a
               _cinit_scn       code   0x00c738    program   0x00009e
                   STRING       code   0x00c7d6    program   0x00009a
           .code_printf.o       code   0x00c870    program   0x000098
.romdata_usb_descriptors.o    romdata   0x00c908    program   0x00008f
      .idata_ebb_demo.o_i    romdata   0x00c997    program   0x000000
      .romdata_RCServo2.o    romdata   0x00c997    program   0x000000
      .idata_RCServo2.o_i    romdata   0x00c997    program   0x000000
           .romdata_ebb.o    romdata   0x00c997    program   0x000000
    .romdata_usb_device.o    romdata   0x00c997    program   0x000000
       .idata_fxm3232.o_i    romdata   0x00c997    program   0x000000
       .romdata_fxm3232.o    romdata   0x00c997    program   0x000000
    .idata_usb_device.o_i    romdata   0x00c997    program   0x000000
        .romdata_printf.o    romdata   0x00c997    program   0x000000
        .idata_printf.o_i    romdata   0x00c997    program   0x000000
            .code_errno.o       code   0x00c998    program   0x000000
             .code_putc.o       code   0x00c998    program   0x000084
          .code_fxm3232.o       code   0x00ca1c    program   0x000070
                    CTYPE       code   0x00ca8c    program   0x00004c
         .code_fxd3232u.o       code   0x00cad8    program   0x000048
           .romdata_UBW.o    romdata   0x00cb20    program   0x000035
         .idata_c018i.o_i    romdata   0x00cb55    program   0x000000
         .romdata_c018i.o    romdata   0x00cb55    program   0x000000
        .romdata_stdout.o    romdata   0x00cb55    program   0x000000
.idata_usb_descriptors.o_i    romdata   0x00cb55    program   0x000000
      .idata_fxd3232u.o_i    romdata   0x00cb55    program   0x000000
      .romdata_fxd3232u.o    romdata   0x00cb55    program   0x000000
      .romdata_PackMath.o    romdata   0x00cb55    program   0x000000
      .idata_PackMath.o_i    romdata   0x00cb55    program   0x000000
       .idata_pow2x16.o_i    romdata   0x00cb55    program   0x000000
       .romdata_pow2x16.o    romdata   0x00cb55    program   0x000000
         .code_ebb_demo.o       code   0x00cb56    program   0x000000
         .code_fxd1616u.o       code   0x00cb56    program   0x00002c
                    .code       code   0x00cb82    program   0x000020
             _startup_scn       code   0x00cba2    program   0x00001c
                    STDIO       code   0x00cbbe    program   0x00001c
          .code_pow2x16.o       code   0x00cbda    program   0x000016
      .romdata_vfprintf.o    romdata   0x00cbf0    program   0x000011
      .romdata_fxd1616u.o    romdata   0x00cc01    program   0x000000
      .idata_vfprintf.o_i    romdata   0x00cc01    program   0x000000
          .idata_main.o_i    romdata   0x00cc01    program   0x000000
          .romdata_main.o    romdata   0x00cc01    program   0x000000
        .romdata___init.o    romdata   0x00cc01    program   0x000000
        .idata___init.o_i    romdata   0x00cc01    program   0x000000
      .idata_fxd1616u.o_i    romdata   0x00cc01    program   0x000000
          .idata_sqrt.o_i    romdata   0x00cc01    program   0x000000
          .romdata_sqrt.o    romdata   0x00cc01    program   0x000000
           .code___init.o       code   0x00cc02    program   0x000002
  .code_usb_descriptors.o       code   0x00cc02    program   0x000000
            .code_c018i.o       code   0x00cc02    program   0x000000
        .idata_stdout.o_i    romdata   0x00cc04    program   0x000002
           .idata_ebb.o_i    romdata   0x00cc06    program   0x000009
           .idata_UBW.o_i    romdata   0x00cc0f    program   0x0000e1
                 .tmpdata      udata   0x000000       data   0x000034
                MATH_DATA      udata   0x000034       data   0x000014
              low_ISR_tmp      udata   0x000048       data   0x000004
             high_ISR_tmp      udata   0x00004c       data   0x000004
                  ISR_buf      udata   0x000100       data   0x000071
               com_tx_buf      udata   0x000200       data   0x000080
      .udata_usb_device.o      udata   0x000280       data   0x000034
               com_rx_buf      udata   0x000300       data   0x000100
                  USB_BDT      udata   0x000400       data   0x000078
             .idata_UBW.o      idata   0x000500       data   0x0000e1
             .udata_ebb.o      udata   0x000600       data   0x0000d1
.udata_usb_function_cdc.o      udata   0x000700       data   0x0000a8
             .udata_UBW.o      udata   0x0007a8       data   0x00003d
           .udata_c018i.o      udata   0x0007e5       data   0x00000a
            .udata_main.o      udata   0x0007ef       data   0x000002
           .udata_errno.o      udata   0x0007f1       data   0x000002
          .idata_stdout.o      idata   0x0007f3       data   0x000002
        .idata_UnpkMath.o      idata   0x0007f5       data   0x000000
        .udata_UnpkMath.o      udata   0x0007f5       data   0x000000
        .idata_PackMath.o      idata   0x0007f5       data   0x000000
        .udata_fxd3232u.o      udata   0x0007f5       data   0x000000
        .idata_fxd3232u.o      idata   0x0007f5       data   0x000000
         .udata_fxm3232.o      udata   0x0007f5       data   0x000000
         .idata_fxm3232.o      idata   0x0007f5       data   0x000000
          .udata___init.o      udata   0x0007f5       data   0x000000
          .idata___init.o      idata   0x0007f5       data   0x000000
         .udata_pow2x16.o      udata   0x0007f5       data   0x000000
         .idata_pow2x16.o      idata   0x0007f5       data   0x000000
        .udata_PackMath.o      udata   0x0007f5       data   0x000000
        .idata_fxd1616u.o      idata   0x0007f5       data   0x000000
        .udata_fxd1616u.o      udata   0x0007f5       data   0x000000
          .udata_printf.o      udata   0x0007f5       data   0x000000
          .idata_printf.o      idata   0x0007f5       data   0x000000
            .udata_sqrt.o      udata   0x0007f5       data   0x000000
            .idata_sqrt.o      idata   0x0007f5       data   0x000000
           .idata_c018i.o      idata   0x0007f5       data   0x000000
      .idata_usb_device.o      idata   0x0007f5       data   0x000000
.idata_usb_function_cdc.o      idata   0x0007f5       data   0x000000
            .idata_main.o      idata   0x0007f5       data   0x000000
            .idata_putc.o      idata   0x0007f5       data   0x000000
        .idata_RCServo2.o      idata   0x0007f5       data   0x000000
 .udata_usb_descriptors.o      udata   0x0007f5       data   0x000000
 .idata_usb_descriptors.o      idata   0x0007f5       data   0x000000
        .udata_ebb_demo.o      udata   0x0007f5       data   0x000000
        .idata_ebb_demo.o      idata   0x0007f5       data   0x000000
            .udata_putc.o      udata   0x0007f5       data   0x000000
        .idata_vfprintf.o      idata   0x0007f5       data   0x000000
        .udata_vfprintf.o      udata   0x0007f5       data   0x000000
          .udata_stdout.o      udata   0x0007f5       data   0x000000
           .idata_ldexp.o      idata   0x0007f5       data   0x000000
           .udata_ldexp.o      udata   0x0007f5       data   0x000000
           .idata_errno.o      idata   0x0007f5       data   0x000000
                   .stack      udata   0x000d00       data   0x000100
        .udata_RCServo2.o      udata   0x000e00       data   0x0000b7
             .idata_ebb.o      idata   0x000eb7       data   0x000009
              SFR_BANKED0      udata   0x000ec6       data   0x00000e
              SFR_BANKED1      udata   0x000ed7       data   0x000008
              SFR_BANKED2      udata   0x000ee7       data   0x000004
              SFR_BANKED3      udata   0x000eec       data   0x000003
              SFR_BANKED4      udata   0x000ef2       data   0x000002
              SFR_BANKED5      udata   0x000ef6       data   0x000002
              SFR_BANKED6      udata   0x000efb       data   0x000005
              SFR_BANKED7      udata   0x000f26       data   0x000014
              SFR_BANKED8      udata   0x000f3c       data   0x000007
              SFR_BANKED9      udata   0x000f48       data   0x000008
             SFR_BANKED10      udata   0x000f52       data   0x00000e
            SFR_UNBANKED0      udata   0x000f60       data   0x0000a0



                              Program Memory Usage 
                               Start         End      
                           ---------   ---------      
                            0x001000    0x001005      
                            0x001008    0x00100d      
                            0x001018    0x00101d      
                            0x00102a    0x00b6fa      
                            0x00b6fc    0x00c996      
                            0x00c998    0x00cb54      
                            0x00cb56    0x00cc00      
                            0x00cc02    0x00ccef      
            48340 out of 65538 program addresses used, program memory utilization is 73%



                              Symbols - Sorted by Name
                     Name    Address   Location    Storage File                     
                ---------  ---------  ---------  --------- ---------                
          AnalogConfigure   0x007f3c    program     extern D:\Projects\EggBot_GitHub\EBB_firmware\app.X\source\UBW.c
           BlinkUSBStatus   0x008c56    program     extern D:\Projects\EggBot_GitHub\EBB_firmware\app.X\source\UBW.c
                CDCInitEP   0x00bbda    program     extern D:\Projects\EggBot_GitHub\EBB_firmware\Microchip\USB\CDC Device Driver\usb_function_cdc.c
             CDCTxService   0x00bd7c    program     extern D:\Projects\EggBot_GitHub\EBB_firmware\Microchip\USB\CDC Device Driver\usb_function_cdc.c
                   D1616S   0x00b07e    program     static E:\3.46\pic18-lt\cxx-framework\src\traditional\math\fxd1616s.asm
                D1616SNEG   0x00b08c    program     static E:\3.46\pic18-lt\cxx-framework\src\traditional\math\fxd1616s.asm
                 D1616SOK   0x00b088    program     static E:\3.46\pic18-lt\cxx-framework\src\traditional\math\fxd1616s.asm
                  D1616SX   0x00b09e    program     static E:\3.46\pic18-lt\cxx-framework\src\traditional\math\fxd1616s.asm
                  DA1616S   0x00b06e    program     static E:\3.46\pic18-lt\cxx-framework\src\traditional\math\fxd1616s.asm
                 EBB_Init   0x004eec    program     extern D:\Projects\EggBot_GitHub\EBB_firmware\app.X\source\ebb.c
                 FLO1632S   0x00abd8    program     extern E:\3.46\pic18-lt\cxx-framework\src\traditional\math\cast16FP.asm
                 FLO1632U   0x00abd4    program     extern E:\3.46\pic18-lt\cxx-framework\src\traditional\math\cast16FP.asm
                 FLO3232S   0x00ac02    program     extern E:\3.46\pic18-lt\cxx-framework\src\traditional\math\cast32FP.asm
                 FLO3232U   0x00abfe    program     extern E:\3.46\pic18-lt\cxx-framework\src\traditional\math\cast32FP.asm
                    FPA32   0x00adb6    program     extern E:\3.46\pic18-lt\cxx-framework\src\traditional\math\addFP.asm
                    FPD32   0x00ac34    program     extern E:\3.46\pic18-lt\cxx-framework\src\traditional\math\divFP.asm
                    FPM32   0x00acda    program     extern E:\3.46\pic18-lt\cxx-framework\src\traditional\math\mulFP.asm
                    FPS32   0x00adb4    program     extern E:\3.46\pic18-lt\cxx-framework\src\traditional\math\addFP.asm
                 FXD1616S   0x00b05c    program     extern E:\3.46\pic18-lt\cxx-framework\src\traditional\math\fxd1616s.asm
                 FXD1616U   0x00cb56    program     extern E:\3.46\pic18-lt\cxx-framework\src\traditional\math\fxd1616u.c
                 FXD3232U   0x00cad8    program     extern E:\3.46\pic18-lt\cxx-framework\src\traditional\math\fxd3232u.c
                 FXM1616S   0x00b164    program     extern E:\3.46\pic18-lt\cxx-framework\src\traditional\math\fxm1616s.asm
                  FXM3232   0x00ca1c    program     extern E:\3.46\pic18-lt\cxx-framework\src\traditional\math\fxm3232.c
                  INT3232   0x00aee2    program     extern E:\3.46\pic18-lt\cxx-framework\src\traditional\math\castFP32.asm
         InitializeSystem   0x00c28e    program     static D:\Projects\EggBot_GitHub\EBB_firmware\app.X\source\main.c
                LongDelay   0x008728    program     extern D:\Projects\EggBot_GitHub\EBB_firmware\app.X\source\UBW.c
                ProcessIO   0x007574    program     extern D:\Projects\EggBot_GitHub\EBB_firmware\app.X\source\UBW.c
            RCServo2_Init   0x00bf3a    program     extern D:\Projects\EggBot_GitHub\EBB_firmware\app.X\source\RCServo2.c
            RCServo2_Move   0x00c0d2    program     extern D:\Projects\EggBot_GitHub\EBB_firmware\app.X\source\RCServo2.c
      RCServo2_S2_command   0x00c028    program     extern D:\Projects\EggBot_GitHub\EBB_firmware\app.X\source\RCServo2.c
RCServo2_get_channel_from_RPn   0x00bfea    program     extern D:\Projects\EggBot_GitHub\EBB_firmware\app.X\source\RCServo2.c
        Remapped_High_ISR   0x001008    program     extern D:\Projects\EggBot_GitHub\EBB_firmware\app.X\source\main.c
         Remapped_Low_ISR   0x001018    program     extern D:\Projects\EggBot_GitHub\EBB_firmware\app.X\source\main.c
         SetPinLATFromRPn   0x008d32    program     extern D:\Projects\EggBot_GitHub\EBB_firmware\app.X\source\UBW.c
        SetPinTRISFromRPn   0x008d8e    program     extern D:\Projects\EggBot_GitHub\EBB_firmware\app.X\source\UBW.c
                  TALTB32   0x00b0a8    program     extern E:\3.46\pic18-lt\cxx-framework\src\traditional\math\ltFP.asm
               TSIGN1616A   0x00b1b0    program     static E:\3.46\pic18-lt\cxx-framework\src\traditional\math\fxm1616s.asm
       USBCBCheckOtherReq   0x00c2d6    program     extern D:\Projects\EggBot_GitHub\EBB_firmware\app.X\source\main.c
        USBCBErrorHandler   0x00c2d4    program     extern D:\Projects\EggBot_GitHub\EBB_firmware\app.X\source\main.c
              USBCBInitEP   0x00c2dc    program     extern D:\Projects\EggBot_GitHub\EBB_firmware\app.X\source\main.c
          USBCBSendResume   0x00c2e0    program     extern D:\Projects\EggBot_GitHub\EBB_firmware\app.X\source\main.c
    USBCBStdSetDscHandler   0x00c2da    program     extern D:\Projects\EggBot_GitHub\EBB_firmware\app.X\source\main.c
             USBCBSuspend   0x00c2ce    program     extern D:\Projects\EggBot_GitHub\EBB_firmware\app.X\source\main.c
     USBCBWakeFromSuspend   0x00c2d0    program     extern D:\Projects\EggBot_GitHub\EBB_firmware\app.X\source\main.c
        USBCB_SOF_Handler   0x00c2d2    program     extern D:\Projects\EggBot_GitHub\EBB_firmware\app.X\source\main.c
       USBCDCEventHandler   0x00bc24    program     extern D:\Projects\EggBot_GitHub\EBB_firmware\Microchip\USB\CDC Device Driver\usb_function_cdc.c
              USBCancelIO   0x00955e    program     extern D:\Projects\EggBot_GitHub\EBB_firmware\Microchip\USB\usb_device.c
       USBCheckCDCRequest   0x00bb3e    program     extern D:\Projects\EggBot_GitHub\EBB_firmware\Microchip\USB\CDC Device Driver\usb_function_cdc.c
       USBCheckStdRequest   0x009b58    program     static D:\Projects\EggBot_GitHub\EBB_firmware\Microchip\USB\usb_device.c
     USBConfigureEndpoint   0x009624    program     static D:\Projects\EggBot_GitHub\EBB_firmware\Microchip\USB\usb_device.c
  USBCtrlEPAllowDataStage   0x0095e6    program     extern D:\Projects\EggBot_GitHub\EBB_firmware\Microchip\USB\usb_device.c
USBCtrlEPAllowStatusStage   0x009598    program     extern D:\Projects\EggBot_GitHub\EBB_firmware\Microchip\USB\usb_device.c
         USBCtrlEPService   0x0099f6    program     static D:\Projects\EggBot_GitHub\EBB_firmware\Microchip\USB\usb_device.c
 USBCtrlEPServiceComplete   0x009676    program     static D:\Projects\EggBot_GitHub\EBB_firmware\Microchip\USB\usb_device.c
      USBCtrlTrfInHandler   0x009ae0    program     static D:\Projects\EggBot_GitHub\EBB_firmware\Microchip\USB\usb_device.c
     USBCtrlTrfOutHandler   0x009ac2    program     static D:\Projects\EggBot_GitHub\EBB_firmware\Microchip\USB\usb_device.c
      USBCtrlTrfRxService   0x00974c    program     static D:\Projects\EggBot_GitHub\EBB_firmware\Microchip\USB\usb_device.c
   USBCtrlTrfSetupHandler   0x009a82    program     static D:\Projects\EggBot_GitHub\EBB_firmware\Microchip\USB\usb_device.c
      USBCtrlTrfTxService   0x0096d0    program     static D:\Projects\EggBot_GitHub\EBB_firmware\Microchip\USB\usb_device.c
            USBDeviceInit   0x009226    program     extern D:\Projects\EggBot_GitHub\EBB_firmware\Microchip\USB\usb_device.c
           USBDeviceTasks   0x0092fa    program     extern D:\Projects\EggBot_GitHub\EBB_firmware\Microchip\USB\usb_device.c
        USBEnableEndpoint   0x009476    program     extern D:\Projects\EggBot_GitHub\EBB_firmware\Microchip\USB\usb_device.c
         USBStallEndpoint   0x009536    program     extern D:\Projects\EggBot_GitHub\EBB_firmware\Microchip\USB\usb_device.c
          USBStallHandler   0x009990    program     static D:\Projects\EggBot_GitHub\EBB_firmware\Microchip\USB\usb_device.c
  USBStdFeatureReqHandler   0x009c0a    program     static D:\Projects\EggBot_GitHub\EBB_firmware\Microchip\USB\usb_device.c
      USBStdGetDscHandler   0x0098aa    program     static D:\Projects\EggBot_GitHub\EBB_firmware\Microchip\USB\usb_device.c
   USBStdGetStatusHandler   0x009924    program     static D:\Projects\EggBot_GitHub\EBB_firmware\Microchip\USB\usb_device.c
      USBStdSetCfgHandler   0x00980c    program     static D:\Projects\EggBot_GitHub\EBB_firmware\Microchip\USB\usb_device.c
               USBSuspend   0x0099b2    program     static D:\Projects\EggBot_GitHub\EBB_firmware\Microchip\USB\usb_device.c
     USBTransferOnePacket   0x0094b4    program     extern D:\Projects\EggBot_GitHub\EBB_firmware\Microchip\USB\usb_device.c
       USBWakeFromSuspend   0x0099d2    program     static D:\Projects\EggBot_GitHub\EBB_firmware\Microchip\USB\usb_device.c
               USB_CD_Ptr   0x00c98f    program     extern D:\Projects\EggBot_GitHub\EBB_firmware\app.X\source\usb_descriptors.c
               USB_SD_Ptr   0x00c991    program     extern D:\Projects\EggBot_GitHub\EBB_firmware\app.X\source\usb_descriptors.c
USER_USB_CALLBACK_EVENT_HANDLER   0x00c324    program     extern D:\Projects\EggBot_GitHub\EBB_firmware\app.X\source\main.c
                 UserInit   0x00745a    program     extern D:\Projects\EggBot_GitHub\EBB_firmware\app.X\source\UBW.c
              _2jContinue   0x00c7f6    program     static E:\3.46\pic18-lt\cxx-framework\src\traditional\stdclib\memset.asm
                   _2jEnd   0x00c85a    program     static E:\3.46\pic18-lt\cxx-framework\src\traditional\stdclib\slenpgm.asm
                   _3jEnd   0x00c800    program     static E:\3.46\pic18-lt\cxx-framework\src\traditional\stdclib\memset.asm
                _PackMath   0x00c61e    program     extern E:\3.46\pic18-lt\cxx-framework\src\traditional\stdclib\PackMath.c
                _UnpkMath   0x00c502    program     extern E:\3.46\pic18-lt\cxx-framework\src\traditional\stdclib\UnpkMath.c
              __FpCompare   0x00b0ba    program     extern E:\3.46\pic18-lt\cxx-framework\src\traditional\math\compFP.asm
                 __FpExit   0x00af5c    program     extern E:\3.46\pic18-lt\cxx-framework\src\traditional\math\packFP.asm
                 __FpPack   0x00af88    program     extern E:\3.46\pic18-lt\cxx-framework\src\traditional\math\packFP.asm
            __FpReturnNaN   0x00af50    program     extern E:\3.46\pic18-lt\cxx-framework\src\traditional\math\packFP.asm
         __FpReturnNegInf   0x00af62    program     extern E:\3.46\pic18-lt\cxx-framework\src\traditional\math\packFP.asm
        __FpReturnNegZero   0x00af7a    program     extern E:\3.46\pic18-lt\cxx-framework\src\traditional\math\packFP.asm
         __FpReturnPosInf   0x00af68    program     extern E:\3.46\pic18-lt\cxx-framework\src\traditional\math\packFP.asm
        __FpReturnPosZero   0x00af82    program     extern E:\3.46\pic18-lt\cxx-framework\src\traditional\math\packFP.asm
        __FpReturnSignInf   0x00af5e    program     extern E:\3.46\pic18-lt\cxx-framework\src\traditional\math\packFP.asm
       __FpReturnSignZero   0x00af76    program     extern E:\3.46\pic18-lt\cxx-framework\src\traditional\math\packFP.asm
              __FpReturnW   0x00afe0    program     extern E:\3.46\pic18-lt\cxx-framework\src\traditional\math\packFP.asm
              __FpUnPackA   0x00b000    program     extern E:\3.46\pic18-lt\cxx-framework\src\traditional\math\UnpackFP.asm
              __FpUnPackB   0x00b030    program     extern E:\3.46\pic18-lt\cxx-framework\src\traditional\math\UnpackFP.asm
         ___else_lbl00002   0x004942    program     static                          
         ___else_lbl00007   0x004990    program     static                          
         ___else_lbl00009   0x00499c    program     static                          
         ___else_lbl00011   0x0049b0    program     static                          
         ___else_lbl00013   0x0049bc    program     static                          
         ___else_lbl00016   0x0049a0    program     static                          
         ___else_lbl00018   0x004a62    program     static                          
         ___else_lbl00022   0x004b42    program     static                          
         ___else_lbl00031   0x004b98    program     static                          
         ___else_lbl00034   0x004bec    program     static                          
         ___else_lbl00039   0x004c86    program     static                          
         ___else_lbl00044   0x004d2e    program     static                          
         ___else_lbl00047   0x004d98    program     static                          
         ___else_lbl00050   0x004d42    program     static                          
         ___else_lbl00052   0x004bf8    program     static                          
         ___else_lbl00055   0x004eb2    program     static                          
          ___for_lbl00062   0x004f82    program     static                          
          ___for_lbl00063   0x004f86    program     static                          
          ___for_lbl00064   0x004f00    program     static                          
          ___for_lbl00360   0x008752    program     static                          
          ___for_lbl00361   0x008756    program     static                          
          ___for_lbl00364   0x00873c    program     static                          
           ___if_lbl00001   0x00494e    program     static                          
           ___if_lbl00003   0x00494e    program     static                          
           ___if_lbl00004   0x00495e    program     static                          
           ___if_lbl00006   0x004992    program     static                          
           ___if_lbl00008   0x00499e    program     static                          
           ___if_lbl00010   0x0049b2    program     static                          
           ___if_lbl00012   0x0049be    program     static                          
           ___if_lbl00014   0x0049be    program     static                          
           ___if_lbl00015   0x0049be    program     static                          
           ___if_lbl00017   0x004a6e    program     static                          
           ___if_lbl00019   0x004a6e    program     static                          
           ___if_lbl00020   0x004a9e    program     static                          
           ___if_lbl00021   0x004b4e    program     static                          
           ___if_lbl00023   0x004b4e    program     static                          
           ___if_lbl00024   0x004b7e    program     static                          
           ___if_lbl00025   0x004b90    program     static                          
           ___if_lbl00026   0x004b96    program     static                          
           ___if_lbl00027   0x004ba4    program     static                          
           ___if_lbl00028   0x004baa    program     static                          
           ___if_lbl00029   0x004baa    program     static                          
           ___if_lbl00030   0x004baa    program     static                          
           ___if_lbl00032   0x004bf6    program     static                          
           ___if_lbl00033   0x004bf6    program     static                          
           ___if_lbl00035   0x004bf6    program     static                          
           ___if_lbl00036   0x004bf6    program     static                          
           ___if_lbl00037   0x004cfc    program     static                          
           ___if_lbl00038   0x004cfc    program     static                          
           ___if_lbl00040   0x004cfc    program     static                          
           ___if_lbl00041   0x004d2c    program     static                          
           ___if_lbl00042   0x004d40    program     static                          
           ___if_lbl00043   0x004d40    program     static                          
           ___if_lbl00045   0x004d40    program     static                          
           ___if_lbl00046   0x004da0    program     static                          
           ___if_lbl00048   0x004da6    program     static                          
           ___if_lbl00049   0x004da6    program     static                          
           ___if_lbl00051   0x004da6    program     static                          
           ___if_lbl00054   0x004ebc    program     static                          
           ___if_lbl00056   0x004ebc    program     static                          
           ___if_lbl00059   0x004ed4    program     static                          
           ___if_lbl00060   0x004ed4    program     static                          
       ___return_lbl00000   0x00cb80    program     static                          
       ___return_lbl00000   0x00cb1e    program     static                          
       ___return_lbl00000   0x00ca8a    program     static                          
       ___return_lbl00000   0x00cbbc    program     static                          
       ___return_lbl00000   0x004ed4    program     static                          
       ___return_lbl00000   0x00cbee    program     static                          
       ___return_lbl00000   0x001004    program     static                          
       ___return_lbl00001   0x00c7d4    program     static                          
       ___return_lbl00001   0x00100c    program     static                          
       ___return_lbl00002   0x00101c    program     static                          
       ___return_lbl00061   0x005088    program     static                          
       ___return_lbl00359   0x008756    program     static                          
       ___return_lbl00365   0x008772    program     static                          
        ___while_lbl00362   0x008744    program     static                          
        ___while_lbl00363   0x008752    program     static                          
                   __init   0x00cc02    program     extern E:\3.46\pic18-lt\cxx-framework\src\traditional\stdclib\__init.c
                   __pa_0   0x00c610    program     static E:\3.46\pic18-lt\cxx-framework\src\traditional\stdclib\UnpkMath.c
                   __pa_0   0x00c3ac    program     static D:\Projects\EggBot_GitHub\EBB_firmware\app.X\source\main.c
                   __pa_0   0x00be5e    program     static D:\Projects\EggBot_GitHub\EBB_firmware\Microchip\USB\CDC Device Driver\usb_function_cdc.c
                   __pa_0   0x00ba9a    program     static E:\3.46\pic18-lt\cxx-framework\src\traditional\stdclib\sqrt.c
                   __pa_0   0x00c4f8    program     static E:\3.46\pic18-lt\cxx-framework\src\traditional\stdclib\ldexp.c
                   __pa_0   0x00a8f2    program     static E:\3.46\pic18-lt\cxx-framework\src\traditional\stdclib\vfprintf.c
                   __pa_0   0x00c210    program     static D:\Projects\EggBot_GitHub\EBB_firmware\app.X\source\RCServo2.c
                   __pa_0   0x006774    program     static D:\Projects\EggBot_GitHub\EBB_firmware\app.X\source\ebb.c
                   __pa_0   0x008dea    program     static D:\Projects\EggBot_GitHub\EBB_firmware\app.X\source\UBW.c
                   __pa_0   0x00c6e6    program     static E:\3.46\pic18-lt\cxx-framework\src\traditional\stdclib\PackMath.c
                   __pa_0   0x009d4c    program     static D:\Projects\EggBot_GitHub\EBB_firmware\Microchip\USB\usb_device.c
                   __pa_1   0x008df0    program     static D:\Projects\EggBot_GitHub\EBB_firmware\app.X\source\UBW.c
                   __pa_1   0x00a8fa    program     static E:\3.46\pic18-lt\cxx-framework\src\traditional\stdclib\vfprintf.c
                   __pa_1   0x00c3be    program     static D:\Projects\EggBot_GitHub\EBB_firmware\app.X\source\main.c
                   __pa_1   0x00be70    program     static D:\Projects\EggBot_GitHub\EBB_firmware\Microchip\USB\CDC Device Driver\usb_function_cdc.c
                   __pa_1   0x00baa4    program     static E:\3.46\pic18-lt\cxx-framework\src\traditional\stdclib\sqrt.c
                   __pa_1   0x00c222    program     static D:\Projects\EggBot_GitHub\EBB_firmware\app.X\source\RCServo2.c
                   __pa_1   0x006782    program     static D:\Projects\EggBot_GitHub\EBB_firmware\app.X\source\ebb.c
                   __pa_1   0x009d54    program     static D:\Projects\EggBot_GitHub\EBB_firmware\Microchip\USB\usb_device.c
                   __pa_1   0x00c6f6    program     static E:\3.46\pic18-lt\cxx-framework\src\traditional\stdclib\PackMath.c
                  __pa_10   0x008e54    program     static D:\Projects\EggBot_GitHub\EBB_firmware\app.X\source\UBW.c
                  __pa_10   0x00bef6    program     static D:\Projects\EggBot_GitHub\EBB_firmware\Microchip\USB\CDC Device Driver\usb_function_cdc.c
                  __pa_10   0x009db2    program     static D:\Projects\EggBot_GitHub\EBB_firmware\Microchip\USB\usb_device.c
                  __pa_10   0x00683c    program     static D:\Projects\EggBot_GitHub\EBB_firmware\app.X\source\ebb.c
                  __pa_10   0x00a9ae    program     static E:\3.46\pic18-lt\cxx-framework\src\traditional\stdclib\vfprintf.c
                 __pa_100   0x006e88    program     static D:\Projects\EggBot_GitHub\EBB_firmware\app.X\source\ebb.c
                 __pa_101   0x006e90    program     static D:\Projects\EggBot_GitHub\EBB_firmware\app.X\source\ebb.c
                 __pa_102   0x006ea4    program     static D:\Projects\EggBot_GitHub\EBB_firmware\app.X\source\ebb.c
                 __pa_103   0x006eb6    program     static D:\Projects\EggBot_GitHub\EBB_firmware\app.X\source\ebb.c
                 __pa_104   0x006ec8    program     static D:\Projects\EggBot_GitHub\EBB_firmware\app.X\source\ebb.c
                 __pa_105   0x006ed2    program     static D:\Projects\EggBot_GitHub\EBB_firmware\app.X\source\ebb.c
                 __pa_106   0x006ee0    program     static D:\Projects\EggBot_GitHub\EBB_firmware\app.X\source\ebb.c
                 __pa_107   0x006ef2    program     static D:\Projects\EggBot_GitHub\EBB_firmware\app.X\source\ebb.c
                 __pa_108   0x006efe    program     static D:\Projects\EggBot_GitHub\EBB_firmware\app.X\source\ebb.c
                 __pa_109   0x006f06    program     static D:\Projects\EggBot_GitHub\EBB_firmware\app.X\source\ebb.c
                  __pa_11   0x00688a    program     static D:\Projects\EggBot_GitHub\EBB_firmware\app.X\source\ebb.c
                  __pa_11   0x00a9bc    program     static E:\3.46\pic18-lt\cxx-framework\src\traditional\stdclib\vfprintf.c
                  __pa_11   0x008e5a    program     static D:\Projects\EggBot_GitHub\EBB_firmware\app.X\source\UBW.c
                  __pa_11   0x00bf04    program     static D:\Projects\EggBot_GitHub\EBB_firmware\Microchip\USB\CDC Device Driver\usb_function_cdc.c
                  __pa_11   0x009dbc    program     static D:\Projects\EggBot_GitHub\EBB_firmware\Microchip\USB\usb_device.c
                 __pa_110   0x006f0e    program     static D:\Projects\EggBot_GitHub\EBB_firmware\app.X\source\ebb.c
                 __pa_111   0x006f1c    program     static D:\Projects\EggBot_GitHub\EBB_firmware\app.X\source\ebb.c
                 __pa_112   0x006f24    program     static D:\Projects\EggBot_GitHub\EBB_firmware\app.X\source\ebb.c
                 __pa_113   0x006f32    program     static D:\Projects\EggBot_GitHub\EBB_firmware\app.X\source\ebb.c
                 __pa_114   0x006f3e    program     static D:\Projects\EggBot_GitHub\EBB_firmware\app.X\source\ebb.c
                 __pa_115   0x006f48    program     static D:\Projects\EggBot_GitHub\EBB_firmware\app.X\source\ebb.c
                 __pa_116   0x006f52    program     static D:\Projects\EggBot_GitHub\EBB_firmware\app.X\source\ebb.c
                 __pa_117   0x006f5a    program     static D:\Projects\EggBot_GitHub\EBB_firmware\app.X\source\ebb.c
                 __pa_118   0x006f70    program     static D:\Projects\EggBot_GitHub\EBB_firmware\app.X\source\ebb.c
                 __pa_119   0x006f78    program     static D:\Projects\EggBot_GitHub\EBB_firmware\app.X\source\ebb.c
                  __pa_12   0x008e62    program     static D:\Projects\EggBot_GitHub\EBB_firmware\app.X\source\UBW.c
                  __pa_12   0x00bf0e    program     static D:\Projects\EggBot_GitHub\EBB_firmware\Microchip\USB\CDC Device Driver\usb_function_cdc.c
                  __pa_12   0x009dd0    program     static D:\Projects\EggBot_GitHub\EBB_firmware\Microchip\USB\usb_device.c
                  __pa_12   0x00a9d2    program     static E:\3.46\pic18-lt\cxx-framework\src\traditional\stdclib\vfprintf.c
                  __pa_12   0x006894    program     static D:\Projects\EggBot_GitHub\EBB_firmware\app.X\source\ebb.c
                 __pa_120   0x006f82    program     static D:\Projects\EggBot_GitHub\EBB_firmware\app.X\source\ebb.c
                 __pa_121   0x006f8a    program     static D:\Projects\EggBot_GitHub\EBB_firmware\app.X\source\ebb.c
                 __pa_122   0x006f96    program     static D:\Projects\EggBot_GitHub\EBB_firmware\app.X\source\ebb.c
                 __pa_123   0x006f9e    program     static D:\Projects\EggBot_GitHub\EBB_firmware\app.X\source\ebb.c
                 __pa_124   0x006fa8    program     static D:\Projects\EggBot_GitHub\EBB_firmware\app.X\source\ebb.c
                 __pa_125   0x006fb2    program     static D:\Projects\EggBot_GitHub\EBB_firmware\app.X\source\ebb.c
                 __pa_126   0x006fbc    program     static D:\Projects\EggBot_GitHub\EBB_firmware\app.X\source\ebb.c
                 __pa_127   0x006fc2    program     static D:\Projects\EggBot_GitHub\EBB_firmware\app.X\source\ebb.c
                 __pa_128   0x006fcc    program     static D:\Projects\EggBot_GitHub\EBB_firmware\app.X\source\ebb.c
                  __pa_13   0x00a9ec    program     static E:\3.46\pic18-lt\cxx-framework\src\traditional\stdclib\vfprintf.c
                  __pa_13   0x008e70    program     static D:\Projects\EggBot_GitHub\EBB_firmware\app.X\source\UBW.c
                  __pa_13   0x00689a    program     static D:\Projects\EggBot_GitHub\EBB_firmware\app.X\source\ebb.c
                  __pa_13   0x00bf1e    program     static D:\Projects\EggBot_GitHub\EBB_firmware\Microchip\USB\CDC Device Driver\usb_function_cdc.c
                  __pa_13   0x009de4    program     static D:\Projects\EggBot_GitHub\EBB_firmware\Microchip\USB\usb_device.c
                  __pa_14   0x00aa04    program     static E:\3.46\pic18-lt\cxx-framework\src\traditional\stdclib\vfprintf.c
                  __pa_14   0x00689e    program     static D:\Projects\EggBot_GitHub\EBB_firmware\app.X\source\ebb.c
                  __pa_14   0x009df2    program     static D:\Projects\EggBot_GitHub\EBB_firmware\Microchip\USB\usb_device.c
                  __pa_14   0x00bf2c    program     static D:\Projects\EggBot_GitHub\EBB_firmware\Microchip\USB\CDC Device Driver\usb_function_cdc.c
                  __pa_14   0x008e78    program     static D:\Projects\EggBot_GitHub\EBB_firmware\app.X\source\UBW.c
                  __pa_15   0x009dfe    program     static D:\Projects\EggBot_GitHub\EBB_firmware\Microchip\USB\usb_device.c
                  __pa_15   0x00aa14    program     static E:\3.46\pic18-lt\cxx-framework\src\traditional\stdclib\vfprintf.c
                  __pa_15   0x008e80    program     static D:\Projects\EggBot_GitHub\EBB_firmware\app.X\source\UBW.c
                  __pa_15   0x0068ae    program     static D:\Projects\EggBot_GitHub\EBB_firmware\app.X\source\ebb.c
                  __pa_16   0x008e92    program     static D:\Projects\EggBot_GitHub\EBB_firmware\app.X\source\UBW.c
                  __pa_16   0x009e18    program     static D:\Projects\EggBot_GitHub\EBB_firmware\Microchip\USB\usb_device.c
                  __pa_16   0x0068b8    program     static D:\Projects\EggBot_GitHub\EBB_firmware\app.X\source\ebb.c
                  __pa_16   0x00aa2a    program     static E:\3.46\pic18-lt\cxx-framework\src\traditional\stdclib\vfprintf.c
                  __pa_17   0x0068cc    program     static D:\Projects\EggBot_GitHub\EBB_firmware\app.X\source\ebb.c
                  __pa_17   0x009e24    program     static D:\Projects\EggBot_GitHub\EBB_firmware\Microchip\USB\usb_device.c
                  __pa_17   0x00aa3c    program     static E:\3.46\pic18-lt\cxx-framework\src\traditional\stdclib\vfprintf.c
                  __pa_17   0x008e9e    program     static D:\Projects\EggBot_GitHub\EBB_firmware\app.X\source\UBW.c
                  __pa_18   0x00aa4e    program     static E:\3.46\pic18-lt\cxx-framework\src\traditional\stdclib\vfprintf.c
                  __pa_18   0x008eba    program     static D:\Projects\EggBot_GitHub\EBB_firmware\app.X\source\UBW.c
                  __pa_18   0x0068e0    program     static D:\Projects\EggBot_GitHub\EBB_firmware\app.X\source\ebb.c
                  __pa_18   0x009e30    program     static D:\Projects\EggBot_GitHub\EBB_firmware\Microchip\USB\usb_device.c
                  __pa_19   0x008ec8    program     static D:\Projects\EggBot_GitHub\EBB_firmware\app.X\source\UBW.c
                  __pa_19   0x0068fa    program     static D:\Projects\EggBot_GitHub\EBB_firmware\app.X\source\ebb.c
                  __pa_19   0x009e38    program     static D:\Projects\EggBot_GitHub\EBB_firmware\Microchip\USB\usb_device.c
                  __pa_19   0x00aa58    program     static E:\3.46\pic18-lt\cxx-framework\src\traditional\stdclib\vfprintf.c
                   __pa_2   0x00679c    program     static D:\Projects\EggBot_GitHub\EBB_firmware\app.X\source\ebb.c
                   __pa_2   0x009d5a    program     static D:\Projects\EggBot_GitHub\EBB_firmware\Microchip\USB\usb_device.c
                   __pa_2   0x00babe    program     static E:\3.46\pic18-lt\cxx-framework\src\traditional\stdclib\sqrt.c
                   __pa_2   0x00be80    program     static D:\Projects\EggBot_GitHub\EBB_firmware\Microchip\USB\CDC Device Driver\usb_function_cdc.c
                   __pa_2   0x008e02    program     static D:\Projects\EggBot_GitHub\EBB_firmware\app.X\source\UBW.c
                   __pa_2   0x00c704    program     static E:\3.46\pic18-lt\cxx-framework\src\traditional\stdclib\PackMath.c
                   __pa_2   0x00a904    program     static E:\3.46\pic18-lt\cxx-framework\src\traditional\stdclib\vfprintf.c
                   __pa_2   0x00c22c    program     static D:\Projects\EggBot_GitHub\EBB_firmware\app.X\source\RCServo2.c
                  __pa_20   0x00aa68    program     static E:\3.46\pic18-lt\cxx-framework\src\traditional\stdclib\vfprintf.c
                  __pa_20   0x009e40    program     static D:\Projects\EggBot_GitHub\EBB_firmware\Microchip\USB\usb_device.c
                  __pa_20   0x008ed0    program     static D:\Projects\EggBot_GitHub\EBB_firmware\app.X\source\UBW.c
                  __pa_20   0x00690c    program     static D:\Projects\EggBot_GitHub\EBB_firmware\app.X\source\ebb.c
                  __pa_21   0x008edc    program     static D:\Projects\EggBot_GitHub\EBB_firmware\app.X\source\UBW.c
                  __pa_21   0x00691a    program     static D:\Projects\EggBot_GitHub\EBB_firmware\app.X\source\ebb.c
                  __pa_21   0x009e4c    program     static D:\Projects\EggBot_GitHub\EBB_firmware\Microchip\USB\usb_device.c
                  __pa_21   0x00aa78    program     static E:\3.46\pic18-lt\cxx-framework\src\traditional\stdclib\vfprintf.c
                  __pa_22   0x00aa88    program     static E:\3.46\pic18-lt\cxx-framework\src\traditional\stdclib\vfprintf.c
                  __pa_22   0x008ee2    program     static D:\Projects\EggBot_GitHub\EBB_firmware\app.X\source\UBW.c
                  __pa_22   0x006928    program     static D:\Projects\EggBot_GitHub\EBB_firmware\app.X\source\ebb.c
                  __pa_22   0x009e5c    program     static D:\Projects\EggBot_GitHub\EBB_firmware\Microchip\USB\usb_device.c
                  __pa_23   0x006934    program     static D:\Projects\EggBot_GitHub\EBB_firmware\app.X\source\ebb.c
                  __pa_23   0x008eec    program     static D:\Projects\EggBot_GitHub\EBB_firmware\app.X\source\UBW.c
                  __pa_23   0x00aa94    program     static E:\3.46\pic18-lt\cxx-framework\src\traditional\stdclib\vfprintf.c
                  __pa_23   0x009e6c    program     static D:\Projects\EggBot_GitHub\EBB_firmware\Microchip\USB\usb_device.c
                  __pa_24   0x00aaa2    program     static E:\3.46\pic18-lt\cxx-framework\src\traditional\stdclib\vfprintf.c
                  __pa_24   0x006954    program     static D:\Projects\EggBot_GitHub\EBB_firmware\app.X\source\ebb.c
                  __pa_24   0x009e7c    program     static D:\Projects\EggBot_GitHub\EBB_firmware\Microchip\USB\usb_device.c
                  __pa_24   0x008ef2    program     static D:\Projects\EggBot_GitHub\EBB_firmware\app.X\source\UBW.c
                  __pa_25   0x00696a    program     static D:\Projects\EggBot_GitHub\EBB_firmware\app.X\source\ebb.c
                  __pa_25   0x008f00    program     static D:\Projects\EggBot_GitHub\EBB_firmware\app.X\source\UBW.c
                  __pa_25   0x009e8a    program     static D:\Projects\EggBot_GitHub\EBB_firmware\Microchip\USB\usb_device.c
                  __pa_25   0x00aaaa    program     static E:\3.46\pic18-lt\cxx-framework\src\traditional\stdclib\vfprintf.c
                  __pa_26   0x008f0e    program     static D:\Projects\EggBot_GitHub\EBB_firmware\app.X\source\UBW.c
                  __pa_26   0x009e98    program     static D:\Projects\EggBot_GitHub\EBB_firmware\Microchip\USB\usb_device.c
                  __pa_26   0x00697c    program     static D:\Projects\EggBot_GitHub\EBB_firmware\app.X\source\ebb.c
                  __pa_26   0x00aab4    program     static E:\3.46\pic18-lt\cxx-framework\src\traditional\stdclib\vfprintf.c
                  __pa_27   0x008f1a    program     static D:\Projects\EggBot_GitHub\EBB_firmware\app.X\source\UBW.c
                  __pa_27   0x009ea6    program     static D:\Projects\EggBot_GitHub\EBB_firmware\Microchip\USB\usb_device.c
                  __pa_27   0x00698a    program     static D:\Projects\EggBot_GitHub\EBB_firmware\app.X\source\ebb.c
                  __pa_27   0x00aabe    program     static E:\3.46\pic18-lt\cxx-framework\src\traditional\stdclib\vfprintf.c
                  __pa_28   0x008f36    program     static D:\Projects\EggBot_GitHub\EBB_firmware\app.X\source\UBW.c
                  __pa_28   0x009eb4    program     static D:\Projects\EggBot_GitHub\EBB_firmware\Microchip\USB\usb_device.c
                  __pa_28   0x0069a6    program     static D:\Projects\EggBot_GitHub\EBB_firmware\app.X\source\ebb.c
                  __pa_28   0x00aac6    program     static E:\3.46\pic18-lt\cxx-framework\src\traditional\stdclib\vfprintf.c
                  __pa_29   0x00aad4    program     static E:\3.46\pic18-lt\cxx-framework\src\traditional\stdclib\vfprintf.c
                  __pa_29   0x008f4a    program     static D:\Projects\EggBot_GitHub\EBB_firmware\app.X\source\UBW.c
                  __pa_29   0x0069b0    program     static D:\Projects\EggBot_GitHub\EBB_firmware\app.X\source\ebb.c
                  __pa_29   0x009ebe    program     static D:\Projects\EggBot_GitHub\EBB_firmware\Microchip\USB\usb_device.c
                   __pa_3   0x00a90e    program     static E:\3.46\pic18-lt\cxx-framework\src\traditional\stdclib\vfprintf.c
                   __pa_3   0x00c23c    program     static D:\Projects\EggBot_GitHub\EBB_firmware\app.X\source\RCServo2.c
                   __pa_3   0x00c70e    program     static E:\3.46\pic18-lt\cxx-framework\src\traditional\stdclib\PackMath.c
                   __pa_3   0x008e0e    program     static D:\Projects\EggBot_GitHub\EBB_firmware\app.X\source\UBW.c
                   __pa_3   0x00be8c    program     static D:\Projects\EggBot_GitHub\EBB_firmware\Microchip\USB\CDC Device Driver\usb_function_cdc.c
                   __pa_3   0x00bad8    program     static E:\3.46\pic18-lt\cxx-framework\src\traditional\stdclib\sqrt.c
                   __pa_3   0x009d5e    program     static D:\Projects\EggBot_GitHub\EBB_firmware\Microchip\USB\usb_device.c
                   __pa_3   0x0067b6    program     static D:\Projects\EggBot_GitHub\EBB_firmware\app.X\source\ebb.c
                  __pa_30   0x008f64    program     static D:\Projects\EggBot_GitHub\EBB_firmware\app.X\source\UBW.c
                  __pa_30   0x00aaf0    program     static E:\3.46\pic18-lt\cxx-framework\src\traditional\stdclib\vfprintf.c
                  __pa_30   0x0069b6    program     static D:\Projects\EggBot_GitHub\EBB_firmware\app.X\source\ebb.c
                  __pa_30   0x009ed6    program     static D:\Projects\EggBot_GitHub\EBB_firmware\Microchip\USB\usb_device.c
                  __pa_31   0x009ee2    program     static D:\Projects\EggBot_GitHub\EBB_firmware\Microchip\USB\usb_device.c
                  __pa_31   0x00ab0a    program     static E:\3.46\pic18-lt\cxx-framework\src\traditional\stdclib\vfprintf.c
                  __pa_31   0x0069d0    program     static D:\Projects\EggBot_GitHub\EBB_firmware\app.X\source\ebb.c
                  __pa_31   0x008f70    program     static D:\Projects\EggBot_GitHub\EBB_firmware\app.X\source\UBW.c
                  __pa_32   0x009ef6    program     static D:\Projects\EggBot_GitHub\EBB_firmware\Microchip\USB\usb_device.c
                  __pa_32   0x00ab24    program     static E:\3.46\pic18-lt\cxx-framework\src\traditional\stdclib\vfprintf.c
                  __pa_32   0x0069ea    program     static D:\Projects\EggBot_GitHub\EBB_firmware\app.X\source\ebb.c
                  __pa_32   0x008f7a    program     static D:\Projects\EggBot_GitHub\EBB_firmware\app.X\source\UBW.c
                  __pa_33   0x009f02    program     static D:\Projects\EggBot_GitHub\EBB_firmware\Microchip\USB\usb_device.c
                  __pa_33   0x00ab3c    program     static E:\3.46\pic18-lt\cxx-framework\src\traditional\stdclib\vfprintf.c
                  __pa_33   0x006a04    program     static D:\Projects\EggBot_GitHub\EBB_firmware\app.X\source\ebb.c
                  __pa_33   0x008f84    program     static D:\Projects\EggBot_GitHub\EBB_firmware\app.X\source\UBW.c
                  __pa_34   0x006a1e    program     static D:\Projects\EggBot_GitHub\EBB_firmware\app.X\source\ebb.c
                  __pa_34   0x008f90    program     static D:\Projects\EggBot_GitHub\EBB_firmware\app.X\source\UBW.c
                  __pa_34   0x009f14    program     static D:\Projects\EggBot_GitHub\EBB_firmware\Microchip\USB\usb_device.c
                  __pa_34   0x00ab46    program     static E:\3.46\pic18-lt\cxx-framework\src\traditional\stdclib\vfprintf.c
                  __pa_35   0x009f22    program     static D:\Projects\EggBot_GitHub\EBB_firmware\Microchip\USB\usb_device.c
                  __pa_35   0x006a38    program     static D:\Projects\EggBot_GitHub\EBB_firmware\app.X\source\ebb.c
                  __pa_35   0x008f9c    program     static D:\Projects\EggBot_GitHub\EBB_firmware\app.X\source\UBW.c
                  __pa_35   0x00ab54    program     static E:\3.46\pic18-lt\cxx-framework\src\traditional\stdclib\vfprintf.c
                  __pa_36   0x009f34    program     static D:\Projects\EggBot_GitHub\EBB_firmware\Microchip\USB\usb_device.c
                  __pa_36   0x006a58    program     static D:\Projects\EggBot_GitHub\EBB_firmware\app.X\source\ebb.c
                  __pa_36   0x008fa4    program     static D:\Projects\EggBot_GitHub\EBB_firmware\app.X\source\UBW.c
                  __pa_36   0x00ab5c    program     static E:\3.46\pic18-lt\cxx-framework\src\traditional\stdclib\vfprintf.c
                  __pa_37   0x006a64    program     static D:\Projects\EggBot_GitHub\EBB_firmware\app.X\source\ebb.c
                  __pa_37   0x00ab66    program     static E:\3.46\pic18-lt\cxx-framework\src\traditional\stdclib\vfprintf.c
                  __pa_37   0x008fac    program     static D:\Projects\EggBot_GitHub\EBB_firmware\app.X\source\UBW.c
                  __pa_37   0x009f3e    program     static D:\Projects\EggBot_GitHub\EBB_firmware\Microchip\USB\usb_device.c
                  __pa_38   0x008fc2    program     static D:\Projects\EggBot_GitHub\EBB_firmware\app.X\source\UBW.c
                  __pa_38   0x00ab76    program     static E:\3.46\pic18-lt\cxx-framework\src\traditional\stdclib\vfprintf.c
                  __pa_38   0x009f48    program     static D:\Projects\EggBot_GitHub\EBB_firmware\Microchip\USB\usb_device.c
                  __pa_38   0x006a80    program     static D:\Projects\EggBot_GitHub\EBB_firmware\app.X\source\ebb.c
                  __pa_39   0x008fd0    program     static D:\Projects\EggBot_GitHub\EBB_firmware\app.X\source\UBW.c
                  __pa_39   0x009f4e    program     static D:\Projects\EggBot_GitHub\EBB_firmware\Microchip\USB\usb_device.c
                  __pa_39   0x00ab84    program     static E:\3.46\pic18-lt\cxx-framework\src\traditional\stdclib\vfprintf.c
                  __pa_39   0x006a8c    program     static D:\Projects\EggBot_GitHub\EBB_firmware\app.X\source\ebb.c
                   __pa_4   0x009d68    program     static D:\Projects\EggBot_GitHub\EBB_firmware\Microchip\USB\usb_device.c
                   __pa_4   0x0067da    program     static D:\Projects\EggBot_GitHub\EBB_firmware\app.X\source\ebb.c
                   __pa_4   0x00baea    program     static E:\3.46\pic18-lt\cxx-framework\src\traditional\stdclib\sqrt.c
                   __pa_4   0x00be9e    program     static D:\Projects\EggBot_GitHub\EBB_firmware\Microchip\USB\CDC Device Driver\usb_function_cdc.c
                   __pa_4   0x008e1a    program     static D:\Projects\EggBot_GitHub\EBB_firmware\app.X\source\UBW.c
                   __pa_4   0x00c71c    program     static E:\3.46\pic18-lt\cxx-framework\src\traditional\stdclib\PackMath.c
                   __pa_4   0x00a926    program     static E:\3.46\pic18-lt\cxx-framework\src\traditional\stdclib\vfprintf.c
                   __pa_4   0x00c248    program     static D:\Projects\EggBot_GitHub\EBB_firmware\app.X\source\RCServo2.c
                  __pa_40   0x006aa6    program     static D:\Projects\EggBot_GitHub\EBB_firmware\app.X\source\ebb.c
                  __pa_40   0x009f56    program     static D:\Projects\EggBot_GitHub\EBB_firmware\Microchip\USB\usb_device.c
                  __pa_40   0x008fd8    program     static D:\Projects\EggBot_GitHub\EBB_firmware\app.X\source\UBW.c
                  __pa_40   0x00ab90    program     static E:\3.46\pic18-lt\cxx-framework\src\traditional\stdclib\vfprintf.c
                  __pa_41   0x006ac4    program     static D:\Projects\EggBot_GitHub\EBB_firmware\app.X\source\ebb.c
                  __pa_41   0x008fe6    program     static D:\Projects\EggBot_GitHub\EBB_firmware\app.X\source\UBW.c
                  __pa_41   0x009f5c    program     static D:\Projects\EggBot_GitHub\EBB_firmware\Microchip\USB\usb_device.c
                  __pa_41   0x00ab9c    program     static E:\3.46\pic18-lt\cxx-framework\src\traditional\stdclib\vfprintf.c
                  __pa_42   0x008ff0    program     static D:\Projects\EggBot_GitHub\EBB_firmware\app.X\source\UBW.c
                  __pa_42   0x009f6a    program     static D:\Projects\EggBot_GitHub\EBB_firmware\Microchip\USB\usb_device.c
                  __pa_42   0x006ae2    program     static D:\Projects\EggBot_GitHub\EBB_firmware\app.X\source\ebb.c
                  __pa_42   0x00aba4    program     static E:\3.46\pic18-lt\cxx-framework\src\traditional\stdclib\vfprintf.c
                  __pa_43   0x009002    program     static D:\Projects\EggBot_GitHub\EBB_firmware\app.X\source\UBW.c
                  __pa_43   0x006afa    program     static D:\Projects\EggBot_GitHub\EBB_firmware\app.X\source\ebb.c
                  __pa_43   0x009f78    program     static D:\Projects\EggBot_GitHub\EBB_firmware\Microchip\USB\usb_device.c
                  __pa_43   0x00abae    program     static E:\3.46\pic18-lt\cxx-framework\src\traditional\stdclib\vfprintf.c
                  __pa_44   0x006b02    program     static D:\Projects\EggBot_GitHub\EBB_firmware\app.X\source\ebb.c
                  __pa_44   0x009f82    program     static D:\Projects\EggBot_GitHub\EBB_firmware\Microchip\USB\usb_device.c
                  __pa_44   0x00900e    program     static D:\Projects\EggBot_GitHub\EBB_firmware\app.X\source\UBW.c
                  __pa_44   0x00abb4    program     static E:\3.46\pic18-lt\cxx-framework\src\traditional\stdclib\vfprintf.c
                  __pa_45   0x006b14    program     static D:\Projects\EggBot_GitHub\EBB_firmware\app.X\source\ebb.c
                  __pa_45   0x009f8c    program     static D:\Projects\EggBot_GitHub\EBB_firmware\Microchip\USB\usb_device.c
                  __pa_45   0x00901a    program     static D:\Projects\EggBot_GitHub\EBB_firmware\app.X\source\UBW.c
                  __pa_45   0x00abbe    program     static E:\3.46\pic18-lt\cxx-framework\src\traditional\stdclib\vfprintf.c
                  __pa_46   0x009024    program     static D:\Projects\EggBot_GitHub\EBB_firmware\app.X\source\UBW.c
                  __pa_46   0x00abca    program     static E:\3.46\pic18-lt\cxx-framework\src\traditional\stdclib\vfprintf.c
                  __pa_46   0x009f94    program     static D:\Projects\EggBot_GitHub\EBB_firmware\Microchip\USB\usb_device.c
                  __pa_46   0x006b1c    program     static D:\Projects\EggBot_GitHub\EBB_firmware\app.X\source\ebb.c
                  __pa_47   0x006b2c    program     static D:\Projects\EggBot_GitHub\EBB_firmware\app.X\source\ebb.c
                  __pa_47   0x009fa0    program     static D:\Projects\EggBot_GitHub\EBB_firmware\Microchip\USB\usb_device.c
                  __pa_47   0x00902c    program     static D:\Projects\EggBot_GitHub\EBB_firmware\app.X\source\UBW.c
                  __pa_48   0x006b42    program     static D:\Projects\EggBot_GitHub\EBB_firmware\app.X\source\ebb.c
                  __pa_48   0x009faa    program     static D:\Projects\EggBot_GitHub\EBB_firmware\Microchip\USB\usb_device.c
                  __pa_48   0x009038    program     static D:\Projects\EggBot_GitHub\EBB_firmware\app.X\source\UBW.c
                  __pa_49   0x006b4e    program     static D:\Projects\EggBot_GitHub\EBB_firmware\app.X\source\ebb.c
                  __pa_49   0x009044    program     static D:\Projects\EggBot_GitHub\EBB_firmware\app.X\source\UBW.c
                   __pa_5   0x00bafc    program     static E:\3.46\pic18-lt\cxx-framework\src\traditional\stdclib\sqrt.c
                   __pa_5   0x00a93a    program     static E:\3.46\pic18-lt\cxx-framework\src\traditional\stdclib\vfprintf.c
                   __pa_5   0x0067fe    program     static D:\Projects\EggBot_GitHub\EBB_firmware\app.X\source\ebb.c
                   __pa_5   0x00beb8    program     static D:\Projects\EggBot_GitHub\EBB_firmware\Microchip\USB\CDC Device Driver\usb_function_cdc.c
                   __pa_5   0x00c724    program     static E:\3.46\pic18-lt\cxx-framework\src\traditional\stdclib\PackMath.c
                   __pa_5   0x008e24    program     static D:\Projects\EggBot_GitHub\EBB_firmware\app.X\source\UBW.c
                   __pa_5   0x009d78    program     static D:\Projects\EggBot_GitHub\EBB_firmware\Microchip\USB\usb_device.c
                   __pa_5   0x00c254    program     static D:\Projects\EggBot_GitHub\EBB_firmware\app.X\source\RCServo2.c
                  __pa_50   0x009052    program     static D:\Projects\EggBot_GitHub\EBB_firmware\app.X\source\UBW.c
                  __pa_50   0x006b68    program     static D:\Projects\EggBot_GitHub\EBB_firmware\app.X\source\ebb.c
                  __pa_51   0x009060    program     static D:\Projects\EggBot_GitHub\EBB_firmware\app.X\source\UBW.c
                  __pa_51   0x006b82    program     static D:\Projects\EggBot_GitHub\EBB_firmware\app.X\source\ebb.c
                  __pa_52   0x006b90    program     static D:\Projects\EggBot_GitHub\EBB_firmware\app.X\source\ebb.c
                  __pa_52   0x00906e    program     static D:\Projects\EggBot_GitHub\EBB_firmware\app.X\source\UBW.c
                  __pa_53   0x006b9e    program     static D:\Projects\EggBot_GitHub\EBB_firmware\app.X\source\ebb.c
                  __pa_53   0x00907c    program     static D:\Projects\EggBot_GitHub\EBB_firmware\app.X\source\UBW.c
                  __pa_54   0x006bac    program     static D:\Projects\EggBot_GitHub\EBB_firmware\app.X\source\ebb.c
                  __pa_54   0x00908a    program     static D:\Projects\EggBot_GitHub\EBB_firmware\app.X\source\UBW.c
                  __pa_55   0x006bb2    program     static D:\Projects\EggBot_GitHub\EBB_firmware\app.X\source\ebb.c
                  __pa_55   0x009094    program     static D:\Projects\EggBot_GitHub\EBB_firmware\app.X\source\UBW.c
                  __pa_56   0x00909c    program     static D:\Projects\EggBot_GitHub\EBB_firmware\app.X\source\UBW.c
                  __pa_56   0x006bc6    program     static D:\Projects\EggBot_GitHub\EBB_firmware\app.X\source\ebb.c
                  __pa_57   0x006bce    program     static D:\Projects\EggBot_GitHub\EBB_firmware\app.X\source\ebb.c
                  __pa_57   0x0090a2    program     static D:\Projects\EggBot_GitHub\EBB_firmware\app.X\source\UBW.c
                  __pa_58   0x006be0    program     static D:\Projects\EggBot_GitHub\EBB_firmware\app.X\source\ebb.c
                  __pa_58   0x0090aa    program     static D:\Projects\EggBot_GitHub\EBB_firmware\app.X\source\UBW.c
                  __pa_59   0x006bf2    program     static D:\Projects\EggBot_GitHub\EBB_firmware\app.X\source\ebb.c
                  __pa_59   0x0090b4    program     static D:\Projects\EggBot_GitHub\EBB_firmware\app.X\source\UBW.c
                   __pa_6   0x008e2e    program     static D:\Projects\EggBot_GitHub\EBB_firmware\app.X\source\UBW.c
                   __pa_6   0x009d82    program     static D:\Projects\EggBot_GitHub\EBB_firmware\Microchip\USB\usb_device.c
                   __pa_6   0x00bb0e    program     static E:\3.46\pic18-lt\cxx-framework\src\traditional\stdclib\sqrt.c
                   __pa_6   0x00c260    program     static D:\Projects\EggBot_GitHub\EBB_firmware\app.X\source\RCServo2.c
                   __pa_6   0x00c72c    program     static E:\3.46\pic18-lt\cxx-framework\src\traditional\stdclib\PackMath.c
                   __pa_6   0x00680a    program     static D:\Projects\EggBot_GitHub\EBB_firmware\app.X\source\ebb.c
                   __pa_6   0x00a956    program     static E:\3.46\pic18-lt\cxx-framework\src\traditional\stdclib\vfprintf.c
                   __pa_6   0x00bec6    program     static D:\Projects\EggBot_GitHub\EBB_firmware\Microchip\USB\CDC Device Driver\usb_function_cdc.c
                  __pa_60   0x0090ba    program     static D:\Projects\EggBot_GitHub\EBB_firmware\app.X\source\UBW.c
                  __pa_60   0x006c04    program     static D:\Projects\EggBot_GitHub\EBB_firmware\app.X\source\ebb.c
                  __pa_61   0x0090c0    program     static D:\Projects\EggBot_GitHub\EBB_firmware\app.X\source\UBW.c
                  __pa_61   0x006c14    program     static D:\Projects\EggBot_GitHub\EBB_firmware\app.X\source\ebb.c
                  __pa_62   0x0090c4    program     static D:\Projects\EggBot_GitHub\EBB_firmware\app.X\source\UBW.c
                  __pa_62   0x006c26    program     static D:\Projects\EggBot_GitHub\EBB_firmware\app.X\source\ebb.c
                  __pa_63   0x0090ce    program     static D:\Projects\EggBot_GitHub\EBB_firmware\app.X\source\UBW.c
                  __pa_63   0x006c38    program     static D:\Projects\EggBot_GitHub\EBB_firmware\app.X\source\ebb.c
                  __pa_64   0x006c40    program     static D:\Projects\EggBot_GitHub\EBB_firmware\app.X\source\ebb.c
                  __pa_64   0x0090d6    program     static D:\Projects\EggBot_GitHub\EBB_firmware\app.X\source\UBW.c
                  __pa_65   0x0090e0    program     static D:\Projects\EggBot_GitHub\EBB_firmware\app.X\source\UBW.c
                  __pa_65   0x006c4c    program     static D:\Projects\EggBot_GitHub\EBB_firmware\app.X\source\ebb.c
                  __pa_66   0x006c54    program     static D:\Projects\EggBot_GitHub\EBB_firmware\app.X\source\ebb.c
                  __pa_66   0x0090ec    program     static D:\Projects\EggBot_GitHub\EBB_firmware\app.X\source\UBW.c
                  __pa_67   0x006c64    program     static D:\Projects\EggBot_GitHub\EBB_firmware\app.X\source\ebb.c
                  __pa_67   0x0090f4    program     static D:\Projects\EggBot_GitHub\EBB_firmware\app.X\source\UBW.c
                  __pa_68   0x0090fc    program     static D:\Projects\EggBot_GitHub\EBB_firmware\app.X\source\UBW.c
                  __pa_68   0x006c6c    program     static D:\Projects\EggBot_GitHub\EBB_firmware\app.X\source\ebb.c
                  __pa_69   0x006c7a    program     static D:\Projects\EggBot_GitHub\EBB_firmware\app.X\source\ebb.c
                  __pa_69   0x009102    program     static D:\Projects\EggBot_GitHub\EBB_firmware\app.X\source\UBW.c
                   __pa_7   0x00a960    program     static E:\3.46\pic18-lt\cxx-framework\src\traditional\stdclib\vfprintf.c
                   __pa_7   0x008e36    program     static D:\Projects\EggBot_GitHub\EBB_firmware\app.X\source\UBW.c
                   __pa_7   0x00680e    program     static D:\Projects\EggBot_GitHub\EBB_firmware\app.X\source\ebb.c
                   __pa_7   0x00bb1c    program     static E:\3.46\pic18-lt\cxx-framework\src\traditional\stdclib\sqrt.c
                   __pa_7   0x00bed4    program     static D:\Projects\EggBot_GitHub\EBB_firmware\Microchip\USB\CDC Device Driver\usb_function_cdc.c
                   __pa_7   0x009d8c    program     static D:\Projects\EggBot_GitHub\EBB_firmware\Microchip\USB\usb_device.c
                   __pa_7   0x00c268    program     static D:\Projects\EggBot_GitHub\EBB_firmware\app.X\source\RCServo2.c
                  __pa_70   0x006c88    program     static D:\Projects\EggBot_GitHub\EBB_firmware\app.X\source\ebb.c
                  __pa_70   0x00910c    program     static D:\Projects\EggBot_GitHub\EBB_firmware\app.X\source\UBW.c
                  __pa_71   0x006c96    program     static D:\Projects\EggBot_GitHub\EBB_firmware\app.X\source\ebb.c
                  __pa_71   0x009116    program     static D:\Projects\EggBot_GitHub\EBB_firmware\app.X\source\UBW.c
                  __pa_72   0x006ca4    program     static D:\Projects\EggBot_GitHub\EBB_firmware\app.X\source\ebb.c
                  __pa_72   0x009122    program     static D:\Projects\EggBot_GitHub\EBB_firmware\app.X\source\UBW.c
                  __pa_73   0x006cae    program     static D:\Projects\EggBot_GitHub\EBB_firmware\app.X\source\ebb.c
                  __pa_73   0x00912e    program     static D:\Projects\EggBot_GitHub\EBB_firmware\app.X\source\UBW.c
                  __pa_74   0x006cb8    program     static D:\Projects\EggBot_GitHub\EBB_firmware\app.X\source\ebb.c
                  __pa_74   0x009138    program     static D:\Projects\EggBot_GitHub\EBB_firmware\app.X\source\UBW.c
                  __pa_75   0x006cc2    program     static D:\Projects\EggBot_GitHub\EBB_firmware\app.X\source\ebb.c
                  __pa_75   0x009142    program     static D:\Projects\EggBot_GitHub\EBB_firmware\app.X\source\UBW.c
                  __pa_76   0x006cca    program     static D:\Projects\EggBot_GitHub\EBB_firmware\app.X\source\ebb.c
                  __pa_76   0x00914e    program     static D:\Projects\EggBot_GitHub\EBB_firmware\app.X\source\UBW.c
                  __pa_77   0x009156    program     static D:\Projects\EggBot_GitHub\EBB_firmware\app.X\source\UBW.c
                  __pa_77   0x006cd4    program     static D:\Projects\EggBot_GitHub\EBB_firmware\app.X\source\ebb.c
                  __pa_78   0x009160    program     static D:\Projects\EggBot_GitHub\EBB_firmware\app.X\source\UBW.c
                  __pa_78   0x006cea    program     static D:\Projects\EggBot_GitHub\EBB_firmware\app.X\source\ebb.c
                  __pa_79   0x009168    program     static D:\Projects\EggBot_GitHub\EBB_firmware\app.X\source\UBW.c
                  __pa_79   0x006cfc    program     static D:\Projects\EggBot_GitHub\EBB_firmware\app.X\source\ebb.c
                   __pa_8   0x00beda    program     static D:\Projects\EggBot_GitHub\EBB_firmware\Microchip\USB\CDC Device Driver\usb_function_cdc.c
                   __pa_8   0x00a96c    program     static E:\3.46\pic18-lt\cxx-framework\src\traditional\stdclib\vfprintf.c
                   __pa_8   0x009d9c    program     static D:\Projects\EggBot_GitHub\EBB_firmware\Microchip\USB\usb_device.c
                   __pa_8   0x008e40    program     static D:\Projects\EggBot_GitHub\EBB_firmware\app.X\source\UBW.c
                   __pa_8   0x006820    program     static D:\Projects\EggBot_GitHub\EBB_firmware\app.X\source\ebb.c
                   __pa_8   0x00bb24    program     static E:\3.46\pic18-lt\cxx-framework\src\traditional\stdclib\sqrt.c
                   __pa_8   0x00c272    program     static D:\Projects\EggBot_GitHub\EBB_firmware\app.X\source\RCServo2.c
                  __pa_80   0x006d0e    program     static D:\Projects\EggBot_GitHub\EBB_firmware\app.X\source\ebb.c
                  __pa_80   0x009170    program     static D:\Projects\EggBot_GitHub\EBB_firmware\app.X\source\UBW.c
                  __pa_81   0x006d26    program     static D:\Projects\EggBot_GitHub\EBB_firmware\app.X\source\ebb.c
                  __pa_81   0x009178    program     static D:\Projects\EggBot_GitHub\EBB_firmware\app.X\source\UBW.c
                  __pa_82   0x006d3e    program     static D:\Projects\EggBot_GitHub\EBB_firmware\app.X\source\ebb.c
                  __pa_82   0x009180    program     static D:\Projects\EggBot_GitHub\EBB_firmware\app.X\source\UBW.c
                  __pa_83   0x006d56    program     static D:\Projects\EggBot_GitHub\EBB_firmware\app.X\source\ebb.c
                  __pa_83   0x00918a    program     static D:\Projects\EggBot_GitHub\EBB_firmware\app.X\source\UBW.c
                  __pa_84   0x006d6a    program     static D:\Projects\EggBot_GitHub\EBB_firmware\app.X\source\ebb.c
                  __pa_84   0x009194    program     static D:\Projects\EggBot_GitHub\EBB_firmware\app.X\source\UBW.c
                  __pa_85   0x006d7c    program     static D:\Projects\EggBot_GitHub\EBB_firmware\app.X\source\ebb.c
                  __pa_85   0x00919e    program     static D:\Projects\EggBot_GitHub\EBB_firmware\app.X\source\UBW.c
                  __pa_86   0x006d86    program     static D:\Projects\EggBot_GitHub\EBB_firmware\app.X\source\ebb.c
                  __pa_86   0x0091aa    program     static D:\Projects\EggBot_GitHub\EBB_firmware\app.X\source\UBW.c
                  __pa_87   0x0091b4    program     static D:\Projects\EggBot_GitHub\EBB_firmware\app.X\source\UBW.c
                  __pa_87   0x006da0    program     static D:\Projects\EggBot_GitHub\EBB_firmware\app.X\source\ebb.c
                  __pa_88   0x006db4    program     static D:\Projects\EggBot_GitHub\EBB_firmware\app.X\source\ebb.c
                  __pa_88   0x0091bc    program     static D:\Projects\EggBot_GitHub\EBB_firmware\app.X\source\UBW.c
                  __pa_89   0x006dbe    program     static D:\Projects\EggBot_GitHub\EBB_firmware\app.X\source\ebb.c
                  __pa_89   0x0091c8    program     static D:\Projects\EggBot_GitHub\EBB_firmware\app.X\source\UBW.c
                   __pa_9   0x00bee8    program     static D:\Projects\EggBot_GitHub\EBB_firmware\Microchip\USB\CDC Device Driver\usb_function_cdc.c
                   __pa_9   0x00bb2e    program     static E:\3.46\pic18-lt\cxx-framework\src\traditional\stdclib\sqrt.c
                   __pa_9   0x009da6    program     static D:\Projects\EggBot_GitHub\EBB_firmware\Microchip\USB\usb_device.c
                   __pa_9   0x00a98e    program     static E:\3.46\pic18-lt\cxx-framework\src\traditional\stdclib\vfprintf.c
                   __pa_9   0x008e48    program     static D:\Projects\EggBot_GitHub\EBB_firmware\app.X\source\UBW.c
                   __pa_9   0x00682c    program     static D:\Projects\EggBot_GitHub\EBB_firmware\app.X\source\ebb.c
                  __pa_90   0x006dc4    program     static D:\Projects\EggBot_GitHub\EBB_firmware\app.X\source\ebb.c
                  __pa_90   0x0091ce    program     static D:\Projects\EggBot_GitHub\EBB_firmware\app.X\source\UBW.c
                  __pa_91   0x0091da    program     static D:\Projects\EggBot_GitHub\EBB_firmware\app.X\source\UBW.c
                  __pa_91   0x006dce    program     static D:\Projects\EggBot_GitHub\EBB_firmware\app.X\source\ebb.c
                  __pa_92   0x0091e6    program     static D:\Projects\EggBot_GitHub\EBB_firmware\app.X\source\UBW.c
                  __pa_92   0x006de6    program     static D:\Projects\EggBot_GitHub\EBB_firmware\app.X\source\ebb.c
                  __pa_93   0x0091ee    program     static D:\Projects\EggBot_GitHub\EBB_firmware\app.X\source\UBW.c
                  __pa_93   0x006dfe    program     static D:\Projects\EggBot_GitHub\EBB_firmware\app.X\source\ebb.c
                  __pa_94   0x006e16    program     static D:\Projects\EggBot_GitHub\EBB_firmware\app.X\source\ebb.c
                  __pa_94   0x0091f6    program     static D:\Projects\EggBot_GitHub\EBB_firmware\app.X\source\UBW.c
                  __pa_95   0x009200    program     static D:\Projects\EggBot_GitHub\EBB_firmware\app.X\source\UBW.c
                  __pa_95   0x006e2e    program     static D:\Projects\EggBot_GitHub\EBB_firmware\app.X\source\ebb.c
                  __pa_96   0x009208    program     static D:\Projects\EggBot_GitHub\EBB_firmware\app.X\source\UBW.c
                  __pa_96   0x006e46    program     static D:\Projects\EggBot_GitHub\EBB_firmware\app.X\source\ebb.c
                  __pa_97   0x006e5e    program     static D:\Projects\EggBot_GitHub\EBB_firmware\app.X\source\ebb.c
                  __pa_97   0x00920e    program     static D:\Projects\EggBot_GitHub\EBB_firmware\app.X\source\UBW.c
                  __pa_98   0x006e76    program     static D:\Projects\EggBot_GitHub\EBB_firmware\app.X\source\ebb.c
                  __pa_98   0x009214    program     static D:\Projects\EggBot_GitHub\EBB_firmware\app.X\source\UBW.c
                  __pa_99   0x00921c    program     static D:\Projects\EggBot_GitHub\EBB_firmware\app.X\source\UBW.c
                  __pa_99   0x006e7e    program     static D:\Projects\EggBot_GitHub\EBB_firmware\app.X\source\ebb.c
               __string_0   0x00b4e6    program     static D:\Projects\EggBot_GitHub\EBB_firmware\app.X\source\ebb.c
               __string_1   0x00b4b8    program     static D:\Projects\EggBot_GitHub\EBB_firmware\app.X\source\ebb.c
              __string_10   0x00b66d    program     static D:\Projects\EggBot_GitHub\EBB_firmware\app.X\source\UBW.c
              __string_10   0x00b32b    program     static D:\Projects\EggBot_GitHub\EBB_firmware\app.X\source\ebb.c
              __string_11   0x00b64c    program     static D:\Projects\EggBot_GitHub\EBB_firmware\app.X\source\UBW.c
              __string_11   0x00b2fb    program     static D:\Projects\EggBot_GitHub\EBB_firmware\app.X\source\ebb.c
              __string_12   0x00b633    program     static D:\Projects\EggBot_GitHub\EBB_firmware\app.X\source\UBW.c
              __string_12   0x00b2d5    program     static D:\Projects\EggBot_GitHub\EBB_firmware\app.X\source\ebb.c
              __string_13   0x00b610    program     static D:\Projects\EggBot_GitHub\EBB_firmware\app.X\source\UBW.c
              __string_13   0x00b2a0    program     static D:\Projects\EggBot_GitHub\EBB_firmware\app.X\source\ebb.c
              __string_14   0x00b5e8    program     static D:\Projects\EggBot_GitHub\EBB_firmware\app.X\source\UBW.c
              __string_14   0x00b275    program     static D:\Projects\EggBot_GitHub\EBB_firmware\app.X\source\ebb.c
              __string_15   0x00b240    program     static D:\Projects\EggBot_GitHub\EBB_firmware\app.X\source\ebb.c
              __string_15   0x00b5cb    program     static D:\Projects\EggBot_GitHub\EBB_firmware\app.X\source\UBW.c
              __string_16   0x00b215    program     static D:\Projects\EggBot_GitHub\EBB_firmware\app.X\source\ebb.c
              __string_16   0x00b5c9    program     static D:\Projects\EggBot_GitHub\EBB_firmware\app.X\source\UBW.c
              __string_17   0x00b200    program     static D:\Projects\EggBot_GitHub\EBB_firmware\app.X\source\ebb.c
              __string_17   0x00b5be    program     static D:\Projects\EggBot_GitHub\EBB_firmware\app.X\source\UBW.c
              __string_18   0x00b1fb    program     static D:\Projects\EggBot_GitHub\EBB_firmware\app.X\source\ebb.c
              __string_18   0x00b5b4    program     static D:\Projects\EggBot_GitHub\EBB_firmware\app.X\source\UBW.c
              __string_19   0x00b1f2    program     static D:\Projects\EggBot_GitHub\EBB_firmware\app.X\source\ebb.c
              __string_19   0x00b5ab    program     static D:\Projects\EggBot_GitHub\EBB_firmware\app.X\source\UBW.c
               __string_2   0x00b48e    program     static D:\Projects\EggBot_GitHub\EBB_firmware\app.X\source\ebb.c
              __string_20   0x00b59f    program     static D:\Projects\EggBot_GitHub\EBB_firmware\app.X\source\UBW.c
              __string_20   0x00b1eb    program     static D:\Projects\EggBot_GitHub\EBB_firmware\app.X\source\ebb.c
              __string_21   0x00b593    program     static D:\Projects\EggBot_GitHub\EBB_firmware\app.X\source\UBW.c
              __string_21   0x00b1e5    program     static D:\Projects\EggBot_GitHub\EBB_firmware\app.X\source\ebb.c
              __string_22   0x00b587    program     static D:\Projects\EggBot_GitHub\EBB_firmware\app.X\source\UBW.c
              __string_22   0x00b1d9    program     static D:\Projects\EggBot_GitHub\EBB_firmware\app.X\source\ebb.c
              __string_23   0x00b57b    program     static D:\Projects\EggBot_GitHub\EBB_firmware\app.X\source\UBW.c
              __string_23   0x00b1c8    program     static D:\Projects\EggBot_GitHub\EBB_firmware\app.X\source\ebb.c
              __string_24   0x00b56e    program     static D:\Projects\EggBot_GitHub\EBB_firmware\app.X\source\UBW.c
              __string_24   0x00b1be    program     static D:\Projects\EggBot_GitHub\EBB_firmware\app.X\source\ebb.c
              __string_25   0x00b561    program     static D:\Projects\EggBot_GitHub\EBB_firmware\app.X\source\UBW.c
              __string_26   0x00b555    program     static D:\Projects\EggBot_GitHub\EBB_firmware\app.X\source\UBW.c
              __string_27   0x00b549    program     static D:\Projects\EggBot_GitHub\EBB_firmware\app.X\source\UBW.c
              __string_28   0x00b522    program     static D:\Projects\EggBot_GitHub\EBB_firmware\app.X\source\UBW.c
              __string_29   0x00b516    program     static D:\Projects\EggBot_GitHub\EBB_firmware\app.X\source\UBW.c
               __string_3   0x00b6ef    program     static D:\Projects\EggBot_GitHub\EBB_firmware\app.X\source\UBW.c
               __string_3   0x00b466    program     static D:\Projects\EggBot_GitHub\EBB_firmware\app.X\source\ebb.c
               __string_4   0x00b6ec    program     static D:\Projects\EggBot_GitHub\EBB_firmware\app.X\source\UBW.c
[...]
               TXSTA2bits   0x000fa8       data     extern E:\3.46\pic18-lt\cxx-framework\src\traditional\proc\p18f46j50.asm
                   TXSTA2   0x000fa8       data     extern E:\3.46\pic18-lt\cxx-framework\src\traditional\proc\p18f46j50.asm
                   TXREG2   0x000fa9       data     extern E:\3.46\pic18-lt\cxx-framework\src\traditional\proc\p18f46j50.asm
                   RCREG2   0x000faa       data     extern E:\3.46\pic18-lt\cxx-framework\src\traditional\proc\p18f46j50.asm
                   SPBRG2   0x000fab       data     extern E:\3.46\pic18-lt\cxx-framework\src\traditional\proc\p18f46j50.asm
                RCSTAbits   0x000fac       data     extern E:\3.46\pic18-lt\cxx-framework\src\traditional\proc\p18f46j50.asm
               RCSTA1bits   0x000fac       data     extern E:\3.46\pic18-lt\cxx-framework\src\traditional\proc\p18f46j50.asm
                   RCSTA1   0x000fac       data     extern E:\3.46\pic18-lt\cxx-framework\src\traditional\proc\p18f46j50.asm
                    RCSTA   0x000fac       data     extern E:\3.46\pic18-lt\cxx-framework\src\traditional\proc\p18f46j50.asm
                TXSTAbits   0x000fad       data     extern E:\3.46\pic18-lt\cxx-framework\src\traditional\proc\p18f46j50.asm
               TXSTA1bits   0x000fad       data     extern E:\3.46\pic18-lt\cxx-framework\src\traditional\proc\p18f46j50.asm
                   TXSTA1   0x000fad       data     extern E:\3.46\pic18-lt\cxx-framework\src\traditional\proc\p18f46j50.asm
                    TXSTA   0x000fad       data     extern E:\3.46\pic18-lt\cxx-framework\src\traditional\proc\p18f46j50.asm
                   TXREG1   0x000fae       data     extern E:\3.46\pic18-lt\cxx-framework\src\traditional\proc\p18f46j50.asm
                    TXREG   0x000fae       data     extern E:\3.46\pic18-lt\cxx-framework\src\traditional\proc\p18f46j50.asm
                    RCREG   0x000faf       data     extern E:\3.46\pic18-lt\cxx-framework\src\traditional\proc\p18f46j50.asm
                   RCREG1   0x000faf       data     extern E:\3.46\pic18-lt\cxx-framework\src\traditional\proc\p18f46j50.asm
                    SPBRG   0x000fb0       data     extern E:\3.46\pic18-lt\cxx-framework\src\traditional\proc\p18f46j50.asm
                   SPBRG1   0x000fb0       data     extern E:\3.46\pic18-lt\cxx-framework\src\traditional\proc\p18f46j50.asm
             CTMUICONbits   0x000fb1       data     extern E:\3.46\pic18-lt\cxx-framework\src\traditional\proc\p18f46j50.asm
                 CTMUICON   0x000fb1       data     extern E:\3.46\pic18-lt\cxx-framework\src\traditional\proc\p18f46j50.asm
             CTMUCONLbits   0x000fb2       data     extern E:\3.46\pic18-lt\cxx-framework\src\traditional\proc\p18f46j50.asm
                 CTMUCONL   0x000fb2       data     extern E:\3.46\pic18-lt\cxx-framework\src\traditional\proc\p18f46j50.asm
             CTMUCONHbits   0x000fb3       data     extern E:\3.46\pic18-lt\cxx-framework\src\traditional\proc\p18f46j50.asm
                 CTMUCONH   0x000fb3       data     extern E:\3.46\pic18-lt\cxx-framework\src\traditional\proc\p18f46j50.asm
              CCP2CONbits   0x000fb4       data     extern E:\3.46\pic18-lt\cxx-framework\src\traditional\proc\p18f46j50.asm
                  CCP2CON   0x000fb4       data     extern E:\3.46\pic18-lt\cxx-framework\src\traditional\proc\p18f46j50.asm
                 ECCP2CON   0x000fb4       data     extern E:\3.46\pic18-lt\cxx-framework\src\traditional\proc\p18f46j50.asm
             ECCP2CONbits   0x000fb4       data     extern E:\3.46\pic18-lt\cxx-framework\src\traditional\proc\p18f46j50.asm
                   CCPR2L   0x000fb5       data     extern E:\3.46\pic18-lt\cxx-framework\src\traditional\proc\p18f46j50.asm
                    CCPR2   0x000fb5       data     extern E:\3.46\pic18-lt\cxx-framework\src\traditional\proc\p18f46j50.asm
                   CCPR2H   0x000fb6       data     extern E:\3.46\pic18-lt\cxx-framework\src\traditional\proc\p18f46j50.asm
                 ECCP2DEL   0x000fb7       data     extern E:\3.46\pic18-lt\cxx-framework\src\traditional\proc\p18f46j50.asm
             ECCP2DELbits   0x000fb7       data     extern E:\3.46\pic18-lt\cxx-framework\src\traditional\proc\p18f46j50.asm
              PWM2CONbits   0x000fb7       data     extern E:\3.46\pic18-lt\cxx-framework\src\traditional\proc\p18f46j50.asm
                  PWM2CON   0x000fb7       data     extern E:\3.46\pic18-lt\cxx-framework\src\traditional\proc\p18f46j50.asm
              ECCP2ASbits   0x000fb8       data     extern E:\3.46\pic18-lt\cxx-framework\src\traditional\proc\p18f46j50.asm
                  ECCP2AS   0x000fb8       data     extern E:\3.46\pic18-lt\cxx-framework\src\traditional\proc\p18f46j50.asm
             PSTR2CONbits   0x000fb9       data     extern E:\3.46\pic18-lt\cxx-framework\src\traditional\proc\p18f46j50.asm
                 PSTR2CON   0x000fb9       data     extern E:\3.46\pic18-lt\cxx-framework\src\traditional\proc\p18f46j50.asm
             ECCP1CONbits   0x000fba       data     extern E:\3.46\pic18-lt\cxx-framework\src\traditional\proc\p18f46j50.asm
                 ECCP1CON   0x000fba       data     extern E:\3.46\pic18-lt\cxx-framework\src\traditional\proc\p18f46j50.asm
              CCP1CONbits   0x000fba       data     extern E:\3.46\pic18-lt\cxx-framework\src\traditional\proc\p18f46j50.asm
                  CCP1CON   0x000fba       data     extern E:\3.46\pic18-lt\cxx-framework\src\traditional\proc\p18f46j50.asm
                    CCPR1   0x000fbb       data     extern E:\3.46\pic18-lt\cxx-framework\src\traditional\proc\p18f46j50.asm
                   CCPR1L   0x000fbb       data     extern E:\3.46\pic18-lt\cxx-framework\src\traditional\proc\p18f46j50.asm
                   CCPR1H   0x000fbc       data     extern E:\3.46\pic18-lt\cxx-framework\src\traditional\proc\p18f46j50.asm
                  PWM1CON   0x000fbd       data     extern E:\3.46\pic18-lt\cxx-framework\src\traditional\proc\p18f46j50.asm
              PWM1CONbits   0x000fbd       data     extern E:\3.46\pic18-lt\cxx-framework\src\traditional\proc\p18f46j50.asm
                 ECCP1DEL   0x000fbd       data     extern E:\3.46\pic18-lt\cxx-framework\src\traditional\proc\p18f46j50.asm
             ECCP1DELbits   0x000fbd       data     extern E:\3.46\pic18-lt\cxx-framework\src\traditional\proc\p18f46j50.asm
                  ECCP1AS   0x000fbe       data     extern E:\3.46\pic18-lt\cxx-framework\src\traditional\proc\p18f46j50.asm
              ECCP1ASbits   0x000fbe       data     extern E:\3.46\pic18-lt\cxx-framework\src\traditional\proc\p18f46j50.asm
             PSTR1CONbits   0x000fbf       data     extern E:\3.46\pic18-lt\cxx-framework\src\traditional\proc\p18f46j50.asm
                 PSTR1CON   0x000fbf       data     extern E:\3.46\pic18-lt\cxx-framework\src\traditional\proc\p18f46j50.asm
                   WDTCON   0x000fc0       data     extern E:\3.46\pic18-lt\cxx-framework\src\traditional\proc\p18f46j50.asm
               WDTCONbits   0x000fc0       data     extern E:\3.46\pic18-lt\cxx-framework\src\traditional\proc\p18f46j50.asm
               ADCON1bits   0x000fc1       data     extern E:\3.46\pic18-lt\cxx-framework\src\traditional\proc\p18f46j50.asm
                   ADCON1   0x000fc1       data     extern E:\3.46\pic18-lt\cxx-framework\src\traditional\proc\p18f46j50.asm
               ADCON0bits   0x000fc2       data     extern E:\3.46\pic18-lt\cxx-framework\src\traditional\proc\p18f46j50.asm
                   ADCON0   0x000fc2       data     extern E:\3.46\pic18-lt\cxx-framework\src\traditional\proc\p18f46j50.asm
                    ADRES   0x000fc3       data     extern E:\3.46\pic18-lt\cxx-framework\src\traditional\proc\p18f46j50.asm
                   ADRESL   0x000fc3       data     extern E:\3.46\pic18-lt\cxx-framework\src\traditional\proc\p18f46j50.asm
                   ADRESH   0x000fc4       data     extern E:\3.46\pic18-lt\cxx-framework\src\traditional\proc\p18f46j50.asm
                 SSP1CON2   0x000fc5       data     extern E:\3.46\pic18-lt\cxx-framework\src\traditional\proc\p18f46j50.asm
             SSP1CON2bits   0x000fc5       data     extern E:\3.46\pic18-lt\cxx-framework\src\traditional\proc\p18f46j50.asm
              SSPCON2bits   0x000fc5       data     extern E:\3.46\pic18-lt\cxx-framework\src\traditional\proc\p18f46j50.asm
                  SSPCON2   0x000fc5       data     extern E:\3.46\pic18-lt\cxx-framework\src\traditional\proc\p18f46j50.asm
                 SSP1CON1   0x000fc6       data     extern E:\3.46\pic18-lt\cxx-framework\src\traditional\proc\p18f46j50.asm
                  SSPCON1   0x000fc6       data     extern E:\3.46\pic18-lt\cxx-framework\src\traditional\proc\p18f46j50.asm
              SSPCON1bits   0x000fc6       data     extern E:\3.46\pic18-lt\cxx-framework\src\traditional\proc\p18f46j50.asm
             SSP1CON1bits   0x000fc6       data     extern E:\3.46\pic18-lt\cxx-framework\src\traditional\proc\p18f46j50.asm
                 SSP1STAT   0x000fc7       data     extern E:\3.46\pic18-lt\cxx-framework\src\traditional\proc\p18f46j50.asm
             SSP1STATbits   0x000fc7       data     extern E:\3.46\pic18-lt\cxx-framework\src\traditional\proc\p18f46j50.asm
              SSPSTATbits   0x000fc7       data     extern E:\3.46\pic18-lt\cxx-framework\src\traditional\proc\p18f46j50.asm
                  SSPSTAT   0x000fc7       data     extern E:\3.46\pic18-lt\cxx-framework\src\traditional\proc\p18f46j50.asm
               SSPADDbits   0x000fc8       data     extern E:\3.46\pic18-lt\cxx-framework\src\traditional\proc\p18f46j50.asm
                   SSPADD   0x000fc8       data     extern E:\3.46\pic18-lt\cxx-framework\src\traditional\proc\p18f46j50.asm
              SSP1ADDbits   0x000fc8       data     extern E:\3.46\pic18-lt\cxx-framework\src\traditional\proc\p18f46j50.asm
                  SSP1ADD   0x000fc8       data     extern E:\3.46\pic18-lt\cxx-framework\src\traditional\proc\p18f46j50.asm
                  SSP1BUF   0x000fc9       data     extern E:\3.46\pic18-lt\cxx-framework\src\traditional\proc\p18f46j50.asm
                   SSPBUF   0x000fc9       data     extern E:\3.46\pic18-lt\cxx-framework\src\traditional\proc\p18f46j50.asm
                T2CONbits   0x000fca       data     extern E:\3.46\pic18-lt\cxx-framework\src\traditional\proc\p18f46j50.asm
                    T2CON   0x000fca       data     extern E:\3.46\pic18-lt\cxx-framework\src\traditional\proc\p18f46j50.asm
                      PR2   0x000fcb       data     extern E:\3.46\pic18-lt\cxx-framework\src\traditional\proc\p18f46j50.asm
                     TMR2   0x000fcc       data     extern E:\3.46\pic18-lt\cxx-framework\src\traditional\proc\p18f46j50.asm
                    T1CON   0x000fcd       data     extern E:\3.46\pic18-lt\cxx-framework\src\traditional\proc\p18f46j50.asm
                T1CONbits   0x000fcd       data     extern E:\3.46\pic18-lt\cxx-framework\src\traditional\proc\p18f46j50.asm
                    TMR1L   0x000fce       data     extern E:\3.46\pic18-lt\cxx-framework\src\traditional\proc\p18f46j50.asm
                    TMR1H   0x000fcf       data     extern E:\3.46\pic18-lt\cxx-framework\src\traditional\proc\p18f46j50.asm
                     RCON   0x000fd0       data     extern E:\3.46\pic18-lt\cxx-framework\src\traditional\proc\p18f46j50.asm
                 RCONbits   0x000fd0       data     extern E:\3.46\pic18-lt\cxx-framework\src\traditional\proc\p18f46j50.asm
                   CM2CON   0x000fd1       data     extern E:\3.46\pic18-lt\cxx-framework\src\traditional\proc\p18f46j50.asm
                  CM2CON1   0x000fd1       data     extern E:\3.46\pic18-lt\cxx-framework\src\traditional\proc\p18f46j50.asm
              CM2CON1bits   0x000fd1       data     extern E:\3.46\pic18-lt\cxx-framework\src\traditional\proc\p18f46j50.asm
               CM2CONbits   0x000fd1       data     extern E:\3.46\pic18-lt\cxx-framework\src\traditional\proc\p18f46j50.asm
                  CM1CON1   0x000fd2       data     extern E:\3.46\pic18-lt\cxx-framework\src\traditional\proc\p18f46j50.asm
                   CM1CON   0x000fd2       data     extern E:\3.46\pic18-lt\cxx-framework\src\traditional\proc\p18f46j50.asm
              CM1CON1bits   0x000fd2       data     extern E:\3.46\pic18-lt\cxx-framework\src\traditional\proc\p18f46j50.asm
               CM1CONbits   0x000fd2       data     extern E:\3.46\pic18-lt\cxx-framework\src\traditional\proc\p18f46j50.asm
               OSCCONbits   0x000fd3       data     extern E:\3.46\pic18-lt\cxx-framework\src\traditional\proc\p18f46j50.asm
                   OSCCON   0x000fd3       data     extern E:\3.46\pic18-lt\cxx-framework\src\traditional\proc\p18f46j50.asm
                T0CONbits   0x000fd5       data     extern E:\3.46\pic18-lt\cxx-framework\src\traditional\proc\p18f46j50.asm
                    T0CON   0x000fd5       data     extern E:\3.46\pic18-lt\cxx-framework\src\traditional\proc\p18f46j50.asm
                    TMR0L   0x000fd6       data     extern E:\3.46\pic18-lt\cxx-framework\src\traditional\proc\p18f46j50.asm
                    TMR0H   0x000fd7       data     extern E:\3.46\pic18-lt\cxx-framework\src\traditional\proc\p18f46j50.asm
                   STATUS   0x000fd8       data     extern E:\3.46\pic18-lt\cxx-framework\src\traditional\proc\p18f46j50.asm
               STATUSbits   0x000fd8       data     extern E:\3.46\pic18-lt\cxx-framework\src\traditional\proc\p18f46j50.asm
                    FSR2L   0x000fd9       data     extern E:\3.46\pic18-lt\cxx-framework\src\traditional\proc\p18f46j50.asm
                     FSR2   0x000fd9       data     extern E:\3.46\pic18-lt\cxx-framework\src\traditional\proc\p18f46j50.asm
                    FSR2H   0x000fda       data     extern E:\3.46\pic18-lt\cxx-framework\src\traditional\proc\p18f46j50.asm
                   PLUSW2   0x000fdb       data     extern E:\3.46\pic18-lt\cxx-framework\src\traditional\proc\p18f46j50.asm
                  PREINC2   0x000fdc       data     extern E:\3.46\pic18-lt\cxx-framework\src\traditional\proc\p18f46j50.asm
                 POSTDEC2   0x000fdd       data     extern E:\3.46\pic18-lt\cxx-framework\src\traditional\proc\p18f46j50.asm
                 POSTINC2   0x000fde       data     extern E:\3.46\pic18-lt\cxx-framework\src\traditional\proc\p18f46j50.asm
                    INDF2   0x000fdf       data     extern E:\3.46\pic18-lt\cxx-framework\src\traditional\proc\p18f46j50.asm
                      BSR   0x000fe0       data     extern E:\3.46\pic18-lt\cxx-framework\src\traditional\proc\p18f46j50.asm
                    FSR1L   0x000fe1       data     extern E:\3.46\pic18-lt\cxx-framework\src\traditional\proc\p18f46j50.asm
                     FSR1   0x000fe1       data     extern E:\3.46\pic18-lt\cxx-framework\src\traditional\proc\p18f46j50.asm
                    FSR1H   0x000fe2       data     extern E:\3.46\pic18-lt\cxx-framework\src\traditional\proc\p18f46j50.asm
                   PLUSW1   0x000fe3       data     extern E:\3.46\pic18-lt\cxx-framework\src\traditional\proc\p18f46j50.asm
                  PREINC1   0x000fe4       data     extern E:\3.46\pic18-lt\cxx-framework\src\traditional\proc\p18f46j50.asm
                 POSTDEC1   0x000fe5       data     extern E:\3.46\pic18-lt\cxx-framework\src\traditional\proc\p18f46j50.asm
                 POSTINC1   0x000fe6       data     extern E:\3.46\pic18-lt\cxx-framework\src\traditional\proc\p18f46j50.asm
                    INDF1   0x000fe7       data     extern E:\3.46\pic18-lt\cxx-framework\src\traditional\proc\p18f46j50.asm
                     WREG   0x000fe8       data     extern E:\3.46\pic18-lt\cxx-framework\src\traditional\proc\p18f46j50.asm
                     FSR0   0x000fe9       data     extern E:\3.46\pic18-lt\cxx-framework\src\traditional\proc\p18f46j50.asm
                    FSR0L   0x000fe9       data     extern E:\3.46\pic18-lt\cxx-framework\src\traditional\proc\p18f46j50.asm
                    FSR0H   0x000fea       data     extern E:\3.46\pic18-lt\cxx-framework\src\traditional\proc\p18f46j50.asm
                   PLUSW0   0x000feb       data     extern E:\3.46\pic18-lt\cxx-framework\src\traditional\proc\p18f46j50.asm
                  PREINC0   0x000fec       data     extern E:\3.46\pic18-lt\cxx-framework\src\traditional\proc\p18f46j50.asm
                 POSTDEC0   0x000fed       data     extern E:\3.46\pic18-lt\cxx-framework\src\traditional\proc\p18f46j50.asm
                 POSTINC0   0x000fee       data     extern E:\3.46\pic18-lt\cxx-framework\src\traditional\proc\p18f46j50.asm
                    INDF0   0x000fef       data     extern E:\3.46\pic18-lt\cxx-framework\src\traditional\proc\p18f46j50.asm
                  INTCON3   0x000ff0       data     extern E:\3.46\pic18-lt\cxx-framework\src\traditional\proc\p18f46j50.asm
              INTCON3bits   0x000ff0       data     extern E:\3.46\pic18-lt\cxx-framework\src\traditional\proc\p18f46j50.asm
                  INTCON2   0x000ff1       data     extern E:\3.46\pic18-lt\cxx-framework\src\traditional\proc\p18f46j50.asm
              INTCON2bits   0x000ff1       data     extern E:\3.46\pic18-lt\cxx-framework\src\traditional\proc\p18f46j50.asm
                   INTCON   0x000ff2       data     extern E:\3.46\pic18-lt\cxx-framework\src\traditional\proc\p18f46j50.asm
               INTCONbits   0x000ff2       data     extern E:\3.46\pic18-lt\cxx-framework\src\traditional\proc\p18f46j50.asm
                    PRODL   0x000ff3       data     extern E:\3.46\pic18-lt\cxx-framework\src\traditional\proc\p18f46j50.asm
                     PROD   0x000ff3       data     extern E:\3.46\pic18-lt\cxx-framework\src\traditional\proc\p18f46j50.asm
                    PRODH   0x000ff4       data     extern E:\3.46\pic18-lt\cxx-framework\src\traditional\proc\p18f46j50.asm
                   TABLAT   0x000ff5       data     extern E:\3.46\pic18-lt\cxx-framework\src\traditional\proc\p18f46j50.asm
                  TBLPTRL   0x000ff6       data     extern E:\3.46\pic18-lt\cxx-framework\src\traditional\proc\p18f46j50.asm
                   TBLPTR   0x000ff6       data     extern E:\3.46\pic18-lt\cxx-framework\src\traditional\proc\p18f46j50.asm
                  TBLPTRH   0x000ff7       data     extern E:\3.46\pic18-lt\cxx-framework\src\traditional\proc\p18f46j50.asm
                  TBLPTRU   0x000ff8       data     extern E:\3.46\pic18-lt\cxx-framework\src\traditional\proc\p18f46j50.asm
                       PC   0x000ff9       data     extern E:\3.46\pic18-lt\cxx-framework\src\traditional\proc\p18f46j50.asm
                      PCL   0x000ff9       data     extern E:\3.46\pic18-lt\cxx-framework\src\traditional\proc\p18f46j50.asm
                   PCLATH   0x000ffa       data     extern E:\3.46\pic18-lt\cxx-framework\src\traditional\proc\p18f46j50.asm
                   PCLATU   0x000ffb       data     extern E:\3.46\pic18-lt\cxx-framework\src\traditional\proc\p18f46j50.asm
                   STKPTR   0x000ffc       data     extern E:\3.46\pic18-lt\cxx-framework\src\traditional\proc\p18f46j50.asm
               STKPTRbits   0x000ffc       data     extern E:\3.46\pic18-lt\cxx-framework\src\traditional\proc\p18f46j50.asm
                      TOS   0x000ffd       data     extern E:\3.46\pic18-lt\cxx-framework\src\traditional\proc\p18f46j50.asm
                     TOSL   0x000ffd       data     extern E:\3.46\pic18-lt\cxx-framework\src\traditional\proc\p18f46j50.asm
                     TOSH   0x000ffe       data     extern E:\3.46\pic18-lt\cxx-framework\src\traditional\proc\p18f46j50.asm
                     TOSU   0x000fff       data     extern E:\3.46\pic18-lt\cxx-framework\src\traditional\proc\p18f46j50.asm


