MPLINK 5.00, LINKER
Linker Map File - Created Sat Nov 25 09:13:21 2023

                                 Section Info
                  Section       Type    Address   Location Size(Bytes)
                ---------  ---------  ---------  ---------  ---------
    REMAPPED_RESET_VECTOR       code   0x001000    program   0x000006
REMAPPED_HIGH_INTERRUPT_VECTOR       code   0x001008    program   0x000006
REMAPPED_LOW_INTERRUPT_VECTOR       code   0x001018    program   0x000006
                   .cinit    romdata   0x00102a    program   0x000026
              .code_ebb.o       code   0x001050    program   0x003794
              .code_UBW.o       code   0x0047e4    program   0x0029c0
       .code_usb_device.o       code   0x0071a4    program   0x000d3e
             .stringtable    romdata   0x007ee2    program   0x0004ca
         .code_RCServo2.o       code   0x0083ac    program   0x0003f4
 .code_usb_function_cdc.o       code   0x0087a0    program   0x0003c6
        .code_ebb_print.o       code   0x008b66    program   0x000230
  .code_WriteBytesFlash.o       code   0x008d96    program   0x0001de
             .code_main.o       code   0x008f74    program   0x00014e
                    .code       code   0x0090c2    program   0x00011a
       .code_EraseFlash.o       code   0x0091dc    program   0x0000f8
           .romdata_UBW.o    romdata   0x0092d4    program   0x0000ac
               _cinit_scn       code   0x009380    program   0x00009e
        .code_ReadFlash.o       code   0x00941e    program   0x000092
           .code_u1open.o       code   0x0094b0    program   0x000072
          .code_fxm3232.o       code   0x009522    program   0x000070
                     PROG       code   0x009592    program   0x000068
.romdata_usb_descriptors.o    romdata   0x0095fa    program   0x000057
       .romdata_fxm3232.o    romdata   0x009651    program   0x000000
       .idata_fxm3232.o_i    romdata   0x009651    program   0x000000
        .idata_u1open.o_i    romdata   0x009651    program   0x000000
        .romdata_u1open.o    romdata   0x009651    program   0x000000
      .romdata_fxd3232u.o    romdata   0x009651    program   0x000000
     .idata_ReadFlash.o_i    romdata   0x009651    program   0x000000
     .romdata_ReadFlash.o    romdata   0x009651    program   0x000000
       .romdata_pow2x16.o    romdata   0x009651    program   0x000000
       .idata_pow2x16.o_i    romdata   0x009651    program   0x000000
       .idata_u1write.o_i    romdata   0x009651    program   0x000000
       .romdata_u1write.o    romdata   0x009651    program   0x000000
        .idata_u1defs.o_i    romdata   0x009651    program   0x000000
        .romdata_u1defs.o    romdata   0x009651    program   0x000000
.idata_WriteBytesFlash.o_i    romdata   0x009651    program   0x000000
.romdata_WriteBytesFlash.o    romdata   0x009651    program   0x000000
        .idata___init.o_i    romdata   0x009651    program   0x000000
        .romdata___init.o    romdata   0x009651    program   0x000000
         .idata_c018i.o_i    romdata   0x009651    program   0x000000
         .romdata_c018i.o    romdata   0x009651    program   0x000000
    .idata_usb_device.o_i    romdata   0x009651    program   0x000000
    .romdata_usb_device.o    romdata   0x009651    program   0x000000
.idata_usb_function_cdc.o_i    romdata   0x009651    program   0x000000
.romdata_usb_function_cdc.o    romdata   0x009651    program   0x000000
           .romdata_ebb.o    romdata   0x009651    program   0x000000
          .idata_main.o_i    romdata   0x009651    program   0x000000
          .romdata_main.o    romdata   0x009651    program   0x000000
      .idata_RCServo2.o_i    romdata   0x009651    program   0x000000
      .idata_fxd3232u.o_i    romdata   0x009651    program   0x000000
    .romdata_EraseFlash.o    romdata   0x009651    program   0x000000
    .idata_EraseFlash.o_i    romdata   0x009651    program   0x000000
     .romdata_ebb_print.o    romdata   0x009651    program   0x000000
     .idata_ebb_print.o_i    romdata   0x009651    program   0x000000
      .romdata_RCServo2.o    romdata   0x009651    program   0x000000
           .code_u1defs.o       code   0x009652    program   0x000000
  .code_usb_descriptors.o       code   0x009652    program   0x000000
            .code_c018i.o       code   0x009652    program   0x000000
         .code_fxd3232u.o       code   0x009652    program   0x000048
                   STRING       code   0x00969a    program   0x000034
          .code_u1write.o       code   0x0096ce    program   0x00002e
                    CTYPE       code   0x0096fc    program   0x000028
             _startup_scn       code   0x009724    program   0x00001c
          .code_pow2x16.o       code   0x009740    program   0x000016
           .code___init.o       code   0x009756    program   0x000002
.idata_usb_descriptors.o_i    romdata   0x009758    program   0x00007e
           .idata_ebb.o_i    romdata   0x0097d6    program   0x000002
           .idata_UBW.o_i    romdata   0x0097d8    program   0x000007
               ISR_access      udata   0x000000       data   0x000037
                MATH_DATA      udata   0x000037       data   0x000010
                 .tmpdata      udata   0x000047       data   0x000010
              low_ISR_tmp      udata   0x000057       data   0x000004
             high_ISR_tmp      udata   0x00005b       data   0x000004
         RC2Servo_globals      udata   0x000060       data   0x00002b
             .udata_UBW.o      udata   0x00008b       data   0x00006f
             .idata_ebb.o      idata   0x0000fa       data   0x000002
                  ISR_buf      udata   0x000100       data   0x000029
             .udata_ebb.o      udata   0x000129       data   0x00004f
             .idata_UBW.o      idata   0x000178       data   0x000007
 .udata_WriteBytesFlash.o      udata   0x00017f       data   0x000000
 .idata_WriteBytesFlash.o      idata   0x00017f       data   0x000000
          .udata___init.o      udata   0x00017f       data   0x000000
          .idata___init.o      idata   0x00017f       data   0x000000
         .udata_pow2x16.o      udata   0x00017f       data   0x000000
         .idata_pow2x16.o      idata   0x00017f       data   0x000000
          .idata_u1defs.o      idata   0x00017f       data   0x000000
         .idata_u1write.o      idata   0x00017f       data   0x000000
         .udata_u1write.o      udata   0x00017f       data   0x000000
       .idata_ReadFlash.o      idata   0x00017f       data   0x000000
      .udata_EraseFlash.o      udata   0x00017f       data   0x000000
      .idata_EraseFlash.o      idata   0x00017f       data   0x000000
        .udata_fxd3232u.o      udata   0x00017f       data   0x000000
        .idata_fxd3232u.o      idata   0x00017f       data   0x000000
         .udata_fxm3232.o      udata   0x00017f       data   0x000000
         .idata_fxm3232.o      idata   0x00017f       data   0x000000
          .udata_u1open.o      udata   0x00017f       data   0x000000
          .idata_u1open.o      idata   0x00017f       data   0x000000
       .udata_ReadFlash.o      udata   0x00017f       data   0x000000
           .idata_c018i.o      idata   0x00017f       data   0x000000
      .idata_usb_device.o      idata   0x00017f       data   0x000000
       .idata_ebb_print.o      idata   0x00017f       data   0x000000
.idata_usb_function_cdc.o      idata   0x00017f       data   0x000000
 .udata_usb_descriptors.o      udata   0x00017f       data   0x000000
            .idata_main.o      idata   0x00017f       data   0x000000
        .udata_RCServo2.o      udata   0x00017f       data   0x000000
        .idata_RCServo2.o      idata   0x00017f       data   0x000000
              ISR_globals      udata   0x000180       data   0x00006b
                     gpr5      udata   0x0001eb       data   0x000014
          .udata_u1defs.o      udata   0x0001ff       data   0x000001
               com_tx_buf      udata   0x000200       data   0x000080
 .idata_usb_descriptors.o      idata   0x000280       data   0x00007e
            .udata_main.o      udata   0x0002fe       data   0x000002
               com_rx_buf      udata   0x000300       data   0x000100
                  USB_BDT      udata   0x000400       data   0x000078
.udata_usb_function_cdc.o      udata   0x000500       data   0x0000a8
      .udata_usb_device.o      udata   0x0005a8       data   0x000034
       .udata_ebb_print.o      udata   0x0005dc       data   0x00000e
           .udata_c018i.o      udata   0x0005ea       data   0x00000a
                 FIFO_scn      udata   0x000600       data   0x000800
                   .stack      udata   0x000e00       data   0x0000c0
              SFR_BANKED0      udata   0x000ec6       data   0x00000e
              SFR_BANKED1      udata   0x000ed7       data   0x000008
              SFR_BANKED2      udata   0x000ee7       data   0x000004
              SFR_BANKED3      udata   0x000eec       data   0x000003
              SFR_BANKED4      udata   0x000ef2       data   0x000002
              SFR_BANKED5      udata   0x000ef6       data   0x000002
              SFR_BANKED6      udata   0x000efb       data   0x000005
              SFR_BANKED7      udata   0x000f26       data   0x000014
              SFR_BANKED8      udata   0x000f3c       data   0x000007
              SFR_BANKED9      udata   0x000f48       data   0x000008
             SFR_BANKED10      udata   0x000f52       data   0x00000e
            SFR_UNBANKED0      udata   0x000f60       data   0x0000a0



                              Program Memory Usage 
                               Start         End      
                           ---------   ---------      
                            0x001000    0x001005      
                            0x001008    0x00100d      
                            0x001018    0x00101d      
                            0x00102a    0x009650      
                            0x009652    0x0097de      
            34758 out of 63498 program addresses used, program memory utilization is 54%



                              Symbols - Sorted by Name
                     Name    Address   Location    Storage File                     
                ---------  ---------  ---------  --------- ---------                
          AnalogConfigure   0x005dbe    program     extern D:\Projects\EggBot1-GH\EBB_firmware\app.X\source\UBW.c
           BlinkUSBStatus   0x006b06    program     extern D:\Projects\EggBot1-GH\EBB_firmware\app.X\source\UBW.c
                CDCInitEP   0x00883c    program     extern D:\Projects\EggBot1-GH\EBB_firmware\Microchip\USB\CDC Device Driver\usb_function_cdc.c
             CDCTxService   0x0089d2    program     extern D:\Projects\EggBot1-GH\EBB_firmware\Microchip\USB\CDC Device Driver\usb_function_cdc.c
                   D3232S   0x0095c2    program     static E:\3.46\pic18-lt\cxx-framework\src\traditional\math\fxd3232s.asm
                D3232SNEG   0x0095d0    program     static E:\3.46\pic18-lt\cxx-framework\src\traditional\math\fxd3232s.asm
                 D3232SOK   0x0095cc    program     static E:\3.46\pic18-lt\cxx-framework\src\traditional\math\fxd3232s.asm
                  D3232SX   0x0095f0    program     static E:\3.46\pic18-lt\cxx-framework\src\traditional\math\fxd3232s.asm
                  DA3232S   0x0095ac    program     static E:\3.46\pic18-lt\cxx-framework\src\traditional\math\fxd3232s.asm
                     Done   0x00910a    program     static source\squareroot.s      
                   Done32   0x009178    program     static source\squareroot.s      
                 EBB_Init   0x001c20    program     extern D:\Projects\EggBot1-GH\EBB_firmware\app.X\source\ebb.c
               EraseFlash   0x0091dc    program     extern E:\3.46\pic18-lt\cxx-framework\src\pmc_common\Flash\EraseFlash.c
                 FXD3232S   0x009592    program     extern E:\3.46\pic18-lt\cxx-framework\src\traditional\math\fxd3232s.asm
                 FXD3232U   0x009652    program     extern E:\3.46\pic18-lt\cxx-framework\src\traditional\math\fxd3232u.c
                  FXM3232   0x009522    program     extern E:\3.46\pic18-lt\cxx-framework\src\traditional\math\fxm3232.c
         InitializeSystem   0x008f84    program     static D:\Projects\EggBot1-GH\EBB_firmware\app.X\source\main.c
                LongDelay   0x006400    program     extern D:\Projects\EggBot1-GH\EBB_firmware\app.X\source\UBW.c
                  NextBit   0x0090fa    program     static source\squareroot.s      
                  NxtBt16   0x00915c    program     static source\squareroot.s      
               Open1USART   0x0094b0    program     extern E:\3.46\pic18-lt\cxx-framework\src\pmc_common\USART\u1open.c
                ProcessIO   0x004dd0    program     extern D:\Projects\EggBot1-GH\EBB_firmware\app.X\source\UBW.c
            RCServo2_Init   0x0083ac    program     extern D:\Projects\EggBot1-GH\EBB_firmware\app.X\source\RCServo2.c
            RCServo2_Move   0x008546    program     extern D:\Projects\EggBot1-GH\EBB_firmware\app.X\source\RCServo2.c
      RCServo2_S2_command   0x00849c    program     extern D:\Projects\EggBot1-GH\EBB_firmware\app.X\source\RCServo2.c
RCServo2_get_channel_from_RPn   0x00845e    program     extern D:\Projects\EggBot1-GH\EBB_firmware\app.X\source\RCServo2.c
                   RPnBit   0x009367    program     extern D:\Projects\EggBot1-GH\EBB_firmware\app.X\source\UBW.c
               RPnLATPort   0x009335    program     extern D:\Projects\EggBot1-GH\EBB_firmware\app.X\source\UBW.c
              RPnTRISPort   0x009303    program     extern D:\Projects\EggBot1-GH\EBB_firmware\app.X\source\UBW.c
                ReadFlash   0x00941e    program     extern E:\3.46\pic18-lt\cxx-framework\src\pmc_common\Flash\ReadFlash.c
        Remapped_High_ISR   0x001008    program     extern D:\Projects\EggBot1-GH\EBB_firmware\app.X\source\main.c
         Remapped_Low_ISR   0x001018    program     extern D:\Projects\EggBot1-GH\EBB_firmware\app.X\source\main.c
         SetPinLATFromRPn   0x006be2    program     extern D:\Projects\EggBot1-GH\EBB_firmware\app.X\source\UBW.c
        SetPinTRISFromRPn   0x006c3e    program     extern D:\Projects\EggBot1-GH\EBB_firmware\app.X\source\UBW.c
                     Sq16   0x009182    program     extern source\squareroot.s      
                     Sqrt   0x0090c2    program     extern source\squareroot.s      
                   Sqrt16   0x0090d0    program     extern source\squareroot.s      
                   Sqrt32   0x009110    program     extern source\squareroot.s      
                  Squar16   0x009120    program     static source\squareroot.s      
                  Square8   0x0090da    program     static source\squareroot.s      
       USBCBCheckOtherReq   0x008fe0    program     extern D:\Projects\EggBot1-GH\EBB_firmware\app.X\source\main.c
        USBCBErrorHandler   0x008fde    program     extern D:\Projects\EggBot1-GH\EBB_firmware\app.X\source\main.c
              USBCBInitEP   0x008fe6    program     extern D:\Projects\EggBot1-GH\EBB_firmware\app.X\source\main.c
          USBCBSendResume   0x008fea    program     extern D:\Projects\EggBot1-GH\EBB_firmware\app.X\source\main.c
    USBCBStdSetDscHandler   0x008fe4    program     extern D:\Projects\EggBot1-GH\EBB_firmware\app.X\source\main.c
             USBCBSuspend   0x008fd8    program     extern D:\Projects\EggBot1-GH\EBB_firmware\app.X\source\main.c
     USBCBWakeFromSuspend   0x008fda    program     extern D:\Projects\EggBot1-GH\EBB_firmware\app.X\source\main.c
        USBCB_SOF_Handler   0x008fdc    program     extern D:\Projects\EggBot1-GH\EBB_firmware\app.X\source\main.c
       USBCDCEventHandler   0x00887e    program     extern D:\Projects\EggBot1-GH\EBB_firmware\Microchip\USB\CDC Device Driver\usb_function_cdc.c
              USBCancelIO   0x0074d0    program     extern D:\Projects\EggBot1-GH\EBB_firmware\Microchip\USB\usb_device.c
       USBCheckCDCRequest   0x0087a0    program     extern D:\Projects\EggBot1-GH\EBB_firmware\Microchip\USB\CDC Device Driver\usb_function_cdc.c
       USBCheckStdRequest   0x007ad0    program     static D:\Projects\EggBot1-GH\EBB_firmware\Microchip\USB\usb_device.c
     USBConfigureEndpoint   0x007590    program     static D:\Projects\EggBot1-GH\EBB_firmware\Microchip\USB\usb_device.c
  USBCtrlEPAllowDataStage   0x007552    program     extern D:\Projects\EggBot1-GH\EBB_firmware\Microchip\USB\usb_device.c
USBCtrlEPAllowStatusStage   0x007506    program     extern D:\Projects\EggBot1-GH\EBB_firmware\Microchip\USB\usb_device.c
         USBCtrlEPService   0x007974    program     static D:\Projects\EggBot1-GH\EBB_firmware\Microchip\USB\usb_device.c
 USBCtrlEPServiceComplete   0x0075ec    program     static D:\Projects\EggBot1-GH\EBB_firmware\Microchip\USB\usb_device.c
      USBCtrlTrfInHandler   0x007a56    program     static D:\Projects\EggBot1-GH\EBB_firmware\Microchip\USB\usb_device.c
     USBCtrlTrfOutHandler   0x007a38    program     static D:\Projects\EggBot1-GH\EBB_firmware\Microchip\USB\usb_device.c
      USBCtrlTrfRxService   0x0076c6    program     static D:\Projects\EggBot1-GH\EBB_firmware\Microchip\USB\usb_device.c
   USBCtrlTrfSetupHandler   0x007a02    program     static D:\Projects\EggBot1-GH\EBB_firmware\Microchip\USB\usb_device.c
      USBCtrlTrfTxService   0x007646    program     static D:\Projects\EggBot1-GH\EBB_firmware\Microchip\USB\usb_device.c
            USBDeviceInit   0x0071a4    program     extern D:\Projects\EggBot1-GH\EBB_firmware\Microchip\USB\usb_device.c
           USBDeviceTasks   0x007270    program     extern D:\Projects\EggBot1-GH\EBB_firmware\Microchip\USB\usb_device.c
        USBEnableEndpoint   0x0073ca    program     extern D:\Projects\EggBot1-GH\EBB_firmware\Microchip\USB\usb_device.c
         USBStallEndpoint   0x00749e    program     extern D:\Projects\EggBot1-GH\EBB_firmware\Microchip\USB\usb_device.c
          USBStallHandler   0x007922    program     static D:\Projects\EggBot1-GH\EBB_firmware\Microchip\USB\usb_device.c
  USBStdFeatureReqHandler   0x007b78    program     static D:\Projects\EggBot1-GH\EBB_firmware\Microchip\USB\usb_device.c
      USBStdGetDscHandler   0x007806    program     static D:\Projects\EggBot1-GH\EBB_firmware\Microchip\USB\usb_device.c
   USBStdGetStatusHandler   0x0078ac    program     static D:\Projects\EggBot1-GH\EBB_firmware\Microchip\USB\usb_device.c
      USBStdSetCfgHandler   0x00778e    program     static D:\Projects\EggBot1-GH\EBB_firmware\Microchip\USB\usb_device.c
               USBSuspend   0x007944    program     static D:\Projects\EggBot1-GH\EBB_firmware\Microchip\USB\usb_device.c
     USBTransferOnePacket   0x007412    program     extern D:\Projects\EggBot1-GH\EBB_firmware\Microchip\USB\usb_device.c
       USBWakeFromSuspend   0x00795a    program     static D:\Projects\EggBot1-GH\EBB_firmware\Microchip\USB\usb_device.c
               USB_CD_Ptr   0x00964f    program     extern D:\Projects\EggBot1-GH\EBB_firmware\app.X\source\usb_descriptors.c
USER_USB_CALLBACK_EVENT_HANDLER   0x00902e    program     extern D:\Projects\EggBot1-GH\EBB_firmware\app.X\source\main.c
                 UserInit   0x004c3e    program     extern D:\Projects\EggBot1-GH\EBB_firmware\app.X\source\UBW.c
              Write1USART   0x0096ce    program     extern E:\3.46\pic18-lt\cxx-framework\src\pmc_common\USART\u1write.c
          WriteBytesFlash   0x008d96    program     extern E:\3.46\pic18-lt\cxx-framework\src\pmc_common\Flash\WriteBytesFlash.c
              _2jContinue   0x0096ba    program     static E:\3.46\pic18-lt\cxx-framework\src\traditional\stdclib\memset.asm
                   _3jEnd   0x0096c4    program     static E:\3.46\pic18-lt\cxx-framework\src\traditional\stdclib\memset.asm
       ___case_0_lbl00242   0x005a38    program     static                          
       ___case_1_lbl00243   0x005a38    program     static                          
       ___case_2_lbl00241   0x005a24    program     static                          
       ___case_3_lbl00245   0x005a3e    program     static                          
      ___default_lbl00244   0x005a38    program     static                          
         ___else_lbl00218   0x0057d0    program     static                          
         ___else_lbl00221   0x00580e    program     static                          
         ___else_lbl00223   0x005850    program     static                          
         ___else_lbl00225   0x005834    program     static                          
         ___else_lbl00230   0x0058d6    program     static                          
         ___else_lbl00232   0x0058ba    program     static                          
         ___else_lbl00234   0x0058fc    program     static                          
         ___else_lbl00237   0x00597e    program     static                          
         ___else_lbl00239   0x0059b0    program     static                          
         ___else_lbl00247   0x005a0e    program     static                          
         ___else_lbl00249   0x005a94    program     static                          
         ___else_lbl00251   0x005a70    program     static                          
         ___else_lbl00253   0x005aea    program     static                          
         ___else_lbl00255   0x005aba    program     static                          
         ___else_lbl00257   0x005b40    program     static                          
         ___else_lbl00259   0x005b10    program     static                          
         ___else_lbl00261   0x005b92    program     static                          
         ___else_lbl00263   0x005b64    program     static                          
         ___else_lbl00267   0x005c20    program     static                          
         ___else_lbl00269   0x005bf2    program     static                          
         ___else_lbl00271   0x005c26    program     static                          
         ___else_lbl00273   0x005bd6    program     static                          
         ___else_lbl00275   0x005b98    program     static                          
         ___else_lbl00277   0x005b46    program     static                          
         ___else_lbl00279   0x005af0    program     static                          
         ___else_lbl00281   0x005a9a    program     static                          
         ___else_lbl00283   0x005a52    program     static                          
         ___else_lbl00285   0x0059da    program     static                          
         ___else_lbl00287   0x0059b6    program     static                          
         ___else_lbl00289   0x005988    program     static                          
         ___else_lbl00291   0x005956    program     static                          
         ___else_lbl00293   0x005930    program     static                          
         ___else_lbl00295   0x005904    program     static                          
         ___else_lbl00297   0x0058dc    program     static                          
         ___else_lbl00299   0x00589a    program     static                          
         ___else_lbl00301   0x005856    program     static                          
         ___else_lbl00303   0x005814    program     static                          
         ___else_lbl00305   0x0057d6    program     static                          
          ___for_lbl00417   0x001c88    program     static                          
          ___for_lbl00418   0x001c8c    program     static                          
          ___for_lbl00419   0x001c2c    program     static                          
          ___for_lbl00420   0x001d78    program     static                          
          ___for_lbl00421   0x001d7c    program     static                          
          ___for_lbl00422   0x001d64    program     static                          
          ___for_lbl00427   0x006422    program     static                          
          ___for_lbl00428   0x006426    program     static                          
          ___for_lbl00431   0x00640c    program     static                          
           ___if_lbl00005   0x008ede    program     static                          
           ___if_lbl00006   0x008f00    program     static                          
           ___if_lbl00007   0x008f18    program     static                          
           ___if_lbl00215   0x00579e    program     static                          
           ___if_lbl00217   0x0057d4    program     static                          
           ___if_lbl00220   0x005812    program     static                          
           ___if_lbl00222   0x005854    program     static                          
           ___if_lbl00224   0x005854    program     static                          
           ___if_lbl00226   0x005888    program     static                          
           ___if_lbl00229   0x0058da    program     static                          
           ___if_lbl00231   0x0058da    program     static                          
           ___if_lbl00233   0x005902    program     static                          
           ___if_lbl00235   0x00592e    program     static                          
           ___if_lbl00236   0x005986    program     static                          
           ___if_lbl00238   0x0059b4    program     static                          
           ___if_lbl00246   0x005a4c    program     static                          
           ___if_lbl00248   0x005a98    program     static                          
           ___if_lbl00250   0x005a98    program     static                          
           ___if_lbl00252   0x005aee    program     static                          
           ___if_lbl00254   0x005aee    program     static                          
           ___if_lbl00256   0x005b44    program     static                          
           ___if_lbl00258   0x005b44    program     static                          
           ___if_lbl00260   0x005b96    program     static                          
           ___if_lbl00262   0x005b96    program     static                          
           ___if_lbl00266   0x005c24    program     static                          
           ___if_lbl00268   0x005c24    program     static                          
           ___if_lbl00270   0x005c2a    program     static                          
           ___if_lbl00272   0x005c2a    program     static                          
           ___if_lbl00274   0x005c2a    program     static                          
           ___if_lbl00276   0x005c2a    program     static                          
           ___if_lbl00278   0x005c2a    program     static                          
           ___if_lbl00280   0x005c2a    program     static                          
           ___if_lbl00282   0x005c2a    program     static                          
           ___if_lbl00284   0x005c2a    program     static                          
           ___if_lbl00286   0x005c2a    program     static                          
           ___if_lbl00288   0x005c2a    program     static                          
           ___if_lbl00290   0x005c2a    program     static                          
           ___if_lbl00292   0x005c2a    program     static                          
           ___if_lbl00294   0x005c2a    program     static                          
           ___if_lbl00296   0x005c2a    program     static                          
           ___if_lbl00298   0x005c2a    program     static                          
           ___if_lbl00300   0x005c2a    program     static                          
           ___if_lbl00302   0x005c2a    program     static                          
           ___if_lbl00304   0x005c2a    program     static                          
       ___return_lbl00000   0x001004    program     static                          
       ___return_lbl00000   0x008f5c    program     static                          
       ___return_lbl00000   0x00973e    program     static                          
       ___return_lbl00000   0x009754    program     static                          
       ___return_lbl00000   0x009698    program     static                          
       ___return_lbl00000   0x009590    program     static                          
       ___return_lbl00000   0x009498    program     static                          
       ___return_lbl00001   0x00941c    program     static                          
       ___return_lbl00001   0x00100c    program     static                          
       ___return_lbl00002   0x00101c    program     static                          
       ___return_lbl00050   0x004bc4    program     static                          
       ___return_lbl00214   0x005c30    program     static                          
       ___return_lbl00416   0x001db8    program     static                          
       ___return_lbl00426   0x006426    program     static                          
       ___return_lbl00432   0x00643e    program     static                          
       ___return_lbl00433   0x00644c    program     static                          
   ___switchexit_lbl00240   0x005a4c    program     static                          
        ___while_lbl00001   0x008e80    program     static                          
        ___while_lbl00001   0x009466    program     static                          
        ___while_lbl00002   0x009498    program     static                          
        ___while_lbl00002   0x008f5c    program     static                          
        ___while_lbl00003   0x008ea4    program     static                          
        ___while_lbl00004   0x008ee0    program     static                          
        ___while_lbl00051   0x004b9a    program     static                          
        ___while_lbl00052   0x004bc4    program     static                          
        ___while_lbl00227   0x005888    program     static                          
        ___while_lbl00228   0x005892    program     static                          
        ___while_lbl00264   0x005baa    program     static                          
        ___while_lbl00265   0x005bd4    program     static                          
        ___while_lbl00429   0x006414    program     static                          
        ___while_lbl00430   0x006422    program     static                          
                   __init   0x009756    program     extern E:\3.46\pic18-lt\cxx-framework\src\traditional\stdclib\__init.c
                   __pa_0   0x007ca2    program     static D:\Projects\EggBot1-GH\EBB_firmware\Microchip\USB\usb_device.c
                   __pa_0   0x0092c6    program     static E:\3.46\pic18-lt\cxx-framework\src\pmc_common\Flash\EraseFlash.c
                   __pa_0   0x008718    program     static D:\Projects\EggBot1-GH\EBB_firmware\app.X\source\RCServo2.c
                   __pa_0   0x008cb8    program     static D:\Projects\EggBot1-GH\EBB_firmware\app.X\source\ebb_print.c
                   __pa_0   0x008aac    program     static D:\Projects\EggBot1-GH\EBB_firmware\Microchip\USB\CDC Device Driver\usb_function_cdc.c
                   __pa_0   0x003950    program     static D:\Projects\EggBot1-GH\EBB_firmware\app.X\source\ebb.c
                   __pa_0   0x006c9a    program     static D:\Projects\EggBot1-GH\EBB_firmware\app.X\source\UBW.c
                   __pa_1   0x008cd2    program     static D:\Projects\EggBot1-GH\EBB_firmware\app.X\source\ebb_print.c
                   __pa_1   0x008722    program     static D:\Projects\EggBot1-GH\EBB_firmware\app.X\source\RCServo2.c
                   __pa_1   0x003966    program     static D:\Projects\EggBot1-GH\EBB_firmware\app.X\source\ebb.c
                   __pa_1   0x006ca0    program     static D:\Projects\EggBot1-GH\EBB_firmware\app.X\source\UBW.c
                   __pa_1   0x008ac6    program     static D:\Projects\EggBot1-GH\EBB_firmware\Microchip\USB\CDC Device Driver\usb_function_cdc.c
                   __pa_1   0x007caa    program     static D:\Projects\EggBot1-GH\EBB_firmware\Microchip\USB\usb_device.c
                  __pa_10   0x006cee    program     static D:\Projects\EggBot1-GH\EBB_firmware\app.X\source\UBW.c
                  __pa_10   0x008b4c    program     static D:\Projects\EggBot1-GH\EBB_firmware\Microchip\USB\CDC Device Driver\usb_function_cdc.c
                  __pa_10   0x008d76    program     static D:\Projects\EggBot1-GH\EBB_firmware\app.X\source\ebb_print.c
                  __pa_10   0x008782    program     static D:\Projects\EggBot1-GH\EBB_firmware\app.X\source\RCServo2.c
                  __pa_10   0x003b0a    program     static D:\Projects\EggBot1-GH\EBB_firmware\app.X\source\ebb.c
                  __pa_10   0x007d08    program     static D:\Projects\EggBot1-GH\EBB_firmware\Microchip\USB\usb_device.c
                 __pa_100   0x007132    program     static D:\Projects\EggBot1-GH\EBB_firmware\app.X\source\UBW.c
                 __pa_100   0x0040f0    program     static D:\Projects\EggBot1-GH\EBB_firmware\app.X\source\ebb.c
                 __pa_101   0x00713a    program     static D:\Projects\EggBot1-GH\EBB_firmware\app.X\source\UBW.c
                 __pa_101   0x0040f6    program     static D:\Projects\EggBot1-GH\EBB_firmware\app.X\source\ebb.c
                 __pa_102   0x007144    program     static D:\Projects\EggBot1-GH\EBB_firmware\app.X\source\UBW.c
                 __pa_102   0x004102    program     static D:\Projects\EggBot1-GH\EBB_firmware\app.X\source\ebb.c
                 __pa_103   0x00410c    program     static D:\Projects\EggBot1-GH\EBB_firmware\app.X\source\ebb.c
                 __pa_103   0x00714c    program     static D:\Projects\EggBot1-GH\EBB_firmware\app.X\source\UBW.c
                 __pa_104   0x007154    program     static D:\Projects\EggBot1-GH\EBB_firmware\app.X\source\UBW.c
                 __pa_104   0x004116    program     static D:\Projects\EggBot1-GH\EBB_firmware\app.X\source\ebb.c
                 __pa_105   0x004120    program     static D:\Projects\EggBot1-GH\EBB_firmware\app.X\source\ebb.c
                 __pa_105   0x00715c    program     static D:\Projects\EggBot1-GH\EBB_firmware\app.X\source\UBW.c
                 __pa_106   0x004130    program     static D:\Projects\EggBot1-GH\EBB_firmware\app.X\source\ebb.c
                 __pa_106   0x007164    program     static D:\Projects\EggBot1-GH\EBB_firmware\app.X\source\UBW.c
                 __pa_107   0x00716c    program     static D:\Projects\EggBot1-GH\EBB_firmware\app.X\source\UBW.c
                 __pa_107   0x004140    program     static D:\Projects\EggBot1-GH\EBB_firmware\app.X\source\ebb.c
                 __pa_108   0x004150    program     static D:\Projects\EggBot1-GH\EBB_firmware\app.X\source\ebb.c
                 __pa_108   0x007172    program     static D:\Projects\EggBot1-GH\EBB_firmware\app.X\source\UBW.c
                 __pa_109   0x004160    program     static D:\Projects\EggBot1-GH\EBB_firmware\app.X\source\ebb.c
                 __pa_109   0x007180    program     static D:\Projects\EggBot1-GH\EBB_firmware\app.X\source\UBW.c
                  __pa_11   0x007d18    program     static D:\Projects\EggBot1-GH\EBB_firmware\Microchip\USB\usb_device.c
                  __pa_11   0x003b28    program     static D:\Projects\EggBot1-GH\EBB_firmware\app.X\source\ebb.c
                  __pa_11   0x008792    program     static D:\Projects\EggBot1-GH\EBB_firmware\app.X\source\RCServo2.c
                  __pa_11   0x006cf8    program     static D:\Projects\EggBot1-GH\EBB_firmware\app.X\source\UBW.c
                  __pa_11   0x008b5a    program     static D:\Projects\EggBot1-GH\EBB_firmware\Microchip\USB\CDC Device Driver\usb_function_cdc.c
                  __pa_11   0x008d7e    program     static D:\Projects\EggBot1-GH\EBB_firmware\app.X\source\ebb_print.c
                 __pa_110   0x004170    program     static D:\Projects\EggBot1-GH\EBB_firmware\app.X\source\ebb.c
                 __pa_110   0x007188    program     static D:\Projects\EggBot1-GH\EBB_firmware\app.X\source\UBW.c
                 __pa_111   0x004180    program     static D:\Projects\EggBot1-GH\EBB_firmware\app.X\source\ebb.c
                 __pa_111   0x007192    program     static D:\Projects\EggBot1-GH\EBB_firmware\app.X\source\UBW.c
                 __pa_112   0x004190    program     static D:\Projects\EggBot1-GH\EBB_firmware\app.X\source\ebb.c
                 __pa_112   0x00719c    program     static D:\Projects\EggBot1-GH\EBB_firmware\app.X\source\UBW.c
                 __pa_113   0x004196    program     static D:\Projects\EggBot1-GH\EBB_firmware\app.X\source\ebb.c
                 __pa_114   0x0041a6    program     static D:\Projects\EggBot1-GH\EBB_firmware\app.X\source\ebb.c
                 __pa_115   0x0041ae    program     static D:\Projects\EggBot1-GH\EBB_firmware\app.X\source\ebb.c
                 __pa_116   0x0041b6    program     static D:\Projects\EggBot1-GH\EBB_firmware\app.X\source\ebb.c
                 __pa_117   0x0041c4    program     static D:\Projects\EggBot1-GH\EBB_firmware\app.X\source\ebb.c
                 __pa_118   0x0041d2    program     static D:\Projects\EggBot1-GH\EBB_firmware\app.X\source\ebb.c
                 __pa_119   0x0041e0    program     static D:\Projects\EggBot1-GH\EBB_firmware\app.X\source\ebb.c
                  __pa_12   0x008d8a    program     static D:\Projects\EggBot1-GH\EBB_firmware\app.X\source\ebb_print.c
                  __pa_12   0x006d02    program     static D:\Projects\EggBot1-GH\EBB_firmware\app.X\source\UBW.c
                  __pa_12   0x003b36    program     static D:\Projects\EggBot1-GH\EBB_firmware\app.X\source\ebb.c
                  __pa_12   0x007d22    program     static D:\Projects\EggBot1-GH\EBB_firmware\Microchip\USB\usb_device.c
                 __pa_120   0x0041ee    program     static D:\Projects\EggBot1-GH\EBB_firmware\app.X\source\ebb.c
                 __pa_121   0x0041fc    program     static D:\Projects\EggBot1-GH\EBB_firmware\app.X\source\ebb.c
                 __pa_122   0x00420a    program     static D:\Projects\EggBot1-GH\EBB_firmware\app.X\source\ebb.c
                 __pa_123   0x004218    program     static D:\Projects\EggBot1-GH\EBB_firmware\app.X\source\ebb.c
                 __pa_124   0x004222    program     static D:\Projects\EggBot1-GH\EBB_firmware\app.X\source\ebb.c
                 __pa_125   0x00422c    program     static D:\Projects\EggBot1-GH\EBB_firmware\app.X\source\ebb.c
                 __pa_126   0x004236    program     static D:\Projects\EggBot1-GH\EBB_firmware\app.X\source\ebb.c
                 __pa_127   0x004240    program     static D:\Projects\EggBot1-GH\EBB_firmware\app.X\source\ebb.c
                 __pa_128   0x00424a    program     static D:\Projects\EggBot1-GH\EBB_firmware\app.X\source\ebb.c
                 __pa_129   0x004254    program     static D:\Projects\EggBot1-GH\EBB_firmware\app.X\source\ebb.c
                  __pa_13   0x007d36    program     static D:\Projects\EggBot1-GH\EBB_firmware\Microchip\USB\usb_device.c
                  __pa_13   0x003b4c    program     static D:\Projects\EggBot1-GH\EBB_firmware\app.X\source\ebb.c
                  __pa_13   0x006d10    program     static D:\Projects\EggBot1-GH\EBB_firmware\app.X\source\UBW.c
                 __pa_130   0x00425e    program     static D:\Projects\EggBot1-GH\EBB_firmware\app.X\source\ebb.c
                 __pa_131   0x004268    program     static D:\Projects\EggBot1-GH\EBB_firmware\app.X\source\ebb.c
                 __pa_132   0x004272    program     static D:\Projects\EggBot1-GH\EBB_firmware\app.X\source\ebb.c
                 __pa_133   0x0042c0    program     static D:\Projects\EggBot1-GH\EBB_firmware\app.X\source\ebb.c
                 __pa_134   0x0042c6    program     static D:\Projects\EggBot1-GH\EBB_firmware\app.X\source\ebb.c
                 __pa_135   0x0042d2    program     static D:\Projects\EggBot1-GH\EBB_firmware\app.X\source\ebb.c
                 __pa_136   0x004310    program     static D:\Projects\EggBot1-GH\EBB_firmware\app.X\source\ebb.c
                 __pa_137   0x00431c    program     static D:\Projects\EggBot1-GH\EBB_firmware\app.X\source\ebb.c
                 __pa_138   0x004320    program     static D:\Projects\EggBot1-GH\EBB_firmware\app.X\source\ebb.c
                 __pa_139   0x00432a    program     static D:\Projects\EggBot1-GH\EBB_firmware\app.X\source\ebb.c
                  __pa_14   0x006d28    program     static D:\Projects\EggBot1-GH\EBB_firmware\app.X\source\UBW.c
                  __pa_14   0x003b56    program     static D:\Projects\EggBot1-GH\EBB_firmware\app.X\source\ebb.c
                  __pa_14   0x007d4a    program     static D:\Projects\EggBot1-GH\EBB_firmware\Microchip\USB\usb_device.c
                 __pa_140   0x004338    program     static D:\Projects\EggBot1-GH\EBB_firmware\app.X\source\ebb.c
                 __pa_141   0x00433e    program     static D:\Projects\EggBot1-GH\EBB_firmware\app.X\source\ebb.c
                 __pa_142   0x004356    program     static D:\Projects\EggBot1-GH\EBB_firmware\app.X\source\ebb.c
                 __pa_143   0x004368    program     static D:\Projects\EggBot1-GH\EBB_firmware\app.X\source\ebb.c
                 __pa_144   0x00437a    program     static D:\Projects\EggBot1-GH\EBB_firmware\app.X\source\ebb.c
                 __pa_145   0x00439a    program     static D:\Projects\EggBot1-GH\EBB_firmware\app.X\source\ebb.c
                 __pa_146   0x0043ba    program     static D:\Projects\EggBot1-GH\EBB_firmware\app.X\source\ebb.c
                 __pa_147   0x0043d8    program     static D:\Projects\EggBot1-GH\EBB_firmware\app.X\source\ebb.c
                 __pa_148   0x0043f2    program     static D:\Projects\EggBot1-GH\EBB_firmware\app.X\source\ebb.c
                 __pa_149   0x0043fc    program     static D:\Projects\EggBot1-GH\EBB_firmware\app.X\source\ebb.c
                  __pa_15   0x007d56    program     static D:\Projects\EggBot1-GH\EBB_firmware\Microchip\USB\usb_device.c
                  __pa_15   0x006d30    program     static D:\Projects\EggBot1-GH\EBB_firmware\app.X\source\UBW.c
                  __pa_15   0x003b5c    program     static D:\Projects\EggBot1-GH\EBB_firmware\app.X\source\ebb.c
                 __pa_150   0x004406    program     static D:\Projects\EggBot1-GH\EBB_firmware\app.X\source\ebb.c
                 __pa_151   0x004410    program     static D:\Projects\EggBot1-GH\EBB_firmware\app.X\source\ebb.c
                 __pa_152   0x00441a    program     static D:\Projects\EggBot1-GH\EBB_firmware\app.X\source\ebb.c
                 __pa_153   0x004424    program     static D:\Projects\EggBot1-GH\EBB_firmware\app.X\source\ebb.c
                 __pa_154   0x00443c    program     static D:\Projects\EggBot1-GH\EBB_firmware\app.X\source\ebb.c
                 __pa_155   0x004446    program     static D:\Projects\EggBot1-GH\EBB_firmware\app.X\source\ebb.c
                 __pa_156   0x004450    program     static D:\Projects\EggBot1-GH\EBB_firmware\app.X\source\ebb.c
                 __pa_157   0x004458    program     static D:\Projects\EggBot1-GH\EBB_firmware\app.X\source\ebb.c
                 __pa_158   0x004460    program     static D:\Projects\EggBot1-GH\EBB_firmware\app.X\source\ebb.c
                 __pa_159   0x004468    program     static D:\Projects\EggBot1-GH\EBB_firmware\app.X\source\ebb.c
                  __pa_16   0x003b66    program     static D:\Projects\EggBot1-GH\EBB_firmware\app.X\source\ebb.c
                  __pa_16   0x007d70    program     static D:\Projects\EggBot1-GH\EBB_firmware\Microchip\USB\usb_device.c
                  __pa_16   0x006d38    program     static D:\Projects\EggBot1-GH\EBB_firmware\app.X\source\UBW.c
                 __pa_160   0x004472    program     static D:\Projects\EggBot1-GH\EBB_firmware\app.X\source\ebb.c
                 __pa_161   0x00447e    program     static D:\Projects\EggBot1-GH\EBB_firmware\app.X\source\ebb.c
                 __pa_162   0x004494    program     static D:\Projects\EggBot1-GH\EBB_firmware\app.X\source\ebb.c
                 __pa_163   0x0044aa    program     static D:\Projects\EggBot1-GH\EBB_firmware\app.X\source\ebb.c
                 __pa_164   0x0044b6    program     static D:\Projects\EggBot1-GH\EBB_firmware\app.X\source\ebb.c
                 __pa_165   0x0044c0    program     static D:\Projects\EggBot1-GH\EBB_firmware\app.X\source\ebb.c
                 __pa_166   0x0044d2    program     static D:\Projects\EggBot1-GH\EBB_firmware\app.X\source\ebb.c
                 __pa_167   0x0044e4    program     static D:\Projects\EggBot1-GH\EBB_firmware\app.X\source\ebb.c
                 __pa_168   0x0044f0    program     static D:\Projects\EggBot1-GH\EBB_firmware\app.X\source\ebb.c
                 __pa_169   0x0044fc    program     static D:\Projects\EggBot1-GH\EBB_firmware\app.X\source\ebb.c
                  __pa_17   0x007d7c    program     static D:\Projects\EggBot1-GH\EBB_firmware\Microchip\USB\usb_device.c
                  __pa_17   0x006d44    program     static D:\Projects\EggBot1-GH\EBB_firmware\app.X\source\UBW.c
                  __pa_17   0x003b80    program     static D:\Projects\EggBot1-GH\EBB_firmware\app.X\source\ebb.c
                 __pa_170   0x004508    program     static D:\Projects\EggBot1-GH\EBB_firmware\app.X\source\ebb.c
                 __pa_171   0x004518    program     static D:\Projects\EggBot1-GH\EBB_firmware\app.X\source\ebb.c
                 __pa_172   0x00452a    program     static D:\Projects\EggBot1-GH\EBB_firmware\app.X\source\ebb.c
                 __pa_173   0x00453c    program     static D:\Projects\EggBot1-GH\EBB_firmware\app.X\source\ebb.c
                 __pa_174   0x00454e    program     static D:\Projects\EggBot1-GH\EBB_firmware\app.X\source\ebb.c
                 __pa_175   0x004560    program     static D:\Projects\EggBot1-GH\EBB_firmware\app.X\source\ebb.c
                 __pa_176   0x00456a    program     static D:\Projects\EggBot1-GH\EBB_firmware\app.X\source\ebb.c
                 __pa_177   0x004574    program     static D:\Projects\EggBot1-GH\EBB_firmware\app.X\source\ebb.c
                 __pa_178   0x00457a    program     static D:\Projects\EggBot1-GH\EBB_firmware\app.X\source\ebb.c
                 __pa_179   0x004582    program     static D:\Projects\EggBot1-GH\EBB_firmware\app.X\source\ebb.c
                  __pa_18   0x003b9e    program     static D:\Projects\EggBot1-GH\EBB_firmware\app.X\source\ebb.c
                  __pa_18   0x006d4e    program     static D:\Projects\EggBot1-GH\EBB_firmware\app.X\source\UBW.c
                  __pa_18   0x007d88    program     static D:\Projects\EggBot1-GH\EBB_firmware\Microchip\USB\usb_device.c
                 __pa_180   0x00458c    program     static D:\Projects\EggBot1-GH\EBB_firmware\app.X\source\ebb.c
                 __pa_181   0x00459a    program     static D:\Projects\EggBot1-GH\EBB_firmware\app.X\source\ebb.c
                 __pa_182   0x0045a8    program     static D:\Projects\EggBot1-GH\EBB_firmware\app.X\source\ebb.c
                 __pa_183   0x0045b0    program     static D:\Projects\EggBot1-GH\EBB_firmware\app.X\source\ebb.c
                 __pa_184   0x0045be    program     static D:\Projects\EggBot1-GH\EBB_firmware\app.X\source\ebb.c
                 __pa_185   0x0045cc    program     static D:\Projects\EggBot1-GH\EBB_firmware\app.X\source\ebb.c
                 __pa_186   0x0045d8    program     static D:\Projects\EggBot1-GH\EBB_firmware\app.X\source\ebb.c
                 __pa_187   0x0045e6    program     static D:\Projects\EggBot1-GH\EBB_firmware\app.X\source\ebb.c
                 __pa_188   0x0045f2    program     static D:\Projects\EggBot1-GH\EBB_firmware\app.X\source\ebb.c
                 __pa_189   0x0045fe    program     static D:\Projects\EggBot1-GH\EBB_firmware\app.X\source\ebb.c
                  __pa_19   0x003ba6    program     static D:\Projects\EggBot1-GH\EBB_firmware\app.X\source\ebb.c
                  __pa_19   0x007d90    program     static D:\Projects\EggBot1-GH\EBB_firmware\Microchip\USB\usb_device.c
                  __pa_19   0x006d56    program     static D:\Projects\EggBot1-GH\EBB_firmware\app.X\source\UBW.c
                 __pa_190   0x00460a    program     static D:\Projects\EggBot1-GH\EBB_firmware\app.X\source\ebb.c
                 __pa_191   0x004618    program     static D:\Projects\EggBot1-GH\EBB_firmware\app.X\source\ebb.c
                 __pa_192   0x004626    program     static D:\Projects\EggBot1-GH\EBB_firmware\app.X\source\ebb.c
                 __pa_193   0x00462e    program     static D:\Projects\EggBot1-GH\EBB_firmware\app.X\source\ebb.c
                 __pa_194   0x004638    program     static D:\Projects\EggBot1-GH\EBB_firmware\app.X\source\ebb.c
                 __pa_195   0x004642    program     static D:\Projects\EggBot1-GH\EBB_firmware\app.X\source\ebb.c
                 __pa_196   0x00464c    program     static D:\Projects\EggBot1-GH\EBB_firmware\app.X\source\ebb.c
                 __pa_197   0x004654    program     static D:\Projects\EggBot1-GH\EBB_firmware\app.X\source\ebb.c
                 __pa_198   0x004658    program     static D:\Projects\EggBot1-GH\EBB_firmware\app.X\source\ebb.c
                 __pa_199   0x00465e    program     static D:\Projects\EggBot1-GH\EBB_firmware\app.X\source\ebb.c
                   __pa_2   0x008ad6    program     static D:\Projects\EggBot1-GH\EBB_firmware\Microchip\USB\CDC Device Driver\usb_function_cdc.c
                   __pa_2   0x006ca6    program     static D:\Projects\EggBot1-GH\EBB_firmware\app.X\source\UBW.c
                   __pa_2   0x007cb4    program     static D:\Projects\EggBot1-GH\EBB_firmware\Microchip\USB\usb_device.c
                   __pa_2   0x003972    program     static D:\Projects\EggBot1-GH\EBB_firmware\app.X\source\ebb.c
                   __pa_2   0x008cec    program     static D:\Projects\EggBot1-GH\EBB_firmware\app.X\source\ebb_print.c
                   __pa_2   0x00872c    program     static D:\Projects\EggBot1-GH\EBB_firmware\app.X\source\RCServo2.c
                  __pa_20   0x007d98    program     static D:\Projects\EggBot1-GH\EBB_firmware\Microchip\USB\usb_device.c
                  __pa_20   0x006d5e    program     static D:\Projects\EggBot1-GH\EBB_firmware\app.X\source\UBW.c
                  __pa_20   0x003bae    program     static D:\Projects\EggBot1-GH\EBB_firmware\app.X\source\ebb.c
                 __pa_200   0x004666    program     static D:\Projects\EggBot1-GH\EBB_firmware\app.X\source\ebb.c
                 __pa_201   0x00466c    program     static D:\Projects\EggBot1-GH\EBB_firmware\app.X\source\ebb.c
                 __pa_202   0x00467a    program     static D:\Projects\EggBot1-GH\EBB_firmware\app.X\source\ebb.c
                 __pa_203   0x00469e    program     static D:\Projects\EggBot1-GH\EBB_firmware\app.X\source\ebb.c
                 __pa_204   0x0046b2    program     static D:\Projects\EggBot1-GH\EBB_firmware\app.X\source\ebb.c
                 __pa_205   0x0046c2    program     static D:\Projects\EggBot1-GH\EBB_firmware\app.X\source\ebb.c
                 __pa_206   0x0046dc    program     static D:\Projects\EggBot1-GH\EBB_firmware\app.X\source\ebb.c
                 __pa_207   0x0046e8    program     static D:\Projects\EggBot1-GH\EBB_firmware\app.X\source\ebb.c
                 __pa_208   0x004700    program     static D:\Projects\EggBot1-GH\EBB_firmware\app.X\source\ebb.c
                 __pa_209   0x00470c    program     static D:\Projects\EggBot1-GH\EBB_firmware\app.X\source\ebb.c
                  __pa_21   0x007da4    program     static D:\Projects\EggBot1-GH\EBB_firmware\Microchip\USB\usb_device.c
                  __pa_21   0x006d72    program     static D:\Projects\EggBot1-GH\EBB_firmware\app.X\source\UBW.c
                  __pa_21   0x003bb4    program     static D:\Projects\EggBot1-GH\EBB_firmware\app.X\source\ebb.c
                 __pa_210   0x004714    program     static D:\Projects\EggBot1-GH\EBB_firmware\app.X\source\ebb.c
                 __pa_211   0x004722    program     static D:\Projects\EggBot1-GH\EBB_firmware\app.X\source\ebb.c
                 __pa_212   0x00472a    program     static D:\Projects\EggBot1-GH\EBB_firmware\app.X\source\ebb.c
                 __pa_213   0x004732    program     static D:\Projects\EggBot1-GH\EBB_firmware\app.X\source\ebb.c
                 __pa_214   0x00473a    program     static D:\Projects\EggBot1-GH\EBB_firmware\app.X\source\ebb.c
                 __pa_215   0x004740    program     static D:\Projects\EggBot1-GH\EBB_firmware\app.X\source\ebb.c
                 __pa_216   0x00474e    program     static D:\Projects\EggBot1-GH\EBB_firmware\app.X\source\ebb.c
                 __pa_217   0x004756    program     static D:\Projects\EggBot1-GH\EBB_firmware\app.X\source\ebb.c
                 __pa_218   0x00475e    program     static D:\Projects\EggBot1-GH\EBB_firmware\app.X\source\ebb.c
                 __pa_219   0x00476a    program     static D:\Projects\EggBot1-GH\EBB_firmware\app.X\source\ebb.c
                  __pa_22   0x007db4    program     static D:\Projects\EggBot1-GH\EBB_firmware\Microchip\USB\usb_device.c
                  __pa_22   0x003bc8    program     static D:\Projects\EggBot1-GH\EBB_firmware\app.X\source\ebb.c
                  __pa_22   0x006d7e    program     static D:\Projects\EggBot1-GH\EBB_firmware\app.X\source\UBW.c
                 __pa_220   0x004772    program     static D:\Projects\EggBot1-GH\EBB_firmware\app.X\source\ebb.c
                 __pa_221   0x00477c    program     static D:\Projects\EggBot1-GH\EBB_firmware\app.X\source\ebb.c
                 __pa_222   0x004788    program     static D:\Projects\EggBot1-GH\EBB_firmware\app.X\source\ebb.c
                 __pa_223   0x004792    program     static D:\Projects\EggBot1-GH\EBB_firmware\app.X\source\ebb.c
                 __pa_224   0x00479a    program     static D:\Projects\EggBot1-GH\EBB_firmware\app.X\source\ebb.c
                 __pa_225   0x0047a0    program     static D:\Projects\EggBot1-GH\EBB_firmware\app.X\source\ebb.c
                 __pa_226   0x0047a8    program     static D:\Projects\EggBot1-GH\EBB_firmware\app.X\source\ebb.c
                 __pa_227   0x0047b0    program     static D:\Projects\EggBot1-GH\EBB_firmware\app.X\source\ebb.c
                 __pa_228   0x0047c0    program     static D:\Projects\EggBot1-GH\EBB_firmware\app.X\source\ebb.c
                 __pa_229   0x0047cc    program     static D:\Projects\EggBot1-GH\EBB_firmware\app.X\source\ebb.c
                  __pa_23   0x006d88    program     static D:\Projects\EggBot1-GH\EBB_firmware\app.X\source\UBW.c
                  __pa_23   0x003bdc    program     static D:\Projects\EggBot1-GH\EBB_firmware\app.X\source\ebb.c
                  __pa_23   0x007dc2    program     static D:\Projects\EggBot1-GH\EBB_firmware\Microchip\USB\usb_device.c
                 __pa_230   0x0047d6    program     static D:\Projects\EggBot1-GH\EBB_firmware\app.X\source\ebb.c
                 __pa_231   0x0047dc    program     static D:\Projects\EggBot1-GH\EBB_firmware\app.X\source\ebb.c
                  __pa_24   0x006d96    program     static D:\Projects\EggBot1-GH\EBB_firmware\app.X\source\UBW.c
                  __pa_24   0x007dd0    program     static D:\Projects\EggBot1-GH\EBB_firmware\Microchip\USB\usb_device.c
                  __pa_24   0x003be6    program     static D:\Projects\EggBot1-GH\EBB_firmware\app.X\source\ebb.c
                  __pa_25   0x006da8    program     static D:\Projects\EggBot1-GH\EBB_firmware\app.X\source\UBW.c
                  __pa_25   0x007dde    program     static D:\Projects\EggBot1-GH\EBB_firmware\Microchip\USB\usb_device.c
                  __pa_25   0x003bf2    program     static D:\Projects\EggBot1-GH\EBB_firmware\app.X\source\ebb.c
                  __pa_26   0x006db0    program     static D:\Projects\EggBot1-GH\EBB_firmware\app.X\source\UBW.c
                  __pa_26   0x003c00    program     static D:\Projects\EggBot1-GH\EBB_firmware\app.X\source\ebb.c
                  __pa_26   0x007dec    program     static D:\Projects\EggBot1-GH\EBB_firmware\Microchip\USB\usb_device.c
                  __pa_27   0x006dbc    program     static D:\Projects\EggBot1-GH\EBB_firmware\app.X\source\UBW.c
                  __pa_27   0x007df6    program     static D:\Projects\EggBot1-GH\EBB_firmware\Microchip\USB\usb_device.c
                  __pa_27   0x003c2a    program     static D:\Projects\EggBot1-GH\EBB_firmware\app.X\source\ebb.c
                  __pa_28   0x006dde    program     static D:\Projects\EggBot1-GH\EBB_firmware\app.X\source\UBW.c
                  __pa_28   0x003c3c    program     static D:\Projects\EggBot1-GH\EBB_firmware\app.X\source\ebb.c
                  __pa_28   0x007e0e    program     static D:\Projects\EggBot1-GH\EBB_firmware\Microchip\USB\usb_device.c
                  __pa_29   0x007e1a    program     static D:\Projects\EggBot1-GH\EBB_firmware\Microchip\USB\usb_device.c
                  __pa_29   0x003c48    program     static D:\Projects\EggBot1-GH\EBB_firmware\app.X\source\ebb.c
                  __pa_29   0x006dec    program     static D:\Projects\EggBot1-GH\EBB_firmware\app.X\source\UBW.c
                   __pa_3   0x008d0a    program     static D:\Projects\EggBot1-GH\EBB_firmware\app.X\source\ebb_print.c
                   __pa_3   0x008ae8    program     static D:\Projects\EggBot1-GH\EBB_firmware\Microchip\USB\CDC Device Driver\usb_function_cdc.c
                   __pa_3   0x00873c    program     static D:\Projects\EggBot1-GH\EBB_firmware\app.X\source\RCServo2.c
                   __pa_3   0x007cbc    program     static D:\Projects\EggBot1-GH\EBB_firmware\Microchip\USB\usb_device.c
                   __pa_3   0x006cae    program     static D:\Projects\EggBot1-GH\EBB_firmware\app.X\source\UBW.c
                   __pa_3   0x00397a    program     static D:\Projects\EggBot1-GH\EBB_firmware\app.X\source\ebb.c
                  __pa_30   0x003c5e    program     static D:\Projects\EggBot1-GH\EBB_firmware\app.X\source\ebb.c
                  __pa_30   0x006dfa    program     static D:\Projects\EggBot1-GH\EBB_firmware\app.X\source\UBW.c
                  __pa_30   0x007e22    program     static D:\Projects\EggBot1-GH\EBB_firmware\Microchip\USB\usb_device.c
                  __pa_31   0x006e1c    program     static D:\Projects\EggBot1-GH\EBB_firmware\app.X\source\UBW.c
                  __pa_31   0x007e36    program     static D:\Projects\EggBot1-GH\EBB_firmware\Microchip\USB\usb_device.c
                  __pa_31   0x003c74    program     static D:\Projects\EggBot1-GH\EBB_firmware\app.X\source\ebb.c
                  __pa_32   0x007e48    program     static D:\Projects\EggBot1-GH\EBB_firmware\Microchip\USB\usb_device.c
                  __pa_32   0x006e26    program     static D:\Projects\EggBot1-GH\EBB_firmware\app.X\source\UBW.c
                  __pa_32   0x003c86    program     static D:\Projects\EggBot1-GH\EBB_firmware\app.X\source\ebb.c
                  __pa_33   0x007e56    program     static D:\Projects\EggBot1-GH\EBB_firmware\Microchip\USB\usb_device.c
                  __pa_33   0x003c98    program     static D:\Projects\EggBot1-GH\EBB_firmware\app.X\source\ebb.c
                  __pa_33   0x006e2c    program     static D:\Projects\EggBot1-GH\EBB_firmware\app.X\source\UBW.c
                  __pa_34   0x007e60    program     static D:\Projects\EggBot1-GH\EBB_firmware\Microchip\USB\usb_device.c
                  __pa_34   0x006e3a    program     static D:\Projects\EggBot1-GH\EBB_firmware\app.X\source\UBW.c
                  __pa_34   0x003ca0    program     static D:\Projects\EggBot1-GH\EBB_firmware\app.X\source\ebb.c
                  __pa_35   0x007e6a    program     static D:\Projects\EggBot1-GH\EBB_firmware\Microchip\USB\usb_device.c
                  __pa_35   0x006e40    program     static D:\Projects\EggBot1-GH\EBB_firmware\app.X\source\UBW.c
                  __pa_35   0x003ca8    program     static D:\Projects\EggBot1-GH\EBB_firmware\app.X\source\ebb.c
                  __pa_36   0x003cb6    program     static D:\Projects\EggBot1-GH\EBB_firmware\app.X\source\ebb.c
                  __pa_36   0x006e5c    program     static D:\Projects\EggBot1-GH\EBB_firmware\app.X\source\UBW.c
                  __pa_36   0x007e70    program     static D:\Projects\EggBot1-GH\EBB_firmware\Microchip\USB\usb_device.c
                  __pa_37   0x003cc4    program     static D:\Projects\EggBot1-GH\EBB_firmware\app.X\source\ebb.c
                  __pa_37   0x006e66    program     static D:\Projects\EggBot1-GH\EBB_firmware\app.X\source\UBW.c
                  __pa_37   0x007e78    program     static D:\Projects\EggBot1-GH\EBB_firmware\Microchip\USB\usb_device.c
                  __pa_38   0x006e70    program     static D:\Projects\EggBot1-GH\EBB_firmware\app.X\source\UBW.c
                  __pa_38   0x003ce8    program     static D:\Projects\EggBot1-GH\EBB_firmware\app.X\source\ebb.c
                  __pa_38   0x007e7e    program     static D:\Projects\EggBot1-GH\EBB_firmware\Microchip\USB\usb_device.c
                  __pa_39   0x003d0c    program     static D:\Projects\EggBot1-GH\EBB_firmware\app.X\source\ebb.c
                  __pa_39   0x006e7a    program     static D:\Projects\EggBot1-GH\EBB_firmware\app.X\source\UBW.c
                  __pa_39   0x007e8c    program     static D:\Projects\EggBot1-GH\EBB_firmware\Microchip\USB\usb_device.c
                   __pa_4   0x008b02    program     static D:\Projects\EggBot1-GH\EBB_firmware\Microchip\USB\CDC Device Driver\usb_function_cdc.c
                   __pa_4   0x007cc6    program     static D:\Projects\EggBot1-GH\EBB_firmware\Microchip\USB\usb_device.c
                   __pa_4   0x0039b8    program     static D:\Projects\EggBot1-GH\EBB_firmware\app.X\source\ebb.c
                   __pa_4   0x008d22    program     static D:\Projects\EggBot1-GH\EBB_firmware\app.X\source\ebb_print.c
                   __pa_4   0x006cb4    program     static D:\Projects\EggBot1-GH\EBB_firmware\app.X\source\UBW.c
                   __pa_4   0x008748    program     static D:\Projects\EggBot1-GH\EBB_firmware\app.X\source\RCServo2.c
                  __pa_40   0x007e9a    program     static D:\Projects\EggBot1-GH\EBB_firmware\Microchip\USB\usb_device.c
                  __pa_40   0x003d20    program     static D:\Projects\EggBot1-GH\EBB_firmware\app.X\source\ebb.c
                  __pa_40   0x006e84    program     static D:\Projects\EggBot1-GH\EBB_firmware\app.X\source\UBW.c
                  __pa_41   0x007ea8    program     static D:\Projects\EggBot1-GH\EBB_firmware\Microchip\USB\usb_device.c
                  __pa_41   0x003d32    program     static D:\Projects\EggBot1-GH\EBB_firmware\app.X\source\ebb.c
                  __pa_41   0x006e8e    program     static D:\Projects\EggBot1-GH\EBB_firmware\app.X\source\UBW.c
                  __pa_42   0x003d44    program     static D:\Projects\EggBot1-GH\EBB_firmware\app.X\source\ebb.c
                  __pa_42   0x007eb2    program     static D:\Projects\EggBot1-GH\EBB_firmware\Microchip\USB\usb_device.c
                  __pa_42   0x006ea6    program     static D:\Projects\EggBot1-GH\EBB_firmware\app.X\source\UBW.c
                  __pa_43   0x007ebc    program     static D:\Projects\EggBot1-GH\EBB_firmware\Microchip\USB\usb_device.c
                  __pa_43   0x006eae    program     static D:\Projects\EggBot1-GH\EBB_firmware\app.X\source\UBW.c
                  __pa_43   0x003d50    program     static D:\Projects\EggBot1-GH\EBB_firmware\app.X\source\ebb.c
                  __pa_44   0x006eb4    program     static D:\Projects\EggBot1-GH\EBB_firmware\app.X\source\UBW.c
                  __pa_44   0x007ec4    program     static D:\Projects\EggBot1-GH\EBB_firmware\Microchip\USB\usb_device.c
                  __pa_44   0x003d6c    program     static D:\Projects\EggBot1-GH\EBB_firmware\app.X\source\ebb.c
                  __pa_45   0x006ebe    program     static D:\Projects\EggBot1-GH\EBB_firmware\app.X\source\UBW.c
                  __pa_45   0x007ed0    program     static D:\Projects\EggBot1-GH\EBB_firmware\Microchip\USB\usb_device.c
                  __pa_45   0x003d76    program     static D:\Projects\EggBot1-GH\EBB_firmware\app.X\source\ebb.c
                  __pa_46   0x007eda    program     static D:\Projects\EggBot1-GH\EBB_firmware\Microchip\USB\usb_device.c
                  __pa_46   0x006eca    program     static D:\Projects\EggBot1-GH\EBB_firmware\app.X\source\UBW.c
                  __pa_46   0x003d84    program     static D:\Projects\EggBot1-GH\EBB_firmware\app.X\source\ebb.c
                  __pa_47   0x006ed6    program     static D:\Projects\EggBot1-GH\EBB_firmware\app.X\source\UBW.c
                  __pa_47   0x003da2    program     static D:\Projects\EggBot1-GH\EBB_firmware\app.X\source\ebb.c
                  __pa_48   0x003db2    program     static D:\Projects\EggBot1-GH\EBB_firmware\app.X\source\ebb.c
                  __pa_48   0x006ee0    program     static D:\Projects\EggBot1-GH\EBB_firmware\app.X\source\UBW.c
                  __pa_49   0x003dc2    program     static D:\Projects\EggBot1-GH\EBB_firmware\app.X\source\ebb.c
                  __pa_49   0x006eee    program     static D:\Projects\EggBot1-GH\EBB_firmware\app.X\source\UBW.c
                   __pa_5   0x008b0c    program     static D:\Projects\EggBot1-GH\EBB_firmware\Microchip\USB\CDC Device Driver\usb_function_cdc.c
                   __pa_5   0x006cbc    program     static D:\Projects\EggBot1-GH\EBB_firmware\app.X\source\UBW.c
                   __pa_5   0x008d2c    program     static D:\Projects\EggBot1-GH\EBB_firmware\app.X\source\ebb_print.c
                   __pa_5   0x008752    program     static D:\Projects\EggBot1-GH\EBB_firmware\app.X\source\RCServo2.c
                   __pa_5   0x0039e2    program     static D:\Projects\EggBot1-GH\EBB_firmware\app.X\source\ebb.c
                   __pa_5   0x007cd0    program     static D:\Projects\EggBot1-GH\EBB_firmware\Microchip\USB\usb_device.c
                  __pa_50   0x003dce    program     static D:\Projects\EggBot1-GH\EBB_firmware\app.X\source\ebb.c
                  __pa_50   0x006efc    program     static D:\Projects\EggBot1-GH\EBB_firmware\app.X\source\UBW.c
                  __pa_51   0x003dda    program     static D:\Projects\EggBot1-GH\EBB_firmware\app.X\source\ebb.c
                  __pa_51   0x006f0a    program     static D:\Projects\EggBot1-GH\EBB_firmware\app.X\source\UBW.c
                  __pa_52   0x003dfc    program     static D:\Projects\EggBot1-GH\EBB_firmware\app.X\source\ebb.c
                  __pa_52   0x006f18    program     static D:\Projects\EggBot1-GH\EBB_firmware\app.X\source\UBW.c
                  __pa_53   0x003e04    program     static D:\Projects\EggBot1-GH\EBB_firmware\app.X\source\ebb.c
                  __pa_53   0x006f26    program     static D:\Projects\EggBot1-GH\EBB_firmware\app.X\source\UBW.c
                  __pa_54   0x003e1a    program     static D:\Projects\EggBot1-GH\EBB_firmware\app.X\source\ebb.c
                  __pa_54   0x006f34    program     static D:\Projects\EggBot1-GH\EBB_firmware\app.X\source\UBW.c
                  __pa_55   0x003e3a    program     static D:\Projects\EggBot1-GH\EBB_firmware\app.X\source\ebb.c
                  __pa_55   0x006f3e    program     static D:\Projects\EggBot1-GH\EBB_firmware\app.X\source\UBW.c
                  __pa_56   0x006f48    program     static D:\Projects\EggBot1-GH\EBB_firmware\app.X\source\UBW.c
                  __pa_56   0x003e4c    program     static D:\Projects\EggBot1-GH\EBB_firmware\app.X\source\ebb.c
                  __pa_57   0x003e5e    program     static D:\Projects\EggBot1-GH\EBB_firmware\app.X\source\ebb.c
                  __pa_57   0x006f52    program     static D:\Projects\EggBot1-GH\EBB_firmware\app.X\source\UBW.c
                  __pa_58   0x003e6a    program     static D:\Projects\EggBot1-GH\EBB_firmware\app.X\source\ebb.c
                  __pa_58   0x006f5a    program     static D:\Projects\EggBot1-GH\EBB_firmware\app.X\source\UBW.c
                  __pa_59   0x006f62    program     static D:\Projects\EggBot1-GH\EBB_firmware\app.X\source\UBW.c
                  __pa_59   0x003e7c    program     static D:\Projects\EggBot1-GH\EBB_firmware\app.X\source\ebb.c
                   __pa_6   0x006cc4    program     static D:\Projects\EggBot1-GH\EBB_firmware\app.X\source\UBW.c
                   __pa_6   0x008b14    program     static D:\Projects\EggBot1-GH\EBB_firmware\Microchip\USB\CDC Device Driver\usb_function_cdc.c
                   __pa_6   0x008d38    program     static D:\Projects\EggBot1-GH\EBB_firmware\app.X\source\ebb_print.c
                   __pa_6   0x00875e    program     static D:\Projects\EggBot1-GH\EBB_firmware\app.X\source\RCServo2.c
                   __pa_6   0x003aac    program     static D:\Projects\EggBot1-GH\EBB_firmware\app.X\source\ebb.c
                   __pa_6   0x007cda    program     static D:\Projects\EggBot1-GH\EBB_firmware\Microchip\USB\usb_device.c
                  __pa_60   0x003e8e    program     static D:\Projects\EggBot1-GH\EBB_firmware\app.X\source\ebb.c
                  __pa_60   0x006f70    program     static D:\Projects\EggBot1-GH\EBB_firmware\app.X\source\UBW.c
                  __pa_61   0x003ea0    program     static D:\Projects\EggBot1-GH\EBB_firmware\app.X\source\ebb.c
                  __pa_61   0x006f7a    program     static D:\Projects\EggBot1-GH\EBB_firmware\app.X\source\UBW.c
                  __pa_62   0x003eb2    program     static D:\Projects\EggBot1-GH\EBB_firmware\app.X\source\ebb.c
                  __pa_62   0x006f80    program     static D:\Projects\EggBot1-GH\EBB_firmware\app.X\source\UBW.c
                  __pa_63   0x003ec4    program     static D:\Projects\EggBot1-GH\EBB_firmware\app.X\source\ebb.c
                  __pa_63   0x006f86    program     static D:\Projects\EggBot1-GH\EBB_firmware\app.X\source\UBW.c
                  __pa_64   0x003ed0    program     static D:\Projects\EggBot1-GH\EBB_firmware\app.X\source\ebb.c
                  __pa_64   0x006fa0    program     static D:\Projects\EggBot1-GH\EBB_firmware\app.X\source\UBW.c
                  __pa_65   0x003ed4    program     static D:\Projects\EggBot1-GH\EBB_firmware\app.X\source\ebb.c
                  __pa_65   0x006faa    program     static D:\Projects\EggBot1-GH\EBB_firmware\app.X\source\UBW.c
                  __pa_66   0x003eda    program     static D:\Projects\EggBot1-GH\EBB_firmware\app.X\source\ebb.c
                  __pa_66   0x006fb2    program     static D:\Projects\EggBot1-GH\EBB_firmware\app.X\source\UBW.c
                  __pa_67   0x003ef4    program     static D:\Projects\EggBot1-GH\EBB_firmware\app.X\source\ebb.c
                  __pa_67   0x006fb8    program     static D:\Projects\EggBot1-GH\EBB_firmware\app.X\source\UBW.c
                  __pa_68   0x006fc2    program     static D:\Projects\EggBot1-GH\EBB_firmware\app.X\source\UBW.c
                  __pa_68   0x003f0c    program     static D:\Projects\EggBot1-GH\EBB_firmware\app.X\source\ebb.c
                  __pa_69   0x003f24    program     static D:\Projects\EggBot1-GH\EBB_firmware\app.X\source\ebb.c
                  __pa_69   0x006fce    program     static D:\Projects\EggBot1-GH\EBB_firmware\app.X\source\UBW.c
                   __pa_7   0x003aba    program     static D:\Projects\EggBot1-GH\EBB_firmware\app.X\source\ebb.c
                   __pa_7   0x007ce2    program     static D:\Projects\EggBot1-GH\EBB_firmware\Microchip\USB\usb_device.c
                   __pa_7   0x008768    program     static D:\Projects\EggBot1-GH\EBB_firmware\app.X\source\RCServo2.c
                   __pa_7   0x006cd2    program     static D:\Projects\EggBot1-GH\EBB_firmware\app.X\source\UBW.c
                   __pa_7   0x008d48    program     static D:\Projects\EggBot1-GH\EBB_firmware\app.X\source\ebb_print.c
                   __pa_7   0x008b22    program     static D:\Projects\EggBot1-GH\EBB_firmware\Microchip\USB\CDC Device Driver\usb_function_cdc.c
                  __pa_70   0x006fd8    program     static D:\Projects\EggBot1-GH\EBB_firmware\app.X\source\UBW.c
                  __pa_70   0x003f30    program     static D:\Projects\EggBot1-GH\EBB_firmware\app.X\source\ebb.c
                  __pa_71   0x003f46    program     static D:\Projects\EggBot1-GH\EBB_firmware\app.X\source\ebb.c
                  __pa_71   0x006fee    program     static D:\Projects\EggBot1-GH\EBB_firmware\app.X\source\UBW.c
                  __pa_72   0x003f4c    program     static D:\Projects\EggBot1-GH\EBB_firmware\app.X\source\ebb.c
                  __pa_72   0x006ffc    program     static D:\Projects\EggBot1-GH\EBB_firmware\app.X\source\UBW.c
                  __pa_73   0x00700e    program     static D:\Projects\EggBot1-GH\EBB_firmware\app.X\source\UBW.c
                  __pa_73   0x003f62    program     static D:\Projects\EggBot1-GH\EBB_firmware\app.X\source\ebb.c
                  __pa_74   0x007014    program     static D:\Projects\EggBot1-GH\EBB_firmware\app.X\source\UBW.c
                  __pa_74   0x003f78    program     static D:\Projects\EggBot1-GH\EBB_firmware\app.X\source\ebb.c
                  __pa_75   0x007024    program     static D:\Projects\EggBot1-GH\EBB_firmware\app.X\source\UBW.c
                  __pa_75   0x003f80    program     static D:\Projects\EggBot1-GH\EBB_firmware\app.X\source\ebb.c
                  __pa_76   0x003f8e    program     static D:\Projects\EggBot1-GH\EBB_firmware\app.X\source\ebb.c
                  __pa_76   0x007034    program     static D:\Projects\EggBot1-GH\EBB_firmware\app.X\source\UBW.c
                  __pa_77   0x00703e    program     static D:\Projects\EggBot1-GH\EBB_firmware\app.X\source\UBW.c
                  __pa_77   0x003f9c    program     static D:\Projects\EggBot1-GH\EBB_firmware\app.X\source\ebb.c
                  __pa_78   0x003fa6    program     static D:\Projects\EggBot1-GH\EBB_firmware\app.X\source\ebb.c
                  __pa_78   0x007048    program     static D:\Projects\EggBot1-GH\EBB_firmware\app.X\source\UBW.c
                  __pa_79   0x003fb0    program     static D:\Projects\EggBot1-GH\EBB_firmware\app.X\source\ebb.c
                  __pa_79   0x007050    program     static D:\Projects\EggBot1-GH\EBB_firmware\app.X\source\UBW.c
                   __pa_8   0x007cf2    program     static D:\Projects\EggBot1-GH\EBB_firmware\Microchip\USB\usb_device.c
                   __pa_8   0x008b30    program     static D:\Projects\EggBot1-GH\EBB_firmware\Microchip\USB\CDC Device Driver\usb_function_cdc.c
                   __pa_8   0x008770    program     static D:\Projects\EggBot1-GH\EBB_firmware\app.X\source\RCServo2.c
                   __pa_8   0x006cdc    program     static D:\Projects\EggBot1-GH\EBB_firmware\app.X\source\UBW.c
                   __pa_8   0x003ae0    program     static D:\Projects\EggBot1-GH\EBB_firmware\app.X\source\ebb.c
                   __pa_8   0x008d56    program     static D:\Projects\EggBot1-GH\EBB_firmware\app.X\source\ebb_print.c
                  __pa_80   0x003fba    program     static D:\Projects\EggBot1-GH\EBB_firmware\app.X\source\ebb.c
                  __pa_80   0x007056    program     static D:\Projects\EggBot1-GH\EBB_firmware\app.X\source\UBW.c
                  __pa_81   0x003fc4    program     static D:\Projects\EggBot1-GH\EBB_firmware\app.X\source\ebb.c
                  __pa_81   0x007062    program     static D:\Projects\EggBot1-GH\EBB_firmware\app.X\source\UBW.c
                  __pa_82   0x003fce    program     static D:\Projects\EggBot1-GH\EBB_firmware\app.X\source\ebb.c
                  __pa_82   0x007070    program     static D:\Projects\EggBot1-GH\EBB_firmware\app.X\source\UBW.c
                  __pa_83   0x003fe2    program     static D:\Projects\EggBot1-GH\EBB_firmware\app.X\source\ebb.c
                  __pa_83   0x00707e    program     static D:\Projects\EggBot1-GH\EBB_firmware\app.X\source\UBW.c
                  __pa_84   0x00708a    program     static D:\Projects\EggBot1-GH\EBB_firmware\app.X\source\UBW.c
                  __pa_84   0x003ff4    program     static D:\Projects\EggBot1-GH\EBB_firmware\app.X\source\ebb.c
                  __pa_85   0x004006    program     static D:\Projects\EggBot1-GH\EBB_firmware\app.X\source\ebb.c
                  __pa_85   0x007098    program     static D:\Projects\EggBot1-GH\EBB_firmware\app.X\source\UBW.c
                  __pa_86   0x004018    program     static D:\Projects\EggBot1-GH\EBB_firmware\app.X\source\ebb.c
                  __pa_86   0x0070a4    program     static D:\Projects\EggBot1-GH\EBB_firmware\app.X\source\UBW.c
                  __pa_87   0x00402a    program     static D:\Projects\EggBot1-GH\EBB_firmware\app.X\source\ebb.c
                  __pa_87   0x0070ae    program     static D:\Projects\EggBot1-GH\EBB_firmware\app.X\source\UBW.c
                  __pa_88   0x00403c    program     static D:\Projects\EggBot1-GH\EBB_firmware\app.X\source\ebb.c
                  __pa_88   0x0070bc    program     static D:\Projects\EggBot1-GH\EBB_firmware\app.X\source\UBW.c
                  __pa_89   0x00404e    program     static D:\Projects\EggBot1-GH\EBB_firmware\app.X\source\ebb.c
                  __pa_89   0x0070c8    program     static D:\Projects\EggBot1-GH\EBB_firmware\app.X\source\UBW.c
                   __pa_9   0x008b3a    program     static D:\Projects\EggBot1-GH\EBB_firmware\Microchip\USB\CDC Device Driver\usb_function_cdc.c
                   __pa_9   0x008778    program     static D:\Projects\EggBot1-GH\EBB_firmware\app.X\source\RCServo2.c
                   __pa_9   0x007cfc    program     static D:\Projects\EggBot1-GH\EBB_firmware\Microchip\USB\usb_device.c
                   __pa_9   0x006ce4    program     static D:\Projects\EggBot1-GH\EBB_firmware\app.X\source\UBW.c
                   __pa_9   0x003afe    program     static D:\Projects\EggBot1-GH\EBB_firmware\app.X\source\ebb.c
                   __pa_9   0x008d60    program     static D:\Projects\EggBot1-GH\EBB_firmware\app.X\source\ebb_print.c
                  __pa_90   0x004060    program     static D:\Projects\EggBot1-GH\EBB_firmware\app.X\source\ebb.c
                  __pa_90   0x0070d4    program     static D:\Projects\EggBot1-GH\EBB_firmware\app.X\source\UBW.c
                  __pa_91   0x004072    program     static D:\Projects\EggBot1-GH\EBB_firmware\app.X\source\ebb.c
                  __pa_91   0x0070de    program     static D:\Projects\EggBot1-GH\EBB_firmware\app.X\source\UBW.c
                  __pa_92   0x004084    program     static D:\Projects\EggBot1-GH\EBB_firmware\app.X\source\ebb.c
                  __pa_92   0x0070e8    program     static D:\Projects\EggBot1-GH\EBB_firmware\app.X\source\UBW.c
                  __pa_93   0x004096    program     static D:\Projects\EggBot1-GH\EBB_firmware\app.X\source\ebb.c
                  __pa_93   0x0070f2    program     static D:\Projects\EggBot1-GH\EBB_firmware\app.X\source\UBW.c
                  __pa_94   0x0070fa    program     static D:\Projects\EggBot1-GH\EBB_firmware\app.X\source\UBW.c
                  __pa_94   0x0040a8    program     static D:\Projects\EggBot1-GH\EBB_firmware\app.X\source\ebb.c
                  __pa_95   0x0040ba    program     static D:\Projects\EggBot1-GH\EBB_firmware\app.X\source\ebb.c
                  __pa_95   0x007102    program     static D:\Projects\EggBot1-GH\EBB_firmware\app.X\source\UBW.c
                  __pa_96   0x00710a    program     static D:\Projects\EggBot1-GH\EBB_firmware\app.X\source\UBW.c
                  __pa_96   0x0040cc    program     static D:\Projects\EggBot1-GH\EBB_firmware\app.X\source\ebb.c
[...]
                   EECON2   0x000fa7       data     extern E:\3.46\pic18-lt\cxx-framework\src\traditional\proc\p18f46j50.asm
                   TXSTA2   0x000fa8       data     extern E:\3.46\pic18-lt\cxx-framework\src\traditional\proc\p18f46j50.asm
               TXSTA2bits   0x000fa8       data     extern E:\3.46\pic18-lt\cxx-framework\src\traditional\proc\p18f46j50.asm
                   TXREG2   0x000fa9       data     extern E:\3.46\pic18-lt\cxx-framework\src\traditional\proc\p18f46j50.asm
                   RCREG2   0x000faa       data     extern E:\3.46\pic18-lt\cxx-framework\src\traditional\proc\p18f46j50.asm
                   SPBRG2   0x000fab       data     extern E:\3.46\pic18-lt\cxx-framework\src\traditional\proc\p18f46j50.asm
                RCSTAbits   0x000fac       data     extern E:\3.46\pic18-lt\cxx-framework\src\traditional\proc\p18f46j50.asm
               RCSTA1bits   0x000fac       data     extern E:\3.46\pic18-lt\cxx-framework\src\traditional\proc\p18f46j50.asm
                   RCSTA1   0x000fac       data     extern E:\3.46\pic18-lt\cxx-framework\src\traditional\proc\p18f46j50.asm
                    RCSTA   0x000fac       data     extern E:\3.46\pic18-lt\cxx-framework\src\traditional\proc\p18f46j50.asm
                    TXSTA   0x000fad       data     extern E:\3.46\pic18-lt\cxx-framework\src\traditional\proc\p18f46j50.asm
                   TXSTA1   0x000fad       data     extern E:\3.46\pic18-lt\cxx-framework\src\traditional\proc\p18f46j50.asm
               TXSTA1bits   0x000fad       data     extern E:\3.46\pic18-lt\cxx-framework\src\traditional\proc\p18f46j50.asm
                TXSTAbits   0x000fad       data     extern E:\3.46\pic18-lt\cxx-framework\src\traditional\proc\p18f46j50.asm
                    TXREG   0x000fae       data     extern E:\3.46\pic18-lt\cxx-framework\src\traditional\proc\p18f46j50.asm
                   TXREG1   0x000fae       data     extern E:\3.46\pic18-lt\cxx-framework\src\traditional\proc\p18f46j50.asm
                    RCREG   0x000faf       data     extern E:\3.46\pic18-lt\cxx-framework\src\traditional\proc\p18f46j50.asm
                   RCREG1   0x000faf       data     extern E:\3.46\pic18-lt\cxx-framework\src\traditional\proc\p18f46j50.asm
                    SPBRG   0x000fb0       data     extern E:\3.46\pic18-lt\cxx-framework\src\traditional\proc\p18f46j50.asm
                   SPBRG1   0x000fb0       data     extern E:\3.46\pic18-lt\cxx-framework\src\traditional\proc\p18f46j50.asm
                 CTMUICON   0x000fb1       data     extern E:\3.46\pic18-lt\cxx-framework\src\traditional\proc\p18f46j50.asm
             CTMUICONbits   0x000fb1       data     extern E:\3.46\pic18-lt\cxx-framework\src\traditional\proc\p18f46j50.asm
             CTMUCONLbits   0x000fb2       data     extern E:\3.46\pic18-lt\cxx-framework\src\traditional\proc\p18f46j50.asm
                 CTMUCONL   0x000fb2       data     extern E:\3.46\pic18-lt\cxx-framework\src\traditional\proc\p18f46j50.asm
             CTMUCONHbits   0x000fb3       data     extern E:\3.46\pic18-lt\cxx-framework\src\traditional\proc\p18f46j50.asm
                 CTMUCONH   0x000fb3       data     extern E:\3.46\pic18-lt\cxx-framework\src\traditional\proc\p18f46j50.asm
                  CCP2CON   0x000fb4       data     extern E:\3.46\pic18-lt\cxx-framework\src\traditional\proc\p18f46j50.asm
                 ECCP2CON   0x000fb4       data     extern E:\3.46\pic18-lt\cxx-framework\src\traditional\proc\p18f46j50.asm
              CCP2CONbits   0x000fb4       data     extern E:\3.46\pic18-lt\cxx-framework\src\traditional\proc\p18f46j50.asm
             ECCP2CONbits   0x000fb4       data     extern E:\3.46\pic18-lt\cxx-framework\src\traditional\proc\p18f46j50.asm
                   CCPR2L   0x000fb5       data     extern E:\3.46\pic18-lt\cxx-framework\src\traditional\proc\p18f46j50.asm
                    CCPR2   0x000fb5       data     extern E:\3.46\pic18-lt\cxx-framework\src\traditional\proc\p18f46j50.asm
                   CCPR2H   0x000fb6       data     extern E:\3.46\pic18-lt\cxx-framework\src\traditional\proc\p18f46j50.asm
                 ECCP2DEL   0x000fb7       data     extern E:\3.46\pic18-lt\cxx-framework\src\traditional\proc\p18f46j50.asm
             ECCP2DELbits   0x000fb7       data     extern E:\3.46\pic18-lt\cxx-framework\src\traditional\proc\p18f46j50.asm
                  PWM2CON   0x000fb7       data     extern E:\3.46\pic18-lt\cxx-framework\src\traditional\proc\p18f46j50.asm
              PWM2CONbits   0x000fb7       data     extern E:\3.46\pic18-lt\cxx-framework\src\traditional\proc\p18f46j50.asm
              ECCP2ASbits   0x000fb8       data     extern E:\3.46\pic18-lt\cxx-framework\src\traditional\proc\p18f46j50.asm
                  ECCP2AS   0x000fb8       data     extern E:\3.46\pic18-lt\cxx-framework\src\traditional\proc\p18f46j50.asm
                 PSTR2CON   0x000fb9       data     extern E:\3.46\pic18-lt\cxx-framework\src\traditional\proc\p18f46j50.asm
             PSTR2CONbits   0x000fb9       data     extern E:\3.46\pic18-lt\cxx-framework\src\traditional\proc\p18f46j50.asm
             ECCP1CONbits   0x000fba       data     extern E:\3.46\pic18-lt\cxx-framework\src\traditional\proc\p18f46j50.asm
                 ECCP1CON   0x000fba       data     extern E:\3.46\pic18-lt\cxx-framework\src\traditional\proc\p18f46j50.asm
              CCP1CONbits   0x000fba       data     extern E:\3.46\pic18-lt\cxx-framework\src\traditional\proc\p18f46j50.asm
                  CCP1CON   0x000fba       data     extern E:\3.46\pic18-lt\cxx-framework\src\traditional\proc\p18f46j50.asm
                    CCPR1   0x000fbb       data     extern E:\3.46\pic18-lt\cxx-framework\src\traditional\proc\p18f46j50.asm
                   CCPR1L   0x000fbb       data     extern E:\3.46\pic18-lt\cxx-framework\src\traditional\proc\p18f46j50.asm
                   CCPR1H   0x000fbc       data     extern E:\3.46\pic18-lt\cxx-framework\src\traditional\proc\p18f46j50.asm
             ECCP1DELbits   0x000fbd       data     extern E:\3.46\pic18-lt\cxx-framework\src\traditional\proc\p18f46j50.asm
                 ECCP1DEL   0x000fbd       data     extern E:\3.46\pic18-lt\cxx-framework\src\traditional\proc\p18f46j50.asm
                  PWM1CON   0x000fbd       data     extern E:\3.46\pic18-lt\cxx-framework\src\traditional\proc\p18f46j50.asm
              PWM1CONbits   0x000fbd       data     extern E:\3.46\pic18-lt\cxx-framework\src\traditional\proc\p18f46j50.asm
              ECCP1ASbits   0x000fbe       data     extern E:\3.46\pic18-lt\cxx-framework\src\traditional\proc\p18f46j50.asm
                  ECCP1AS   0x000fbe       data     extern E:\3.46\pic18-lt\cxx-framework\src\traditional\proc\p18f46j50.asm
             PSTR1CONbits   0x000fbf       data     extern E:\3.46\pic18-lt\cxx-framework\src\traditional\proc\p18f46j50.asm
                 PSTR1CON   0x000fbf       data     extern E:\3.46\pic18-lt\cxx-framework\src\traditional\proc\p18f46j50.asm
               WDTCONbits   0x000fc0       data     extern E:\3.46\pic18-lt\cxx-framework\src\traditional\proc\p18f46j50.asm
                   WDTCON   0x000fc0       data     extern E:\3.46\pic18-lt\cxx-framework\src\traditional\proc\p18f46j50.asm
                   ADCON1   0x000fc1       data     extern E:\3.46\pic18-lt\cxx-framework\src\traditional\proc\p18f46j50.asm
               ADCON1bits   0x000fc1       data     extern E:\3.46\pic18-lt\cxx-framework\src\traditional\proc\p18f46j50.asm
                   ADCON0   0x000fc2       data     extern E:\3.46\pic18-lt\cxx-framework\src\traditional\proc\p18f46j50.asm
               ADCON0bits   0x000fc2       data     extern E:\3.46\pic18-lt\cxx-framework\src\traditional\proc\p18f46j50.asm
                   ADRESL   0x000fc3       data     extern E:\3.46\pic18-lt\cxx-framework\src\traditional\proc\p18f46j50.asm
                    ADRES   0x000fc3       data     extern E:\3.46\pic18-lt\cxx-framework\src\traditional\proc\p18f46j50.asm
                   ADRESH   0x000fc4       data     extern E:\3.46\pic18-lt\cxx-framework\src\traditional\proc\p18f46j50.asm
              SSPCON2bits   0x000fc5       data     extern E:\3.46\pic18-lt\cxx-framework\src\traditional\proc\p18f46j50.asm
                 SSP1CON2   0x000fc5       data     extern E:\3.46\pic18-lt\cxx-framework\src\traditional\proc\p18f46j50.asm
                  SSPCON2   0x000fc5       data     extern E:\3.46\pic18-lt\cxx-framework\src\traditional\proc\p18f46j50.asm
             SSP1CON2bits   0x000fc5       data     extern E:\3.46\pic18-lt\cxx-framework\src\traditional\proc\p18f46j50.asm
                 SSP1CON1   0x000fc6       data     extern E:\3.46\pic18-lt\cxx-framework\src\traditional\proc\p18f46j50.asm
             SSP1CON1bits   0x000fc6       data     extern E:\3.46\pic18-lt\cxx-framework\src\traditional\proc\p18f46j50.asm
              SSPCON1bits   0x000fc6       data     extern E:\3.46\pic18-lt\cxx-framework\src\traditional\proc\p18f46j50.asm
                  SSPCON1   0x000fc6       data     extern E:\3.46\pic18-lt\cxx-framework\src\traditional\proc\p18f46j50.asm
              SSPSTATbits   0x000fc7       data     extern E:\3.46\pic18-lt\cxx-framework\src\traditional\proc\p18f46j50.asm
                  SSPSTAT   0x000fc7       data     extern E:\3.46\pic18-lt\cxx-framework\src\traditional\proc\p18f46j50.asm
             SSP1STATbits   0x000fc7       data     extern E:\3.46\pic18-lt\cxx-framework\src\traditional\proc\p18f46j50.asm
                 SSP1STAT   0x000fc7       data     extern E:\3.46\pic18-lt\cxx-framework\src\traditional\proc\p18f46j50.asm
               SSPADDbits   0x000fc8       data     extern E:\3.46\pic18-lt\cxx-framework\src\traditional\proc\p18f46j50.asm
                   SSPADD   0x000fc8       data     extern E:\3.46\pic18-lt\cxx-framework\src\traditional\proc\p18f46j50.asm
              SSP1ADDbits   0x000fc8       data     extern E:\3.46\pic18-lt\cxx-framework\src\traditional\proc\p18f46j50.asm
                  SSP1ADD   0x000fc8       data     extern E:\3.46\pic18-lt\cxx-framework\src\traditional\proc\p18f46j50.asm
                   SSPBUF   0x000fc9       data     extern E:\3.46\pic18-lt\cxx-framework\src\traditional\proc\p18f46j50.asm
                  SSP1BUF   0x000fc9       data     extern E:\3.46\pic18-lt\cxx-framework\src\traditional\proc\p18f46j50.asm
                    T2CON   0x000fca       data     extern E:\3.46\pic18-lt\cxx-framework\src\traditional\proc\p18f46j50.asm
                T2CONbits   0x000fca       data     extern E:\3.46\pic18-lt\cxx-framework\src\traditional\proc\p18f46j50.asm
                      PR2   0x000fcb       data     extern E:\3.46\pic18-lt\cxx-framework\src\traditional\proc\p18f46j50.asm
                     TMR2   0x000fcc       data     extern E:\3.46\pic18-lt\cxx-framework\src\traditional\proc\p18f46j50.asm
                T1CONbits   0x000fcd       data     extern E:\3.46\pic18-lt\cxx-framework\src\traditional\proc\p18f46j50.asm
                    T1CON   0x000fcd       data     extern E:\3.46\pic18-lt\cxx-framework\src\traditional\proc\p18f46j50.asm
                    TMR1L   0x000fce       data     extern E:\3.46\pic18-lt\cxx-framework\src\traditional\proc\p18f46j50.asm
                    TMR1H   0x000fcf       data     extern E:\3.46\pic18-lt\cxx-framework\src\traditional\proc\p18f46j50.asm
                 RCONbits   0x000fd0       data     extern E:\3.46\pic18-lt\cxx-framework\src\traditional\proc\p18f46j50.asm
                     RCON   0x000fd0       data     extern E:\3.46\pic18-lt\cxx-framework\src\traditional\proc\p18f46j50.asm
                   CM2CON   0x000fd1       data     extern E:\3.46\pic18-lt\cxx-framework\src\traditional\proc\p18f46j50.asm
                  CM2CON1   0x000fd1       data     extern E:\3.46\pic18-lt\cxx-framework\src\traditional\proc\p18f46j50.asm
              CM2CON1bits   0x000fd1       data     extern E:\3.46\pic18-lt\cxx-framework\src\traditional\proc\p18f46j50.asm
               CM2CONbits   0x000fd1       data     extern E:\3.46\pic18-lt\cxx-framework\src\traditional\proc\p18f46j50.asm
                   CM1CON   0x000fd2       data     extern E:\3.46\pic18-lt\cxx-framework\src\traditional\proc\p18f46j50.asm
                  CM1CON1   0x000fd2       data     extern E:\3.46\pic18-lt\cxx-framework\src\traditional\proc\p18f46j50.asm
              CM1CON1bits   0x000fd2       data     extern E:\3.46\pic18-lt\cxx-framework\src\traditional\proc\p18f46j50.asm
               CM1CONbits   0x000fd2       data     extern E:\3.46\pic18-lt\cxx-framework\src\traditional\proc\p18f46j50.asm
               OSCCONbits   0x000fd3       data     extern E:\3.46\pic18-lt\cxx-framework\src\traditional\proc\p18f46j50.asm
                   OSCCON   0x000fd3       data     extern E:\3.46\pic18-lt\cxx-framework\src\traditional\proc\p18f46j50.asm
                    T0CON   0x000fd5       data     extern E:\3.46\pic18-lt\cxx-framework\src\traditional\proc\p18f46j50.asm
                T0CONbits   0x000fd5       data     extern E:\3.46\pic18-lt\cxx-framework\src\traditional\proc\p18f46j50.asm
                    TMR0L   0x000fd6       data     extern E:\3.46\pic18-lt\cxx-framework\src\traditional\proc\p18f46j50.asm
                    TMR0H   0x000fd7       data     extern E:\3.46\pic18-lt\cxx-framework\src\traditional\proc\p18f46j50.asm
                   STATUS   0x000fd8       data     extern E:\3.46\pic18-lt\cxx-framework\src\traditional\proc\p18f46j50.asm
               STATUSbits   0x000fd8       data     extern E:\3.46\pic18-lt\cxx-framework\src\traditional\proc\p18f46j50.asm
                    FSR2L   0x000fd9       data     extern E:\3.46\pic18-lt\cxx-framework\src\traditional\proc\p18f46j50.asm
                     FSR2   0x000fd9       data     extern E:\3.46\pic18-lt\cxx-framework\src\traditional\proc\p18f46j50.asm
                    FSR2H   0x000fda       data     extern E:\3.46\pic18-lt\cxx-framework\src\traditional\proc\p18f46j50.asm
                   PLUSW2   0x000fdb       data     extern E:\3.46\pic18-lt\cxx-framework\src\traditional\proc\p18f46j50.asm
                  PREINC2   0x000fdc       data     extern E:\3.46\pic18-lt\cxx-framework\src\traditional\proc\p18f46j50.asm
                 POSTDEC2   0x000fdd       data     extern E:\3.46\pic18-lt\cxx-framework\src\traditional\proc\p18f46j50.asm
                 POSTINC2   0x000fde       data     extern E:\3.46\pic18-lt\cxx-framework\src\traditional\proc\p18f46j50.asm
                    INDF2   0x000fdf       data     extern E:\3.46\pic18-lt\cxx-framework\src\traditional\proc\p18f46j50.asm
                      BSR   0x000fe0       data     extern E:\3.46\pic18-lt\cxx-framework\src\traditional\proc\p18f46j50.asm
                    FSR1L   0x000fe1       data     extern E:\3.46\pic18-lt\cxx-framework\src\traditional\proc\p18f46j50.asm
                     FSR1   0x000fe1       data     extern E:\3.46\pic18-lt\cxx-framework\src\traditional\proc\p18f46j50.asm
                    FSR1H   0x000fe2       data     extern E:\3.46\pic18-lt\cxx-framework\src\traditional\proc\p18f46j50.asm
                   PLUSW1   0x000fe3       data     extern E:\3.46\pic18-lt\cxx-framework\src\traditional\proc\p18f46j50.asm
                  PREINC1   0x000fe4       data     extern E:\3.46\pic18-lt\cxx-framework\src\traditional\proc\p18f46j50.asm
                 POSTDEC1   0x000fe5       data     extern E:\3.46\pic18-lt\cxx-framework\src\traditional\proc\p18f46j50.asm
                 POSTINC1   0x000fe6       data     extern E:\3.46\pic18-lt\cxx-framework\src\traditional\proc\p18f46j50.asm
                    INDF1   0x000fe7       data     extern E:\3.46\pic18-lt\cxx-framework\src\traditional\proc\p18f46j50.asm
                     WREG   0x000fe8       data     extern E:\3.46\pic18-lt\cxx-framework\src\traditional\proc\p18f46j50.asm
                     FSR0   0x000fe9       data     extern E:\3.46\pic18-lt\cxx-framework\src\traditional\proc\p18f46j50.asm
                    FSR0L   0x000fe9       data     extern E:\3.46\pic18-lt\cxx-framework\src\traditional\proc\p18f46j50.asm
                    FSR0H   0x000fea       data     extern E:\3.46\pic18-lt\cxx-framework\src\traditional\proc\p18f46j50.asm
                   PLUSW0   0x000feb       data     extern E:\3.46\pic18-lt\cxx-framework\src\traditional\proc\p18f46j50.asm
                  PREINC0   0x000fec       data     extern E:\3.46\pic18-lt\cxx-framework\src\traditional\proc\p18f46j50.asm
                 POSTDEC0   0x000fed       data     extern E:\3.46\pic18-lt\cxx-framework\src\traditional\proc\p18f46j50.asm
                 POSTINC0   0x000fee       data     extern E:\3.46\pic18-lt\cxx-framework\src\traditional\proc\p18f46j50.asm
                    INDF0   0x000fef       data     extern E:\3.46\pic18-lt\cxx-framework\src\traditional\proc\p18f46j50.asm
              INTCON3bits   0x000ff0       data     extern E:\3.46\pic18-lt\cxx-framework\src\traditional\proc\p18f46j50.asm
                  INTCON3   0x000ff0       data     extern E:\3.46\pic18-lt\cxx-framework\src\traditional\proc\p18f46j50.asm
              INTCON2bits   0x000ff1       data     extern E:\3.46\pic18-lt\cxx-framework\src\traditional\proc\p18f46j50.asm
                  INTCON2   0x000ff1       data     extern E:\3.46\pic18-lt\cxx-framework\src\traditional\proc\p18f46j50.asm
               INTCONbits   0x000ff2       data     extern E:\3.46\pic18-lt\cxx-framework\src\traditional\proc\p18f46j50.asm
                   INTCON   0x000ff2       data     extern E:\3.46\pic18-lt\cxx-framework\src\traditional\proc\p18f46j50.asm
                    PRODL   0x000ff3       data     extern E:\3.46\pic18-lt\cxx-framework\src\traditional\proc\p18f46j50.asm
                     PROD   0x000ff3       data     extern E:\3.46\pic18-lt\cxx-framework\src\traditional\proc\p18f46j50.asm
                    PRODH   0x000ff4       data     extern E:\3.46\pic18-lt\cxx-framework\src\traditional\proc\p18f46j50.asm
                   TABLAT   0x000ff5       data     extern E:\3.46\pic18-lt\cxx-framework\src\traditional\proc\p18f46j50.asm
                  TBLPTRL   0x000ff6       data     extern E:\3.46\pic18-lt\cxx-framework\src\traditional\proc\p18f46j50.asm
                   TBLPTR   0x000ff6       data     extern E:\3.46\pic18-lt\cxx-framework\src\traditional\proc\p18f46j50.asm
                  TBLPTRH   0x000ff7       data     extern E:\3.46\pic18-lt\cxx-framework\src\traditional\proc\p18f46j50.asm
                  TBLPTRU   0x000ff8       data     extern E:\3.46\pic18-lt\cxx-framework\src\traditional\proc\p18f46j50.asm
                      PCL   0x000ff9       data     extern E:\3.46\pic18-lt\cxx-framework\src\traditional\proc\p18f46j50.asm
                       PC   0x000ff9       data     extern E:\3.46\pic18-lt\cxx-framework\src\traditional\proc\p18f46j50.asm
                   PCLATH   0x000ffa       data     extern E:\3.46\pic18-lt\cxx-framework\src\traditional\proc\p18f46j50.asm
                   PCLATU   0x000ffb       data     extern E:\3.46\pic18-lt\cxx-framework\src\traditional\proc\p18f46j50.asm
                   STKPTR   0x000ffc       data     extern E:\3.46\pic18-lt\cxx-framework\src\traditional\proc\p18f46j50.asm
               STKPTRbits   0x000ffc       data     extern E:\3.46\pic18-lt\cxx-framework\src\traditional\proc\p18f46j50.asm
                     TOSL   0x000ffd       data     extern E:\3.46\pic18-lt\cxx-framework\src\traditional\proc\p18f46j50.asm
                      TOS   0x000ffd       data     extern E:\3.46\pic18-lt\cxx-framework\src\traditional\proc\p18f46j50.asm
                     TOSH   0x000ffe       data     extern E:\3.46\pic18-lt\cxx-framework\src\traditional\proc\p18f46j50.asm
                     TOSU   0x000fff       data     extern E:\3.46\pic18-lt\cxx-framework\src\traditional\proc\p18f46j50.asm


