MPLINK 4.35, Linker
Linker Map File - Created Sat Jul 03 15:06:11 2010

                                 Section Info
                  Section       Type    Address   Location Size(Bytes)
                ---------  ---------  ---------  ---------  ---------
    REMAPPED_RESET_VECTOR       code   0x001000    program   0x000006
REMAPPED_HIGH_INTERRUPT_VECTOR       code   0x001008    program   0x000006
REMAPPED_LOW_INTERRUPT_VECTOR       code   0x001018    program   0x000006
                   .cinit    romdata   0x00102a    program   0x00001a
              .code_UBW.o       code   0x001044    program   0x002a6c
       .code_usb_device.o       code   0x003ab0    program   0x0010ee
              .code_ebb.o       code   0x004b9e    program   0x000d44
         .code_vfprintf.o       code   0x0058e2    program   0x000c22
 .code_usb_function_cdc.o       code   0x006504    program   0x00043c
         .code_RCServo2.o       code   0x006940    program   0x0002ca
             .stringtable    romdata   0x006c0a    program   0x0001fb
          .idata_putc.o_i    romdata   0x006e05    program   0x000000
      .idata_vfprintf.o_i    romdata   0x006e05    program   0x000000
        .romdata_printf.o    romdata   0x006e05    program   0x000000
      .idata_fxd3232u.o_i    romdata   0x006e05    program   0x000000
.romdata_usb_function_cdc.o    romdata   0x006e05    program   0x000000
      .idata_RCServo2.o_i    romdata   0x006e05    program   0x000000
           .romdata_ebb.o    romdata   0x006e05    program   0x000000
             .code_main.o       code   0x006e06    program   0x000124
               _cinit_scn       code   0x006f2a    program   0x00009e
                   STRING       code   0x006fc8    program   0x00009a
           .code_printf.o       code   0x007062    program   0x000098
                     PROG       code   0x0070fa    program   0x000096
.romdata_usb_descriptors.o    romdata   0x007190    program   0x00008f
        .idata_printf.o_i    romdata   0x00721f    program   0x000000
          .romdata_main.o    romdata   0x00721f    program   0x000000
.idata_usb_function_cdc.o_i    romdata   0x00721f    program   0x000000
           .idata_ebb.o_i    romdata   0x00721f    program   0x000000
    .romdata_usb_device.o    romdata   0x00721f    program   0x000000
         .romdata_c018i.o    romdata   0x00721f    program   0x000000
  .code_usb_descriptors.o       code   0x007220    program   0x000000
             .code_putc.o       code   0x007220    program   0x000084
          .code_fxm3232.o       code   0x0072a4    program   0x000070
                    CTYPE       code   0x007314    program   0x00004c
         .code_fxd3232u.o       code   0x007360    program   0x000048
           .romdata_UBW.o    romdata   0x0073a8    program   0x00002b
        .romdata___init.o    romdata   0x0073d3    program   0x000000
        .romdata_stdout.o    romdata   0x0073d3    program   0x000000
         .idata_c018i.o_i    romdata   0x0073d3    program   0x000000
       .romdata_fxm3232.o    romdata   0x0073d3    program   0x000000
          .idata_main.o_i    romdata   0x0073d3    program   0x000000
    .idata_usb_device.o_i    romdata   0x0073d3    program   0x000000
                    .code       code   0x0073d4    program   0x000020
           .code_stdout.o       code   0x0073d4    program   0x000000
             _startup_scn       code   0x0073f4    program   0x00001c
                    STDIO       code   0x007410    program   0x00001c
      .romdata_vfprintf.o    romdata   0x00742c    program   0x000011
      .romdata_RCServo2.o    romdata   0x00743d    program   0x000000
          .romdata_putc.o    romdata   0x00743d    program   0x000000
.idata_usb_descriptors.o_i    romdata   0x00743d    program   0x000000
      .romdata_fxd3232u.o    romdata   0x00743d    program   0x000000
       .idata_fxm3232.o_i    romdata   0x00743d    program   0x000000
        .idata___init.o_i    romdata   0x00743d    program   0x000000
            .code_c018i.o       code   0x00743e    program   0x000000
           .code___init.o       code   0x00743e    program   0x000002
        .idata_stdout.o_i    romdata   0x007440    program   0x000002
           .idata_UBW.o_i    romdata   0x007442    program   0x000064
                fast_vars      udata   0x000000       data   0x000035
                MATH_DATA      udata   0x000035       data   0x000014
                 .tmpdata      udata   0x000049       data   0x000009
              low_ISR_tmp      udata   0x000052       data   0x000006
             high_ISR_tmp      udata   0x000058       data   0x000002
                  ISR_buf      udata   0x000100       data   0x000099
             .idata_UBW.o      idata   0x000199       data   0x000064
            .udata_main.o      udata   0x0001fd       data   0x000002
.idata_usb_function_cdc.o      idata   0x0001ff       data   0x000000
            .idata_putc.o      idata   0x0001ff       data   0x000000
            .udata_putc.o      udata   0x0001ff       data   0x000000
        .idata_vfprintf.o      idata   0x0001ff       data   0x000000
        .udata_vfprintf.o      udata   0x0001ff       data   0x000000
          .udata_stdout.o      udata   0x0001ff       data   0x000000
          .idata_printf.o      idata   0x0001ff       data   0x000000
          .udata_printf.o      udata   0x0001ff       data   0x000000
          .idata___init.o      idata   0x0001ff       data   0x000000
          .udata___init.o      udata   0x0001ff       data   0x000000
         .idata_fxm3232.o      idata   0x0001ff       data   0x000000
         .udata_fxm3232.o      udata   0x0001ff       data   0x000000
        .idata_fxd3232u.o      idata   0x0001ff       data   0x000000
        .udata_fxd3232u.o      udata   0x0001ff       data   0x000000
      .idata_usb_device.o      idata   0x0001ff       data   0x000000
 .idata_usb_descriptors.o      idata   0x0001ff       data   0x000000
 .udata_usb_descriptors.o      udata   0x0001ff       data   0x000000
        .idata_RCServo2.o      idata   0x0001ff       data   0x000000
             .idata_ebb.o      idata   0x0001ff       data   0x000000
            .idata_main.o      idata   0x0001ff       data   0x000000
           .idata_c018i.o      idata   0x0001ff       data   0x000000
               com_tx_buf      udata   0x000200       data   0x000080
               com_rx_buf      udata   0x000300       data   0x000100
                  USB_BDT      udata   0x000400       data   0x000088
             .udata_ebb.o      udata   0x000488       data   0x00002a
             .udata_UBW.o      udata   0x0004b2       data   0x000024
.udata_usb_function_cdc.o      udata   0x000500       data   0x0000a8
      .udata_usb_device.o      udata   0x0005a8       data   0x000036
           .udata_c018i.o      udata   0x0005de       data   0x00000a
                   .stack      udata   0x000d00       data   0x000100
        .udata_RCServo2.o      udata   0x000e00       data   0x0000b7
          .idata_stdout.o      idata   0x000eb7       data   0x000002
              SFR_BANKED0      udata   0x000ec6       data   0x00000e
              SFR_BANKED1      udata   0x000ed7       data   0x000008
              SFR_BANKED2      udata   0x000ee7       data   0x000004
              SFR_BANKED3      udata   0x000eec       data   0x000003
              SFR_BANKED4      udata   0x000ef2       data   0x000002
              SFR_BANKED5      udata   0x000ef6       data   0x000002
              SFR_BANKED6      udata   0x000efb       data   0x000005
              SFR_BANKED7      udata   0x000f26       data   0x000014
              SFR_BANKED8      udata   0x000f3c       data   0x000007
              SFR_BANKED9      udata   0x000f48       data   0x000008
             SFR_BANKED10      udata   0x000f52       data   0x00000e
            SFR_UNBANKED0      udata   0x000f60       data   0x0000a0



                              Program Memory Usage 
                               Start         End      
                           ---------   ---------      
                            0x001000    0x001005      
                            0x001008    0x00100d      
                            0x001018    0x00101d      
                            0x00102a    0x006e04      
                            0x006e06    0x00721e      
                            0x007220    0x0073d2      
                            0x0073d4    0x00743c      
                            0x00743e    0x0074a5      
            25738 out of 65538 program addresses used, program memory utilization is 39%



                              Symbols - Sorted by Name
                     Name    Address   Location    Storage File                     
                ---------  ---------  ---------  --------- ---------                
           BlinkUSBStatus   0x0039aa    program     extern D:\Projects\EggBot\SE\EBF\UBW.c
                CDCInitEP   0x0065a0    program     extern D:\Projects\EggBot\SE\EBF\Microchip_USB_2_7\USB\CDC Device Driver\usb_function_cdc.c
             CDCTxService   0x0067f6    program     extern D:\Projects\EggBot\SE\EBF\Microchip_USB_2_7\USB\CDC Device Driver\usb_function_cdc.c
                 EBB_Init   0x004ea6    program     extern D:\Projects\EggBot\SE\EBF\ebb.c
                 FXD3232U   0x007360    program     extern C:\MCC18\src\traditional\math\fxd3232u.c
                 FXM1616S   0x0070fa    program     extern C:\MCC18\src\traditional\math\fxm1616s.asm
                 FXM1616U   0x007154    program     extern C:\MCC18\src\traditional\math\fxm1616u.asm
                  FXM3232   0x0072a4    program     extern C:\MCC18\src\traditional\math\fxm3232.c
         InitializeSystem   0x006e12    program     static D:\Projects\EggBot\SE\EBF\main.c
                ProcessIO   0x001a0e    program     extern D:\Projects\EggBot\SE\EBF\UBW.c
               Process_S2   0x006b42    program     extern D:\Projects\EggBot\SE\EBF\RCServo2.c
            RCServo2_Init   0x006940    program     extern D:\Projects\EggBot\SE\EBF\RCServo2.c
      RCServo2_S2_command   0x006a54    program     extern D:\Projects\EggBot\SE\EBF\RCServo2.c
        Remapped_High_ISR   0x001008    program     extern D:\Projects\EggBot\SE\EBF\main.c
         Remapped_Low_ISR   0x001018    program     extern D:\Projects\EggBot\SE\EBF\main.c
               TSIGN1616A   0x007146    program     static C:\MCC18\src\traditional\math\fxm1616s.asm
       USBCBCheckOtherReq   0x006e6e    program     extern D:\Projects\EggBot\SE\EBF\main.c
        USBCBErrorHandler   0x006e6c    program     extern D:\Projects\EggBot\SE\EBF\main.c
              USBCBInitEP   0x006e74    program     extern D:\Projects\EggBot\SE\EBF\main.c
          USBCBSendResume   0x006e78    program     extern D:\Projects\EggBot\SE\EBF\main.c
    USBCBStdSetDscHandler   0x006e72    program     extern D:\Projects\EggBot\SE\EBF\main.c
             USBCBSuspend   0x006e66    program     extern D:\Projects\EggBot\SE\EBF\main.c
     USBCBWakeFromSuspend   0x006e68    program     extern D:\Projects\EggBot\SE\EBF\main.c
        USBCB_SOF_Handler   0x006e6a    program     extern D:\Projects\EggBot\SE\EBF\main.c
              USBCancelIO   0x004aee    program     extern D:\Projects\EggBot\SE\EBF\Microchip_USB_2_7\USB\usb_device.c
       USBCheckCDCRequest   0x006504    program     extern D:\Projects\EggBot\SE\EBF\Microchip_USB_2_7\USB\CDC Device Driver\usb_function_cdc.c
       USBCheckStdRequest   0x004002    program     extern D:\Projects\EggBot\SE\EBF\Microchip_USB_2_7\USB\usb_device.c
     USBConfigureEndpoint   0x0047ea    program     extern D:\Projects\EggBot\SE\EBF\Microchip_USB_2_7\USB\usb_device.c
         USBCtrlEPService   0x003d98    program     extern D:\Projects\EggBot\SE\EBF\Microchip_USB_2_7\USB\usb_device.c
 USBCtrlEPServiceComplete   0x00432c    program     extern D:\Projects\EggBot\SE\EBF\Microchip_USB_2_7\USB\usb_device.c
      USBCtrlTrfInHandler   0x003f04    program     extern D:\Projects\EggBot\SE\EBF\Microchip_USB_2_7\USB\usb_device.c
     USBCtrlTrfOutHandler   0x003eb8    program     extern D:\Projects\EggBot\SE\EBF\Microchip_USB_2_7\USB\usb_device.c
      USBCtrlTrfRxService   0x0045e2    program     extern D:\Projects\EggBot\SE\EBF\Microchip_USB_2_7\USB\usb_device.c
   USBCtrlTrfSetupHandler   0x003e72    program     extern D:\Projects\EggBot\SE\EBF\Microchip_USB_2_7\USB\usb_device.c
      USBCtrlTrfTxService   0x0044d0    program     extern D:\Projects\EggBot\SE\EBF\Microchip_USB_2_7\USB\usb_device.c
            USBDeviceInit   0x003ab0    program     extern D:\Projects\EggBot\SE\EBF\Microchip_USB_2_7\USB\usb_device.c
           USBDeviceTasks   0x003b8c    program     extern D:\Projects\EggBot\SE\EBF\Microchip_USB_2_7\USB\usb_device.c
        USBEnableEndpoint   0x0048b4    program     extern D:\Projects\EggBot\SE\EBF\Microchip_USB_2_7\USB\usb_device.c
USBPrepareForNextSetupTrf   0x003f9e    program     extern D:\Projects\EggBot\SE\EBF\Microchip_USB_2_7\USB\usb_device.c
         USBStallEndpoint   0x004920    program     extern D:\Projects\EggBot\SE\EBF\Microchip_USB_2_7\USB\usb_device.c
          USBStallHandler   0x003d12    program     extern D:\Projects\EggBot\SE\EBF\Microchip_USB_2_7\USB\usb_device.c
  USBStdFeatureReqHandler   0x0040c0    program     extern D:\Projects\EggBot\SE\EBF\Microchip_USB_2_7\USB\usb_device.c
      USBStdGetDscHandler   0x0041ca    program     extern D:\Projects\EggBot\SE\EBF\Microchip_USB_2_7\USB\usb_device.c
   USBStdGetStatusHandler   0x004278    program     extern D:\Projects\EggBot\SE\EBF\Microchip_USB_2_7\USB\usb_device.c
      USBStdSetCfgHandler   0x00471a    program     extern D:\Projects\EggBot\SE\EBF\Microchip_USB_2_7\USB\usb_device.c
               USBSuspend   0x003d46    program     extern D:\Projects\EggBot\SE\EBF\Microchip_USB_2_7\USB\usb_device.c
     USBTransferOnePacket   0x0049fc    program     extern D:\Projects\EggBot\SE\EBF\Microchip_USB_2_7\USB\usb_device.c
       USBWakeFromSuspend   0x003d6c    program     extern D:\Projects\EggBot\SE\EBF\Microchip_USB_2_7\USB\usb_device.c
               USB_CD_Ptr   0x007217    program     extern D:\Projects\EggBot\SE\EBF\usb_descriptors.c
               USB_SD_Ptr   0x007219    program     extern D:\Projects\EggBot\SE\EBF\usb_descriptors.c
USER_USB_CALLBACK_EVENT_HANDLER   0x006e94    program     extern D:\Projects\EggBot\SE\EBF\main.c
                 UserInit   0x00188c    program     extern D:\Projects\EggBot\SE\EBF\UBW.c
              _2jContinue   0x006fe8    program     static C:\MCC18\src\traditional\stdclib\memset.asm
                   _2jEnd   0x00704c    program     static C:\MCC18\src\traditional\stdclib\slenpgm.asm
                   _3jEnd   0x006ff2    program     static C:\MCC18\src\traditional\stdclib\memset.asm
     ___case_114_lbl00029   0x006f18    program     static                          
     ___case_115_lbl00025   0x006f08    program     static                          
     ___case_116_lbl00027   0x006f10    program     static                          
     ___case_117_lbl00026   0x006f0c    program     static                          
       ___case_1_lbl00022   0x006efc    program     static                          
       ___case_2_lbl00023   0x006f00    program     static                          
   ___case_32767_lbl00028   0x006f14    program     static                          
       ___case_3_lbl00024   0x006f04    program     static                          
      ___default_lbl00030   0x006f1c    program     static                          
         ___else_lbl00007   0x004c16    program     static                          
         ___else_lbl00009   0x004c20    program     static                          
         ___else_lbl00011   0x004c2c    program     static                          
         ___else_lbl00013   0x004c36    program     static                          
         ___else_lbl00015   0x004c24    program     static                          
         ___else_lbl00025   0x004ccc    program     static                          
         ___else_lbl00027   0x004d16    program     static                          
         ___else_lbl00032   0x004d60    program     static                          
         ___else_lbl00034   0x004d32    program     static                          
         ___else_lbl00039   0x004dcc    program     static                          
         ___else_lbl00041   0x004d9e    program     static                          
         ___else_lbl00045   0x004df4    program     static                          
         ___else_lbl00047   0x004d88    program     static                          
         ___else_lbl00049   0x004d1c    program     static                          
         ___else_lbl00051   0x004be8    program     static                          
          ___for_lbl00052   0x004e76    program     static                          
          ___for_lbl00053   0x004e7a    program     static                          
          ___for_lbl00054   0x004e00    program     static                          
           ___if_lbl00001   0x004bdc    program     static                          
           ___if_lbl00002   0x004be6    program     static                          
           ___if_lbl00006   0x004c18    program     static                          
           ___if_lbl00008   0x004c22    program     static                          
           ___if_lbl00010   0x004c2e    program     static                          
           ___if_lbl00012   0x004c38    program     static                          
           ___if_lbl00014   0x004c38    program     static                          
           ___if_lbl00016   0x004c76    program     static                          
           ___if_lbl00017   0x004c78    program     static                          
           ___if_lbl00018   0x004cb6    program     static                          
           ___if_lbl00019   0x004cb8    program     static                          
           ___if_lbl00020   0x004cc6    program     static                          
           ___if_lbl00021   0x004cca    program     static                          
           ___if_lbl00022   0x004cd0    program     static                          
           ___if_lbl00023   0x004cd4    program     static                          
           ___if_lbl00024   0x004cd4    program     static                          
           ___if_lbl00026   0x004d1a    program     static                          
           ___if_lbl00028   0x004d1a    program     static                          
           ___if_lbl00029   0x004d1a    program     static                          
           ___if_lbl00030   0x004d5e    program     static                          
           ___if_lbl00031   0x004d64    program     static                          
           ___if_lbl00033   0x004d64    program     static                          
           ___if_lbl00035   0x004d76    program     static                          
           ___if_lbl00036   0x004d80    program     static                          
           ___if_lbl00037   0x004dca    program     static                          
           ___if_lbl00038   0x004dd2    program     static                          
           ___if_lbl00040   0x004dd2    program     static                          
           ___if_lbl00042   0x004de4    program     static                          
           ___if_lbl00043   0x004dee    program     static                          
           ___if_lbl00044   0x004df4    program     static                          
           ___if_lbl00046   0x004df4    program     static                          
           ___if_lbl00048   0x004df4    program     static                          
           ___if_lbl00050   0x004df4    program     static                          
           ___if_lbl00055   0x004e8c    program     static                          
           ___if_lbl00056   0x004e8c    program     static                          
           ___if_lbl00057   0x004e96    program     static                          
           ___if_lbl00058   0x004e96    program     static                          
       ___return_lbl00000   0x004e96    program     static                          
       ___return_lbl00000   0x007312    program     static                          
       ___return_lbl00000   0x0073a6    program     static                          
       ___return_lbl00000   0x001004    program     static                          
       ___return_lbl00000   0x00740e    program     static                          
       ___return_lbl00001   0x006fc6    program     static                          
       ___return_lbl00001   0x00100c    program     static                          
       ___return_lbl00002   0x00101c    program     static                          
       ___return_lbl00020   0x006f22    program     static                          
       ___return_lbl00339   0x003194    program     static                          
   ___switchexit_lbl00021   0x006f1e    program     static                          
                   __init   0x00743e    program     extern C:\MCC18\src\traditional\stdclib\__init.c
                   __pa_0   0x006222    program     static C:\MCC18\src\traditional\stdclib\vfprintf.c
                   __pa_1   0x00622a    program     static C:\MCC18\src\traditional\stdclib\vfprintf.c
                  __pa_10   0x0062de    program     static C:\MCC18\src\traditional\stdclib\vfprintf.c
                  __pa_11   0x0062ec    program     static C:\MCC18\src\traditional\stdclib\vfprintf.c
                  __pa_12   0x006302    program     static C:\MCC18\src\traditional\stdclib\vfprintf.c
                  __pa_13   0x00631c    program     static C:\MCC18\src\traditional\stdclib\vfprintf.c
                  __pa_14   0x006334    program     static C:\MCC18\src\traditional\stdclib\vfprintf.c
                  __pa_15   0x006344    program     static C:\MCC18\src\traditional\stdclib\vfprintf.c
                  __pa_16   0x00635a    program     static C:\MCC18\src\traditional\stdclib\vfprintf.c
                  __pa_17   0x00636c    program     static C:\MCC18\src\traditional\stdclib\vfprintf.c
                  __pa_18   0x00637e    program     static C:\MCC18\src\traditional\stdclib\vfprintf.c
                  __pa_19   0x006388    program     static C:\MCC18\src\traditional\stdclib\vfprintf.c
                   __pa_2   0x006234    program     static C:\MCC18\src\traditional\stdclib\vfprintf.c
                  __pa_20   0x006398    program     static C:\MCC18\src\traditional\stdclib\vfprintf.c
                  __pa_21   0x0063a8    program     static C:\MCC18\src\traditional\stdclib\vfprintf.c
                  __pa_22   0x0063b8    program     static C:\MCC18\src\traditional\stdclib\vfprintf.c
                  __pa_23   0x0063c4    program     static C:\MCC18\src\traditional\stdclib\vfprintf.c
                  __pa_24   0x0063d2    program     static C:\MCC18\src\traditional\stdclib\vfprintf.c
                  __pa_25   0x0063da    program     static C:\MCC18\src\traditional\stdclib\vfprintf.c
                  __pa_26   0x0063e4    program     static C:\MCC18\src\traditional\stdclib\vfprintf.c
                  __pa_27   0x0063ee    program     static C:\MCC18\src\traditional\stdclib\vfprintf.c
                  __pa_28   0x0063f6    program     static C:\MCC18\src\traditional\stdclib\vfprintf.c
                  __pa_29   0x006404    program     static C:\MCC18\src\traditional\stdclib\vfprintf.c
                   __pa_3   0x00623e    program     static C:\MCC18\src\traditional\stdclib\vfprintf.c
                  __pa_30   0x006420    program     static C:\MCC18\src\traditional\stdclib\vfprintf.c
                  __pa_31   0x00643a    program     static C:\MCC18\src\traditional\stdclib\vfprintf.c
                  __pa_32   0x006454    program     static C:\MCC18\src\traditional\stdclib\vfprintf.c
                  __pa_33   0x00646c    program     static C:\MCC18\src\traditional\stdclib\vfprintf.c
                  __pa_34   0x006476    program     static C:\MCC18\src\traditional\stdclib\vfprintf.c
                  __pa_35   0x006484    program     static C:\MCC18\src\traditional\stdclib\vfprintf.c
                  __pa_36   0x00648c    program     static C:\MCC18\src\traditional\stdclib\vfprintf.c
                  __pa_37   0x006496    program     static C:\MCC18\src\traditional\stdclib\vfprintf.c
                  __pa_38   0x0064a6    program     static C:\MCC18\src\traditional\stdclib\vfprintf.c
                  __pa_39   0x0064b4    program     static C:\MCC18\src\traditional\stdclib\vfprintf.c
                   __pa_4   0x006256    program     static C:\MCC18\src\traditional\stdclib\vfprintf.c
                  __pa_40   0x0064c0    program     static C:\MCC18\src\traditional\stdclib\vfprintf.c
                  __pa_41   0x0064cc    program     static C:\MCC18\src\traditional\stdclib\vfprintf.c
                  __pa_42   0x0064d4    program     static C:\MCC18\src\traditional\stdclib\vfprintf.c
                  __pa_43   0x0064de    program     static C:\MCC18\src\traditional\stdclib\vfprintf.c
                  __pa_44   0x0064e4    program     static C:\MCC18\src\traditional\stdclib\vfprintf.c
                  __pa_45   0x0064ee    program     static C:\MCC18\src\traditional\stdclib\vfprintf.c
                  __pa_46   0x0064fa    program     static C:\MCC18\src\traditional\stdclib\vfprintf.c
                   __pa_5   0x00626a    program     static C:\MCC18\src\traditional\stdclib\vfprintf.c
                   __pa_6   0x006286    program     static C:\MCC18\src\traditional\stdclib\vfprintf.c
                   __pa_7   0x006290    program     static C:\MCC18\src\traditional\stdclib\vfprintf.c
                   __pa_8   0x00629c    program     static C:\MCC18\src\traditional\stdclib\vfprintf.c
                   __pa_9   0x0062be    program     static C:\MCC18\src\traditional\stdclib\vfprintf.c
               __string_0   0x006c20    program     static D:\Projects\EggBot\SE\EBF\ebb.c
               __string_1   0x006c17    program     static D:\Projects\EggBot\SE\EBF\ebb.c
              __string_10   0x006d77    program     static D:\Projects\EggBot\SE\EBF\UBW.c
              __string_11   0x006d56    program     static D:\Projects\EggBot\SE\EBF\UBW.c
              __string_12   0x006d3d    program     static D:\Projects\EggBot\SE\EBF\UBW.c
              __string_13   0x006d1a    program     static D:\Projects\EggBot\SE\EBF\UBW.c
              __string_14   0x006cf2    program     static D:\Projects\EggBot\SE\EBF\UBW.c
              __string_15   0x006cd5    program     static D:\Projects\EggBot\SE\EBF\UBW.c
              __string_16   0x006cd3    program     static D:\Projects\EggBot\SE\EBF\UBW.c
              __string_17   0x006ccd    program     static D:\Projects\EggBot\SE\EBF\UBW.c
              __string_18   0x006cc3    program     static D:\Projects\EggBot\SE\EBF\UBW.c
              __string_19   0x006cba    program     static D:\Projects\EggBot\SE\EBF\UBW.c
               __string_2   0x006c10    program     static D:\Projects\EggBot\SE\EBF\ebb.c
              __string_20   0x006cae    program     static D:\Projects\EggBot\SE\EBF\UBW.c
              __string_21   0x006ca2    program     static D:\Projects\EggBot\SE\EBF\UBW.c
              __string_22   0x006c96    program     static D:\Projects\EggBot\SE\EBF\UBW.c
              __string_23   0x006c8a    program     static D:\Projects\EggBot\SE\EBF\UBW.c
              __string_24   0x006c7d    program     static D:\Projects\EggBot\SE\EBF\UBW.c
              __string_25   0x006c70    program     static D:\Projects\EggBot\SE\EBF\UBW.c
              __string_26   0x006c64    program     static D:\Projects\EggBot\SE\EBF\UBW.c
              __string_27   0x006c58    program     static D:\Projects\EggBot\SE\EBF\UBW.c
              __string_28   0x006c31    program     static D:\Projects\EggBot\SE\EBF\UBW.c
              __string_29   0x006c25    program     static D:\Projects\EggBot\SE\EBF\UBW.c
               __string_3   0x006df9    program     static D:\Projects\EggBot\SE\EBF\UBW.c
               __string_3   0x006c0a    program     static D:\Projects\EggBot\SE\EBF\ebb.c
               __string_4   0x006df6    program     static D:\Projects\EggBot\SE\EBF\UBW.c
               __string_5   0x006df3    program     static D:\Projects\EggBot\SE\EBF\UBW.c
               __string_6   0x006ded    program     static D:\Projects\EggBot\SE\EBF\UBW.c
               __string_7   0x006dce    program     static D:\Projects\EggBot\SE\EBF\UBW.c
               __string_8   0x006db2    program     static D:\Projects\EggBot\SE\EBF\UBW.c
               __string_9   0x006d96    program     static D:\Projects\EggBot\SE\EBF\UBW.c
               __tmplbl_0   0x006eb0    program     static                          
               __tmplbl_0   0x004c08    program     static                          
               __tmplbl_1   0x006ebc    program     static                          
               __tmplbl_1   0x004c00    program     static                          
               __tmplbl_2   0x006ec6    program     static                          
               __tmplbl_2   0x004bfa    program     static                          
               __tmplbl_3   0x004bf4    program     static                          
               __tmplbl_3   0x006ed0    program     static                          
               __tmplbl_4   0x006eda    program     static                          
              __tmplbl_42   0x0063b8    program     static                          
              __tmplbl_43   0x006200    program     static                          
              __tmplbl_44   0x0061e6    program     static                          
               __tmplbl_5   0x006ee4    program     static                          
               __tmplbl_6   0x006eee    program     static                          
               __tmplbl_7   0x006ef8    program     static                          
              __tmplbl_85   0x005938    program     static                          
            __zero_memory   0x0073d4    program     extern C:\MCC18\src\traditional\proc\p18F46J50.asm
                _do_cinit   0x006f2a    program     extern C:\MCC18\src\traditional\startup\c018i.c
                   _false   0x0073a2    program     static                          
                   _reset   0x001000    program     extern D:\Projects\EggBot\SE\EBF\main.c
                 _startup   0x0073f4    program     extern C:\MCC18\src\traditional\startup\c018i.c
              _usart_putc   0x007410    program     extern C:\MCC18\src\pmc_common\USART\_usartpc.asm
               _user_putc   0x001df4    program     extern D:\Projects\EggBot\SE\EBF\UBW.c
   check_and_send_TX_data   0x001e5e    program     extern D:\Projects\EggBot\SE\EBF\UBW.c
                compare_l   0x0073ea    program     static C:\MCC18\src\traditional\proc\p18F46J50.asm
        configDescriptor1   0x0071a2    program     extern D:\Projects\EggBot\SE\EBF\usb_descriptors.c
                copy_loop   0x006f9c    program     static                          
            copy_one_byte   0x006fa2    program     static                          
               device_dsc   0x007190    program     extern D:\Projects\EggBot\SE\EBF\usb_descriptors.c
                     done   0x006fc6    program     static                          
             done_copying   0x006fb0    program     static                          
            extract_digit   0x00386e    program     extern D:\Projects\EggBot\SE\EBF\UBW.c
           extract_number   0x00340a    program     extern D:\Projects\EggBot\SE\EBF\UBW.c
             getsUSBUSART   0x006606    program     extern D:\Projects\EggBot\SE\EBF\Microchip_USB_2_7\USB\CDC Device Driver\usb_function_cdc.c
                 high_ISR   0x004b9e    program     extern D:\Projects\EggBot\SE\EBF\ebb.c
                  isdigit   0x00733c    program     extern C:\MCC18\src\traditional\stdclib\isdigit.asm
                     jEnd   0x00704e    program     static C:\MCC18\src\traditional\stdclib\slenpgm.asm
                     jEnd   0x007016    program     static C:\MCC18\src\traditional\stdclib\strlen.asm
                     jEnd   0x006ffa    program     static C:\MCC18\src\traditional\stdclib\memset.asm
                    jLoop   0x007036    program     static C:\MCC18\src\traditional\stdclib\slenpgm.asm
                    jLoop   0x00700c    program     static C:\MCC18\src\traditional\stdclib\strlen.asm
                    jLoop   0x006fdc    program     static C:\MCC18\src\traditional\stdclib\memset.asm
                   jMatch   0x00735c    program     static C:\MCC18\src\traditional\stdclib\isdigit.asm
                 jNoMatch   0x00735e    program     static C:\MCC18\src\traditional\stdclib\isdigit.asm
                 jNoMatch   0x00733a    program     static C:\MCC18\src\traditional\stdclib\toupper.asm
                     loop   0x007404    program     static                          
                     loop   0x007420    program     static C:\MCC18\src\pmc_common\USART\_usartpc.asm
                     loop   0x00736e    program     static                          
                   loop_h   0x0073e2    program     static C:\MCC18\src\traditional\proc\p18F46J50.asm
                   loop_l   0x0073ec    program     static C:\MCC18\src\traditional\proc\p18F46J50.asm
                  low_ISR   0x001044    program     extern D:\Projects\EggBot\SE\EBF\UBW.c
                     main   0x006e06    program     extern D:\Projects\EggBot\SE\EBF\main.c
                   memset   0x006fc8    program     extern C:\MCC18\src\traditional\stdclib\memset.asm
           parse_A_packet   0x002808    program     extern D:\Projects\EggBot\SE\EBF\UBW.c
          parse_BC_packet   0x002ffc    program     extern D:\Projects\EggBot\SE\EBF\UBW.c
          parse_BL_packet   0x00318c    program     extern D:\Projects\EggBot\SE\EBF\UBW.c
          parse_BO_packet   0x003000    program     extern D:\Projects\EggBot\SE\EBF\UBW.c
          parse_BS_packet   0x003004    program     extern D:\Projects\EggBot\SE\EBF\UBW.c
          parse_CI_packet   0x00301c    program     extern D:\Projects\EggBot\SE\EBF\UBW.c
          parse_CK_packet   0x003196    program     extern D:\Projects\EggBot\SE\EBF\UBW.c
          parse_CS_packet   0x003010    program     extern D:\Projects\EggBot\SE\EBF\UBW.c
          parse_CU_packet   0x0023f4    program     extern D:\Projects\EggBot\SE\EBF\UBW.c
          parse_CX_packet   0x002e98    program     extern D:\Projects\EggBot\SE\EBF\UBW.c
           parse_C_packet   0x00251a    program     extern D:\Projects\EggBot\SE\EBF\UBW.c
          parse_EM_packet   0x005668    program     extern D:\Projects\EggBot\SE\EBF\ebb.c
           parse_I_packet   0x0027a8    program     extern D:\Projects\EggBot\SE\EBF\UBW.c
          parse_MR_packet   0x00293e    program     extern D:\Projects\EggBot\SE\EBF\UBW.c
          parse_MW_packet   0x0028c2    program     extern D:\Projects\EggBot\SE\EBF\UBW.c
          parse_ND_packet   0x0057a0    program     extern D:\Projects\EggBot\SE\EBF\ebb.c
          parse_NI_packet   0x00577e    program     extern D:\Projects\EggBot\SE\EBF\ebb.c
           parse_O_packet   0x002696    program     extern D:\Projects\EggBot\SE\EBF\UBW.c
          parse_PC_packet   0x003020    program     extern D:\Projects\EggBot\SE\EBF\UBW.c
          parse_PD_packet   0x0029c2    program     extern D:\Projects\EggBot\SE\EBF\UBW.c
          parse_PG_packet   0x003142    program     extern D:\Projects\EggBot\SE\EBF\UBW.c
          parse_PI_packet   0x002b8e    program     extern D:\Projects\EggBot\SE\EBF\UBW.c
          parse_PO_packet   0x002cc8    program     extern D:\Projects\EggBot\SE\EBF\UBW.c
          parse_QB_packet   0x0058a8    program     extern D:\Projects\EggBot\SE\EBF\ebb.c
          parse_QL_packet   0x005872    program     extern D:\Projects\EggBot\SE\EBF\ebb.c
          parse_QN_packet   0x00581a    program     extern D:\Projects\EggBot\SE\EBF\ebb.c
          parse_QP_packet   0x0054f6    program     extern D:\Projects\EggBot\SE\EBF\ebb.c
          parse_RC_packet   0x002e9c    program     extern D:\Projects\EggBot\SE\EBF\UBW.c
          parse_RI_packet   0x003018    program     extern D:\Projects\EggBot\SE\EBF\UBW.c
          parse_RS_packet   0x00300c    program     extern D:\Projects\EggBot\SE\EBF\UBW.c
          parse_RX_packet   0x002e94    program     extern D:\Projects\EggBot\SE\EBF\UBW.c
           parse_R_packet   0x0023ec    program     extern D:\Projects\EggBot\SE\EBF\UBW.c
          parse_SC_packet   0x004f4a    program     extern D:\Projects\EggBot\SE\EBF\ebb.c
          parse_SI_packet   0x003014    program     extern D:\Projects\EggBot\SE\EBF\UBW.c
          parse_SL_packet   0x00584e    program     extern D:\Projects\EggBot\SE\EBF\ebb.c
          parse_SM_packet   0x0051b8    program     extern D:\Projects\EggBot\SE\EBF\ebb.c
          parse_SN_packet   0x0057ba    program     extern D:\Projects\EggBot\SE\EBF\ebb.c
          parse_SP_packet   0x00559c    program     extern D:\Projects\EggBot\SE\EBF\ebb.c
          parse_SS_packet   0x003008    program     extern D:\Projects\EggBot\SE\EBF\UBW.c
          parse_TP_packet   0x00552c    program     extern D:\Projects\EggBot\SE\EBF\ebb.c
          parse_TX_packet   0x002e90    program     extern D:\Projects\EggBot\SE\EBF\UBW.c
           parse_T_packet   0x002484    program     extern D:\Projects\EggBot\SE\EBF\UBW.c
           parse_V_packet   0x0027e8    program     extern D:\Projects\EggBot\SE\EBF\UBW.c
             parse_packet   0x001ef4    program     extern D:\Projects\EggBot\SE\EBF\UBW.c
                print_ack   0x0023c6    program     extern D:\Projects\EggBot\SE\EBF\UBW.c
             print_status   0x003982    program     extern D:\Projects\EggBot\SE\EBF\UBW.c
                   printf   0x007062    program     extern C:\MCC18\src\traditional\stdclib\printf.c
               process_SM   0x00529a    program     static D:\Projects\EggBot\SE\EBF\ebb.c
               process_SP   0x005620    program     extern D:\Projects\EggBot\SE\EBF\ebb.c
              putUSBUSART   0x0066c6    program     extern D:\Projects\EggBot\SE\EBF\Microchip_USB_2_7\USB\CDC Device Driver\usb_function_cdc.c
                     putc   0x007220    program     extern C:\MCC18\src\traditional\stdclib\putc.c
            putrsUSBUSART   0x006774    program     extern D:\Projects\EggBot\SE\EBF\Microchip_USB_2_7\USB\CDC Device Driver\usb_function_cdc.c
             putsUSBUSART   0x0066f4    program     extern D:\Projects\EggBot\SE\EBF\Microchip_USB_2_7\USB\CDC Device Driver\usb_function_cdc.c
                 s_digits   0x00742c    program     static C:\MCC18\src\traditional\stdclib\vfprintf.c
            s_put_n_chars   0x0058e2    program     static C:\MCC18\src\traditional\stdclib\vfprintf.c
                    sd000   0x0071e5    program     extern D:\Projects\EggBot\SE\EBF\usb_descriptors.c
                    sd001   0x0071e9    program     extern D:\Projects\EggBot\SE\EBF\usb_descriptors.c
                    sd002   0x007201    program     extern D:\Projects\EggBot\SE\EBF\usb_descriptors.c
                  st_LFCR   0x0073ad    program     extern D:\Projects\EggBot\SE\EBF\UBW.c
                    st_OK   0x0073a8    program     extern D:\Projects\EggBot\SE\EBF\UBW.c
               st_version   0x0073b0    program     extern D:\Projects\EggBot\SE\EBF\UBW.c
                   strlen   0x006ffc    program     extern C:\MCC18\src\traditional\stdclib\strlen.asm
                strlenpgm   0x007018    program     extern C:\MCC18\src\traditional\stdclib\slenpgm.asm
                     test   0x006f44    program     static                          
                  toupper   0x007314    program     extern C:\MCC18\src\traditional\stdclib\toupper.asm
                 vfprintf   0x00590e    program     extern C:\MCC18\src\traditional\stdclib\vfprintf.c
               zero_block   0x0073e2    program     static C:\MCC18\src\traditional\proc\p18F46J50.asm
                   ADCON0   0x000fc2       data     extern C:\MCC18\src\traditional\proc\p18F46J50.asm
               ADCON0bits   0x000fc2       data     extern C:\MCC18\src\traditional\proc\p18F46J50.asm
                   ADCON1   0x000fc1       data     extern C:\MCC18\src\traditional\proc\p18F46J50.asm
               ADCON1bits   0x000fc1       data     extern C:\MCC18\src\traditional\proc\p18F46J50.asm
                    ADRES   0x000fc3       data     extern C:\MCC18\src\traditional\proc\p18F46J50.asm
                   ADRESH   0x000fc4       data     extern C:\MCC18\src\traditional\proc\p18F46J50.asm
                   ADRESL   0x000fc3       data     extern C:\MCC18\src\traditional\proc\p18F46J50.asm
                  ALRMCFG   0x000f91       data     extern C:\MCC18\src\traditional\proc\p18F46J50.asm
              ALRMCFGbits   0x000f91       data     extern C:\MCC18\src\traditional\proc\p18F46J50.asm
                  ALRMRPT   0x000f90       data     extern C:\MCC18\src\traditional\proc\p18F46J50.asm
              ALRMRPTbits   0x000f90       data     extern C:\MCC18\src\traditional\proc\p18F46J50.asm
                 ALRMVALH   0x000f8f       data     extern C:\MCC18\src\traditional\proc\p18F46J50.asm
                 ALRMVALL   0x000f8e       data     extern C:\MCC18\src\traditional\proc\p18F46J50.asm
                   ANCON0   0x000f48       data     extern C:\MCC18\src\traditional\proc\p18F46J50.asm
               ANCON0bits   0x000f48       data     extern C:\MCC18\src\traditional\proc\p18F46J50.asm
                   ANCON1   0x000f49       data     extern C:\MCC18\src\traditional\proc\p18F46J50.asm
               ANCON1bits   0x000f49       data     extern C:\MCC18\src\traditional\proc\p18F46J50.asm
            A_cur_channel   0x000034       data     extern D:\Projects\EggBot\SE\EBF\UBW.c
           A_tick_counter   0x000032       data     extern D:\Projects\EggBot\SE\EBF\UBW.c
                  AllDone   0x00001b       data     static D:\Projects\EggBot\SE\EBF\ebb.c
             AnalogEnable   0x00002b       data     extern D:\Projects\EggBot\SE\EBF\UBW.c
                  BAUDCON   0x000f7e       data     extern C:\MCC18\src\traditional\proc\p18F46J50.asm
                 BAUDCON1   0x000f7e       data     extern C:\MCC18\src\traditional\proc\p18F46J50.asm
             BAUDCON1bits   0x000f7e       data     extern C:\MCC18\src\traditional\proc\p18F46J50.asm
                 BAUDCON2   0x000f7c       data     extern C:\MCC18\src\traditional\proc\p18F46J50.asm
             BAUDCON2bits   0x000f7c       data     extern C:\MCC18\src\traditional\proc\p18F46J50.asm
              BAUDCONbits   0x000f7e       data     extern C:\MCC18\src\traditional\proc\p18F46J50.asm
                  BAUDCTL   0x000f7e       data     extern C:\MCC18\src\traditional\proc\p18F46J50.asm
              BAUDCTLbits   0x000f7e       data     extern C:\MCC18\src\traditional\proc\p18F46J50.asm
                      BDT   0x000400       data     extern D:\Projects\EggBot\SE\EBF\Microchip_USB_2_7\USB\usb_device.c
                      BSR   0x000fe0       data     extern C:\MCC18\src\traditional\proc\p18F46J50.asm
              BaudRateGen   0x00059c       data     extern D:\Projects\EggBot\SE\EBF\Microchip_USB_2_7\USB\CDC Device Driver\usb_function_cdc.c
       BothEP0OutUOWNsSet   0x0005d1       data     extern D:\Projects\EggBot\SE\EBF\Microchip_USB_2_7\USB\usb_device.c
             ButtonPushed   0x0004b1       data     static D:\Projects\EggBot\SE\EBF\ebb.c
                  CCP1CON   0x000fba       data     extern C:\MCC18\src\traditional\proc\p18F46J50.asm
              CCP1CONbits   0x000fba       data     extern C:\MCC18\src\traditional\proc\p18F46J50.asm
                  CCP2CON   0x000fb4       data     extern C:\MCC18\src\traditional\proc\p18F46J50.asm
              CCP2CONbits   0x000fb4       data     extern C:\MCC18\src\traditional\proc\p18F46J50.asm
                    CCPR1   0x000fbb       data     extern C:\MCC18\src\traditional\proc\p18F46J50.asm
                   CCPR1H   0x000fbc       data     extern C:\MCC18\src\traditional\proc\p18F46J50.asm
                   CCPR1L   0x000fbb       data     extern C:\MCC18\src\traditional\proc\p18F46J50.asm
                    CCPR2   0x000fb5       data     extern C:\MCC18\src\traditional\proc\p18F46J50.asm
                   CCPR2H   0x000fb6       data     extern C:\MCC18\src\traditional\proc\p18F46J50.asm
                   CCPR2L   0x000fb5       data     extern C:\MCC18\src\traditional\proc\p18F46J50.asm
          CDCDataInHandle   0x000599       data     extern D:\Projects\EggBot\SE\EBF\Microchip_USB_2_7\USB\CDC Device Driver\usb_function_cdc.c
         CDCDataOutHandle   0x000597       data     extern D:\Projects\EggBot\SE\EBF\Microchip_USB_2_7\USB\CDC Device Driver\usb_function_cdc.c
                   CM1CON   0x000fd2       data     extern C:\MCC18\src\traditional\proc\p18F46J50.asm
                  CM1CON1   0x000fd2       data     extern C:\MCC18\src\traditional\proc\p18F46J50.asm
              CM1CON1bits   0x000fd2       data     extern C:\MCC18\src\traditional\proc\p18F46J50.asm
               CM1CONbits   0x000fd2       data     extern C:\MCC18\src\traditional\proc\p18F46J50.asm
                   CM2CON   0x000fd1       data     extern C:\MCC18\src\traditional\proc\p18F46J50.asm
                  CM2CON1   0x000fd1       data     extern C:\MCC18\src\traditional\proc\p18F46J50.asm
              CM2CON1bits   0x000fd1       data     extern C:\MCC18\src\traditional\proc\p18F46J50.asm
               CM2CONbits   0x000fd1       data     extern C:\MCC18\src\traditional\proc\p18F46J50.asm
                   CMSTAT   0x000f70       data     extern C:\MCC18\src\traditional\proc\p18F46J50.asm
                 CMSTATUS   0x000f70       data     extern C:\MCC18\src\traditional\proc\p18F46J50.asm
             CMSTATUSbits   0x000f70       data     extern C:\MCC18\src\traditional\proc\p18F46J50.asm
               CMSTATbits   0x000f70       data     extern C:\MCC18\src\traditional\proc\p18F46J50.asm
                 CTMUCONH   0x000fb3       data     extern C:\MCC18\src\traditional\proc\p18F46J50.asm
             CTMUCONHbits   0x000fb3       data     extern C:\MCC18\src\traditional\proc\p18F46J50.asm
                 CTMUCONL   0x000fb2       data     extern C:\MCC18\src\traditional\proc\p18F46J50.asm
             CTMUCONLbits   0x000fb2       data     extern C:\MCC18\src\traditional\proc\p18F46J50.asm
                 CTMUICON   0x000fb1       data     extern C:\MCC18\src\traditional\proc\p18F46J50.asm
             CTMUICONbits   0x000fb1       data     extern C:\MCC18\src\traditional\proc\p18F46J50.asm
                   CVRCON   0x000f53       data     extern C:\MCC18\src\traditional\proc\p18F46J50.asm
               CVRCONbits   0x000f53       data     extern C:\MCC18\src\traditional\proc\p18F46J50.asm
                  Command   0x00001e       data     static D:\Projects\EggBot\SE\EBF\ebb.c
              CtrlTrfData   0x000448       data     extern D:\Projects\EggBot\SE\EBF\Microchip_USB_2_7\USB\usb_device.c
                   DMABCH   0x000f66       data     extern C:\MCC18\src\traditional\proc\p18F46J50.asm
               DMABCHbits   0x000f66       data     extern C:\MCC18\src\traditional\proc\p18F46J50.asm
                   DMABCL   0x000f67       data     extern C:\MCC18\src\traditional\proc\p18F46J50.asm
                  DMACON1   0x000f88       data     extern C:\MCC18\src\traditional\proc\p18F46J50.asm
              DMACON1bits   0x000f88       data     extern C:\MCC18\src\traditional\proc\p18F46J50.asm
                  DMACON2   0x000f86       data     extern C:\MCC18\src\traditional\proc\p18F46J50.asm
              DMACON2bits   0x000f86       data     extern C:\MCC18\src\traditional\proc\p18F46J50.asm
                   DSCONH   0x000f4d       data     extern C:\MCC18\src\traditional\proc\p18F46J50.asm
               DSCONHbits   0x000f4d       data     extern C:\MCC18\src\traditional\proc\p18F46J50.asm
                   DSCONL   0x000f4c       data     extern C:\MCC18\src\traditional\proc\p18F46J50.asm
               DSCONLbits   0x000f4c       data     extern C:\MCC18\src\traditional\proc\p18F46J50.asm
                   DSGPR0   0x000f4e       data     extern C:\MCC18\src\traditional\proc\p18F46J50.asm
                   DSGPR1   0x000f4f       data     extern C:\MCC18\src\traditional\proc\p18F46J50.asm
                  DSWAKEH   0x000f4b       data     extern C:\MCC18\src\traditional\proc\p18F46J50.asm
              DSWAKEHbits   0x000f4b       data     extern C:\MCC18\src\traditional\proc\p18F46J50.asm
                  DSWAKEL   0x000f4a       data     extern C:\MCC18\src\traditional\proc\p18F46J50.asm
              DSWAKELbits   0x000f4a       data     extern C:\MCC18\src\traditional\proc\p18F46J50.asm
           D_tick_counter   0x000030       data     extern D:\Projects\EggBot\SE\EBF\UBW.c
             DelayCounter   0x00049c       data     static D:\Projects\EggBot\SE\EBF\ebb.c
           DemoModeActive   0x00049e       data     extern D:\Projects\EggBot\SE\EBF\ebb.c
                  DirBits   0x000018       data     static D:\Projects\EggBot\SE\EBF\ebb.c
                  ECCP1AS   0x000fbe       data     extern C:\MCC18\src\traditional\proc\p18F46J50.asm
              ECCP1ASbits   0x000fbe       data     extern C:\MCC18\src\traditional\proc\p18F46J50.asm
                 ECCP1CON   0x000fba       data     extern C:\MCC18\src\traditional\proc\p18F46J50.asm
             ECCP1CONbits   0x000fba       data     extern C:\MCC18\src\traditional\proc\p18F46J50.asm
                 ECCP1DEL   0x000fbd       data     extern C:\MCC18\src\traditional\proc\p18F46J50.asm
             ECCP1DELbits   0x000fbd       data     extern C:\MCC18\src\traditional\proc\p18F46J50.asm
                  ECCP2AS   0x000fb8       data     extern C:\MCC18\src\traditional\proc\p18F46J50.asm
              ECCP2ASbits   0x000fb8       data     extern C:\MCC18\src\traditional\proc\p18F46J50.asm
                 ECCP2CON   0x000fb4       data     extern C:\MCC18\src\traditional\proc\p18F46J50.asm
             ECCP2CONbits   0x000fb4       data     extern C:\MCC18\src\traditional\proc\p18F46J50.asm
                 ECCP2DEL   0x000fb7       data     extern C:\MCC18\src\traditional\proc\p18F46J50.asm
             ECCP2DELbits   0x000fb7       data     extern C:\MCC18\src\traditional\proc\p18F46J50.asm
                   EECON1   0x000fa6       data     extern C:\MCC18\src\traditional\proc\p18F46J50.asm
               EECON1bits   0x000fa6       data     extern C:\MCC18\src\traditional\proc\p18F46J50.asm
                   EECON2   0x000fa7       data     extern C:\MCC18\src\traditional\proc\p18F46J50.asm
                     FSR0   0x000fe9       data     extern C:\MCC18\src\traditional\proc\p18F46J50.asm
                    FSR0H   0x000fea       data     extern C:\MCC18\src\traditional\proc\p18F46J50.asm
                    FSR0L   0x000fe9       data     extern C:\MCC18\src\traditional\proc\p18F46J50.asm
                     FSR1   0x000fe1       data     extern C:\MCC18\src\traditional\proc\p18F46J50.asm
                    FSR1H   0x000fe2       data     extern C:\MCC18\src\traditional\proc\p18F46J50.asm
                    FSR1L   0x000fe1       data     extern C:\MCC18\src\traditional\proc\p18F46J50.asm
                     FSR2   0x000fd9       data     extern C:\MCC18\src\traditional\proc\p18F46J50.asm
                    FSR2H   0x000fda       data     extern C:\MCC18\src\traditional\proc\p18F46J50.asm
                    FSR2L   0x000fd9       data     extern C:\MCC18\src\traditional\proc\p18F46J50.asm
                  HLVDCON   0x000f85       data     extern C:\MCC18\src\traditional\proc\p18F46J50.asm
              HLVDCONbits   0x000f85       data     extern C:\MCC18\src\traditional\proc\p18F46J50.asm
                    INDF0   0x000fef       data     extern C:\MCC18\src\traditional\proc\p18F46J50.asm
                    INDF1   0x000fe7       data     extern C:\MCC18\src\traditional\proc\p18F46J50.asm
                    INDF2   0x000fdf       data     extern C:\MCC18\src\traditional\proc\p18F46J50.asm
                   INTCON   0x000ff2       data     extern C:\MCC18\src\traditional\proc\p18F46J50.asm
                  INTCON2   0x000ff1       data     extern C:\MCC18\src\traditional\proc\p18F46J50.asm
              INTCON2bits   0x000ff1       data     extern C:\MCC18\src\traditional\proc\p18F46J50.asm
                  INTCON3   0x000ff0       data     extern C:\MCC18\src\traditional\proc\p18F46J50.asm
              INTCON3bits   0x000ff0       data     extern C:\MCC18\src\traditional\proc\p18F46J50.asm
               INTCONbits   0x000ff2       data     extern C:\MCC18\src\traditional\proc\p18F46J50.asm
                     IPR1   0x000f9f       data     extern C:\MCC18\src\traditional\proc\p18F46J50.asm
                 IPR1bits   0x000f9f       data     extern C:\MCC18\src\traditional\proc\p18F46J50.asm
                     IPR2   0x000fa2       data     extern C:\MCC18\src\traditional\proc\p18F46J50.asm
                 IPR2bits   0x000fa2       data     extern C:\MCC18\src\traditional\proc\p18F46J50.asm
                     IPR3   0x000fa5       data     extern C:\MCC18\src\traditional\proc\p18F46J50.asm
                 IPR3bits   0x000fa5       data     extern C:\MCC18\src\traditional\proc\p18F46J50.asm
               ISR_A_FIFO   0x000100       data     extern D:\Projects\EggBot\SE\EBF\UBW.c
            ISR_A_FIFO_in   0x000028       data     extern D:\Projects\EggBot\SE\EBF\UBW.c
        ISR_A_FIFO_length   0x00002a       data     extern D:\Projects\EggBot\SE\EBF\UBW.c
           ISR_A_FIFO_out   0x000029       data     extern D:\Projects\EggBot\SE\EBF\UBW.c
         ISR_A_RepeatRate   0x000026       data     extern D:\Projects\EggBot\SE\EBF\UBW.c
               ISR_D_FIFO   0x000148       data     extern D:\Projects\EggBot\SE\EBF\UBW.c
            ISR_D_FIFO_in   0x000023       data     extern D:\Projects\EggBot\SE\EBF\UBW.c
        ISR_D_FIFO_length   0x000025       data     extern D:\Projects\EggBot\SE\EBF\UBW.c
           ISR_D_FIFO_out   0x000024       data     extern D:\Projects\EggBot\SE\EBF\UBW.c
         ISR_D_RepeatRate   0x000021       data     extern D:\Projects\EggBot\SE\EBF\UBW.c
                     LATA   0x000f89       data     extern C:\MCC18\src\traditional\proc\p18F46J50.asm
                 LATAbits   0x000f89       data     extern C:\MCC18\src\traditional\proc\p18F46J50.asm
                     LATB   0x000f8a       data     extern C:\MCC18\src\traditional\proc\p18F46J50.asm
                 LATBbits   0x000f8a       data     extern C:\MCC18\src\traditional\proc\p18F46J50.asm
                     LATC   0x000f8b       data     extern C:\MCC18\src\traditional\proc\p18F46J50.asm
                 LATCbits   0x000f8b       data     extern C:\MCC18\src\traditional\proc\p18F46J50.asm
                     LATD   0x000f8c       data     extern C:\MCC18\src\traditional\proc\p18F46J50.asm
                 LATDbits   0x000f8c       data     extern C:\MCC18\src\traditional\proc\p18F46J50.asm
                     LATE   0x000f8d       data     extern C:\MCC18\src\traditional\proc\p18F46J50.asm
                 LATEbits   0x000f8d       data     extern C:\MCC18\src\traditional\proc\p18F46J50.asm
                 LEDCount   0x0001fa       data     static D:\Projects\EggBot\SE\EBF\UBW.c
                 LEDState   0x0001fc       data     static D:\Projects\EggBot\SE\EBF\UBW.c
                    Layer   0x0004b0       data     static D:\Projects\EggBot\SE\EBF\ebb.c
                NextReady   0x00001d       data     extern D:\Projects\EggBot\SE\EBF\ebb.c
                NodeCount   0x0004ac       data     static D:\Projects\EggBot\SE\EBF\ebb.c
                   ODCON1   0x000f42       data     extern C:\MCC18\src\traditional\proc\p18F46J50.asm
               ODCON1bits   0x000f42       data     extern C:\MCC18\src\traditional\proc\p18F46J50.asm
                   ODCON2   0x000f41       data     extern C:\MCC18\src\traditional\proc\p18F46J50.asm
               ODCON2bits   0x000f41       data     extern C:\MCC18\src\traditional\proc\p18F46J50.asm
                   ODCON3   0x000f40       data     extern C:\MCC18\src\traditional\proc\p18F46J50.asm
               ODCON3bits   0x000f40       data     extern C:\MCC18\src\traditional\proc\p18F46J50.asm
                   OSCCON   0x000fd3       data     extern C:\MCC18\src\traditional\proc\p18F46J50.asm
               OSCCONbits   0x000fd3       data     extern C:\MCC18\src\traditional\proc\p18F46J50.asm
                  OSCTUNE   0x000f9b       data     extern C:\MCC18\src\traditional\proc\p18F46J50.asm
              OSCTUNEbits   0x000f9b       data     extern C:\MCC18\src\traditional\proc\p18F46J50.asm
                  OutByte   0x000019       data     static D:\Projects\EggBot\SE\EBF\ebb.c
                  PADCFG1   0x000f3c       data     extern C:\MCC18\src\traditional\proc\p18F46J50.asm
              PADCFG1bits   0x000f3c       data     extern C:\MCC18\src\traditional\proc\p18F46J50.asm
                       PC   0x000ff9       data     extern C:\MCC18\src\traditional\proc\p18F46J50.asm
                      PCL   0x000ff9       data     extern C:\MCC18\src\traditional\proc\p18F46J50.asm
                   PCLATH   0x000ffa       data     extern C:\MCC18\src\traditional\proc\p18F46J50.asm
                   PCLATU   0x000ffb       data     extern C:\MCC18\src\traditional\proc\p18F46J50.asm
                     PIE1   0x000f9d       data     extern C:\MCC18\src\traditional\proc\p18F46J50.asm
                 PIE1bits   0x000f9d       data     extern C:\MCC18\src\traditional\proc\p18F46J50.asm
                     PIE2   0x000fa0       data     extern C:\MCC18\src\traditional\proc\p18F46J50.asm
                 PIE2bits   0x000fa0       data     extern C:\MCC18\src\traditional\proc\p18F46J50.asm
                     PIE3   0x000fa3       data     extern C:\MCC18\src\traditional\proc\p18F46J50.asm
                 PIE3bits   0x000fa3       data     extern C:\MCC18\src\traditional\proc\p18F46J50.asm
                     PIR1   0x000f9e       data     extern C:\MCC18\src\traditional\proc\p18F46J50.asm
                 PIR1bits   0x000f9e       data     extern C:\MCC18\src\traditional\proc\p18F46J50.asm
                     PIR2   0x000fa1       data     extern C:\MCC18\src\traditional\proc\p18F46J50.asm
                 PIR2bits   0x000fa1       data     extern C:\MCC18\src\traditional\proc\p18F46J50.asm
                     PIR3   0x000fa4       data     extern C:\MCC18\src\traditional\proc\p18F46J50.asm
                 PIR3bits   0x000fa4       data     extern C:\MCC18\src\traditional\proc\p18F46J50.asm
                   PLUSW0   0x000feb       data     extern C:\MCC18\src\traditional\proc\p18F46J50.asm
                   PLUSW1   0x000fe3       data     extern C:\MCC18\src\traditional\proc\p18F46J50.asm
                   PLUSW2   0x000fdb       data     extern C:\MCC18\src\traditional\proc\p18F46J50.asm
                  PMADDRH   0x000f6f       data     extern C:\MCC18\src\traditional\proc\p18F46J50.asm
              PMADDRHbits   0x000f6f       data     extern C:\MCC18\src\traditional\proc\p18F46J50.asm
                  PMADDRL   0x000f6e       data     extern C:\MCC18\src\traditional\proc\p18F46J50.asm
                   PMCONH   0x000f5f       data     extern C:\MCC18\src\traditional\proc\p18F46J50.asm
               PMCONHbits   0x000f5f       data     extern C:\MCC18\src\traditional\proc\p18F46J50.asm
                   PMCONL   0x000f5e       data     extern C:\MCC18\src\traditional\proc\p18F46J50.asm
               PMCONLbits   0x000f5e       data     extern C:\MCC18\src\traditional\proc\p18F46J50.asm
                  PMDIN1H   0x000f6d       data     extern C:\MCC18\src\traditional\proc\p18F46J50.asm
                  PMDIN1L   0x000f6c       data     extern C:\MCC18\src\traditional\proc\p18F46J50.asm
                  PMDIN2H   0x000f59       data     extern C:\MCC18\src\traditional\proc\p18F46J50.asm
                  PMDIN2L   0x000f58       data     extern C:\MCC18\src\traditional\proc\p18F46J50.asm
                 PMDOUT1H   0x000f6f       data     extern C:\MCC18\src\traditional\proc\p18F46J50.asm
                 PMDOUT1L   0x000f6e       data     extern C:\MCC18\src\traditional\proc\p18F46J50.asm
                 PMDOUT2H   0x000f5b       data     extern C:\MCC18\src\traditional\proc\p18F46J50.asm
                 PMDOUT2L   0x000f5a       data     extern C:\MCC18\src\traditional\proc\p18F46J50.asm
                     PMEH   0x000f57       data     extern C:\MCC18\src\traditional\proc\p18F46J50.asm
                 PMEHbits   0x000f57       data     extern C:\MCC18\src\traditional\proc\p18F46J50.asm
                     PMEL   0x000f56       data     extern C:\MCC18\src\traditional\proc\p18F46J50.asm
                 PMELbits   0x000f56       data     extern C:\MCC18\src\traditional\proc\p18F46J50.asm
                  PMMODEH   0x000f5d       data     extern C:\MCC18\src\traditional\proc\p18F46J50.asm
              PMMODEHbits   0x000f5d       data     extern C:\MCC18\src\traditional\proc\p18F46J50.asm
                  PMMODEL   0x000f5c       data     extern C:\MCC18\src\traditional\proc\p18F46J50.asm
              PMMODELbits   0x000f5c       data     extern C:\MCC18\src\traditional\proc\p18F46J50.asm
                  PMSTATH   0x000f55       data     extern C:\MCC18\src\traditional\proc\p18F46J50.asm
              PMSTATHbits   0x000f55       data     extern C:\MCC18\src\traditional\proc\p18F46J50.asm
                  PMSTATL   0x000f54       data     extern C:\MCC18\src\traditional\proc\p18F46J50.asm
              PMSTATLbits   0x000f54       data     extern C:\MCC18\src\traditional\proc\p18F46J50.asm
                    PORTA   0x000f80       data     extern C:\MCC18\src\traditional\proc\p18F46J50.asm
                PORTAbits   0x000f80       data     extern C:\MCC18\src\traditional\proc\p18F46J50.asm
                    PORTB   0x000f81       data     extern C:\MCC18\src\traditional\proc\p18F46J50.asm
                PORTBbits   0x000f81       data     extern C:\MCC18\src\traditional\proc\p18F46J50.asm
                    PORTC   0x000f82       data     extern C:\MCC18\src\traditional\proc\p18F46J50.asm
                PORTCbits   0x000f82       data     extern C:\MCC18\src\traditional\proc\p18F46J50.asm
                    PORTD   0x000f83       data     extern C:\MCC18\src\traditional\proc\p18F46J50.asm
                PORTDbits   0x000f83       data     extern C:\MCC18\src\traditional\proc\p18F46J50.asm
                    PORTE   0x000f84       data     extern C:\MCC18\src\traditional\proc\p18F46J50.asm
                PORTEbits   0x000f84       data     extern C:\MCC18\src\traditional\proc\p18F46J50.asm
                 POSTDEC0   0x000fed       data     extern C:\MCC18\src\traditional\proc\p18F46J50.asm
                 POSTDEC1   0x000fe5       data     extern C:\MCC18\src\traditional\proc\p18F46J50.asm
                 POSTDEC2   0x000fdd       data     extern C:\MCC18\src\traditional\proc\p18F46J50.asm
                 POSTINC0   0x000fee       data     extern C:\MCC18\src\traditional\proc\p18F46J50.asm
                 POSTINC1   0x000fe6       data     extern C:\MCC18\src\traditional\proc\p18F46J50.asm
                 POSTINC2   0x000fde       data     extern C:\MCC18\src\traditional\proc\p18F46J50.asm
                   PPSCON   0x000eff       data     extern C:\MCC18\src\traditional\proc\p18F46J50.asm
               PPSCONbits   0x000eff       data     extern C:\MCC18\src\traditional\proc\p18F46J50.asm
                      PR2   0x000fcb       data     extern C:\MCC18\src\traditional\proc\p18F46J50.asm
                      PR4   0x000f77       data     extern C:\MCC18\src\traditional\proc\p18F46J50.asm
                  PREINC0   0x000fec       data     extern C:\MCC18\src\traditional\proc\p18F46J50.asm
                  PREINC1   0x000fe4       data     extern C:\MCC18\src\traditional\proc\p18F46J50.asm
                  PREINC2   0x000fdc       data     extern C:\MCC18\src\traditional\proc\p18F46J50.asm
                     PROD   0x000ff3       data     extern C:\MCC18\src\traditional\proc\p18F46J50.asm
                    PRODH   0x000ff4       data     extern C:\MCC18\src\traditional\proc\p18F46J50.asm
                    PRODL   0x000ff3       data     extern C:\MCC18\src\traditional\proc\p18F46J50.asm
                 PSTR1CON   0x000fbf       data     extern C:\MCC18\src\traditional\proc\p18F46J50.asm
             PSTR1CONbits   0x000fbf       data     extern C:\MCC18\src\traditional\proc\p18F46J50.asm
                 PSTR2CON   0x000fb9       data     extern C:\MCC18\src\traditional\proc\p18F46J50.asm
             PSTR2CONbits   0x000fb9       data     extern C:\MCC18\src\traditional\proc\p18F46J50.asm
                  PWM1CON   0x000fbd       data     extern C:\MCC18\src\traditional\proc\p18F46J50.asm
              PWM1CONbits   0x000fbd       data     extern C:\MCC18\src\traditional\proc\p18F46J50.asm
                  PWM2CON   0x000fb7       data     extern C:\MCC18\src\traditional\proc\p18F46J50.asm
              PWM2CONbits   0x000fb7       data     extern C:\MCC18\src\traditional\proc\p18F46J50.asm
                 PenState   0x0004ab       data     static D:\Projects\EggBot\SE\EBF\ebb.c
                     RCON   0x000fd0       data     extern C:\MCC18\src\traditional\proc\p18F46J50.asm
                 RCONbits   0x000fd0       data     extern C:\MCC18\src\traditional\proc\p18F46J50.asm
                    RCREG   0x000faf       data     extern C:\MCC18\src\traditional\proc\p18F46J50.asm
                   RCREG1   0x000faf       data     extern C:\MCC18\src\traditional\proc\p18F46J50.asm
                   RCREG2   0x000faa       data     extern C:\MCC18\src\traditional\proc\p18F46J50.asm
                    RCSTA   0x000fac       data     extern C:\MCC18\src\traditional\proc\p18F46J50.asm
                   RCSTA1   0x000fac       data     extern C:\MCC18\src\traditional\proc\p18F46J50.asm
               RCSTA1bits   0x000fac       data     extern C:\MCC18\src\traditional\proc\p18F46J50.asm
                   RCSTA2   0x000f9c       data     extern C:\MCC18\src\traditional\proc\p18F46J50.asm
               RCSTA2bits   0x000f9c       data     extern C:\MCC18\src\traditional\proc\p18F46J50.asm
                RCSTAbits   0x000fac       data     extern C:\MCC18\src\traditional\proc\p18F46J50.asm
                  REFOCON   0x000f3d       data     extern C:\MCC18\src\traditional\proc\p18F46J50.asm
              REFOCONbits   0x000f3d       data     extern C:\MCC18\src\traditional\proc\p18F46J50.asm
                   RPINR1   0x000ee7       data     extern C:\MCC18\src\traditional\proc\p18F46J50.asm
                  RPINR12   0x000ef2       data     extern C:\MCC18\src\traditional\proc\p18F46J50.asm
                  RPINR13   0x000ef3       data     extern C:\MCC18\src\traditional\proc\p18F46J50.asm
                  RPINR16   0x000ef6       data     extern C:\MCC18\src\traditional\proc\p18F46J50.asm
                  RPINR17   0x000ef7       data     extern C:\MCC18\src\traditional\proc\p18F46J50.asm
                   RPINR2   0x000ee8       data     extern C:\MCC18\src\traditional\proc\p18F46J50.asm
                  RPINR21   0x000efb       data     extern C:\MCC18\src\traditional\proc\p18F46J50.asm
                  RPINR22   0x000efc       data     extern C:\MCC18\src\traditional\proc\p18F46J50.asm
                  RPINR23   0x000efd       data     extern C:\MCC18\src\traditional\proc\p18F46J50.asm
                  RPINR24   0x000efe       data     extern C:\MCC18\src\traditional\proc\p18F46J50.asm
                   RPINR3   0x000ee9       data     extern C:\MCC18\src\traditional\proc\p18F46J50.asm
                   RPINR4   0x000eea       data     extern C:\MCC18\src\traditional\proc\p18F46J50.asm
                   RPINR6   0x000eec       data     extern C:\MCC18\src\traditional\proc\p18F46J50.asm
                   RPINR7   0x000eed       data     extern C:\MCC18\src\traditional\proc\p18F46J50.asm
                   RPINR8   0x000eee       data     extern C:\MCC18\src\traditional\proc\p18F46J50.asm
                    RPOR0   0x000ec6       data     extern C:\MCC18\src\traditional\proc\p18F46J50.asm
                    RPOR1   0x000ec7       data     extern C:\MCC18\src\traditional\proc\p18F46J50.asm
                   RPOR10   0x000ed0       data     extern C:\MCC18\src\traditional\proc\p18F46J50.asm
                   RPOR11   0x000ed1       data     extern C:\MCC18\src\traditional\proc\p18F46J50.asm
                   RPOR12   0x000ed2       data     extern C:\MCC18\src\traditional\proc\p18F46J50.asm
                   RPOR13   0x000ed3       data     extern C:\MCC18\src\traditional\proc\p18F46J50.asm
                   RPOR17   0x000ed7       data     extern C:\MCC18\src\traditional\proc\p18F46J50.asm
                   RPOR18   0x000ed8       data     extern C:\MCC18\src\traditional\proc\p18F46J50.asm
                   RPOR19   0x000ed9       data     extern C:\MCC18\src\traditional\proc\p18F46J50.asm
                    RPOR2   0x000ec8       data     extern C:\MCC18\src\traditional\proc\p18F46J50.asm
                   RPOR20   0x000eda       data     extern C:\MCC18\src\traditional\proc\p18F46J50.asm
                   RPOR21   0x000edb       data     extern C:\MCC18\src\traditional\proc\p18F46J50.asm
                   RPOR22   0x000edc       data     extern C:\MCC18\src\traditional\proc\p18F46J50.asm
                   RPOR23   0x000edd       data     extern C:\MCC18\src\traditional\proc\p18F46J50.asm
                   RPOR24   0x000ede       data     extern C:\MCC18\src\traditional\proc\p18F46J50.asm
                    RPOR3   0x000ec9       data     extern C:\MCC18\src\traditional\proc\p18F46J50.asm
                    RPOR4   0x000eca       data     extern C:\MCC18\src\traditional\proc\p18F46J50.asm
                    RPOR5   0x000ecb       data     extern C:\MCC18\src\traditional\proc\p18F46J50.asm
                    RPOR6   0x000ecc       data     extern C:\MCC18\src\traditional\proc\p18F46J50.asm
                    RPOR7   0x000ecd       data     extern C:\MCC18\src\traditional\proc\p18F46J50.asm
                    RPOR8   0x000ece       data     extern C:\MCC18\src\traditional\proc\p18F46J50.asm
                    RPOR9   0x000ecf       data     extern C:\MCC18\src\traditional\proc\p18F46J50.asm
                   RTCCAL   0x000f3e       data     extern C:\MCC18\src\traditional\proc\p18F46J50.asm
               RTCCALbits   0x000f3e       data     extern C:\MCC18\src\traditional\proc\p18F46J50.asm
                   RTCCFG   0x000f3f       data     extern C:\MCC18\src\traditional\proc\p18F46J50.asm
               RTCCFGbits   0x000f3f       data     extern C:\MCC18\src\traditional\proc\p18F46J50.asm
                  RTCVALH   0x000f99       data     extern C:\MCC18\src\traditional\proc\p18F46J50.asm
                  RTCVALL   0x000f98       data     extern C:\MCC18\src\traditional\proc\p18F46J50.asm
                  RXADDRH   0x000f68       data     extern C:\MCC18\src\traditional\proc\p18F46J50.asm
              RXADDRHbits   0x000f68       data     extern C:\MCC18\src\traditional\proc\p18F46J50.asm
                  RXADDRL   0x000f69       data     extern C:\MCC18\src\traditional\proc\p18F46J50.asm
             RemoteWakeup   0x0005cf       data     extern D:\Projects\EggBot\SE\EBF\Microchip_USB_2_7\USB\usb_device.c
                     SIGN   0x000035       data     extern C:\MCC18\src\traditional\math\cmath18.asm
                    SPBRG   0x000fb0       data     extern C:\MCC18\src\traditional\proc\p18F46J50.asm
                   SPBRG1   0x000fb0       data     extern C:\MCC18\src\traditional\proc\p18F46J50.asm
                   SPBRG2   0x000fab       data     extern C:\MCC18\src\traditional\proc\p18F46J50.asm
                   SPBRGH   0x000f7f       data     extern C:\MCC18\src\traditional\proc\p18F46J50.asm
                  SPBRGH1   0x000f7f       data     extern C:\MCC18\src\traditional\proc\p18F46J50.asm
                  SPBRGH2   0x000f7d       data     extern C:\MCC18\src\traditional\proc\p18F46J50.asm
                  SSP1ADD   0x000fc8       data     extern C:\MCC18\src\traditional\proc\p18F46J50.asm
              SSP1ADDbits   0x000fc8       data     extern C:\MCC18\src\traditional\proc\p18F46J50.asm
                  SSP1BUF   0x000fc9       data     extern C:\MCC18\src\traditional\proc\p18F46J50.asm
                 SSP1CON1   0x000fc6       data     extern C:\MCC18\src\traditional\proc\p18F46J50.asm
             SSP1CON1bits   0x000fc6       data     extern C:\MCC18\src\traditional\proc\p18F46J50.asm
                 SSP1CON2   0x000fc5       data     extern C:\MCC18\src\traditional\proc\p18F46J50.asm
             SSP1CON2bits   0x000fc5       data     extern C:\MCC18\src\traditional\proc\p18F46J50.asm
                 SSP1STAT   0x000fc7       data     extern C:\MCC18\src\traditional\proc\p18F46J50.asm
             SSP1STATbits   0x000fc7       data     extern C:\MCC18\src\traditional\proc\p18F46J50.asm
                  SSP2ADD   0x000f74       data     extern C:\MCC18\src\traditional\proc\p18F46J50.asm
              SSP2ADDbits   0x000f74       data     extern C:\MCC18\src\traditional\proc\p18F46J50.asm
                  SSP2BUF   0x000f75       data     extern C:\MCC18\src\traditional\proc\p18F46J50.asm
                 SSP2CON1   0x000f72       data     extern C:\MCC18\src\traditional\proc\p18F46J50.asm
             SSP2CON1bits   0x000f72       data     extern C:\MCC18\src\traditional\proc\p18F46J50.asm
                 SSP2CON2   0x000f71       data     extern C:\MCC18\src\traditional\proc\p18F46J50.asm
             SSP2CON2bits   0x000f71       data     extern C:\MCC18\src\traditional\proc\p18F46J50.asm
                 SSP2STAT   0x000f73       data     extern C:\MCC18\src\traditional\proc\p18F46J50.asm
             SSP2STATbits   0x000f73       data     extern C:\MCC18\src\traditional\proc\p18F46J50.asm
                   SSPADD   0x000fc8       data     extern C:\MCC18\src\traditional\proc\p18F46J50.asm
               SSPADDbits   0x000fc8       data     extern C:\MCC18\src\traditional\proc\p18F46J50.asm
                   SSPBUF   0x000fc9       data     extern C:\MCC18\src\traditional\proc\p18F46J50.asm
                  SSPCON1   0x000fc6       data     extern C:\MCC18\src\traditional\proc\p18F46J50.asm
              SSPCON1bits   0x000fc6       data     extern C:\MCC18\src\traditional\proc\p18F46J50.asm
                  SSPCON2   0x000fc5       data     extern C:\MCC18\src\traditional\proc\p18F46J50.asm
              SSPCON2bits   0x000fc5       data     extern C:\MCC18\src\traditional\proc\p18F46J50.asm
                  SSPSTAT   0x000fc7       data     extern C:\MCC18\src\traditional\proc\p18F46J50.asm
              SSPSTATbits   0x000fc7       data     extern C:\MCC18\src\traditional\proc\p18F46J50.asm
                   STATUS   0x000fd8       data     extern C:\MCC18\src\traditional\proc\p18F46J50.asm
               STATUSbits   0x000fd8       data     extern C:\MCC18\src\traditional\proc\p18F46J50.asm
                   STKPTR   0x000ffc       data     extern C:\MCC18\src\traditional\proc\p18F46J50.asm
               STKPTRbits   0x000ffc       data     extern C:\MCC18\src\traditional\proc\p18F46J50.asm
                 SetupPkt   0x000440       data     extern D:\Projects\EggBot\SE\EBF\Microchip_USB_2_7\USB\usb_device.c
            SolenoidDelay   0x0004a3       data     static D:\Projects\EggBot\SE\EBF\ebb.c
            SolenoidState   0x0004a2       data     static D:\Projects\EggBot\SE\EBF\ebb.c
                  StepAcc   0x000000       data     static D:\Projects\EggBot\SE\EBF\ebb.c
                  StepAdd   0x000008       data     static D:\Projects\EggBot\SE\EBF\ebb.c
             StepsCounter   0x000010       data     static D:\Projects\EggBot\SE\EBF\ebb.c
                    T0CON   0x000fd5       data     extern C:\MCC18\src\traditional\proc\p18F46J50.asm
                T0CONbits   0x000fd5       data     extern C:\MCC18\src\traditional\proc\p18F46J50.asm
                    T1CON   0x000fcd       data     extern C:\MCC18\src\traditional\proc\p18F46J50.asm
                T1CONbits   0x000fcd       data     extern C:\MCC18\src\traditional\proc\p18F46J50.asm
                   T1GCON   0x000f9a       data     extern C:\MCC18\src\traditional\proc\p18F46J50.asm
               T1GCONbits   0x000f9a       data     extern C:\MCC18\src\traditional\proc\p18F46J50.asm
                    T2CON   0x000fca       data     extern C:\MCC18\src\traditional\proc\p18F46J50.asm
                T2CONbits   0x000fca       data     extern C:\MCC18\src\traditional\proc\p18F46J50.asm
                    T3CON   0x000f79       data     extern C:\MCC18\src\traditional\proc\p18F46J50.asm
                T3CONbits   0x000f79       data     extern C:\MCC18\src\traditional\proc\p18F46J50.asm
                   T3GCON   0x000f97       data     extern C:\MCC18\src\traditional\proc\p18F46J50.asm
               T3GCONbits   0x000f97       data     extern C:\MCC18\src\traditional\proc\p18F46J50.asm
                    T4CON   0x000f76       data     extern C:\MCC18\src\traditional\proc\p18F46J50.asm
                T4CONbits   0x000f76       data     extern C:\MCC18\src\traditional\proc\p18F46J50.asm
                   TABLAT   0x000ff5       data     extern C:\MCC18\src\traditional\proc\p18F46J50.asm
                   TBLPTR   0x000ff6       data     extern C:\MCC18\src\traditional\proc\p18F46J50.asm
                  TBLPTRH   0x000ff7       data     extern C:\MCC18\src\traditional\proc\p18F46J50.asm
                  TBLPTRL   0x000ff6       data     extern C:\MCC18\src\traditional\proc\p18F46J50.asm
                  TBLPTRU   0x000ff8       data     extern C:\MCC18\src\traditional\proc\p18F46J50.asm
                  TCLKCON   0x000f52       data     extern C:\MCC18\src\traditional\proc\p18F46J50.asm
              TCLKCONbits   0x000f52       data     extern C:\MCC18\src\traditional\proc\p18F46J50.asm
                    TMR0H   0x000fd7       data     extern C:\MCC18\src\traditional\proc\p18F46J50.asm
                    TMR0L   0x000fd6       data     extern C:\MCC18\src\traditional\proc\p18F46J50.asm
                    TMR1H   0x000fcf       data     extern C:\MCC18\src\traditional\proc\p18F46J50.asm
                    TMR1L   0x000fce       data     extern C:\MCC18\src\traditional\proc\p18F46J50.asm
[...]
                    TRISD   0x000f95       data     extern C:\MCC18\src\traditional\proc\p18F46J50.asm
                TRISEbits   0x000f96       data     extern C:\MCC18\src\traditional\proc\p18F46J50.asm
                    TRISE   0x000f96       data     extern C:\MCC18\src\traditional\proc\p18F46J50.asm
               T3GCONbits   0x000f97       data     extern C:\MCC18\src\traditional\proc\p18F46J50.asm
                   T3GCON   0x000f97       data     extern C:\MCC18\src\traditional\proc\p18F46J50.asm
                  RTCVALL   0x000f98       data     extern C:\MCC18\src\traditional\proc\p18F46J50.asm
                  RTCVALH   0x000f99       data     extern C:\MCC18\src\traditional\proc\p18F46J50.asm
               T1GCONbits   0x000f9a       data     extern C:\MCC18\src\traditional\proc\p18F46J50.asm
                   T1GCON   0x000f9a       data     extern C:\MCC18\src\traditional\proc\p18F46J50.asm
              OSCTUNEbits   0x000f9b       data     extern C:\MCC18\src\traditional\proc\p18F46J50.asm
                  OSCTUNE   0x000f9b       data     extern C:\MCC18\src\traditional\proc\p18F46J50.asm
                   RCSTA2   0x000f9c       data     extern C:\MCC18\src\traditional\proc\p18F46J50.asm
               RCSTA2bits   0x000f9c       data     extern C:\MCC18\src\traditional\proc\p18F46J50.asm
                 PIE1bits   0x000f9d       data     extern C:\MCC18\src\traditional\proc\p18F46J50.asm
                     PIE1   0x000f9d       data     extern C:\MCC18\src\traditional\proc\p18F46J50.asm
                 PIR1bits   0x000f9e       data     extern C:\MCC18\src\traditional\proc\p18F46J50.asm
                     PIR1   0x000f9e       data     extern C:\MCC18\src\traditional\proc\p18F46J50.asm
                 IPR1bits   0x000f9f       data     extern C:\MCC18\src\traditional\proc\p18F46J50.asm
                     IPR1   0x000f9f       data     extern C:\MCC18\src\traditional\proc\p18F46J50.asm
                     PIE2   0x000fa0       data     extern C:\MCC18\src\traditional\proc\p18F46J50.asm
                 PIE2bits   0x000fa0       data     extern C:\MCC18\src\traditional\proc\p18F46J50.asm
                     PIR2   0x000fa1       data     extern C:\MCC18\src\traditional\proc\p18F46J50.asm
                 PIR2bits   0x000fa1       data     extern C:\MCC18\src\traditional\proc\p18F46J50.asm
                 IPR2bits   0x000fa2       data     extern C:\MCC18\src\traditional\proc\p18F46J50.asm
                     IPR2   0x000fa2       data     extern C:\MCC18\src\traditional\proc\p18F46J50.asm
                     PIE3   0x000fa3       data     extern C:\MCC18\src\traditional\proc\p18F46J50.asm
                 PIE3bits   0x000fa3       data     extern C:\MCC18\src\traditional\proc\p18F46J50.asm
                 PIR3bits   0x000fa4       data     extern C:\MCC18\src\traditional\proc\p18F46J50.asm
                     PIR3   0x000fa4       data     extern C:\MCC18\src\traditional\proc\p18F46J50.asm
                     IPR3   0x000fa5       data     extern C:\MCC18\src\traditional\proc\p18F46J50.asm
                 IPR3bits   0x000fa5       data     extern C:\MCC18\src\traditional\proc\p18F46J50.asm
               EECON1bits   0x000fa6       data     extern C:\MCC18\src\traditional\proc\p18F46J50.asm
                   EECON1   0x000fa6       data     extern C:\MCC18\src\traditional\proc\p18F46J50.asm
                   EECON2   0x000fa7       data     extern C:\MCC18\src\traditional\proc\p18F46J50.asm
               TXSTA2bits   0x000fa8       data     extern C:\MCC18\src\traditional\proc\p18F46J50.asm
                   TXSTA2   0x000fa8       data     extern C:\MCC18\src\traditional\proc\p18F46J50.asm
                   TXREG2   0x000fa9       data     extern C:\MCC18\src\traditional\proc\p18F46J50.asm
                   RCREG2   0x000faa       data     extern C:\MCC18\src\traditional\proc\p18F46J50.asm
                   SPBRG2   0x000fab       data     extern C:\MCC18\src\traditional\proc\p18F46J50.asm
                    RCSTA   0x000fac       data     extern C:\MCC18\src\traditional\proc\p18F46J50.asm
                   RCSTA1   0x000fac       data     extern C:\MCC18\src\traditional\proc\p18F46J50.asm
               RCSTA1bits   0x000fac       data     extern C:\MCC18\src\traditional\proc\p18F46J50.asm
                RCSTAbits   0x000fac       data     extern C:\MCC18\src\traditional\proc\p18F46J50.asm
                    TXSTA   0x000fad       data     extern C:\MCC18\src\traditional\proc\p18F46J50.asm
                TXSTAbits   0x000fad       data     extern C:\MCC18\src\traditional\proc\p18F46J50.asm
               TXSTA1bits   0x000fad       data     extern C:\MCC18\src\traditional\proc\p18F46J50.asm
                   TXSTA1   0x000fad       data     extern C:\MCC18\src\traditional\proc\p18F46J50.asm
                   TXREG1   0x000fae       data     extern C:\MCC18\src\traditional\proc\p18F46J50.asm
                    TXREG   0x000fae       data     extern C:\MCC18\src\traditional\proc\p18F46J50.asm
                   RCREG1   0x000faf       data     extern C:\MCC18\src\traditional\proc\p18F46J50.asm
                    RCREG   0x000faf       data     extern C:\MCC18\src\traditional\proc\p18F46J50.asm
                    SPBRG   0x000fb0       data     extern C:\MCC18\src\traditional\proc\p18F46J50.asm
                   SPBRG1   0x000fb0       data     extern C:\MCC18\src\traditional\proc\p18F46J50.asm
                 CTMUICON   0x000fb1       data     extern C:\MCC18\src\traditional\proc\p18F46J50.asm
             CTMUICONbits   0x000fb1       data     extern C:\MCC18\src\traditional\proc\p18F46J50.asm
             CTMUCONLbits   0x000fb2       data     extern C:\MCC18\src\traditional\proc\p18F46J50.asm
                 CTMUCONL   0x000fb2       data     extern C:\MCC18\src\traditional\proc\p18F46J50.asm
             CTMUCONHbits   0x000fb3       data     extern C:\MCC18\src\traditional\proc\p18F46J50.asm
                 CTMUCONH   0x000fb3       data     extern C:\MCC18\src\traditional\proc\p18F46J50.asm
              CCP2CONbits   0x000fb4       data     extern C:\MCC18\src\traditional\proc\p18F46J50.asm
                 ECCP2CON   0x000fb4       data     extern C:\MCC18\src\traditional\proc\p18F46J50.asm
                  CCP2CON   0x000fb4       data     extern C:\MCC18\src\traditional\proc\p18F46J50.asm
             ECCP2CONbits   0x000fb4       data     extern C:\MCC18\src\traditional\proc\p18F46J50.asm
                    CCPR2   0x000fb5       data     extern C:\MCC18\src\traditional\proc\p18F46J50.asm
                   CCPR2L   0x000fb5       data     extern C:\MCC18\src\traditional\proc\p18F46J50.asm
                   CCPR2H   0x000fb6       data     extern C:\MCC18\src\traditional\proc\p18F46J50.asm
                 ECCP2DEL   0x000fb7       data     extern C:\MCC18\src\traditional\proc\p18F46J50.asm
                  PWM2CON   0x000fb7       data     extern C:\MCC18\src\traditional\proc\p18F46J50.asm
              PWM2CONbits   0x000fb7       data     extern C:\MCC18\src\traditional\proc\p18F46J50.asm
             ECCP2DELbits   0x000fb7       data     extern C:\MCC18\src\traditional\proc\p18F46J50.asm
              ECCP2ASbits   0x000fb8       data     extern C:\MCC18\src\traditional\proc\p18F46J50.asm
                  ECCP2AS   0x000fb8       data     extern C:\MCC18\src\traditional\proc\p18F46J50.asm
                 PSTR2CON   0x000fb9       data     extern C:\MCC18\src\traditional\proc\p18F46J50.asm
             PSTR2CONbits   0x000fb9       data     extern C:\MCC18\src\traditional\proc\p18F46J50.asm
              CCP1CONbits   0x000fba       data     extern C:\MCC18\src\traditional\proc\p18F46J50.asm
                  CCP1CON   0x000fba       data     extern C:\MCC18\src\traditional\proc\p18F46J50.asm
                 ECCP1CON   0x000fba       data     extern C:\MCC18\src\traditional\proc\p18F46J50.asm
             ECCP1CONbits   0x000fba       data     extern C:\MCC18\src\traditional\proc\p18F46J50.asm
                    CCPR1   0x000fbb       data     extern C:\MCC18\src\traditional\proc\p18F46J50.asm
                   CCPR1L   0x000fbb       data     extern C:\MCC18\src\traditional\proc\p18F46J50.asm
                   CCPR1H   0x000fbc       data     extern C:\MCC18\src\traditional\proc\p18F46J50.asm
                  PWM1CON   0x000fbd       data     extern C:\MCC18\src\traditional\proc\p18F46J50.asm
              PWM1CONbits   0x000fbd       data     extern C:\MCC18\src\traditional\proc\p18F46J50.asm
             ECCP1DELbits   0x000fbd       data     extern C:\MCC18\src\traditional\proc\p18F46J50.asm
                 ECCP1DEL   0x000fbd       data     extern C:\MCC18\src\traditional\proc\p18F46J50.asm
                  ECCP1AS   0x000fbe       data     extern C:\MCC18\src\traditional\proc\p18F46J50.asm
              ECCP1ASbits   0x000fbe       data     extern C:\MCC18\src\traditional\proc\p18F46J50.asm
             PSTR1CONbits   0x000fbf       data     extern C:\MCC18\src\traditional\proc\p18F46J50.asm
                 PSTR1CON   0x000fbf       data     extern C:\MCC18\src\traditional\proc\p18F46J50.asm
               WDTCONbits   0x000fc0       data     extern C:\MCC18\src\traditional\proc\p18F46J50.asm
                   WDTCON   0x000fc0       data     extern C:\MCC18\src\traditional\proc\p18F46J50.asm
               ADCON1bits   0x000fc1       data     extern C:\MCC18\src\traditional\proc\p18F46J50.asm
                   ADCON1   0x000fc1       data     extern C:\MCC18\src\traditional\proc\p18F46J50.asm
               ADCON0bits   0x000fc2       data     extern C:\MCC18\src\traditional\proc\p18F46J50.asm
                   ADCON0   0x000fc2       data     extern C:\MCC18\src\traditional\proc\p18F46J50.asm
                    ADRES   0x000fc3       data     extern C:\MCC18\src\traditional\proc\p18F46J50.asm
                   ADRESL   0x000fc3       data     extern C:\MCC18\src\traditional\proc\p18F46J50.asm
                   ADRESH   0x000fc4       data     extern C:\MCC18\src\traditional\proc\p18F46J50.asm
                  SSPCON2   0x000fc5       data     extern C:\MCC18\src\traditional\proc\p18F46J50.asm
              SSPCON2bits   0x000fc5       data     extern C:\MCC18\src\traditional\proc\p18F46J50.asm
             SSP1CON2bits   0x000fc5       data     extern C:\MCC18\src\traditional\proc\p18F46J50.asm
                 SSP1CON2   0x000fc5       data     extern C:\MCC18\src\traditional\proc\p18F46J50.asm
              SSPCON1bits   0x000fc6       data     extern C:\MCC18\src\traditional\proc\p18F46J50.asm
                  SSPCON1   0x000fc6       data     extern C:\MCC18\src\traditional\proc\p18F46J50.asm
             SSP1CON1bits   0x000fc6       data     extern C:\MCC18\src\traditional\proc\p18F46J50.asm
                 SSP1CON1   0x000fc6       data     extern C:\MCC18\src\traditional\proc\p18F46J50.asm
                 SSP1STAT   0x000fc7       data     extern C:\MCC18\src\traditional\proc\p18F46J50.asm
             SSP1STATbits   0x000fc7       data     extern C:\MCC18\src\traditional\proc\p18F46J50.asm
              SSPSTATbits   0x000fc7       data     extern C:\MCC18\src\traditional\proc\p18F46J50.asm
                  SSPSTAT   0x000fc7       data     extern C:\MCC18\src\traditional\proc\p18F46J50.asm
              SSP1ADDbits   0x000fc8       data     extern C:\MCC18\src\traditional\proc\p18F46J50.asm
                   SSPADD   0x000fc8       data     extern C:\MCC18\src\traditional\proc\p18F46J50.asm
               SSPADDbits   0x000fc8       data     extern C:\MCC18\src\traditional\proc\p18F46J50.asm
                  SSP1ADD   0x000fc8       data     extern C:\MCC18\src\traditional\proc\p18F46J50.asm
                  SSP1BUF   0x000fc9       data     extern C:\MCC18\src\traditional\proc\p18F46J50.asm
                   SSPBUF   0x000fc9       data     extern C:\MCC18\src\traditional\proc\p18F46J50.asm
                T2CONbits   0x000fca       data     extern C:\MCC18\src\traditional\proc\p18F46J50.asm
                    T2CON   0x000fca       data     extern C:\MCC18\src\traditional\proc\p18F46J50.asm
                      PR2   0x000fcb       data     extern C:\MCC18\src\traditional\proc\p18F46J50.asm
                     TMR2   0x000fcc       data     extern C:\MCC18\src\traditional\proc\p18F46J50.asm
                T1CONbits   0x000fcd       data     extern C:\MCC18\src\traditional\proc\p18F46J50.asm
                    T1CON   0x000fcd       data     extern C:\MCC18\src\traditional\proc\p18F46J50.asm
                    TMR1L   0x000fce       data     extern C:\MCC18\src\traditional\proc\p18F46J50.asm
                    TMR1H   0x000fcf       data     extern C:\MCC18\src\traditional\proc\p18F46J50.asm
                     RCON   0x000fd0       data     extern C:\MCC18\src\traditional\proc\p18F46J50.asm
                 RCONbits   0x000fd0       data     extern C:\MCC18\src\traditional\proc\p18F46J50.asm
                   CM2CON   0x000fd1       data     extern C:\MCC18\src\traditional\proc\p18F46J50.asm
                  CM2CON1   0x000fd1       data     extern C:\MCC18\src\traditional\proc\p18F46J50.asm
              CM2CON1bits   0x000fd1       data     extern C:\MCC18\src\traditional\proc\p18F46J50.asm
               CM2CONbits   0x000fd1       data     extern C:\MCC18\src\traditional\proc\p18F46J50.asm
               CM1CONbits   0x000fd2       data     extern C:\MCC18\src\traditional\proc\p18F46J50.asm
              CM1CON1bits   0x000fd2       data     extern C:\MCC18\src\traditional\proc\p18F46J50.asm
                  CM1CON1   0x000fd2       data     extern C:\MCC18\src\traditional\proc\p18F46J50.asm
                   CM1CON   0x000fd2       data     extern C:\MCC18\src\traditional\proc\p18F46J50.asm
               OSCCONbits   0x000fd3       data     extern C:\MCC18\src\traditional\proc\p18F46J50.asm
                   OSCCON   0x000fd3       data     extern C:\MCC18\src\traditional\proc\p18F46J50.asm
                T0CONbits   0x000fd5       data     extern C:\MCC18\src\traditional\proc\p18F46J50.asm
                    T0CON   0x000fd5       data     extern C:\MCC18\src\traditional\proc\p18F46J50.asm
                    TMR0L   0x000fd6       data     extern C:\MCC18\src\traditional\proc\p18F46J50.asm
                    TMR0H   0x000fd7       data     extern C:\MCC18\src\traditional\proc\p18F46J50.asm
                   STATUS   0x000fd8       data     extern C:\MCC18\src\traditional\proc\p18F46J50.asm
               STATUSbits   0x000fd8       data     extern C:\MCC18\src\traditional\proc\p18F46J50.asm
                    FSR2L   0x000fd9       data     extern C:\MCC18\src\traditional\proc\p18F46J50.asm
                     FSR2   0x000fd9       data     extern C:\MCC18\src\traditional\proc\p18F46J50.asm
                    FSR2H   0x000fda       data     extern C:\MCC18\src\traditional\proc\p18F46J50.asm
                   PLUSW2   0x000fdb       data     extern C:\MCC18\src\traditional\proc\p18F46J50.asm
                  PREINC2   0x000fdc       data     extern C:\MCC18\src\traditional\proc\p18F46J50.asm
                 POSTDEC2   0x000fdd       data     extern C:\MCC18\src\traditional\proc\p18F46J50.asm
                 POSTINC2   0x000fde       data     extern C:\MCC18\src\traditional\proc\p18F46J50.asm
                    INDF2   0x000fdf       data     extern C:\MCC18\src\traditional\proc\p18F46J50.asm
                      BSR   0x000fe0       data     extern C:\MCC18\src\traditional\proc\p18F46J50.asm
                     FSR1   0x000fe1       data     extern C:\MCC18\src\traditional\proc\p18F46J50.asm
                    FSR1L   0x000fe1       data     extern C:\MCC18\src\traditional\proc\p18F46J50.asm
                    FSR1H   0x000fe2       data     extern C:\MCC18\src\traditional\proc\p18F46J50.asm
                   PLUSW1   0x000fe3       data     extern C:\MCC18\src\traditional\proc\p18F46J50.asm
                  PREINC1   0x000fe4       data     extern C:\MCC18\src\traditional\proc\p18F46J50.asm
                 POSTDEC1   0x000fe5       data     extern C:\MCC18\src\traditional\proc\p18F46J50.asm
                 POSTINC1   0x000fe6       data     extern C:\MCC18\src\traditional\proc\p18F46J50.asm
                    INDF1   0x000fe7       data     extern C:\MCC18\src\traditional\proc\p18F46J50.asm
                     WREG   0x000fe8       data     extern C:\MCC18\src\traditional\proc\p18F46J50.asm
                    FSR0L   0x000fe9       data     extern C:\MCC18\src\traditional\proc\p18F46J50.asm
                     FSR0   0x000fe9       data     extern C:\MCC18\src\traditional\proc\p18F46J50.asm
                    FSR0H   0x000fea       data     extern C:\MCC18\src\traditional\proc\p18F46J50.asm
                   PLUSW0   0x000feb       data     extern C:\MCC18\src\traditional\proc\p18F46J50.asm
                  PREINC0   0x000fec       data     extern C:\MCC18\src\traditional\proc\p18F46J50.asm
                 POSTDEC0   0x000fed       data     extern C:\MCC18\src\traditional\proc\p18F46J50.asm
                 POSTINC0   0x000fee       data     extern C:\MCC18\src\traditional\proc\p18F46J50.asm
                    INDF0   0x000fef       data     extern C:\MCC18\src\traditional\proc\p18F46J50.asm
                  INTCON3   0x000ff0       data     extern C:\MCC18\src\traditional\proc\p18F46J50.asm
              INTCON3bits   0x000ff0       data     extern C:\MCC18\src\traditional\proc\p18F46J50.asm
                  INTCON2   0x000ff1       data     extern C:\MCC18\src\traditional\proc\p18F46J50.asm
              INTCON2bits   0x000ff1       data     extern C:\MCC18\src\traditional\proc\p18F46J50.asm
               INTCONbits   0x000ff2       data     extern C:\MCC18\src\traditional\proc\p18F46J50.asm
                   INTCON   0x000ff2       data     extern C:\MCC18\src\traditional\proc\p18F46J50.asm
                    PRODL   0x000ff3       data     extern C:\MCC18\src\traditional\proc\p18F46J50.asm
                     PROD   0x000ff3       data     extern C:\MCC18\src\traditional\proc\p18F46J50.asm
                    PRODH   0x000ff4       data     extern C:\MCC18\src\traditional\proc\p18F46J50.asm
                   TABLAT   0x000ff5       data     extern C:\MCC18\src\traditional\proc\p18F46J50.asm
                  TBLPTRL   0x000ff6       data     extern C:\MCC18\src\traditional\proc\p18F46J50.asm
                   TBLPTR   0x000ff6       data     extern C:\MCC18\src\traditional\proc\p18F46J50.asm
                  TBLPTRH   0x000ff7       data     extern C:\MCC18\src\traditional\proc\p18F46J50.asm
                  TBLPTRU   0x000ff8       data     extern C:\MCC18\src\traditional\proc\p18F46J50.asm
                       PC   0x000ff9       data     extern C:\MCC18\src\traditional\proc\p18F46J50.asm
                      PCL   0x000ff9       data     extern C:\MCC18\src\traditional\proc\p18F46J50.asm
                   PCLATH   0x000ffa       data     extern C:\MCC18\src\traditional\proc\p18F46J50.asm
                   PCLATU   0x000ffb       data     extern C:\MCC18\src\traditional\proc\p18F46J50.asm
                   STKPTR   0x000ffc       data     extern C:\MCC18\src\traditional\proc\p18F46J50.asm
               STKPTRbits   0x000ffc       data     extern C:\MCC18\src\traditional\proc\p18F46J50.asm
                      TOS   0x000ffd       data     extern C:\MCC18\src\traditional\proc\p18F46J50.asm
                     TOSL   0x000ffd       data     extern C:\MCC18\src\traditional\proc\p18F46J50.asm
                     TOSH   0x000ffe       data     extern C:\MCC18\src\traditional\proc\p18F46J50.asm
                     TOSU   0x000fff       data     extern C:\MCC18\src\traditional\proc\p18F46J50.asm


