stm32g4xx_hal_pwr_ex.c:110:10:HAL_PWREx_GetVoltageRange	0	static
stm32g4xx_hal_pwr_ex.c:154:19:HAL_PWREx_ControlVoltageScaling	0	static
stm32g4xx_hal_pwr_ex.c:239:6:HAL_PWREx_EnableBatteryCharging	0	static
stm32g4xx_hal_pwr_ex.c:255:6:HAL_PWREx_DisableBatteryCharging	0	static
stm32g4xx_hal_pwr_ex.c:265:6:HAL_PWREx_EnableInternalWakeUpLine	0	static
stm32g4xx_hal_pwr_ex.c:275:6:HAL_PWREx_DisableInternalWakeUpLine	0	static
stm32g4xx_hal_pwr_ex.c:303:19:HAL_PWREx_EnableGPIOPullUp	0	static
stm32g4xx_hal_pwr_ex.c:364:19:HAL_PWREx_DisableGPIOPullUp	0	static
stm32g4xx_hal_pwr_ex.c:425:19:HAL_PWREx_EnableGPIOPullDown	0	static
stm32g4xx_hal_pwr_ex.c:486:19:HAL_PWREx_DisableGPIOPullDown	0	static
stm32g4xx_hal_pwr_ex.c:536:6:HAL_PWREx_EnablePullUpPullDownConfig	0	static
stm32g4xx_hal_pwr_ex.c:548:6:HAL_PWREx_DisablePullUpPullDownConfig	0	static
stm32g4xx_hal_pwr_ex.c:561:6:HAL_PWREx_EnableSRAM2ContentRetention	0	static
stm32g4xx_hal_pwr_ex.c:573:6:HAL_PWREx_DisableSRAM2ContentRetention	0	static
stm32g4xx_hal_pwr_ex.c:586:6:HAL_PWREx_EnablePVM1	0	static
stm32g4xx_hal_pwr_ex.c:595:6:HAL_PWREx_DisablePVM1	0	static
stm32g4xx_hal_pwr_ex.c:607:6:HAL_PWREx_EnablePVM2	0	static
stm32g4xx_hal_pwr_ex.c:616:6:HAL_PWREx_DisablePVM2	0	static
stm32g4xx_hal_pwr_ex.c:627:6:HAL_PWREx_EnablePVM3	0	static
stm32g4xx_hal_pwr_ex.c:636:6:HAL_PWREx_DisablePVM3	0	static
stm32g4xx_hal_pwr_ex.c:646:6:HAL_PWREx_EnablePVM4	0	static
stm32g4xx_hal_pwr_ex.c:655:6:HAL_PWREx_DisablePVM4	0	static
stm32g4xx_hal_pwr_ex.c:675:19:HAL_PWREx_ConfigPVM	0	static
stm32g4xx_hal_pwr_ex.c:836:6:HAL_PWREx_EnableLowPowerRunMode	0	static
stm32g4xx_hal_pwr_ex.c:851:19:HAL_PWREx_DisableLowPowerRunMode	0	static
stm32g4xx_hal_pwr_ex.c:895:6:HAL_PWREx_EnterSTOP0Mode	0	static,ignoring_inline_asm
stm32g4xx_hal_pwr_ex.c:946:6:HAL_PWREx_EnterSTOP1Mode	0	static,ignoring_inline_asm
stm32g4xx_hal_pwr_ex.c:987:6:HAL_PWREx_EnterSHUTDOWNMode	0	static,ignoring_inline_asm
stm32g4xx_hal_pwr_ex.c:1068:13:HAL_PWREx_PVM1Callback	0	static
stm32g4xx_hal_pwr_ex.c:1081:13:HAL_PWREx_PVM2Callback	0	static
stm32g4xx_hal_pwr_ex.c:1093:13:HAL_PWREx_PVM3Callback	0	static
stm32g4xx_hal_pwr_ex.c:1104:13:HAL_PWREx_PVM4Callback	0	static
stm32g4xx_hal_pwr_ex.c:1012:6:HAL_PWREx_PVD_PVM_IRQHandler	8	static
stm32g4xx_hal_pwr_ex.c:1116:6:HAL_PWREx_EnableUCPDStandbyMode	0	static
stm32g4xx_hal_pwr_ex.c:1128:6:HAL_PWREx_DisableUCPDStandbyMode	0	static
stm32g4xx_hal_pwr_ex.c:1142:6:HAL_PWREx_EnableUCPDDeadBattery	0	static
stm32g4xx_hal_pwr_ex.c:1158:6:HAL_PWREx_DisableUCPDDeadBattery	0	static
