stm32g4xx_hal_rcc_ex.c:125:19:HAL_RCCEx_PeriphCLKConfig	32	static
stm32g4xx_hal_rcc_ex.c:487:6:HAL_RCCEx_GetPeriphCLKConfig	0	static
stm32g4xx_hal_rcc_ex.c:650:10:HAL_RCCEx_GetPeriphCLKFreq	8	static
stm32g4xx_hal_rcc_ex.c:1288:6:HAL_RCCEx_EnableLSECSS	0	static
stm32g4xx_hal_rcc_ex.c:1298:6:HAL_RCCEx_DisableLSECSS	0	static
stm32g4xx_hal_rcc_ex.c:1311:6:HAL_RCCEx_EnableLSECSS_IT	0	static
stm32g4xx_hal_rcc_ex.c:1345:13:HAL_RCCEx_LSECSS_Callback	0	static
stm32g4xx_hal_rcc_ex.c:1328:6:HAL_RCCEx_LSECSS_IRQHandler	8	static
stm32g4xx_hal_rcc_ex.c:1360:6:HAL_RCCEx_EnableLSCO	48	static
stm32g4xx_hal_rcc_ex.c:1407:6:HAL_RCCEx_DisableLSCO	16	static
stm32g4xx_hal_rcc_ex.c:1515:6:HAL_RCCEx_CRSConfig	0	static
stm32g4xx_hal_rcc_ex.c:1557:6:HAL_RCCEx_CRSSoftwareSynchronizationGenerate	0	static
stm32g4xx_hal_rcc_ex.c:1567:6:HAL_RCCEx_CRSGetSynchronizationInfo	0	static
stm32g4xx_hal_rcc_ex.c:1600:10:HAL_RCCEx_CRSWaitSynchronization	16	static
stm32g4xx_hal_rcc_ex.c:1748:13:HAL_RCCEx_CRS_SyncOkCallback	0	static
stm32g4xx_hal_rcc_ex.c:1759:13:HAL_RCCEx_CRS_SyncWarnCallback	0	static
stm32g4xx_hal_rcc_ex.c:1770:13:HAL_RCCEx_CRS_ExpectedSyncCallback	0	static
stm32g4xx_hal_rcc_ex.c:1786:13:HAL_RCCEx_CRS_ErrorCallback	0	static
stm32g4xx_hal_rcc_ex.c:1683:6:HAL_RCCEx_CRS_IRQHandler	8	static
