stm32g4xx_hal_rcc.c:217:19:HAL_RCC_DeInit	16	static
stm32g4xx_hal_rcc.c:310:19:HAL_RCC_OscConfig	40	static
stm32g4xx_hal_rcc.c:765:19:HAL_RCC_ClockConfig	32	static
stm32g4xx_hal_rcc.c:988:6:HAL_RCC_MCOConfig	48	static
stm32g4xx_hal_rcc.c:1045:10:HAL_RCC_GetSysClockFreq	32	static
stm32g4xx_hal_rcc.c:1100:10:HAL_RCC_GetHCLKFreq	4	static
stm32g4xx_hal_rcc.c:1111:10:HAL_RCC_GetPCLK1Freq	8	static
stm32g4xx_hal_rcc.c:1123:10:HAL_RCC_GetPCLK2Freq	8	static
stm32g4xx_hal_rcc.c:1136:6:HAL_RCC_GetOscConfig	16	static
stm32g4xx_hal_rcc.c:1230:6:HAL_RCC_GetClockConfig	16	static
stm32g4xx_hal_rcc.c:1265:6:HAL_RCC_EnableCSS	4	static
stm32g4xx_hal_rcc.c:1279:6:HAL_RCC_EnableLSECSS	4	static
stm32g4xx_hal_rcc.c:1290:6:HAL_RCC_DisableLSECSS	4	static
stm32g4xx_hal_rcc.c:1300:6:HAL_RCC_NMI_IRQHandler	8	static
stm32g4xx_hal_rcc.c:1317:13:HAL_RCC_CSSCallback	4	static
stm32g4xx_hal_rcc.c:1341:17:RCC_GetSysClockFreqFromPLLSource	32	static
