stm32g4xx_hal_cortex.c:164:6:HAL_NVIC_SetPriorityGrouping	0	static
stm32g4xx_hal_cortex.c:186:6:HAL_NVIC_SetPriority	8	static
stm32g4xx_hal_cortex.c:208:6:HAL_NVIC_EnableIRQ	0	static,ignoring_inline_asm
stm32g4xx_hal_cortex.c:224:6:HAL_NVIC_DisableIRQ	0	static,ignoring_inline_asm
stm32g4xx_hal_cortex.c:237:6:HAL_NVIC_SystemReset	0	static,ignoring_inline_asm
stm32g4xx_hal_cortex.c:250:10:HAL_SYSTICK_Config	0	static
stm32g4xx_hal_cortex.c:278:10:HAL_NVIC_GetPriorityGrouping	0	static
stm32g4xx_hal_cortex.c:305:6:HAL_NVIC_GetPriority	12	static
stm32g4xx_hal_cortex.c:320:6:HAL_NVIC_SetPendingIRQ	0	static
stm32g4xx_hal_cortex.c:338:10:HAL_NVIC_GetPendingIRQ	0	static
stm32g4xx_hal_cortex.c:354:6:HAL_NVIC_ClearPendingIRQ	0	static
stm32g4xx_hal_cortex.c:371:10:HAL_NVIC_GetActive	0	static
stm32g4xx_hal_cortex.c:385:6:HAL_SYSTICK_CLKSourceConfig	0	static
stm32g4xx_hal_cortex.c:412:13:HAL_SYSTICK_Callback	0	static
stm32g4xx_hal_cortex.c:403:6:HAL_SYSTICK_IRQHandler	8	static
stm32g4xx_hal_cortex.c:431:6:HAL_MPU_Enable	0	static,ignoring_inline_asm
stm32g4xx_hal_cortex.c:446:6:HAL_MPU_Disable	0	static,ignoring_inline_asm
stm32g4xx_hal_cortex.c:462:6:HAL_MPU_ConfigRegion	0	static
