stm32g4xx_hal_flash.c:174:19:HAL_FLASH_Program	32	static
stm32g4xx_hal_flash.c:242:19:HAL_FLASH_Program_IT	32	static
stm32g4xx_hal_flash.c:302:6:HAL_FLASH_IRQHandler	24	static
stm32g4xx_hal_flash.c:442:13:HAL_FLASH_EndOfOperationCallback	16	static
stm32g4xx_hal_flash.c:460:13:HAL_FLASH_OperationErrorCallback	16	static
stm32g4xx_hal_flash.c:493:19:HAL_FLASH_Unlock	16	static
stm32g4xx_hal_flash.c:517:19:HAL_FLASH_Lock	16	static
stm32g4xx_hal_flash.c:537:19:HAL_FLASH_OB_Unlock	16	static
stm32g4xx_hal_flash.c:561:19:HAL_FLASH_OB_Lock	16	static
stm32g4xx_hal_flash.c:581:19:HAL_FLASH_OB_Launch	8	static
stm32g4xx_hal_flash.c:629:10:HAL_FLASH_GetError	4	static
stm32g4xx_hal_flash.c:653:19:FLASH_WaitForLastOperation	24	static
stm32g4xx_hal_flash.c:700:13:FLASH_Program_DoubleWord	32	static,ignoring_inline_asm
stm32g4xx_hal_flash.c:725:13:FLASH_Program_Fast	40	static,ignoring_inline_asm
