stm32g4xx_hal_exti.c:145:19:HAL_EXTI_SetConfigLine	16	static
stm32g4xx_hal_exti.c:269:19:HAL_EXTI_GetConfigLine	8	static
stm32g4xx_hal_exti.c:374:19:HAL_EXTI_ClearConfigLine	12	static
stm32g4xx_hal_exti.c:442:19:HAL_EXTI_RegisterCallback	0	static
stm32g4xx_hal_exti.c:473:19:HAL_EXTI_GetHandle	0	static
stm32g4xx_hal_exti.c:514:6:HAL_EXTI_IRQHandler	8	static
stm32g4xx_hal_exti.c:549:10:HAL_EXTI_GetPending	0	static
stm32g4xx_hal_exti.c:584:6:HAL_EXTI_ClearPending	0	static
stm32g4xx_hal_exti.c:613:6:HAL_EXTI_GenerateSWI	0	static
