stm32g4xx_ll_usb.c:64:19:USB_CoreInit	16	static
stm32g4xx_ll_usb.c:84:19:USB_EnableGlobalInt	24	static
stm32g4xx_ll_usb.c:109:19:USB_DisableGlobalInt	24	static
stm32g4xx_ll_usb.c:133:19:USB_SetCurrentMode	16	static
stm32g4xx_ll_usb.c:154:19:USB_DevInit	16	static
stm32g4xx_ll_usb.c:182:19:USB_SetDevSpeed	16	static
stm32g4xx_ll_usb.c:204:19:USB_FlushTxFifo	16	static
stm32g4xx_ll_usb.c:223:19:USB_FlushRxFifo	16	static
stm32g4xx_ll_usb.c:242:19:USB_ActivateEndpoint	112	static
stm32g4xx_ll_usb.c:355:19:USB_DeactivateEndpoint	56	static
stm32g4xx_ll_usb.c:408:19:USB_EPStartXfer	280	static
stm32g4xx_ll_usb.c:614:19:USB_WritePacket	24	static
stm32g4xx_ll_usb.c:636:7:USB_ReadPacket	24	static
stm32g4xx_ll_usb.c:655:19:USB_EPSetStall	24	static
stm32g4xx_ll_usb.c:675:19:USB_EPClearStall	32	static
stm32g4xx_ll_usb.c:706:19:USB_StopDevice	16	static
stm32g4xx_ll_usb.c:727:20:USB_SetDevAddress	16	static
stm32g4xx_ll_usb.c:743:20:USB_DevConnect	16	static
stm32g4xx_ll_usb.c:756:20:USB_DevDisconnect	16	static
stm32g4xx_ll_usb.c:769:11:USB_ReadInterrupts	24	static
stm32g4xx_ll_usb.c:782:10:USB_ReadDevAllOutEpInterrupt	16	static
stm32g4xx_ll_usb.c:798:10:USB_ReadDevAllInEpInterrupt	16	static
stm32g4xx_ll_usb.c:816:10:USB_ReadDevOutEPInterrupt	16	static
stm32g4xx_ll_usb.c:835:10:USB_ReadDevInEPInterrupt	16	static
stm32g4xx_ll_usb.c:853:7:USB_ClearInterrupts	16	static
stm32g4xx_ll_usb.c:870:19:USB_EP0_OutStart	16	static
stm32g4xx_ll_usb.c:887:19:USB_ActivateRemoteWakeup	16	static
stm32g4xx_ll_usb.c:899:19:USB_DeActivateRemoteWakeup	16	static
stm32g4xx_ll_usb.c:913:6:USB_WritePMA	56	static
stm32g4xx_ll_usb.c:947:6:USB_ReadPMA	48	static
