stm32g4xx_hal_pcd.c:122:19:HAL_PCD_Init	64	static
stm32g4xx_hal_pcd.c:218:19:HAL_PCD_DeInit	16	static
stm32g4xx_hal_pcd.c:257:13:HAL_PCD_MspInit	16	static
stm32g4xx_hal_pcd.c:272:13:HAL_PCD_MspDeInit	16	static
stm32g4xx_hal_pcd.c:967:19:HAL_PCD_Start	16	static
stm32g4xx_hal_pcd.c:982:19:HAL_PCD_Stop	16	static
stm32g4xx_hal_pcd.c:998:6:HAL_PCD_IRQHandler	16	static
stm32g4xx_hal_pcd.c:1124:13:HAL_PCD_DataOutStageCallback	16	static
stm32g4xx_hal_pcd.c:1141:13:HAL_PCD_DataInStageCallback	16	static
stm32g4xx_hal_pcd.c:1156:13:HAL_PCD_SetupStageCallback	16	static
stm32g4xx_hal_pcd.c:1171:13:HAL_PCD_SOFCallback	16	static
stm32g4xx_hal_pcd.c:1186:13:HAL_PCD_ResetCallback	16	static
stm32g4xx_hal_pcd.c:1201:13:HAL_PCD_SuspendCallback	16	static
stm32g4xx_hal_pcd.c:1216:13:HAL_PCD_ResumeCallback	16	static
stm32g4xx_hal_pcd.c:1232:13:HAL_PCD_ISOOUTIncompleteCallback	16	static
stm32g4xx_hal_pcd.c:1249:13:HAL_PCD_ISOINIncompleteCallback	16	static
stm32g4xx_hal_pcd.c:1265:13:HAL_PCD_ConnectCallback	16	static
stm32g4xx_hal_pcd.c:1280:13:HAL_PCD_DisconnectCallback	16	static
stm32g4xx_hal_pcd.c:1314:19:HAL_PCD_DevConnect	16	static
stm32g4xx_hal_pcd.c:1328:19:HAL_PCD_DevDisconnect	16	static
stm32g4xx_hal_pcd.c:1343:19:HAL_PCD_SetAddress	16	static
stm32g4xx_hal_pcd.c:1360:19:HAL_PCD_EP_Open	24	static
stm32g4xx_hal_pcd.c:1404:19:HAL_PCD_EP_Close	24	static
stm32g4xx_hal_pcd.c:1435:19:HAL_PCD_EP_Receive	32	static
stm32g4xx_hal_pcd.c:1466:10:HAL_PCD_EP_GetRxCount	16	static
stm32g4xx_hal_pcd.c:1478:19:HAL_PCD_EP_Transmit	32	static
stm32g4xx_hal_pcd.c:1511:19:HAL_PCD_EP_SetStall	24	static
stm32g4xx_hal_pcd.c:1552:19:HAL_PCD_EP_ClrStall	24	static
stm32g4xx_hal_pcd.c:1588:19:HAL_PCD_EP_Flush	16	static
stm32g4xx_hal_pcd.c:1602:19:HAL_PCD_ActivateRemoteWakeup	16	static
stm32g4xx_hal_pcd.c:1612:19:HAL_PCD_DeActivateRemoteWakeup	16	static
stm32g4xx_hal_pcd.c:1641:18:HAL_PCD_GetState	16	static
stm32g4xx_hal_pcd.c:1665:26:PCD_EP_ISR_Handler	64	static
stm32g4xx_hal_pcd.c:1899:17:HAL_PCD_EP_DB_Receive	40	static
stm32g4xx_hal_pcd.c:1980:26:HAL_PCD_EP_DB_Transmit	80	static
