stm32g4xx_ll_usb.c:64:19:USB_CoreInit	0	static
stm32g4xx_ll_usb.c:84:19:USB_EnableGlobalInt	0	static
stm32g4xx_ll_usb.c:109:19:USB_DisableGlobalInt	0	static
stm32g4xx_ll_usb.c:133:19:USB_SetCurrentMode	0	static
stm32g4xx_ll_usb.c:154:19:USB_DevInit	4	static
stm32g4xx_ll_usb.c:182:19:USB_SetDevSpeed	0	static
stm32g4xx_ll_usb.c:204:19:USB_FlushTxFifo	0	static
stm32g4xx_ll_usb.c:223:19:USB_FlushRxFifo	0	static
stm32g4xx_ll_usb.c:242:19:USB_ActivateEndpoint	8	static
stm32g4xx_ll_usb.c:355:19:USB_DeactivateEndpoint	4	static
stm32g4xx_ll_usb.c:614:19:USB_WritePacket	0	static
stm32g4xx_ll_usb.c:636:7:USB_ReadPacket	0	static
stm32g4xx_ll_usb.c:655:19:USB_EPSetStall	0	static
stm32g4xx_ll_usb.c:675:19:USB_EPClearStall	0	static
stm32g4xx_ll_usb.c:706:19:USB_StopDevice	0	static
stm32g4xx_ll_usb.c:727:20:USB_SetDevAddress	0	static
stm32g4xx_ll_usb.c:743:20:USB_DevConnect	0	static
stm32g4xx_ll_usb.c:756:20:USB_DevDisconnect	0	static
stm32g4xx_ll_usb.c:769:11:USB_ReadInterrupts	0	static
stm32g4xx_ll_usb.c:782:10:USB_ReadDevAllOutEpInterrupt	0	static
stm32g4xx_ll_usb.c:798:10:USB_ReadDevAllInEpInterrupt	0	static
stm32g4xx_ll_usb.c:816:10:USB_ReadDevOutEPInterrupt	0	static
stm32g4xx_ll_usb.c:835:10:USB_ReadDevInEPInterrupt	0	static
stm32g4xx_ll_usb.c:853:7:USB_ClearInterrupts	0	static
stm32g4xx_ll_usb.c:870:19:USB_EP0_OutStart	0	static
stm32g4xx_ll_usb.c:887:19:USB_ActivateRemoteWakeup	0	static
stm32g4xx_ll_usb.c:899:19:USB_DeActivateRemoteWakeup	0	static
stm32g4xx_ll_usb.c:913:6:USB_WritePMA	4	static
stm32g4xx_ll_usb.c:408:19:USB_EPStartXfer	16	static
stm32g4xx_ll_usb.c:947:6:USB_ReadPMA	8	static
