stm32g4xx_hal_flash_ex.c:540:13:FLASH_MassErase	0	static
stm32g4xx_hal_flash_ex.c:1196:13:FLASH_OB_GetSecMem	0	static
stm32g4xx_hal_flash_ex.c:1222:17:FLASH_OB_GetBootLock	0	static
stm32g4xx_hal_flash_ex.c:1241:13:FLASH_OB_GetWRP	0	static
stm32g4xx_hal_flash_ex.c:1280:17:FLASH_OB_GetRDP	0	static
stm32g4xx_hal_flash_ex.c:1308:17:FLASH_OB_GetUser	0	static
stm32g4xx_hal_flash_ex.c:1327:13:FLASH_OB_GetPCROP	12	static
stm32g4xx_hal_flash_ex.c:672:26:FLASH_OB_WRPConfig	16	static
stm32g4xx_hal_flash_ex.c:737:26:FLASH_OB_RDPConfig	8	static
stm32g4xx_hal_flash_ex.c:784:26:FLASH_OB_UserConfig	16	static
stm32g4xx_hal_flash_ex.c:990:26:FLASH_OB_PCROPConfig	16	static
stm32g4xx_hal_flash_ex.c:1108:26:FLASH_OB_SecMemConfig	16	static
stm32g4xx_hal_flash_ex.c:1161:26:FLASH_OB_BootLockConfig	8	static
stm32g4xx_hal_flash_ex.c:317:19:HAL_FLASHEx_OBProgram	16	static
stm32g4xx_hal_flash_ex.c:406:6:HAL_FLASHEx_OBGetConfig	8	static
stm32g4xx_hal_flash_ex.c:466:19:HAL_FLASHEx_EnableSecMemProtection	0	static
stm32g4xx_hal_flash_ex.c:500:6:HAL_FLASHEx_EnableDebugger	0	static
stm32g4xx_hal_flash_ex.c:512:6:HAL_FLASHEx_DisableDebugger	0	static
stm32g4xx_hal_flash_ex.c:585:6:FLASH_PageErase	0	static
stm32g4xx_hal_flash_ex.c:241:19:HAL_FLASHEx_Erase_IT	8	static
stm32g4xx_hal_flash_ex.c:620:6:FLASH_FlushCaches	0	static
stm32g4xx_hal_flash_ex.c:139:19:HAL_FLASHEx_Erase	24	static
