stm32g4xx_hal_flash_ex.c:139:19:HAL_FLASHEx_Erase	24	static
stm32g4xx_hal_flash_ex.c:241:19:HAL_FLASHEx_Erase_IT	24	static
stm32g4xx_hal_flash_ex.c:317:19:HAL_FLASHEx_OBProgram	24	static
stm32g4xx_hal_flash_ex.c:406:6:HAL_FLASHEx_OBGetConfig	16	static
stm32g4xx_hal_flash_ex.c:466:19:HAL_FLASHEx_EnableSecMemProtection	16	static
stm32g4xx_hal_flash_ex.c:500:6:HAL_FLASHEx_EnableDebugger	4	static
stm32g4xx_hal_flash_ex.c:512:6:HAL_FLASHEx_DisableDebugger	4	static
stm32g4xx_hal_flash_ex.c:540:13:FLASH_MassErase	16	static
stm32g4xx_hal_flash_ex.c:585:6:FLASH_PageErase	16	static
stm32g4xx_hal_flash_ex.c:620:6:FLASH_FlushCaches	16	static
stm32g4xx_hal_flash_ex.c:672:26:FLASH_OB_WRPConfig	32	static
stm32g4xx_hal_flash_ex.c:737:26:FLASH_OB_RDPConfig	24	static
stm32g4xx_hal_flash_ex.c:784:26:FLASH_OB_UserConfig	32	static
stm32g4xx_hal_flash_ex.c:990:26:FLASH_OB_PCROPConfig	40	static
stm32g4xx_hal_flash_ex.c:1108:26:FLASH_OB_SecMemConfig	24	static
stm32g4xx_hal_flash_ex.c:1161:26:FLASH_OB_BootLockConfig	24	static
stm32g4xx_hal_flash_ex.c:1196:13:FLASH_OB_GetSecMem	16	static
stm32g4xx_hal_flash_ex.c:1222:17:FLASH_OB_GetBootLock	4	static
stm32g4xx_hal_flash_ex.c:1241:13:FLASH_OB_GetWRP	24	static
stm32g4xx_hal_flash_ex.c:1280:17:FLASH_OB_GetRDP	16	static
stm32g4xx_hal_flash_ex.c:1308:17:FLASH_OB_GetUser	16	static
stm32g4xx_hal_flash_ex.c:1327:13:FLASH_OB_GetPCROP	40	static
