stm32g4xx_hal.c:222:13:HAL_MspInit	0	static
stm32g4xx_hal.c:233:13:HAL_MspDeInit	0	static
stm32g4xx_hal.c:193:19:HAL_DeInit	8	static
stm32g4xx_hal.c:256:26:HAL_InitTick	8	static
stm32g4xx_hal.c:149:19:HAL_Init	8	static
stm32g4xx_hal.c:323:13:HAL_IncTick	0	static
stm32g4xx_hal.c:334:17:HAL_GetTick	0	static
stm32g4xx_hal.c:343:10:HAL_GetTickPrio	0	static
stm32g4xx_hal.c:352:19:HAL_SetTickFreq	8	static
stm32g4xx_hal.c:384:10:HAL_GetTickFreq	0	static
stm32g4xx_hal.c:400:13:HAL_Delay	16	static
stm32g4xx_hal.c:426:13:HAL_SuspendTick	0	static
stm32g4xx_hal.c:442:13:HAL_ResumeTick	0	static
stm32g4xx_hal.c:452:10:HAL_GetHalVersion	0	static
stm32g4xx_hal.c:461:10:HAL_GetREVID	0	static
stm32g4xx_hal.c:470:10:HAL_GetDEVID	0	static
stm32g4xx_hal.c:499:6:HAL_DBGMCU_EnableDBGSleepMode	0	static
stm32g4xx_hal.c:508:6:HAL_DBGMCU_DisableDBGSleepMode	0	static
stm32g4xx_hal.c:517:6:HAL_DBGMCU_EnableDBGStopMode	0	static
stm32g4xx_hal.c:526:6:HAL_DBGMCU_DisableDBGStopMode	0	static
stm32g4xx_hal.c:535:6:HAL_DBGMCU_EnableDBGStandbyMode	0	static
stm32g4xx_hal.c:544:6:HAL_DBGMCU_DisableDBGStandbyMode	0	static
stm32g4xx_hal.c:577:6:HAL_SYSCFG_CCMSRAMErase	0	static
stm32g4xx_hal.c:596:6:HAL_SYSCFG_EnableMemorySwappingBank	0	static
stm32g4xx_hal.c:611:6:HAL_SYSCFG_DisableMemorySwappingBank	0	static
stm32g4xx_hal.c:629:6:HAL_SYSCFG_VREFBUF_VoltageScalingConfig	0	static
stm32g4xx_hal.c:645:6:HAL_SYSCFG_VREFBUF_HighImpedanceConfig	0	static
stm32g4xx_hal.c:659:6:HAL_SYSCFG_VREFBUF_TrimmingConfig	0	static
stm32g4xx_hal.c:671:19:HAL_SYSCFG_EnableVREFBUF	8	static
stm32g4xx_hal.c:697:6:HAL_SYSCFG_DisableVREFBUF	0	static
stm32g4xx_hal.c:708:6:HAL_SYSCFG_EnableIOSwitchBooster	0	static
stm32g4xx_hal.c:718:6:HAL_SYSCFG_DisableIOSwitchBooster	0	static
stm32g4xx_hal.c:728:6:HAL_SYSCFG_EnableIOSwitchVDD	0	static
stm32g4xx_hal.c:738:6:HAL_SYSCFG_DisableIOSwitchVDD	0	static
stm32g4xx_hal.c:749:6:HAL_SYSCFG_CCMSRAM_WriteProtectionEnable	0	static
