MPLINK 4.44, Linker
Linker Map File - Created Wed Nov 28 19:26:08 2012

                                 Section Info
                  Section       Type    Address   Location Size(Bytes)
                ---------  ---------  ---------  ---------  ---------
    REMAPPED_RESET_VECTOR       code   0x001000    program   0x000006
REMAPPED_HIGH_INTERRUPT_VECTOR       code   0x001008    program   0x000006
REMAPPED_LOW_INTERRUPT_VECTOR       code   0x001018    program   0x000006
                   .cinit    romdata   0x00102a    program   0x00001a
              .code_UBW.o       code   0x001044    program   0x002e3e
       .code_usb_device.o       code   0x003e82    program   0x00143a
              .code_ebb.o       code   0x0052bc    program   0x00107a
         .code_vfprintf.o       code   0x006336    program   0x000c22
 .code_usb_function_cdc.o       code   0x006f58    program   0x000544
         .code_RCServo2.o       code   0x00749c    program   0x0003dc
             .stringtable    romdata   0x007878    program   0x000215
         .romdata_c018i.o    romdata   0x007a8d    program   0x000000
.idata_usb_descriptors.o_i    romdata   0x007a8d    program   0x000000
      .idata_RCServo2.o_i    romdata   0x007a8d    program   0x000000
          .romdata_putc.o    romdata   0x007a8d    program   0x000000
       .romdata_fxm3232.o    romdata   0x007a8d    program   0x000000
          .idata_main.o_i    romdata   0x007a8d    program   0x000000
           .idata_ebb.o_i    romdata   0x007a8d    program   0x000000
.romdata_usb_function_cdc.o    romdata   0x007a8d    program   0x000000
      .idata_vfprintf.o_i    romdata   0x007a8d    program   0x000000
             .code_main.o       code   0x007a8e    program   0x00016a
            .code_c018i.o       code   0x007a8e    program   0x000000
               _cinit_scn       code   0x007bf8    program   0x00009e
                   STRING       code   0x007c96    program   0x00009a
           .code_printf.o       code   0x007d30    program   0x000098
                     PROG       code   0x007dc8    program   0x000096
.romdata_usb_descriptors.o    romdata   0x007e5e    program   0x00008f
         .idata_c018i.o_i    romdata   0x007eed    program   0x000000
          .idata_putc.o_i    romdata   0x007eed    program   0x000000
    .romdata_usb_device.o    romdata   0x007eed    program   0x000000
      .romdata_fxd3232u.o    romdata   0x007eed    program   0x000000
       .idata_fxm3232.o_i    romdata   0x007eed    program   0x000000
.idata_usb_function_cdc.o_i    romdata   0x007eed    program   0x000000
        .romdata_printf.o    romdata   0x007eed    program   0x000000
        .romdata___init.o    romdata   0x007eed    program   0x000000
             .code_putc.o       code   0x007eee    program   0x000084
  .code_usb_descriptors.o       code   0x007eee    program   0x000000
          .code_fxm3232.o       code   0x007f72    program   0x000070
                    CTYPE       code   0x007fe2    program   0x00004c
         .code_fxd3232u.o       code   0x00802e    program   0x000048
           .romdata_UBW.o    romdata   0x008076    program   0x000036
                    .code       code   0x0080ac    program   0x000020
             _startup_scn       code   0x0080cc    program   0x00001c
                    STDIO       code   0x0080e8    program   0x00001c
      .romdata_vfprintf.o    romdata   0x008104    program   0x000011
    .idata_usb_device.o_i    romdata   0x008115    program   0x000000
      .idata_fxd3232u.o_i    romdata   0x008115    program   0x000000
      .romdata_RCServo2.o    romdata   0x008115    program   0x000000
        .romdata_stdout.o    romdata   0x008115    program   0x000000
          .romdata_main.o    romdata   0x008115    program   0x000000
        .idata___init.o_i    romdata   0x008115    program   0x000000
        .idata_printf.o_i    romdata   0x008115    program   0x000000
           .romdata_ebb.o    romdata   0x008115    program   0x000000
           .code_stdout.o       code   0x008116    program   0x000000
           .code___init.o       code   0x008116    program   0x000002
        .idata_stdout.o_i    romdata   0x008118    program   0x000002
           .idata_UBW.o_i    romdata   0x00811a    program   0x0000e1
                fast_vars      udata   0x000000       data   0x000031
                MATH_DATA      udata   0x000031       data   0x000014
                 .tmpdata      udata   0x000045       data   0x000009
              low_ISR_tmp      udata   0x00004e       data   0x000006
                  ISR_buf      udata   0x000100       data   0x000099
             .udata_ebb.o      udata   0x000199       data   0x00005d
           .udata_c018i.o      udata   0x0001f6       data   0x00000a
               com_tx_buf      udata   0x000200       data   0x000080
               com_rx_buf      udata   0x000300       data   0x000100
                  USB_BDT      udata   0x000400       data   0x000078
             .idata_UBW.o      idata   0x000500       data   0x0000e1
.udata_usb_function_cdc.o      udata   0x000600       data   0x0000a8
      .udata_usb_device.o      udata   0x0006a8       data   0x000034
             .udata_UBW.o      udata   0x0006dc       data   0x000023
        .idata_vfprintf.o      idata   0x0006ff       data   0x000000
        .udata_vfprintf.o      udata   0x0006ff       data   0x000000
          .udata_stdout.o      udata   0x0006ff       data   0x000000
          .idata_printf.o      idata   0x0006ff       data   0x000000
          .udata_printf.o      udata   0x0006ff       data   0x000000
          .idata___init.o      idata   0x0006ff       data   0x000000
          .udata___init.o      udata   0x0006ff       data   0x000000
         .idata_fxm3232.o      idata   0x0006ff       data   0x000000
         .udata_fxm3232.o      udata   0x0006ff       data   0x000000
        .idata_fxd3232u.o      idata   0x0006ff       data   0x000000
        .udata_fxd3232u.o      udata   0x0006ff       data   0x000000
            .udata_putc.o      udata   0x0006ff       data   0x000000
 .idata_usb_descriptors.o      idata   0x0006ff       data   0x000000
 .udata_usb_descriptors.o      udata   0x0006ff       data   0x000000
           .idata_c018i.o      idata   0x0006ff       data   0x000000
        .idata_RCServo2.o      idata   0x0006ff       data   0x000000
            .idata_putc.o      idata   0x0006ff       data   0x000000
            .idata_main.o      idata   0x0006ff       data   0x000000
             .idata_ebb.o      idata   0x0006ff       data   0x000000
.idata_usb_function_cdc.o      idata   0x0006ff       data   0x000000
      .idata_usb_device.o      idata   0x0006ff       data   0x000000
                   .stack      udata   0x000d00       data   0x000100
        .udata_RCServo2.o      udata   0x000e00       data   0x0000b7
            .udata_main.o      udata   0x000eb7       data   0x000002
          .idata_stdout.o      idata   0x000eb9       data   0x000002
              SFR_BANKED0      udata   0x000ec6       data   0x00000e
              SFR_BANKED1      udata   0x000ed7       data   0x000008
              SFR_BANKED2      udata   0x000ee7       data   0x000004
              SFR_BANKED3      udata   0x000eec       data   0x000003
              SFR_BANKED4      udata   0x000ef2       data   0x000002
              SFR_BANKED5      udata   0x000ef6       data   0x000002
              SFR_BANKED6      udata   0x000efb       data   0x000005
              SFR_BANKED7      udata   0x000f26       data   0x000014
              SFR_BANKED8      udata   0x000f3c       data   0x000007
              SFR_BANKED9      udata   0x000f48       data   0x000008
             SFR_BANKED10      udata   0x000f52       data   0x00000e
            SFR_UNBANKED0      udata   0x000f60       data   0x0000a0



                              Program Memory Usage 
                               Start         End      
                           ---------   ---------      
                            0x001000    0x001005      
                            0x001008    0x00100d      
                            0x001018    0x00101d      
                            0x00102a    0x007a8c      
                            0x007a8e    0x007eec      
                            0x007eee    0x008114      
                            0x008116    0x0081fa      
            29152 out of 65538 program addresses used, program memory utilization is 44%



                              Symbols - Sorted by Name
                     Name    Address   Location    Storage File                     
                ---------  ---------  ---------  --------- ---------                
           BlinkUSBStatus   0x003b8c    program     extern D:\Projects\eggbotcode\EBB_firmware\app.X\source\UBW.c
                CDCInitEP   0x007014    program     extern D:\Projects\eggbotcode\EBB_firmware\Microchip\USB\CDC Device Driver\usb_function_cdc.c
             CDCTxService   0x00732a    program     extern D:\Projects\eggbotcode\EBB_firmware\Microchip\USB\CDC Device Driver\usb_function_cdc.c
                 EBB_Init   0x0055ec    program     extern D:\Projects\eggbotcode\EBB_firmware\app.X\source\ebb.c
                 FXD3232U   0x00802e    program     extern D:\3.43\pic18-lt\cxx-framework\src\traditional\math\fxd3232u.c
                 FXM1616S   0x007dc8    program     extern D:\3.43\pic18-lt\cxx-framework\src\traditional\math\fxm1616s.asm
                 FXM1616U   0x007e22    program     extern D:\3.43\pic18-lt\cxx-framework\src\traditional\math\fxm1616u.asm
                  FXM3232   0x007f72    program     extern D:\3.43\pic18-lt\cxx-framework\src\traditional\math\fxm3232.c
         InitializeSystem   0x007a9c    program     static D:\Projects\eggbotcode\EBB_firmware\app.X\source\main.c
                LongDelay   0x0032ca    program     extern D:\Projects\eggbotcode\EBB_firmware\app.X\source\UBW.c
                ProcessIO   0x001992    program     extern D:\Projects\eggbotcode\EBB_firmware\app.X\source\UBW.c
            RCServo2_Init   0x00749c    program     extern D:\Projects\eggbotcode\EBB_firmware\app.X\source\RCServo2.c
            RCServo2_Move   0x007706    program     extern D:\Projects\eggbotcode\EBB_firmware\app.X\source\RCServo2.c
      RCServo2_S2_command   0x0075f4    program     extern D:\Projects\eggbotcode\EBB_firmware\app.X\source\RCServo2.c
RCServo2_get_channel_from_RPn   0x007594    program     extern D:\Projects\eggbotcode\EBB_firmware\app.X\source\RCServo2.c
        Remapped_High_ISR   0x001008    program     extern D:\Projects\eggbotcode\EBB_firmware\app.X\source\main.c
         Remapped_Low_ISR   0x001018    program     extern D:\Projects\eggbotcode\EBB_firmware\app.X\source\main.c
         SetPinLATFromRPn   0x003cda    program     extern D:\Projects\eggbotcode\EBB_firmware\app.X\source\UBW.c
        SetPinTRISFromRPn   0x003dae    program     extern D:\Projects\eggbotcode\EBB_firmware\app.X\source\UBW.c
               TSIGN1616A   0x007e14    program     static D:\3.43\pic18-lt\cxx-framework\src\traditional\math\fxm1616s.asm
       USBCBCheckOtherReq   0x007afc    program     extern D:\Projects\eggbotcode\EBB_firmware\app.X\source\main.c
        USBCBErrorHandler   0x007afa    program     extern D:\Projects\eggbotcode\EBB_firmware\app.X\source\main.c
              USBCBInitEP   0x007b04    program     extern D:\Projects\eggbotcode\EBB_firmware\app.X\source\main.c
          USBCBSendResume   0x007b0a    program     extern D:\Projects\eggbotcode\EBB_firmware\app.X\source\main.c
    USBCBStdSetDscHandler   0x007b02    program     extern D:\Projects\eggbotcode\EBB_firmware\app.X\source\main.c
             USBCBSuspend   0x007af4    program     extern D:\Projects\eggbotcode\EBB_firmware\app.X\source\main.c
     USBCBWakeFromSuspend   0x007af6    program     extern D:\Projects\eggbotcode\EBB_firmware\app.X\source\main.c
        USBCB_SOF_Handler   0x007af8    program     extern D:\Projects\eggbotcode\EBB_firmware\app.X\source\main.c
       USBCDCEventHandler   0x007084    program     extern D:\Projects\eggbotcode\EBB_firmware\Microchip\USB\CDC Device Driver\usb_function_cdc.c
              USBCancelIO   0x0043ec    program     extern D:\Projects\eggbotcode\EBB_firmware\Microchip\USB\usb_device.c
       USBCheckCDCRequest   0x006f58    program     extern D:\Projects\eggbotcode\EBB_firmware\Microchip\USB\CDC Device Driver\usb_function_cdc.c
       USBCheckStdRequest   0x004f2a    program     static D:\Projects\eggbotcode\EBB_firmware\Microchip\USB\usb_device.c
     USBConfigureEndpoint   0x0045d2    program     static D:\Projects\eggbotcode\EBB_firmware\Microchip\USB\usb_device.c
  USBCtrlEPAllowDataStage   0x00454c    program     extern D:\Projects\eggbotcode\EBB_firmware\Microchip\USB\usb_device.c
USBCtrlEPAllowStatusStage   0x00449c    program     extern D:\Projects\eggbotcode\EBB_firmware\Microchip\USB\usb_device.c
         USBCtrlEPService   0x004cc2    program     static D:\Projects\eggbotcode\EBB_firmware\Microchip\USB\usb_device.c
 USBCtrlEPServiceComplete   0x00468c    program     static D:\Projects\eggbotcode\EBB_firmware\Microchip\USB\usb_device.c
      USBCtrlTrfInHandler   0x004e66    program     static D:\Projects\eggbotcode\EBB_firmware\Microchip\USB\usb_device.c
     USBCtrlTrfOutHandler   0x004e16    program     static D:\Projects\eggbotcode\EBB_firmware\Microchip\USB\usb_device.c
      USBCtrlTrfRxService   0x004844    program     static D:\Projects\eggbotcode\EBB_firmware\Microchip\USB\usb_device.c
   USBCtrlTrfSetupHandler   0x004da0    program     static D:\Projects\eggbotcode\EBB_firmware\Microchip\USB\usb_device.c
      USBCtrlTrfTxService   0x004762    program     static D:\Projects\eggbotcode\EBB_firmware\Microchip\USB\usb_device.c
            USBDeviceInit   0x003e82    program     extern D:\Projects\eggbotcode\EBB_firmware\Microchip\USB\usb_device.c
           USBDeviceTasks   0x003fba    program     extern D:\Projects\eggbotcode\EBB_firmware\Microchip\USB\usb_device.c
        USBEnableEndpoint   0x004198    program     extern D:\Projects\eggbotcode\EBB_firmware\Microchip\USB\usb_device.c
         USBStallEndpoint   0x00430c    program     extern D:\Projects\eggbotcode\EBB_firmware\Microchip\USB\usb_device.c
          USBStallHandler   0x004c2c    program     static D:\Projects\eggbotcode\EBB_firmware\Microchip\USB\usb_device.c
  USBStdFeatureReqHandler   0x00500a    program     static D:\Projects\eggbotcode\EBB_firmware\Microchip\USB\usb_device.c
      USBStdGetDscHandler   0x004a80    program     static D:\Projects\eggbotcode\EBB_firmware\Microchip\USB\usb_device.c
   USBStdGetStatusHandler   0x004b4c    program     static D:\Projects\eggbotcode\EBB_firmware\Microchip\USB\usb_device.c
      USBStdSetCfgHandler   0x004994    program     static D:\Projects\eggbotcode\EBB_firmware\Microchip\USB\usb_device.c
               USBSuspend   0x004c62    program     static D:\Projects\eggbotcode\EBB_firmware\Microchip\USB\usb_device.c
     USBTransferOnePacket   0x004206    program     extern D:\Projects\eggbotcode\EBB_firmware\Microchip\USB\usb_device.c
       USBWakeFromSuspend   0x004c90    program     static D:\Projects\eggbotcode\EBB_firmware\Microchip\USB\usb_device.c
               USB_CD_Ptr   0x007ee5    program     extern D:\Projects\eggbotcode\EBB_firmware\app.X\source\usb_descriptors.c
               USB_SD_Ptr   0x007ee7    program     extern D:\Projects\eggbotcode\EBB_firmware\app.X\source\usb_descriptors.c
USER_USB_CALLBACK_EVENT_HANDLER   0x007b58    program     extern D:\Projects\eggbotcode\EBB_firmware\app.X\source\main.c
                 UserInit   0x0017fe    program     extern D:\Projects\eggbotcode\EBB_firmware\app.X\source\UBW.c
              _2jContinue   0x007cb6    program     static D:\3.43\pic18-lt\cxx-framework\src\traditional\stdclib\memset.asm
                   _2jEnd   0x007d1a    program     static D:\3.43\pic18-lt\cxx-framework\src\traditional\stdclib\slenpgm.asm
                   _3jEnd   0x007cc0    program     static D:\3.43\pic18-lt\cxx-framework\src\traditional\stdclib\memset.asm
         ___else_lbl00004   0x005326    program     static                          
         ___else_lbl00006   0x005330    program     static                          
         ___else_lbl00008   0x00533c    program     static                          
         ___else_lbl00010   0x005346    program     static                          
         ___else_lbl00012   0x005334    program     static                          
         ___else_lbl00022   0x0053dc    program     static                          
         ___else_lbl00024   0x005426    program     static                          
         ___else_lbl00029   0x0054b4    program     static                          
         ___else_lbl00034   0x005554    program     static                          
         ___else_lbl00038   0x00542c    program     static                          
         ___else_lbl00040   0x005304    program     static                          
          ___for_lbl00048   0x00564a    program     static                          
          ___for_lbl00049   0x00564e    program     static                          
          ___for_lbl00050   0x0055f8    program     static                          
          ___for_lbl00332   0x0032ec    program     static                          
          ___for_lbl00333   0x0032f0    program     static                          
          ___for_lbl00336   0x0032d6    program     static                          
           ___if_lbl00001   0x0052fa    program     static                          
           ___if_lbl00003   0x005328    program     static                          
           ___if_lbl00005   0x005332    program     static                          
           ___if_lbl00007   0x00533e    program     static                          
           ___if_lbl00009   0x005348    program     static                          
           ___if_lbl00011   0x005348    program     static                          
           ___if_lbl00013   0x005386    program     static                          
           ___if_lbl00014   0x005388    program     static                          
           ___if_lbl00015   0x0053c6    program     static                          
           ___if_lbl00016   0x0053c8    program     static                          
           ___if_lbl00017   0x0053d6    program     static                          
           ___if_lbl00018   0x0053da    program     static                          
           ___if_lbl00019   0x0053e0    program     static                          
           ___if_lbl00020   0x0053e4    program     static                          
           ___if_lbl00021   0x0053e4    program     static                          
           ___if_lbl00023   0x00542a    program     static                          
           ___if_lbl00025   0x00542a    program     static                          
           ___if_lbl00026   0x00542a    program     static                          
           ___if_lbl00027   0x00552a    program     static                          
           ___if_lbl00028   0x00552a    program     static                          
           ___if_lbl00030   0x00552a    program     static                          
           ___if_lbl00031   0x005552    program     static                          
           ___if_lbl00032   0x005566    program     static                          
           ___if_lbl00033   0x005566    program     static                          
           ___if_lbl00035   0x005566    program     static                          
           ___if_lbl00036   0x005566    program     static                          
           ___if_lbl00037   0x005566    program     static                          
           ___if_lbl00039   0x005566    program     static                          
           ___if_lbl00041   0x0055bc    program     static                          
           ___if_lbl00042   0x0055bc    program     static                          
           ___if_lbl00045   0x0055d4    program     static                          
           ___if_lbl00046   0x0055d4    program     static                          
       ___return_lbl00000   0x001004    program     static                          
       ___return_lbl00000   0x0080e6    program     static                          
       ___return_lbl00000   0x008074    program     static                          
       ___return_lbl00000   0x0055d4    program     static                          
       ___return_lbl00000   0x007fe0    program     static                          
       ___return_lbl00001   0x00100c    program     static                          
       ___return_lbl00001   0x007c94    program     static                          
       ___return_lbl00002   0x00101c    program     static                          
       ___return_lbl00047   0x005710    program     static                          
       ___return_lbl00331   0x0032f0    program     static                          
       ___return_lbl00337   0x003308    program     static                          
        ___while_lbl00334   0x0032de    program     static                          
        ___while_lbl00335   0x0032ec    program     static                          
                   __init   0x008116    program     extern D:\3.43\pic18-lt\cxx-framework\src\traditional\stdclib\__init.c
                   __pa_0   0x006c76    program     static D:\3.43\pic18-lt\cxx-framework\src\traditional\stdclib\vfprintf.c
                   __pa_1   0x006c7e    program     static D:\3.43\pic18-lt\cxx-framework\src\traditional\stdclib\vfprintf.c
                  __pa_10   0x006d32    program     static D:\3.43\pic18-lt\cxx-framework\src\traditional\stdclib\vfprintf.c
                  __pa_11   0x006d40    program     static D:\3.43\pic18-lt\cxx-framework\src\traditional\stdclib\vfprintf.c
                  __pa_12   0x006d56    program     static D:\3.43\pic18-lt\cxx-framework\src\traditional\stdclib\vfprintf.c
                  __pa_13   0x006d70    program     static D:\3.43\pic18-lt\cxx-framework\src\traditional\stdclib\vfprintf.c
                  __pa_14   0x006d88    program     static D:\3.43\pic18-lt\cxx-framework\src\traditional\stdclib\vfprintf.c
                  __pa_15   0x006d98    program     static D:\3.43\pic18-lt\cxx-framework\src\traditional\stdclib\vfprintf.c
                  __pa_16   0x006dae    program     static D:\3.43\pic18-lt\cxx-framework\src\traditional\stdclib\vfprintf.c
                  __pa_17   0x006dc0    program     static D:\3.43\pic18-lt\cxx-framework\src\traditional\stdclib\vfprintf.c
                  __pa_18   0x006dd2    program     static D:\3.43\pic18-lt\cxx-framework\src\traditional\stdclib\vfprintf.c
                  __pa_19   0x006ddc    program     static D:\3.43\pic18-lt\cxx-framework\src\traditional\stdclib\vfprintf.c
                   __pa_2   0x006c88    program     static D:\3.43\pic18-lt\cxx-framework\src\traditional\stdclib\vfprintf.c
                  __pa_20   0x006dec    program     static D:\3.43\pic18-lt\cxx-framework\src\traditional\stdclib\vfprintf.c
                  __pa_21   0x006dfc    program     static D:\3.43\pic18-lt\cxx-framework\src\traditional\stdclib\vfprintf.c
                  __pa_22   0x006e0c    program     static D:\3.43\pic18-lt\cxx-framework\src\traditional\stdclib\vfprintf.c
                  __pa_23   0x006e18    program     static D:\3.43\pic18-lt\cxx-framework\src\traditional\stdclib\vfprintf.c
                  __pa_24   0x006e26    program     static D:\3.43\pic18-lt\cxx-framework\src\traditional\stdclib\vfprintf.c
                  __pa_25   0x006e2e    program     static D:\3.43\pic18-lt\cxx-framework\src\traditional\stdclib\vfprintf.c
                  __pa_26   0x006e38    program     static D:\3.43\pic18-lt\cxx-framework\src\traditional\stdclib\vfprintf.c
                  __pa_27   0x006e42    program     static D:\3.43\pic18-lt\cxx-framework\src\traditional\stdclib\vfprintf.c
                  __pa_28   0x006e4a    program     static D:\3.43\pic18-lt\cxx-framework\src\traditional\stdclib\vfprintf.c
                  __pa_29   0x006e58    program     static D:\3.43\pic18-lt\cxx-framework\src\traditional\stdclib\vfprintf.c
                   __pa_3   0x006c92    program     static D:\3.43\pic18-lt\cxx-framework\src\traditional\stdclib\vfprintf.c
                  __pa_30   0x006e74    program     static D:\3.43\pic18-lt\cxx-framework\src\traditional\stdclib\vfprintf.c
                  __pa_31   0x006e8e    program     static D:\3.43\pic18-lt\cxx-framework\src\traditional\stdclib\vfprintf.c
                  __pa_32   0x006ea8    program     static D:\3.43\pic18-lt\cxx-framework\src\traditional\stdclib\vfprintf.c
                  __pa_33   0x006ec0    program     static D:\3.43\pic18-lt\cxx-framework\src\traditional\stdclib\vfprintf.c
                  __pa_34   0x006eca    program     static D:\3.43\pic18-lt\cxx-framework\src\traditional\stdclib\vfprintf.c
                  __pa_35   0x006ed8    program     static D:\3.43\pic18-lt\cxx-framework\src\traditional\stdclib\vfprintf.c
                  __pa_36   0x006ee0    program     static D:\3.43\pic18-lt\cxx-framework\src\traditional\stdclib\vfprintf.c
                  __pa_37   0x006eea    program     static D:\3.43\pic18-lt\cxx-framework\src\traditional\stdclib\vfprintf.c
                  __pa_38   0x006efa    program     static D:\3.43\pic18-lt\cxx-framework\src\traditional\stdclib\vfprintf.c
                  __pa_39   0x006f08    program     static D:\3.43\pic18-lt\cxx-framework\src\traditional\stdclib\vfprintf.c
                   __pa_4   0x006caa    program     static D:\3.43\pic18-lt\cxx-framework\src\traditional\stdclib\vfprintf.c
                  __pa_40   0x006f14    program     static D:\3.43\pic18-lt\cxx-framework\src\traditional\stdclib\vfprintf.c
                  __pa_41   0x006f20    program     static D:\3.43\pic18-lt\cxx-framework\src\traditional\stdclib\vfprintf.c
                  __pa_42   0x006f28    program     static D:\3.43\pic18-lt\cxx-framework\src\traditional\stdclib\vfprintf.c
                  __pa_43   0x006f32    program     static D:\3.43\pic18-lt\cxx-framework\src\traditional\stdclib\vfprintf.c
                  __pa_44   0x006f38    program     static D:\3.43\pic18-lt\cxx-framework\src\traditional\stdclib\vfprintf.c
                  __pa_45   0x006f42    program     static D:\3.43\pic18-lt\cxx-framework\src\traditional\stdclib\vfprintf.c
                  __pa_46   0x006f4e    program     static D:\3.43\pic18-lt\cxx-framework\src\traditional\stdclib\vfprintf.c
                   __pa_5   0x006cbe    program     static D:\3.43\pic18-lt\cxx-framework\src\traditional\stdclib\vfprintf.c
                   __pa_6   0x006cda    program     static D:\3.43\pic18-lt\cxx-framework\src\traditional\stdclib\vfprintf.c
                   __pa_7   0x006ce4    program     static D:\3.43\pic18-lt\cxx-framework\src\traditional\stdclib\vfprintf.c
                   __pa_8   0x006cf0    program     static D:\3.43\pic18-lt\cxx-framework\src\traditional\stdclib\vfprintf.c
                   __pa_9   0x006d12    program     static D:\3.43\pic18-lt\cxx-framework\src\traditional\stdclib\vfprintf.c
               __string_0   0x0078a8    program     static D:\Projects\eggbotcode\EBB_firmware\app.X\source\ebb.c
               __string_1   0x00789f    program     static D:\Projects\eggbotcode\EBB_firmware\app.X\source\ebb.c
              __string_10   0x0079ff    program     static D:\Projects\eggbotcode\EBB_firmware\app.X\source\UBW.c
              __string_11   0x0079de    program     static D:\Projects\eggbotcode\EBB_firmware\app.X\source\UBW.c
              __string_12   0x0079c5    program     static D:\Projects\eggbotcode\EBB_firmware\app.X\source\UBW.c
              __string_13   0x0079a2    program     static D:\Projects\eggbotcode\EBB_firmware\app.X\source\UBW.c
              __string_14   0x00797a    program     static D:\Projects\eggbotcode\EBB_firmware\app.X\source\UBW.c
              __string_15   0x00795d    program     static D:\Projects\eggbotcode\EBB_firmware\app.X\source\UBW.c
              __string_16   0x00795b    program     static D:\Projects\eggbotcode\EBB_firmware\app.X\source\UBW.c
              __string_17   0x007955    program     static D:\Projects\eggbotcode\EBB_firmware\app.X\source\UBW.c
              __string_18   0x00794b    program     static D:\Projects\eggbotcode\EBB_firmware\app.X\source\UBW.c
              __string_19   0x007942    program     static D:\Projects\eggbotcode\EBB_firmware\app.X\source\UBW.c
               __string_2   0x007898    program     static D:\Projects\eggbotcode\EBB_firmware\app.X\source\ebb.c
              __string_20   0x007936    program     static D:\Projects\eggbotcode\EBB_firmware\app.X\source\UBW.c
              __string_21   0x00792a    program     static D:\Projects\eggbotcode\EBB_firmware\app.X\source\UBW.c
              __string_22   0x00791e    program     static D:\Projects\eggbotcode\EBB_firmware\app.X\source\UBW.c
              __string_23   0x007912    program     static D:\Projects\eggbotcode\EBB_firmware\app.X\source\UBW.c
              __string_24   0x007905    program     static D:\Projects\eggbotcode\EBB_firmware\app.X\source\UBW.c
              __string_25   0x0078f8    program     static D:\Projects\eggbotcode\EBB_firmware\app.X\source\UBW.c
              __string_26   0x0078ec    program     static D:\Projects\eggbotcode\EBB_firmware\app.X\source\UBW.c
              __string_27   0x0078e0    program     static D:\Projects\eggbotcode\EBB_firmware\app.X\source\UBW.c
              __string_28   0x0078b9    program     static D:\Projects\eggbotcode\EBB_firmware\app.X\source\UBW.c
              __string_29   0x0078ad    program     static D:\Projects\eggbotcode\EBB_firmware\app.X\source\UBW.c
               __string_3   0x007892    program     static D:\Projects\eggbotcode\EBB_firmware\app.X\source\ebb.c
               __string_3   0x007a81    program     static D:\Projects\eggbotcode\EBB_firmware\app.X\source\UBW.c
               __string_4   0x007886    program     static D:\Projects\eggbotcode\EBB_firmware\app.X\source\ebb.c
               __string_4   0x007a7e    program     static D:\Projects\eggbotcode\EBB_firmware\app.X\source\UBW.c
               __string_5   0x007878    program     static D:\Projects\eggbotcode\EBB_firmware\app.X\source\ebb.c
               __string_5   0x007a7b    program     static D:\Projects\eggbotcode\EBB_firmware\app.X\source\UBW.c
               __string_6   0x007a75    program     static D:\Projects\eggbotcode\EBB_firmware\app.X\source\UBW.c
               __string_7   0x007a56    program     static D:\Projects\eggbotcode\EBB_firmware\app.X\source\UBW.c
               __string_8   0x007a3a    program     static D:\Projects\eggbotcode\EBB_firmware\app.X\source\UBW.c
               __string_9   0x007a1e    program     static D:\Projects\eggbotcode\EBB_firmware\app.X\source\UBW.c
               __tmplbl_0   0x005318    program     static                          
               __tmplbl_1   0x005310    program     static                          
               __tmplbl_2   0x0055ce    program     static                          
               __tmplbl_3   0x0055c2    program     static                          
               __tmplbl_4   0x0055c8    program     static                          
              __tmplbl_42   0x006e0c    program     static                          
              __tmplbl_43   0x006c54    program     static                          
              __tmplbl_44   0x006c3a    program     static                          
               __tmplbl_8   0x00560a    program     static                          
              __tmplbl_85   0x00638c    program     static                          
            __zero_memory   0x0080ac    program     extern D:\3.43\pic18-lt\cxx-framework\src\traditional\proc\p18f46j50.asm
                _do_cinit   0x007bf8    program     extern C:\MCC18\src\traditional\startup\c018i.c
                   _false   0x008070    program     static                          
                   _reset   0x001000    program     extern D:\Projects\eggbotcode\EBB_firmware\app.X\source\main.c
                 _startup   0x0080cc    program     extern C:\MCC18\src\traditional\startup\c018i.c
              _usart_putc   0x0080e8    program     extern D:\3.43\pic18-lt\cxx-framework\src\pmc_common\USART\_usartpc.asm
               _user_putc   0x001dca    program     extern D:\Projects\eggbotcode\EBB_firmware\app.X\source\UBW.c
   check_and_send_TX_data   0x001e40    program     extern D:\Projects\eggbotcode\EBB_firmware\app.X\source\UBW.c
                compare_l   0x0080c2    program     static D:\3.43\pic18-lt\cxx-framework\src\traditional\proc\p18f46j50.asm
        configDescriptor1   0x007e70    program     extern D:\Projects\eggbotcode\EBB_firmware\app.X\source\usb_descriptors.c
                copy_loop   0x007c6a    program     static                          
            copy_one_byte   0x007c70    program     static                          
               device_dsc   0x007e5e    program     extern D:\Projects\eggbotcode\EBB_firmware\app.X\source\usb_descriptors.c
                     done   0x007c94    program     static                          
             done_copying   0x007c7e    program     static                          
            extract_digit   0x003a48    program     extern D:\Projects\eggbotcode\EBB_firmware\app.X\source\UBW.c
           extract_number   0x00358e    program     extern D:\Projects\eggbotcode\EBB_firmware\app.X\source\UBW.c
             getsUSBUSART   0x007118    program     extern D:\Projects\eggbotcode\EBB_firmware\Microchip\USB\CDC Device Driver\usb_function_cdc.c
                 high_ISR   0x0052bc    program     extern D:\Projects\eggbotcode\EBB_firmware\app.X\source\ebb.c
                  isdigit   0x00800a    program     extern D:\3.43\pic18-lt\cxx-framework\src\traditional\stdclib\isdigit.asm
                     jEnd   0x007cc8    program     static D:\3.43\pic18-lt\cxx-framework\src\traditional\stdclib\memset.asm
                     jEnd   0x007ce4    program     static D:\3.43\pic18-lt\cxx-framework\src\traditional\stdclib\strlen.asm
                     jEnd   0x007d1c    program     static D:\3.43\pic18-lt\cxx-framework\src\traditional\stdclib\slenpgm.asm
                    jLoop   0x007d04    program     static D:\3.43\pic18-lt\cxx-framework\src\traditional\stdclib\slenpgm.asm
                    jLoop   0x007cda    program     static D:\3.43\pic18-lt\cxx-framework\src\traditional\stdclib\strlen.asm
                    jLoop   0x007caa    program     static D:\3.43\pic18-lt\cxx-framework\src\traditional\stdclib\memset.asm
                   jMatch   0x00802a    program     static D:\3.43\pic18-lt\cxx-framework\src\traditional\stdclib\isdigit.asm
                 jNoMatch   0x00802c    program     static D:\3.43\pic18-lt\cxx-framework\src\traditional\stdclib\isdigit.asm
                 jNoMatch   0x008008    program     static D:\3.43\pic18-lt\cxx-framework\src\traditional\stdclib\toupper.asm
                     loop   0x0080dc    program     static                          
                     loop   0x00803c    program     static                          
                     loop   0x0080f8    program     static D:\3.43\pic18-lt\cxx-framework\src\pmc_common\USART\_usartpc.asm
                   loop_h   0x0080ba    program     static D:\3.43\pic18-lt\cxx-framework\src\traditional\proc\p18f46j50.asm
                   loop_l   0x0080c4    program     static D:\3.43\pic18-lt\cxx-framework\src\traditional\proc\p18f46j50.asm
                  low_ISR   0x001044    program     extern D:\Projects\eggbotcode\EBB_firmware\app.X\source\UBW.c
                     main   0x007a8e    program     extern D:\Projects\eggbotcode\EBB_firmware\app.X\source\main.c
                   memset   0x007c96    program     extern D:\3.43\pic18-lt\cxx-framework\src\traditional\stdclib\memset.asm
           parse_A_packet   0x00287e    program     extern D:\Projects\eggbotcode\EBB_firmware\app.X\source\UBW.c
          parse_BC_packet   0x003120    program     extern D:\Projects\eggbotcode\EBB_firmware\app.X\source\UBW.c
          parse_BL_packet   0x0032fa    program     extern D:\Projects\eggbotcode\EBB_firmware\app.X\source\UBW.c
          parse_BO_packet   0x003126    program     extern D:\Projects\eggbotcode\EBB_firmware\app.X\source\UBW.c
          parse_BS_packet   0x00312c    program     extern D:\Projects\eggbotcode\EBB_firmware\app.X\source\UBW.c
          parse_CI_packet   0x003150    program     extern D:\Projects\eggbotcode\EBB_firmware\app.X\source\UBW.c
          parse_CK_packet   0x00330a    program     extern D:\Projects\eggbotcode\EBB_firmware\app.X\source\UBW.c
          parse_CS_packet   0x00313e    program     extern D:\Projects\eggbotcode\EBB_firmware\app.X\source\UBW.c
          parse_CU_packet   0x00244c    program     extern D:\Projects\eggbotcode\EBB_firmware\app.X\source\UBW.c
          parse_CX_packet   0x002fae    program     extern D:\Projects\eggbotcode\EBB_firmware\app.X\source\UBW.c
           parse_C_packet   0x002578    program     extern D:\Projects\eggbotcode\EBB_firmware\app.X\source\UBW.c
          parse_EM_packet   0x005e72    program     extern D:\Projects\eggbotcode\EBB_firmware\app.X\source\ebb.c
           parse_I_packet   0x00281a    program     extern D:\Projects\eggbotcode\EBB_firmware\app.X\source\UBW.c
          parse_MR_packet   0x0029c0    program     extern D:\Projects\eggbotcode\EBB_firmware\app.X\source\UBW.c
          parse_MW_packet   0x002940    program     extern D:\Projects\eggbotcode\EBB_firmware\app.X\source\UBW.c
          parse_ND_packet   0x005f9c    program     extern D:\Projects\eggbotcode\EBB_firmware\app.X\source\ebb.c
          parse_NI_packet   0x005f76    program     extern D:\Projects\eggbotcode\EBB_firmware\app.X\source\ebb.c
           parse_O_packet   0x0026f6    program     extern D:\Projects\eggbotcode\EBB_firmware\app.X\source\UBW.c
          parse_PC_packet   0x003156    program     extern D:\Projects\eggbotcode\EBB_firmware\app.X\source\UBW.c
          parse_PD_packet   0x002a4a    program     extern D:\Projects\eggbotcode\EBB_firmware\app.X\source\UBW.c
          parse_PG_packet   0x00327e    program     extern D:\Projects\eggbotcode\EBB_firmware\app.X\source\UBW.c
          parse_PI_packet   0x002c30    program     extern D:\Projects\eggbotcode\EBB_firmware\app.X\source\UBW.c
          parse_PO_packet   0x002dc2    program     extern D:\Projects\eggbotcode\EBB_firmware\app.X\source\UBW.c
          parse_QB_packet   0x0060b4    program     extern D:\Projects\eggbotcode\EBB_firmware\app.X\source\ebb.c
          parse_QC_packet   0x0060f2    program     extern D:\Projects\eggbotcode\EBB_firmware\app.X\source\ebb.c
          parse_QL_packet   0x00607a    program     extern D:\Projects\eggbotcode\EBB_firmware\app.X\source\ebb.c
          parse_QM_packet   0x0062f4    program     extern D:\Projects\eggbotcode\EBB_firmware\app.X\source\ebb.c
          parse_QN_packet   0x00601c    program     extern D:\Projects\eggbotcode\EBB_firmware\app.X\source\ebb.c
          parse_QP_packet   0x005c30    program     extern D:\Projects\eggbotcode\EBB_firmware\app.X\source\ebb.c
          parse_RC_packet   0x002fb4    program     extern D:\Projects\eggbotcode\EBB_firmware\app.X\source\UBW.c
          parse_RI_packet   0x00314a    program     extern D:\Projects\eggbotcode\EBB_firmware\app.X\source\UBW.c
          parse_RM_packet   0x0062f2    program     extern D:\Projects\eggbotcode\EBB_firmware\app.X\source\ebb.c
          parse_RS_packet   0x003138    program     extern D:\Projects\eggbotcode\EBB_firmware\app.X\source\UBW.c
          parse_RX_packet   0x002fa8    program     extern D:\Projects\eggbotcode\EBB_firmware\app.X\source\UBW.c
           parse_R_packet   0x002444    program     extern D:\Projects\eggbotcode\EBB_firmware\app.X\source\UBW.c
          parse_SC_packet   0x00571a    program     extern D:\Projects\eggbotcode\EBB_firmware\app.X\source\ebb.c
          parse_SE_packet   0x0061d4    program     extern D:\Projects\eggbotcode\EBB_firmware\app.X\source\ebb.c
          parse_SI_packet   0x003144    program     extern D:\Projects\eggbotcode\EBB_firmware\app.X\source\UBW.c
          parse_SL_packet   0x006054    program     extern D:\Projects\eggbotcode\EBB_firmware\app.X\source\ebb.c
          parse_SM_packet   0x00592c    program     extern D:\Projects\eggbotcode\EBB_firmware\app.X\source\ebb.c
          parse_SN_packet   0x005fba    program     extern D:\Projects\eggbotcode\EBB_firmware\app.X\source\ebb.c
          parse_SP_packet   0x005ce6    program     extern D:\Projects\eggbotcode\EBB_firmware\app.X\source\ebb.c
          parse_SS_packet   0x003132    program     extern D:\Projects\eggbotcode\EBB_firmware\app.X\source\UBW.c
          parse_TP_packet   0x005c6a    program     extern D:\Projects\eggbotcode\EBB_firmware\app.X\source\ebb.c
          parse_TX_packet   0x002fa2    program     extern D:\Projects\eggbotcode\EBB_firmware\app.X\source\UBW.c
           parse_T_packet   0x0024e0    program     extern D:\Projects\eggbotcode\EBB_firmware\app.X\source\UBW.c
           parse_V_packet   0x00285c    program     extern D:\Projects\eggbotcode\EBB_firmware\app.X\source\UBW.c
             parse_packet   0x001ee4    program     extern D:\Projects\eggbotcode\EBB_firmware\app.X\source\UBW.c
                print_ack   0x00241c    program     extern D:\Projects\eggbotcode\EBB_firmware\app.X\source\UBW.c
             print_status   0x003b62    program     extern D:\Projects\eggbotcode\EBB_firmware\app.X\source\UBW.c
                   printf   0x007d30    program     extern D:\3.43\pic18-lt\cxx-framework\src\traditional\stdclib\printf.c
               process_SM   0x0059e8    program     static D:\Projects\eggbotcode\EBB_firmware\app.X\source\ebb.c
               process_SP   0x005df2    program     extern D:\Projects\eggbotcode\EBB_firmware\app.X\source\ebb.c
              putUSBUSART   0x0071e6    program     extern D:\Projects\eggbotcode\EBB_firmware\Microchip\USB\CDC Device Driver\usb_function_cdc.c
                     putc   0x007eee    program     extern D:\3.43\pic18-lt\cxx-framework\src\traditional\stdclib\putc.c
            putrsUSBUSART   0x0072a2    program     extern D:\Projects\eggbotcode\EBB_firmware\Microchip\USB\CDC Device Driver\usb_function_cdc.c
             putsUSBUSART   0x00721a    program     extern D:\Projects\eggbotcode\EBB_firmware\Microchip\USB\CDC Device Driver\usb_function_cdc.c
                 s_digits   0x008104    program     static D:\3.43\pic18-lt\cxx-framework\src\traditional\stdclib\vfprintf.c
            s_put_n_chars   0x006336    program     static D:\3.43\pic18-lt\cxx-framework\src\traditional\stdclib\vfprintf.c
                    sd000   0x007eb3    program     extern D:\Projects\eggbotcode\EBB_firmware\app.X\source\usb_descriptors.c
                    sd001   0x007eb7    program     extern D:\Projects\eggbotcode\EBB_firmware\app.X\source\usb_descriptors.c
                    sd002   0x007ecf    program     extern D:\Projects\eggbotcode\EBB_firmware\app.X\source\usb_descriptors.c
                  st_LFCR   0x00807b    program     extern D:\Projects\eggbotcode\EBB_firmware\app.X\source\UBW.c
                    st_OK   0x008076    program     extern D:\Projects\eggbotcode\EBB_firmware\app.X\source\UBW.c
               st_version   0x00807e    program     extern D:\Projects\eggbotcode\EBB_firmware\app.X\source\UBW.c
                   strlen   0x007cca    program     extern D:\3.43\pic18-lt\cxx-framework\src\traditional\stdclib\strlen.asm
                strlenpgm   0x007ce6    program     extern D:\3.43\pic18-lt\cxx-framework\src\traditional\stdclib\slenpgm.asm
                     test   0x007c12    program     static                          
                  toupper   0x007fe2    program     extern D:\3.43\pic18-lt\cxx-framework\src\traditional\stdclib\toupper.asm
                 vfprintf   0x006362    program     extern D:\3.43\pic18-lt\cxx-framework\src\traditional\stdclib\vfprintf.c
               zero_block   0x0080ba    program     static D:\3.43\pic18-lt\cxx-framework\src\traditional\proc\p18f46j50.asm
                   ADCON0   0x000fc2       data     extern D:\3.43\pic18-lt\cxx-framework\src\traditional\proc\p18f46j50.asm
               ADCON0bits   0x000fc2       data     extern D:\3.43\pic18-lt\cxx-framework\src\traditional\proc\p18f46j50.asm
                   ADCON1   0x000fc1       data     extern D:\3.43\pic18-lt\cxx-framework\src\traditional\proc\p18f46j50.asm
               ADCON1bits   0x000fc1       data     extern D:\3.43\pic18-lt\cxx-framework\src\traditional\proc\p18f46j50.asm
                    ADRES   0x000fc3       data     extern D:\3.43\pic18-lt\cxx-framework\src\traditional\proc\p18f46j50.asm
                   ADRESH   0x000fc4       data     extern D:\3.43\pic18-lt\cxx-framework\src\traditional\proc\p18f46j50.asm
                   ADRESL   0x000fc3       data     extern D:\3.43\pic18-lt\cxx-framework\src\traditional\proc\p18f46j50.asm
                  ALRMCFG   0x000f91       data     extern D:\3.43\pic18-lt\cxx-framework\src\traditional\proc\p18f46j50.asm
              ALRMCFGbits   0x000f91       data     extern D:\3.43\pic18-lt\cxx-framework\src\traditional\proc\p18f46j50.asm
                  ALRMRPT   0x000f90       data     extern D:\3.43\pic18-lt\cxx-framework\src\traditional\proc\p18f46j50.asm
              ALRMRPTbits   0x000f90       data     extern D:\3.43\pic18-lt\cxx-framework\src\traditional\proc\p18f46j50.asm
                 ALRMVALH   0x000f8f       data     extern D:\3.43\pic18-lt\cxx-framework\src\traditional\proc\p18f46j50.asm
                 ALRMVALL   0x000f8e       data     extern D:\3.43\pic18-lt\cxx-framework\src\traditional\proc\p18f46j50.asm
                   ANCON0   0x000f48       data     extern D:\3.43\pic18-lt\cxx-framework\src\traditional\proc\p18f46j50.asm
               ANCON0bits   0x000f48       data     extern D:\3.43\pic18-lt\cxx-framework\src\traditional\proc\p18f46j50.asm
                   ANCON1   0x000f49       data     extern D:\3.43\pic18-lt\cxx-framework\src\traditional\proc\p18f46j50.asm
               ANCON1bits   0x000f49       data     extern D:\3.43\pic18-lt\cxx-framework\src\traditional\proc\p18f46j50.asm
            A_cur_channel   0x000030       data     extern D:\Projects\eggbotcode\EBB_firmware\app.X\source\UBW.c
           A_tick_counter   0x00002e       data     extern D:\Projects\eggbotcode\EBB_firmware\app.X\source\UBW.c
                  AllDone   0x000018       data     static D:\Projects\eggbotcode\EBB_firmware\app.X\source\ebb.c
             AnalogEnable   0x000027       data     extern D:\Projects\eggbotcode\EBB_firmware\app.X\source\UBW.c
                  BAUDCON   0x000f7e       data     extern D:\3.43\pic18-lt\cxx-framework\src\traditional\proc\p18f46j50.asm
                 BAUDCON1   0x000f7e       data     extern D:\3.43\pic18-lt\cxx-framework\src\traditional\proc\p18f46j50.asm
             BAUDCON1bits   0x000f7e       data     extern D:\3.43\pic18-lt\cxx-framework\src\traditional\proc\p18f46j50.asm
                 BAUDCON2   0x000f7c       data     extern D:\3.43\pic18-lt\cxx-framework\src\traditional\proc\p18f46j50.asm
             BAUDCON2bits   0x000f7c       data     extern D:\3.43\pic18-lt\cxx-framework\src\traditional\proc\p18f46j50.asm
              BAUDCONbits   0x000f7e       data     extern D:\3.43\pic18-lt\cxx-framework\src\traditional\proc\p18f46j50.asm
                  BAUDCTL   0x000f7e       data     extern D:\3.43\pic18-lt\cxx-framework\src\traditional\proc\p18f46j50.asm
              BAUDCTLbits   0x000f7e       data     extern D:\3.43\pic18-lt\cxx-framework\src\traditional\proc\p18f46j50.asm
                      BDT   0x000400       data     extern D:\Projects\eggbotcode\EBB_firmware\Microchip\USB\usb_device.c
                      BSR   0x000fe0       data     extern D:\3.43\pic18-lt\cxx-framework\src\traditional\proc\p18f46j50.asm
              BaudRateGen   0x00069c       data     extern D:\Projects\eggbotcode\EBB_firmware\Microchip\USB\CDC Device Driver\usb_function_cdc.c
       BothEP0OutUOWNsSet   0x0006cf       data     extern D:\Projects\eggbotcode\EBB_firmware\Microchip\USB\usb_device.c
             ButtonPushed   0x0001ef       data     static D:\Projects\eggbotcode\EBB_firmware\app.X\source\ebb.c
                  CCP1CON   0x000fba       data     extern D:\3.43\pic18-lt\cxx-framework\src\traditional\proc\p18f46j50.asm
              CCP1CONbits   0x000fba       data     extern D:\3.43\pic18-lt\cxx-framework\src\traditional\proc\p18f46j50.asm
                  CCP2CON   0x000fb4       data     extern D:\3.43\pic18-lt\cxx-framework\src\traditional\proc\p18f46j50.asm
              CCP2CONbits   0x000fb4       data     extern D:\3.43\pic18-lt\cxx-framework\src\traditional\proc\p18f46j50.asm
                    CCPR1   0x000fbb       data     extern D:\3.43\pic18-lt\cxx-framework\src\traditional\proc\p18f46j50.asm
                   CCPR1H   0x000fbc       data     extern D:\3.43\pic18-lt\cxx-framework\src\traditional\proc\p18f46j50.asm
                   CCPR1L   0x000fbb       data     extern D:\3.43\pic18-lt\cxx-framework\src\traditional\proc\p18f46j50.asm
                    CCPR2   0x000fb5       data     extern D:\3.43\pic18-lt\cxx-framework\src\traditional\proc\p18f46j50.asm
                   CCPR2H   0x000fb6       data     extern D:\3.43\pic18-lt\cxx-framework\src\traditional\proc\p18f46j50.asm
                   CCPR2L   0x000fb5       data     extern D:\3.43\pic18-lt\cxx-framework\src\traditional\proc\p18f46j50.asm
          CDCDataInHandle   0x000699       data     extern D:\Projects\eggbotcode\EBB_firmware\Microchip\USB\CDC Device Driver\usb_function_cdc.c
         CDCDataOutHandle   0x000697       data     extern D:\Projects\eggbotcode\EBB_firmware\Microchip\USB\CDC Device Driver\usb_function_cdc.c
                   CM1CON   0x000fd2       data     extern D:\3.43\pic18-lt\cxx-framework\src\traditional\proc\p18f46j50.asm
                  CM1CON1   0x000fd2       data     extern D:\3.43\pic18-lt\cxx-framework\src\traditional\proc\p18f46j50.asm
              CM1CON1bits   0x000fd2       data     extern D:\3.43\pic18-lt\cxx-framework\src\traditional\proc\p18f46j50.asm
               CM1CONbits   0x000fd2       data     extern D:\3.43\pic18-lt\cxx-framework\src\traditional\proc\p18f46j50.asm
                   CM2CON   0x000fd1       data     extern D:\3.43\pic18-lt\cxx-framework\src\traditional\proc\p18f46j50.asm
                  CM2CON1   0x000fd1       data     extern D:\3.43\pic18-lt\cxx-framework\src\traditional\proc\p18f46j50.asm
              CM2CON1bits   0x000fd1       data     extern D:\3.43\pic18-lt\cxx-framework\src\traditional\proc\p18f46j50.asm
               CM2CONbits   0x000fd1       data     extern D:\3.43\pic18-lt\cxx-framework\src\traditional\proc\p18f46j50.asm
                   CMSTAT   0x000f70       data     extern D:\3.43\pic18-lt\cxx-framework\src\traditional\proc\p18f46j50.asm
                 CMSTATUS   0x000f70       data     extern D:\3.43\pic18-lt\cxx-framework\src\traditional\proc\p18f46j50.asm
             CMSTATUSbits   0x000f70       data     extern D:\3.43\pic18-lt\cxx-framework\src\traditional\proc\p18f46j50.asm
               CMSTATbits   0x000f70       data     extern D:\3.43\pic18-lt\cxx-framework\src\traditional\proc\p18f46j50.asm
                 CTMUCONH   0x000fb3       data     extern D:\3.43\pic18-lt\cxx-framework\src\traditional\proc\p18f46j50.asm
             CTMUCONHbits   0x000fb3       data     extern D:\3.43\pic18-lt\cxx-framework\src\traditional\proc\p18f46j50.asm
                 CTMUCONL   0x000fb2       data     extern D:\3.43\pic18-lt\cxx-framework\src\traditional\proc\p18f46j50.asm
             CTMUCONLbits   0x000fb2       data     extern D:\3.43\pic18-lt\cxx-framework\src\traditional\proc\p18f46j50.asm
                 CTMUICON   0x000fb1       data     extern D:\3.43\pic18-lt\cxx-framework\src\traditional\proc\p18f46j50.asm
             CTMUICONbits   0x000fb1       data     extern D:\3.43\pic18-lt\cxx-framework\src\traditional\proc\p18f46j50.asm
                   CVRCON   0x000f53       data     extern D:\3.43\pic18-lt\cxx-framework\src\traditional\proc\p18f46j50.asm
               CVRCONbits   0x000f53       data     extern D:\3.43\pic18-lt\cxx-framework\src\traditional\proc\p18f46j50.asm
              CommandFIFO   0x000199       data     extern D:\Projects\eggbotcode\EBB_firmware\app.X\source\ebb.c
              CtrlTrfData   0x000438       data     extern D:\Projects\eggbotcode\EBB_firmware\Microchip\USB\usb_device.c
           CurrentCommand   0x000000       data     static D:\Projects\eggbotcode\EBB_firmware\app.X\source\ebb.c
                   DMABCH   0x000f66       data     extern D:\3.43\pic18-lt\cxx-framework\src\traditional\proc\p18f46j50.asm
               DMABCHbits   0x000f66       data     extern D:\3.43\pic18-lt\cxx-framework\src\traditional\proc\p18f46j50.asm
                   DMABCL   0x000f67       data     extern D:\3.43\pic18-lt\cxx-framework\src\traditional\proc\p18f46j50.asm
                  DMACON1   0x000f88       data     extern D:\3.43\pic18-lt\cxx-framework\src\traditional\proc\p18f46j50.asm
              DMACON1bits   0x000f88       data     extern D:\3.43\pic18-lt\cxx-framework\src\traditional\proc\p18f46j50.asm
                  DMACON2   0x000f86       data     extern D:\3.43\pic18-lt\cxx-framework\src\traditional\proc\p18f46j50.asm
              DMACON2bits   0x000f86       data     extern D:\3.43\pic18-lt\cxx-framework\src\traditional\proc\p18f46j50.asm
                   DSCONH   0x000f4d       data     extern D:\3.43\pic18-lt\cxx-framework\src\traditional\proc\p18f46j50.asm
               DSCONHbits   0x000f4d       data     extern D:\3.43\pic18-lt\cxx-framework\src\traditional\proc\p18f46j50.asm
                   DSCONL   0x000f4c       data     extern D:\3.43\pic18-lt\cxx-framework\src\traditional\proc\p18f46j50.asm
               DSCONLbits   0x000f4c       data     extern D:\3.43\pic18-lt\cxx-framework\src\traditional\proc\p18f46j50.asm
                   DSGPR0   0x000f4e       data     extern D:\3.43\pic18-lt\cxx-framework\src\traditional\proc\p18f46j50.asm
                   DSGPR1   0x000f4f       data     extern D:\3.43\pic18-lt\cxx-framework\src\traditional\proc\p18f46j50.asm
                  DSWAKEH   0x000f4b       data     extern D:\3.43\pic18-lt\cxx-framework\src\traditional\proc\p18f46j50.asm
              DSWAKEHbits   0x000f4b       data     extern D:\3.43\pic18-lt\cxx-framework\src\traditional\proc\p18f46j50.asm
                  DSWAKEL   0x000f4a       data     extern D:\3.43\pic18-lt\cxx-framework\src\traditional\proc\p18f46j50.asm
              DSWAKELbits   0x000f4a       data     extern D:\3.43\pic18-lt\cxx-framework\src\traditional\proc\p18f46j50.asm
           D_tick_counter   0x00002c       data     extern D:\Projects\eggbotcode\EBB_firmware\app.X\source\UBW.c
           DemoModeActive   0x0001e1       data     extern D:\Projects\eggbotcode\EBB_firmware\app.X\source\ebb.c
                  ECCP1AS   0x000fbe       data     extern D:\3.43\pic18-lt\cxx-framework\src\traditional\proc\p18f46j50.asm
              ECCP1ASbits   0x000fbe       data     extern D:\3.43\pic18-lt\cxx-framework\src\traditional\proc\p18f46j50.asm
                 ECCP1CON   0x000fba       data     extern D:\3.43\pic18-lt\cxx-framework\src\traditional\proc\p18f46j50.asm
             ECCP1CONbits   0x000fba       data     extern D:\3.43\pic18-lt\cxx-framework\src\traditional\proc\p18f46j50.asm
                 ECCP1DEL   0x000fbd       data     extern D:\3.43\pic18-lt\cxx-framework\src\traditional\proc\p18f46j50.asm
             ECCP1DELbits   0x000fbd       data     extern D:\3.43\pic18-lt\cxx-framework\src\traditional\proc\p18f46j50.asm
                  ECCP2AS   0x000fb8       data     extern D:\3.43\pic18-lt\cxx-framework\src\traditional\proc\p18f46j50.asm
              ECCP2ASbits   0x000fb8       data     extern D:\3.43\pic18-lt\cxx-framework\src\traditional\proc\p18f46j50.asm
                 ECCP2CON   0x000fb4       data     extern D:\3.43\pic18-lt\cxx-framework\src\traditional\proc\p18f46j50.asm
             ECCP2CONbits   0x000fb4       data     extern D:\3.43\pic18-lt\cxx-framework\src\traditional\proc\p18f46j50.asm
                 ECCP2DEL   0x000fb7       data     extern D:\3.43\pic18-lt\cxx-framework\src\traditional\proc\p18f46j50.asm
             ECCP2DELbits   0x000fb7       data     extern D:\3.43\pic18-lt\cxx-framework\src\traditional\proc\p18f46j50.asm
                   EECON1   0x000fa6       data     extern D:\3.43\pic18-lt\cxx-framework\src\traditional\proc\p18f46j50.asm
               EECON1bits   0x000fa6       data     extern D:\3.43\pic18-lt\cxx-framework\src\traditional\proc\p18f46j50.asm
                   EECON2   0x000fa7       data     extern D:\3.43\pic18-lt\cxx-framework\src\traditional\proc\p18f46j50.asm
                FIFOEmpty   0x00001a       data     extern D:\Projects\eggbotcode\EBB_firmware\app.X\source\ebb.c
                     FSR0   0x000fe9       data     extern D:\3.43\pic18-lt\cxx-framework\src\traditional\proc\p18f46j50.asm
                    FSR0H   0x000fea       data     extern D:\3.43\pic18-lt\cxx-framework\src\traditional\proc\p18f46j50.asm
                    FSR0L   0x000fe9       data     extern D:\3.43\pic18-lt\cxx-framework\src\traditional\proc\p18f46j50.asm
                     FSR1   0x000fe1       data     extern D:\3.43\pic18-lt\cxx-framework\src\traditional\proc\p18f46j50.asm
                    FSR1H   0x000fe2       data     extern D:\3.43\pic18-lt\cxx-framework\src\traditional\proc\p18f46j50.asm
                    FSR1L   0x000fe1       data     extern D:\3.43\pic18-lt\cxx-framework\src\traditional\proc\p18f46j50.asm
                     FSR2   0x000fd9       data     extern D:\3.43\pic18-lt\cxx-framework\src\traditional\proc\p18f46j50.asm
                    FSR2H   0x000fda       data     extern D:\3.43\pic18-lt\cxx-framework\src\traditional\proc\p18f46j50.asm
                    FSR2L   0x000fd9       data     extern D:\3.43\pic18-lt\cxx-framework\src\traditional\proc\p18f46j50.asm
                  HLVDCON   0x000f85       data     extern D:\3.43\pic18-lt\cxx-framework\src\traditional\proc\p18f46j50.asm
              HLVDCONbits   0x000f85       data     extern D:\3.43\pic18-lt\cxx-framework\src\traditional\proc\p18f46j50.asm
                    INDF0   0x000fef       data     extern D:\3.43\pic18-lt\cxx-framework\src\traditional\proc\p18f46j50.asm
                    INDF1   0x000fe7       data     extern D:\3.43\pic18-lt\cxx-framework\src\traditional\proc\p18f46j50.asm
                    INDF2   0x000fdf       data     extern D:\3.43\pic18-lt\cxx-framework\src\traditional\proc\p18f46j50.asm
                   INTCON   0x000ff2       data     extern D:\3.43\pic18-lt\cxx-framework\src\traditional\proc\p18f46j50.asm
                  INTCON2   0x000ff1       data     extern D:\3.43\pic18-lt\cxx-framework\src\traditional\proc\p18f46j50.asm
              INTCON2bits   0x000ff1       data     extern D:\3.43\pic18-lt\cxx-framework\src\traditional\proc\p18f46j50.asm
                  INTCON3   0x000ff0       data     extern D:\3.43\pic18-lt\cxx-framework\src\traditional\proc\p18f46j50.asm
              INTCON3bits   0x000ff0       data     extern D:\3.43\pic18-lt\cxx-framework\src\traditional\proc\p18f46j50.asm
               INTCONbits   0x000ff2       data     extern D:\3.43\pic18-lt\cxx-framework\src\traditional\proc\p18f46j50.asm
                     IPR1   0x000f9f       data     extern D:\3.43\pic18-lt\cxx-framework\src\traditional\proc\p18f46j50.asm
                 IPR1bits   0x000f9f       data     extern D:\3.43\pic18-lt\cxx-framework\src\traditional\proc\p18f46j50.asm
                     IPR2   0x000fa2       data     extern D:\3.43\pic18-lt\cxx-framework\src\traditional\proc\p18f46j50.asm
                 IPR2bits   0x000fa2       data     extern D:\3.43\pic18-lt\cxx-framework\src\traditional\proc\p18f46j50.asm
                     IPR3   0x000fa5       data     extern D:\3.43\pic18-lt\cxx-framework\src\traditional\proc\p18f46j50.asm
                 IPR3bits   0x000fa5       data     extern D:\3.43\pic18-lt\cxx-framework\src\traditional\proc\p18f46j50.asm
               ISR_A_FIFO   0x000100       data     extern D:\Projects\eggbotcode\EBB_firmware\app.X\source\UBW.c
            ISR_A_FIFO_in   0x000024       data     extern D:\Projects\eggbotcode\EBB_firmware\app.X\source\UBW.c
        ISR_A_FIFO_length   0x000026       data     extern D:\Projects\eggbotcode\EBB_firmware\app.X\source\UBW.c
           ISR_A_FIFO_out   0x000025       data     extern D:\Projects\eggbotcode\EBB_firmware\app.X\source\UBW.c
         ISR_A_RepeatRate   0x000022       data     extern D:\Projects\eggbotcode\EBB_firmware\app.X\source\UBW.c
               ISR_D_FIFO   0x000148       data     extern D:\Projects\eggbotcode\EBB_firmware\app.X\source\UBW.c
            ISR_D_FIFO_in   0x00001f       data     extern D:\Projects\eggbotcode\EBB_firmware\app.X\source\UBW.c
        ISR_D_FIFO_length   0x000021       data     extern D:\Projects\eggbotcode\EBB_firmware\app.X\source\UBW.c
           ISR_D_FIFO_out   0x000020       data     extern D:\Projects\eggbotcode\EBB_firmware\app.X\source\UBW.c
         ISR_D_RepeatRate   0x00001d       data     extern D:\Projects\eggbotcode\EBB_firmware\app.X\source\UBW.c
                     LATA   0x000f89       data     extern D:\3.43\pic18-lt\cxx-framework\src\traditional\proc\p18f46j50.asm
                 LATAbits   0x000f89       data     extern D:\3.43\pic18-lt\cxx-framework\src\traditional\proc\p18f46j50.asm
                     LATB   0x000f8a       data     extern D:\3.43\pic18-lt\cxx-framework\src\traditional\proc\p18f46j50.asm
                 LATBbits   0x000f8a       data     extern D:\3.43\pic18-lt\cxx-framework\src\traditional\proc\p18f46j50.asm
                     LATC   0x000f8b       data     extern D:\3.43\pic18-lt\cxx-framework\src\traditional\proc\p18f46j50.asm
                 LATCbits   0x000f8b       data     extern D:\3.43\pic18-lt\cxx-framework\src\traditional\proc\p18f46j50.asm
                     LATD   0x000f8c       data     extern D:\3.43\pic18-lt\cxx-framework\src\traditional\proc\p18f46j50.asm
                 LATDbits   0x000f8c       data     extern D:\3.43\pic18-lt\cxx-framework\src\traditional\proc\p18f46j50.asm
                     LATE   0x000f8d       data     extern D:\3.43\pic18-lt\cxx-framework\src\traditional\proc\p18f46j50.asm
                 LATEbits   0x000f8d       data     extern D:\3.43\pic18-lt\cxx-framework\src\traditional\proc\p18f46j50.asm
                 LEDCount   0x000561       data     static D:\Projects\eggbotcode\EBB_firmware\app.X\source\UBW.c
                 LEDState   0x000563       data     static D:\Projects\eggbotcode\EBB_firmware\app.X\source\UBW.c
                    Layer   0x0001ee       data     static D:\Projects\eggbotcode\EBB_firmware\app.X\source\ebb.c
                NodeCount   0x0001ea       data     static D:\Projects\eggbotcode\EBB_firmware\app.X\source\ebb.c
                   ODCON1   0x000f42       data     extern D:\3.43\pic18-lt\cxx-framework\src\traditional\proc\p18f46j50.asm
               ODCON1bits   0x000f42       data     extern D:\3.43\pic18-lt\cxx-framework\src\traditional\proc\p18f46j50.asm
                   ODCON2   0x000f41       data     extern D:\3.43\pic18-lt\cxx-framework\src\traditional\proc\p18f46j50.asm
               ODCON2bits   0x000f41       data     extern D:\3.43\pic18-lt\cxx-framework\src\traditional\proc\p18f46j50.asm
                   ODCON3   0x000f40       data     extern D:\3.43\pic18-lt\cxx-framework\src\traditional\proc\p18f46j50.asm
               ODCON3bits   0x000f40       data     extern D:\3.43\pic18-lt\cxx-framework\src\traditional\proc\p18f46j50.asm
                   OSCCON   0x000fd3       data     extern D:\3.43\pic18-lt\cxx-framework\src\traditional\proc\p18f46j50.asm
               OSCCONbits   0x000fd3       data     extern D:\3.43\pic18-lt\cxx-framework\src\traditional\proc\p18f46j50.asm
                  OSCTUNE   0x000f9b       data     extern D:\3.43\pic18-lt\cxx-framework\src\traditional\proc\p18f46j50.asm
              OSCTUNEbits   0x000f9b       data     extern D:\3.43\pic18-lt\cxx-framework\src\traditional\proc\p18f46j50.asm
                  OutByte   0x000016       data     static D:\Projects\eggbotcode\EBB_firmware\app.X\source\ebb.c
                  PADCFG1   0x000f3c       data     extern D:\3.43\pic18-lt\cxx-framework\src\traditional\proc\p18f46j50.asm
              PADCFG1bits   0x000f3c       data     extern D:\3.43\pic18-lt\cxx-framework\src\traditional\proc\p18f46j50.asm
                       PC   0x000ff9       data     extern D:\3.43\pic18-lt\cxx-framework\src\traditional\proc\p18f46j50.asm
                      PCL   0x000ff9       data     extern D:\3.43\pic18-lt\cxx-framework\src\traditional\proc\p18f46j50.asm
                   PCLATH   0x000ffa       data     extern D:\3.43\pic18-lt\cxx-framework\src\traditional\proc\p18f46j50.asm
                   PCLATU   0x000ffb       data     extern D:\3.43\pic18-lt\cxx-framework\src\traditional\proc\p18f46j50.asm
                     PIE1   0x000f9d       data     extern D:\3.43\pic18-lt\cxx-framework\src\traditional\proc\p18f46j50.asm
                 PIE1bits   0x000f9d       data     extern D:\3.43\pic18-lt\cxx-framework\src\traditional\proc\p18f46j50.asm
                     PIE2   0x000fa0       data     extern D:\3.43\pic18-lt\cxx-framework\src\traditional\proc\p18f46j50.asm
                 PIE2bits   0x000fa0       data     extern D:\3.43\pic18-lt\cxx-framework\src\traditional\proc\p18f46j50.asm
                     PIE3   0x000fa3       data     extern D:\3.43\pic18-lt\cxx-framework\src\traditional\proc\p18f46j50.asm
                 PIE3bits   0x000fa3       data     extern D:\3.43\pic18-lt\cxx-framework\src\traditional\proc\p18f46j50.asm
                     PIR1   0x000f9e       data     extern D:\3.43\pic18-lt\cxx-framework\src\traditional\proc\p18f46j50.asm
                 PIR1bits   0x000f9e       data     extern D:\3.43\pic18-lt\cxx-framework\src\traditional\proc\p18f46j50.asm
                     PIR2   0x000fa1       data     extern D:\3.43\pic18-lt\cxx-framework\src\traditional\proc\p18f46j50.asm
                 PIR2bits   0x000fa1       data     extern D:\3.43\pic18-lt\cxx-framework\src\traditional\proc\p18f46j50.asm
                     PIR3   0x000fa4       data     extern D:\3.43\pic18-lt\cxx-framework\src\traditional\proc\p18f46j50.asm
                 PIR3bits   0x000fa4       data     extern D:\3.43\pic18-lt\cxx-framework\src\traditional\proc\p18f46j50.asm
                   PLUSW0   0x000feb       data     extern D:\3.43\pic18-lt\cxx-framework\src\traditional\proc\p18f46j50.asm
                   PLUSW1   0x000fe3       data     extern D:\3.43\pic18-lt\cxx-framework\src\traditional\proc\p18f46j50.asm
                   PLUSW2   0x000fdb       data     extern D:\3.43\pic18-lt\cxx-framework\src\traditional\proc\p18f46j50.asm
                  PMADDRH   0x000f6f       data     extern D:\3.43\pic18-lt\cxx-framework\src\traditional\proc\p18f46j50.asm
              PMADDRHbits   0x000f6f       data     extern D:\3.43\pic18-lt\cxx-framework\src\traditional\proc\p18f46j50.asm
                  PMADDRL   0x000f6e       data     extern D:\3.43\pic18-lt\cxx-framework\src\traditional\proc\p18f46j50.asm
                   PMCONH   0x000f5f       data     extern D:\3.43\pic18-lt\cxx-framework\src\traditional\proc\p18f46j50.asm
               PMCONHbits   0x000f5f       data     extern D:\3.43\pic18-lt\cxx-framework\src\traditional\proc\p18f46j50.asm
                   PMCONL   0x000f5e       data     extern D:\3.43\pic18-lt\cxx-framework\src\traditional\proc\p18f46j50.asm
               PMCONLbits   0x000f5e       data     extern D:\3.43\pic18-lt\cxx-framework\src\traditional\proc\p18f46j50.asm
                  PMDIN1H   0x000f6d       data     extern D:\3.43\pic18-lt\cxx-framework\src\traditional\proc\p18f46j50.asm
                  PMDIN1L   0x000f6c       data     extern D:\3.43\pic18-lt\cxx-framework\src\traditional\proc\p18f46j50.asm
                  PMDIN2H   0x000f59       data     extern D:\3.43\pic18-lt\cxx-framework\src\traditional\proc\p18f46j50.asm
                  PMDIN2L   0x000f58       data     extern D:\3.43\pic18-lt\cxx-framework\src\traditional\proc\p18f46j50.asm
                 PMDOUT1H   0x000f6f       data     extern D:\3.43\pic18-lt\cxx-framework\src\traditional\proc\p18f46j50.asm
                 PMDOUT1L   0x000f6e       data     extern D:\3.43\pic18-lt\cxx-framework\src\traditional\proc\p18f46j50.asm
                 PMDOUT2H   0x000f5b       data     extern D:\3.43\pic18-lt\cxx-framework\src\traditional\proc\p18f46j50.asm
                 PMDOUT2L   0x000f5a       data     extern D:\3.43\pic18-lt\cxx-framework\src\traditional\proc\p18f46j50.asm
                     PMEH   0x000f57       data     extern D:\3.43\pic18-lt\cxx-framework\src\traditional\proc\p18f46j50.asm
                 PMEHbits   0x000f57       data     extern D:\3.43\pic18-lt\cxx-framework\src\traditional\proc\p18f46j50.asm
                     PMEL   0x000f56       data     extern D:\3.43\pic18-lt\cxx-framework\src\traditional\proc\p18f46j50.asm
                 PMELbits   0x000f56       data     extern D:\3.43\pic18-lt\cxx-framework\src\traditional\proc\p18f46j50.asm
                  PMMODEH   0x000f5d       data     extern D:\3.43\pic18-lt\cxx-framework\src\traditional\proc\p18f46j50.asm
              PMMODEHbits   0x000f5d       data     extern D:\3.43\pic18-lt\cxx-framework\src\traditional\proc\p18f46j50.asm
                  PMMODEL   0x000f5c       data     extern D:\3.43\pic18-lt\cxx-framework\src\traditional\proc\p18f46j50.asm
              PMMODELbits   0x000f5c       data     extern D:\3.43\pic18-lt\cxx-framework\src\traditional\proc\p18f46j50.asm
                  PMSTATH   0x000f55       data     extern D:\3.43\pic18-lt\cxx-framework\src\traditional\proc\p18f46j50.asm
              PMSTATHbits   0x000f55       data     extern D:\3.43\pic18-lt\cxx-framework\src\traditional\proc\p18f46j50.asm
                  PMSTATL   0x000f54       data     extern D:\3.43\pic18-lt\cxx-framework\src\traditional\proc\p18f46j50.asm
              PMSTATLbits   0x000f54       data     extern D:\3.43\pic18-lt\cxx-framework\src\traditional\proc\p18f46j50.asm
                    PORTA   0x000f80       data     extern D:\3.43\pic18-lt\cxx-framework\src\traditional\proc\p18f46j50.asm
                PORTAbits   0x000f80       data     extern D:\3.43\pic18-lt\cxx-framework\src\traditional\proc\p18f46j50.asm
                    PORTB   0x000f81       data     extern D:\3.43\pic18-lt\cxx-framework\src\traditional\proc\p18f46j50.asm
                PORTBbits   0x000f81       data     extern D:\3.43\pic18-lt\cxx-framework\src\traditional\proc\p18f46j50.asm
                    PORTC   0x000f82       data     extern D:\3.43\pic18-lt\cxx-framework\src\traditional\proc\p18f46j50.asm
                PORTCbits   0x000f82       data     extern D:\3.43\pic18-lt\cxx-framework\src\traditional\proc\p18f46j50.asm
                    PORTD   0x000f83       data     extern D:\3.43\pic18-lt\cxx-framework\src\traditional\proc\p18f46j50.asm
                PORTDbits   0x000f83       data     extern D:\3.43\pic18-lt\cxx-framework\src\traditional\proc\p18f46j50.asm
                    PORTE   0x000f84       data     extern D:\3.43\pic18-lt\cxx-framework\src\traditional\proc\p18f46j50.asm
                PORTEbits   0x000f84       data     extern D:\3.43\pic18-lt\cxx-framework\src\traditional\proc\p18f46j50.asm
                 POSTDEC0   0x000fed       data     extern D:\3.43\pic18-lt\cxx-framework\src\traditional\proc\p18f46j50.asm
                 POSTDEC1   0x000fe5       data     extern D:\3.43\pic18-lt\cxx-framework\src\traditional\proc\p18f46j50.asm
                 POSTDEC2   0x000fdd       data     extern D:\3.43\pic18-lt\cxx-framework\src\traditional\proc\p18f46j50.asm
                 POSTINC0   0x000fee       data     extern D:\3.43\pic18-lt\cxx-framework\src\traditional\proc\p18f46j50.asm
                 POSTINC1   0x000fe6       data     extern D:\3.43\pic18-lt\cxx-framework\src\traditional\proc\p18f46j50.asm
                 POSTINC2   0x000fde       data     extern D:\3.43\pic18-lt\cxx-framework\src\traditional\proc\p18f46j50.asm
                   PPSCON   0x000eff       data     extern D:\3.43\pic18-lt\cxx-framework\src\traditional\proc\p18f46j50.asm
               PPSCONbits   0x000eff       data     extern D:\3.43\pic18-lt\cxx-framework\src\traditional\proc\p18f46j50.asm
                      PR2   0x000fcb       data     extern D:\3.43\pic18-lt\cxx-framework\src\traditional\proc\p18f46j50.asm
                      PR4   0x000f77       data     extern D:\3.43\pic18-lt\cxx-framework\src\traditional\proc\p18f46j50.asm
                  PREINC0   0x000fec       data     extern D:\3.43\pic18-lt\cxx-framework\src\traditional\proc\p18f46j50.asm
                  PREINC1   0x000fe4       data     extern D:\3.43\pic18-lt\cxx-framework\src\traditional\proc\p18f46j50.asm
                  PREINC2   0x000fdc       data     extern D:\3.43\pic18-lt\cxx-framework\src\traditional\proc\p18f46j50.asm
                     PROD   0x000ff3       data     extern D:\3.43\pic18-lt\cxx-framework\src\traditional\proc\p18f46j50.asm
                    PRODH   0x000ff4       data     extern D:\3.43\pic18-lt\cxx-framework\src\traditional\proc\p18f46j50.asm
                    PRODL   0x000ff3       data     extern D:\3.43\pic18-lt\cxx-framework\src\traditional\proc\p18f46j50.asm
                 PSTR1CON   0x000fbf       data     extern D:\3.43\pic18-lt\cxx-framework\src\traditional\proc\p18f46j50.asm
             PSTR1CONbits   0x000fbf       data     extern D:\3.43\pic18-lt\cxx-framework\src\traditional\proc\p18f46j50.asm
                 PSTR2CON   0x000fb9       data     extern D:\3.43\pic18-lt\cxx-framework\src\traditional\proc\p18f46j50.asm
             PSTR2CONbits   0x000fb9       data     extern D:\3.43\pic18-lt\cxx-framework\src\traditional\proc\p18f46j50.asm
                  PWM1CON   0x000fbd       data     extern D:\3.43\pic18-lt\cxx-framework\src\traditional\proc\p18f46j50.asm
              PWM1CONbits   0x000fbd       data     extern D:\3.43\pic18-lt\cxx-framework\src\traditional\proc\p18f46j50.asm
                  PWM2CON   0x000fb7       data     extern D:\3.43\pic18-lt\cxx-framework\src\traditional\proc\p18f46j50.asm
              PWM2CONbits   0x000fb7       data     extern D:\3.43\pic18-lt\cxx-framework\src\traditional\proc\p18f46j50.asm
                 PenState   0x0001e9       data     static D:\Projects\eggbotcode\EBB_firmware\app.X\source\ebb.c
              QC_ms_timer   0x0001f1       data     extern D:\Projects\eggbotcode\EBB_firmware\app.X\source\ebb.c
                     RCON   0x000fd0       data     extern D:\3.43\pic18-lt\cxx-framework\src\traditional\proc\p18f46j50.asm
                 RCONbits   0x000fd0       data     extern D:\3.43\pic18-lt\cxx-framework\src\traditional\proc\p18f46j50.asm
                    RCREG   0x000faf       data     extern D:\3.43\pic18-lt\cxx-framework\src\traditional\proc\p18f46j50.asm
                   RCREG1   0x000faf       data     extern D:\3.43\pic18-lt\cxx-framework\src\traditional\proc\p18f46j50.asm
                   RCREG2   0x000faa       data     extern D:\3.43\pic18-lt\cxx-framework\src\traditional\proc\p18f46j50.asm
                    RCSTA   0x000fac       data     extern D:\3.43\pic18-lt\cxx-framework\src\traditional\proc\p18f46j50.asm
                   RCSTA1   0x000fac       data     extern D:\3.43\pic18-lt\cxx-framework\src\traditional\proc\p18f46j50.asm
               RCSTA1bits   0x000fac       data     extern D:\3.43\pic18-lt\cxx-framework\src\traditional\proc\p18f46j50.asm
                   RCSTA2   0x000f9c       data     extern D:\3.43\pic18-lt\cxx-framework\src\traditional\proc\p18f46j50.asm
               RCSTA2bits   0x000f9c       data     extern D:\3.43\pic18-lt\cxx-framework\src\traditional\proc\p18f46j50.asm
                RCSTAbits   0x000fac       data     extern D:\3.43\pic18-lt\cxx-framework\src\traditional\proc\p18f46j50.asm
                  REFOCON   0x000f3d       data     extern D:\3.43\pic18-lt\cxx-framework\src\traditional\proc\p18f46j50.asm
              REFOCONbits   0x000f3d       data     extern D:\3.43\pic18-lt\cxx-framework\src\traditional\proc\p18f46j50.asm
                   RPINR1   0x000ee7       data     extern D:\3.43\pic18-lt\cxx-framework\src\traditional\proc\p18f46j50.asm
                  RPINR12   0x000ef2       data     extern D:\3.43\pic18-lt\cxx-framework\src\traditional\proc\p18f46j50.asm
                  RPINR13   0x000ef3       data     extern D:\3.43\pic18-lt\cxx-framework\src\traditional\proc\p18f46j50.asm
                  RPINR16   0x000ef6       data     extern D:\3.43\pic18-lt\cxx-framework\src\traditional\proc\p18f46j50.asm
                  RPINR17   0x000ef7       data     extern D:\3.43\pic18-lt\cxx-framework\src\traditional\proc\p18f46j50.asm
                   RPINR2   0x000ee8       data     extern D:\3.43\pic18-lt\cxx-framework\src\traditional\proc\p18f46j50.asm
                  RPINR21   0x000efb       data     extern D:\3.43\pic18-lt\cxx-framework\src\traditional\proc\p18f46j50.asm
                  RPINR22   0x000efc       data     extern D:\3.43\pic18-lt\cxx-framework\src\traditional\proc\p18f46j50.asm
                  RPINR23   0x000efd       data     extern D:\3.43\pic18-lt\cxx-framework\src\traditional\proc\p18f46j50.asm
                  RPINR24   0x000efe       data     extern D:\3.43\pic18-lt\cxx-framework\src\traditional\proc\p18f46j50.asm
                   RPINR3   0x000ee9       data     extern D:\3.43\pic18-lt\cxx-framework\src\traditional\proc\p18f46j50.asm
                   RPINR4   0x000eea       data     extern D:\3.43\pic18-lt\cxx-framework\src\traditional\proc\p18f46j50.asm
                   RPINR6   0x000eec       data     extern D:\3.43\pic18-lt\cxx-framework\src\traditional\proc\p18f46j50.asm
                   RPINR7   0x000eed       data     extern D:\3.43\pic18-lt\cxx-framework\src\traditional\proc\p18f46j50.asm
                   RPINR8   0x000eee       data     extern D:\3.43\pic18-lt\cxx-framework\src\traditional\proc\p18f46j50.asm
                    RPOR0   0x000ec6       data     extern D:\3.43\pic18-lt\cxx-framework\src\traditional\proc\p18f46j50.asm
                    RPOR1   0x000ec7       data     extern D:\3.43\pic18-lt\cxx-framework\src\traditional\proc\p18f46j50.asm
[...]
               TXSTA2bits   0x000fa8       data     extern D:\3.43\pic18-lt\cxx-framework\src\traditional\proc\p18f46j50.asm
                   TXSTA2   0x000fa8       data     extern D:\3.43\pic18-lt\cxx-framework\src\traditional\proc\p18f46j50.asm
                   TXREG2   0x000fa9       data     extern D:\3.43\pic18-lt\cxx-framework\src\traditional\proc\p18f46j50.asm
                   RCREG2   0x000faa       data     extern D:\3.43\pic18-lt\cxx-framework\src\traditional\proc\p18f46j50.asm
                   SPBRG2   0x000fab       data     extern D:\3.43\pic18-lt\cxx-framework\src\traditional\proc\p18f46j50.asm
                RCSTAbits   0x000fac       data     extern D:\3.43\pic18-lt\cxx-framework\src\traditional\proc\p18f46j50.asm
               RCSTA1bits   0x000fac       data     extern D:\3.43\pic18-lt\cxx-framework\src\traditional\proc\p18f46j50.asm
                   RCSTA1   0x000fac       data     extern D:\3.43\pic18-lt\cxx-framework\src\traditional\proc\p18f46j50.asm
                    RCSTA   0x000fac       data     extern D:\3.43\pic18-lt\cxx-framework\src\traditional\proc\p18f46j50.asm
                    TXSTA   0x000fad       data     extern D:\3.43\pic18-lt\cxx-framework\src\traditional\proc\p18f46j50.asm
                   TXSTA1   0x000fad       data     extern D:\3.43\pic18-lt\cxx-framework\src\traditional\proc\p18f46j50.asm
               TXSTA1bits   0x000fad       data     extern D:\3.43\pic18-lt\cxx-framework\src\traditional\proc\p18f46j50.asm
                TXSTAbits   0x000fad       data     extern D:\3.43\pic18-lt\cxx-framework\src\traditional\proc\p18f46j50.asm
                    TXREG   0x000fae       data     extern D:\3.43\pic18-lt\cxx-framework\src\traditional\proc\p18f46j50.asm
                   TXREG1   0x000fae       data     extern D:\3.43\pic18-lt\cxx-framework\src\traditional\proc\p18f46j50.asm
                    RCREG   0x000faf       data     extern D:\3.43\pic18-lt\cxx-framework\src\traditional\proc\p18f46j50.asm
                   RCREG1   0x000faf       data     extern D:\3.43\pic18-lt\cxx-framework\src\traditional\proc\p18f46j50.asm
                    SPBRG   0x000fb0       data     extern D:\3.43\pic18-lt\cxx-framework\src\traditional\proc\p18f46j50.asm
                   SPBRG1   0x000fb0       data     extern D:\3.43\pic18-lt\cxx-framework\src\traditional\proc\p18f46j50.asm
             CTMUICONbits   0x000fb1       data     extern D:\3.43\pic18-lt\cxx-framework\src\traditional\proc\p18f46j50.asm
                 CTMUICON   0x000fb1       data     extern D:\3.43\pic18-lt\cxx-framework\src\traditional\proc\p18f46j50.asm
             CTMUCONLbits   0x000fb2       data     extern D:\3.43\pic18-lt\cxx-framework\src\traditional\proc\p18f46j50.asm
                 CTMUCONL   0x000fb2       data     extern D:\3.43\pic18-lt\cxx-framework\src\traditional\proc\p18f46j50.asm
             CTMUCONHbits   0x000fb3       data     extern D:\3.43\pic18-lt\cxx-framework\src\traditional\proc\p18f46j50.asm
                 CTMUCONH   0x000fb3       data     extern D:\3.43\pic18-lt\cxx-framework\src\traditional\proc\p18f46j50.asm
                 ECCP2CON   0x000fb4       data     extern D:\3.43\pic18-lt\cxx-framework\src\traditional\proc\p18f46j50.asm
             ECCP2CONbits   0x000fb4       data     extern D:\3.43\pic18-lt\cxx-framework\src\traditional\proc\p18f46j50.asm
              CCP2CONbits   0x000fb4       data     extern D:\3.43\pic18-lt\cxx-framework\src\traditional\proc\p18f46j50.asm
                  CCP2CON   0x000fb4       data     extern D:\3.43\pic18-lt\cxx-framework\src\traditional\proc\p18f46j50.asm
                   CCPR2L   0x000fb5       data     extern D:\3.43\pic18-lt\cxx-framework\src\traditional\proc\p18f46j50.asm
                    CCPR2   0x000fb5       data     extern D:\3.43\pic18-lt\cxx-framework\src\traditional\proc\p18f46j50.asm
                   CCPR2H   0x000fb6       data     extern D:\3.43\pic18-lt\cxx-framework\src\traditional\proc\p18f46j50.asm
             ECCP2DELbits   0x000fb7       data     extern D:\3.43\pic18-lt\cxx-framework\src\traditional\proc\p18f46j50.asm
                 ECCP2DEL   0x000fb7       data     extern D:\3.43\pic18-lt\cxx-framework\src\traditional\proc\p18f46j50.asm
                  PWM2CON   0x000fb7       data     extern D:\3.43\pic18-lt\cxx-framework\src\traditional\proc\p18f46j50.asm
              PWM2CONbits   0x000fb7       data     extern D:\3.43\pic18-lt\cxx-framework\src\traditional\proc\p18f46j50.asm
              ECCP2ASbits   0x000fb8       data     extern D:\3.43\pic18-lt\cxx-framework\src\traditional\proc\p18f46j50.asm
                  ECCP2AS   0x000fb8       data     extern D:\3.43\pic18-lt\cxx-framework\src\traditional\proc\p18f46j50.asm
             PSTR2CONbits   0x000fb9       data     extern D:\3.43\pic18-lt\cxx-framework\src\traditional\proc\p18f46j50.asm
                 PSTR2CON   0x000fb9       data     extern D:\3.43\pic18-lt\cxx-framework\src\traditional\proc\p18f46j50.asm
                 ECCP1CON   0x000fba       data     extern D:\3.43\pic18-lt\cxx-framework\src\traditional\proc\p18f46j50.asm
             ECCP1CONbits   0x000fba       data     extern D:\3.43\pic18-lt\cxx-framework\src\traditional\proc\p18f46j50.asm
              CCP1CONbits   0x000fba       data     extern D:\3.43\pic18-lt\cxx-framework\src\traditional\proc\p18f46j50.asm
                  CCP1CON   0x000fba       data     extern D:\3.43\pic18-lt\cxx-framework\src\traditional\proc\p18f46j50.asm
                   CCPR1L   0x000fbb       data     extern D:\3.43\pic18-lt\cxx-framework\src\traditional\proc\p18f46j50.asm
                    CCPR1   0x000fbb       data     extern D:\3.43\pic18-lt\cxx-framework\src\traditional\proc\p18f46j50.asm
                   CCPR1H   0x000fbc       data     extern D:\3.43\pic18-lt\cxx-framework\src\traditional\proc\p18f46j50.asm
              PWM1CONbits   0x000fbd       data     extern D:\3.43\pic18-lt\cxx-framework\src\traditional\proc\p18f46j50.asm
                  PWM1CON   0x000fbd       data     extern D:\3.43\pic18-lt\cxx-framework\src\traditional\proc\p18f46j50.asm
                 ECCP1DEL   0x000fbd       data     extern D:\3.43\pic18-lt\cxx-framework\src\traditional\proc\p18f46j50.asm
             ECCP1DELbits   0x000fbd       data     extern D:\3.43\pic18-lt\cxx-framework\src\traditional\proc\p18f46j50.asm
              ECCP1ASbits   0x000fbe       data     extern D:\3.43\pic18-lt\cxx-framework\src\traditional\proc\p18f46j50.asm
                  ECCP1AS   0x000fbe       data     extern D:\3.43\pic18-lt\cxx-framework\src\traditional\proc\p18f46j50.asm
                 PSTR1CON   0x000fbf       data     extern D:\3.43\pic18-lt\cxx-framework\src\traditional\proc\p18f46j50.asm
             PSTR1CONbits   0x000fbf       data     extern D:\3.43\pic18-lt\cxx-framework\src\traditional\proc\p18f46j50.asm
               WDTCONbits   0x000fc0       data     extern D:\3.43\pic18-lt\cxx-framework\src\traditional\proc\p18f46j50.asm
                   WDTCON   0x000fc0       data     extern D:\3.43\pic18-lt\cxx-framework\src\traditional\proc\p18f46j50.asm
               ADCON1bits   0x000fc1       data     extern D:\3.43\pic18-lt\cxx-framework\src\traditional\proc\p18f46j50.asm
                   ADCON1   0x000fc1       data     extern D:\3.43\pic18-lt\cxx-framework\src\traditional\proc\p18f46j50.asm
               ADCON0bits   0x000fc2       data     extern D:\3.43\pic18-lt\cxx-framework\src\traditional\proc\p18f46j50.asm
                   ADCON0   0x000fc2       data     extern D:\3.43\pic18-lt\cxx-framework\src\traditional\proc\p18f46j50.asm
                    ADRES   0x000fc3       data     extern D:\3.43\pic18-lt\cxx-framework\src\traditional\proc\p18f46j50.asm
                   ADRESL   0x000fc3       data     extern D:\3.43\pic18-lt\cxx-framework\src\traditional\proc\p18f46j50.asm
                   ADRESH   0x000fc4       data     extern D:\3.43\pic18-lt\cxx-framework\src\traditional\proc\p18f46j50.asm
                  SSPCON2   0x000fc5       data     extern D:\3.43\pic18-lt\cxx-framework\src\traditional\proc\p18f46j50.asm
                 SSP1CON2   0x000fc5       data     extern D:\3.43\pic18-lt\cxx-framework\src\traditional\proc\p18f46j50.asm
             SSP1CON2bits   0x000fc5       data     extern D:\3.43\pic18-lt\cxx-framework\src\traditional\proc\p18f46j50.asm
              SSPCON2bits   0x000fc5       data     extern D:\3.43\pic18-lt\cxx-framework\src\traditional\proc\p18f46j50.asm
              SSPCON1bits   0x000fc6       data     extern D:\3.43\pic18-lt\cxx-framework\src\traditional\proc\p18f46j50.asm
                  SSPCON1   0x000fc6       data     extern D:\3.43\pic18-lt\cxx-framework\src\traditional\proc\p18f46j50.asm
             SSP1CON1bits   0x000fc6       data     extern D:\3.43\pic18-lt\cxx-framework\src\traditional\proc\p18f46j50.asm
                 SSP1CON1   0x000fc6       data     extern D:\3.43\pic18-lt\cxx-framework\src\traditional\proc\p18f46j50.asm
                 SSP1STAT   0x000fc7       data     extern D:\3.43\pic18-lt\cxx-framework\src\traditional\proc\p18f46j50.asm
             SSP1STATbits   0x000fc7       data     extern D:\3.43\pic18-lt\cxx-framework\src\traditional\proc\p18f46j50.asm
                  SSPSTAT   0x000fc7       data     extern D:\3.43\pic18-lt\cxx-framework\src\traditional\proc\p18f46j50.asm
              SSPSTATbits   0x000fc7       data     extern D:\3.43\pic18-lt\cxx-framework\src\traditional\proc\p18f46j50.asm
               SSPADDbits   0x000fc8       data     extern D:\3.43\pic18-lt\cxx-framework\src\traditional\proc\p18f46j50.asm
                   SSPADD   0x000fc8       data     extern D:\3.43\pic18-lt\cxx-framework\src\traditional\proc\p18f46j50.asm
                  SSP1ADD   0x000fc8       data     extern D:\3.43\pic18-lt\cxx-framework\src\traditional\proc\p18f46j50.asm
              SSP1ADDbits   0x000fc8       data     extern D:\3.43\pic18-lt\cxx-framework\src\traditional\proc\p18f46j50.asm
                  SSP1BUF   0x000fc9       data     extern D:\3.43\pic18-lt\cxx-framework\src\traditional\proc\p18f46j50.asm
                   SSPBUF   0x000fc9       data     extern D:\3.43\pic18-lt\cxx-framework\src\traditional\proc\p18f46j50.asm
                T2CONbits   0x000fca       data     extern D:\3.43\pic18-lt\cxx-framework\src\traditional\proc\p18f46j50.asm
                    T2CON   0x000fca       data     extern D:\3.43\pic18-lt\cxx-framework\src\traditional\proc\p18f46j50.asm
                      PR2   0x000fcb       data     extern D:\3.43\pic18-lt\cxx-framework\src\traditional\proc\p18f46j50.asm
                     TMR2   0x000fcc       data     extern D:\3.43\pic18-lt\cxx-framework\src\traditional\proc\p18f46j50.asm
                    T1CON   0x000fcd       data     extern D:\3.43\pic18-lt\cxx-framework\src\traditional\proc\p18f46j50.asm
                T1CONbits   0x000fcd       data     extern D:\3.43\pic18-lt\cxx-framework\src\traditional\proc\p18f46j50.asm
                    TMR1L   0x000fce       data     extern D:\3.43\pic18-lt\cxx-framework\src\traditional\proc\p18f46j50.asm
                    TMR1H   0x000fcf       data     extern D:\3.43\pic18-lt\cxx-framework\src\traditional\proc\p18f46j50.asm
                     RCON   0x000fd0       data     extern D:\3.43\pic18-lt\cxx-framework\src\traditional\proc\p18f46j50.asm
                 RCONbits   0x000fd0       data     extern D:\3.43\pic18-lt\cxx-framework\src\traditional\proc\p18f46j50.asm
               CM2CONbits   0x000fd1       data     extern D:\3.43\pic18-lt\cxx-framework\src\traditional\proc\p18f46j50.asm
              CM2CON1bits   0x000fd1       data     extern D:\3.43\pic18-lt\cxx-framework\src\traditional\proc\p18f46j50.asm
                  CM2CON1   0x000fd1       data     extern D:\3.43\pic18-lt\cxx-framework\src\traditional\proc\p18f46j50.asm
                   CM2CON   0x000fd1       data     extern D:\3.43\pic18-lt\cxx-framework\src\traditional\proc\p18f46j50.asm
               CM1CONbits   0x000fd2       data     extern D:\3.43\pic18-lt\cxx-framework\src\traditional\proc\p18f46j50.asm
              CM1CON1bits   0x000fd2       data     extern D:\3.43\pic18-lt\cxx-framework\src\traditional\proc\p18f46j50.asm
                  CM1CON1   0x000fd2       data     extern D:\3.43\pic18-lt\cxx-framework\src\traditional\proc\p18f46j50.asm
                   CM1CON   0x000fd2       data     extern D:\3.43\pic18-lt\cxx-framework\src\traditional\proc\p18f46j50.asm
                   OSCCON   0x000fd3       data     extern D:\3.43\pic18-lt\cxx-framework\src\traditional\proc\p18f46j50.asm
               OSCCONbits   0x000fd3       data     extern D:\3.43\pic18-lt\cxx-framework\src\traditional\proc\p18f46j50.asm
                    T0CON   0x000fd5       data     extern D:\3.43\pic18-lt\cxx-framework\src\traditional\proc\p18f46j50.asm
                T0CONbits   0x000fd5       data     extern D:\3.43\pic18-lt\cxx-framework\src\traditional\proc\p18f46j50.asm
                    TMR0L   0x000fd6       data     extern D:\3.43\pic18-lt\cxx-framework\src\traditional\proc\p18f46j50.asm
                    TMR0H   0x000fd7       data     extern D:\3.43\pic18-lt\cxx-framework\src\traditional\proc\p18f46j50.asm
               STATUSbits   0x000fd8       data     extern D:\3.43\pic18-lt\cxx-framework\src\traditional\proc\p18f46j50.asm
                   STATUS   0x000fd8       data     extern D:\3.43\pic18-lt\cxx-framework\src\traditional\proc\p18f46j50.asm
                    FSR2L   0x000fd9       data     extern D:\3.43\pic18-lt\cxx-framework\src\traditional\proc\p18f46j50.asm
                     FSR2   0x000fd9       data     extern D:\3.43\pic18-lt\cxx-framework\src\traditional\proc\p18f46j50.asm
                    FSR2H   0x000fda       data     extern D:\3.43\pic18-lt\cxx-framework\src\traditional\proc\p18f46j50.asm
                   PLUSW2   0x000fdb       data     extern D:\3.43\pic18-lt\cxx-framework\src\traditional\proc\p18f46j50.asm
                  PREINC2   0x000fdc       data     extern D:\3.43\pic18-lt\cxx-framework\src\traditional\proc\p18f46j50.asm
                 POSTDEC2   0x000fdd       data     extern D:\3.43\pic18-lt\cxx-framework\src\traditional\proc\p18f46j50.asm
                 POSTINC2   0x000fde       data     extern D:\3.43\pic18-lt\cxx-framework\src\traditional\proc\p18f46j50.asm
                    INDF2   0x000fdf       data     extern D:\3.43\pic18-lt\cxx-framework\src\traditional\proc\p18f46j50.asm
                      BSR   0x000fe0       data     extern D:\3.43\pic18-lt\cxx-framework\src\traditional\proc\p18f46j50.asm
                    FSR1L   0x000fe1       data     extern D:\3.43\pic18-lt\cxx-framework\src\traditional\proc\p18f46j50.asm
                     FSR1   0x000fe1       data     extern D:\3.43\pic18-lt\cxx-framework\src\traditional\proc\p18f46j50.asm
                    FSR1H   0x000fe2       data     extern D:\3.43\pic18-lt\cxx-framework\src\traditional\proc\p18f46j50.asm
                   PLUSW1   0x000fe3       data     extern D:\3.43\pic18-lt\cxx-framework\src\traditional\proc\p18f46j50.asm
                  PREINC1   0x000fe4       data     extern D:\3.43\pic18-lt\cxx-framework\src\traditional\proc\p18f46j50.asm
                 POSTDEC1   0x000fe5       data     extern D:\3.43\pic18-lt\cxx-framework\src\traditional\proc\p18f46j50.asm
                 POSTINC1   0x000fe6       data     extern D:\3.43\pic18-lt\cxx-framework\src\traditional\proc\p18f46j50.asm
                    INDF1   0x000fe7       data     extern D:\3.43\pic18-lt\cxx-framework\src\traditional\proc\p18f46j50.asm
                     WREG   0x000fe8       data     extern D:\3.43\pic18-lt\cxx-framework\src\traditional\proc\p18f46j50.asm
                    FSR0L   0x000fe9       data     extern D:\3.43\pic18-lt\cxx-framework\src\traditional\proc\p18f46j50.asm
                     FSR0   0x000fe9       data     extern D:\3.43\pic18-lt\cxx-framework\src\traditional\proc\p18f46j50.asm
                    FSR0H   0x000fea       data     extern D:\3.43\pic18-lt\cxx-framework\src\traditional\proc\p18f46j50.asm
                   PLUSW0   0x000feb       data     extern D:\3.43\pic18-lt\cxx-framework\src\traditional\proc\p18f46j50.asm
                  PREINC0   0x000fec       data     extern D:\3.43\pic18-lt\cxx-framework\src\traditional\proc\p18f46j50.asm
                 POSTDEC0   0x000fed       data     extern D:\3.43\pic18-lt\cxx-framework\src\traditional\proc\p18f46j50.asm
                 POSTINC0   0x000fee       data     extern D:\3.43\pic18-lt\cxx-framework\src\traditional\proc\p18f46j50.asm
                    INDF0   0x000fef       data     extern D:\3.43\pic18-lt\cxx-framework\src\traditional\proc\p18f46j50.asm
              INTCON3bits   0x000ff0       data     extern D:\3.43\pic18-lt\cxx-framework\src\traditional\proc\p18f46j50.asm
                  INTCON3   0x000ff0       data     extern D:\3.43\pic18-lt\cxx-framework\src\traditional\proc\p18f46j50.asm
              INTCON2bits   0x000ff1       data     extern D:\3.43\pic18-lt\cxx-framework\src\traditional\proc\p18f46j50.asm
                  INTCON2   0x000ff1       data     extern D:\3.43\pic18-lt\cxx-framework\src\traditional\proc\p18f46j50.asm
               INTCONbits   0x000ff2       data     extern D:\3.43\pic18-lt\cxx-framework\src\traditional\proc\p18f46j50.asm
                   INTCON   0x000ff2       data     extern D:\3.43\pic18-lt\cxx-framework\src\traditional\proc\p18f46j50.asm
                     PROD   0x000ff3       data     extern D:\3.43\pic18-lt\cxx-framework\src\traditional\proc\p18f46j50.asm
                    PRODL   0x000ff3       data     extern D:\3.43\pic18-lt\cxx-framework\src\traditional\proc\p18f46j50.asm
                    PRODH   0x000ff4       data     extern D:\3.43\pic18-lt\cxx-framework\src\traditional\proc\p18f46j50.asm
                   TABLAT   0x000ff5       data     extern D:\3.43\pic18-lt\cxx-framework\src\traditional\proc\p18f46j50.asm
                   TBLPTR   0x000ff6       data     extern D:\3.43\pic18-lt\cxx-framework\src\traditional\proc\p18f46j50.asm
                  TBLPTRL   0x000ff6       data     extern D:\3.43\pic18-lt\cxx-framework\src\traditional\proc\p18f46j50.asm
                  TBLPTRH   0x000ff7       data     extern D:\3.43\pic18-lt\cxx-framework\src\traditional\proc\p18f46j50.asm
                  TBLPTRU   0x000ff8       data     extern D:\3.43\pic18-lt\cxx-framework\src\traditional\proc\p18f46j50.asm
                      PCL   0x000ff9       data     extern D:\3.43\pic18-lt\cxx-framework\src\traditional\proc\p18f46j50.asm
                       PC   0x000ff9       data     extern D:\3.43\pic18-lt\cxx-framework\src\traditional\proc\p18f46j50.asm
                   PCLATH   0x000ffa       data     extern D:\3.43\pic18-lt\cxx-framework\src\traditional\proc\p18f46j50.asm
                   PCLATU   0x000ffb       data     extern D:\3.43\pic18-lt\cxx-framework\src\traditional\proc\p18f46j50.asm
                   STKPTR   0x000ffc       data     extern D:\3.43\pic18-lt\cxx-framework\src\traditional\proc\p18f46j50.asm
               STKPTRbits   0x000ffc       data     extern D:\3.43\pic18-lt\cxx-framework\src\traditional\proc\p18f46j50.asm
                      TOS   0x000ffd       data     extern D:\3.43\pic18-lt\cxx-framework\src\traditional\proc\p18f46j50.asm
                     TOSL   0x000ffd       data     extern D:\3.43\pic18-lt\cxx-framework\src\traditional\proc\p18f46j50.asm
                     TOSH   0x000ffe       data     extern D:\3.43\pic18-lt\cxx-framework\src\traditional\proc\p18f46j50.asm
                     TOSU   0x000fff       data     extern D:\3.43\pic18-lt\cxx-framework\src\traditional\proc\p18f46j50.asm


