MPLINK 4.40, Linker
Linker Map File - Created Mon Nov 07 23:06:07 2011

                                 Section Info
                  Section       Type    Address   Location Size(Bytes)
                ---------  ---------  ---------  ---------  ---------
               _entry_scn       code   0x000000    program   0x000006
    REMAPPED_RESET_VECTOR       code   0x001000    program   0x000006
REMAPPED_HIGH_INTERRUPT_VECTOR       code   0x001008    program   0x000006
REMAPPED_LOW_INTERRUPT_VECTOR       code   0x001018    program   0x000006
                   .cinit    romdata   0x00102a    program   0x00001a
              .code_UBW.o       code   0x001044    program   0x002bf8
       .code_usb_device.o       code   0x003c3c    program   0x001296
              .code_ebb.o       code   0x004ed2    program   0x0010ac
         .code_vfprintf.o       code   0x005f7e    program   0x000c22
 .code_usb_function_cdc.o       code   0x006ba0    program   0x0004c6
         .code_RCServo2.o       code   0x007066    program   0x0003f8
             .stringtable    romdata   0x00745e    program   0x000215
.romdata_usb_function_cdc.o    romdata   0x007673    program   0x000000
      .idata_fxd3232u.o_i    romdata   0x007673    program   0x000000
        .romdata_printf.o    romdata   0x007673    program   0x000000
      .idata_vfprintf.o_i    romdata   0x007673    program   0x000000
          .idata_putc.o_i    romdata   0x007673    program   0x000000
      .idata_RCServo2.o_i    romdata   0x007673    program   0x000000
           .romdata_ebb.o    romdata   0x007673    program   0x000000
             .code_main.o       code   0x007674    program   0x00014a
               _cinit_scn       code   0x0077be    program   0x00009e
                   STRING       code   0x00785c    program   0x00009a
           .code_printf.o       code   0x0078f6    program   0x000098
                     PROG       code   0x00798e    program   0x000096
.romdata_usb_descriptors.o    romdata   0x007a24    program   0x00008f
        .idata_printf.o_i    romdata   0x007ab3    program   0x000000
          .romdata_main.o    romdata   0x007ab3    program   0x000000
.idata_usb_function_cdc.o_i    romdata   0x007ab3    program   0x000000
           .idata_ebb.o_i    romdata   0x007ab3    program   0x000000
    .romdata_usb_device.o    romdata   0x007ab3    program   0x000000
         .romdata_c018i.o    romdata   0x007ab3    program   0x000000
  .code_usb_descriptors.o       code   0x007ab4    program   0x000000
             .code_putc.o       code   0x007ab4    program   0x000084
          .code_fxm3232.o       code   0x007b38    program   0x000070
                    CTYPE       code   0x007ba8    program   0x00004c
         .code_fxd3232u.o       code   0x007bf4    program   0x000048
           .romdata_UBW.o    romdata   0x007c3c    program   0x000035
        .romdata___init.o    romdata   0x007c71    program   0x000000
        .romdata_stdout.o    romdata   0x007c71    program   0x000000
         .idata_c018i.o_i    romdata   0x007c71    program   0x000000
       .romdata_fxm3232.o    romdata   0x007c71    program   0x000000
          .idata_main.o_i    romdata   0x007c71    program   0x000000
    .idata_usb_device.o_i    romdata   0x007c71    program   0x000000
                    .code       code   0x007c72    program   0x000020
           .code_stdout.o       code   0x007c72    program   0x000000
             _startup_scn       code   0x007c92    program   0x00001c
                    STDIO       code   0x007cae    program   0x00001c
      .romdata_vfprintf.o    romdata   0x007cca    program   0x000011
      .romdata_RCServo2.o    romdata   0x007cdb    program   0x000000
          .romdata_putc.o    romdata   0x007cdb    program   0x000000
.idata_usb_descriptors.o_i    romdata   0x007cdb    program   0x000000
      .romdata_fxd3232u.o    romdata   0x007cdb    program   0x000000
       .idata_fxm3232.o_i    romdata   0x007cdb    program   0x000000
        .idata___init.o_i    romdata   0x007cdb    program   0x000000
            .code_c018i.o       code   0x007cdc    program   0x000000
           .code___init.o       code   0x007cdc    program   0x000002
        .idata_stdout.o_i    romdata   0x007cde    program   0x000002
           .idata_UBW.o_i    romdata   0x007ce0    program   0x0000af
                fast_vars      udata   0x000000       data   0x000035
                MATH_DATA      udata   0x000035       data   0x000014
                 .tmpdata      udata   0x000049       data   0x000009
              low_ISR_tmp      udata   0x000052       data   0x000006
             high_ISR_tmp      udata   0x000058       data   0x000002
                  ISR_buf      udata   0x000100       data   0x000099
               com_tx_buf      udata   0x000200       data   0x000080
               com_rx_buf      udata   0x000300       data   0x000100
                  USB_BDT      udata   0x000400       data   0x000078
             .idata_UBW.o      idata   0x000500       data   0x0000af
      .udata_usb_device.o      udata   0x0005af       data   0x000034
           .udata_c018i.o      udata   0x0005e3       data   0x00000a
.udata_usb_function_cdc.o      udata   0x000600       data   0x0000a8
             .udata_ebb.o      udata   0x0006a8       data   0x00002f
             .udata_UBW.o      udata   0x0006d7       data   0x000024
            .udata_main.o      udata   0x0006fb       data   0x000002
          .idata_stdout.o      idata   0x0006fd       data   0x000002
        .udata_vfprintf.o      udata   0x0006ff       data   0x000000
          .udata_stdout.o      udata   0x0006ff       data   0x000000
          .idata_printf.o      idata   0x0006ff       data   0x000000
          .udata_printf.o      udata   0x0006ff       data   0x000000
          .idata___init.o      idata   0x0006ff       data   0x000000
        .idata_fxd3232u.o      idata   0x0006ff       data   0x000000
        .udata_fxd3232u.o      udata   0x0006ff       data   0x000000
         .udata_fxm3232.o      udata   0x0006ff       data   0x000000
          .udata___init.o      udata   0x0006ff       data   0x000000
         .idata_fxm3232.o      idata   0x0006ff       data   0x000000
        .idata_vfprintf.o      idata   0x0006ff       data   0x000000
            .udata_putc.o      udata   0x0006ff       data   0x000000
            .idata_putc.o      idata   0x0006ff       data   0x000000
.idata_usb_function_cdc.o      idata   0x0006ff       data   0x000000
      .idata_usb_device.o      idata   0x0006ff       data   0x000000
 .idata_usb_descriptors.o      idata   0x0006ff       data   0x000000
 .udata_usb_descriptors.o      udata   0x0006ff       data   0x000000
        .idata_RCServo2.o      idata   0x0006ff       data   0x000000
             .idata_ebb.o      idata   0x0006ff       data   0x000000
            .idata_main.o      idata   0x0006ff       data   0x000000
           .idata_c018i.o      idata   0x0006ff       data   0x000000
                   .stack      udata   0x000d00       data   0x000100
        .udata_RCServo2.o      udata   0x000e00       data   0x0000b8
              SFR_BANKED0      udata   0x000ec6       data   0x00000e
              SFR_BANKED1      udata   0x000ed7       data   0x000008
              SFR_BANKED2      udata   0x000ee7       data   0x000004
              SFR_BANKED3      udata   0x000eec       data   0x000003
              SFR_BANKED4      udata   0x000ef2       data   0x000002
              SFR_BANKED5      udata   0x000ef6       data   0x000002
              SFR_BANKED6      udata   0x000efb       data   0x000005
              SFR_BANKED7      udata   0x000f26       data   0x000014
              SFR_BANKED8      udata   0x000f3c       data   0x000007
              SFR_BANKED9      udata   0x000f48       data   0x000008
             SFR_BANKED10      udata   0x000f52       data   0x00000e
            SFR_UNBANKED0      udata   0x000f60       data   0x0000a0



                              Program Memory Usage 
                               Start         End      
                           ---------   ---------      
                            0x000000    0x000005      
                            0x001000    0x001005      
                            0x001008    0x00100d      
                            0x001018    0x00101d      
                            0x00102a    0x007672      
                            0x007674    0x007ab2      
                            0x007ab4    0x007c70      
                            0x007c72    0x007cda      
                            0x007cdc    0x007d8e      
            28025 out of 65538 program addresses used, program memory utilization is 42%



                              Symbols - Sorted by Name
                     Name    Address   Location    Storage File                     
                ---------  ---------  ---------  --------- ---------                
           BlinkUSBStatus   0x003a64    program     extern D:\Projects\eggbotcode\EBF\UBW.c
                CDCInitEP   0x006c3c    program     extern D:\Projects\eggbotcode\EBF\Microchip\USB\CDC Device Driver\usb_function_cdc.c
             CDCTxService   0x006f1c    program     extern D:\Projects\eggbotcode\EBF\Microchip\USB\CDC Device Driver\usb_function_cdc.c
                 EBB_Init   0x0051ee    program     extern D:\Projects\eggbotcode\EBF\ebb.c
                 FXD3232U   0x007bf4    program     extern C:\MCC18\v3_39\src\traditional\math\fxd3232u.c
                 FXM1616S   0x00798e    program     extern C:\MCC18\v3_39\src\traditional\math\fxm1616s.asm
                 FXM1616U   0x0079e8    program     extern C:\MCC18\v3_39\src\traditional\math\fxm1616u.asm
                  FXM3232   0x007b38    program     extern C:\MCC18\v3_39\src\traditional\math\fxm3232.c
         InitializeSystem   0x007680    program     static D:\Projects\eggbotcode\EBF\main.c
                LongDelay   0x003210    program     extern D:\Projects\eggbotcode\EBF\UBW.c
                ProcessIO   0x001a32    program     extern D:\Projects\eggbotcode\EBF\UBW.c
               Process_S2   0x007240    program     extern D:\Projects\eggbotcode\EBF\RCServo2.c
            RCServo2_Init   0x007066    program     extern D:\Projects\eggbotcode\EBF\RCServo2.c
      RCServo2_S2_command   0x00714a    program     extern D:\Projects\eggbotcode\EBF\RCServo2.c
        Remapped_High_ISR   0x001008    program     extern D:\Projects\eggbotcode\EBF\main.c
         Remapped_Low_ISR   0x001018    program     extern D:\Projects\eggbotcode\EBF\main.c
        SetPinTRISFromRPn   0x003b6a    program     extern D:\Projects\eggbotcode\EBF\UBW.c
               TSIGN1616A   0x0079da    program     static C:\MCC18\v3_39\src\traditional\math\fxm1616s.asm
       USBCBCheckOtherReq   0x0076dc    program     extern D:\Projects\eggbotcode\EBF\main.c
        USBCBErrorHandler   0x0076da    program     extern D:\Projects\eggbotcode\EBF\main.c
              USBCBInitEP   0x0076e2    program     extern D:\Projects\eggbotcode\EBF\main.c
          USBCBSendResume   0x0076e6    program     extern D:\Projects\eggbotcode\EBF\main.c
    USBCBStdSetDscHandler   0x0076e0    program     extern D:\Projects\eggbotcode\EBF\main.c
             USBCBSuspend   0x0076d4    program     extern D:\Projects\eggbotcode\EBF\main.c
     USBCBWakeFromSuspend   0x0076d6    program     extern D:\Projects\eggbotcode\EBF\main.c
        USBCB_SOF_Handler   0x0076d8    program     extern D:\Projects\eggbotcode\EBF\main.c
       USBCDCEventHandler   0x006ca2    program     extern D:\Projects\eggbotcode\EBF\Microchip\USB\CDC Device Driver\usb_function_cdc.c
              USBCancelIO   0x004e22    program     extern D:\Projects\eggbotcode\EBF\Microchip\USB\usb_device.c
       USBCheckCDCRequest   0x006ba0    program     extern D:\Projects\eggbotcode\EBF\Microchip\USB\CDC Device Driver\usb_function_cdc.c
       USBCheckStdRequest   0x0041bc    program     static D:\Projects\eggbotcode\EBF\Microchip\USB\usb_device.c
     USBConfigureEndpoint   0x004b3a    program     static D:\Projects\eggbotcode\EBF\Microchip\USB\usb_device.c
  USBCtrlEPAllowDataStage   0x00458c    program     extern D:\Projects\eggbotcode\EBF\Microchip\USB\usb_device.c
USBCtrlEPAllowStatusStage   0x0044ea    program     extern D:\Projects\eggbotcode\EBF\Microchip\USB\usb_device.c
         USBCtrlEPService   0x003f90    program     static D:\Projects\eggbotcode\EBF\Microchip\USB\usb_device.c
 USBCtrlEPServiceComplete   0x004784    program     static D:\Projects\eggbotcode\EBF\Microchip\USB\usb_device.c
      USBCtrlTrfInHandler   0x004108    program     static D:\Projects\eggbotcode\EBF\Microchip\USB\usb_device.c
     USBCtrlTrfOutHandler   0x0040be    program     static D:\Projects\eggbotcode\EBF\Microchip\USB\usb_device.c
      USBCtrlTrfRxService   0x004904    program     static D:\Projects\eggbotcode\EBF\Microchip\USB\usb_device.c
   USBCtrlTrfSetupHandler   0x004060    program     static D:\Projects\eggbotcode\EBF\Microchip\USB\usb_device.c
      USBCtrlTrfTxService   0x004846    program     static D:\Projects\eggbotcode\EBF\Microchip\USB\usb_device.c
            USBDeviceInit   0x003c3c    program     extern D:\Projects\eggbotcode\EBF\Microchip\USB\usb_device.c
           USBDeviceTasks   0x003d5c    program     extern D:\Projects\eggbotcode\EBF\Microchip\USB\usb_device.c
        USBEnableEndpoint   0x004be6    program     extern D:\Projects\eggbotcode\EBF\Microchip\USB\usb_device.c
         USBStallEndpoint   0x004c54    program     extern D:\Projects\eggbotcode\EBF\Microchip\USB\usb_device.c
          USBStallHandler   0x003f00    program     static D:\Projects\eggbotcode\EBF\Microchip\USB\usb_device.c
  USBStdFeatureReqHandler   0x00427a    program     static D:\Projects\eggbotcode\EBF\Microchip\USB\usb_device.c
      USBStdGetDscHandler   0x004608    program     static D:\Projects\eggbotcode\EBF\Microchip\USB\usb_device.c
   USBStdGetStatusHandler   0x0046c2    program     static D:\Projects\eggbotcode\EBF\Microchip\USB\usb_device.c
      USBStdSetCfgHandler   0x004a42    program     static D:\Projects\eggbotcode\EBF\Microchip\USB\usb_device.c
               USBSuspend   0x003f34    program     static D:\Projects\eggbotcode\EBF\Microchip\USB\usb_device.c
     USBTransferOnePacket   0x004d30    program     extern D:\Projects\eggbotcode\EBF\Microchip\USB\usb_device.c
       USBWakeFromSuspend   0x003f60    program     static D:\Projects\eggbotcode\EBF\Microchip\USB\usb_device.c
               USB_CD_Ptr   0x007aab    program     extern D:\Projects\eggbotcode\EBF\usb_descriptors.c
               USB_SD_Ptr   0x007aad    program     extern D:\Projects\eggbotcode\EBF\usb_descriptors.c
USER_USB_CALLBACK_EVENT_HANDLER   0x00772a    program     extern D:\Projects\eggbotcode\EBF\main.c
                 UserInit   0x0018b0    program     extern D:\Projects\eggbotcode\EBF\UBW.c
              _2jContinue   0x00787c    program     static C:\MCC18\v3_39\src\traditional\stdclib\memset.asm
                   _2jEnd   0x0078e0    program     static C:\MCC18\v3_39\src\traditional\stdclib\slenpgm.asm
                   _3jEnd   0x007886    program     static C:\MCC18\v3_39\src\traditional\stdclib\memset.asm
         ___else_lbl00007   0x004f4a    program     static                          
         ___else_lbl00009   0x004f54    program     static                          
         ___else_lbl00011   0x004f60    program     static                          
         ___else_lbl00013   0x004f6a    program     static                          
         ___else_lbl00015   0x004f58    program     static                          
         ___else_lbl00025   0x005000    program     static                          
         ___else_lbl00027   0x00504a    program     static                          
         ___else_lbl00043   0x00512e    program     static                          
         ___else_lbl00045   0x0050bc    program     static                          
         ___else_lbl00047   0x005050    program     static                          
         ___else_lbl00049   0x004f1c    program     static                          
          ___for_lbl00050   0x0051b0    program     static                          
          ___for_lbl00051   0x0051b4    program     static                          
          ___for_lbl00052   0x00513a    program     static                          
          ___for_lbl00348   0x003232    program     static                          
          ___for_lbl00349   0x003236    program     static                          
          ___for_lbl00352   0x00321c    program     static                          
           ___if_lbl00001   0x004f10    program     static                          
           ___if_lbl00002   0x004f1a    program     static                          
           ___if_lbl00006   0x004f4c    program     static                          
           ___if_lbl00008   0x004f56    program     static                          
           ___if_lbl00010   0x004f62    program     static                          
           ___if_lbl00012   0x004f6c    program     static                          
           ___if_lbl00014   0x004f6c    program     static                          
           ___if_lbl00016   0x004faa    program     static                          
           ___if_lbl00017   0x004fac    program     static                          
           ___if_lbl00018   0x004fea    program     static                          
           ___if_lbl00019   0x004fec    program     static                          
           ___if_lbl00020   0x004ffa    program     static                          
           ___if_lbl00021   0x004ffe    program     static                          
           ___if_lbl00022   0x005004    program     static                          
           ___if_lbl00023   0x005008    program     static                          
           ___if_lbl00024   0x005008    program     static                          
           ___if_lbl00026   0x00504e    program     static                          
           ___if_lbl00028   0x00504e    program     static                          
           ___if_lbl00029   0x00504e    program     static                          
           ___if_lbl00030   0x005064    program     static                          
           ___if_lbl00031   0x00508e    program     static                          
           ___if_lbl00032   0x00508e    program     static                          
           ___if_lbl00033   0x00509a    program     static                          
           ___if_lbl00034   0x0050aa    program     static                          
           ___if_lbl00035   0x0050b4    program     static                          
           ___if_lbl00036   0x0050d0    program     static                          
           ___if_lbl00037   0x0050fa    program     static                          
           ___if_lbl00038   0x005100    program     static                          
           ___if_lbl00039   0x00510e    program     static                          
           ___if_lbl00040   0x00511e    program     static                          
           ___if_lbl00041   0x005128    program     static                          
           ___if_lbl00042   0x00512e    program     static                          
           ___if_lbl00044   0x00512e    program     static                          
           ___if_lbl00046   0x00512e    program     static                          
           ___if_lbl00048   0x00512e    program     static                          
           ___if_lbl00053   0x0051c6    program     static                          
           ___if_lbl00054   0x0051c6    program     static                          
           ___if_lbl00057   0x0051de    program     static                          
           ___if_lbl00058   0x0051de    program     static                          
       ___return_lbl00000   0x000004    program     static                          
       ___return_lbl00000   0x0051de    program     static                          
       ___return_lbl00000   0x001004    program     static                          
       ___return_lbl00000   0x007c3a    program     static                          
       ___return_lbl00000   0x007ba6    program     static                          
       ___return_lbl00001   0x007cac    program     static                          
       ___return_lbl00001   0x00100c    program     static                          
       ___return_lbl00002   0x00101c    program     static                          
       ___return_lbl00002   0x00785a    program     static                          
       ___return_lbl00059   0x005352    program     static                          
       ___return_lbl00347   0x003236    program     static                          
       ___return_lbl00353   0x00324e    program     static                          
        ___while_lbl00350   0x003224    program     static                          
        ___while_lbl00351   0x003232    program     static                          
                   __init   0x007cdc    program     extern C:\MCC18\v3_39\src\traditional\stdclib\__init.c
                   __pa_0   0x0068be    program     static C:\MCC18\v3_39\src\traditional\stdclib\vfprintf.c
                   __pa_1   0x0068c6    program     static C:\MCC18\v3_39\src\traditional\stdclib\vfprintf.c
                  __pa_10   0x00697a    program     static C:\MCC18\v3_39\src\traditional\stdclib\vfprintf.c
                  __pa_11   0x006988    program     static C:\MCC18\v3_39\src\traditional\stdclib\vfprintf.c
                  __pa_12   0x00699e    program     static C:\MCC18\v3_39\src\traditional\stdclib\vfprintf.c
                  __pa_13   0x0069b8    program     static C:\MCC18\v3_39\src\traditional\stdclib\vfprintf.c
                  __pa_14   0x0069d0    program     static C:\MCC18\v3_39\src\traditional\stdclib\vfprintf.c
                  __pa_15   0x0069e0    program     static C:\MCC18\v3_39\src\traditional\stdclib\vfprintf.c
                  __pa_16   0x0069f6    program     static C:\MCC18\v3_39\src\traditional\stdclib\vfprintf.c
                  __pa_17   0x006a08    program     static C:\MCC18\v3_39\src\traditional\stdclib\vfprintf.c
                  __pa_18   0x006a1a    program     static C:\MCC18\v3_39\src\traditional\stdclib\vfprintf.c
                  __pa_19   0x006a24    program     static C:\MCC18\v3_39\src\traditional\stdclib\vfprintf.c
                   __pa_2   0x0068d0    program     static C:\MCC18\v3_39\src\traditional\stdclib\vfprintf.c
                  __pa_20   0x006a34    program     static C:\MCC18\v3_39\src\traditional\stdclib\vfprintf.c
                  __pa_21   0x006a44    program     static C:\MCC18\v3_39\src\traditional\stdclib\vfprintf.c
                  __pa_22   0x006a54    program     static C:\MCC18\v3_39\src\traditional\stdclib\vfprintf.c
                  __pa_23   0x006a60    program     static C:\MCC18\v3_39\src\traditional\stdclib\vfprintf.c
                  __pa_24   0x006a6e    program     static C:\MCC18\v3_39\src\traditional\stdclib\vfprintf.c
                  __pa_25   0x006a76    program     static C:\MCC18\v3_39\src\traditional\stdclib\vfprintf.c
                  __pa_26   0x006a80    program     static C:\MCC18\v3_39\src\traditional\stdclib\vfprintf.c
                  __pa_27   0x006a8a    program     static C:\MCC18\v3_39\src\traditional\stdclib\vfprintf.c
                  __pa_28   0x006a92    program     static C:\MCC18\v3_39\src\traditional\stdclib\vfprintf.c
                  __pa_29   0x006aa0    program     static C:\MCC18\v3_39\src\traditional\stdclib\vfprintf.c
                   __pa_3   0x0068da    program     static C:\MCC18\v3_39\src\traditional\stdclib\vfprintf.c
                  __pa_30   0x006abc    program     static C:\MCC18\v3_39\src\traditional\stdclib\vfprintf.c
                  __pa_31   0x006ad6    program     static C:\MCC18\v3_39\src\traditional\stdclib\vfprintf.c
                  __pa_32   0x006af0    program     static C:\MCC18\v3_39\src\traditional\stdclib\vfprintf.c
                  __pa_33   0x006b08    program     static C:\MCC18\v3_39\src\traditional\stdclib\vfprintf.c
                  __pa_34   0x006b12    program     static C:\MCC18\v3_39\src\traditional\stdclib\vfprintf.c
                  __pa_35   0x006b20    program     static C:\MCC18\v3_39\src\traditional\stdclib\vfprintf.c
                  __pa_36   0x006b28    program     static C:\MCC18\v3_39\src\traditional\stdclib\vfprintf.c
                  __pa_37   0x006b32    program     static C:\MCC18\v3_39\src\traditional\stdclib\vfprintf.c
                  __pa_38   0x006b42    program     static C:\MCC18\v3_39\src\traditional\stdclib\vfprintf.c
                  __pa_39   0x006b50    program     static C:\MCC18\v3_39\src\traditional\stdclib\vfprintf.c
                   __pa_4   0x0068f2    program     static C:\MCC18\v3_39\src\traditional\stdclib\vfprintf.c
                  __pa_40   0x006b5c    program     static C:\MCC18\v3_39\src\traditional\stdclib\vfprintf.c
                  __pa_41   0x006b68    program     static C:\MCC18\v3_39\src\traditional\stdclib\vfprintf.c
                  __pa_42   0x006b70    program     static C:\MCC18\v3_39\src\traditional\stdclib\vfprintf.c
                  __pa_43   0x006b7a    program     static C:\MCC18\v3_39\src\traditional\stdclib\vfprintf.c
                  __pa_44   0x006b80    program     static C:\MCC18\v3_39\src\traditional\stdclib\vfprintf.c
                  __pa_45   0x006b8a    program     static C:\MCC18\v3_39\src\traditional\stdclib\vfprintf.c
                  __pa_46   0x006b96    program     static C:\MCC18\v3_39\src\traditional\stdclib\vfprintf.c
                   __pa_5   0x006906    program     static C:\MCC18\v3_39\src\traditional\stdclib\vfprintf.c
                   __pa_6   0x006922    program     static C:\MCC18\v3_39\src\traditional\stdclib\vfprintf.c
                   __pa_7   0x00692c    program     static C:\MCC18\v3_39\src\traditional\stdclib\vfprintf.c
                   __pa_8   0x006938    program     static C:\MCC18\v3_39\src\traditional\stdclib\vfprintf.c
                   __pa_9   0x00695a    program     static C:\MCC18\v3_39\src\traditional\stdclib\vfprintf.c
               __string_0   0x00748e    program     static D:\Projects\eggbotcode\EBF\ebb.c
               __string_1   0x007485    program     static D:\Projects\eggbotcode\EBF\ebb.c
              __string_10   0x0075e5    program     static D:\Projects\eggbotcode\EBF\UBW.c
              __string_11   0x0075c4    program     static D:\Projects\eggbotcode\EBF\UBW.c
              __string_12   0x0075ab    program     static D:\Projects\eggbotcode\EBF\UBW.c
              __string_13   0x007588    program     static D:\Projects\eggbotcode\EBF\UBW.c
              __string_14   0x007560    program     static D:\Projects\eggbotcode\EBF\UBW.c
              __string_15   0x007543    program     static D:\Projects\eggbotcode\EBF\UBW.c
              __string_16   0x007541    program     static D:\Projects\eggbotcode\EBF\UBW.c
              __string_17   0x00753b    program     static D:\Projects\eggbotcode\EBF\UBW.c
              __string_18   0x007531    program     static D:\Projects\eggbotcode\EBF\UBW.c
              __string_19   0x007528    program     static D:\Projects\eggbotcode\EBF\UBW.c
               __string_2   0x00747e    program     static D:\Projects\eggbotcode\EBF\ebb.c
              __string_20   0x00751c    program     static D:\Projects\eggbotcode\EBF\UBW.c
              __string_21   0x007510    program     static D:\Projects\eggbotcode\EBF\UBW.c
              __string_22   0x007504    program     static D:\Projects\eggbotcode\EBF\UBW.c
              __string_23   0x0074f8    program     static D:\Projects\eggbotcode\EBF\UBW.c
              __string_24   0x0074eb    program     static D:\Projects\eggbotcode\EBF\UBW.c
              __string_25   0x0074de    program     static D:\Projects\eggbotcode\EBF\UBW.c
              __string_26   0x0074d2    program     static D:\Projects\eggbotcode\EBF\UBW.c
              __string_27   0x0074c6    program     static D:\Projects\eggbotcode\EBF\UBW.c
              __string_28   0x00749f    program     static D:\Projects\eggbotcode\EBF\UBW.c
              __string_29   0x007493    program     static D:\Projects\eggbotcode\EBF\UBW.c
               __string_3   0x007478    program     static D:\Projects\eggbotcode\EBF\ebb.c
               __string_3   0x007667    program     static D:\Projects\eggbotcode\EBF\UBW.c
               __string_4   0x007664    program     static D:\Projects\eggbotcode\EBF\UBW.c
               __string_4   0x00746c    program     static D:\Projects\eggbotcode\EBF\ebb.c
               __string_5   0x007661    program     static D:\Projects\eggbotcode\EBF\UBW.c
               __string_5   0x00745e    program     static D:\Projects\eggbotcode\EBF\ebb.c
               __string_6   0x00765b    program     static D:\Projects\eggbotcode\EBF\UBW.c
               __string_7   0x00763c    program     static D:\Projects\eggbotcode\EBF\UBW.c
               __string_8   0x007620    program     static D:\Projects\eggbotcode\EBF\UBW.c
               __string_9   0x007604    program     static D:\Projects\eggbotcode\EBF\UBW.c
               __tmplbl_0   0x004f3c    program     static                          
               __tmplbl_1   0x004f34    program     static                          
               __tmplbl_2   0x004f2e    program     static                          
               __tmplbl_3   0x004f28    program     static                          
               __tmplbl_4   0x0051d8    program     static                          
              __tmplbl_42   0x006a54    program     static                          
              __tmplbl_43   0x00689c    program     static                          
              __tmplbl_44   0x006882    program     static                          
               __tmplbl_5   0x0051cc    program     static                          
               __tmplbl_6   0x0051d2    program     static                          
              __tmplbl_85   0x005fd4    program     static                          
            __zero_memory   0x007c72    program     extern C:\MCC18\v3_39\src\traditional\proc\p18F46J50.asm
                _do_cinit   0x0077be    program     extern C:\MCC18\v3_39\src\traditional\startup\c018i.c
                   _entry   0x000000    program     extern C:\MCC18\v3_39\src\traditional\startup\c018i.c
                   _false   0x007c36    program     static                          
                   _reset   0x001000    program     extern D:\Projects\eggbotcode\EBF\main.c
                 _startup   0x007c92    program     extern C:\MCC18\v3_39\src\traditional\startup\c018i.c
              _usart_putc   0x007cae    program     extern C:\MCC18\v3_39\src\pmc_common\USART\_usartpc.asm
               _user_putc   0x001e18    program     extern D:\Projects\eggbotcode\EBF\UBW.c
   check_and_send_TX_data   0x001e82    program     extern D:\Projects\eggbotcode\EBF\UBW.c
                compare_l   0x007c88    program     static C:\MCC18\v3_39\src\traditional\proc\p18F46J50.asm
        configDescriptor1   0x007a36    program     extern D:\Projects\eggbotcode\EBF\usb_descriptors.c
                copy_loop   0x007830    program     static                          
            copy_one_byte   0x007836    program     static                          
               device_dsc   0x007a24    program     extern D:\Projects\eggbotcode\EBF\usb_descriptors.c
                     done   0x00785a    program     static                          
             done_copying   0x007844    program     static                          
            extract_digit   0x003928    program     extern D:\Projects\eggbotcode\EBF\UBW.c
           extract_number   0x0034c4    program     extern D:\Projects\eggbotcode\EBF\UBW.c
             getsUSBUSART   0x006d2c    program     extern D:\Projects\eggbotcode\EBF\Microchip\USB\CDC Device Driver\usb_function_cdc.c
                 high_ISR   0x004ed2    program     extern D:\Projects\eggbotcode\EBF\ebb.c
                  isdigit   0x007bd0    program     extern C:\MCC18\v3_39\src\traditional\stdclib\isdigit.asm
                     jEnd   0x00788e    program     static C:\MCC18\v3_39\src\traditional\stdclib\memset.asm
                     jEnd   0x0078aa    program     static C:\MCC18\v3_39\src\traditional\stdclib\strlen.asm
                     jEnd   0x0078e2    program     static C:\MCC18\v3_39\src\traditional\stdclib\slenpgm.asm
                    jLoop   0x007870    program     static C:\MCC18\v3_39\src\traditional\stdclib\memset.asm
                    jLoop   0x0078a0    program     static C:\MCC18\v3_39\src\traditional\stdclib\strlen.asm
                    jLoop   0x0078ca    program     static C:\MCC18\v3_39\src\traditional\stdclib\slenpgm.asm
                   jMatch   0x007bf0    program     static C:\MCC18\v3_39\src\traditional\stdclib\isdigit.asm
                 jNoMatch   0x007bce    program     static C:\MCC18\v3_39\src\traditional\stdclib\toupper.asm
                 jNoMatch   0x007bf2    program     static C:\MCC18\v3_39\src\traditional\stdclib\isdigit.asm
                     loop   0x007cbe    program     static C:\MCC18\v3_39\src\pmc_common\USART\_usartpc.asm
                     loop   0x007c02    program     static                          
                     loop   0x007ca2    program     static                          
                   loop_h   0x007c80    program     static C:\MCC18\v3_39\src\traditional\proc\p18F46J50.asm
                   loop_l   0x007c8a    program     static C:\MCC18\v3_39\src\traditional\proc\p18F46J50.asm
                  low_ISR   0x001044    program     extern D:\Projects\eggbotcode\EBF\UBW.c
                     main   0x007674    program     extern D:\Projects\eggbotcode\EBF\main.c
                   memset   0x00785c    program     extern C:\MCC18\v3_39\src\traditional\stdclib\memset.asm
           parse_A_packet   0x00287c    program     extern D:\Projects\eggbotcode\EBF\UBW.c
          parse_BC_packet   0x003080    program     extern D:\Projects\eggbotcode\EBF\UBW.c
          parse_BL_packet   0x003240    program     extern D:\Projects\eggbotcode\EBF\UBW.c
          parse_BO_packet   0x003084    program     extern D:\Projects\eggbotcode\EBF\UBW.c
          parse_BS_packet   0x003088    program     extern D:\Projects\eggbotcode\EBF\UBW.c
          parse_CI_packet   0x0030a0    program     extern D:\Projects\eggbotcode\EBF\UBW.c
          parse_CK_packet   0x003250    program     extern D:\Projects\eggbotcode\EBF\UBW.c
          parse_CS_packet   0x003094    program     extern D:\Projects\eggbotcode\EBF\UBW.c
          parse_CU_packet   0x002468    program     extern D:\Projects\eggbotcode\EBF\UBW.c
          parse_CX_packet   0x002f1c    program     extern D:\Projects\eggbotcode\EBF\UBW.c
           parse_C_packet   0x00258e    program     extern D:\Projects\eggbotcode\EBF\UBW.c
          parse_EM_packet   0x005b3a    program     extern D:\Projects\eggbotcode\EBF\ebb.c
           parse_I_packet   0x00281c    program     extern D:\Projects\eggbotcode\EBF\UBW.c
          parse_MR_packet   0x0029b2    program     extern D:\Projects\eggbotcode\EBF\UBW.c
          parse_MW_packet   0x002936    program     extern D:\Projects\eggbotcode\EBF\UBW.c
          parse_ND_packet   0x005c58    program     extern D:\Projects\eggbotcode\EBF\ebb.c
          parse_NI_packet   0x005c36    program     extern D:\Projects\eggbotcode\EBF\ebb.c
           parse_O_packet   0x00270a    program     extern D:\Projects\eggbotcode\EBF\UBW.c
          parse_PC_packet   0x0030a4    program     extern D:\Projects\eggbotcode\EBF\UBW.c
          parse_PD_packet   0x002a36    program     extern D:\Projects\eggbotcode\EBF\UBW.c
          parse_PG_packet   0x0031c6    program     extern D:\Projects\eggbotcode\EBF\UBW.c
          parse_PI_packet   0x002c02    program     extern D:\Projects\eggbotcode\EBF\UBW.c
          parse_PO_packet   0x002d4c    program     extern D:\Projects\eggbotcode\EBF\UBW.c
          parse_QB_packet   0x005d60    program     extern D:\Projects\eggbotcode\EBF\ebb.c
          parse_QC_packet   0x005d9a    program     extern D:\Projects\eggbotcode\EBF\ebb.c
          parse_QL_packet   0x005d2a    program     extern D:\Projects\eggbotcode\EBF\ebb.c
          parse_QM_packet   0x005f4c    program     extern D:\Projects\eggbotcode\EBF\ebb.c
          parse_QN_packet   0x005cd2    program     extern D:\Projects\eggbotcode\EBF\ebb.c
          parse_QP_packet   0x00595a    program     extern D:\Projects\eggbotcode\EBF\ebb.c
          parse_RC_packet   0x002f20    program     extern D:\Projects\eggbotcode\EBF\UBW.c
          parse_RI_packet   0x00309c    program     extern D:\Projects\eggbotcode\EBF\UBW.c
          parse_RM_packet   0x005f4a    program     extern D:\Projects\eggbotcode\EBF\ebb.c
          parse_RS_packet   0x003090    program     extern D:\Projects\eggbotcode\EBF\UBW.c
          parse_RX_packet   0x002f18    program     extern D:\Projects\eggbotcode\EBF\UBW.c
           parse_R_packet   0x002460    program     extern D:\Projects\eggbotcode\EBF\UBW.c
          parse_SC_packet   0x005354    program     extern D:\Projects\eggbotcode\EBF\ebb.c
          parse_SE_packet   0x005e64    program     extern D:\Projects\eggbotcode\EBF\ebb.c
          parse_SI_packet   0x003098    program     extern D:\Projects\eggbotcode\EBF\UBW.c
          parse_SL_packet   0x005d06    program     extern D:\Projects\eggbotcode\EBF\ebb.c
          parse_SM_packet   0x00561c    program     extern D:\Projects\eggbotcode\EBF\ebb.c
          parse_SN_packet   0x005c72    program     extern D:\Projects\eggbotcode\EBF\ebb.c
          parse_SP_packet   0x005a00    program     extern D:\Projects\eggbotcode\EBF\ebb.c
          parse_SS_packet   0x00308c    program     extern D:\Projects\eggbotcode\EBF\UBW.c
          parse_TP_packet   0x005990    program     extern D:\Projects\eggbotcode\EBF\ebb.c
          parse_TX_packet   0x002f14    program     extern D:\Projects\eggbotcode\EBF\UBW.c
           parse_T_packet   0x0024f8    program     extern D:\Projects\eggbotcode\EBF\UBW.c
           parse_V_packet   0x00285c    program     extern D:\Projects\eggbotcode\EBF\UBW.c
             parse_packet   0x001f18    program     extern D:\Projects\eggbotcode\EBF\UBW.c
                print_ack   0x00243a    program     extern D:\Projects\eggbotcode\EBF\UBW.c
             print_status   0x003a3c    program     extern D:\Projects\eggbotcode\EBF\UBW.c
                   printf   0x0078f6    program     extern C:\MCC18\v3_39\src\traditional\stdclib\printf.c
               process_SM   0x0056fe    program     static D:\Projects\eggbotcode\EBF\ebb.c
               process_SP   0x005aec    program     extern D:\Projects\eggbotcode\EBF\ebb.c
              putUSBUSART   0x006dec    program     extern D:\Projects\eggbotcode\EBF\Microchip\USB\CDC Device Driver\usb_function_cdc.c
                     putc   0x007ab4    program     extern C:\MCC18\v3_39\src\traditional\stdclib\putc.c
            putrsUSBUSART   0x006e9a    program     extern D:\Projects\eggbotcode\EBF\Microchip\USB\CDC Device Driver\usb_function_cdc.c
             putsUSBUSART   0x006e1a    program     extern D:\Projects\eggbotcode\EBF\Microchip\USB\CDC Device Driver\usb_function_cdc.c
                 s_digits   0x007cca    program     static C:\MCC18\v3_39\src\traditional\stdclib\vfprintf.c
            s_put_n_chars   0x005f7e    program     static C:\MCC18\v3_39\src\traditional\stdclib\vfprintf.c
                    sd000   0x007a79    program     extern D:\Projects\eggbotcode\EBF\usb_descriptors.c
                    sd001   0x007a7d    program     extern D:\Projects\eggbotcode\EBF\usb_descriptors.c
                    sd002   0x007a95    program     extern D:\Projects\eggbotcode\EBF\usb_descriptors.c
                  st_LFCR   0x007c41    program     extern D:\Projects\eggbotcode\EBF\UBW.c
                    st_OK   0x007c3c    program     extern D:\Projects\eggbotcode\EBF\UBW.c
               st_version   0x007c44    program     extern D:\Projects\eggbotcode\EBF\UBW.c
                   strlen   0x007890    program     extern C:\MCC18\v3_39\src\traditional\stdclib\strlen.asm
                strlenpgm   0x0078ac    program     extern C:\MCC18\v3_39\src\traditional\stdclib\slenpgm.asm
                     test   0x0077d8    program     static                          
                  toupper   0x007ba8    program     extern C:\MCC18\v3_39\src\traditional\stdclib\toupper.asm
                 vfprintf   0x005faa    program     extern C:\MCC18\v3_39\src\traditional\stdclib\vfprintf.c
               zero_block   0x007c80    program     static C:\MCC18\v3_39\src\traditional\proc\p18F46J50.asm
                   ADCON0   0x000fc2       data     extern C:\MCC18\v3_39\src\traditional\proc\p18F46J50.asm
               ADCON0bits   0x000fc2       data     extern C:\MCC18\v3_39\src\traditional\proc\p18F46J50.asm
                   ADCON1   0x000fc1       data     extern C:\MCC18\v3_39\src\traditional\proc\p18F46J50.asm
               ADCON1bits   0x000fc1       data     extern C:\MCC18\v3_39\src\traditional\proc\p18F46J50.asm
                    ADRES   0x000fc3       data     extern C:\MCC18\v3_39\src\traditional\proc\p18F46J50.asm
                   ADRESH   0x000fc4       data     extern C:\MCC18\v3_39\src\traditional\proc\p18F46J50.asm
                   ADRESL   0x000fc3       data     extern C:\MCC18\v3_39\src\traditional\proc\p18F46J50.asm
                  ALRMCFG   0x000f91       data     extern C:\MCC18\v3_39\src\traditional\proc\p18F46J50.asm
              ALRMCFGbits   0x000f91       data     extern C:\MCC18\v3_39\src\traditional\proc\p18F46J50.asm
                  ALRMRPT   0x000f90       data     extern C:\MCC18\v3_39\src\traditional\proc\p18F46J50.asm
              ALRMRPTbits   0x000f90       data     extern C:\MCC18\v3_39\src\traditional\proc\p18F46J50.asm
                 ALRMVALH   0x000f8f       data     extern C:\MCC18\v3_39\src\traditional\proc\p18F46J50.asm
                 ALRMVALL   0x000f8e       data     extern C:\MCC18\v3_39\src\traditional\proc\p18F46J50.asm
                   ANCON0   0x000f48       data     extern C:\MCC18\v3_39\src\traditional\proc\p18F46J50.asm
               ANCON0bits   0x000f48       data     extern C:\MCC18\v3_39\src\traditional\proc\p18F46J50.asm
                   ANCON1   0x000f49       data     extern C:\MCC18\v3_39\src\traditional\proc\p18F46J50.asm
               ANCON1bits   0x000f49       data     extern C:\MCC18\v3_39\src\traditional\proc\p18F46J50.asm
            A_cur_channel   0x000034       data     extern D:\Projects\eggbotcode\EBF\UBW.c
           A_tick_counter   0x000032       data     extern D:\Projects\eggbotcode\EBF\UBW.c
                  AllDone   0x00001b       data     static D:\Projects\eggbotcode\EBF\ebb.c
             AnalogEnable   0x00002b       data     extern D:\Projects\eggbotcode\EBF\UBW.c
                  BAUDCON   0x000f7e       data     extern C:\MCC18\v3_39\src\traditional\proc\p18F46J50.asm
                 BAUDCON1   0x000f7e       data     extern C:\MCC18\v3_39\src\traditional\proc\p18F46J50.asm
             BAUDCON1bits   0x000f7e       data     extern C:\MCC18\v3_39\src\traditional\proc\p18F46J50.asm
                 BAUDCON2   0x000f7c       data     extern C:\MCC18\v3_39\src\traditional\proc\p18F46J50.asm
             BAUDCON2bits   0x000f7c       data     extern C:\MCC18\v3_39\src\traditional\proc\p18F46J50.asm
              BAUDCONbits   0x000f7e       data     extern C:\MCC18\v3_39\src\traditional\proc\p18F46J50.asm
                  BAUDCTL   0x000f7e       data     extern C:\MCC18\v3_39\src\traditional\proc\p18F46J50.asm
              BAUDCTLbits   0x000f7e       data     extern C:\MCC18\v3_39\src\traditional\proc\p18F46J50.asm
                      BDT   0x000400       data     extern D:\Projects\eggbotcode\EBF\Microchip\USB\usb_device.c
                      BSR   0x000fe0       data     extern C:\MCC18\v3_39\src\traditional\proc\p18F46J50.asm
              BaudRateGen   0x00069c       data     extern D:\Projects\eggbotcode\EBF\Microchip\USB\CDC Device Driver\usb_function_cdc.c
       BothEP0OutUOWNsSet   0x0005d6       data     extern D:\Projects\eggbotcode\EBF\Microchip\USB\usb_device.c
             ButtonPushed   0x0006d1       data     static D:\Projects\eggbotcode\EBF\ebb.c
                  CCP1CON   0x000fba       data     extern C:\MCC18\v3_39\src\traditional\proc\p18F46J50.asm
              CCP1CONbits   0x000fba       data     extern C:\MCC18\v3_39\src\traditional\proc\p18F46J50.asm
                  CCP2CON   0x000fb4       data     extern C:\MCC18\v3_39\src\traditional\proc\p18F46J50.asm
              CCP2CONbits   0x000fb4       data     extern C:\MCC18\v3_39\src\traditional\proc\p18F46J50.asm
                    CCPR1   0x000fbb       data     extern C:\MCC18\v3_39\src\traditional\proc\p18F46J50.asm
                   CCPR1H   0x000fbc       data     extern C:\MCC18\v3_39\src\traditional\proc\p18F46J50.asm
                   CCPR1L   0x000fbb       data     extern C:\MCC18\v3_39\src\traditional\proc\p18F46J50.asm
                    CCPR2   0x000fb5       data     extern C:\MCC18\v3_39\src\traditional\proc\p18F46J50.asm
                   CCPR2H   0x000fb6       data     extern C:\MCC18\v3_39\src\traditional\proc\p18F46J50.asm
                   CCPR2L   0x000fb5       data     extern C:\MCC18\v3_39\src\traditional\proc\p18F46J50.asm
          CDCDataInHandle   0x000699       data     extern D:\Projects\eggbotcode\EBF\Microchip\USB\CDC Device Driver\usb_function_cdc.c
         CDCDataOutHandle   0x000697       data     extern D:\Projects\eggbotcode\EBF\Microchip\USB\CDC Device Driver\usb_function_cdc.c
                   CM1CON   0x000fd2       data     extern C:\MCC18\v3_39\src\traditional\proc\p18F46J50.asm
                  CM1CON1   0x000fd2       data     extern C:\MCC18\v3_39\src\traditional\proc\p18F46J50.asm
              CM1CON1bits   0x000fd2       data     extern C:\MCC18\v3_39\src\traditional\proc\p18F46J50.asm
               CM1CONbits   0x000fd2       data     extern C:\MCC18\v3_39\src\traditional\proc\p18F46J50.asm
                   CM2CON   0x000fd1       data     extern C:\MCC18\v3_39\src\traditional\proc\p18F46J50.asm
                  CM2CON1   0x000fd1       data     extern C:\MCC18\v3_39\src\traditional\proc\p18F46J50.asm
              CM2CON1bits   0x000fd1       data     extern C:\MCC18\v3_39\src\traditional\proc\p18F46J50.asm
               CM2CONbits   0x000fd1       data     extern C:\MCC18\v3_39\src\traditional\proc\p18F46J50.asm
                   CMSTAT   0x000f70       data     extern C:\MCC18\v3_39\src\traditional\proc\p18F46J50.asm
                 CMSTATUS   0x000f70       data     extern C:\MCC18\v3_39\src\traditional\proc\p18F46J50.asm
             CMSTATUSbits   0x000f70       data     extern C:\MCC18\v3_39\src\traditional\proc\p18F46J50.asm
               CMSTATbits   0x000f70       data     extern C:\MCC18\v3_39\src\traditional\proc\p18F46J50.asm
                 CTMUCONH   0x000fb3       data     extern C:\MCC18\v3_39\src\traditional\proc\p18F46J50.asm
             CTMUCONHbits   0x000fb3       data     extern C:\MCC18\v3_39\src\traditional\proc\p18F46J50.asm
                 CTMUCONL   0x000fb2       data     extern C:\MCC18\v3_39\src\traditional\proc\p18F46J50.asm
             CTMUCONLbits   0x000fb2       data     extern C:\MCC18\v3_39\src\traditional\proc\p18F46J50.asm
                 CTMUICON   0x000fb1       data     extern C:\MCC18\v3_39\src\traditional\proc\p18F46J50.asm
             CTMUICONbits   0x000fb1       data     extern C:\MCC18\v3_39\src\traditional\proc\p18F46J50.asm
                   CVRCON   0x000f53       data     extern C:\MCC18\v3_39\src\traditional\proc\p18F46J50.asm
               CVRCONbits   0x000f53       data     extern C:\MCC18\v3_39\src\traditional\proc\p18F46J50.asm
                  Command   0x00001e       data     static D:\Projects\eggbotcode\EBF\ebb.c
              CtrlTrfData   0x000438       data     extern D:\Projects\eggbotcode\EBF\Microchip\USB\usb_device.c
                   DMABCH   0x000f66       data     extern C:\MCC18\v3_39\src\traditional\proc\p18F46J50.asm
               DMABCHbits   0x000f66       data     extern C:\MCC18\v3_39\src\traditional\proc\p18F46J50.asm
                   DMABCL   0x000f67       data     extern C:\MCC18\v3_39\src\traditional\proc\p18F46J50.asm
                  DMACON1   0x000f88       data     extern C:\MCC18\v3_39\src\traditional\proc\p18F46J50.asm
              DMACON1bits   0x000f88       data     extern C:\MCC18\v3_39\src\traditional\proc\p18F46J50.asm
                  DMACON2   0x000f86       data     extern C:\MCC18\v3_39\src\traditional\proc\p18F46J50.asm
              DMACON2bits   0x000f86       data     extern C:\MCC18\v3_39\src\traditional\proc\p18F46J50.asm
                   DSCONH   0x000f4d       data     extern C:\MCC18\v3_39\src\traditional\proc\p18F46J50.asm
               DSCONHbits   0x000f4d       data     extern C:\MCC18\v3_39\src\traditional\proc\p18F46J50.asm
                   DSCONL   0x000f4c       data     extern C:\MCC18\v3_39\src\traditional\proc\p18F46J50.asm
               DSCONLbits   0x000f4c       data     extern C:\MCC18\v3_39\src\traditional\proc\p18F46J50.asm
                   DSGPR0   0x000f4e       data     extern C:\MCC18\v3_39\src\traditional\proc\p18F46J50.asm
                   DSGPR1   0x000f4f       data     extern C:\MCC18\v3_39\src\traditional\proc\p18F46J50.asm
                  DSWAKEH   0x000f4b       data     extern C:\MCC18\v3_39\src\traditional\proc\p18F46J50.asm
              DSWAKEHbits   0x000f4b       data     extern C:\MCC18\v3_39\src\traditional\proc\p18F46J50.asm
                  DSWAKEL   0x000f4a       data     extern C:\MCC18\v3_39\src\traditional\proc\p18F46J50.asm
              DSWAKELbits   0x000f4a       data     extern C:\MCC18\v3_39\src\traditional\proc\p18F46J50.asm
           D_tick_counter   0x000030       data     extern D:\Projects\eggbotcode\EBF\UBW.c
             DelayCounter   0x0006bc       data     static D:\Projects\eggbotcode\EBF\ebb.c
           DemoModeActive   0x0006be       data     extern D:\Projects\eggbotcode\EBF\ebb.c
                  DirBits   0x000018       data     static D:\Projects\eggbotcode\EBF\ebb.c
                  ECCP1AS   0x000fbe       data     extern C:\MCC18\v3_39\src\traditional\proc\p18F46J50.asm
              ECCP1ASbits   0x000fbe       data     extern C:\MCC18\v3_39\src\traditional\proc\p18F46J50.asm
                 ECCP1CON   0x000fba       data     extern C:\MCC18\v3_39\src\traditional\proc\p18F46J50.asm
             ECCP1CONbits   0x000fba       data     extern C:\MCC18\v3_39\src\traditional\proc\p18F46J50.asm
                 ECCP1DEL   0x000fbd       data     extern C:\MCC18\v3_39\src\traditional\proc\p18F46J50.asm
             ECCP1DELbits   0x000fbd       data     extern C:\MCC18\v3_39\src\traditional\proc\p18F46J50.asm
                  ECCP2AS   0x000fb8       data     extern C:\MCC18\v3_39\src\traditional\proc\p18F46J50.asm
              ECCP2ASbits   0x000fb8       data     extern C:\MCC18\v3_39\src\traditional\proc\p18F46J50.asm
                 ECCP2CON   0x000fb4       data     extern C:\MCC18\v3_39\src\traditional\proc\p18F46J50.asm
             ECCP2CONbits   0x000fb4       data     extern C:\MCC18\v3_39\src\traditional\proc\p18F46J50.asm
                 ECCP2DEL   0x000fb7       data     extern C:\MCC18\v3_39\src\traditional\proc\p18F46J50.asm
             ECCP2DELbits   0x000fb7       data     extern C:\MCC18\v3_39\src\traditional\proc\p18F46J50.asm
                   EECON1   0x000fa6       data     extern C:\MCC18\v3_39\src\traditional\proc\p18F46J50.asm
               EECON1bits   0x000fa6       data     extern C:\MCC18\v3_39\src\traditional\proc\p18F46J50.asm
                   EECON2   0x000fa7       data     extern C:\MCC18\v3_39\src\traditional\proc\p18F46J50.asm
                     FSR0   0x000fe9       data     extern C:\MCC18\v3_39\src\traditional\proc\p18F46J50.asm
                    FSR0H   0x000fea       data     extern C:\MCC18\v3_39\src\traditional\proc\p18F46J50.asm
                    FSR0L   0x000fe9       data     extern C:\MCC18\v3_39\src\traditional\proc\p18F46J50.asm
                     FSR1   0x000fe1       data     extern C:\MCC18\v3_39\src\traditional\proc\p18F46J50.asm
                    FSR1H   0x000fe2       data     extern C:\MCC18\v3_39\src\traditional\proc\p18F46J50.asm
                    FSR1L   0x000fe1       data     extern C:\MCC18\v3_39\src\traditional\proc\p18F46J50.asm
                     FSR2   0x000fd9       data     extern C:\MCC18\v3_39\src\traditional\proc\p18F46J50.asm
                    FSR2H   0x000fda       data     extern C:\MCC18\v3_39\src\traditional\proc\p18F46J50.asm
                    FSR2L   0x000fd9       data     extern C:\MCC18\v3_39\src\traditional\proc\p18F46J50.asm
                  HLVDCON   0x000f85       data     extern C:\MCC18\v3_39\src\traditional\proc\p18F46J50.asm
              HLVDCONbits   0x000f85       data     extern C:\MCC18\v3_39\src\traditional\proc\p18F46J50.asm
                    INDF0   0x000fef       data     extern C:\MCC18\v3_39\src\traditional\proc\p18F46J50.asm
                    INDF1   0x000fe7       data     extern C:\MCC18\v3_39\src\traditional\proc\p18F46J50.asm
                    INDF2   0x000fdf       data     extern C:\MCC18\v3_39\src\traditional\proc\p18F46J50.asm
                   INTCON   0x000ff2       data     extern C:\MCC18\v3_39\src\traditional\proc\p18F46J50.asm
                  INTCON2   0x000ff1       data     extern C:\MCC18\v3_39\src\traditional\proc\p18F46J50.asm
              INTCON2bits   0x000ff1       data     extern C:\MCC18\v3_39\src\traditional\proc\p18F46J50.asm
                  INTCON3   0x000ff0       data     extern C:\MCC18\v3_39\src\traditional\proc\p18F46J50.asm
              INTCON3bits   0x000ff0       data     extern C:\MCC18\v3_39\src\traditional\proc\p18F46J50.asm
               INTCONbits   0x000ff2       data     extern C:\MCC18\v3_39\src\traditional\proc\p18F46J50.asm
                     IPR1   0x000f9f       data     extern C:\MCC18\v3_39\src\traditional\proc\p18F46J50.asm
                 IPR1bits   0x000f9f       data     extern C:\MCC18\v3_39\src\traditional\proc\p18F46J50.asm
                     IPR2   0x000fa2       data     extern C:\MCC18\v3_39\src\traditional\proc\p18F46J50.asm
                 IPR2bits   0x000fa2       data     extern C:\MCC18\v3_39\src\traditional\proc\p18F46J50.asm
                     IPR3   0x000fa5       data     extern C:\MCC18\v3_39\src\traditional\proc\p18F46J50.asm
                 IPR3bits   0x000fa5       data     extern C:\MCC18\v3_39\src\traditional\proc\p18F46J50.asm
               ISR_A_FIFO   0x000100       data     extern D:\Projects\eggbotcode\EBF\UBW.c
            ISR_A_FIFO_in   0x000028       data     extern D:\Projects\eggbotcode\EBF\UBW.c
        ISR_A_FIFO_length   0x00002a       data     extern D:\Projects\eggbotcode\EBF\UBW.c
           ISR_A_FIFO_out   0x000029       data     extern D:\Projects\eggbotcode\EBF\UBW.c
         ISR_A_RepeatRate   0x000026       data     extern D:\Projects\eggbotcode\EBF\UBW.c
               ISR_D_FIFO   0x000148       data     extern D:\Projects\eggbotcode\EBF\UBW.c
            ISR_D_FIFO_in   0x000023       data     extern D:\Projects\eggbotcode\EBF\UBW.c
        ISR_D_FIFO_length   0x000025       data     extern D:\Projects\eggbotcode\EBF\UBW.c
           ISR_D_FIFO_out   0x000024       data     extern D:\Projects\eggbotcode\EBF\UBW.c
         ISR_D_RepeatRate   0x000021       data     extern D:\Projects\eggbotcode\EBF\UBW.c
                     LATA   0x000f89       data     extern C:\MCC18\v3_39\src\traditional\proc\p18F46J50.asm
                 LATAbits   0x000f89       data     extern C:\MCC18\v3_39\src\traditional\proc\p18F46J50.asm
                     LATB   0x000f8a       data     extern C:\MCC18\v3_39\src\traditional\proc\p18F46J50.asm
                 LATBbits   0x000f8a       data     extern C:\MCC18\v3_39\src\traditional\proc\p18F46J50.asm
                     LATC   0x000f8b       data     extern C:\MCC18\v3_39\src\traditional\proc\p18F46J50.asm
                 LATCbits   0x000f8b       data     extern C:\MCC18\v3_39\src\traditional\proc\p18F46J50.asm
                     LATD   0x000f8c       data     extern C:\MCC18\v3_39\src\traditional\proc\p18F46J50.asm
                 LATDbits   0x000f8c       data     extern C:\MCC18\v3_39\src\traditional\proc\p18F46J50.asm
                     LATE   0x000f8d       data     extern C:\MCC18\v3_39\src\traditional\proc\p18F46J50.asm
                 LATEbits   0x000f8d       data     extern C:\MCC18\v3_39\src\traditional\proc\p18F46J50.asm
                 LEDCount   0x000561       data     static D:\Projects\eggbotcode\EBF\UBW.c
                 LEDState   0x000563       data     static D:\Projects\eggbotcode\EBF\UBW.c
                    Layer   0x0006d0       data     static D:\Projects\eggbotcode\EBF\ebb.c
                NextReady   0x00001d       data     extern D:\Projects\eggbotcode\EBF\ebb.c
                NodeCount   0x0006cc       data     static D:\Projects\eggbotcode\EBF\ebb.c
                   ODCON1   0x000f42       data     extern C:\MCC18\v3_39\src\traditional\proc\p18F46J50.asm
               ODCON1bits   0x000f42       data     extern C:\MCC18\v3_39\src\traditional\proc\p18F46J50.asm
                   ODCON2   0x000f41       data     extern C:\MCC18\v3_39\src\traditional\proc\p18F46J50.asm
               ODCON2bits   0x000f41       data     extern C:\MCC18\v3_39\src\traditional\proc\p18F46J50.asm
                   ODCON3   0x000f40       data     extern C:\MCC18\v3_39\src\traditional\proc\p18F46J50.asm
               ODCON3bits   0x000f40       data     extern C:\MCC18\v3_39\src\traditional\proc\p18F46J50.asm
                   OSCCON   0x000fd3       data     extern C:\MCC18\v3_39\src\traditional\proc\p18F46J50.asm
               OSCCONbits   0x000fd3       data     extern C:\MCC18\v3_39\src\traditional\proc\p18F46J50.asm
                  OSCTUNE   0x000f9b       data     extern C:\MCC18\v3_39\src\traditional\proc\p18F46J50.asm
              OSCTUNEbits   0x000f9b       data     extern C:\MCC18\v3_39\src\traditional\proc\p18F46J50.asm
                  OutByte   0x000019       data     static D:\Projects\eggbotcode\EBF\ebb.c
                  PADCFG1   0x000f3c       data     extern C:\MCC18\v3_39\src\traditional\proc\p18F46J50.asm
              PADCFG1bits   0x000f3c       data     extern C:\MCC18\v3_39\src\traditional\proc\p18F46J50.asm
                       PC   0x000ff9       data     extern C:\MCC18\v3_39\src\traditional\proc\p18F46J50.asm
                      PCL   0x000ff9       data     extern C:\MCC18\v3_39\src\traditional\proc\p18F46J50.asm
                   PCLATH   0x000ffa       data     extern C:\MCC18\v3_39\src\traditional\proc\p18F46J50.asm
                   PCLATU   0x000ffb       data     extern C:\MCC18\v3_39\src\traditional\proc\p18F46J50.asm
                     PIE1   0x000f9d       data     extern C:\MCC18\v3_39\src\traditional\proc\p18F46J50.asm
                 PIE1bits   0x000f9d       data     extern C:\MCC18\v3_39\src\traditional\proc\p18F46J50.asm
                     PIE2   0x000fa0       data     extern C:\MCC18\v3_39\src\traditional\proc\p18F46J50.asm
                 PIE2bits   0x000fa0       data     extern C:\MCC18\v3_39\src\traditional\proc\p18F46J50.asm
                     PIE3   0x000fa3       data     extern C:\MCC18\v3_39\src\traditional\proc\p18F46J50.asm
                 PIE3bits   0x000fa3       data     extern C:\MCC18\v3_39\src\traditional\proc\p18F46J50.asm
                     PIR1   0x000f9e       data     extern C:\MCC18\v3_39\src\traditional\proc\p18F46J50.asm
                 PIR1bits   0x000f9e       data     extern C:\MCC18\v3_39\src\traditional\proc\p18F46J50.asm
                     PIR2   0x000fa1       data     extern C:\MCC18\v3_39\src\traditional\proc\p18F46J50.asm
                 PIR2bits   0x000fa1       data     extern C:\MCC18\v3_39\src\traditional\proc\p18F46J50.asm
                     PIR3   0x000fa4       data     extern C:\MCC18\v3_39\src\traditional\proc\p18F46J50.asm
                 PIR3bits   0x000fa4       data     extern C:\MCC18\v3_39\src\traditional\proc\p18F46J50.asm
                   PLUSW0   0x000feb       data     extern C:\MCC18\v3_39\src\traditional\proc\p18F46J50.asm
                   PLUSW1   0x000fe3       data     extern C:\MCC18\v3_39\src\traditional\proc\p18F46J50.asm
                   PLUSW2   0x000fdb       data     extern C:\MCC18\v3_39\src\traditional\proc\p18F46J50.asm
                  PMADDRH   0x000f6f       data     extern C:\MCC18\v3_39\src\traditional\proc\p18F46J50.asm
              PMADDRHbits   0x000f6f       data     extern C:\MCC18\v3_39\src\traditional\proc\p18F46J50.asm
                  PMADDRL   0x000f6e       data     extern C:\MCC18\v3_39\src\traditional\proc\p18F46J50.asm
                   PMCONH   0x000f5f       data     extern C:\MCC18\v3_39\src\traditional\proc\p18F46J50.asm
               PMCONHbits   0x000f5f       data     extern C:\MCC18\v3_39\src\traditional\proc\p18F46J50.asm
                   PMCONL   0x000f5e       data     extern C:\MCC18\v3_39\src\traditional\proc\p18F46J50.asm
               PMCONLbits   0x000f5e       data     extern C:\MCC18\v3_39\src\traditional\proc\p18F46J50.asm
                  PMDIN1H   0x000f6d       data     extern C:\MCC18\v3_39\src\traditional\proc\p18F46J50.asm
                  PMDIN1L   0x000f6c       data     extern C:\MCC18\v3_39\src\traditional\proc\p18F46J50.asm
                  PMDIN2H   0x000f59       data     extern C:\MCC18\v3_39\src\traditional\proc\p18F46J50.asm
                  PMDIN2L   0x000f58       data     extern C:\MCC18\v3_39\src\traditional\proc\p18F46J50.asm
                 PMDOUT1H   0x000f6f       data     extern C:\MCC18\v3_39\src\traditional\proc\p18F46J50.asm
                 PMDOUT1L   0x000f6e       data     extern C:\MCC18\v3_39\src\traditional\proc\p18F46J50.asm
                 PMDOUT2H   0x000f5b       data     extern C:\MCC18\v3_39\src\traditional\proc\p18F46J50.asm
                 PMDOUT2L   0x000f5a       data     extern C:\MCC18\v3_39\src\traditional\proc\p18F46J50.asm
                     PMEH   0x000f57       data     extern C:\MCC18\v3_39\src\traditional\proc\p18F46J50.asm
                 PMEHbits   0x000f57       data     extern C:\MCC18\v3_39\src\traditional\proc\p18F46J50.asm
                     PMEL   0x000f56       data     extern C:\MCC18\v3_39\src\traditional\proc\p18F46J50.asm
                 PMELbits   0x000f56       data     extern C:\MCC18\v3_39\src\traditional\proc\p18F46J50.asm
                  PMMODEH   0x000f5d       data     extern C:\MCC18\v3_39\src\traditional\proc\p18F46J50.asm
              PMMODEHbits   0x000f5d       data     extern C:\MCC18\v3_39\src\traditional\proc\p18F46J50.asm
                  PMMODEL   0x000f5c       data     extern C:\MCC18\v3_39\src\traditional\proc\p18F46J50.asm
              PMMODELbits   0x000f5c       data     extern C:\MCC18\v3_39\src\traditional\proc\p18F46J50.asm
                  PMSTATH   0x000f55       data     extern C:\MCC18\v3_39\src\traditional\proc\p18F46J50.asm
              PMSTATHbits   0x000f55       data     extern C:\MCC18\v3_39\src\traditional\proc\p18F46J50.asm
                  PMSTATL   0x000f54       data     extern C:\MCC18\v3_39\src\traditional\proc\p18F46J50.asm
              PMSTATLbits   0x000f54       data     extern C:\MCC18\v3_39\src\traditional\proc\p18F46J50.asm
                    PORTA   0x000f80       data     extern C:\MCC18\v3_39\src\traditional\proc\p18F46J50.asm
                PORTAbits   0x000f80       data     extern C:\MCC18\v3_39\src\traditional\proc\p18F46J50.asm
                    PORTB   0x000f81       data     extern C:\MCC18\v3_39\src\traditional\proc\p18F46J50.asm
                PORTBbits   0x000f81       data     extern C:\MCC18\v3_39\src\traditional\proc\p18F46J50.asm
                    PORTC   0x000f82       data     extern C:\MCC18\v3_39\src\traditional\proc\p18F46J50.asm
                PORTCbits   0x000f82       data     extern C:\MCC18\v3_39\src\traditional\proc\p18F46J50.asm
                    PORTD   0x000f83       data     extern C:\MCC18\v3_39\src\traditional\proc\p18F46J50.asm
                PORTDbits   0x000f83       data     extern C:\MCC18\v3_39\src\traditional\proc\p18F46J50.asm
                    PORTE   0x000f84       data     extern C:\MCC18\v3_39\src\traditional\proc\p18F46J50.asm
                PORTEbits   0x000f84       data     extern C:\MCC18\v3_39\src\traditional\proc\p18F46J50.asm
                 POSTDEC0   0x000fed       data     extern C:\MCC18\v3_39\src\traditional\proc\p18F46J50.asm
                 POSTDEC1   0x000fe5       data     extern C:\MCC18\v3_39\src\traditional\proc\p18F46J50.asm
                 POSTDEC2   0x000fdd       data     extern C:\MCC18\v3_39\src\traditional\proc\p18F46J50.asm
                 POSTINC0   0x000fee       data     extern C:\MCC18\v3_39\src\traditional\proc\p18F46J50.asm
                 POSTINC1   0x000fe6       data     extern C:\MCC18\v3_39\src\traditional\proc\p18F46J50.asm
                 POSTINC2   0x000fde       data     extern C:\MCC18\v3_39\src\traditional\proc\p18F46J50.asm
                   PPSCON   0x000eff       data     extern C:\MCC18\v3_39\src\traditional\proc\p18F46J50.asm
               PPSCONbits   0x000eff       data     extern C:\MCC18\v3_39\src\traditional\proc\p18F46J50.asm
                      PR2   0x000fcb       data     extern C:\MCC18\v3_39\src\traditional\proc\p18F46J50.asm
                      PR4   0x000f77       data     extern C:\MCC18\v3_39\src\traditional\proc\p18F46J50.asm
                  PREINC0   0x000fec       data     extern C:\MCC18\v3_39\src\traditional\proc\p18F46J50.asm
                  PREINC1   0x000fe4       data     extern C:\MCC18\v3_39\src\traditional\proc\p18F46J50.asm
                  PREINC2   0x000fdc       data     extern C:\MCC18\v3_39\src\traditional\proc\p18F46J50.asm
                     PROD   0x000ff3       data     extern C:\MCC18\v3_39\src\traditional\proc\p18F46J50.asm
                    PRODH   0x000ff4       data     extern C:\MCC18\v3_39\src\traditional\proc\p18F46J50.asm
                    PRODL   0x000ff3       data     extern C:\MCC18\v3_39\src\traditional\proc\p18F46J50.asm
                 PSTR1CON   0x000fbf       data     extern C:\MCC18\v3_39\src\traditional\proc\p18F46J50.asm
             PSTR1CONbits   0x000fbf       data     extern C:\MCC18\v3_39\src\traditional\proc\p18F46J50.asm
                 PSTR2CON   0x000fb9       data     extern C:\MCC18\v3_39\src\traditional\proc\p18F46J50.asm
             PSTR2CONbits   0x000fb9       data     extern C:\MCC18\v3_39\src\traditional\proc\p18F46J50.asm
                  PWM1CON   0x000fbd       data     extern C:\MCC18\v3_39\src\traditional\proc\p18F46J50.asm
              PWM1CONbits   0x000fbd       data     extern C:\MCC18\v3_39\src\traditional\proc\p18F46J50.asm
                  PWM2CON   0x000fb7       data     extern C:\MCC18\v3_39\src\traditional\proc\p18F46J50.asm
              PWM2CONbits   0x000fb7       data     extern C:\MCC18\v3_39\src\traditional\proc\p18F46J50.asm
                 PenState   0x0006cb       data     static D:\Projects\eggbotcode\EBF\ebb.c
              QC_ms_timer   0x0006d3       data     extern D:\Projects\eggbotcode\EBF\ebb.c
                     RCON   0x000fd0       data     extern C:\MCC18\v3_39\src\traditional\proc\p18F46J50.asm
                 RCONbits   0x000fd0       data     extern C:\MCC18\v3_39\src\traditional\proc\p18F46J50.asm
                    RCREG   0x000faf       data     extern C:\MCC18\v3_39\src\traditional\proc\p18F46J50.asm
                   RCREG1   0x000faf       data     extern C:\MCC18\v3_39\src\traditional\proc\p18F46J50.asm
                   RCREG2   0x000faa       data     extern C:\MCC18\v3_39\src\traditional\proc\p18F46J50.asm
                    RCSTA   0x000fac       data     extern C:\MCC18\v3_39\src\traditional\proc\p18F46J50.asm
                   RCSTA1   0x000fac       data     extern C:\MCC18\v3_39\src\traditional\proc\p18F46J50.asm
               RCSTA1bits   0x000fac       data     extern C:\MCC18\v3_39\src\traditional\proc\p18F46J50.asm
                   RCSTA2   0x000f9c       data     extern C:\MCC18\v3_39\src\traditional\proc\p18F46J50.asm
               RCSTA2bits   0x000f9c       data     extern C:\MCC18\v3_39\src\traditional\proc\p18F46J50.asm
                RCSTAbits   0x000fac       data     extern C:\MCC18\v3_39\src\traditional\proc\p18F46J50.asm
                  REFOCON   0x000f3d       data     extern C:\MCC18\v3_39\src\traditional\proc\p18F46J50.asm
              REFOCONbits   0x000f3d       data     extern C:\MCC18\v3_39\src\traditional\proc\p18F46J50.asm
                   RPINR1   0x000ee7       data     extern C:\MCC18\v3_39\src\traditional\proc\p18F46J50.asm
                  RPINR12   0x000ef2       data     extern C:\MCC18\v3_39\src\traditional\proc\p18F46J50.asm
                  RPINR13   0x000ef3       data     extern C:\MCC18\v3_39\src\traditional\proc\p18F46J50.asm
                  RPINR16   0x000ef6       data     extern C:\MCC18\v3_39\src\traditional\proc\p18F46J50.asm
                  RPINR17   0x000ef7       data     extern C:\MCC18\v3_39\src\traditional\proc\p18F46J50.asm
                   RPINR2   0x000ee8       data     extern C:\MCC18\v3_39\src\traditional\proc\p18F46J50.asm
                  RPINR21   0x000efb       data     extern C:\MCC18\v3_39\src\traditional\proc\p18F46J50.asm
                  RPINR22   0x000efc       data     extern C:\MCC18\v3_39\src\traditional\proc\p18F46J50.asm
                  RPINR23   0x000efd       data     extern C:\MCC18\v3_39\src\traditional\proc\p18F46J50.asm
                  RPINR24   0x000efe       data     extern C:\MCC18\v3_39\src\traditional\proc\p18F46J50.asm
                   RPINR3   0x000ee9       data     extern C:\MCC18\v3_39\src\traditional\proc\p18F46J50.asm
                   RPINR4   0x000eea       data     extern C:\MCC18\v3_39\src\traditional\proc\p18F46J50.asm
                   RPINR6   0x000eec       data     extern C:\MCC18\v3_39\src\traditional\proc\p18F46J50.asm
                   RPINR7   0x000eed       data     extern C:\MCC18\v3_39\src\traditional\proc\p18F46J50.asm
                   RPINR8   0x000eee       data     extern C:\MCC18\v3_39\src\traditional\proc\p18F46J50.asm
                    RPOR0   0x000ec6       data     extern C:\MCC18\v3_39\src\traditional\proc\p18F46J50.asm
                    RPOR1   0x000ec7       data     extern C:\MCC18\v3_39\src\traditional\proc\p18F46J50.asm
                   RPOR10   0x000ed0       data     extern C:\MCC18\v3_39\src\traditional\proc\p18F46J50.asm
                   RPOR11   0x000ed1       data     extern C:\MCC18\v3_39\src\traditional\proc\p18F46J50.asm
                   RPOR12   0x000ed2       data     extern C:\MCC18\v3_39\src\traditional\proc\p18F46J50.asm
                   RPOR13   0x000ed3       data     extern C:\MCC18\v3_39\src\traditional\proc\p18F46J50.asm
                   RPOR17   0x000ed7       data     extern C:\MCC18\v3_39\src\traditional\proc\p18F46J50.asm
                   RPOR18   0x000ed8       data     extern C:\MCC18\v3_39\src\traditional\proc\p18F46J50.asm
                   RPOR19   0x000ed9       data     extern C:\MCC18\v3_39\src\traditional\proc\p18F46J50.asm
                    RPOR2   0x000ec8       data     extern C:\MCC18\v3_39\src\traditional\proc\p18F46J50.asm
                   RPOR20   0x000eda       data     extern C:\MCC18\v3_39\src\traditional\proc\p18F46J50.asm
                   RPOR21   0x000edb       data     extern C:\MCC18\v3_39\src\traditional\proc\p18F46J50.asm
                   RPOR22   0x000edc       data     extern C:\MCC18\v3_39\src\traditional\proc\p18F46J50.asm
                   RPOR23   0x000edd       data     extern C:\MCC18\v3_39\src\traditional\proc\p18F46J50.asm
                   RPOR24   0x000ede       data     extern C:\MCC18\v3_39\src\traditional\proc\p18F46J50.asm
                    RPOR3   0x000ec9       data     extern C:\MCC18\v3_39\src\traditional\proc\p18F46J50.asm
                    RPOR4   0x000eca       data     extern C:\MCC18\v3_39\src\traditional\proc\p18F46J50.asm
                    RPOR5   0x000ecb       data     extern C:\MCC18\v3_39\src\traditional\proc\p18F46J50.asm
                    RPOR6   0x000ecc       data     extern C:\MCC18\v3_39\src\traditional\proc\p18F46J50.asm
                    RPOR7   0x000ecd       data     extern C:\MCC18\v3_39\src\traditional\proc\p18F46J50.asm
                    RPOR8   0x000ece       data     extern C:\MCC18\v3_39\src\traditional\proc\p18F46J50.asm
                    RPOR9   0x000ecf       data     extern C:\MCC18\v3_39\src\traditional\proc\p18F46J50.asm
               RPnTRISBit   0x000596       data     extern D:\Projects\eggbotcode\EBF\UBW.c
              RPnTRISPort   0x000564       data     extern D:\Projects\eggbotcode\EBF\UBW.c
                   RTCCAL   0x000f3e       data     extern C:\MCC18\v3_39\src\traditional\proc\p18F46J50.asm
               RTCCALbits   0x000f3e       data     extern C:\MCC18\v3_39\src\traditional\proc\p18F46J50.asm
                   RTCCFG   0x000f3f       data     extern C:\MCC18\v3_39\src\traditional\proc\p18F46J50.asm
               RTCCFGbits   0x000f3f       data     extern C:\MCC18\v3_39\src\traditional\proc\p18F46J50.asm
                  RTCVALH   0x000f99       data     extern C:\MCC18\v3_39\src\traditional\proc\p18F46J50.asm
                  RTCVALL   0x000f98       data     extern C:\MCC18\v3_39\src\traditional\proc\p18F46J50.asm
                  RXADDRH   0x000f68       data     extern C:\MCC18\v3_39\src\traditional\proc\p18F46J50.asm
              RXADDRHbits   0x000f68       data     extern C:\MCC18\v3_39\src\traditional\proc\p18F46J50.asm
                  RXADDRL   0x000f69       data     extern C:\MCC18\v3_39\src\traditional\proc\p18F46J50.asm
             RemoteWakeup   0x0005d2       data     extern D:\Projects\eggbotcode\EBF\Microchip\USB\usb_device.c
                     SIGN   0x000035       data     extern C:\MCC18\v3_39\src\traditional\math\cmath18.asm
                    SPBRG   0x000fb0       data     extern C:\MCC18\v3_39\src\traditional\proc\p18F46J50.asm
                   SPBRG1   0x000fb0       data     extern C:\MCC18\v3_39\src\traditional\proc\p18F46J50.asm
                   SPBRG2   0x000fab       data     extern C:\MCC18\v3_39\src\traditional\proc\p18F46J50.asm
                   SPBRGH   0x000f7f       data     extern C:\MCC18\v3_39\src\traditional\proc\p18F46J50.asm
                  SPBRGH1   0x000f7f       data     extern C:\MCC18\v3_39\src\traditional\proc\p18F46J50.asm
                  SPBRGH2   0x000f7d       data     extern C:\MCC18\v3_39\src\traditional\proc\p18F46J50.asm
                  SSP1ADD   0x000fc8       data     extern C:\MCC18\v3_39\src\traditional\proc\p18F46J50.asm
              SSP1ADDbits   0x000fc8       data     extern C:\MCC18\v3_39\src\traditional\proc\p18F46J50.asm
                  SSP1BUF   0x000fc9       data     extern C:\MCC18\v3_39\src\traditional\proc\p18F46J50.asm
                 SSP1CON1   0x000fc6       data     extern C:\MCC18\v3_39\src\traditional\proc\p18F46J50.asm
             SSP1CON1bits   0x000fc6       data     extern C:\MCC18\v3_39\src\traditional\proc\p18F46J50.asm
                 SSP1CON2   0x000fc5       data     extern C:\MCC18\v3_39\src\traditional\proc\p18F46J50.asm
             SSP1CON2bits   0x000fc5       data     extern C:\MCC18\v3_39\src\traditional\proc\p18F46J50.asm
                 SSP1STAT   0x000fc7       data     extern C:\MCC18\v3_39\src\traditional\proc\p18F46J50.asm
             SSP1STATbits   0x000fc7       data     extern C:\MCC18\v3_39\src\traditional\proc\p18F46J50.asm
                  SSP2ADD   0x000f74       data     extern C:\MCC18\v3_39\src\traditional\proc\p18F46J50.asm
              SSP2ADDbits   0x000f74       data     extern C:\MCC18\v3_39\src\traditional\proc\p18F46J50.asm
                  SSP2BUF   0x000f75       data     extern C:\MCC18\v3_39\src\traditional\proc\p18F46J50.asm
                 SSP2CON1   0x000f72       data     extern C:\MCC18\v3_39\src\traditional\proc\p18F46J50.asm
             SSP2CON1bits   0x000f72       data     extern C:\MCC18\v3_39\src\traditional\proc\p18F46J50.asm
                 SSP2CON2   0x000f71       data     extern C:\MCC18\v3_39\src\traditional\proc\p18F46J50.asm
             SSP2CON2bits   0x000f71       data     extern C:\MCC18\v3_39\src\traditional\proc\p18F46J50.asm
                 SSP2STAT   0x000f73       data     extern C:\MCC18\v3_39\src\traditional\proc\p18F46J50.asm
             SSP2STATbits   0x000f73       data     extern C:\MCC18\v3_39\src\traditional\proc\p18F46J50.asm
                   SSPADD   0x000fc8       data     extern C:\MCC18\v3_39\src\traditional\proc\p18F46J50.asm
               SSPADDbits   0x000fc8       data     extern C:\MCC18\v3_39\src\traditional\proc\p18F46J50.asm
                   SSPBUF   0x000fc9       data     extern C:\MCC18\v3_39\src\traditional\proc\p18F46J50.asm
                  SSPCON1   0x000fc6       data     extern C:\MCC18\v3_39\src\traditional\proc\p18F46J50.asm
              SSPCON1bits   0x000fc6       data     extern C:\MCC18\v3_39\src\traditional\proc\p18F46J50.asm
                  SSPCON2   0x000fc5       data     extern C:\MCC18\v3_39\src\traditional\proc\p18F46J50.asm
              SSPCON2bits   0x000fc5       data     extern C:\MCC18\v3_39\src\traditional\proc\p18F46J50.asm
                  SSPSTAT   0x000fc7       data     extern C:\MCC18\v3_39\src\traditional\proc\p18F46J50.asm
              SSPSTATbits   0x000fc7       data     extern C:\MCC18\v3_39\src\traditional\proc\p18F46J50.asm
                   STATUS   0x000fd8       data     extern C:\MCC18\v3_39\src\traditional\proc\p18F46J50.asm
               STATUSbits   0x000fd8       data     extern C:\MCC18\v3_39\src\traditional\proc\p18F46J50.asm
                   STKPTR   0x000ffc       data     extern C:\MCC18\v3_39\src\traditional\proc\p18F46J50.asm
               STKPTRbits   0x000ffc       data     extern C:\MCC18\v3_39\src\traditional\proc\p18F46J50.asm
                 SetupPkt   0x000430       data     extern D:\Projects\eggbotcode\EBF\Microchip\USB\usb_device.c
            SolenoidDelay   0x0006c3       data     static D:\Projects\eggbotcode\EBF\ebb.c
            SolenoidState   0x0006c2       data     static D:\Projects\eggbotcode\EBF\ebb.c
[...]
                   RCSTA2   0x000f9c       data     extern C:\MCC18\v3_39\src\traditional\proc\p18F46J50.asm
               RCSTA2bits   0x000f9c       data     extern C:\MCC18\v3_39\src\traditional\proc\p18F46J50.asm
                 PIE1bits   0x000f9d       data     extern C:\MCC18\v3_39\src\traditional\proc\p18F46J50.asm
                     PIE1   0x000f9d       data     extern C:\MCC18\v3_39\src\traditional\proc\p18F46J50.asm
                     PIR1   0x000f9e       data     extern C:\MCC18\v3_39\src\traditional\proc\p18F46J50.asm
                 PIR1bits   0x000f9e       data     extern C:\MCC18\v3_39\src\traditional\proc\p18F46J50.asm
                     IPR1   0x000f9f       data     extern C:\MCC18\v3_39\src\traditional\proc\p18F46J50.asm
                 IPR1bits   0x000f9f       data     extern C:\MCC18\v3_39\src\traditional\proc\p18F46J50.asm
                 PIE2bits   0x000fa0       data     extern C:\MCC18\v3_39\src\traditional\proc\p18F46J50.asm
                     PIE2   0x000fa0       data     extern C:\MCC18\v3_39\src\traditional\proc\p18F46J50.asm
                 PIR2bits   0x000fa1       data     extern C:\MCC18\v3_39\src\traditional\proc\p18F46J50.asm
                     PIR2   0x000fa1       data     extern C:\MCC18\v3_39\src\traditional\proc\p18F46J50.asm
                 IPR2bits   0x000fa2       data     extern C:\MCC18\v3_39\src\traditional\proc\p18F46J50.asm
                     IPR2   0x000fa2       data     extern C:\MCC18\v3_39\src\traditional\proc\p18F46J50.asm
                     PIE3   0x000fa3       data     extern C:\MCC18\v3_39\src\traditional\proc\p18F46J50.asm
                 PIE3bits   0x000fa3       data     extern C:\MCC18\v3_39\src\traditional\proc\p18F46J50.asm
                     PIR3   0x000fa4       data     extern C:\MCC18\v3_39\src\traditional\proc\p18F46J50.asm
                 PIR3bits   0x000fa4       data     extern C:\MCC18\v3_39\src\traditional\proc\p18F46J50.asm
                 IPR3bits   0x000fa5       data     extern C:\MCC18\v3_39\src\traditional\proc\p18F46J50.asm
                     IPR3   0x000fa5       data     extern C:\MCC18\v3_39\src\traditional\proc\p18F46J50.asm
               EECON1bits   0x000fa6       data     extern C:\MCC18\v3_39\src\traditional\proc\p18F46J50.asm
                   EECON1   0x000fa6       data     extern C:\MCC18\v3_39\src\traditional\proc\p18F46J50.asm
                   EECON2   0x000fa7       data     extern C:\MCC18\v3_39\src\traditional\proc\p18F46J50.asm
               TXSTA2bits   0x000fa8       data     extern C:\MCC18\v3_39\src\traditional\proc\p18F46J50.asm
                   TXSTA2   0x000fa8       data     extern C:\MCC18\v3_39\src\traditional\proc\p18F46J50.asm
                   TXREG2   0x000fa9       data     extern C:\MCC18\v3_39\src\traditional\proc\p18F46J50.asm
                   RCREG2   0x000faa       data     extern C:\MCC18\v3_39\src\traditional\proc\p18F46J50.asm
                   SPBRG2   0x000fab       data     extern C:\MCC18\v3_39\src\traditional\proc\p18F46J50.asm
                RCSTAbits   0x000fac       data     extern C:\MCC18\v3_39\src\traditional\proc\p18F46J50.asm
               RCSTA1bits   0x000fac       data     extern C:\MCC18\v3_39\src\traditional\proc\p18F46J50.asm
                   RCSTA1   0x000fac       data     extern C:\MCC18\v3_39\src\traditional\proc\p18F46J50.asm
                    RCSTA   0x000fac       data     extern C:\MCC18\v3_39\src\traditional\proc\p18F46J50.asm
                    TXSTA   0x000fad       data     extern C:\MCC18\v3_39\src\traditional\proc\p18F46J50.asm
                   TXSTA1   0x000fad       data     extern C:\MCC18\v3_39\src\traditional\proc\p18F46J50.asm
               TXSTA1bits   0x000fad       data     extern C:\MCC18\v3_39\src\traditional\proc\p18F46J50.asm
                TXSTAbits   0x000fad       data     extern C:\MCC18\v3_39\src\traditional\proc\p18F46J50.asm
                    TXREG   0x000fae       data     extern C:\MCC18\v3_39\src\traditional\proc\p18F46J50.asm
                   TXREG1   0x000fae       data     extern C:\MCC18\v3_39\src\traditional\proc\p18F46J50.asm
                    RCREG   0x000faf       data     extern C:\MCC18\v3_39\src\traditional\proc\p18F46J50.asm
                   RCREG1   0x000faf       data     extern C:\MCC18\v3_39\src\traditional\proc\p18F46J50.asm
                    SPBRG   0x000fb0       data     extern C:\MCC18\v3_39\src\traditional\proc\p18F46J50.asm
                   SPBRG1   0x000fb0       data     extern C:\MCC18\v3_39\src\traditional\proc\p18F46J50.asm
             CTMUICONbits   0x000fb1       data     extern C:\MCC18\v3_39\src\traditional\proc\p18F46J50.asm
                 CTMUICON   0x000fb1       data     extern C:\MCC18\v3_39\src\traditional\proc\p18F46J50.asm
                 CTMUCONL   0x000fb2       data     extern C:\MCC18\v3_39\src\traditional\proc\p18F46J50.asm
             CTMUCONLbits   0x000fb2       data     extern C:\MCC18\v3_39\src\traditional\proc\p18F46J50.asm
                 CTMUCONH   0x000fb3       data     extern C:\MCC18\v3_39\src\traditional\proc\p18F46J50.asm
             CTMUCONHbits   0x000fb3       data     extern C:\MCC18\v3_39\src\traditional\proc\p18F46J50.asm
              CCP2CONbits   0x000fb4       data     extern C:\MCC18\v3_39\src\traditional\proc\p18F46J50.asm
                  CCP2CON   0x000fb4       data     extern C:\MCC18\v3_39\src\traditional\proc\p18F46J50.asm
                 ECCP2CON   0x000fb4       data     extern C:\MCC18\v3_39\src\traditional\proc\p18F46J50.asm
             ECCP2CONbits   0x000fb4       data     extern C:\MCC18\v3_39\src\traditional\proc\p18F46J50.asm
                    CCPR2   0x000fb5       data     extern C:\MCC18\v3_39\src\traditional\proc\p18F46J50.asm
                   CCPR2L   0x000fb5       data     extern C:\MCC18\v3_39\src\traditional\proc\p18F46J50.asm
                   CCPR2H   0x000fb6       data     extern C:\MCC18\v3_39\src\traditional\proc\p18F46J50.asm
              PWM2CONbits   0x000fb7       data     extern C:\MCC18\v3_39\src\traditional\proc\p18F46J50.asm
                  PWM2CON   0x000fb7       data     extern C:\MCC18\v3_39\src\traditional\proc\p18F46J50.asm
                 ECCP2DEL   0x000fb7       data     extern C:\MCC18\v3_39\src\traditional\proc\p18F46J50.asm
             ECCP2DELbits   0x000fb7       data     extern C:\MCC18\v3_39\src\traditional\proc\p18F46J50.asm
                  ECCP2AS   0x000fb8       data     extern C:\MCC18\v3_39\src\traditional\proc\p18F46J50.asm
              ECCP2ASbits   0x000fb8       data     extern C:\MCC18\v3_39\src\traditional\proc\p18F46J50.asm
                 PSTR2CON   0x000fb9       data     extern C:\MCC18\v3_39\src\traditional\proc\p18F46J50.asm
             PSTR2CONbits   0x000fb9       data     extern C:\MCC18\v3_39\src\traditional\proc\p18F46J50.asm
                  CCP1CON   0x000fba       data     extern C:\MCC18\v3_39\src\traditional\proc\p18F46J50.asm
             ECCP1CONbits   0x000fba       data     extern C:\MCC18\v3_39\src\traditional\proc\p18F46J50.asm
              CCP1CONbits   0x000fba       data     extern C:\MCC18\v3_39\src\traditional\proc\p18F46J50.asm
                 ECCP1CON   0x000fba       data     extern C:\MCC18\v3_39\src\traditional\proc\p18F46J50.asm
                   CCPR1L   0x000fbb       data     extern C:\MCC18\v3_39\src\traditional\proc\p18F46J50.asm
                    CCPR1   0x000fbb       data     extern C:\MCC18\v3_39\src\traditional\proc\p18F46J50.asm
                   CCPR1H   0x000fbc       data     extern C:\MCC18\v3_39\src\traditional\proc\p18F46J50.asm
              PWM1CONbits   0x000fbd       data     extern C:\MCC18\v3_39\src\traditional\proc\p18F46J50.asm
                  PWM1CON   0x000fbd       data     extern C:\MCC18\v3_39\src\traditional\proc\p18F46J50.asm
             ECCP1DELbits   0x000fbd       data     extern C:\MCC18\v3_39\src\traditional\proc\p18F46J50.asm
                 ECCP1DEL   0x000fbd       data     extern C:\MCC18\v3_39\src\traditional\proc\p18F46J50.asm
                  ECCP1AS   0x000fbe       data     extern C:\MCC18\v3_39\src\traditional\proc\p18F46J50.asm
              ECCP1ASbits   0x000fbe       data     extern C:\MCC18\v3_39\src\traditional\proc\p18F46J50.asm
             PSTR1CONbits   0x000fbf       data     extern C:\MCC18\v3_39\src\traditional\proc\p18F46J50.asm
                 PSTR1CON   0x000fbf       data     extern C:\MCC18\v3_39\src\traditional\proc\p18F46J50.asm
                   WDTCON   0x000fc0       data     extern C:\MCC18\v3_39\src\traditional\proc\p18F46J50.asm
               WDTCONbits   0x000fc0       data     extern C:\MCC18\v3_39\src\traditional\proc\p18F46J50.asm
               ADCON1bits   0x000fc1       data     extern C:\MCC18\v3_39\src\traditional\proc\p18F46J50.asm
                   ADCON1   0x000fc1       data     extern C:\MCC18\v3_39\src\traditional\proc\p18F46J50.asm
                   ADCON0   0x000fc2       data     extern C:\MCC18\v3_39\src\traditional\proc\p18F46J50.asm
               ADCON0bits   0x000fc2       data     extern C:\MCC18\v3_39\src\traditional\proc\p18F46J50.asm
                    ADRES   0x000fc3       data     extern C:\MCC18\v3_39\src\traditional\proc\p18F46J50.asm
                   ADRESL   0x000fc3       data     extern C:\MCC18\v3_39\src\traditional\proc\p18F46J50.asm
                   ADRESH   0x000fc4       data     extern C:\MCC18\v3_39\src\traditional\proc\p18F46J50.asm
                 SSP1CON2   0x000fc5       data     extern C:\MCC18\v3_39\src\traditional\proc\p18F46J50.asm
             SSP1CON2bits   0x000fc5       data     extern C:\MCC18\v3_39\src\traditional\proc\p18F46J50.asm
                  SSPCON2   0x000fc5       data     extern C:\MCC18\v3_39\src\traditional\proc\p18F46J50.asm
              SSPCON2bits   0x000fc5       data     extern C:\MCC18\v3_39\src\traditional\proc\p18F46J50.asm
                  SSPCON1   0x000fc6       data     extern C:\MCC18\v3_39\src\traditional\proc\p18F46J50.asm
              SSPCON1bits   0x000fc6       data     extern C:\MCC18\v3_39\src\traditional\proc\p18F46J50.asm
             SSP1CON1bits   0x000fc6       data     extern C:\MCC18\v3_39\src\traditional\proc\p18F46J50.asm
                 SSP1CON1   0x000fc6       data     extern C:\MCC18\v3_39\src\traditional\proc\p18F46J50.asm
                  SSPSTAT   0x000fc7       data     extern C:\MCC18\v3_39\src\traditional\proc\p18F46J50.asm
              SSPSTATbits   0x000fc7       data     extern C:\MCC18\v3_39\src\traditional\proc\p18F46J50.asm
                 SSP1STAT   0x000fc7       data     extern C:\MCC18\v3_39\src\traditional\proc\p18F46J50.asm
             SSP1STATbits   0x000fc7       data     extern C:\MCC18\v3_39\src\traditional\proc\p18F46J50.asm
              SSP1ADDbits   0x000fc8       data     extern C:\MCC18\v3_39\src\traditional\proc\p18F46J50.asm
                   SSPADD   0x000fc8       data     extern C:\MCC18\v3_39\src\traditional\proc\p18F46J50.asm
                  SSP1ADD   0x000fc8       data     extern C:\MCC18\v3_39\src\traditional\proc\p18F46J50.asm
               SSPADDbits   0x000fc8       data     extern C:\MCC18\v3_39\src\traditional\proc\p18F46J50.asm
                  SSP1BUF   0x000fc9       data     extern C:\MCC18\v3_39\src\traditional\proc\p18F46J50.asm
                   SSPBUF   0x000fc9       data     extern C:\MCC18\v3_39\src\traditional\proc\p18F46J50.asm
                T2CONbits   0x000fca       data     extern C:\MCC18\v3_39\src\traditional\proc\p18F46J50.asm
                    T2CON   0x000fca       data     extern C:\MCC18\v3_39\src\traditional\proc\p18F46J50.asm
                      PR2   0x000fcb       data     extern C:\MCC18\v3_39\src\traditional\proc\p18F46J50.asm
                     TMR2   0x000fcc       data     extern C:\MCC18\v3_39\src\traditional\proc\p18F46J50.asm
                T1CONbits   0x000fcd       data     extern C:\MCC18\v3_39\src\traditional\proc\p18F46J50.asm
                    T1CON   0x000fcd       data     extern C:\MCC18\v3_39\src\traditional\proc\p18F46J50.asm
                    TMR1L   0x000fce       data     extern C:\MCC18\v3_39\src\traditional\proc\p18F46J50.asm
                    TMR1H   0x000fcf       data     extern C:\MCC18\v3_39\src\traditional\proc\p18F46J50.asm
                 RCONbits   0x000fd0       data     extern C:\MCC18\v3_39\src\traditional\proc\p18F46J50.asm
                     RCON   0x000fd0       data     extern C:\MCC18\v3_39\src\traditional\proc\p18F46J50.asm
               CM2CONbits   0x000fd1       data     extern C:\MCC18\v3_39\src\traditional\proc\p18F46J50.asm
              CM2CON1bits   0x000fd1       data     extern C:\MCC18\v3_39\src\traditional\proc\p18F46J50.asm
                  CM2CON1   0x000fd1       data     extern C:\MCC18\v3_39\src\traditional\proc\p18F46J50.asm
                   CM2CON   0x000fd1       data     extern C:\MCC18\v3_39\src\traditional\proc\p18F46J50.asm
               CM1CONbits   0x000fd2       data     extern C:\MCC18\v3_39\src\traditional\proc\p18F46J50.asm
              CM1CON1bits   0x000fd2       data     extern C:\MCC18\v3_39\src\traditional\proc\p18F46J50.asm
                  CM1CON1   0x000fd2       data     extern C:\MCC18\v3_39\src\traditional\proc\p18F46J50.asm
                   CM1CON   0x000fd2       data     extern C:\MCC18\v3_39\src\traditional\proc\p18F46J50.asm
                   OSCCON   0x000fd3       data     extern C:\MCC18\v3_39\src\traditional\proc\p18F46J50.asm
               OSCCONbits   0x000fd3       data     extern C:\MCC18\v3_39\src\traditional\proc\p18F46J50.asm
                    T0CON   0x000fd5       data     extern C:\MCC18\v3_39\src\traditional\proc\p18F46J50.asm
                T0CONbits   0x000fd5       data     extern C:\MCC18\v3_39\src\traditional\proc\p18F46J50.asm
                    TMR0L   0x000fd6       data     extern C:\MCC18\v3_39\src\traditional\proc\p18F46J50.asm
                    TMR0H   0x000fd7       data     extern C:\MCC18\v3_39\src\traditional\proc\p18F46J50.asm
               STATUSbits   0x000fd8       data     extern C:\MCC18\v3_39\src\traditional\proc\p18F46J50.asm
                   STATUS   0x000fd8       data     extern C:\MCC18\v3_39\src\traditional\proc\p18F46J50.asm
                    FSR2L   0x000fd9       data     extern C:\MCC18\v3_39\src\traditional\proc\p18F46J50.asm
                     FSR2   0x000fd9       data     extern C:\MCC18\v3_39\src\traditional\proc\p18F46J50.asm
                    FSR2H   0x000fda       data     extern C:\MCC18\v3_39\src\traditional\proc\p18F46J50.asm
                   PLUSW2   0x000fdb       data     extern C:\MCC18\v3_39\src\traditional\proc\p18F46J50.asm
                  PREINC2   0x000fdc       data     extern C:\MCC18\v3_39\src\traditional\proc\p18F46J50.asm
                 POSTDEC2   0x000fdd       data     extern C:\MCC18\v3_39\src\traditional\proc\p18F46J50.asm
                 POSTINC2   0x000fde       data     extern C:\MCC18\v3_39\src\traditional\proc\p18F46J50.asm
                    INDF2   0x000fdf       data     extern C:\MCC18\v3_39\src\traditional\proc\p18F46J50.asm
                      BSR   0x000fe0       data     extern C:\MCC18\v3_39\src\traditional\proc\p18F46J50.asm
                     FSR1   0x000fe1       data     extern C:\MCC18\v3_39\src\traditional\proc\p18F46J50.asm
                    FSR1L   0x000fe1       data     extern C:\MCC18\v3_39\src\traditional\proc\p18F46J50.asm
                    FSR1H   0x000fe2       data     extern C:\MCC18\v3_39\src\traditional\proc\p18F46J50.asm
                   PLUSW1   0x000fe3       data     extern C:\MCC18\v3_39\src\traditional\proc\p18F46J50.asm
                  PREINC1   0x000fe4       data     extern C:\MCC18\v3_39\src\traditional\proc\p18F46J50.asm
                 POSTDEC1   0x000fe5       data     extern C:\MCC18\v3_39\src\traditional\proc\p18F46J50.asm
                 POSTINC1   0x000fe6       data     extern C:\MCC18\v3_39\src\traditional\proc\p18F46J50.asm
                    INDF1   0x000fe7       data     extern C:\MCC18\v3_39\src\traditional\proc\p18F46J50.asm
                     WREG   0x000fe8       data     extern C:\MCC18\v3_39\src\traditional\proc\p18F46J50.asm
                    FSR0L   0x000fe9       data     extern C:\MCC18\v3_39\src\traditional\proc\p18F46J50.asm
                     FSR0   0x000fe9       data     extern C:\MCC18\v3_39\src\traditional\proc\p18F46J50.asm
                    FSR0H   0x000fea       data     extern C:\MCC18\v3_39\src\traditional\proc\p18F46J50.asm
                   PLUSW0   0x000feb       data     extern C:\MCC18\v3_39\src\traditional\proc\p18F46J50.asm
                  PREINC0   0x000fec       data     extern C:\MCC18\v3_39\src\traditional\proc\p18F46J50.asm
                 POSTDEC0   0x000fed       data     extern C:\MCC18\v3_39\src\traditional\proc\p18F46J50.asm
                 POSTINC0   0x000fee       data     extern C:\MCC18\v3_39\src\traditional\proc\p18F46J50.asm
                    INDF0   0x000fef       data     extern C:\MCC18\v3_39\src\traditional\proc\p18F46J50.asm
              INTCON3bits   0x000ff0       data     extern C:\MCC18\v3_39\src\traditional\proc\p18F46J50.asm
                  INTCON3   0x000ff0       data     extern C:\MCC18\v3_39\src\traditional\proc\p18F46J50.asm
              INTCON2bits   0x000ff1       data     extern C:\MCC18\v3_39\src\traditional\proc\p18F46J50.asm
                  INTCON2   0x000ff1       data     extern C:\MCC18\v3_39\src\traditional\proc\p18F46J50.asm
               INTCONbits   0x000ff2       data     extern C:\MCC18\v3_39\src\traditional\proc\p18F46J50.asm
                   INTCON   0x000ff2       data     extern C:\MCC18\v3_39\src\traditional\proc\p18F46J50.asm
                    PRODL   0x000ff3       data     extern C:\MCC18\v3_39\src\traditional\proc\p18F46J50.asm
                     PROD   0x000ff3       data     extern C:\MCC18\v3_39\src\traditional\proc\p18F46J50.asm
                    PRODH   0x000ff4       data     extern C:\MCC18\v3_39\src\traditional\proc\p18F46J50.asm
                   TABLAT   0x000ff5       data     extern C:\MCC18\v3_39\src\traditional\proc\p18F46J50.asm
                   TBLPTR   0x000ff6       data     extern C:\MCC18\v3_39\src\traditional\proc\p18F46J50.asm
                  TBLPTRL   0x000ff6       data     extern C:\MCC18\v3_39\src\traditional\proc\p18F46J50.asm
                  TBLPTRH   0x000ff7       data     extern C:\MCC18\v3_39\src\traditional\proc\p18F46J50.asm
                  TBLPTRU   0x000ff8       data     extern C:\MCC18\v3_39\src\traditional\proc\p18F46J50.asm
                       PC   0x000ff9       data     extern C:\MCC18\v3_39\src\traditional\proc\p18F46J50.asm
                      PCL   0x000ff9       data     extern C:\MCC18\v3_39\src\traditional\proc\p18F46J50.asm
                   PCLATH   0x000ffa       data     extern C:\MCC18\v3_39\src\traditional\proc\p18F46J50.asm
                   PCLATU   0x000ffb       data     extern C:\MCC18\v3_39\src\traditional\proc\p18F46J50.asm
                   STKPTR   0x000ffc       data     extern C:\MCC18\v3_39\src\traditional\proc\p18F46J50.asm
               STKPTRbits   0x000ffc       data     extern C:\MCC18\v3_39\src\traditional\proc\p18F46J50.asm
                      TOS   0x000ffd       data     extern C:\MCC18\v3_39\src\traditional\proc\p18F46J50.asm
                     TOSL   0x000ffd       data     extern C:\MCC18\v3_39\src\traditional\proc\p18F46J50.asm
                     TOSH   0x000ffe       data     extern C:\MCC18\v3_39\src\traditional\proc\p18F46J50.asm
                     TOSU   0x000fff       data     extern C:\MCC18\v3_39\src\traditional\proc\p18F46J50.asm


