MPLINK 4.44, Linker
Linker Map File - Created Mon Nov 12 19:35:24 2012

                                 Section Info
                  Section       Type    Address   Location Size(Bytes)
                ---------  ---------  ---------  ---------  ---------
               _entry_scn       code   0x000000    program   0x000006
                   .cinit    romdata   0x00002a    program   0x00001a
         .code_vfprintf.o       code   0x000044    program   0x000c22
             .stringtable    romdata   0x000c66    program   0x000215
          .idata_putc.o_i    romdata   0x000e7b    program   0x000000
      .idata_vfprintf.o_i    romdata   0x000e7b    program   0x000000
        .romdata_stdout.o    romdata   0x000e7b    program   0x000000
        .romdata_printf.o    romdata   0x000e7b    program   0x000000
        .romdata___init.o    romdata   0x000e7b    program   0x000000
       .romdata_fxm3232.o    romdata   0x000e7b    program   0x000000
      .idata_fxd3232u.o_i    romdata   0x000e7b    program   0x000000
          .idata_main.o_i    romdata   0x000e7b    program   0x000000
           .romdata_ebb.o    romdata   0x000e7b    program   0x000000
         .idata_c018i.o_i    romdata   0x000e7b    program   0x000000
    .idata_usb_device.o_i    romdata   0x000e7b    program   0x000000
      .idata_RCServo2.o_i    romdata   0x000e7b    program   0x000000
.romdata_usb_function_cdc.o    romdata   0x000e7b    program   0x000000
           .code_stdout.o       code   0x000e7c    program   0x000000
             .code_main.o       code   0x000e7c    program   0x00016a
      .romdata_vfprintf.o    romdata   0x000fe6    program   0x000011
        .idata_stdout.o_i    romdata   0x000ff7    program   0x000002
    REMAPPED_RESET_VECTOR       code   0x001000    program   0x000006
           .code___init.o       code   0x001006    program   0x000002
REMAPPED_HIGH_INTERRUPT_VECTOR       code   0x001008    program   0x000006
REMAPPED_LOW_INTERRUPT_VECTOR       code   0x001018    program   0x000006
              .code_UBW.o       code   0x00101e    program   0x002e3e
       .code_usb_device.o       code   0x003e5c    program   0x00143a
              .code_ebb.o       code   0x005296    program   0x00107a
 .code_usb_function_cdc.o       code   0x006310    program   0x000544
         .code_RCServo2.o       code   0x006854    program   0x0003dc
               _cinit_scn       code   0x006c30    program   0x00009e
                   STRING       code   0x006cce    program   0x00009a
           .code_printf.o       code   0x006d68    program   0x000098
                     PROG       code   0x006e00    program   0x000096
.romdata_usb_descriptors.o    romdata   0x006e96    program   0x00008f
      .romdata_RCServo2.o    romdata   0x006f25    program   0x000000
          .romdata_putc.o    romdata   0x006f25    program   0x000000
         .romdata_c018i.o    romdata   0x006f25    program   0x000000
           .idata_ebb.o_i    romdata   0x006f25    program   0x000000
          .romdata_main.o    romdata   0x006f25    program   0x000000
.idata_usb_descriptors.o_i    romdata   0x006f25    program   0x000000
        .idata_printf.o_i    romdata   0x006f25    program   0x000000
      .romdata_fxd3232u.o    romdata   0x006f25    program   0x000000
    .romdata_usb_device.o    romdata   0x006f25    program   0x000000
        .idata___init.o_i    romdata   0x006f25    program   0x000000
.idata_usb_function_cdc.o_i    romdata   0x006f25    program   0x000000
       .idata_fxm3232.o_i    romdata   0x006f25    program   0x000000
             .code_putc.o       code   0x006f26    program   0x000084
            .code_c018i.o       code   0x006f26    program   0x000000
  .code_usb_descriptors.o       code   0x006f26    program   0x000000
          .code_fxm3232.o       code   0x006faa    program   0x000070
                    CTYPE       code   0x00701a    program   0x00004c
         .code_fxd3232u.o       code   0x007066    program   0x000048
           .romdata_UBW.o    romdata   0x0070ae    program   0x000036
                    .code       code   0x0070e4    program   0x000020
             _startup_scn       code   0x007104    program   0x00001c
                    STDIO       code   0x007120    program   0x00001c
           .idata_UBW.o_i    romdata   0x00713c    program   0x0000e1
      .config_fff8_main.o    romdata   0x00fff8    program   0x000001
                fast_vars      udata   0x000000       data   0x000031
                MATH_DATA      udata   0x000031       data   0x000014
                 .tmpdata      udata   0x000045       data   0x000009
              low_ISR_tmp      udata   0x00004e       data   0x000006
                  ISR_buf      udata   0x000100       data   0x000099
             .udata_ebb.o      udata   0x000199       data   0x00005d
           .udata_c018i.o      udata   0x0001f6       data   0x00000a
               com_tx_buf      udata   0x000200       data   0x000080
               com_rx_buf      udata   0x000300       data   0x000100
                  USB_BDT      udata   0x000400       data   0x000078
             .idata_UBW.o      idata   0x000500       data   0x0000e1
.udata_usb_function_cdc.o      udata   0x000600       data   0x0000a8
      .udata_usb_device.o      udata   0x0006a8       data   0x000034
             .udata_UBW.o      udata   0x0006dc       data   0x000023
        .idata_fxd3232u.o      idata   0x0006ff       data   0x000000
         .udata_fxm3232.o      udata   0x0006ff       data   0x000000
         .idata_fxm3232.o      idata   0x0006ff       data   0x000000
        .udata_fxd3232u.o      udata   0x0006ff       data   0x000000
          .udata___init.o      udata   0x0006ff       data   0x000000
          .idata___init.o      idata   0x0006ff       data   0x000000
          .udata_printf.o      udata   0x0006ff       data   0x000000
          .idata_printf.o      idata   0x0006ff       data   0x000000
          .udata_stdout.o      udata   0x0006ff       data   0x000000
        .udata_vfprintf.o      udata   0x0006ff       data   0x000000
        .idata_vfprintf.o      idata   0x0006ff       data   0x000000
            .udata_putc.o      udata   0x0006ff       data   0x000000
 .idata_usb_descriptors.o      idata   0x0006ff       data   0x000000
 .udata_usb_descriptors.o      udata   0x0006ff       data   0x000000
            .idata_main.o      idata   0x0006ff       data   0x000000
            .idata_putc.o      idata   0x0006ff       data   0x000000
             .idata_ebb.o      idata   0x0006ff       data   0x000000
           .idata_c018i.o      idata   0x0006ff       data   0x000000
      .idata_usb_device.o      idata   0x0006ff       data   0x000000
        .idata_RCServo2.o      idata   0x0006ff       data   0x000000
.idata_usb_function_cdc.o      idata   0x0006ff       data   0x000000
                   .stack      udata   0x000d00       data   0x000100
        .udata_RCServo2.o      udata   0x000e00       data   0x0000b7
            .udata_main.o      udata   0x000eb7       data   0x000002
          .idata_stdout.o      idata   0x000eb9       data   0x000002
              SFR_BANKED0      udata   0x000ec6       data   0x00000e
              SFR_BANKED1      udata   0x000ed7       data   0x000008
              SFR_BANKED2      udata   0x000ee7       data   0x000004
              SFR_BANKED3      udata   0x000eec       data   0x000003
              SFR_BANKED4      udata   0x000ef2       data   0x000002
              SFR_BANKED5      udata   0x000ef6       data   0x000002
              SFR_BANKED6      udata   0x000efb       data   0x000005
              SFR_BANKED7      udata   0x000f26       data   0x000014
              SFR_BANKED8      udata   0x000f3c       data   0x000007
              SFR_BANKED9      udata   0x000f48       data   0x000008
             SFR_BANKED10      udata   0x000f52       data   0x00000e
            SFR_UNBANKED0      udata   0x000f60       data   0x0000a0



                              Program Memory Usage 
                               Start         End      
                           ---------   ---------      
                            0x000000    0x000005      
                            0x00002a    0x000e7a      
                            0x000e7c    0x000ff8      
                            0x001000    0x00100d      
                            0x001018    0x006f24      
                            0x006f26    0x00721c      
                            0x00fff8    0x00fff8      
            29159 out of 65538 program addresses used, program memory utilization is 44%



                              Symbols - Sorted by Name
                     Name    Address   Location    Storage File                     
                ---------  ---------  ---------  --------- ---------                
           BlinkUSBStatus   0x003b66    program     extern D:\Projects\eggbotcode\EBF.X\UBW.c
                CDCInitEP   0x0063cc    program     extern D:\Projects\eggbotcode\EBF.X\Microchip\USB\CDC Device Driver\usb_function_cdc.c
             CDCTxService   0x0066e2    program     extern D:\Projects\eggbotcode\EBF.X\Microchip\USB\CDC Device Driver\usb_function_cdc.c
                 EBB_Init   0x0055c6    program     extern D:\Projects\eggbotcode\EBF.X\ebb.c
                 FXD3232U   0x007066    program     extern D:\3.43\pic18-lt\cxx-framework\src\traditional\math\fxd3232u.c
                 FXM1616S   0x006e00    program     extern D:\3.43\pic18-lt\cxx-framework\src\traditional\math\fxm1616s.asm
                 FXM1616U   0x006e5a    program     extern D:\3.43\pic18-lt\cxx-framework\src\traditional\math\fxm1616u.asm
                  FXM3232   0x006faa    program     extern D:\3.43\pic18-lt\cxx-framework\src\traditional\math\fxm3232.c
         InitializeSystem   0x000e8a    program     static D:\Projects\eggbotcode\EBF.X\main.c
                LongDelay   0x0032a4    program     extern D:\Projects\eggbotcode\EBF.X\UBW.c
                ProcessIO   0x00196c    program     extern D:\Projects\eggbotcode\EBF.X\UBW.c
            RCServo2_Init   0x006854    program     extern D:\Projects\eggbotcode\EBF.X\RCServo2.c
            RCServo2_Move   0x006abe    program     extern D:\Projects\eggbotcode\EBF.X\RCServo2.c
      RCServo2_S2_command   0x0069ac    program     extern D:\Projects\eggbotcode\EBF.X\RCServo2.c
RCServo2_get_channel_from_RPn   0x00694c    program     extern D:\Projects\eggbotcode\EBF.X\RCServo2.c
        Remapped_High_ISR   0x001008    program     extern D:\Projects\eggbotcode\EBF.X\main.c
         Remapped_Low_ISR   0x001018    program     extern D:\Projects\eggbotcode\EBF.X\main.c
         SetPinLATFromRPn   0x003cb4    program     extern D:\Projects\eggbotcode\EBF.X\UBW.c
        SetPinTRISFromRPn   0x003d88    program     extern D:\Projects\eggbotcode\EBF.X\UBW.c
               TSIGN1616A   0x006e4c    program     static D:\3.43\pic18-lt\cxx-framework\src\traditional\math\fxm1616s.asm
       USBCBCheckOtherReq   0x000eea    program     extern D:\Projects\eggbotcode\EBF.X\main.c
        USBCBErrorHandler   0x000ee8    program     extern D:\Projects\eggbotcode\EBF.X\main.c
              USBCBInitEP   0x000ef2    program     extern D:\Projects\eggbotcode\EBF.X\main.c
          USBCBSendResume   0x000ef8    program     extern D:\Projects\eggbotcode\EBF.X\main.c
    USBCBStdSetDscHandler   0x000ef0    program     extern D:\Projects\eggbotcode\EBF.X\main.c
             USBCBSuspend   0x000ee2    program     extern D:\Projects\eggbotcode\EBF.X\main.c
     USBCBWakeFromSuspend   0x000ee4    program     extern D:\Projects\eggbotcode\EBF.X\main.c
        USBCB_SOF_Handler   0x000ee6    program     extern D:\Projects\eggbotcode\EBF.X\main.c
       USBCDCEventHandler   0x00643c    program     extern D:\Projects\eggbotcode\EBF.X\Microchip\USB\CDC Device Driver\usb_function_cdc.c
              USBCancelIO   0x0043c6    program     extern D:\Projects\eggbotcode\EBF.X\Microchip\USB\usb_device.c
       USBCheckCDCRequest   0x006310    program     extern D:\Projects\eggbotcode\EBF.X\Microchip\USB\CDC Device Driver\usb_function_cdc.c
       USBCheckStdRequest   0x004f04    program     static D:\Projects\eggbotcode\EBF.X\Microchip\USB\usb_device.c
     USBConfigureEndpoint   0x0045ac    program     static D:\Projects\eggbotcode\EBF.X\Microchip\USB\usb_device.c
  USBCtrlEPAllowDataStage   0x004526    program     extern D:\Projects\eggbotcode\EBF.X\Microchip\USB\usb_device.c
USBCtrlEPAllowStatusStage   0x004476    program     extern D:\Projects\eggbotcode\EBF.X\Microchip\USB\usb_device.c
         USBCtrlEPService   0x004c9c    program     static D:\Projects\eggbotcode\EBF.X\Microchip\USB\usb_device.c
 USBCtrlEPServiceComplete   0x004666    program     static D:\Projects\eggbotcode\EBF.X\Microchip\USB\usb_device.c
      USBCtrlTrfInHandler   0x004e40    program     static D:\Projects\eggbotcode\EBF.X\Microchip\USB\usb_device.c
     USBCtrlTrfOutHandler   0x004df0    program     static D:\Projects\eggbotcode\EBF.X\Microchip\USB\usb_device.c
      USBCtrlTrfRxService   0x00481e    program     static D:\Projects\eggbotcode\EBF.X\Microchip\USB\usb_device.c
   USBCtrlTrfSetupHandler   0x004d7a    program     static D:\Projects\eggbotcode\EBF.X\Microchip\USB\usb_device.c
      USBCtrlTrfTxService   0x00473c    program     static D:\Projects\eggbotcode\EBF.X\Microchip\USB\usb_device.c
            USBDeviceInit   0x003e5c    program     extern D:\Projects\eggbotcode\EBF.X\Microchip\USB\usb_device.c
           USBDeviceTasks   0x003f94    program     extern D:\Projects\eggbotcode\EBF.X\Microchip\USB\usb_device.c
        USBEnableEndpoint   0x004172    program     extern D:\Projects\eggbotcode\EBF.X\Microchip\USB\usb_device.c
         USBStallEndpoint   0x0042e6    program     extern D:\Projects\eggbotcode\EBF.X\Microchip\USB\usb_device.c
          USBStallHandler   0x004c06    program     static D:\Projects\eggbotcode\EBF.X\Microchip\USB\usb_device.c
  USBStdFeatureReqHandler   0x004fe4    program     static D:\Projects\eggbotcode\EBF.X\Microchip\USB\usb_device.c
      USBStdGetDscHandler   0x004a5a    program     static D:\Projects\eggbotcode\EBF.X\Microchip\USB\usb_device.c
   USBStdGetStatusHandler   0x004b26    program     static D:\Projects\eggbotcode\EBF.X\Microchip\USB\usb_device.c
      USBStdSetCfgHandler   0x00496e    program     static D:\Projects\eggbotcode\EBF.X\Microchip\USB\usb_device.c
               USBSuspend   0x004c3c    program     static D:\Projects\eggbotcode\EBF.X\Microchip\USB\usb_device.c
     USBTransferOnePacket   0x0041e0    program     extern D:\Projects\eggbotcode\EBF.X\Microchip\USB\usb_device.c
       USBWakeFromSuspend   0x004c6a    program     static D:\Projects\eggbotcode\EBF.X\Microchip\USB\usb_device.c
               USB_CD_Ptr   0x006f1d    program     extern D:\Projects\eggbotcode\EBF.X\usb_descriptors.c
               USB_SD_Ptr   0x006f1f    program     extern D:\Projects\eggbotcode\EBF.X\usb_descriptors.c
USER_USB_CALLBACK_EVENT_HANDLER   0x000f46    program     extern D:\Projects\eggbotcode\EBF.X\main.c
                 UserInit   0x0017d8    program     extern D:\Projects\eggbotcode\EBF.X\UBW.c
              _2jContinue   0x006cee    program     static D:\3.43\pic18-lt\cxx-framework\src\traditional\stdclib\memset.asm
                   _2jEnd   0x006d52    program     static D:\3.43\pic18-lt\cxx-framework\src\traditional\stdclib\slenpgm.asm
                   _3jEnd   0x006cf8    program     static D:\3.43\pic18-lt\cxx-framework\src\traditional\stdclib\memset.asm
         ___else_lbl00004   0x005300    program     static                          
         ___else_lbl00006   0x00530a    program     static                          
         ___else_lbl00008   0x005316    program     static                          
         ___else_lbl00010   0x005320    program     static                          
         ___else_lbl00012   0x00530e    program     static                          
         ___else_lbl00022   0x0053b6    program     static                          
         ___else_lbl00024   0x005400    program     static                          
         ___else_lbl00029   0x00548e    program     static                          
         ___else_lbl00034   0x00552e    program     static                          
         ___else_lbl00038   0x005406    program     static                          
         ___else_lbl00040   0x0052de    program     static                          
          ___for_lbl00048   0x005624    program     static                          
          ___for_lbl00049   0x005628    program     static                          
          ___for_lbl00050   0x0055d2    program     static                          
          ___for_lbl00332   0x0032c6    program     static                          
          ___for_lbl00333   0x0032ca    program     static                          
          ___for_lbl00336   0x0032b0    program     static                          
           ___if_lbl00001   0x0052d4    program     static                          
           ___if_lbl00003   0x005302    program     static                          
           ___if_lbl00005   0x00530c    program     static                          
           ___if_lbl00007   0x005318    program     static                          
           ___if_lbl00009   0x005322    program     static                          
           ___if_lbl00011   0x005322    program     static                          
           ___if_lbl00013   0x005360    program     static                          
           ___if_lbl00014   0x005362    program     static                          
           ___if_lbl00015   0x0053a0    program     static                          
           ___if_lbl00016   0x0053a2    program     static                          
           ___if_lbl00017   0x0053b0    program     static                          
           ___if_lbl00018   0x0053b4    program     static                          
           ___if_lbl00019   0x0053ba    program     static                          
           ___if_lbl00020   0x0053be    program     static                          
           ___if_lbl00021   0x0053be    program     static                          
           ___if_lbl00023   0x005404    program     static                          
           ___if_lbl00025   0x005404    program     static                          
           ___if_lbl00026   0x005404    program     static                          
           ___if_lbl00027   0x005504    program     static                          
           ___if_lbl00028   0x005504    program     static                          
           ___if_lbl00030   0x005504    program     static                          
           ___if_lbl00031   0x00552c    program     static                          
           ___if_lbl00032   0x005540    program     static                          
           ___if_lbl00033   0x005540    program     static                          
           ___if_lbl00035   0x005540    program     static                          
           ___if_lbl00036   0x005540    program     static                          
           ___if_lbl00037   0x005540    program     static                          
           ___if_lbl00039   0x005540    program     static                          
           ___if_lbl00041   0x005596    program     static                          
           ___if_lbl00042   0x005596    program     static                          
           ___if_lbl00045   0x0055ae    program     static                          
           ___if_lbl00046   0x0055ae    program     static                          
       ___return_lbl00000   0x007018    program     static                          
       ___return_lbl00000   0x000004    program     static                          
       ___return_lbl00000   0x001004    program     static                          
       ___return_lbl00000   0x0070ac    program     static                          
       ___return_lbl00000   0x0055ae    program     static                          
       ___return_lbl00001   0x00711e    program     static                          
       ___return_lbl00001   0x00100c    program     static                          
       ___return_lbl00002   0x00101c    program     static                          
       ___return_lbl00002   0x006ccc    program     static                          
       ___return_lbl00047   0x0056ea    program     static                          
       ___return_lbl00331   0x0032ca    program     static                          
       ___return_lbl00337   0x0032e2    program     static                          
        ___while_lbl00334   0x0032b8    program     static                          
        ___while_lbl00335   0x0032c6    program     static                          
               __config_0   0x00fff8    program     static D:\Projects\eggbotcode\EBF.X\main.c
                   __init   0x001006    program     extern D:\3.43\pic18-lt\cxx-framework\src\traditional\stdclib\__init.c
                   __pa_0   0x000984    program     static D:\3.43\pic18-lt\cxx-framework\src\traditional\stdclib\vfprintf.c
                   __pa_1   0x00098c    program     static D:\3.43\pic18-lt\cxx-framework\src\traditional\stdclib\vfprintf.c
                  __pa_10   0x000a40    program     static D:\3.43\pic18-lt\cxx-framework\src\traditional\stdclib\vfprintf.c
                  __pa_11   0x000a4e    program     static D:\3.43\pic18-lt\cxx-framework\src\traditional\stdclib\vfprintf.c
                  __pa_12   0x000a64    program     static D:\3.43\pic18-lt\cxx-framework\src\traditional\stdclib\vfprintf.c
                  __pa_13   0x000a7e    program     static D:\3.43\pic18-lt\cxx-framework\src\traditional\stdclib\vfprintf.c
                  __pa_14   0x000a96    program     static D:\3.43\pic18-lt\cxx-framework\src\traditional\stdclib\vfprintf.c
                  __pa_15   0x000aa6    program     static D:\3.43\pic18-lt\cxx-framework\src\traditional\stdclib\vfprintf.c
                  __pa_16   0x000abc    program     static D:\3.43\pic18-lt\cxx-framework\src\traditional\stdclib\vfprintf.c
                  __pa_17   0x000ace    program     static D:\3.43\pic18-lt\cxx-framework\src\traditional\stdclib\vfprintf.c
                  __pa_18   0x000ae0    program     static D:\3.43\pic18-lt\cxx-framework\src\traditional\stdclib\vfprintf.c
                  __pa_19   0x000aea    program     static D:\3.43\pic18-lt\cxx-framework\src\traditional\stdclib\vfprintf.c
                   __pa_2   0x000996    program     static D:\3.43\pic18-lt\cxx-framework\src\traditional\stdclib\vfprintf.c
                  __pa_20   0x000afa    program     static D:\3.43\pic18-lt\cxx-framework\src\traditional\stdclib\vfprintf.c
                  __pa_21   0x000b0a    program     static D:\3.43\pic18-lt\cxx-framework\src\traditional\stdclib\vfprintf.c
                  __pa_22   0x000b1a    program     static D:\3.43\pic18-lt\cxx-framework\src\traditional\stdclib\vfprintf.c
                  __pa_23   0x000b26    program     static D:\3.43\pic18-lt\cxx-framework\src\traditional\stdclib\vfprintf.c
                  __pa_24   0x000b34    program     static D:\3.43\pic18-lt\cxx-framework\src\traditional\stdclib\vfprintf.c
                  __pa_25   0x000b3c    program     static D:\3.43\pic18-lt\cxx-framework\src\traditional\stdclib\vfprintf.c
                  __pa_26   0x000b46    program     static D:\3.43\pic18-lt\cxx-framework\src\traditional\stdclib\vfprintf.c
                  __pa_27   0x000b50    program     static D:\3.43\pic18-lt\cxx-framework\src\traditional\stdclib\vfprintf.c
                  __pa_28   0x000b58    program     static D:\3.43\pic18-lt\cxx-framework\src\traditional\stdclib\vfprintf.c
                  __pa_29   0x000b66    program     static D:\3.43\pic18-lt\cxx-framework\src\traditional\stdclib\vfprintf.c
                   __pa_3   0x0009a0    program     static D:\3.43\pic18-lt\cxx-framework\src\traditional\stdclib\vfprintf.c
                  __pa_30   0x000b82    program     static D:\3.43\pic18-lt\cxx-framework\src\traditional\stdclib\vfprintf.c
                  __pa_31   0x000b9c    program     static D:\3.43\pic18-lt\cxx-framework\src\traditional\stdclib\vfprintf.c
                  __pa_32   0x000bb6    program     static D:\3.43\pic18-lt\cxx-framework\src\traditional\stdclib\vfprintf.c
                  __pa_33   0x000bce    program     static D:\3.43\pic18-lt\cxx-framework\src\traditional\stdclib\vfprintf.c
                  __pa_34   0x000bd8    program     static D:\3.43\pic18-lt\cxx-framework\src\traditional\stdclib\vfprintf.c
                  __pa_35   0x000be6    program     static D:\3.43\pic18-lt\cxx-framework\src\traditional\stdclib\vfprintf.c
                  __pa_36   0x000bee    program     static D:\3.43\pic18-lt\cxx-framework\src\traditional\stdclib\vfprintf.c
                  __pa_37   0x000bf8    program     static D:\3.43\pic18-lt\cxx-framework\src\traditional\stdclib\vfprintf.c
                  __pa_38   0x000c08    program     static D:\3.43\pic18-lt\cxx-framework\src\traditional\stdclib\vfprintf.c
                  __pa_39   0x000c16    program     static D:\3.43\pic18-lt\cxx-framework\src\traditional\stdclib\vfprintf.c
                   __pa_4   0x0009b8    program     static D:\3.43\pic18-lt\cxx-framework\src\traditional\stdclib\vfprintf.c
                  __pa_40   0x000c22    program     static D:\3.43\pic18-lt\cxx-framework\src\traditional\stdclib\vfprintf.c
                  __pa_41   0x000c2e    program     static D:\3.43\pic18-lt\cxx-framework\src\traditional\stdclib\vfprintf.c
                  __pa_42   0x000c36    program     static D:\3.43\pic18-lt\cxx-framework\src\traditional\stdclib\vfprintf.c
                  __pa_43   0x000c40    program     static D:\3.43\pic18-lt\cxx-framework\src\traditional\stdclib\vfprintf.c
                  __pa_44   0x000c46    program     static D:\3.43\pic18-lt\cxx-framework\src\traditional\stdclib\vfprintf.c
                  __pa_45   0x000c50    program     static D:\3.43\pic18-lt\cxx-framework\src\traditional\stdclib\vfprintf.c
                  __pa_46   0x000c5c    program     static D:\3.43\pic18-lt\cxx-framework\src\traditional\stdclib\vfprintf.c
                   __pa_5   0x0009cc    program     static D:\3.43\pic18-lt\cxx-framework\src\traditional\stdclib\vfprintf.c
                   __pa_6   0x0009e8    program     static D:\3.43\pic18-lt\cxx-framework\src\traditional\stdclib\vfprintf.c
                   __pa_7   0x0009f2    program     static D:\3.43\pic18-lt\cxx-framework\src\traditional\stdclib\vfprintf.c
                   __pa_8   0x0009fe    program     static D:\3.43\pic18-lt\cxx-framework\src\traditional\stdclib\vfprintf.c
                   __pa_9   0x000a20    program     static D:\3.43\pic18-lt\cxx-framework\src\traditional\stdclib\vfprintf.c
               __string_0   0x000e76    program     static D:\Projects\eggbotcode\EBF.X\ebb.c
               __string_1   0x000e6d    program     static D:\Projects\eggbotcode\EBF.X\ebb.c
              __string_10   0x000db8    program     static D:\Projects\eggbotcode\EBF.X\UBW.c
              __string_11   0x000d97    program     static D:\Projects\eggbotcode\EBF.X\UBW.c
              __string_12   0x000d7e    program     static D:\Projects\eggbotcode\EBF.X\UBW.c
              __string_13   0x000d5b    program     static D:\Projects\eggbotcode\EBF.X\UBW.c
              __string_14   0x000d33    program     static D:\Projects\eggbotcode\EBF.X\UBW.c
              __string_15   0x000d16    program     static D:\Projects\eggbotcode\EBF.X\UBW.c
              __string_16   0x000d14    program     static D:\Projects\eggbotcode\EBF.X\UBW.c
              __string_17   0x000d0e    program     static D:\Projects\eggbotcode\EBF.X\UBW.c
              __string_18   0x000d04    program     static D:\Projects\eggbotcode\EBF.X\UBW.c
              __string_19   0x000cfb    program     static D:\Projects\eggbotcode\EBF.X\UBW.c
               __string_2   0x000e66    program     static D:\Projects\eggbotcode\EBF.X\ebb.c
              __string_20   0x000cef    program     static D:\Projects\eggbotcode\EBF.X\UBW.c
              __string_21   0x000ce3    program     static D:\Projects\eggbotcode\EBF.X\UBW.c
              __string_22   0x000cd7    program     static D:\Projects\eggbotcode\EBF.X\UBW.c
              __string_23   0x000ccb    program     static D:\Projects\eggbotcode\EBF.X\UBW.c
              __string_24   0x000cbe    program     static D:\Projects\eggbotcode\EBF.X\UBW.c
              __string_25   0x000cb1    program     static D:\Projects\eggbotcode\EBF.X\UBW.c
              __string_26   0x000ca5    program     static D:\Projects\eggbotcode\EBF.X\UBW.c
              __string_27   0x000c99    program     static D:\Projects\eggbotcode\EBF.X\UBW.c
              __string_28   0x000c72    program     static D:\Projects\eggbotcode\EBF.X\UBW.c
              __string_29   0x000c66    program     static D:\Projects\eggbotcode\EBF.X\UBW.c
               __string_3   0x000e3a    program     static D:\Projects\eggbotcode\EBF.X\UBW.c
               __string_3   0x000e60    program     static D:\Projects\eggbotcode\EBF.X\ebb.c
               __string_4   0x000e54    program     static D:\Projects\eggbotcode\EBF.X\ebb.c
               __string_4   0x000e37    program     static D:\Projects\eggbotcode\EBF.X\UBW.c
               __string_5   0x000e34    program     static D:\Projects\eggbotcode\EBF.X\UBW.c
               __string_5   0x000e46    program     static D:\Projects\eggbotcode\EBF.X\ebb.c
               __string_6   0x000e2e    program     static D:\Projects\eggbotcode\EBF.X\UBW.c
               __string_7   0x000e0f    program     static D:\Projects\eggbotcode\EBF.X\UBW.c
               __string_8   0x000df3    program     static D:\Projects\eggbotcode\EBF.X\UBW.c
               __string_9   0x000dd7    program     static D:\Projects\eggbotcode\EBF.X\UBW.c
               __tmplbl_0   0x0052f2    program     static                          
               __tmplbl_1   0x0052ea    program     static                          
               __tmplbl_2   0x0055a8    program     static                          
               __tmplbl_3   0x00559c    program     static                          
               __tmplbl_4   0x0055a2    program     static                          
              __tmplbl_42   0x000b1a    program     static                          
              __tmplbl_43   0x000962    program     static                          
              __tmplbl_44   0x000948    program     static                          
               __tmplbl_8   0x0055e4    program     static                          
              __tmplbl_85   0x00009a    program     static                          
            __zero_memory   0x0070e4    program     extern D:\3.43\pic18-lt\cxx-framework\src\traditional\proc\p18f46j50.asm
                _do_cinit   0x006c30    program     extern D:\3.43\pic18-lt\cxx-framework\src\traditional\startup\c018i.c
                   _entry   0x000000    program     extern D:\3.43\pic18-lt\cxx-framework\src\traditional\startup\c018i.c
                   _false   0x0070a8    program     static                          
                   _reset   0x001000    program     extern D:\Projects\eggbotcode\EBF.X\main.c
                 _startup   0x007104    program     extern D:\3.43\pic18-lt\cxx-framework\src\traditional\startup\c018i.c
              _usart_putc   0x007120    program     extern D:\3.43\pic18-lt\cxx-framework\src\pmc_common\USART\_usartpc.asm
               _user_putc   0x001da4    program     extern D:\Projects\eggbotcode\EBF.X\UBW.c
   check_and_send_TX_data   0x001e1a    program     extern D:\Projects\eggbotcode\EBF.X\UBW.c
                compare_l   0x0070fa    program     static D:\3.43\pic18-lt\cxx-framework\src\traditional\proc\p18f46j50.asm
        configDescriptor1   0x006ea8    program     extern D:\Projects\eggbotcode\EBF.X\usb_descriptors.c
                copy_loop   0x006ca2    program     static                          
            copy_one_byte   0x006ca8    program     static                          
               device_dsc   0x006e96    program     extern D:\Projects\eggbotcode\EBF.X\usb_descriptors.c
                     done   0x006ccc    program     static                          
             done_copying   0x006cb6    program     static                          
            extract_digit   0x003a22    program     extern D:\Projects\eggbotcode\EBF.X\UBW.c
           extract_number   0x003568    program     extern D:\Projects\eggbotcode\EBF.X\UBW.c
             getsUSBUSART   0x0064d0    program     extern D:\Projects\eggbotcode\EBF.X\Microchip\USB\CDC Device Driver\usb_function_cdc.c
                 high_ISR   0x005296    program     extern D:\Projects\eggbotcode\EBF.X\ebb.c
                  isdigit   0x007042    program     extern D:\3.43\pic18-lt\cxx-framework\src\traditional\stdclib\isdigit.asm
                     jEnd   0x006d00    program     static D:\3.43\pic18-lt\cxx-framework\src\traditional\stdclib\memset.asm
                     jEnd   0x006d1c    program     static D:\3.43\pic18-lt\cxx-framework\src\traditional\stdclib\strlen.asm
                     jEnd   0x006d54    program     static D:\3.43\pic18-lt\cxx-framework\src\traditional\stdclib\slenpgm.asm
                    jLoop   0x006d12    program     static D:\3.43\pic18-lt\cxx-framework\src\traditional\stdclib\strlen.asm
                    jLoop   0x006d3c    program     static D:\3.43\pic18-lt\cxx-framework\src\traditional\stdclib\slenpgm.asm
                    jLoop   0x006ce2    program     static D:\3.43\pic18-lt\cxx-framework\src\traditional\stdclib\memset.asm
                   jMatch   0x007062    program     static D:\3.43\pic18-lt\cxx-framework\src\traditional\stdclib\isdigit.asm
                 jNoMatch   0x007064    program     static D:\3.43\pic18-lt\cxx-framework\src\traditional\stdclib\isdigit.asm
                 jNoMatch   0x007040    program     static D:\3.43\pic18-lt\cxx-framework\src\traditional\stdclib\toupper.asm
                     loop   0x007114    program     static                          
                     loop   0x007074    program     static                          
                     loop   0x007130    program     static D:\3.43\pic18-lt\cxx-framework\src\pmc_common\USART\_usartpc.asm
                   loop_h   0x0070f2    program     static D:\3.43\pic18-lt\cxx-framework\src\traditional\proc\p18f46j50.asm
                   loop_l   0x0070fc    program     static D:\3.43\pic18-lt\cxx-framework\src\traditional\proc\p18f46j50.asm
                  low_ISR   0x00101e    program     extern D:\Projects\eggbotcode\EBF.X\UBW.c
                     main   0x000e7c    program     extern D:\Projects\eggbotcode\EBF.X\main.c
                   memset   0x006cce    program     extern D:\3.43\pic18-lt\cxx-framework\src\traditional\stdclib\memset.asm
           parse_A_packet   0x002858    program     extern D:\Projects\eggbotcode\EBF.X\UBW.c
          parse_BC_packet   0x0030fa    program     extern D:\Projects\eggbotcode\EBF.X\UBW.c
          parse_BL_packet   0x0032d4    program     extern D:\Projects\eggbotcode\EBF.X\UBW.c
          parse_BO_packet   0x003100    program     extern D:\Projects\eggbotcode\EBF.X\UBW.c
          parse_BS_packet   0x003106    program     extern D:\Projects\eggbotcode\EBF.X\UBW.c
          parse_CI_packet   0x00312a    program     extern D:\Projects\eggbotcode\EBF.X\UBW.c
          parse_CK_packet   0x0032e4    program     extern D:\Projects\eggbotcode\EBF.X\UBW.c
          parse_CS_packet   0x003118    program     extern D:\Projects\eggbotcode\EBF.X\UBW.c
          parse_CU_packet   0x002426    program     extern D:\Projects\eggbotcode\EBF.X\UBW.c
          parse_CX_packet   0x002f88    program     extern D:\Projects\eggbotcode\EBF.X\UBW.c
           parse_C_packet   0x002552    program     extern D:\Projects\eggbotcode\EBF.X\UBW.c
          parse_EM_packet   0x005e4c    program     extern D:\Projects\eggbotcode\EBF.X\ebb.c
           parse_I_packet   0x0027f4    program     extern D:\Projects\eggbotcode\EBF.X\UBW.c
          parse_MR_packet   0x00299a    program     extern D:\Projects\eggbotcode\EBF.X\UBW.c
          parse_MW_packet   0x00291a    program     extern D:\Projects\eggbotcode\EBF.X\UBW.c
          parse_ND_packet   0x005f76    program     extern D:\Projects\eggbotcode\EBF.X\ebb.c
          parse_NI_packet   0x005f50    program     extern D:\Projects\eggbotcode\EBF.X\ebb.c
           parse_O_packet   0x0026d0    program     extern D:\Projects\eggbotcode\EBF.X\UBW.c
          parse_PC_packet   0x003130    program     extern D:\Projects\eggbotcode\EBF.X\UBW.c
          parse_PD_packet   0x002a24    program     extern D:\Projects\eggbotcode\EBF.X\UBW.c
          parse_PG_packet   0x003258    program     extern D:\Projects\eggbotcode\EBF.X\UBW.c
          parse_PI_packet   0x002c0a    program     extern D:\Projects\eggbotcode\EBF.X\UBW.c
          parse_PO_packet   0x002d9c    program     extern D:\Projects\eggbotcode\EBF.X\UBW.c
          parse_QB_packet   0x00608e    program     extern D:\Projects\eggbotcode\EBF.X\ebb.c
          parse_QC_packet   0x0060cc    program     extern D:\Projects\eggbotcode\EBF.X\ebb.c
          parse_QL_packet   0x006054    program     extern D:\Projects\eggbotcode\EBF.X\ebb.c
          parse_QM_packet   0x0062ce    program     extern D:\Projects\eggbotcode\EBF.X\ebb.c
          parse_QN_packet   0x005ff6    program     extern D:\Projects\eggbotcode\EBF.X\ebb.c
          parse_QP_packet   0x005c0a    program     extern D:\Projects\eggbotcode\EBF.X\ebb.c
          parse_RC_packet   0x002f8e    program     extern D:\Projects\eggbotcode\EBF.X\UBW.c
          parse_RI_packet   0x003124    program     extern D:\Projects\eggbotcode\EBF.X\UBW.c
          parse_RM_packet   0x0062cc    program     extern D:\Projects\eggbotcode\EBF.X\ebb.c
          parse_RS_packet   0x003112    program     extern D:\Projects\eggbotcode\EBF.X\UBW.c
          parse_RX_packet   0x002f82    program     extern D:\Projects\eggbotcode\EBF.X\UBW.c
           parse_R_packet   0x00241e    program     extern D:\Projects\eggbotcode\EBF.X\UBW.c
          parse_SC_packet   0x0056f4    program     extern D:\Projects\eggbotcode\EBF.X\ebb.c
          parse_SE_packet   0x0061ae    program     extern D:\Projects\eggbotcode\EBF.X\ebb.c
          parse_SI_packet   0x00311e    program     extern D:\Projects\eggbotcode\EBF.X\UBW.c
          parse_SL_packet   0x00602e    program     extern D:\Projects\eggbotcode\EBF.X\ebb.c
          parse_SM_packet   0x005906    program     extern D:\Projects\eggbotcode\EBF.X\ebb.c
          parse_SN_packet   0x005f94    program     extern D:\Projects\eggbotcode\EBF.X\ebb.c
          parse_SP_packet   0x005cc0    program     extern D:\Projects\eggbotcode\EBF.X\ebb.c
          parse_SS_packet   0x00310c    program     extern D:\Projects\eggbotcode\EBF.X\UBW.c
          parse_TP_packet   0x005c44    program     extern D:\Projects\eggbotcode\EBF.X\ebb.c
          parse_TX_packet   0x002f7c    program     extern D:\Projects\eggbotcode\EBF.X\UBW.c
           parse_T_packet   0x0024ba    program     extern D:\Projects\eggbotcode\EBF.X\UBW.c
           parse_V_packet   0x002836    program     extern D:\Projects\eggbotcode\EBF.X\UBW.c
             parse_packet   0x001ebe    program     extern D:\Projects\eggbotcode\EBF.X\UBW.c
                print_ack   0x0023f6    program     extern D:\Projects\eggbotcode\EBF.X\UBW.c
             print_status   0x003b3c    program     extern D:\Projects\eggbotcode\EBF.X\UBW.c
                   printf   0x006d68    program     extern D:\3.43\pic18-lt\cxx-framework\src\traditional\stdclib\printf.c
               process_SM   0x0059c2    program     static D:\Projects\eggbotcode\EBF.X\ebb.c
               process_SP   0x005dcc    program     extern D:\Projects\eggbotcode\EBF.X\ebb.c
              putUSBUSART   0x00659e    program     extern D:\Projects\eggbotcode\EBF.X\Microchip\USB\CDC Device Driver\usb_function_cdc.c
                     putc   0x006f26    program     extern D:\3.43\pic18-lt\cxx-framework\src\traditional\stdclib\putc.c
            putrsUSBUSART   0x00665a    program     extern D:\Projects\eggbotcode\EBF.X\Microchip\USB\CDC Device Driver\usb_function_cdc.c
             putsUSBUSART   0x0065d2    program     extern D:\Projects\eggbotcode\EBF.X\Microchip\USB\CDC Device Driver\usb_function_cdc.c
                 s_digits   0x000fe6    program     static D:\3.43\pic18-lt\cxx-framework\src\traditional\stdclib\vfprintf.c
            s_put_n_chars   0x000044    program     static D:\3.43\pic18-lt\cxx-framework\src\traditional\stdclib\vfprintf.c
                    sd000   0x006eeb    program     extern D:\Projects\eggbotcode\EBF.X\usb_descriptors.c
                    sd001   0x006eef    program     extern D:\Projects\eggbotcode\EBF.X\usb_descriptors.c
                    sd002   0x006f07    program     extern D:\Projects\eggbotcode\EBF.X\usb_descriptors.c
                  st_LFCR   0x0070b3    program     extern D:\Projects\eggbotcode\EBF.X\UBW.c
                    st_OK   0x0070ae    program     extern D:\Projects\eggbotcode\EBF.X\UBW.c
               st_version   0x0070b6    program     extern D:\Projects\eggbotcode\EBF.X\UBW.c
                   strlen   0x006d02    program     extern D:\3.43\pic18-lt\cxx-framework\src\traditional\stdclib\strlen.asm
                strlenpgm   0x006d1e    program     extern D:\3.43\pic18-lt\cxx-framework\src\traditional\stdclib\slenpgm.asm
                     test   0x006c4a    program     static                          
                  toupper   0x00701a    program     extern D:\3.43\pic18-lt\cxx-framework\src\traditional\stdclib\toupper.asm
                 vfprintf   0x000070    program     extern D:\3.43\pic18-lt\cxx-framework\src\traditional\stdclib\vfprintf.c
               zero_block   0x0070f2    program     static D:\3.43\pic18-lt\cxx-framework\src\traditional\proc\p18f46j50.asm
                   ADCON0   0x000fc2       data     extern D:\3.43\pic18-lt\cxx-framework\src\traditional\proc\p18f46j50.asm
               ADCON0bits   0x000fc2       data     extern D:\3.43\pic18-lt\cxx-framework\src\traditional\proc\p18f46j50.asm
                   ADCON1   0x000fc1       data     extern D:\3.43\pic18-lt\cxx-framework\src\traditional\proc\p18f46j50.asm
               ADCON1bits   0x000fc1       data     extern D:\3.43\pic18-lt\cxx-framework\src\traditional\proc\p18f46j50.asm
                    ADRES   0x000fc3       data     extern D:\3.43\pic18-lt\cxx-framework\src\traditional\proc\p18f46j50.asm
                   ADRESH   0x000fc4       data     extern D:\3.43\pic18-lt\cxx-framework\src\traditional\proc\p18f46j50.asm
                   ADRESL   0x000fc3       data     extern D:\3.43\pic18-lt\cxx-framework\src\traditional\proc\p18f46j50.asm
                  ALRMCFG   0x000f91       data     extern D:\3.43\pic18-lt\cxx-framework\src\traditional\proc\p18f46j50.asm
              ALRMCFGbits   0x000f91       data     extern D:\3.43\pic18-lt\cxx-framework\src\traditional\proc\p18f46j50.asm
                  ALRMRPT   0x000f90       data     extern D:\3.43\pic18-lt\cxx-framework\src\traditional\proc\p18f46j50.asm
              ALRMRPTbits   0x000f90       data     extern D:\3.43\pic18-lt\cxx-framework\src\traditional\proc\p18f46j50.asm
                 ALRMVALH   0x000f8f       data     extern D:\3.43\pic18-lt\cxx-framework\src\traditional\proc\p18f46j50.asm
                 ALRMVALL   0x000f8e       data     extern D:\3.43\pic18-lt\cxx-framework\src\traditional\proc\p18f46j50.asm
                   ANCON0   0x000f48       data     extern D:\3.43\pic18-lt\cxx-framework\src\traditional\proc\p18f46j50.asm
               ANCON0bits   0x000f48       data     extern D:\3.43\pic18-lt\cxx-framework\src\traditional\proc\p18f46j50.asm
                   ANCON1   0x000f49       data     extern D:\3.43\pic18-lt\cxx-framework\src\traditional\proc\p18f46j50.asm
               ANCON1bits   0x000f49       data     extern D:\3.43\pic18-lt\cxx-framework\src\traditional\proc\p18f46j50.asm
            A_cur_channel   0x000015       data     extern D:\Projects\eggbotcode\EBF.X\UBW.c
           A_tick_counter   0x000013       data     extern D:\Projects\eggbotcode\EBF.X\UBW.c
                  AllDone   0x00002e       data     static D:\Projects\eggbotcode\EBF.X\ebb.c
             AnalogEnable   0x00000c       data     extern D:\Projects\eggbotcode\EBF.X\UBW.c
                  BAUDCON   0x000f7e       data     extern D:\3.43\pic18-lt\cxx-framework\src\traditional\proc\p18f46j50.asm
                 BAUDCON1   0x000f7e       data     extern D:\3.43\pic18-lt\cxx-framework\src\traditional\proc\p18f46j50.asm
             BAUDCON1bits   0x000f7e       data     extern D:\3.43\pic18-lt\cxx-framework\src\traditional\proc\p18f46j50.asm
                 BAUDCON2   0x000f7c       data     extern D:\3.43\pic18-lt\cxx-framework\src\traditional\proc\p18f46j50.asm
             BAUDCON2bits   0x000f7c       data     extern D:\3.43\pic18-lt\cxx-framework\src\traditional\proc\p18f46j50.asm
              BAUDCONbits   0x000f7e       data     extern D:\3.43\pic18-lt\cxx-framework\src\traditional\proc\p18f46j50.asm
                  BAUDCTL   0x000f7e       data     extern D:\3.43\pic18-lt\cxx-framework\src\traditional\proc\p18f46j50.asm
              BAUDCTLbits   0x000f7e       data     extern D:\3.43\pic18-lt\cxx-framework\src\traditional\proc\p18f46j50.asm
                      BDT   0x000400       data     extern D:\Projects\eggbotcode\EBF.X\Microchip\USB\usb_device.c
                      BSR   0x000fe0       data     extern D:\3.43\pic18-lt\cxx-framework\src\traditional\proc\p18f46j50.asm
              BaudRateGen   0x00069c       data     extern D:\Projects\eggbotcode\EBF.X\Microchip\USB\CDC Device Driver\usb_function_cdc.c
       BothEP0OutUOWNsSet   0x0006cf       data     extern D:\Projects\eggbotcode\EBF.X\Microchip\USB\usb_device.c
             ButtonPushed   0x0001ef       data     static D:\Projects\eggbotcode\EBF.X\ebb.c
                  CCP1CON   0x000fba       data     extern D:\3.43\pic18-lt\cxx-framework\src\traditional\proc\p18f46j50.asm
              CCP1CONbits   0x000fba       data     extern D:\3.43\pic18-lt\cxx-framework\src\traditional\proc\p18f46j50.asm
                  CCP2CON   0x000fb4       data     extern D:\3.43\pic18-lt\cxx-framework\src\traditional\proc\p18f46j50.asm
              CCP2CONbits   0x000fb4       data     extern D:\3.43\pic18-lt\cxx-framework\src\traditional\proc\p18f46j50.asm
                    CCPR1   0x000fbb       data     extern D:\3.43\pic18-lt\cxx-framework\src\traditional\proc\p18f46j50.asm
                   CCPR1H   0x000fbc       data     extern D:\3.43\pic18-lt\cxx-framework\src\traditional\proc\p18f46j50.asm
                   CCPR1L   0x000fbb       data     extern D:\3.43\pic18-lt\cxx-framework\src\traditional\proc\p18f46j50.asm
                    CCPR2   0x000fb5       data     extern D:\3.43\pic18-lt\cxx-framework\src\traditional\proc\p18f46j50.asm
                   CCPR2H   0x000fb6       data     extern D:\3.43\pic18-lt\cxx-framework\src\traditional\proc\p18f46j50.asm
                   CCPR2L   0x000fb5       data     extern D:\3.43\pic18-lt\cxx-framework\src\traditional\proc\p18f46j50.asm
          CDCDataInHandle   0x000699       data     extern D:\Projects\eggbotcode\EBF.X\Microchip\USB\CDC Device Driver\usb_function_cdc.c
         CDCDataOutHandle   0x000697       data     extern D:\Projects\eggbotcode\EBF.X\Microchip\USB\CDC Device Driver\usb_function_cdc.c
                   CM1CON   0x000fd2       data     extern D:\3.43\pic18-lt\cxx-framework\src\traditional\proc\p18f46j50.asm
                  CM1CON1   0x000fd2       data     extern D:\3.43\pic18-lt\cxx-framework\src\traditional\proc\p18f46j50.asm
              CM1CON1bits   0x000fd2       data     extern D:\3.43\pic18-lt\cxx-framework\src\traditional\proc\p18f46j50.asm
               CM1CONbits   0x000fd2       data     extern D:\3.43\pic18-lt\cxx-framework\src\traditional\proc\p18f46j50.asm
                   CM2CON   0x000fd1       data     extern D:\3.43\pic18-lt\cxx-framework\src\traditional\proc\p18f46j50.asm
                  CM2CON1   0x000fd1       data     extern D:\3.43\pic18-lt\cxx-framework\src\traditional\proc\p18f46j50.asm
              CM2CON1bits   0x000fd1       data     extern D:\3.43\pic18-lt\cxx-framework\src\traditional\proc\p18f46j50.asm
               CM2CONbits   0x000fd1       data     extern D:\3.43\pic18-lt\cxx-framework\src\traditional\proc\p18f46j50.asm
                   CMSTAT   0x000f70       data     extern D:\3.43\pic18-lt\cxx-framework\src\traditional\proc\p18f46j50.asm
                 CMSTATUS   0x000f70       data     extern D:\3.43\pic18-lt\cxx-framework\src\traditional\proc\p18f46j50.asm
             CMSTATUSbits   0x000f70       data     extern D:\3.43\pic18-lt\cxx-framework\src\traditional\proc\p18f46j50.asm
               CMSTATbits   0x000f70       data     extern D:\3.43\pic18-lt\cxx-framework\src\traditional\proc\p18f46j50.asm
                 CTMUCONH   0x000fb3       data     extern D:\3.43\pic18-lt\cxx-framework\src\traditional\proc\p18f46j50.asm
             CTMUCONHbits   0x000fb3       data     extern D:\3.43\pic18-lt\cxx-framework\src\traditional\proc\p18f46j50.asm
                 CTMUCONL   0x000fb2       data     extern D:\3.43\pic18-lt\cxx-framework\src\traditional\proc\p18f46j50.asm
             CTMUCONLbits   0x000fb2       data     extern D:\3.43\pic18-lt\cxx-framework\src\traditional\proc\p18f46j50.asm
                 CTMUICON   0x000fb1       data     extern D:\3.43\pic18-lt\cxx-framework\src\traditional\proc\p18f46j50.asm
             CTMUICONbits   0x000fb1       data     extern D:\3.43\pic18-lt\cxx-framework\src\traditional\proc\p18f46j50.asm
                   CVRCON   0x000f53       data     extern D:\3.43\pic18-lt\cxx-framework\src\traditional\proc\p18f46j50.asm
               CVRCONbits   0x000f53       data     extern D:\3.43\pic18-lt\cxx-framework\src\traditional\proc\p18f46j50.asm
              CommandFIFO   0x000199       data     extern D:\Projects\eggbotcode\EBF.X\ebb.c
              CtrlTrfData   0x000438       data     extern D:\Projects\eggbotcode\EBF.X\Microchip\USB\usb_device.c
           CurrentCommand   0x000016       data     static D:\Projects\eggbotcode\EBF.X\ebb.c
                   DMABCH   0x000f66       data     extern D:\3.43\pic18-lt\cxx-framework\src\traditional\proc\p18f46j50.asm
               DMABCHbits   0x000f66       data     extern D:\3.43\pic18-lt\cxx-framework\src\traditional\proc\p18f46j50.asm
                   DMABCL   0x000f67       data     extern D:\3.43\pic18-lt\cxx-framework\src\traditional\proc\p18f46j50.asm
                  DMACON1   0x000f88       data     extern D:\3.43\pic18-lt\cxx-framework\src\traditional\proc\p18f46j50.asm
              DMACON1bits   0x000f88       data     extern D:\3.43\pic18-lt\cxx-framework\src\traditional\proc\p18f46j50.asm
                  DMACON2   0x000f86       data     extern D:\3.43\pic18-lt\cxx-framework\src\traditional\proc\p18f46j50.asm
              DMACON2bits   0x000f86       data     extern D:\3.43\pic18-lt\cxx-framework\src\traditional\proc\p18f46j50.asm
                   DSCONH   0x000f4d       data     extern D:\3.43\pic18-lt\cxx-framework\src\traditional\proc\p18f46j50.asm
               DSCONHbits   0x000f4d       data     extern D:\3.43\pic18-lt\cxx-framework\src\traditional\proc\p18f46j50.asm
                   DSCONL   0x000f4c       data     extern D:\3.43\pic18-lt\cxx-framework\src\traditional\proc\p18f46j50.asm
               DSCONLbits   0x000f4c       data     extern D:\3.43\pic18-lt\cxx-framework\src\traditional\proc\p18f46j50.asm
                   DSGPR0   0x000f4e       data     extern D:\3.43\pic18-lt\cxx-framework\src\traditional\proc\p18f46j50.asm
                   DSGPR1   0x000f4f       data     extern D:\3.43\pic18-lt\cxx-framework\src\traditional\proc\p18f46j50.asm
                  DSWAKEH   0x000f4b       data     extern D:\3.43\pic18-lt\cxx-framework\src\traditional\proc\p18f46j50.asm
              DSWAKEHbits   0x000f4b       data     extern D:\3.43\pic18-lt\cxx-framework\src\traditional\proc\p18f46j50.asm
                  DSWAKEL   0x000f4a       data     extern D:\3.43\pic18-lt\cxx-framework\src\traditional\proc\p18f46j50.asm
              DSWAKELbits   0x000f4a       data     extern D:\3.43\pic18-lt\cxx-framework\src\traditional\proc\p18f46j50.asm
           D_tick_counter   0x000011       data     extern D:\Projects\eggbotcode\EBF.X\UBW.c
           DemoModeActive   0x0001e1       data     extern D:\Projects\eggbotcode\EBF.X\ebb.c
                  ECCP1AS   0x000fbe       data     extern D:\3.43\pic18-lt\cxx-framework\src\traditional\proc\p18f46j50.asm
              ECCP1ASbits   0x000fbe       data     extern D:\3.43\pic18-lt\cxx-framework\src\traditional\proc\p18f46j50.asm
                 ECCP1CON   0x000fba       data     extern D:\3.43\pic18-lt\cxx-framework\src\traditional\proc\p18f46j50.asm
             ECCP1CONbits   0x000fba       data     extern D:\3.43\pic18-lt\cxx-framework\src\traditional\proc\p18f46j50.asm
                 ECCP1DEL   0x000fbd       data     extern D:\3.43\pic18-lt\cxx-framework\src\traditional\proc\p18f46j50.asm
             ECCP1DELbits   0x000fbd       data     extern D:\3.43\pic18-lt\cxx-framework\src\traditional\proc\p18f46j50.asm
                  ECCP2AS   0x000fb8       data     extern D:\3.43\pic18-lt\cxx-framework\src\traditional\proc\p18f46j50.asm
              ECCP2ASbits   0x000fb8       data     extern D:\3.43\pic18-lt\cxx-framework\src\traditional\proc\p18f46j50.asm
                 ECCP2CON   0x000fb4       data     extern D:\3.43\pic18-lt\cxx-framework\src\traditional\proc\p18f46j50.asm
             ECCP2CONbits   0x000fb4       data     extern D:\3.43\pic18-lt\cxx-framework\src\traditional\proc\p18f46j50.asm
                 ECCP2DEL   0x000fb7       data     extern D:\3.43\pic18-lt\cxx-framework\src\traditional\proc\p18f46j50.asm
             ECCP2DELbits   0x000fb7       data     extern D:\3.43\pic18-lt\cxx-framework\src\traditional\proc\p18f46j50.asm
                   EECON1   0x000fa6       data     extern D:\3.43\pic18-lt\cxx-framework\src\traditional\proc\p18f46j50.asm
               EECON1bits   0x000fa6       data     extern D:\3.43\pic18-lt\cxx-framework\src\traditional\proc\p18f46j50.asm
                   EECON2   0x000fa7       data     extern D:\3.43\pic18-lt\cxx-framework\src\traditional\proc\p18f46j50.asm
                FIFOEmpty   0x000030       data     extern D:\Projects\eggbotcode\EBF.X\ebb.c
                     FSR0   0x000fe9       data     extern D:\3.43\pic18-lt\cxx-framework\src\traditional\proc\p18f46j50.asm
                    FSR0H   0x000fea       data     extern D:\3.43\pic18-lt\cxx-framework\src\traditional\proc\p18f46j50.asm
                    FSR0L   0x000fe9       data     extern D:\3.43\pic18-lt\cxx-framework\src\traditional\proc\p18f46j50.asm
                     FSR1   0x000fe1       data     extern D:\3.43\pic18-lt\cxx-framework\src\traditional\proc\p18f46j50.asm
                    FSR1H   0x000fe2       data     extern D:\3.43\pic18-lt\cxx-framework\src\traditional\proc\p18f46j50.asm
                    FSR1L   0x000fe1       data     extern D:\3.43\pic18-lt\cxx-framework\src\traditional\proc\p18f46j50.asm
                     FSR2   0x000fd9       data     extern D:\3.43\pic18-lt\cxx-framework\src\traditional\proc\p18f46j50.asm
                    FSR2H   0x000fda       data     extern D:\3.43\pic18-lt\cxx-framework\src\traditional\proc\p18f46j50.asm
                    FSR2L   0x000fd9       data     extern D:\3.43\pic18-lt\cxx-framework\src\traditional\proc\p18f46j50.asm
                  HLVDCON   0x000f85       data     extern D:\3.43\pic18-lt\cxx-framework\src\traditional\proc\p18f46j50.asm
              HLVDCONbits   0x000f85       data     extern D:\3.43\pic18-lt\cxx-framework\src\traditional\proc\p18f46j50.asm
                    INDF0   0x000fef       data     extern D:\3.43\pic18-lt\cxx-framework\src\traditional\proc\p18f46j50.asm
                    INDF1   0x000fe7       data     extern D:\3.43\pic18-lt\cxx-framework\src\traditional\proc\p18f46j50.asm
                    INDF2   0x000fdf       data     extern D:\3.43\pic18-lt\cxx-framework\src\traditional\proc\p18f46j50.asm
                   INTCON   0x000ff2       data     extern D:\3.43\pic18-lt\cxx-framework\src\traditional\proc\p18f46j50.asm
                  INTCON2   0x000ff1       data     extern D:\3.43\pic18-lt\cxx-framework\src\traditional\proc\p18f46j50.asm
              INTCON2bits   0x000ff1       data     extern D:\3.43\pic18-lt\cxx-framework\src\traditional\proc\p18f46j50.asm
                  INTCON3   0x000ff0       data     extern D:\3.43\pic18-lt\cxx-framework\src\traditional\proc\p18f46j50.asm
              INTCON3bits   0x000ff0       data     extern D:\3.43\pic18-lt\cxx-framework\src\traditional\proc\p18f46j50.asm
               INTCONbits   0x000ff2       data     extern D:\3.43\pic18-lt\cxx-framework\src\traditional\proc\p18f46j50.asm
                     IPR1   0x000f9f       data     extern D:\3.43\pic18-lt\cxx-framework\src\traditional\proc\p18f46j50.asm
                 IPR1bits   0x000f9f       data     extern D:\3.43\pic18-lt\cxx-framework\src\traditional\proc\p18f46j50.asm
                     IPR2   0x000fa2       data     extern D:\3.43\pic18-lt\cxx-framework\src\traditional\proc\p18f46j50.asm
                 IPR2bits   0x000fa2       data     extern D:\3.43\pic18-lt\cxx-framework\src\traditional\proc\p18f46j50.asm
                     IPR3   0x000fa5       data     extern D:\3.43\pic18-lt\cxx-framework\src\traditional\proc\p18f46j50.asm
                 IPR3bits   0x000fa5       data     extern D:\3.43\pic18-lt\cxx-framework\src\traditional\proc\p18f46j50.asm
               ISR_A_FIFO   0x000100       data     extern D:\Projects\eggbotcode\EBF.X\UBW.c
            ISR_A_FIFO_in   0x000009       data     extern D:\Projects\eggbotcode\EBF.X\UBW.c
        ISR_A_FIFO_length   0x00000b       data     extern D:\Projects\eggbotcode\EBF.X\UBW.c
           ISR_A_FIFO_out   0x00000a       data     extern D:\Projects\eggbotcode\EBF.X\UBW.c
         ISR_A_RepeatRate   0x000007       data     extern D:\Projects\eggbotcode\EBF.X\UBW.c
               ISR_D_FIFO   0x000148       data     extern D:\Projects\eggbotcode\EBF.X\UBW.c
            ISR_D_FIFO_in   0x000004       data     extern D:\Projects\eggbotcode\EBF.X\UBW.c
        ISR_D_FIFO_length   0x000006       data     extern D:\Projects\eggbotcode\EBF.X\UBW.c
           ISR_D_FIFO_out   0x000005       data     extern D:\Projects\eggbotcode\EBF.X\UBW.c
         ISR_D_RepeatRate   0x000002       data     extern D:\Projects\eggbotcode\EBF.X\UBW.c
                     LATA   0x000f89       data     extern D:\3.43\pic18-lt\cxx-framework\src\traditional\proc\p18f46j50.asm
                 LATAbits   0x000f89       data     extern D:\3.43\pic18-lt\cxx-framework\src\traditional\proc\p18f46j50.asm
                     LATB   0x000f8a       data     extern D:\3.43\pic18-lt\cxx-framework\src\traditional\proc\p18f46j50.asm
                 LATBbits   0x000f8a       data     extern D:\3.43\pic18-lt\cxx-framework\src\traditional\proc\p18f46j50.asm
                     LATC   0x000f8b       data     extern D:\3.43\pic18-lt\cxx-framework\src\traditional\proc\p18f46j50.asm
                 LATCbits   0x000f8b       data     extern D:\3.43\pic18-lt\cxx-framework\src\traditional\proc\p18f46j50.asm
                     LATD   0x000f8c       data     extern D:\3.43\pic18-lt\cxx-framework\src\traditional\proc\p18f46j50.asm
                 LATDbits   0x000f8c       data     extern D:\3.43\pic18-lt\cxx-framework\src\traditional\proc\p18f46j50.asm
                     LATE   0x000f8d       data     extern D:\3.43\pic18-lt\cxx-framework\src\traditional\proc\p18f46j50.asm
                 LATEbits   0x000f8d       data     extern D:\3.43\pic18-lt\cxx-framework\src\traditional\proc\p18f46j50.asm
                 LEDCount   0x000561       data     static D:\Projects\eggbotcode\EBF.X\UBW.c
                 LEDState   0x000563       data     static D:\Projects\eggbotcode\EBF.X\UBW.c
                    Layer   0x0001ee       data     static D:\Projects\eggbotcode\EBF.X\ebb.c
                NodeCount   0x0001ea       data     static D:\Projects\eggbotcode\EBF.X\ebb.c
                   ODCON1   0x000f42       data     extern D:\3.43\pic18-lt\cxx-framework\src\traditional\proc\p18f46j50.asm
               ODCON1bits   0x000f42       data     extern D:\3.43\pic18-lt\cxx-framework\src\traditional\proc\p18f46j50.asm
                   ODCON2   0x000f41       data     extern D:\3.43\pic18-lt\cxx-framework\src\traditional\proc\p18f46j50.asm
               ODCON2bits   0x000f41       data     extern D:\3.43\pic18-lt\cxx-framework\src\traditional\proc\p18f46j50.asm
                   ODCON3   0x000f40       data     extern D:\3.43\pic18-lt\cxx-framework\src\traditional\proc\p18f46j50.asm
               ODCON3bits   0x000f40       data     extern D:\3.43\pic18-lt\cxx-framework\src\traditional\proc\p18f46j50.asm
                   OSCCON   0x000fd3       data     extern D:\3.43\pic18-lt\cxx-framework\src\traditional\proc\p18f46j50.asm
               OSCCONbits   0x000fd3       data     extern D:\3.43\pic18-lt\cxx-framework\src\traditional\proc\p18f46j50.asm
                  OSCTUNE   0x000f9b       data     extern D:\3.43\pic18-lt\cxx-framework\src\traditional\proc\p18f46j50.asm
              OSCTUNEbits   0x000f9b       data     extern D:\3.43\pic18-lt\cxx-framework\src\traditional\proc\p18f46j50.asm
                  OutByte   0x00002c       data     static D:\Projects\eggbotcode\EBF.X\ebb.c
                  PADCFG1   0x000f3c       data     extern D:\3.43\pic18-lt\cxx-framework\src\traditional\proc\p18f46j50.asm
              PADCFG1bits   0x000f3c       data     extern D:\3.43\pic18-lt\cxx-framework\src\traditional\proc\p18f46j50.asm
                       PC   0x000ff9       data     extern D:\3.43\pic18-lt\cxx-framework\src\traditional\proc\p18f46j50.asm
                      PCL   0x000ff9       data     extern D:\3.43\pic18-lt\cxx-framework\src\traditional\proc\p18f46j50.asm
                   PCLATH   0x000ffa       data     extern D:\3.43\pic18-lt\cxx-framework\src\traditional\proc\p18f46j50.asm
                   PCLATU   0x000ffb       data     extern D:\3.43\pic18-lt\cxx-framework\src\traditional\proc\p18f46j50.asm
                     PIE1   0x000f9d       data     extern D:\3.43\pic18-lt\cxx-framework\src\traditional\proc\p18f46j50.asm
                 PIE1bits   0x000f9d       data     extern D:\3.43\pic18-lt\cxx-framework\src\traditional\proc\p18f46j50.asm
                     PIE2   0x000fa0       data     extern D:\3.43\pic18-lt\cxx-framework\src\traditional\proc\p18f46j50.asm
                 PIE2bits   0x000fa0       data     extern D:\3.43\pic18-lt\cxx-framework\src\traditional\proc\p18f46j50.asm
                     PIE3   0x000fa3       data     extern D:\3.43\pic18-lt\cxx-framework\src\traditional\proc\p18f46j50.asm
                 PIE3bits   0x000fa3       data     extern D:\3.43\pic18-lt\cxx-framework\src\traditional\proc\p18f46j50.asm
                     PIR1   0x000f9e       data     extern D:\3.43\pic18-lt\cxx-framework\src\traditional\proc\p18f46j50.asm
                 PIR1bits   0x000f9e       data     extern D:\3.43\pic18-lt\cxx-framework\src\traditional\proc\p18f46j50.asm
                     PIR2   0x000fa1       data     extern D:\3.43\pic18-lt\cxx-framework\src\traditional\proc\p18f46j50.asm
                 PIR2bits   0x000fa1       data     extern D:\3.43\pic18-lt\cxx-framework\src\traditional\proc\p18f46j50.asm
                     PIR3   0x000fa4       data     extern D:\3.43\pic18-lt\cxx-framework\src\traditional\proc\p18f46j50.asm
                 PIR3bits   0x000fa4       data     extern D:\3.43\pic18-lt\cxx-framework\src\traditional\proc\p18f46j50.asm
                   PLUSW0   0x000feb       data     extern D:\3.43\pic18-lt\cxx-framework\src\traditional\proc\p18f46j50.asm
                   PLUSW1   0x000fe3       data     extern D:\3.43\pic18-lt\cxx-framework\src\traditional\proc\p18f46j50.asm
                   PLUSW2   0x000fdb       data     extern D:\3.43\pic18-lt\cxx-framework\src\traditional\proc\p18f46j50.asm
                  PMADDRH   0x000f6f       data     extern D:\3.43\pic18-lt\cxx-framework\src\traditional\proc\p18f46j50.asm
              PMADDRHbits   0x000f6f       data     extern D:\3.43\pic18-lt\cxx-framework\src\traditional\proc\p18f46j50.asm
                  PMADDRL   0x000f6e       data     extern D:\3.43\pic18-lt\cxx-framework\src\traditional\proc\p18f46j50.asm
                   PMCONH   0x000f5f       data     extern D:\3.43\pic18-lt\cxx-framework\src\traditional\proc\p18f46j50.asm
               PMCONHbits   0x000f5f       data     extern D:\3.43\pic18-lt\cxx-framework\src\traditional\proc\p18f46j50.asm
                   PMCONL   0x000f5e       data     extern D:\3.43\pic18-lt\cxx-framework\src\traditional\proc\p18f46j50.asm
               PMCONLbits   0x000f5e       data     extern D:\3.43\pic18-lt\cxx-framework\src\traditional\proc\p18f46j50.asm
                  PMDIN1H   0x000f6d       data     extern D:\3.43\pic18-lt\cxx-framework\src\traditional\proc\p18f46j50.asm
                  PMDIN1L   0x000f6c       data     extern D:\3.43\pic18-lt\cxx-framework\src\traditional\proc\p18f46j50.asm
                  PMDIN2H   0x000f59       data     extern D:\3.43\pic18-lt\cxx-framework\src\traditional\proc\p18f46j50.asm
                  PMDIN2L   0x000f58       data     extern D:\3.43\pic18-lt\cxx-framework\src\traditional\proc\p18f46j50.asm
                 PMDOUT1H   0x000f6f       data     extern D:\3.43\pic18-lt\cxx-framework\src\traditional\proc\p18f46j50.asm
                 PMDOUT1L   0x000f6e       data     extern D:\3.43\pic18-lt\cxx-framework\src\traditional\proc\p18f46j50.asm
                 PMDOUT2H   0x000f5b       data     extern D:\3.43\pic18-lt\cxx-framework\src\traditional\proc\p18f46j50.asm
                 PMDOUT2L   0x000f5a       data     extern D:\3.43\pic18-lt\cxx-framework\src\traditional\proc\p18f46j50.asm
                     PMEH   0x000f57       data     extern D:\3.43\pic18-lt\cxx-framework\src\traditional\proc\p18f46j50.asm
                 PMEHbits   0x000f57       data     extern D:\3.43\pic18-lt\cxx-framework\src\traditional\proc\p18f46j50.asm
                     PMEL   0x000f56       data     extern D:\3.43\pic18-lt\cxx-framework\src\traditional\proc\p18f46j50.asm
                 PMELbits   0x000f56       data     extern D:\3.43\pic18-lt\cxx-framework\src\traditional\proc\p18f46j50.asm
                  PMMODEH   0x000f5d       data     extern D:\3.43\pic18-lt\cxx-framework\src\traditional\proc\p18f46j50.asm
              PMMODEHbits   0x000f5d       data     extern D:\3.43\pic18-lt\cxx-framework\src\traditional\proc\p18f46j50.asm
                  PMMODEL   0x000f5c       data     extern D:\3.43\pic18-lt\cxx-framework\src\traditional\proc\p18f46j50.asm
              PMMODELbits   0x000f5c       data     extern D:\3.43\pic18-lt\cxx-framework\src\traditional\proc\p18f46j50.asm
                  PMSTATH   0x000f55       data     extern D:\3.43\pic18-lt\cxx-framework\src\traditional\proc\p18f46j50.asm
              PMSTATHbits   0x000f55       data     extern D:\3.43\pic18-lt\cxx-framework\src\traditional\proc\p18f46j50.asm
                  PMSTATL   0x000f54       data     extern D:\3.43\pic18-lt\cxx-framework\src\traditional\proc\p18f46j50.asm
              PMSTATLbits   0x000f54       data     extern D:\3.43\pic18-lt\cxx-framework\src\traditional\proc\p18f46j50.asm
                    PORTA   0x000f80       data     extern D:\3.43\pic18-lt\cxx-framework\src\traditional\proc\p18f46j50.asm
                PORTAbits   0x000f80       data     extern D:\3.43\pic18-lt\cxx-framework\src\traditional\proc\p18f46j50.asm
                    PORTB   0x000f81       data     extern D:\3.43\pic18-lt\cxx-framework\src\traditional\proc\p18f46j50.asm
                PORTBbits   0x000f81       data     extern D:\3.43\pic18-lt\cxx-framework\src\traditional\proc\p18f46j50.asm
                    PORTC   0x000f82       data     extern D:\3.43\pic18-lt\cxx-framework\src\traditional\proc\p18f46j50.asm
                PORTCbits   0x000f82       data     extern D:\3.43\pic18-lt\cxx-framework\src\traditional\proc\p18f46j50.asm
                    PORTD   0x000f83       data     extern D:\3.43\pic18-lt\cxx-framework\src\traditional\proc\p18f46j50.asm
                PORTDbits   0x000f83       data     extern D:\3.43\pic18-lt\cxx-framework\src\traditional\proc\p18f46j50.asm
                    PORTE   0x000f84       data     extern D:\3.43\pic18-lt\cxx-framework\src\traditional\proc\p18f46j50.asm
                PORTEbits   0x000f84       data     extern D:\3.43\pic18-lt\cxx-framework\src\traditional\proc\p18f46j50.asm
                 POSTDEC0   0x000fed       data     extern D:\3.43\pic18-lt\cxx-framework\src\traditional\proc\p18f46j50.asm
                 POSTDEC1   0x000fe5       data     extern D:\3.43\pic18-lt\cxx-framework\src\traditional\proc\p18f46j50.asm
                 POSTDEC2   0x000fdd       data     extern D:\3.43\pic18-lt\cxx-framework\src\traditional\proc\p18f46j50.asm
                 POSTINC0   0x000fee       data     extern D:\3.43\pic18-lt\cxx-framework\src\traditional\proc\p18f46j50.asm
                 POSTINC1   0x000fe6       data     extern D:\3.43\pic18-lt\cxx-framework\src\traditional\proc\p18f46j50.asm
                 POSTINC2   0x000fde       data     extern D:\3.43\pic18-lt\cxx-framework\src\traditional\proc\p18f46j50.asm
                   PPSCON   0x000eff       data     extern D:\3.43\pic18-lt\cxx-framework\src\traditional\proc\p18f46j50.asm
               PPSCONbits   0x000eff       data     extern D:\3.43\pic18-lt\cxx-framework\src\traditional\proc\p18f46j50.asm
                      PR2   0x000fcb       data     extern D:\3.43\pic18-lt\cxx-framework\src\traditional\proc\p18f46j50.asm
                      PR4   0x000f77       data     extern D:\3.43\pic18-lt\cxx-framework\src\traditional\proc\p18f46j50.asm
                  PREINC0   0x000fec       data     extern D:\3.43\pic18-lt\cxx-framework\src\traditional\proc\p18f46j50.asm
                  PREINC1   0x000fe4       data     extern D:\3.43\pic18-lt\cxx-framework\src\traditional\proc\p18f46j50.asm
                  PREINC2   0x000fdc       data     extern D:\3.43\pic18-lt\cxx-framework\src\traditional\proc\p18f46j50.asm
                     PROD   0x000ff3       data     extern D:\3.43\pic18-lt\cxx-framework\src\traditional\proc\p18f46j50.asm
                    PRODH   0x000ff4       data     extern D:\3.43\pic18-lt\cxx-framework\src\traditional\proc\p18f46j50.asm
                    PRODL   0x000ff3       data     extern D:\3.43\pic18-lt\cxx-framework\src\traditional\proc\p18f46j50.asm
                 PSTR1CON   0x000fbf       data     extern D:\3.43\pic18-lt\cxx-framework\src\traditional\proc\p18f46j50.asm
             PSTR1CONbits   0x000fbf       data     extern D:\3.43\pic18-lt\cxx-framework\src\traditional\proc\p18f46j50.asm
                 PSTR2CON   0x000fb9       data     extern D:\3.43\pic18-lt\cxx-framework\src\traditional\proc\p18f46j50.asm
             PSTR2CONbits   0x000fb9       data     extern D:\3.43\pic18-lt\cxx-framework\src\traditional\proc\p18f46j50.asm
                  PWM1CON   0x000fbd       data     extern D:\3.43\pic18-lt\cxx-framework\src\traditional\proc\p18f46j50.asm
              PWM1CONbits   0x000fbd       data     extern D:\3.43\pic18-lt\cxx-framework\src\traditional\proc\p18f46j50.asm
                  PWM2CON   0x000fb7       data     extern D:\3.43\pic18-lt\cxx-framework\src\traditional\proc\p18f46j50.asm
              PWM2CONbits   0x000fb7       data     extern D:\3.43\pic18-lt\cxx-framework\src\traditional\proc\p18f46j50.asm
                 PenState   0x0001e9       data     static D:\Projects\eggbotcode\EBF.X\ebb.c
              QC_ms_timer   0x0001f1       data     extern D:\Projects\eggbotcode\EBF.X\ebb.c
                     RCON   0x000fd0       data     extern D:\3.43\pic18-lt\cxx-framework\src\traditional\proc\p18f46j50.asm
                 RCONbits   0x000fd0       data     extern D:\3.43\pic18-lt\cxx-framework\src\traditional\proc\p18f46j50.asm
                    RCREG   0x000faf       data     extern D:\3.43\pic18-lt\cxx-framework\src\traditional\proc\p18f46j50.asm
                   RCREG1   0x000faf       data     extern D:\3.43\pic18-lt\cxx-framework\src\traditional\proc\p18f46j50.asm
                   RCREG2   0x000faa       data     extern D:\3.43\pic18-lt\cxx-framework\src\traditional\proc\p18f46j50.asm
                    RCSTA   0x000fac       data     extern D:\3.43\pic18-lt\cxx-framework\src\traditional\proc\p18f46j50.asm
                   RCSTA1   0x000fac       data     extern D:\3.43\pic18-lt\cxx-framework\src\traditional\proc\p18f46j50.asm
               RCSTA1bits   0x000fac       data     extern D:\3.43\pic18-lt\cxx-framework\src\traditional\proc\p18f46j50.asm
                   RCSTA2   0x000f9c       data     extern D:\3.43\pic18-lt\cxx-framework\src\traditional\proc\p18f46j50.asm
               RCSTA2bits   0x000f9c       data     extern D:\3.43\pic18-lt\cxx-framework\src\traditional\proc\p18f46j50.asm
                RCSTAbits   0x000fac       data     extern D:\3.43\pic18-lt\cxx-framework\src\traditional\proc\p18f46j50.asm
                  REFOCON   0x000f3d       data     extern D:\3.43\pic18-lt\cxx-framework\src\traditional\proc\p18f46j50.asm
              REFOCONbits   0x000f3d       data     extern D:\3.43\pic18-lt\cxx-framework\src\traditional\proc\p18f46j50.asm
                   RPINR1   0x000ee7       data     extern D:\3.43\pic18-lt\cxx-framework\src\traditional\proc\p18f46j50.asm
                  RPINR12   0x000ef2       data     extern D:\3.43\pic18-lt\cxx-framework\src\traditional\proc\p18f46j50.asm
                  RPINR13   0x000ef3       data     extern D:\3.43\pic18-lt\cxx-framework\src\traditional\proc\p18f46j50.asm
                  RPINR16   0x000ef6       data     extern D:\3.43\pic18-lt\cxx-framework\src\traditional\proc\p18f46j50.asm
                  RPINR17   0x000ef7       data     extern D:\3.43\pic18-lt\cxx-framework\src\traditional\proc\p18f46j50.asm
                   RPINR2   0x000ee8       data     extern D:\3.43\pic18-lt\cxx-framework\src\traditional\proc\p18f46j50.asm
                  RPINR21   0x000efb       data     extern D:\3.43\pic18-lt\cxx-framework\src\traditional\proc\p18f46j50.asm
                  RPINR22   0x000efc       data     extern D:\3.43\pic18-lt\cxx-framework\src\traditional\proc\p18f46j50.asm
                  RPINR23   0x000efd       data     extern D:\3.43\pic18-lt\cxx-framework\src\traditional\proc\p18f46j50.asm
                  RPINR24   0x000efe       data     extern D:\3.43\pic18-lt\cxx-framework\src\traditional\proc\p18f46j50.asm
                   RPINR3   0x000ee9       data     extern D:\3.43\pic18-lt\cxx-framework\src\traditional\proc\p18f46j50.asm
                   RPINR4   0x000eea       data     extern D:\3.43\pic18-lt\cxx-framework\src\traditional\proc\p18f46j50.asm
                   RPINR6   0x000eec       data     extern D:\3.43\pic18-lt\cxx-framework\src\traditional\proc\p18f46j50.asm
                   RPINR7   0x000eed       data     extern D:\3.43\pic18-lt\cxx-framework\src\traditional\proc\p18f46j50.asm
                   RPINR8   0x000eee       data     extern D:\3.43\pic18-lt\cxx-framework\src\traditional\proc\p18f46j50.asm
                    RPOR0   0x000ec6       data     extern D:\3.43\pic18-lt\cxx-framework\src\traditional\proc\p18f46j50.asm
                    RPOR1   0x000ec7       data     extern D:\3.43\pic18-lt\cxx-framework\src\traditional\proc\p18f46j50.asm
                   RPOR10   0x000ed0       data     extern D:\3.43\pic18-lt\cxx-framework\src\traditional\proc\p18f46j50.asm
                   RPOR11   0x000ed1       data     extern D:\3.43\pic18-lt\cxx-framework\src\traditional\proc\p18f46j50.asm
                   RPOR12   0x000ed2       data     extern D:\3.43\pic18-lt\cxx-framework\src\traditional\proc\p18f46j50.asm
                   RPOR13   0x000ed3       data     extern D:\3.43\pic18-lt\cxx-framework\src\traditional\proc\p18f46j50.asm
                   RPOR17   0x000ed7       data     extern D:\3.43\pic18-lt\cxx-framework\src\traditional\proc\p18f46j50.asm
                   RPOR18   0x000ed8       data     extern D:\3.43\pic18-lt\cxx-framework\src\traditional\proc\p18f46j50.asm
                   RPOR19   0x000ed9       data     extern D:\3.43\pic18-lt\cxx-framework\src\traditional\proc\p18f46j50.asm
                    RPOR2   0x000ec8       data     extern D:\3.43\pic18-lt\cxx-framework\src\traditional\proc\p18f46j50.asm
                   RPOR20   0x000eda       data     extern D:\3.43\pic18-lt\cxx-framework\src\traditional\proc\p18f46j50.asm
                   RPOR21   0x000edb       data     extern D:\3.43\pic18-lt\cxx-framework\src\traditional\proc\p18f46j50.asm
                   RPOR22   0x000edc       data     extern D:\3.43\pic18-lt\cxx-framework\src\traditional\proc\p18f46j50.asm
                   RPOR23   0x000edd       data     extern D:\3.43\pic18-lt\cxx-framework\src\traditional\proc\p18f46j50.asm
                   RPOR24   0x000ede       data     extern D:\3.43\pic18-lt\cxx-framework\src\traditional\proc\p18f46j50.asm
                    RPOR3   0x000ec9       data     extern D:\3.43\pic18-lt\cxx-framework\src\traditional\proc\p18f46j50.asm
                    RPOR4   0x000eca       data     extern D:\3.43\pic18-lt\cxx-framework\src\traditional\proc\p18f46j50.asm
                    RPOR5   0x000ecb       data     extern D:\3.43\pic18-lt\cxx-framework\src\traditional\proc\p18f46j50.asm
                    RPOR6   0x000ecc       data     extern D:\3.43\pic18-lt\cxx-framework\src\traditional\proc\p18f46j50.asm
                    RPOR7   0x000ecd       data     extern D:\3.43\pic18-lt\cxx-framework\src\traditional\proc\p18f46j50.asm
                    RPOR8   0x000ece       data     extern D:\3.43\pic18-lt\cxx-framework\src\traditional\proc\p18f46j50.asm
                    RPOR9   0x000ecf       data     extern D:\3.43\pic18-lt\cxx-framework\src\traditional\proc\p18f46j50.asm
                   RPnBit   0x0005c8       data     extern D:\Projects\eggbotcode\EBF.X\UBW.c
               RPnLATPort   0x000596       data     extern D:\Projects\eggbotcode\EBF.X\UBW.c
              RPnTRISPort   0x000564       data     extern D:\Projects\eggbotcode\EBF.X\UBW.c
                   RTCCAL   0x000f3e       data     extern D:\3.43\pic18-lt\cxx-framework\src\traditional\proc\p18f46j50.asm
[...]
               TXSTA2bits   0x000fa8       data     extern D:\3.43\pic18-lt\cxx-framework\src\traditional\proc\p18f46j50.asm
                   TXSTA2   0x000fa8       data     extern D:\3.43\pic18-lt\cxx-framework\src\traditional\proc\p18f46j50.asm
                   TXREG2   0x000fa9       data     extern D:\3.43\pic18-lt\cxx-framework\src\traditional\proc\p18f46j50.asm
                   RCREG2   0x000faa       data     extern D:\3.43\pic18-lt\cxx-framework\src\traditional\proc\p18f46j50.asm
                   SPBRG2   0x000fab       data     extern D:\3.43\pic18-lt\cxx-framework\src\traditional\proc\p18f46j50.asm
                RCSTAbits   0x000fac       data     extern D:\3.43\pic18-lt\cxx-framework\src\traditional\proc\p18f46j50.asm
               RCSTA1bits   0x000fac       data     extern D:\3.43\pic18-lt\cxx-framework\src\traditional\proc\p18f46j50.asm
                   RCSTA1   0x000fac       data     extern D:\3.43\pic18-lt\cxx-framework\src\traditional\proc\p18f46j50.asm
                    RCSTA   0x000fac       data     extern D:\3.43\pic18-lt\cxx-framework\src\traditional\proc\p18f46j50.asm
                    TXSTA   0x000fad       data     extern D:\3.43\pic18-lt\cxx-framework\src\traditional\proc\p18f46j50.asm
                   TXSTA1   0x000fad       data     extern D:\3.43\pic18-lt\cxx-framework\src\traditional\proc\p18f46j50.asm
               TXSTA1bits   0x000fad       data     extern D:\3.43\pic18-lt\cxx-framework\src\traditional\proc\p18f46j50.asm
                TXSTAbits   0x000fad       data     extern D:\3.43\pic18-lt\cxx-framework\src\traditional\proc\p18f46j50.asm
                    TXREG   0x000fae       data     extern D:\3.43\pic18-lt\cxx-framework\src\traditional\proc\p18f46j50.asm
                   TXREG1   0x000fae       data     extern D:\3.43\pic18-lt\cxx-framework\src\traditional\proc\p18f46j50.asm
                    RCREG   0x000faf       data     extern D:\3.43\pic18-lt\cxx-framework\src\traditional\proc\p18f46j50.asm
                   RCREG1   0x000faf       data     extern D:\3.43\pic18-lt\cxx-framework\src\traditional\proc\p18f46j50.asm
                    SPBRG   0x000fb0       data     extern D:\3.43\pic18-lt\cxx-framework\src\traditional\proc\p18f46j50.asm
                   SPBRG1   0x000fb0       data     extern D:\3.43\pic18-lt\cxx-framework\src\traditional\proc\p18f46j50.asm
             CTMUICONbits   0x000fb1       data     extern D:\3.43\pic18-lt\cxx-framework\src\traditional\proc\p18f46j50.asm
                 CTMUICON   0x000fb1       data     extern D:\3.43\pic18-lt\cxx-framework\src\traditional\proc\p18f46j50.asm
             CTMUCONLbits   0x000fb2       data     extern D:\3.43\pic18-lt\cxx-framework\src\traditional\proc\p18f46j50.asm
                 CTMUCONL   0x000fb2       data     extern D:\3.43\pic18-lt\cxx-framework\src\traditional\proc\p18f46j50.asm
             CTMUCONHbits   0x000fb3       data     extern D:\3.43\pic18-lt\cxx-framework\src\traditional\proc\p18f46j50.asm
                 CTMUCONH   0x000fb3       data     extern D:\3.43\pic18-lt\cxx-framework\src\traditional\proc\p18f46j50.asm
                 ECCP2CON   0x000fb4       data     extern D:\3.43\pic18-lt\cxx-framework\src\traditional\proc\p18f46j50.asm
             ECCP2CONbits   0x000fb4       data     extern D:\3.43\pic18-lt\cxx-framework\src\traditional\proc\p18f46j50.asm
              CCP2CONbits   0x000fb4       data     extern D:\3.43\pic18-lt\cxx-framework\src\traditional\proc\p18f46j50.asm
                  CCP2CON   0x000fb4       data     extern D:\3.43\pic18-lt\cxx-framework\src\traditional\proc\p18f46j50.asm
                   CCPR2L   0x000fb5       data     extern D:\3.43\pic18-lt\cxx-framework\src\traditional\proc\p18f46j50.asm
                    CCPR2   0x000fb5       data     extern D:\3.43\pic18-lt\cxx-framework\src\traditional\proc\p18f46j50.asm
                   CCPR2H   0x000fb6       data     extern D:\3.43\pic18-lt\cxx-framework\src\traditional\proc\p18f46j50.asm
             ECCP2DELbits   0x000fb7       data     extern D:\3.43\pic18-lt\cxx-framework\src\traditional\proc\p18f46j50.asm
                 ECCP2DEL   0x000fb7       data     extern D:\3.43\pic18-lt\cxx-framework\src\traditional\proc\p18f46j50.asm
                  PWM2CON   0x000fb7       data     extern D:\3.43\pic18-lt\cxx-framework\src\traditional\proc\p18f46j50.asm
              PWM2CONbits   0x000fb7       data     extern D:\3.43\pic18-lt\cxx-framework\src\traditional\proc\p18f46j50.asm
              ECCP2ASbits   0x000fb8       data     extern D:\3.43\pic18-lt\cxx-framework\src\traditional\proc\p18f46j50.asm
                  ECCP2AS   0x000fb8       data     extern D:\3.43\pic18-lt\cxx-framework\src\traditional\proc\p18f46j50.asm
             PSTR2CONbits   0x000fb9       data     extern D:\3.43\pic18-lt\cxx-framework\src\traditional\proc\p18f46j50.asm
                 PSTR2CON   0x000fb9       data     extern D:\3.43\pic18-lt\cxx-framework\src\traditional\proc\p18f46j50.asm
                 ECCP1CON   0x000fba       data     extern D:\3.43\pic18-lt\cxx-framework\src\traditional\proc\p18f46j50.asm
             ECCP1CONbits   0x000fba       data     extern D:\3.43\pic18-lt\cxx-framework\src\traditional\proc\p18f46j50.asm
              CCP1CONbits   0x000fba       data     extern D:\3.43\pic18-lt\cxx-framework\src\traditional\proc\p18f46j50.asm
                  CCP1CON   0x000fba       data     extern D:\3.43\pic18-lt\cxx-framework\src\traditional\proc\p18f46j50.asm
                   CCPR1L   0x000fbb       data     extern D:\3.43\pic18-lt\cxx-framework\src\traditional\proc\p18f46j50.asm
                    CCPR1   0x000fbb       data     extern D:\3.43\pic18-lt\cxx-framework\src\traditional\proc\p18f46j50.asm
                   CCPR1H   0x000fbc       data     extern D:\3.43\pic18-lt\cxx-framework\src\traditional\proc\p18f46j50.asm
              PWM1CONbits   0x000fbd       data     extern D:\3.43\pic18-lt\cxx-framework\src\traditional\proc\p18f46j50.asm
                  PWM1CON   0x000fbd       data     extern D:\3.43\pic18-lt\cxx-framework\src\traditional\proc\p18f46j50.asm
                 ECCP1DEL   0x000fbd       data     extern D:\3.43\pic18-lt\cxx-framework\src\traditional\proc\p18f46j50.asm
             ECCP1DELbits   0x000fbd       data     extern D:\3.43\pic18-lt\cxx-framework\src\traditional\proc\p18f46j50.asm
              ECCP1ASbits   0x000fbe       data     extern D:\3.43\pic18-lt\cxx-framework\src\traditional\proc\p18f46j50.asm
                  ECCP1AS   0x000fbe       data     extern D:\3.43\pic18-lt\cxx-framework\src\traditional\proc\p18f46j50.asm
                 PSTR1CON   0x000fbf       data     extern D:\3.43\pic18-lt\cxx-framework\src\traditional\proc\p18f46j50.asm
             PSTR1CONbits   0x000fbf       data     extern D:\3.43\pic18-lt\cxx-framework\src\traditional\proc\p18f46j50.asm
               WDTCONbits   0x000fc0       data     extern D:\3.43\pic18-lt\cxx-framework\src\traditional\proc\p18f46j50.asm
                   WDTCON   0x000fc0       data     extern D:\3.43\pic18-lt\cxx-framework\src\traditional\proc\p18f46j50.asm
               ADCON1bits   0x000fc1       data     extern D:\3.43\pic18-lt\cxx-framework\src\traditional\proc\p18f46j50.asm
                   ADCON1   0x000fc1       data     extern D:\3.43\pic18-lt\cxx-framework\src\traditional\proc\p18f46j50.asm
               ADCON0bits   0x000fc2       data     extern D:\3.43\pic18-lt\cxx-framework\src\traditional\proc\p18f46j50.asm
                   ADCON0   0x000fc2       data     extern D:\3.43\pic18-lt\cxx-framework\src\traditional\proc\p18f46j50.asm
                    ADRES   0x000fc3       data     extern D:\3.43\pic18-lt\cxx-framework\src\traditional\proc\p18f46j50.asm
                   ADRESL   0x000fc3       data     extern D:\3.43\pic18-lt\cxx-framework\src\traditional\proc\p18f46j50.asm
                   ADRESH   0x000fc4       data     extern D:\3.43\pic18-lt\cxx-framework\src\traditional\proc\p18f46j50.asm
                  SSPCON2   0x000fc5       data     extern D:\3.43\pic18-lt\cxx-framework\src\traditional\proc\p18f46j50.asm
                 SSP1CON2   0x000fc5       data     extern D:\3.43\pic18-lt\cxx-framework\src\traditional\proc\p18f46j50.asm
             SSP1CON2bits   0x000fc5       data     extern D:\3.43\pic18-lt\cxx-framework\src\traditional\proc\p18f46j50.asm
              SSPCON2bits   0x000fc5       data     extern D:\3.43\pic18-lt\cxx-framework\src\traditional\proc\p18f46j50.asm
              SSPCON1bits   0x000fc6       data     extern D:\3.43\pic18-lt\cxx-framework\src\traditional\proc\p18f46j50.asm
                  SSPCON1   0x000fc6       data     extern D:\3.43\pic18-lt\cxx-framework\src\traditional\proc\p18f46j50.asm
             SSP1CON1bits   0x000fc6       data     extern D:\3.43\pic18-lt\cxx-framework\src\traditional\proc\p18f46j50.asm
                 SSP1CON1   0x000fc6       data     extern D:\3.43\pic18-lt\cxx-framework\src\traditional\proc\p18f46j50.asm
                 SSP1STAT   0x000fc7       data     extern D:\3.43\pic18-lt\cxx-framework\src\traditional\proc\p18f46j50.asm
             SSP1STATbits   0x000fc7       data     extern D:\3.43\pic18-lt\cxx-framework\src\traditional\proc\p18f46j50.asm
                  SSPSTAT   0x000fc7       data     extern D:\3.43\pic18-lt\cxx-framework\src\traditional\proc\p18f46j50.asm
              SSPSTATbits   0x000fc7       data     extern D:\3.43\pic18-lt\cxx-framework\src\traditional\proc\p18f46j50.asm
               SSPADDbits   0x000fc8       data     extern D:\3.43\pic18-lt\cxx-framework\src\traditional\proc\p18f46j50.asm
                   SSPADD   0x000fc8       data     extern D:\3.43\pic18-lt\cxx-framework\src\traditional\proc\p18f46j50.asm
                  SSP1ADD   0x000fc8       data     extern D:\3.43\pic18-lt\cxx-framework\src\traditional\proc\p18f46j50.asm
              SSP1ADDbits   0x000fc8       data     extern D:\3.43\pic18-lt\cxx-framework\src\traditional\proc\p18f46j50.asm
                  SSP1BUF   0x000fc9       data     extern D:\3.43\pic18-lt\cxx-framework\src\traditional\proc\p18f46j50.asm
                   SSPBUF   0x000fc9       data     extern D:\3.43\pic18-lt\cxx-framework\src\traditional\proc\p18f46j50.asm
                T2CONbits   0x000fca       data     extern D:\3.43\pic18-lt\cxx-framework\src\traditional\proc\p18f46j50.asm
                    T2CON   0x000fca       data     extern D:\3.43\pic18-lt\cxx-framework\src\traditional\proc\p18f46j50.asm
                      PR2   0x000fcb       data     extern D:\3.43\pic18-lt\cxx-framework\src\traditional\proc\p18f46j50.asm
                     TMR2   0x000fcc       data     extern D:\3.43\pic18-lt\cxx-framework\src\traditional\proc\p18f46j50.asm
                    T1CON   0x000fcd       data     extern D:\3.43\pic18-lt\cxx-framework\src\traditional\proc\p18f46j50.asm
                T1CONbits   0x000fcd       data     extern D:\3.43\pic18-lt\cxx-framework\src\traditional\proc\p18f46j50.asm
                    TMR1L   0x000fce       data     extern D:\3.43\pic18-lt\cxx-framework\src\traditional\proc\p18f46j50.asm
                    TMR1H   0x000fcf       data     extern D:\3.43\pic18-lt\cxx-framework\src\traditional\proc\p18f46j50.asm
                     RCON   0x000fd0       data     extern D:\3.43\pic18-lt\cxx-framework\src\traditional\proc\p18f46j50.asm
                 RCONbits   0x000fd0       data     extern D:\3.43\pic18-lt\cxx-framework\src\traditional\proc\p18f46j50.asm
               CM2CONbits   0x000fd1       data     extern D:\3.43\pic18-lt\cxx-framework\src\traditional\proc\p18f46j50.asm
              CM2CON1bits   0x000fd1       data     extern D:\3.43\pic18-lt\cxx-framework\src\traditional\proc\p18f46j50.asm
                  CM2CON1   0x000fd1       data     extern D:\3.43\pic18-lt\cxx-framework\src\traditional\proc\p18f46j50.asm
                   CM2CON   0x000fd1       data     extern D:\3.43\pic18-lt\cxx-framework\src\traditional\proc\p18f46j50.asm
               CM1CONbits   0x000fd2       data     extern D:\3.43\pic18-lt\cxx-framework\src\traditional\proc\p18f46j50.asm
              CM1CON1bits   0x000fd2       data     extern D:\3.43\pic18-lt\cxx-framework\src\traditional\proc\p18f46j50.asm
                  CM1CON1   0x000fd2       data     extern D:\3.43\pic18-lt\cxx-framework\src\traditional\proc\p18f46j50.asm
                   CM1CON   0x000fd2       data     extern D:\3.43\pic18-lt\cxx-framework\src\traditional\proc\p18f46j50.asm
                   OSCCON   0x000fd3       data     extern D:\3.43\pic18-lt\cxx-framework\src\traditional\proc\p18f46j50.asm
               OSCCONbits   0x000fd3       data     extern D:\3.43\pic18-lt\cxx-framework\src\traditional\proc\p18f46j50.asm
                    T0CON   0x000fd5       data     extern D:\3.43\pic18-lt\cxx-framework\src\traditional\proc\p18f46j50.asm
                T0CONbits   0x000fd5       data     extern D:\3.43\pic18-lt\cxx-framework\src\traditional\proc\p18f46j50.asm
                    TMR0L   0x000fd6       data     extern D:\3.43\pic18-lt\cxx-framework\src\traditional\proc\p18f46j50.asm
                    TMR0H   0x000fd7       data     extern D:\3.43\pic18-lt\cxx-framework\src\traditional\proc\p18f46j50.asm
               STATUSbits   0x000fd8       data     extern D:\3.43\pic18-lt\cxx-framework\src\traditional\proc\p18f46j50.asm
                   STATUS   0x000fd8       data     extern D:\3.43\pic18-lt\cxx-framework\src\traditional\proc\p18f46j50.asm
                    FSR2L   0x000fd9       data     extern D:\3.43\pic18-lt\cxx-framework\src\traditional\proc\p18f46j50.asm
                     FSR2   0x000fd9       data     extern D:\3.43\pic18-lt\cxx-framework\src\traditional\proc\p18f46j50.asm
                    FSR2H   0x000fda       data     extern D:\3.43\pic18-lt\cxx-framework\src\traditional\proc\p18f46j50.asm
                   PLUSW2   0x000fdb       data     extern D:\3.43\pic18-lt\cxx-framework\src\traditional\proc\p18f46j50.asm
                  PREINC2   0x000fdc       data     extern D:\3.43\pic18-lt\cxx-framework\src\traditional\proc\p18f46j50.asm
                 POSTDEC2   0x000fdd       data     extern D:\3.43\pic18-lt\cxx-framework\src\traditional\proc\p18f46j50.asm
                 POSTINC2   0x000fde       data     extern D:\3.43\pic18-lt\cxx-framework\src\traditional\proc\p18f46j50.asm
                    INDF2   0x000fdf       data     extern D:\3.43\pic18-lt\cxx-framework\src\traditional\proc\p18f46j50.asm
                      BSR   0x000fe0       data     extern D:\3.43\pic18-lt\cxx-framework\src\traditional\proc\p18f46j50.asm
                    FSR1L   0x000fe1       data     extern D:\3.43\pic18-lt\cxx-framework\src\traditional\proc\p18f46j50.asm
                     FSR1   0x000fe1       data     extern D:\3.43\pic18-lt\cxx-framework\src\traditional\proc\p18f46j50.asm
                    FSR1H   0x000fe2       data     extern D:\3.43\pic18-lt\cxx-framework\src\traditional\proc\p18f46j50.asm
                   PLUSW1   0x000fe3       data     extern D:\3.43\pic18-lt\cxx-framework\src\traditional\proc\p18f46j50.asm
                  PREINC1   0x000fe4       data     extern D:\3.43\pic18-lt\cxx-framework\src\traditional\proc\p18f46j50.asm
                 POSTDEC1   0x000fe5       data     extern D:\3.43\pic18-lt\cxx-framework\src\traditional\proc\p18f46j50.asm
                 POSTINC1   0x000fe6       data     extern D:\3.43\pic18-lt\cxx-framework\src\traditional\proc\p18f46j50.asm
                    INDF1   0x000fe7       data     extern D:\3.43\pic18-lt\cxx-framework\src\traditional\proc\p18f46j50.asm
                     WREG   0x000fe8       data     extern D:\3.43\pic18-lt\cxx-framework\src\traditional\proc\p18f46j50.asm
                    FSR0L   0x000fe9       data     extern D:\3.43\pic18-lt\cxx-framework\src\traditional\proc\p18f46j50.asm
                     FSR0   0x000fe9       data     extern D:\3.43\pic18-lt\cxx-framework\src\traditional\proc\p18f46j50.asm
                    FSR0H   0x000fea       data     extern D:\3.43\pic18-lt\cxx-framework\src\traditional\proc\p18f46j50.asm
                   PLUSW0   0x000feb       data     extern D:\3.43\pic18-lt\cxx-framework\src\traditional\proc\p18f46j50.asm
                  PREINC0   0x000fec       data     extern D:\3.43\pic18-lt\cxx-framework\src\traditional\proc\p18f46j50.asm
                 POSTDEC0   0x000fed       data     extern D:\3.43\pic18-lt\cxx-framework\src\traditional\proc\p18f46j50.asm
                 POSTINC0   0x000fee       data     extern D:\3.43\pic18-lt\cxx-framework\src\traditional\proc\p18f46j50.asm
                    INDF0   0x000fef       data     extern D:\3.43\pic18-lt\cxx-framework\src\traditional\proc\p18f46j50.asm
              INTCON3bits   0x000ff0       data     extern D:\3.43\pic18-lt\cxx-framework\src\traditional\proc\p18f46j50.asm
                  INTCON3   0x000ff0       data     extern D:\3.43\pic18-lt\cxx-framework\src\traditional\proc\p18f46j50.asm
              INTCON2bits   0x000ff1       data     extern D:\3.43\pic18-lt\cxx-framework\src\traditional\proc\p18f46j50.asm
                  INTCON2   0x000ff1       data     extern D:\3.43\pic18-lt\cxx-framework\src\traditional\proc\p18f46j50.asm
               INTCONbits   0x000ff2       data     extern D:\3.43\pic18-lt\cxx-framework\src\traditional\proc\p18f46j50.asm
                   INTCON   0x000ff2       data     extern D:\3.43\pic18-lt\cxx-framework\src\traditional\proc\p18f46j50.asm
                     PROD   0x000ff3       data     extern D:\3.43\pic18-lt\cxx-framework\src\traditional\proc\p18f46j50.asm
                    PRODL   0x000ff3       data     extern D:\3.43\pic18-lt\cxx-framework\src\traditional\proc\p18f46j50.asm
                    PRODH   0x000ff4       data     extern D:\3.43\pic18-lt\cxx-framework\src\traditional\proc\p18f46j50.asm
                   TABLAT   0x000ff5       data     extern D:\3.43\pic18-lt\cxx-framework\src\traditional\proc\p18f46j50.asm
                   TBLPTR   0x000ff6       data     extern D:\3.43\pic18-lt\cxx-framework\src\traditional\proc\p18f46j50.asm
                  TBLPTRL   0x000ff6       data     extern D:\3.43\pic18-lt\cxx-framework\src\traditional\proc\p18f46j50.asm
                  TBLPTRH   0x000ff7       data     extern D:\3.43\pic18-lt\cxx-framework\src\traditional\proc\p18f46j50.asm
                  TBLPTRU   0x000ff8       data     extern D:\3.43\pic18-lt\cxx-framework\src\traditional\proc\p18f46j50.asm
                      PCL   0x000ff9       data     extern D:\3.43\pic18-lt\cxx-framework\src\traditional\proc\p18f46j50.asm
                       PC   0x000ff9       data     extern D:\3.43\pic18-lt\cxx-framework\src\traditional\proc\p18f46j50.asm
                   PCLATH   0x000ffa       data     extern D:\3.43\pic18-lt\cxx-framework\src\traditional\proc\p18f46j50.asm
                   PCLATU   0x000ffb       data     extern D:\3.43\pic18-lt\cxx-framework\src\traditional\proc\p18f46j50.asm
                   STKPTR   0x000ffc       data     extern D:\3.43\pic18-lt\cxx-framework\src\traditional\proc\p18f46j50.asm
               STKPTRbits   0x000ffc       data     extern D:\3.43\pic18-lt\cxx-framework\src\traditional\proc\p18f46j50.asm
                      TOS   0x000ffd       data     extern D:\3.43\pic18-lt\cxx-framework\src\traditional\proc\p18f46j50.asm
                     TOSL   0x000ffd       data     extern D:\3.43\pic18-lt\cxx-framework\src\traditional\proc\p18f46j50.asm
                     TOSH   0x000ffe       data     extern D:\3.43\pic18-lt\cxx-framework\src\traditional\proc\p18f46j50.asm
                     TOSU   0x000fff       data     extern D:\3.43\pic18-lt\cxx-framework\src\traditional\proc\p18f46j50.asm


